
Discarded input sections

 .text          0x00000000        0x0 gor_00.o
 .data          0x00000000        0x0 gor_00.o
 .bss           0x00000000        0x0 gor_00.o
 .text          0x00000000        0x0 gor_01.o
 .data          0x00000000        0x0 gor_01.o
 .bss           0x00000000        0x0 gor_01.o
 .text          0x00000000        0x0 gor_02.o
 .data          0x00000000        0x0 gor_02.o
 .bss           0x00000000        0x0 gor_02.o
 .text          0x00000000        0x0 gor_03.o
 .data          0x00000000        0x0 gor_03.o
 .bss           0x00000000        0x0 gor_03.o
 .text          0x00000000        0x0 gor_04.o
 .data          0x00000000        0x0 gor_04.o
 .bss           0x00000000        0x0 gor_04.o
 .text          0x00000000        0x0 gor_misc.o
 .data          0x00000000        0x0 gor_misc.o
 .bss           0x00000000        0x0 gor_misc.o
 .text          0x00000000        0x0 main.o
 .data          0x00000000        0x0 main.o
 .bss           0x00000000        0x0 main.o
 .text          0x00000000        0x0 cxx.o
 .data          0x00000000        0x0 cxx.o
 .bss           0x00000000        0x0 cxx.o
 .text._Z11allocMemoryj
                0x00000000        0xc cxx.o
 .text._Z10freeMemoryPv
                0x00000000        0xc cxx.o
 .text          0x00000000        0x0 patch.o
 .data          0x00000000        0x0 patch.o
 .bss           0x00000000        0x0 patch.o
 .text._ZN3mod5patch15replaceEvtInstrEPit
                0x00000000        0x8 patch.o
 .text._ZN3mod5patch11writeBranchEPvS1_
                0x00000000        0x8 patch.o
 .text._ZN3mod5patch21writeStandardBranchesEPvS1_S1_
                0x00000000       0x3c patch.o
 .text._ZN3mod5patch10writePatchEPvPKvS3_
                0x00000000        0x8 patch.o
 .text._ZN3mod5patch10writePatchEPvj
                0x00000000       0x2c patch.o
 .text._ZN3mod5patch15writeBranchPairEPvS1_S1_S1_
                0x00000000       0x40 patch.o
 .text._ZN3mod5patch15writeBranchPairEPvS1_S1_
                0x00000000       0x3c patch.o
 .text._ZN3mod5patch17writeIntWithCacheEPvj
                0x00000000        0xc patch.o
 .text          0x00000000        0x0 rel.o
 .data          0x00000000        0x0 rel.o
 .bss           0x00000000        0x0 rel.o
 .text          0x00000000       0x58 restfpr_x.o
 .data          0x00000000        0x0 restfpr_x.o
 .bss           0x00000000        0x0 restfpr_x.o
 .data          0x00000000        0x0 restgpr_x.o
 .bss           0x00000000        0x0 restgpr_x.o

Memory Configuration

Name             Origin             Length             Attributes
*default*        0x00000000         0xffffffff

Linker script and memory map

                0x80003100                        . = 0x80003100

.init
 *crt0.o(*.init)
 *(.init)

.plt
 *(.plt)

.interp
 *(.interp)

.hash
 *(.hash)

.dynsym
 *(.dynsym)

.dynstr
 *(.dynstr)

.gnu.version
 *(.gnu.version)

.gnu.version_d
 *(.gnu.version_d)

.gnu.version_r
 *(.gnu.version_r)

.rel.init
 *(.rel.init)

.rela.init
 *(.rela.init)

.rel.text
 *(.rel.text .rel.text.* .rel.gnu.linkonce.t.*)

.rela.text
 *(.rela.text .rela.text.* .rela.gnu.linkonce.t.*)

.rel.fini
 *(.rel.fini)

.rela.fini
 *(.rela.fini)

.rel.rodata
 *(.rel.rodata .rel.rodata.* .rel.gnu.linkonce.r.*)

.rela.rodata
 *(.rela.rodata .rela.rodata.* .rela.gnu.linkonce.r.*)

.rel.data
 *(.rel.data .rel.data.* .rel.gnu.linkonce.d.*)

.rela.data
 *(.rela.data .rela.data.* .rela.gnu.linkonce.d.*)

.rel.tdata
 *(.rel.tdata .rel.tdata.* .rel.gnu.linkonce.td.*)

.rela.tdata
 *(.rela.tdata .rela.tdata.* .rela.gnu.linkonce.td.*)

.rel.tbss
 *(.rel.tbss .rel.tbss.* .rel.gnu.linkonce.tb.*)

.rela.tbss
 *(.rela.tbss .rela.tbss.* .rela.gnu.linkonce.tb.*)

.rel.ctors
 *(.rel.ctors)

.rela.ctors
 *(.rela.ctors)

.rel.dtors
 *(.rel.dtors)

.rela.dtors
 *(.rela.dtors)

.rel.got
 *(.rel.got)

.rela.got
 *(.rela.got)

.rela.got1
 *(.rela.got1)

.rela.got2
 *(.rela.got2)

.rel.sdata
 *(.rel.sdata .rel.sdata.* .rel.gnu.linkonce.s.*)

.rela.sdata
 *(.rela.sdata .rela.sdata.* .rela.gnu.linkonce.s.*)

.rel.sbss
 *(.rel.sbss .rel.sbss.* .rel.gnu.linkonce.sb.*)

.rela.sbss
 *(.rela.sbss .rela.sbss.* .rel.gnu.linkonce.sb.*)

.rel.sdata2
 *(.rel.sdata2 .rel.sdata2.* .rel.gnu.linkonce.s2.*)

.rela.sdata2
 *(.rela.sdata2 .rela.sdata2.* .rela.gnu.linkonce.s2.*)

.rel.sbss2
 *(.rel.sbss2 .rel.sbss2.* .rel.gnu.linkonce.sb2.*)

.rela.sbss2
 *(.rela.sbss2 .rela.sbss2.* .rela.gnu.linkonce.sb2.*)

.rel.bss
 *(.rel.bss .rel.bss.* .rel.gnu.linkonce.b.*)

.rela.bss
 *(.rela.bss .rela.bss.* .rela.gnu.linkonce.b.*)

.rel.plt
 *(.rel.plt)

.rela.plt
 *(.rela.plt)

.text           0x80003100     0x1720
 *(.text)
 .text          0x80003100       0x58 restgpr_x.o
                0x80003100                _restgpr_14_x
                0x80003104                _restgpr_15_x
                0x80003108                _restgpr_16_x
                0x8000310c                _restgpr_17_x
                0x80003110                _restgpr_18_x
                0x80003114                _restgpr_19_x
                0x80003118                _restgpr_20_x
                0x8000311c                _restgpr_21_x
                0x80003120                _restgpr_22_x
                0x80003124                _restgpr_23_x
                0x80003128                _restgpr_24_x
                0x8000312c                _restgpr_25_x
                0x80003130                _restgpr_26_x
                0x80003134                _restgpr_27_x
                0x80003138                _restgpr_28_x
                0x8000313c                _restgpr_29_x
                0x80003140                _restgpr_30_x
                0x80003144                _restgpr_31_x
 *(.text.*)
 .text._Z17ApplyGor00Patchesv
                0x80003158      0x5cc gor_00.o
                0x80003158                _Z17ApplyGor00Patchesv
 .text._Z17ApplyGor01Patchesv
                0x80003724      0x410 gor_01.o
                0x80003724                _Z17ApplyGor01Patchesv
 .text._Z17ApplyGor02Patchesv
                0x80003b34      0x3fc gor_02.o
                0x80003b34                _Z17ApplyGor02Patchesv
 .text._Z17ApplyGor03Patchesv
                0x80003f30      0x478 gor_03.o
                0x80003f30                _Z17ApplyGor03Patchesv
 .text._Z17ApplyGor04Patchesv
                0x800043a8      0x170 gor_04.o
                0x800043a8                _Z17ApplyGor04Patchesv
 .text._Z19ApplyGorMiscPatchesv
                0x80004518      0x14c gor_misc.o
                0x80004518                _Z19ApplyGorMiscPatchesv
 .text.startup._ZN3mod4mainEv
                0x80004664       0x30 main.o
                0x80004664                _ZN3mod4mainEv
 .text._ZN3mod4exitEv
                0x80004694        0x4 main.o
                0x80004694                _ZN3mod4exitEv
 .text._ZN3mod5patch17clear_DC_IC_CacheEPvj
                0x80004698       0x3c patch.o
                0x80004698                _ZN3mod5patch17clear_DC_IC_CacheEPvj
 .text._ZN3mod5patch14writeEvtBranchEPiPKib
                0x800046d4       0x1c patch.o
                0x800046d4                _ZN3mod5patch14writeEvtBranchEPiPKib
 .text._ZN3mod5patch15writeBranchMainEPvS1_j
                0x800046f0       0x18 patch.o
                0x800046f0                _ZN3mod5patch15writeBranchMainEPvS1_j
 .text._ZN3mod5patch13writeBranchBLEPvS1_
                0x80004708        0xc patch.o
                0x80004708                _ZN3mod5patch13writeBranchBLEPvS1_
 .text._ZN3mod5patch10writePatchEPvPKvj
                0x80004714       0x5c patch.o
                0x80004714                _ZN3mod5patch10writePatchEPvPKvj
 .text._prolog  0x80004770       0x5c rel.o
                0x80004770                _prolog
 .text._epilog  0x800047cc       0x50 rel.o
                0x800047cc                _epilog
 .text._unresolved
                0x8000481c        0x4 rel.o
                0x8000481c                _unresolved
 *(.gnu.warning)
 *(.gnu.linkonce.t.*)
                0x80004820                        . = ALIGN (0x20)

.fini           0x80004820        0x0
 *(.fini)
                0x80004820                        . = ALIGN (0x20)
                [!provide]                        PROVIDE (__etext = .)
                [!provide]                        PROVIDE (_etext = .)
                [!provide]                        PROVIDE (etext = .)

.rodata         0x80004820     0x3211
 *(.rodata)
 *(.rodata.*)
 .rodata._ZL21gor_00_init_evt2_hook
                0x80004820       0x10 gor_00.o
 .rodata._ZL21gor_00_init_evt1_hook
                0x80004830       0x10 gor_00.o
 .rodata.str1.1
                0x80004840      0x2af gor_00.o
 *fill*         0x80004aef        0x1 
 .rodata._ZL16gor_00_init_evt2
                0x80004af0      0x2bc gor_00.o
 .rodata._ZL16gor_00_init_evt1
                0x80004dac      0x1f8 gor_00.o
 .rodata._ZL21suifubomb_c_talk_hook
                0x80004fa4       0x10 gor_00.o
 .rodata._ZL20suifubomb_c_talk_evt
                0x80004fb4       0xa0 gor_00.o
 .rodata._ZL21suifubomb_c_init_hook
                0x80005054       0x10 gor_00.o
 .rodata._ZL20suifubomb_c_init_evt
                0x80005064       0x40 gor_00.o
 .rodata._ZL18korutesu_init_hook
                0x800050a4       0x10 gor_00.o
 .rodata._ZL17korutesu_init_evt
                0x800050b4       0x58 gor_00.o
 .rodata._ZL20suifubomb_b_talk_evt
                0x8000510c       0xd4 gor_00.o
 .rodata._ZL21suifubomb_b_regl_hook
                0x800051e0       0x10 gor_00.o
 .rodata._ZL20suifubomb_b_regl_evt
                0x800051f0      0x120 gor_00.o
 .rodata._ZL20suifubomb_a_talk_evt
                0x80005310      0x150 gor_00.o
 .rodata._ZL21suifubomb_a_regl_hook
                0x80005460       0x10 gor_00.o
 .rodata._ZL20suifubomb_a_regl_evt
                0x80005470       0x90 gor_00.o
 .rodata._ZL21suifubomb_a_init_hook
                0x80005500       0x10 gor_00.o
 .rodata._ZL20suifubomb_a_init_evt
                0x80005510       0xc8 gor_00.o
 .rodata._ZL16suifu_b_talk_evt
                0x800055d8       0xd4 gor_00.o
 .rodata._ZL20luigi_npcEnt_00_hook
                0x800056ac       0x10 gor_00.o
 .rodata._ZL19luigi_npcEnt_00_evt
                0x800056bc       0x80 gor_00.o
 .rodata._ZL18luigi_init_00_hook
                0x8000573c       0x10 gor_00.o
 .rodata._ZL17luigi_init_00_evt
                0x8000574c       0x50 gor_00.o
 .rodata._ZL16mokorim_init_evt
                0x8000579c       0x30 gor_00.o
 .rodata._ZL17suifu_b_init_hook
                0x800057cc       0x10 gor_00.o
 .rodata._ZL16suifu_b_init_evt
                0x800057dc       0xc8 gor_00.o
 .rodata._ZL17suifu_a_regl_hook
                0x800058a4       0x10 gor_00.o
 .rodata._ZL16suifu_a_regl_evt
                0x800058b4       0x80 gor_00.o
 .rodata._ZL16suifu_a_talk_evt
                0x80005934       0xd4 gor_00.o
 .rodata._ZL19odoodo_ani_talk_evt
                0x80005a08       0x20 gor_00.o
 .rodata._ZL15odoodo_talk_evt
                0x80005a28      0x128 gor_00.o
 .rodata._ZL16odoodo_regl_hook
                0x80005b50       0x10 gor_00.o
 .rodata._ZL15odoodo_regl_evt
                0x80005b60       0x94 gor_00.o
 .rodata._ZL16odoodo_init_hook
                0x80005bf4       0x10 gor_00.o
 .rodata._ZL15odoodo_init_evt
                0x80005c04      0x114 gor_00.o
 .rodata._ZL17garawaru_talk_evt
                0x80005d18       0xb8 gor_00.o
 .rodata._ZL18garawaru_regl_hook
                0x80005dd0       0x10 gor_00.o
 .rodata._ZL17garawaru_regl_evt
                0x80005de0      0x120 gor_00.o
 .rodata._ZL18garawaru_init_hook
                0x80005f00       0x10 gor_00.o
 .rodata._ZL17garawaru_init_evt
                0x80005f10      0x140 gor_00.o
 .rodata._ZL7npcEnt2
                0x80006050        0x9 gor_00.o
 *fill*         0x80006059        0x3 
 .rodata._ZL6npcEnt
                0x8000605c        0x9 gor_00.o
 .rodata.str1.1
                0x80006065       0x9f gor_01.o
 .rodata._ZL15bomhei_talk_evt
                0x80006104       0x20 gor_01.o
 .rodata._ZL16chusan2_talk_evt
                0x80006124       0x20 gor_01.o
 .rodata._ZL16chusan1_talk_evt
                0x80006144       0x20 gor_01.o
 .rodata._ZL16kuribo3_talk_evt
                0x80006164       0x20 gor_01.o
 .rodata._ZL16kuribo2_talk_evt
                0x80006184       0x20 gor_01.o
 .rodata._ZL16kuribo1_talk_evt
                0x800061a4       0x20 gor_01.o
 .rodata._ZL15roten2_talk_evt
                0x800061c4       0x20 gor_01.o
 .rodata._ZL15roten1_talk_evt
                0x800061e4       0x20 gor_01.o
 .rodata._ZL19shoptender_talk_evt
                0x80006204       0x20 gor_01.o
 .rodata._ZL15kinoji_talk_evt
                0x80006224       0x20 gor_01.o
 .rodata._ZL19bottakuru_init_hook
                0x80006244       0x10 gor_01.o
 .rodata._ZL18bottakuru_init_evt
                0x80006254       0x70 gor_01.o
 .rodata._ZL18marco_init_01_hook
                0x800062c4       0x10 gor_01.o
 .rodata._ZL17marco_init_01_evt
                0x800062d4       0x40 gor_01.o
 .rodata._ZL20badgemaster_talk_evt
                0x80006314       0x20 gor_01.o
 .rodata._ZL15luigi_init_hook
                0x80006334       0x10 gor_02.o
 .rodata.str1.1
                0x80006344      0x22d gor_02.o
 *fill*         0x80006571        0x3 
 .rodata._ZL14luigi_init_evt
                0x80006574       0x4c gor_02.o
 .rodata._ZL20tozokudan2_talk_hook
                0x800065c0        0xc gor_02.o
 .rodata._ZL19tozokudan2_talk_evt
                0x800065cc      0x160 gor_02.o
 .rodata._ZL20tozokudan1_talk_hook
                0x8000672c        0xc gor_02.o
 .rodata._ZL19tozokudan1_talk_evt
                0x80006738      0x160 gor_02.o
 .rodata._ZL20kurihakase_init_hook
                0x80006898       0x10 gor_02.o
 .rodata._ZL19kurihakase_init_evt
                0x800068a8      0x294 gor_02.o
 .rodata._ZL19kurihakase_talk_evt
                0x80006b3c      0x2cc gor_02.o
 .rodata._ZL22evt_door_02_open_hook2
                0x80006e08       0x10 gor_02.o
 .rodata._ZL21evt_door_02_open_evt2
                0x80006e18       0xc4 gor_02.o
 .rodata._ZL21evt_door_02_open_hook
                0x80006edc       0x10 gor_02.o
 .rodata._ZL20evt_door_02_open_evt
                0x80006eec      0x184 gor_02.o
 .rodata._ZL21gor_02_init_evt2_hook
                0x80007070       0x10 gor_02.o
 .rodata._ZL16gor_02_init_evt2
                0x80007080       0xcc gor_02.o
 .rodata._ZL21gor_02_init_evt1_hook
                0x8000714c       0x10 gor_02.o
 .rodata._ZL16gor_02_init_evt1
                0x8000715c      0x138 gor_02.o
 .rodata._ZL16borodo2_talk_evt
                0x80007294       0x20 gor_02.o
 .rodata._ZL16borodo1_talk_evt
                0x800072b4       0x20 gor_02.o
 .rodata._ZL15roten3_talk_evt
                0x800072d4       0x20 gor_02.o
 .rodata._ZL16chusan3_talk_evt
                0x800072f4       0x20 gor_02.o
 .rodata._ZL16kuribo4_talk_evt
                0x80007314       0x20 gor_02.o
 .rodata._ZL20gor_03_init_evt_hook
                0x80007334       0x10 gor_03.o
 .rodata.str1.1
                0x80007344      0x100 gor_03.o
 .rodata._ZL19gor_03_init_evt_evt
                0x80007444      0x160 gor_03.o
 .rodata._ZL16maffia3_talk_evt
                0x800075a4       0x20 gor_03.o
 .rodata._ZL16maffia2_talk_evt
                0x800075c4      0x140 gor_03.o
 .rodata._ZL16maffia1_talk_evt
                0x80007704      0x140 gor_03.o
 .rodata._ZL26maffiaboss_casino_talk_evt
                0x80007844       0x20 gor_03.o
 .rodata._ZL26maffiaboss_talk_common_evt
                0x80007864      0x120 gor_03.o
 .rodata.str1.1
                0x80007984        0x7 gor_misc.o
 *fill*         0x8000798b        0x1 
 .rodata._ZL9party_evt
                0x8000798c       0x9c gor_misc.o
 .rodata._ZL9goombella
                0x80007a28        0x9 gor_misc.o
 *(.gnu.linkonce.r.*)

.rodata1
 *(.rodata1)

.sdata2         0x80007a31        0x0
                [!provide]                        PROVIDE (_SDA2_BASE_ = .)
 *(.sdata2)
 *(.sdata2.*)
 *(.gnu.linkonce.s2.*)

.sbss2
 *(.sbss2)
 *(.sbss2.*)
 *(.gnu.linkonce.sb2.*)
                0x80007a34                        . = ALIGN (0x4)
                [!provide]                        PROVIDE (__preinit_array_start = .)

.preinit_array
 *(.preinit_array)
                [!provide]                        PROVIDE (__preinit_array_end = .)
                [!provide]                        PROVIDE (__init_array_start = .)

.init_array
 *(.init_array)
                [!provide]                        PROVIDE (__init_array_end = .)
                [!provide]                        PROVIDE (__fini_array_start = .)

.fini_array
 *(.fini_array)
                [!provide]                        PROVIDE (__fini_array_end = .)

.data           0x80007a34        0xc
 *(.data)
 *(.data.*)
 *(.gnu.linkonce.d.*)
                0x80007a40                        . = ALIGN (0x20)
 *fill*         0x80007a34        0xc 

.data1
 *(.data1)

.tdata
 *(.tdata .tdata.* .gnu.linkonce.td.*)

.tbss
 *(.tbss .tbss.* .gnu.linkonce.tb.*)
 *(.tcommon)

.eh_frame       0x80007a40      0x318
 *(.eh_frame)
 .eh_frame      0x80007a40       0x60 gor_00.o
 .eh_frame      0x80007aa0       0x48 gor_01.o
 .eh_frame      0x80007ae8       0x50 gor_02.o
 .eh_frame      0x80007b38       0x50 gor_03.o
 .eh_frame      0x80007b88       0x34 gor_04.o
 .eh_frame      0x80007bbc       0x34 gor_misc.o
 .eh_frame      0x80007bf0       0x48 main.o
 .eh_frame      0x80007c38        0x0 cxx.o
                                 0x3c (size before relaxing)
 .eh_frame      0x80007c38       0xa4 patch.o
                                0x18c (size before relaxing)
 .eh_frame      0x80007cdc       0x7c rel.o

.gcc_except_table
 *(.gcc_except_table)

.fixup
 *(.fixup)

.got1
 *(.got1)

.got2
 *(.got2)

.dynamic
 *(.dynamic)

.ctors          0x80007d58        0x8
 *crtbegin.o(.ctors)
 *(EXCLUDE_FILE(*crtend.o) .ctors)
 *(SORT_BY_NAME(.ctors.*))
 *(.ctors)
                0x80007d60                        . = ALIGN (0x20)
 *fill*         0x80007d58        0x8 

.dtors          0x80007d60        0x0
 *crtbegin.o(.dtors)
 *(EXCLUDE_FILE(*crtend.o) .dtors)
 *(SORT_BY_NAME(.dtors.*))
 *(.dtors)
                0x80007d60                        . = ALIGN (0x20)

.jcr
 *(.jcr)

.got
 *(.got.plt)
 *(.got)

.sdata          0x80007d60        0x0
                [!provide]                        PROVIDE (_SDA_BASE_ = .)
 *(.sdata)
 *(.sdata.*)
 *(.gnu.linkonce.s.*)
                0x80007d60                        . = ALIGN (0x20)
                0x80007d60                        _edata = .
                [!provide]                        PROVIDE (edata = .)

.sbss           0x80007d60        0x0
                0x80007d60                        __sbss_start = .
                [!provide]                        PROVIDE (__sbss_start = .)
                [!provide]                        PROVIDE (___sbss_start = .)
 *(.dynsbss)
 *(.sbss)
 *(.sbss.*)
 *(.gnu.linkonce.sb.*)
 *(.scommon)
                [!provide]                        PROVIDE (__sbss_end = .)
                [!provide]                        PROVIDE (___sbss_end = .)
                0x80007d60                        . = ALIGN (0x20)
                0x80007d60                        __sbss_end = .

.bss            0x80007d60        0x0
                0x80007d60                        __bss_start = .
                [!provide]                        PROVIDE (__bss_start = .)
 *(.dynbss)
 *(.bss)
 *(.bss.*)
 *(.gnu.linkonce.b.*)
 *(COMMON)
                0x80007d60                        . = ALIGN (0x20)
                [!provide]                        PROVIDE (__bss_end = .)
                0x80007d60                        __bss_end = .
                0x80007d60                        _end = .
                [!provide]                        PROVIDE (end = .)

.stab
 *(.stab)

.stabstr
 *(.stabstr)

.stab.excl
 *(.stab.excl)

.stab.exclstr
 *(.stab.exclstr)

.stab.index
 *(.stab.index)

.stab.indexstr
 *(.stab.indexstr)

.comment        0x00000000      0x168
 *(.comment)
 .comment       0x00000000       0x24 gor_00.o
 .comment       0x00000024       0x24 gor_01.o
 .comment       0x00000048       0x24 gor_02.o
 .comment       0x0000006c       0x24 gor_03.o
 .comment       0x00000090       0x24 gor_04.o
 .comment       0x000000b4       0x24 gor_misc.o
 .comment       0x000000d8       0x24 main.o
 .comment       0x000000fc       0x24 cxx.o
 .comment       0x00000120       0x24 patch.o
 .comment       0x00000144       0x24 rel.o

.debug
 *(.debug)

.line
 *(.line)

.debug_srcinfo
 *(.debug_srcinfo)

.debug_sfnames
 *(.debug_sfnames)

.debug_aranges  0x00000000      0x1c0
 *(.debug_aranges)
 .debug_aranges
                0x00000000       0x20 gor_00.o
 .debug_aranges
                0x00000020       0x20 gor_01.o
 .debug_aranges
                0x00000040       0x20 gor_02.o
 .debug_aranges
                0x00000060       0x20 gor_03.o
 .debug_aranges
                0x00000080       0x20 gor_04.o
 .debug_aranges
                0x000000a0       0x20 gor_misc.o
 .debug_aranges
                0x000000c0       0x28 main.o
 .debug_aranges
                0x000000e8       0x28 cxx.o
 .debug_aranges
                0x00000110       0x80 patch.o
 .debug_aranges
                0x00000190       0x30 rel.o

.debug_pubnames
 *(.debug_pubnames)

.debug_info     0x00000000     0x813c
 *(.debug_info)
 .debug_info    0x00000000     0x1fd4 gor_00.o
 .debug_info    0x00001fd4     0x1268 gor_01.o
 .debug_info    0x0000323c     0x18a7 gor_02.o
 .debug_info    0x00004ae3      0xc55 gor_03.o
 .debug_info    0x00005738      0x393 gor_04.o
 .debug_info    0x00005acb     0x10cc gor_misc.o
 .debug_info    0x00006b97      0x30b main.o
 .debug_info    0x00006ea2      0x363 cxx.o
 .debug_info    0x00007205      0xe1f patch.o
 .debug_info    0x00008024      0x118 rel.o

.debug_abbrev   0x00000000     0x10d8
 *(.debug_abbrev)
 .debug_abbrev  0x00000000      0x22d gor_00.o
 .debug_abbrev  0x0000022d      0x21e gor_01.o
 .debug_abbrev  0x0000044b      0x245 gor_02.o
 .debug_abbrev  0x00000690      0x1e5 gor_03.o
 .debug_abbrev  0x00000875       0xf6 gor_04.o
 .debug_abbrev  0x0000096b      0x268 gor_misc.o
 .debug_abbrev  0x00000bd3       0xad main.o
 .debug_abbrev  0x00000c80      0x148 cxx.o
 .debug_abbrev  0x00000dc8      0x21c patch.o
 .debug_abbrev  0x00000fe4       0xf4 rel.o

.debug_line     0x00000000     0x2e9c
 *(.debug_line)
 .debug_line    0x00000000      0x887 gor_00.o
 .debug_line    0x00000887      0x698 gor_01.o
 .debug_line    0x00000f1f      0x696 gor_02.o
 .debug_line    0x000015b5      0x7c6 gor_03.o
 .debug_line    0x00001d7b      0x44d gor_04.o
 .debug_line    0x000021c8      0x3d7 gor_misc.o
 .debug_line    0x0000259f      0x1e6 main.o
 .debug_line    0x00002785      0x1ad cxx.o
 .debug_line    0x00002932      0x41f patch.o
 .debug_line    0x00002d51      0x14b rel.o

.debug_frame
 *(.debug_frame)

.debug_str      0x00000000     0xad01
 *(.debug_str)
 .debug_str     0x00000000     0x2b81 gor_00.o
 .debug_str     0x00002b81     0x1b46 gor_01.o
 .debug_str     0x000046c7     0x2560 gor_02.o
 .debug_str     0x00006c27     0x1068 gor_03.o
 .debug_str     0x00007c8f      0x4f1 gor_04.o
 .debug_str     0x00008180     0x1b18 gor_misc.o
 .debug_str     0x00009c98      0x402 main.o
 .debug_str     0x0000a09a      0x37c cxx.o
 .debug_str     0x0000a416      0x736 patch.o
 .debug_str     0x0000ab4c      0x1b5 rel.o

.debug_loc
 *(.debug_loc)

.debug_macinfo
 *(.debug_macinfo)

.debug_weaknames
 *(.debug_weaknames)

.debug_funcnames
 *(.debug_funcnames)

.debug_typenames
 *(.debug_typenames)

.debug_varnames
 *(.debug_varnames)
                0x00000000                        __isIPL = 0x0
                0x80027d60                        __stack_addr = ((((__bss_start + SIZEOF (.bss)) + 0x20000) + 0x7) & 0xfffffffffffffff8)
                0x80007d60                        __stack_end = (__bss_start + SIZEOF (.bss))
                0x8002bd60                        __intrstack_addr = (__stack_addr + 0x4000)
                0x80027d60                        __intrstack_end = __stack_addr
                0x8002bd60                        __Arena1Lo = ((__intrstack_addr + 0x1f) & 0xffffffffffffffe0)
                0x817feff0                        __Arena1Hi = 0x817feff0
                0x817ff000                        __gxregs = ((__Arena1Hi + 0x1f) & 0xffffffffffffffe0)
                [!provide]                        PROVIDE (__stack = 0x817feff0)
                [!provide]                        PROVIDE (__isIPL = __isIPL)
                [!provide]                        PROVIDE (__stack_addr = __stack_addr)
                [!provide]                        PROVIDE (__stack_end = __stack_end)
                [!provide]                        PROVIDE (__intrstack_addr = __intrstack_addr)
                [!provide]                        PROVIDE (__intrstack_end = __intrstack_end)
                [!provide]                        PROVIDE (__Arena1Lo = __Arena1Lo)
                [!provide]                        PROVIDE (__Arena1Hi = __Arena1Hi)
                [!provide]                        PROVIDE (__gxregs = __gxregs)
LOAD H:/GhidraProjects/TTYDAP/TTYDAP/rel/all_source/cxx.ld
                0x80007d58                        _ctors_start = ADDR (.ctors)
                0x80007d60                        _ctors_end = (_ctors_start + SIZEOF (.ctors))
                0x80007d60                        _dtors_start = ADDR (.dtors)
                0x80007d60                        _dtors_end = (_dtors_start + SIZEOF (.dtors))
LOAD gor_00.o
LOAD gor_01.o
LOAD gor_02.o
LOAD gor_03.o
LOAD gor_04.o
LOAD gor_misc.o
LOAD main.o
LOAD cxx.o
LOAD patch.o
LOAD rel.o
LOAD restfpr_x.o
LOAD restgpr_x.o
OUTPUT(H:/GhidraProjects/TTYDAP/TTYDAP/rel/subrels/gor/gor.us.elf elf32-powerpc)

.debug_rnglists
                0x00000000      0x161
 .debug_rnglists
                0x00000000       0x14 gor_00.o
 .debug_rnglists
                0x00000014       0x14 gor_01.o
 .debug_rnglists
                0x00000028       0x14 gor_02.o
 .debug_rnglists
                0x0000003c       0x14 gor_03.o
 .debug_rnglists
                0x00000050       0x14 gor_04.o
 .debug_rnglists
                0x00000064       0x30 gor_misc.o
 .debug_rnglists
                0x00000094       0x19 main.o
 .debug_rnglists
                0x000000ad       0x19 cxx.o
 .debug_rnglists
                0x000000c6       0x5b patch.o
 .debug_rnglists
                0x00000121       0x40 rel.o

.debug_loclists
                0x00000000      0x5e1
 .debug_loclists
                0x00000000       0x54 cxx.o
 .debug_loclists
                0x00000054      0x540 patch.o
 .debug_loclists
                0x00000594       0x4d rel.o
