
Discarded input sections

 .text          0x00000000        0x0 main.o
 .data          0x00000000        0x0 main.o
 .bss           0x00000000        0x0 main.o
 .text          0x00000000        0x0 cxx.o
 .data          0x00000000        0x0 cxx.o
 .bss           0x00000000        0x0 cxx.o
 .text._Z11allocMemoryj
                0x00000000        0xc cxx.o
 .text._Z10freeMemoryPv
                0x00000000        0xc cxx.o
 .text          0x00000000        0x0 patch.o
 .data          0x00000000        0x0 patch.o
 .bss           0x00000000        0x0 patch.o
 .text._ZN3mod5patch15replaceEvtInstrEPit
                0x00000000        0x8 patch.o
 .text._ZN3mod5patch14writeEvtBranchEPiPKib
                0x00000000       0x1c patch.o
 .text._ZN3mod5patch15writeBranchMainEPvS1_j
                0x00000000       0x18 patch.o
 .text._ZN3mod5patch11writeBranchEPvS1_
                0x00000000        0x8 patch.o
 .text._ZN3mod5patch21writeStandardBranchesEPvS1_S1_
                0x00000000       0x3c patch.o
 .text._ZN3mod5patch13writeBranchBLEPvS1_
                0x00000000        0xc patch.o
 .text._ZN3mod5patch10writePatchEPvPKvS3_
                0x00000000        0x8 patch.o
 .text._ZN3mod5patch10writePatchEPvj
                0x00000000       0x2c patch.o
 .text._ZN3mod5patch15writeBranchPairEPvS1_S1_S1_
                0x00000000       0x40 patch.o
 .text._ZN3mod5patch15writeBranchPairEPvS1_S1_
                0x00000000       0x3c patch.o
 .text          0x00000000        0x0 rel.o
 .data          0x00000000        0x0 rel.o
 .bss           0x00000000        0x0 rel.o
 .text          0x00000000       0x58 restfpr_x.o
 .data          0x00000000        0x0 restfpr_x.o
 .bss           0x00000000        0x0 restfpr_x.o
 .data          0x00000000        0x0 restgpr_x.o
 .bss           0x00000000        0x0 restgpr_x.o

Memory Configuration

Name             Origin             Length             Attributes
*default*        0x00000000         0xffffffff

Linker script and memory map

                0x80003100                        . = 0x80003100

.init
 *crt0.o(*.init)
 *(.init)

.plt
 *(.plt)

.interp
 *(.interp)

.hash
 *(.hash)

.dynsym
 *(.dynsym)

.dynstr
 *(.dynstr)

.gnu.version
 *(.gnu.version)

.gnu.version_d
 *(.gnu.version_d)

.gnu.version_r
 *(.gnu.version_r)

.rel.init
 *(.rel.init)

.rela.init
 *(.rela.init)

.rel.text
 *(.rel.text .rel.text.* .rel.gnu.linkonce.t.*)

.rela.text
 *(.rela.text .rela.text.* .rela.gnu.linkonce.t.*)

.rel.fini
 *(.rel.fini)

.rela.fini
 *(.rela.fini)

.rel.rodata
 *(.rel.rodata .rel.rodata.* .rel.gnu.linkonce.r.*)

.rela.rodata
 *(.rela.rodata .rela.rodata.* .rela.gnu.linkonce.r.*)

.rel.data
 *(.rel.data .rel.data.* .rel.gnu.linkonce.d.*)

.rela.data
 *(.rela.data .rela.data.* .rela.gnu.linkonce.d.*)

.rel.tdata
 *(.rel.tdata .rel.tdata.* .rel.gnu.linkonce.td.*)

.rela.tdata
 *(.rela.tdata .rela.tdata.* .rela.gnu.linkonce.td.*)

.rel.tbss
 *(.rel.tbss .rel.tbss.* .rel.gnu.linkonce.tb.*)

.rela.tbss
 *(.rela.tbss .rela.tbss.* .rela.gnu.linkonce.tb.*)

.rel.ctors
 *(.rel.ctors)

.rela.ctors
 *(.rela.ctors)

.rel.dtors
 *(.rel.dtors)

.rela.dtors
 *(.rela.dtors)

.rel.got
 *(.rel.got)

.rela.got
 *(.rela.got)

.rela.got1
 *(.rela.got1)

.rela.got2
 *(.rela.got2)

.rel.sdata
 *(.rel.sdata .rel.sdata.* .rel.gnu.linkonce.s.*)

.rela.sdata
 *(.rela.sdata .rela.sdata.* .rela.gnu.linkonce.s.*)

.rel.sbss
 *(.rel.sbss .rel.sbss.* .rel.gnu.linkonce.sb.*)

.rela.sbss
 *(.rela.sbss .rela.sbss.* .rel.gnu.linkonce.sb.*)

.rel.sdata2
 *(.rel.sdata2 .rel.sdata2.* .rel.gnu.linkonce.s2.*)

.rela.sdata2
 *(.rela.sdata2 .rela.sdata2.* .rela.gnu.linkonce.s2.*)

.rel.sbss2
 *(.rel.sbss2 .rel.sbss2.* .rel.gnu.linkonce.sb2.*)

.rela.sbss2
 *(.rela.sbss2 .rela.sbss2.* .rela.gnu.linkonce.sb2.*)

.rel.bss
 *(.rel.bss .rel.bss.* .rel.gnu.linkonce.b.*)

.rela.bss
 *(.rela.bss .rela.bss.* .rela.gnu.linkonce.b.*)

.rel.plt
 *(.rel.plt)

.rela.plt
 *(.rela.plt)

.text           0x80003100      0xd60
 *(.text)
 .text          0x80003100       0x58 restgpr_x.o
                0x80003100                _restgpr_14_x
                0x80003104                _restgpr_15_x
                0x80003108                _restgpr_16_x
                0x8000310c                _restgpr_17_x
                0x80003110                _restgpr_18_x
                0x80003114                _restgpr_19_x
                0x80003118                _restgpr_20_x
                0x8000311c                _restgpr_21_x
                0x80003120                _restgpr_22_x
                0x80003124                _restgpr_23_x
                0x80003128                _restgpr_24_x
                0x8000312c                _restgpr_25_x
                0x80003130                _restgpr_26_x
                0x80003134                _restgpr_27_x
                0x80003138                _restgpr_28_x
                0x8000313c                _restgpr_29_x
                0x80003140                _restgpr_30_x
                0x80003144                _restgpr_31_x
 *(.text.*)
 .text._Z14coconut_removePN4ttyd6evtmgr8EvtEntryEb
                0x80003158       0x98 main.o
                0x80003158                _Z14coconut_removePN4ttyd6evtmgr8EvtEntryEb
 .text.startup._ZN3mod4mainEv
                0x800031f0      0xafc main.o
                0x800031f0                _ZN3mod4mainEv
 .text._ZN3mod4exitEv
                0x80003cec        0x4 main.o
                0x80003cec                _ZN3mod4exitEv
 .text._ZN3mod5patch17clear_DC_IC_CacheEPvj
                0x80003cf0       0x3c patch.o
                0x80003cf0                _ZN3mod5patch17clear_DC_IC_CacheEPvj
 .text._ZN3mod5patch10writePatchEPvPKvj
                0x80003d2c       0x5c patch.o
                0x80003d2c                _ZN3mod5patch10writePatchEPvPKvj
 .text._ZN3mod5patch17writeIntWithCacheEPvj
                0x80003d88        0xc patch.o
                0x80003d88                _ZN3mod5patch17writeIntWithCacheEPvj
 .text._prolog  0x80003d94       0x5c rel.o
                0x80003d94                _prolog
 .text._epilog  0x80003df0       0x50 rel.o
                0x80003df0                _epilog
 .text._unresolved
                0x80003e40        0x4 rel.o
                0x80003e40                _unresolved
 *(.gnu.warning)
 *(.gnu.linkonce.t.*)
                0x80003e60                        . = ALIGN (0x20)
 *fill*         0x80003e44       0x1c 00000000

.fini           0x80003e60        0x0
 *(.fini)
                0x80003e60                        . = ALIGN (0x20)
                [!provide]                        PROVIDE (__etext = .)
                [!provide]                        PROVIDE (_etext = .)
                [!provide]                        PROVIDE (etext = .)

.rodata         0x80003e60     0x1877
 *(.rodata)
 *(.rodata.*)
 .rodata._ZL19dokuroiwa_bomb_hook
                0x80003e60       0x10 main.o
 .rodata.str1.1
                0x80003e70      0x396 main.o
 *fill*         0x80004206        0x2 
 .rodata._ZL18dokuroiwa_bomb_evt
                0x80004208       0x34 main.o
 .rodata._ZL14muj_party_hook
                0x8000423c       0x10 main.o
 .rodata._ZL13muj_party_evt
                0x8000424c       0xac main.o
 .rodata._ZL22peton_init_muj_01_hook
                0x800042f8       0x10 main.o
 .rodata._ZL21peton_init_muj_01_evt
                0x80004308       0x54 main.o
 .rodata._ZL21mony_init_muj_01_hook
                0x8000435c       0x10 main.o
 .rodata._ZL20mony_init_muj_01_evt
                0x8000436c       0x54 main.o
 .rodata._ZL17koburon_dead_hook
                0x800043c0       0x10 main.o
 .rodata._ZL16koburon_dead_evt
                0x800043d0      0x3bc main.o
 .rodata._ZL20muj_01_init_evt_hook
                0x8000478c       0x10 main.o
 .rodata._ZL19muj_01_init_evt_evt
                0x8000479c       0x50 main.o
 .rodata._ZL21borosuifu_b_talk_hook
                0x800047ec       0x10 main.o
 .rodata._ZL20borosuifu_b_talk_evt
                0x800047fc       0xf8 main.o
 .rodata._ZL21borosuifu_a_talk_hook
                0x800048f4       0x10 main.o
 .rodata._ZL20borosuifu_a_talk_evt
                0x80004904       0xf8 main.o
 .rodata._ZL24suifu_d_talk_muj_01_hook
                0x800049fc       0x10 main.o
 .rodata._ZL23suifu_d_talk_muj_01_evt
                0x80004a0c       0xf8 main.o
 .rodata._ZL20suifu_bomb_talk_hook
                0x80004b04       0x10 main.o
 .rodata._ZL19suifu_bomb_talk_evt
                0x80004b14       0xf4 main.o
 .rodata._ZL20suifu_bomb_init_hook
                0x80004c08       0x10 main.o
 .rodata._ZL19suifu_bomb_init_evt
                0x80004c18       0x30 main.o
 .rodata._ZL24suifu_a_talk_muj_01_hook
                0x80004c48       0x10 main.o
 .rodata._ZL23suifu_a_talk_muj_01_evt
                0x80004c58       0xf4 main.o
 .rodata._ZL24suifu_a_init_muj_01_hook
                0x80004d4c       0x10 main.o
 .rodata._ZL23suifu_a_init_muj_01_evt
                0x80004d5c       0x40 main.o
 .rodata._ZL23odoodo_init_muj_01_hook
                0x80004d9c       0x10 main.o
 .rodata._ZL22odoodo_init_muj_01_evt
                0x80004dac       0x40 main.o
 .rodata._ZL23megane_init_muj_01_hook
                0x80004dec       0x10 main.o
 .rodata._ZL22megane_init_muj_01_evt
                0x80004dfc       0x40 main.o
 .rodata._ZL18marco_talk_coconut
                0x80004e3c       0x10 main.o
 .rodata._ZL22marco_init_muj_01_hook
                0x80004e4c       0x10 main.o
 .rodata._ZL21marco_init_muj_01_evt
                0x80004e5c       0x9c main.o
 .rodata._ZL25garawaru_talk_muj_01_hook
                0x80004ef8       0x10 main.o
 .rodata._ZL24garawaru_talk_muj_01_evt
                0x80004f08      0x4b4 main.o
 .rodata._ZL25garawaru_init_muj_01_hook
                0x800053bc       0x10 main.o
 .rodata._ZL24garawaru_init_muj_01_evt
                0x800053cc       0xd8 main.o
 .rodata._ZL20muj_00_init_evt_hook
                0x800054a4       0x44 main.o
 .rodata._ZL21muj_00_init_evt_evt_2
                0x800054e8       0x70 main.o
 .rodata._ZL19muj_00_init_evt_evt
                0x80005558       0x40 main.o
 .rodata._ZL22peton_talk_muj_00_hook
                0x80005598       0x10 main.o
 .rodata._ZL21peton_talk_muj_00_evt
                0x800055a8       0x8c main.o
 .rodata._ZL21mony_talk_muj_00_hook
                0x80005634       0x10 main.o
 .rodata._ZL20mony_talk_muj_00_evt
                0x80005644       0x8c main.o
 .rodata._ZL5marco
                0x800056d0        0x7 main.o
 *(.gnu.linkonce.r.*)

.rodata1
 *(.rodata1)

.sdata2         0x800056d7        0x0
                [!provide]                        PROVIDE (_SDA2_BASE_ = .)
 *(.sdata2)
 *(.sdata2.*)
 *(.gnu.linkonce.s2.*)

.sbss2
 *(.sbss2)
 *(.sbss2.*)
 *(.gnu.linkonce.sb2.*)
                0x800056d8                        . = ALIGN (0x4)
                [!provide]                        PROVIDE (__preinit_array_start = .)

.preinit_array
 *(.preinit_array)
                [!provide]                        PROVIDE (__preinit_array_end = .)
                [!provide]                        PROVIDE (__init_array_start = .)

.init_array
 *(.init_array)
                [!provide]                        PROVIDE (__init_array_end = .)
                [!provide]                        PROVIDE (__fini_array_start = .)

.fini_array
 *(.fini_array)
                [!provide]                        PROVIDE (__fini_array_end = .)

.data           0x800056d8        0x8
 *(.data)
 *(.data.*)
 *(.gnu.linkonce.d.*)
                0x800056e0                        . = ALIGN (0x20)
 *fill*         0x800056d8        0x8 

.data1
 *(.data1)

.tdata
 *(.tdata .tdata.* .gnu.linkonce.td.*)

.tbss
 *(.tbss .tbss.* .gnu.linkonce.tb.*)
 *(.tcommon)

.eh_frame       0x800056e0      0x19c
 *(.eh_frame)
 .eh_frame      0x800056e0       0xa4 main.o
 .eh_frame      0x80005784        0x0 cxx.o
                                 0x3c (size before relaxing)
 .eh_frame      0x80005784       0x7c patch.o
                                0x18c (size before relaxing)
 .eh_frame      0x80005800       0x7c rel.o

.gcc_except_table
 *(.gcc_except_table)

.fixup
 *(.fixup)

.got1
 *(.got1)

.got2
 *(.got2)

.dynamic
 *(.dynamic)

.ctors          0x8000587c        0x4
 *crtbegin.o(.ctors)
 *(EXCLUDE_FILE(*crtend.o) .ctors)
 *(SORT_BY_NAME(.ctors.*))
 *(.ctors)
                0x80005880                        . = ALIGN (0x20)
 *fill*         0x8000587c        0x4 

.dtors          0x80005880        0x0
 *crtbegin.o(.dtors)
 *(EXCLUDE_FILE(*crtend.o) .dtors)
 *(SORT_BY_NAME(.dtors.*))
 *(.dtors)
                0x80005880                        . = ALIGN (0x20)

.jcr
 *(.jcr)

.got
 *(.got.plt)
 *(.got)

.sdata          0x80005880        0x0
                [!provide]                        PROVIDE (_SDA_BASE_ = .)
 *(.sdata)
 *(.sdata.*)
 *(.gnu.linkonce.s.*)
                0x80005880                        . = ALIGN (0x20)
                0x80005880                        _edata = .
                [!provide]                        PROVIDE (edata = .)

.sbss           0x80005880        0x0
                0x80005880                        __sbss_start = .
                [!provide]                        PROVIDE (__sbss_start = .)
                [!provide]                        PROVIDE (___sbss_start = .)
 *(.dynsbss)
 *(.sbss)
 *(.sbss.*)
 *(.gnu.linkonce.sb.*)
 *(.scommon)
                [!provide]                        PROVIDE (__sbss_end = .)
                [!provide]                        PROVIDE (___sbss_end = .)
                0x80005880                        . = ALIGN (0x20)
                0x80005880                        __sbss_end = .

.bss            0x80005880        0x0
                0x80005880                        __bss_start = .
                [!provide]                        PROVIDE (__bss_start = .)
 *(.dynbss)
 *(.bss)
 *(.bss.*)
 *(.gnu.linkonce.b.*)
 *(COMMON)
                0x80005880                        . = ALIGN (0x20)
                [!provide]                        PROVIDE (__bss_end = .)
                0x80005880                        __bss_end = .
                0x80005880                        _end = .
                [!provide]                        PROVIDE (end = .)

.stab
 *(.stab)

.stabstr
 *(.stabstr)

.stab.excl
 *(.stab.excl)

.stab.exclstr
 *(.stab.exclstr)

.stab.index
 *(.stab.index)

.stab.indexstr
 *(.stab.indexstr)

.comment        0x00000000       0x90
 *(.comment)
 .comment       0x00000000       0x24 main.o
 .comment       0x00000024       0x24 cxx.o
 .comment       0x00000048       0x24 patch.o
 .comment       0x0000006c       0x24 rel.o

.debug
 *(.debug)

.line
 *(.line)

.debug_srcinfo
 *(.debug_srcinfo)

.debug_sfnames
 *(.debug_sfnames)

.debug_aranges  0x00000000      0x108
 *(.debug_aranges)
 .debug_aranges
                0x00000000       0x30 main.o
 .debug_aranges
                0x00000030       0x28 cxx.o
 .debug_aranges
                0x00000058       0x80 patch.o
 .debug_aranges
                0x000000d8       0x30 rel.o

.debug_pubnames
 *(.debug_pubnames)

.debug_info     0x00000000     0x3f2d
 *(.debug_info)
 .debug_info    0x00000000     0x2c93 main.o
 .debug_info    0x00002c93      0x363 cxx.o
 .debug_info    0x00002ff6      0xe1f patch.o
 .debug_info    0x00003e15      0x118 rel.o

.debug_abbrev   0x00000000      0x7aa
 *(.debug_abbrev)
 .debug_abbrev  0x00000000      0x352 main.o
 .debug_abbrev  0x00000352      0x148 cxx.o
 .debug_abbrev  0x0000049a      0x21c patch.o
 .debug_abbrev  0x000006b6       0xf4 rel.o

.debug_line     0x00000000     0x186d
 *(.debug_line)
 .debug_line    0x00000000     0x1156 main.o
 .debug_line    0x00001156      0x1ad cxx.o
 .debug_line    0x00001303      0x41f patch.o
 .debug_line    0x00001722      0x14b rel.o

.debug_frame
 *(.debug_frame)

.debug_str      0x00000000     0x4cbc
 *(.debug_str)
 .debug_str     0x00000000     0x4055 main.o
 .debug_str     0x00004055      0x37c cxx.o
 .debug_str     0x000043d1      0x736 patch.o
 .debug_str     0x00004b07      0x1b5 rel.o

.debug_loc
 *(.debug_loc)

.debug_macinfo
 *(.debug_macinfo)

.debug_weaknames
 *(.debug_weaknames)

.debug_funcnames
 *(.debug_funcnames)

.debug_typenames
 *(.debug_typenames)

.debug_varnames
 *(.debug_varnames)
                0x00000000                        __isIPL = 0x0
                0x80025880                        __stack_addr = ((((__bss_start + SIZEOF (.bss)) + 0x20000) + 0x7) & 0xfffffffffffffff8)
                0x80005880                        __stack_end = (__bss_start + SIZEOF (.bss))
                0x80029880                        __intrstack_addr = (__stack_addr + 0x4000)
                0x80025880                        __intrstack_end = __stack_addr
                0x80029880                        __Arena1Lo = ((__intrstack_addr + 0x1f) & 0xffffffffffffffe0)
                0x817feff0                        __Arena1Hi = 0x817feff0
                0x817ff000                        __gxregs = ((__Arena1Hi + 0x1f) & 0xffffffffffffffe0)
                [!provide]                        PROVIDE (__stack = 0x817feff0)
                [!provide]                        PROVIDE (__isIPL = __isIPL)
                [!provide]                        PROVIDE (__stack_addr = __stack_addr)
                [!provide]                        PROVIDE (__stack_end = __stack_end)
                [!provide]                        PROVIDE (__intrstack_addr = __intrstack_addr)
                [!provide]                        PROVIDE (__intrstack_end = __intrstack_end)
                [!provide]                        PROVIDE (__Arena1Lo = __Arena1Lo)
                [!provide]                        PROVIDE (__Arena1Hi = __Arena1Hi)
                [!provide]                        PROVIDE (__gxregs = __gxregs)
LOAD H:/GhidraProjects/TTYDAP/TTYDAP/rel/all_source/cxx.ld
                0x8000587c                        _ctors_start = ADDR (.ctors)
                0x80005880                        _ctors_end = (_ctors_start + SIZEOF (.ctors))
                0x80005880                        _dtors_start = ADDR (.dtors)
                0x80005880                        _dtors_end = (_dtors_start + SIZEOF (.dtors))
LOAD main.o
LOAD cxx.o
LOAD patch.o
LOAD rel.o
LOAD restfpr_x.o
LOAD restgpr_x.o
OUTPUT(H:/GhidraProjects/TTYDAP/TTYDAP/rel/subrels/muj/muj.us.elf elf32-powerpc)

.debug_loclists
                0x00000000      0x68a
 .debug_loclists
                0x00000000       0xa9 main.o
 .debug_loclists
                0x000000a9       0x54 cxx.o
 .debug_loclists
                0x000000fd      0x540 patch.o
 .debug_loclists
                0x0000063d       0x4d rel.o

.debug_rnglists
                0x00000000       0xf7
 .debug_rnglists
                0x00000000       0x43 main.o
 .debug_rnglists
                0x00000043       0x19 cxx.o
 .debug_rnglists
                0x0000005c       0x5b patch.o
 .debug_rnglists
                0x000000b7       0x40 rel.o
