
Discarded input sections

 .text          0x00000000        0x0 main.o
 .data          0x00000000        0x0 main.o
 .bss           0x00000000        0x0 main.o
 .text          0x00000000        0x0 cxx.o
 .data          0x00000000        0x0 cxx.o
 .bss           0x00000000        0x0 cxx.o
 .text._Z11allocMemoryj
                0x00000000        0xc cxx.o
 .text._Z10freeMemoryPv
                0x00000000        0xc cxx.o
 .text          0x00000000        0x0 patch.o
 .data          0x00000000        0x0 patch.o
 .bss           0x00000000        0x0 patch.o
 .text._ZN3mod5patch15replaceEvtInstrEPit
                0x00000000        0x8 patch.o
 .text._ZN3mod5patch14writeEvtBranchEPiPKib
                0x00000000       0x1c patch.o
 .text._ZN3mod5patch15writeBranchMainEPvS1_j
                0x00000000       0x18 patch.o
 .text._ZN3mod5patch11writeBranchEPvS1_
                0x00000000        0x8 patch.o
 .text._ZN3mod5patch21writeStandardBranchesEPvS1_S1_
                0x00000000       0x3c patch.o
 .text._ZN3mod5patch13writeBranchBLEPvS1_
                0x00000000        0xc patch.o
 .text._ZN3mod5patch10writePatchEPvPKvS3_
                0x00000000        0x8 patch.o
 .text._ZN3mod5patch10writePatchEPvj
                0x00000000       0x2c patch.o
 .text._ZN3mod5patch15writeBranchPairEPvS1_S1_S1_
                0x00000000       0x40 patch.o
 .text._ZN3mod5patch15writeBranchPairEPvS1_S1_
                0x00000000       0x3c patch.o
 .text._ZN3mod5patch17writeIntWithCacheEPvj
                0x00000000        0xc patch.o
 .text          0x00000000        0x0 rel.o
 .data          0x00000000        0x0 rel.o
 .bss           0x00000000        0x0 rel.o
 .text          0x00000000       0x58 restfpr_x.o
 .data          0x00000000        0x0 restfpr_x.o
 .bss           0x00000000        0x0 restfpr_x.o
 .data          0x00000000        0x0 restgpr_x.o
 .bss           0x00000000        0x0 restgpr_x.o

Memory Configuration

Name             Origin             Length             Attributes
*default*        0x00000000         0xffffffff

Linker script and memory map

                0x80003100                        . = 0x80003100

.init
 *crt0.o(*.init)
 *(.init)

.plt
 *(.plt)

.interp
 *(.interp)

.hash
 *(.hash)

.dynsym
 *(.dynsym)

.dynstr
 *(.dynstr)

.gnu.version
 *(.gnu.version)

.gnu.version_d
 *(.gnu.version_d)

.gnu.version_r
 *(.gnu.version_r)

.rel.init
 *(.rel.init)

.rela.init
 *(.rela.init)

.rel.text
 *(.rel.text .rel.text.* .rel.gnu.linkonce.t.*)

.rela.text
 *(.rela.text .rela.text.* .rela.gnu.linkonce.t.*)

.rel.fini
 *(.rel.fini)

.rela.fini
 *(.rela.fini)

.rel.rodata
 *(.rel.rodata .rel.rodata.* .rel.gnu.linkonce.r.*)

.rela.rodata
 *(.rela.rodata .rela.rodata.* .rela.gnu.linkonce.r.*)

.rel.data
 *(.rel.data .rel.data.* .rel.gnu.linkonce.d.*)

.rela.data
 *(.rela.data .rela.data.* .rela.gnu.linkonce.d.*)

.rel.tdata
 *(.rel.tdata .rel.tdata.* .rel.gnu.linkonce.td.*)

.rela.tdata
 *(.rela.tdata .rela.tdata.* .rela.gnu.linkonce.td.*)

.rel.tbss
 *(.rel.tbss .rel.tbss.* .rel.gnu.linkonce.tb.*)

.rela.tbss
 *(.rela.tbss .rela.tbss.* .rela.gnu.linkonce.tb.*)

.rel.ctors
 *(.rel.ctors)

.rela.ctors
 *(.rela.ctors)

.rel.dtors
 *(.rel.dtors)

.rela.dtors
 *(.rela.dtors)

.rel.got
 *(.rel.got)

.rela.got
 *(.rela.got)

.rela.got1
 *(.rela.got1)

.rela.got2
 *(.rela.got2)

.rel.sdata
 *(.rel.sdata .rel.sdata.* .rel.gnu.linkonce.s.*)

.rela.sdata
 *(.rela.sdata .rela.sdata.* .rela.gnu.linkonce.s.*)

.rel.sbss
 *(.rel.sbss .rel.sbss.* .rel.gnu.linkonce.sb.*)

.rela.sbss
 *(.rela.sbss .rela.sbss.* .rel.gnu.linkonce.sb.*)

.rel.sdata2
 *(.rel.sdata2 .rel.sdata2.* .rel.gnu.linkonce.s2.*)

.rela.sdata2
 *(.rela.sdata2 .rela.sdata2.* .rela.gnu.linkonce.s2.*)

.rel.sbss2
 *(.rel.sbss2 .rel.sbss2.* .rel.gnu.linkonce.sb2.*)

.rela.sbss2
 *(.rela.sbss2 .rela.sbss2.* .rela.gnu.linkonce.sb2.*)

.rel.bss
 *(.rel.bss .rel.bss.* .rel.gnu.linkonce.b.*)

.rela.bss
 *(.rela.bss .rela.bss.* .rela.gnu.linkonce.b.*)

.rel.plt
 *(.rel.plt)

.rela.plt
 *(.rela.plt)

.text           0x80003100      0xa40
 *(.text)
 .text          0x80003100       0x58 restgpr_x.o
                0x80003100                _restgpr_14_x
                0x80003104                _restgpr_15_x
                0x80003108                _restgpr_16_x
                0x8000310c                _restgpr_17_x
                0x80003110                _restgpr_18_x
                0x80003114                _restgpr_19_x
                0x80003118                _restgpr_20_x
                0x8000311c                _restgpr_21_x
                0x80003120                _restgpr_22_x
                0x80003124                _restgpr_23_x
                0x80003128                _restgpr_24_x
                0x8000312c                _restgpr_25_x
                0x80003130                _restgpr_26_x
                0x80003134                _restgpr_27_x
                0x80003138                _restgpr_28_x
                0x8000313c                _restgpr_29_x
                0x80003140                _restgpr_30_x
                0x80003144                _restgpr_31_x
 *(.text.*)
 .text.startup._ZN3mod4mainEv
                0x80003158      0x884 main.o
                0x80003158                _ZN3mod4mainEv
 .text._ZN3mod4exitEv
                0x800039dc        0x4 main.o
                0x800039dc                _ZN3mod4exitEv
 .text._ZN3mod5patch17clear_DC_IC_CacheEPvj
                0x800039e0       0x3c patch.o
                0x800039e0                _ZN3mod5patch17clear_DC_IC_CacheEPvj
 .text._ZN3mod5patch10writePatchEPvPKvj
                0x80003a1c       0x5c patch.o
                0x80003a1c                _ZN3mod5patch10writePatchEPvPKvj
 .text._prolog  0x80003a78       0x5c rel.o
                0x80003a78                _prolog
 .text._epilog  0x80003ad4       0x50 rel.o
                0x80003ad4                _epilog
 .text._unresolved
                0x80003b24        0x4 rel.o
                0x80003b24                _unresolved
 *(.gnu.warning)
 *(.gnu.linkonce.t.*)
                0x80003b40                        . = ALIGN (0x20)
 *fill*         0x80003b28       0x18 00000000

.fini           0x80003b40        0x0
 *(.fini)
                0x80003b40                        . = ALIGN (0x20)
                [!provide]                        PROVIDE (__etext = .)
                [!provide]                        PROVIDE (_etext = .)
                [!provide]                        PROVIDE (etext = .)

.rodata         0x80003b40     0x19ef
 *(.rodata)
 *(.rodata.*)
 .rodata.str1.1
                0x80003b40      0x49e main.o
 *fill*         0x80003fde        0x2 
 .rodata._ZL19usu_evt_majin2_item
                0x80003fe0       0xa8 main.o
 .rodata._ZL18usu_party_evt_hook
                0x80004088       0x10 main.o
 .rodata._ZL13usu_party_evt
                0x80004098       0xc8 main.o
 .rodata._ZL23village_chief_init_hook
                0x80004160       0x10 main.o
 .rodata._ZL22village_chief_init_evt
                0x80004170       0x58 main.o
 .rodata._ZL27village_chief_pig_init_hook
                0x800041c8       0x10 main.o
 .rodata._ZL26village_chief_pig_init_evt
                0x800041d8       0x70 main.o
 .rodata._ZL23village_chief_talk_hook
                0x80004248       0x10 main.o
 .rodata._ZL22village_chief_talk_evt
                0x80004258      0x1c8 main.o
 .rodata._ZL20gatekeeper_init_hook
                0x80004420       0x10 main.o
 .rodata._ZL19gatekeeper_init_evt
                0x80004430       0x8c main.o
 .rodata._ZL24gatekeeper_pig_init_hook
                0x800044bc       0x10 main.o
 .rodata._ZL23gatekeeper_pig_init_evt
                0x800044cc       0x78 main.o
 .rodata._ZL20gatekeeper_talk_hook
                0x80004544       0x10 main.o
 .rodata._ZL19gatekeeper_talk_evt
                0x80004554      0x114 main.o
 .rodata._ZL20usu_00_init_evt_hook
                0x80004668       0x14 main.o
 .rodata._ZL19usu_00_init_evt_evt
                0x8000467c       0x5c main.o
 .rodata._ZL20shop_woman_talk_hook
                0x800046d8       0x10 main.o
 .rodata._ZL19shop_woman_talk_evt
                0x800046e8       0x78 main.o
 .rodata._ZL18shop_man_talk_hook
                0x80004760       0x10 main.o
 .rodata._ZL17shop_man_talk_evt
                0x80004770       0x78 main.o
 .rodata._ZL19villagerJ_talk_hook
                0x800047e8       0x10 main.o
 .rodata._ZL18villagerJ_talk_evt
                0x800047f8      0x104 main.o
 .rodata._ZL19villagerI_talk_hook
                0x800048fc       0x10 main.o
 .rodata._ZL18villagerI_talk_evt
                0x8000490c      0x104 main.o
 .rodata._ZL19villagerH_talk_hook
                0x80004a10       0x10 main.o
 .rodata._ZL18villagerH_talk_evt
                0x80004a20       0xd0 main.o
 .rodata._ZL19villagerG_talk_hook
                0x80004af0       0x10 main.o
 .rodata._ZL18villagerG_talk_evt
                0x80004b00       0xf0 main.o
 .rodata._ZL19villagerF_talk_hook
                0x80004bf0       0x10 main.o
 .rodata._ZL18villagerF_talk_evt
                0x80004c00       0xf0 main.o
 .rodata._ZL19villagerK_talk_hook
                0x80004cf0       0x10 main.o
 .rodata._ZL18villagerK_talk_evt
                0x80004d00      0x130 main.o
 .rodata._ZL19villagerE_talk_hook
                0x80004e30       0x10 main.o
 .rodata._ZL18villagerE_talk_evt
                0x80004e40      0x130 main.o
 .rodata._ZL19villagerD_talk_hook
                0x80004f70       0x10 main.o
 .rodata._ZL18villagerD_talk_evt
                0x80004f80      0x194 main.o
 .rodata._ZL19villagerC_talk_hook
                0x80005114       0x10 main.o
 .rodata._ZL18villagerC_talk_evt
                0x80005124       0xfc main.o
 .rodata._ZL19villagerB_talk_hook
                0x80005220       0x10 main.o
 .rodata._ZL18villagerB_talk_evt
                0x80005230       0xfc main.o
 .rodata._ZL19villagerA_talk_hook
                0x8000532c       0x10 main.o
 .rodata._ZL18villagerA_talk_evt
                0x8000533c      0x130 main.o
 .rodata._ZL19villagerA_init_hook
                0x8000546c       0x10 main.o
 .rodata._ZL18villagerA_init_evt
                0x8000547c       0x6c main.o
 .rodata._ZL6vivian
                0x800054e8        0x9 main.o
 *fill*         0x800054f1        0x3 
 .rodata._ZL5mayor
                0x800054f4        0x5 main.o
 *fill*         0x800054f9        0x3 
 .rodata._ZL9mayor_pig
                0x800054fc        0x9 main.o
 *fill*         0x80005505        0x3 
 .rodata._ZL8doopliss
                0x80005508        0xb main.o
 *fill*         0x80005513        0x1 
 .rodata._ZL10gatekeeper
                0x80005514        0x5 main.o
 *fill*         0x80005519        0x3 
 .rodata._ZL14gatekeeper_pig
                0x8000551c        0x9 main.o
 *fill*         0x80005525        0x3 
 .rodata._ZL12usuVillagerA
                0x80005528        0x7 main.o
 *(.gnu.linkonce.r.*)

.rodata1
 *(.rodata1)

.sdata2         0x8000552f        0x0
                [!provide]                        PROVIDE (_SDA2_BASE_ = .)
 *(.sdata2)
 *(.sdata2.*)
 *(.gnu.linkonce.s2.*)

.sbss2
 *(.sbss2)
 *(.sbss2.*)
 *(.gnu.linkonce.sb2.*)
                0x80005530                        . = ALIGN (0x4)
                [!provide]                        PROVIDE (__preinit_array_start = .)

.preinit_array
 *(.preinit_array)
                [!provide]                        PROVIDE (__preinit_array_end = .)
                [!provide]                        PROVIDE (__init_array_start = .)

.init_array
 *(.init_array)
                [!provide]                        PROVIDE (__init_array_end = .)
                [!provide]                        PROVIDE (__fini_array_start = .)

.fini_array
 *(.fini_array)
                [!provide]                        PROVIDE (__fini_array_end = .)

.data           0x80005530       0x10
 *(.data)
 *(.data.*)
 *(.gnu.linkonce.d.*)
                0x80005540                        . = ALIGN (0x20)
 *fill*         0x80005530       0x10 

.data1
 *(.data1)

.tdata
 *(.tdata .tdata.* .gnu.linkonce.td.*)

.tbss
 *(.tbss .tbss.* .gnu.linkonce.tb.*)
 *(.tcommon)

.eh_frame       0x80005540      0x160
 *(.eh_frame)
 .eh_frame      0x80005540       0x7c main.o
 .eh_frame      0x800055bc        0x0 cxx.o
                                 0x3c (size before relaxing)
 .eh_frame      0x800055bc       0x68 patch.o
                                0x18c (size before relaxing)
 .eh_frame      0x80005624       0x7c rel.o

.gcc_except_table
 *(.gcc_except_table)

.fixup
 *(.fixup)

.got1
 *(.got1)

.got2
 *(.got2)

.dynamic
 *(.dynamic)

.ctors          0x800056a0        0x0
 *crtbegin.o(.ctors)
 *(EXCLUDE_FILE(*crtend.o) .ctors)
 *(SORT_BY_NAME(.ctors.*))
 *(.ctors)
                0x800056a0                        . = ALIGN (0x20)

.dtors          0x800056a0        0x0
 *crtbegin.o(.dtors)
 *(EXCLUDE_FILE(*crtend.o) .dtors)
 *(SORT_BY_NAME(.dtors.*))
 *(.dtors)
                0x800056a0                        . = ALIGN (0x20)

.jcr
 *(.jcr)

.got
 *(.got.plt)
 *(.got)

.sdata          0x800056a0        0x0
                [!provide]                        PROVIDE (_SDA_BASE_ = .)
 *(.sdata)
 *(.sdata.*)
 *(.gnu.linkonce.s.*)
                0x800056a0                        . = ALIGN (0x20)
                0x800056a0                        _edata = .
                [!provide]                        PROVIDE (edata = .)

.sbss           0x800056a0        0x0
                0x800056a0                        __sbss_start = .
                [!provide]                        PROVIDE (__sbss_start = .)
                [!provide]                        PROVIDE (___sbss_start = .)
 *(.dynsbss)
 *(.sbss)
 *(.sbss.*)
 *(.gnu.linkonce.sb.*)
 *(.scommon)
                [!provide]                        PROVIDE (__sbss_end = .)
                [!provide]                        PROVIDE (___sbss_end = .)
                0x800056a0                        . = ALIGN (0x20)
                0x800056a0                        __sbss_end = .

.bss            0x800056a0        0x0
                0x800056a0                        __bss_start = .
                [!provide]                        PROVIDE (__bss_start = .)
 *(.dynbss)
 *(.bss)
 *(.bss.*)
 *(.gnu.linkonce.b.*)
 *(COMMON)
                0x800056a0                        . = ALIGN (0x20)
                [!provide]                        PROVIDE (__bss_end = .)
                0x800056a0                        __bss_end = .
                0x800056a0                        _end = .
                [!provide]                        PROVIDE (end = .)

.stab
 *(.stab)

.stabstr
 *(.stabstr)

.stab.excl
 *(.stab.excl)

.stab.exclstr
 *(.stab.exclstr)

.stab.index
 *(.stab.index)

.stab.indexstr
 *(.stab.indexstr)

.comment        0x00000000       0x90
 *(.comment)
 .comment       0x00000000       0x24 main.o
 .comment       0x00000024       0x24 cxx.o
 .comment       0x00000048       0x24 patch.o
 .comment       0x0000006c       0x24 rel.o

.debug
 *(.debug)

.line
 *(.line)

.debug_srcinfo
 *(.debug_srcinfo)

.debug_sfnames
 *(.debug_sfnames)

.debug_aranges  0x00000000      0x100
 *(.debug_aranges)
 .debug_aranges
                0x00000000       0x28 main.o
 .debug_aranges
                0x00000028       0x28 cxx.o
 .debug_aranges
                0x00000050       0x80 patch.o
 .debug_aranges
                0x000000d0       0x30 rel.o

.debug_pubnames
 *(.debug_pubnames)

.debug_info     0x00000000     0x3165
 *(.debug_info)
 .debug_info    0x00000000     0x1ecb main.o
 .debug_info    0x00001ecb      0x363 cxx.o
 .debug_info    0x0000222e      0xe1f patch.o
 .debug_info    0x0000304d      0x118 rel.o

.debug_abbrev   0x00000000      0x687
 *(.debug_abbrev)
 .debug_abbrev  0x00000000      0x22f main.o
 .debug_abbrev  0x0000022f      0x148 cxx.o
 .debug_abbrev  0x00000377      0x21c patch.o
 .debug_abbrev  0x00000593       0xf4 rel.o

.debug_line     0x00000000     0x13d9
 *(.debug_line)
 .debug_line    0x00000000      0xcc2 main.o
 .debug_line    0x00000cc2      0x1ad cxx.o
 .debug_line    0x00000e6f      0x41f patch.o
 .debug_line    0x0000128e      0x14b rel.o

.debug_frame
 *(.debug_frame)

.debug_str      0x00000000     0x3632
 *(.debug_str)
 .debug_str     0x00000000     0x29cb main.o
 .debug_str     0x000029cb      0x37c cxx.o
 .debug_str     0x00002d47      0x736 patch.o
 .debug_str     0x0000347d      0x1b5 rel.o

.debug_loc
 *(.debug_loc)

.debug_macinfo
 *(.debug_macinfo)

.debug_weaknames
 *(.debug_weaknames)

.debug_funcnames
 *(.debug_funcnames)

.debug_typenames
 *(.debug_typenames)

.debug_varnames
 *(.debug_varnames)
                0x00000000                        __isIPL = 0x0
                0x800256a0                        __stack_addr = ((((__bss_start + SIZEOF (.bss)) + 0x20000) + 0x7) & 0xfffffffffffffff8)
                0x800056a0                        __stack_end = (__bss_start + SIZEOF (.bss))
                0x800296a0                        __intrstack_addr = (__stack_addr + 0x4000)
                0x800256a0                        __intrstack_end = __stack_addr
                0x800296a0                        __Arena1Lo = ((__intrstack_addr + 0x1f) & 0xffffffffffffffe0)
                0x817feff0                        __Arena1Hi = 0x817feff0
                0x817ff000                        __gxregs = ((__Arena1Hi + 0x1f) & 0xffffffffffffffe0)
                [!provide]                        PROVIDE (__stack = 0x817feff0)
                [!provide]                        PROVIDE (__isIPL = __isIPL)
                [!provide]                        PROVIDE (__stack_addr = __stack_addr)
                [!provide]                        PROVIDE (__stack_end = __stack_end)
                [!provide]                        PROVIDE (__intrstack_addr = __intrstack_addr)
                [!provide]                        PROVIDE (__intrstack_end = __intrstack_end)
                [!provide]                        PROVIDE (__Arena1Lo = __Arena1Lo)
                [!provide]                        PROVIDE (__Arena1Hi = __Arena1Hi)
                [!provide]                        PROVIDE (__gxregs = __gxregs)
LOAD H:/GhidraProjects/TTYDAP/TTYDAP/rel/all_source/cxx.ld
                0x800056a0                        _ctors_start = ADDR (.ctors)
                0x800056a0                        _ctors_end = (_ctors_start + SIZEOF (.ctors))
                0x800056a0                        _dtors_start = ADDR (.dtors)
                0x800056a0                        _dtors_end = (_dtors_start + SIZEOF (.dtors))
LOAD main.o
LOAD cxx.o
LOAD patch.o
LOAD rel.o
LOAD restfpr_x.o
LOAD restgpr_x.o
OUTPUT(H:/GhidraProjects/TTYDAP/TTYDAP/rel/subrels/usu/usu.us.elf elf32-powerpc)

.debug_rnglists
                0x00000000       0xce
 .debug_rnglists
                0x00000000       0x1a main.o
 .debug_rnglists
                0x0000001a       0x19 cxx.o
 .debug_rnglists
                0x00000033       0x5b patch.o
 .debug_rnglists
                0x0000008e       0x40 rel.o

.debug_loclists
                0x00000000      0x5e1
 .debug_loclists
                0x00000000       0x54 cxx.o
 .debug_loclists
                0x00000054      0x540 patch.o
 .debug_loclists
                0x00000594       0x4d rel.o
