
Discarded input sections

 .text          0x00000000        0x0 OWR.o
 .data          0x00000000        0x0 OWR.o
 .bss           0x00000000        0x0 OWR.o
 .bss._ZN3mod3owr25g_stg0_00_init_trampolineE
                0x00000000        0x4 OWR.o
 .bss._ZN3mod3owr22g_itemEntry_trampolineE
                0x00000000        0x4 OWR.o
 .text          0x00000000        0x0 StateManager.o
 .data          0x00000000        0x0 StateManager.o
 .bss           0x00000000        0x0 StateManager.o
 .text._ZN3mod3owr12StateManager4InitEv
                0x00000000       0x18 StateManager.o
 .text          0x00000000        0x0 common.o
 .data          0x00000000        0x0 common.o
 .bss           0x00000000        0x0 common.o
 .text._ZN3mod6common14GetCurrentAreaEv
                0x00000000       0x1c common.o
 .text._ZN3mod6common13GetCurrentMapEv
                0x00000000       0x1c common.o
 .text._ZN3mod6common11GetFilenameEv
                0x00000000       0x1c common.o
 .text._ZN3mod6common16GetStorySequenceEv
                0x00000000       0x20 common.o
 .text._ZN3mod6common14GetPitSequenceEv
                0x00000000       0x24 common.o
 .text._ZN3mod6common17GetSavedFlagValueEi
                0x00000000       0x40 common.o
 .text._ZN3mod6common21HasKeyItemInInventoryEs
                0x00000000       0x3c common.o
 .text._ZN3mod6common25GetBattleWindowDataOffsetEv
                0x00000000       0x1c common.o
 .text._ZN3mod6common21GetStatusWindowHeightEv
                0x00000000       0x24 common.o
 .data._ZN3mod6common29kUnknownStatusWindowStructPtrE
                0x00000000        0x4 common.o
 .data._ZN3mod6common10kBattlePtrE
                0x00000000        0x4 common.o
 .data._ZN3mod6common9kPouchPtrE
                0x00000000        0x4 common.o
 .data._ZN3mod6common12kSaveDataPtrE
                0x00000000        0x4 common.o
 .rodata._ZN3mod6common32kUltraHammerChestDespawnIdOffsetE
                0x00000000        0x4 common.o
 .rodata._ZN3mod6common27kObjectCollectionExprOffsetE
                0x00000000        0x4 common.o
 .rodata._ZN3mod6common27kObjectChestScriptPtrOffsetE
                0x00000000        0x4 common.o
 .rodata._ZN3mod6common33kMujModuleFlavioDesiredItemOffsetE
                0x00000000        0x4 common.o
 .rodata._ZN3mod6common36kJinModuleAtomicBooItemGswfSetOffsetE
                0x00000000        0x4 common.o
 .rodata._ZN3mod6common39kJinModuleAtomicBooItemObjectFlagOffsetE
                0x00000000        0x4 common.o
 .rodata._ZN3mod6common32kPitModuleCharlietonChanceOffsetE
                0x00000000        0x4 common.o
 .rodata._ZN3mod6common22kPitModuleNpcArrOffsetE
                0x00000000        0x4 common.o
 .rodata._ZN3mod6common23kSavedWordFlagBaseValueE
                0x00000000        0x4 common.o
 .data._ZN3mod6common20kPiantaParlorItemArrE
                0x00000000        0x4 common.o
 .data._ZN3mod6common21kPitCharlietonItemArrE
                0x00000000        0x4 common.o
 .data._ZN3mod6common12kHowzItemArrE
                0x00000000        0x4 common.o
 .data._ZN3mod6common18kCharlietonItemArrE
                0x00000000        0x4 common.o
 .data._ZN3mod6common14kDazzleItemArrE
                0x00000000        0x4 common.o
 .data._ZN3mod6common20kSuperguardFramesArrE
                0x00000000        0x4 common.o
 .data._ZN3mod6common15kGuardFramesArrE
                0x00000000        0x4 common.o
 .data._ZN3mod6common25kSuperChargePartnerParamsE
                0x00000000        0x4 common.o
 .data._ZN3mod6common18kSuperChargeParamsE
                0x00000000        0x4 common.o
 .data._ZN3mod6common19kPiercingBlowParamsE
                0x00000000        0x4 common.o
 .data._ZN3mod6common18kHammerThrowParamsE
                0x00000000        0x4 common.o
 .data._ZN3mod6common17kKoopaCurseParamsE
                0x00000000        0x4 common.o
 .data._ZN3mod6common15kTradeOffParamsE
                0x00000000        0x4 common.o
 .data._ZN3mod6common17kGulpRecoilParamsE
                0x00000000        0x4 common.o
 .data._ZN3mod6common24kUltraHammerRecoilParamsE
                0x00000000        0x4 common.o
 .data._ZN3mod6common24kSuperHammerRecoilParamsE
                0x00000000        0x4 common.o
 .data._ZN3mod6common8kNextMapE
                0x00000000        0x4 common.o
 .rodata.cst4   0x00000000        0x4 common.o
 .text          0x00000000        0x0 con_mario.o
 .data          0x00000000        0x0 con_mario.o
 .bss           0x00000000        0x0 con_mario.o
 .text          0x00000000        0x0 con_perf.o
 .data          0x00000000        0x0 con_perf.o
 .bss           0x00000000        0x0 con_perf.o
 .text          0x00000000        0x0 con_seq.o
 .data          0x00000000        0x0 con_seq.o
 .bss           0x00000000        0x0 con_seq.o
 .text          0x00000000        0x0 console.o
 .data          0x00000000        0x0 console.o
 .bss           0x00000000        0x0 console.o
[...]
Memory Configuration

Name             Origin             Length             Attributes
*default*        0x00000000         0xffffffff

Linker script and memory map

                0x80003100                        . = 0x80003100

.init
 *crt0.o(*.init)
 *(.init)

.plt
 *(.plt)

.interp
 *(.interp)

.hash
 *(.hash)

.dynsym
 *(.dynsym)

.dynstr
 *(.dynstr)

.gnu.version
 *(.gnu.version)

.gnu.version_d
 *(.gnu.version_d)

.gnu.version_r
 *(.gnu.version_r)

.rel.init
 *(.rel.init)

.rela.init
 *(.rela.init)

.rel.text
 *(.rel.text .rel.text.* .rel.gnu.linkonce.t.*)

.rela.text
 *(.rela.text .rela.text.* .rela.gnu.linkonce.t.*)

.rel.fini
 *(.rel.fini)

.rela.fini
 *(.rela.fini)

.rel.rodata
 *(.rel.rodata .rel.rodata.* .rel.gnu.linkonce.r.*)

.rela.rodata
 *(.rela.rodata .rela.rodata.* .rela.gnu.linkonce.r.*)

.rel.data
 *(.rel.data .rel.data.* .rel.gnu.linkonce.d.*)

.rela.data
 *(.rela.data .rela.data.* .rela.gnu.linkonce.d.*)

.rel.tdata
 *(.rel.tdata .rel.tdata.* .rel.gnu.linkonce.td.*)

.rela.tdata
 *(.rela.tdata .rela.tdata.* .rela.gnu.linkonce.td.*)

.rel.tbss
 *(.rel.tbss .rel.tbss.* .rel.gnu.linkonce.tb.*)

.rela.tbss
 *(.rela.tbss .rela.tbss.* .rela.gnu.linkonce.tb.*)

.rel.ctors
 *(.rel.ctors)

.rela.ctors
 *(.rela.ctors)

.rel.dtors
 *(.rel.dtors)

.rela.dtors
 *(.rela.dtors)

.rel.got
 *(.rel.got)

.rela.got
 *(.rela.got)

.rela.got1
 *(.rela.got1)

.rela.got2
 *(.rela.got2)

.rel.sdata
 *(.rel.sdata .rel.sdata.* .rel.gnu.linkonce.s.*)

.rela.sdata
 *(.rela.sdata .rela.sdata.* .rela.gnu.linkonce.s.*)

.rel.sbss
 *(.rel.sbss .rel.sbss.* .rel.gnu.linkonce.sb.*)

.rela.sbss
 *(.rela.sbss .rela.sbss.* .rel.gnu.linkonce.sb.*)

.rel.sdata2
 *(.rel.sdata2 .rel.sdata2.* .rel.gnu.linkonce.s2.*)

.rela.sdata2
 *(.rela.sdata2 .rela.sdata2.* .rela.gnu.linkonce.s2.*)

.rel.sbss2
 *(.rel.sbss2 .rel.sbss2.* .rel.gnu.linkonce.sb2.*)

.rela.sbss2
 *(.rela.sbss2 .rela.sbss2.* .rela.gnu.linkonce.sb2.*)

.rel.bss
 *(.rel.bss .rel.bss.* .rel.gnu.linkonce.b.*)

.rela.bss
 *(.rela.bss .rela.bss.* .rela.gnu.linkonce.b.*)

.rel.plt
 *(.rel.plt)

.rela.plt
 *(.rela.plt)

.text           0x80003100     0xc980
 *(.text)
 .text          0x80003100        0x8 FixBlooperCrash1.o
                0x80003100                asmFixBlooperCrash1
 .text          0x80003108       0x14 FixBlooperCrash2.o
                0x80003108                asmFixBlooperCrash2
 .text          0x8000311c       0x10 PreventDiaryTextboxSelection.o
                0x8000311c                asmPreventDiaryTextboxSelection
 .text          0x8000312c      0x2b8 asm_main.o
                0x8000312c                bMapGXArrInject
                0x80003138                bMapGXArrInjectReturn
                0x8000313c                bMapGXArrIncrement
                0x80003144                bMapGXArrIncrementReturn
                0x80003148                bMapGXChSplit
                0x80003154                bMapGXChSplitReturn
                0x80003158                bWinLogArrInject
                0x80003164                bWinLogArrInjectReturn
                0x80003168                bWinLogArrIncrement
                0x80003170                bWinLogArrIncrementReturn
                0x80003174                bChapterClearCheck
                0x800031bc                bJohoyaSeqAddition
                0x800031f4                bPrintPartyAddErrorFix
                0x80003230                bPrintPartyAddErrorFixReturn
                0x80003234                bPrintPartyErrorFix
                0x80003270                bPrintPartyErrorFixReturn
                0x80003274                bKururingFloorCapture
                0x8000327c                bKururingFloorCaptureReturn
                0x80003280                bKururingFloorRelease
                0x80003288                bKururingFloorReleaseReturn
                0x8000328c                bPowerupblkCapture
                0x800032a4                bPowerupblkCaptureReturn
                0x800032a8                bPowerupblkRelease
                0x800032b0                bPowerupblkReleaseReturn
                0x800032b4                bPeachPointer
                0x8000331c                breakfastValueRestore
                0x80003324                bPeachReturn
                0x80003328                win_log_mapGX_arr
 .text          0x800033e4       0x58 restfpr_x.o
                0x800033e4                _restfpr_14_x
                0x800033e8                _restfpr_15_x
                0x800033ec                _restfpr_16_x
                0x800033f0                _restfpr_17_x
                0x800033f4                _restfpr_18_x
                0x800033f8                _restfpr_19_x
                0x800033fc                _restfpr_20_x
                0x80003400                _restfpr_21_x
                0x80003404                _restfpr_22_x
                0x80003408                _restfpr_23_x
                0x8000340c                _restfpr_24_x
                0x80003410                _restfpr_25_x
                0x80003414                _restfpr_26_x
                0x80003418                _restfpr_27_x
                0x8000341c                _restfpr_28_x
                0x80003420                _restfpr_29_x
                0x80003424                _restfpr_30_x
                0x80003428                _restfpr_31_x
 .text          0x8000343c       0x58 restgpr_x.o
                0x8000343c                _restgpr_14_x
                0x80003440                _restgpr_15_x
                0x80003444                _restgpr_16_x
                0x80003448                _restgpr_17_x
                0x8000344c                _restgpr_18_x
                0x80003450                _restgpr_19_x
                0x80003454                _restgpr_20_x
                0x80003458                _restgpr_21_x
                0x8000345c                _restgpr_22_x
                0x80003460                _restgpr_23_x
                0x80003464                _restgpr_24_x
                0x80003468                _restgpr_25_x
                0x8000346c                _restgpr_26_x
                0x80003470                _restgpr_27_x
                0x80003474                _restgpr_28_x
                0x80003478                _restgpr_29_x
                0x8000347c                _restgpr_30_x
                0x80003480                _restgpr_31_x
 *(.text.*)
 *fill*         0x80003494        0x0 00000000
 .text._ZZN3mod3owr3OWR4InitEvENUliE_4_FUNEi
                0x80003494      0x18c OWR.o
 .text._ZZN3mod3owr3OWR4InitEvENUlPKcE_4_FUNES3_
                0x80003620      0x320 OWR.o
 .text._ZZN3mod3owr3OWR4InitEvENUlN4ttyd6seqdrv8SeqIndexEPvS5_E_4_FUNES4_S5_S5_
                0x80003940       0x88 OWR.o
 .text._ZN3mod3owr3OWRC2Ev
                0x800039c8        0x4 OWR.o
                0x800039c8                _ZN3mod3owr3OWRC1Ev
                0x800039c8                _ZN3mod3owr3OWRC2Ev
 .text._ZN3mod3owr3OWR12SequenceInitEv
                0x800039cc       0xc4 OWR.o
                0x800039cc                _ZN3mod3owr3OWR12SequenceInitEv
 .text._ZN3mod3owr3OWR12HomewardWarpEv
                0x80003a90       0x6c OWR.o
                0x80003a90                _ZN3mod3owr3OWR12HomewardWarpEv
 .text._ZN3mod3owr3OWR12RecieveItemsEv
                0x80003afc       0x5c OWR.o
                0x80003afc                _ZN3mod3owr3OWR12RecieveItemsEv
 .text._ZN3mod3owr3OWR4InitEv
                0x80003b58      0x154 OWR.o
                0x80003b58                _ZN3mod3owr3OWR4InitEv
 .text._ZN3mod3owr3OWR6UpdateEv
                0x80003cac       0x38 OWR.o
                0x80003cac                _ZN3mod3owr3OWR6UpdateEv
 .text._ZN3mod3owr3OWR14OnModuleLoadedEPN2gc6OSLink12OSModuleInfoE
                0x80003ce4       0x94 OWR.o
                0x80003ce4                _ZN3mod3owr3OWR14OnModuleLoadedEPN2gc6OSLink12OSModuleInfoE
 .text._ZZN3mod3owr3OWR4InitEvENUlPN2gc6OSLink12OSModuleInfoEPvE_4_FUNES5_S6_
                0x80003d78       0x54 OWR.o
 .text._ZN3mod3owr3OWR10DrawStringEPKcffjf
                0x80003dcc       0xc8 OWR.o
                0x80003dcc                _ZN3mod3owr3OWR10DrawStringEPKcffjf
 .text.startup._GLOBAL__sub_I__ZN3mod3owr7item_dbE
                0x80003e94       0x14 OWR.o
 .text._ZN3mod3owr12StateManagerC2Ev
                0x80003ea8       0x18 StateManager.o
                0x80003ea8                _ZN3mod3owr12StateManagerC2Ev
                0x80003ea8                _ZN3mod3owr12StateManagerC1Ev
 .text._ZN3modL13mod_if_func24Ev
                0x80003ec0       0x54 con_mario.o
 .text.startup._GLOBAL__sub_I__ZN3mod13mario_set_posE
                0x80003f14       0x88 con_mario.o
 .text._ZN3modL13mod_if_func51Ev
                0x80003f9c      0x158 con_perf.o
 .text._ZN3modL13mod_if_func34Ev
                0x800040f4       0xbc con_perf.o
 .text.startup._GLOBAL__sub_I__ZN3mod15perf_fake_spikeE
                0x800041b0       0xc4 con_perf.o
 .text._ZN3modL13mod_if_func16Ev
                0x80004274       0x60 con_seq.o
 .text._ZZN3modL13mod_if_func16EvENUlPN4ttyd6seqdrv7SeqInfoEE_4_FUNES3_
                0x800042d4       0x34 con_seq.o
 .text.startup._GLOBAL__sub_I__ZN3mod13seq_logo_skipE
                0x80004308       0x8c con_seq.o
 .text._ZN3mod13ConsoleSystem8logColorEPKcN2gc6color4E
                0x80004394      0x1e4 console.o
                0x80004394                _ZN3mod13ConsoleSystem8logColorEPKcN2gc6color4E
 .text._ZN3mod13ConsoleSystem7logInfoEPKcz
                0x80004578       0xac console.o
                0x80004578                _ZN3mod13ConsoleSystem7logInfoEPKcz
 .text._ZN3mod7CC_findEPKc
                0x80004624       0xe8 console.o
                0x80004624                _ZN3mod7CC_findEPKc
 .text._ZN3mod13ConsoleSystem10logWarningEPKcz
                0x8000470c       0xb0 console.o
                0x8000470c                _ZN3mod13ConsoleSystem10logWarningEPKcz
 .text._ZN3mod13ConsoleSystem8logErrorEPKcz
                0x800047bc       0xb0 console.o
                0x800047bc                _ZN3mod13ConsoleSystem8logErrorEPKcz
 .text._ZN3mod13ConsoleSystem7overlayEPKcz
                0x8000486c       0xbc console.o
                0x8000486c                _ZN3mod13ConsoleSystem7overlayEPKcz
 .text._ZN3mod13ConsoleSystem12setMonospaceEb
                0x80004928       0x24 console.o
                0x80004928                _ZN3mod13ConsoleSystem12setMonospaceEb
 .text._ZN3mod13ConsoleSystem4initEv
                0x8000494c       0x14 console.o
                0x8000494c                _ZN3mod13ConsoleSystem4initEv
 .text._ZN3mod13ConsoleSystem8drawLineEiPKcN2gc6color4E
                0x80004960      0x130 console.o
                0x80004960                _ZN3mod13ConsoleSystem8drawLineEiPKcN2gc6color4E
 .text._ZN3mod13ConsoleSystem14processCommandEPKc
                0x80004a90      0x1e4 console.o
                0x80004a90                _ZN3mod13ConsoleSystem14processCommandEPKc
 .text._ZN3mod13ConsoleSystem12updatePromptEv
                0x80004c74      0x2f0 console.o
                0x80004c74                _ZN3mod13ConsoleSystem12updatePromptEv
 .text._ZN3mod13ConsoleSystem14updateUsbGeckoEv
                0x80004f64      0x128 console.o
                0x80004f64                _ZN3mod13ConsoleSystem14updateUsbGeckoEv
 .text._ZN3mod13ConsoleSystem6updateEv
                0x8000508c       0x68 console.o
                0x8000508c                _ZN3mod13ConsoleSystem6updateEv
 .text._ZN3mod13ConsoleSystem4dispEv
                0x800050f4      0x368 console.o
                0x800050f4                _ZN3mod13ConsoleSystem4dispEv
 .text._ZZN3mod13ConsoleSystem6updateEvENUlN4ttyd7dispdrv8CameraIdEPvE_4_FUNES3_S4_
                0x8000545c        0x8 console.o
 .text.startup._GLOBAL__sub_I__ZN3mod10ConCommand6sFirstE
                0x80005464      0x17c console.o
 .text._Znwj    0x800055e0        0xc cxx.o
                0x800055e0                _Znwj
 .text._Znaj    0x800055ec        0x4 cxx.o
                0x800055ec                _Znaj
 .text._ZdlPv   0x800055f0        0xc cxx.o
                0x800055f0                _ZdlPv
 .text._ZdaPv   0x800055fc        0x4 cxx.o
                0x800055fc                _ZdaPv
 .text._ZL27checkIndividualStandardHeapPKN2gc2os9ChunkInfoE
                0x80005600       0x64 errorHandling.o
 .text._ZL24checkIndividualSmartHeapPKN4ttyd6memory19SmartAllocationDataE
                0x80005664       0x64 errorHandling.o
 .text._ZL22checkIndividualMapHeapPKN4ttyd6memory13MapAllocEntryE
                0x800056c8       0x50 errorHandling.o
 .text._ZL21initStandardHeapErrorPKvib
                0x80005718       0x94 errorHandling.o
 .text._ZL18initSmartHeapErrorPKvb
                0x800057ac       0x8c errorHandling.o
 .text._ZL16initMapHeapErrorPKvtb
                0x80005838       0xa4 errorHandling.o
 .text._ZN18HeapCorruptionInfo10drawBufferEv
                0x800058dc       0x98 errorHandling.o
                0x800058dc                _ZN18HeapCorruptionInfo10drawBufferEv
 .text._ZN21NpcNameToPtrErrorInfo16drawErrorMessageEv
                0x80005974       0x9c errorHandling.o
                0x80005974                _ZN21NpcNameToPtrErrorInfo16drawErrorMessageEv
 .text._ZN21AnimPoseMainErrorInfo16drawErrorMessageEv
                0x80005a10       0x9c errorHandling.o
                0x80005a10                _ZN21AnimPoseMainErrorInfo16drawErrorMessageEv
 .text._Z10checkHeapsv
                0x80005aac      0x110 errorHandling.o
                0x80005aac                _Z10checkHeapsv
 .text._Z17drawErrorMessagesv
                0x80005bbc       0x74 errorHandling.o
                0x80005bbc                _Z17drawErrorMessagesv
 .text._Z25checkForNpcNameToPtrErrorPKc
                0x80005c30       0x6c errorHandling.o
                0x80005c30                _Z25checkForNpcNameToPtrErrorPKc
 .text._Z24preventAnimPoseMainCrashi
                0x80005c9c       0x54 errorHandling.o
                0x80005c9c                _Z24preventAnimPoseMainCrashi
 .text.startup._GLOBAL__sub_I_npcNameToPtrErrorInfo
                0x80005cf0       0x1c errorHandling.o
 .text.exit._GLOBAL__sub_D_npcNameToPtrErrorInfo
                0x80005d0c       0x14 errorHandling.o
 .text._ZL22fixPouchInitMemoryLeakij
                0x80005d20       0x4c gamePatches.o
 .text._ZL12autoMashTextN2gc3pad5PadIdE
                0x80005d6c       0x48 gamePatches.o
 .text._ZL14fixMapProblemsv
                0x80005db4       0xe8 gamePatches.o
 .text.cFixBlooperCrash1
                0x80005e9c       0x38 gamePatches.o
                0x80005e9c                cFixBlooperCrash1
 .text.cPreventDiaryTextboxOptionSelection
                0x80005ed4       0x58 gamePatches.o
                0x80005ed4                cPreventDiaryTextboxOptionSelection
 .text._Z14applyGameFixesv
                0x80005f2c       0x68 gamePatches.o
                0x80005f2c                _Z14applyGameFixesv
 .text._Z23applyVariousGamePatchesv
                0x80005f94       0xf0 gamePatches.o
                0x80005f94                _Z23applyVariousGamePatchesv
 .text._ZN3mod8Keyboard7connectEv
                0x80006084       0x58 keyboard.o
                0x80006084                _ZN3mod8Keyboard7connectEv
 .text._ZN3mod8KeyboardC2Ei
                0x800060dc       0x20 keyboard.o
                0x800060dc                _ZN3mod8KeyboardC2Ei
                0x800060dc                _ZN3mod8KeyboardC1Ei
 .text._ZN3mod8Keyboard10disconnectEv
                0x800060fc       0x40 keyboard.o
                0x800060fc                _ZN3mod8Keyboard10disconnectEv
 .text._ZN3mod8Keyboard6updateEv
                0x8000613c      0x1d4 keyboard.o
                0x8000613c                _ZN3mod8Keyboard6updateEv
 .text._ZZN3mod3Mod4initEvENUlvE0_4_FUNEv
                0x80006310        0x4 mod.o
 .text._ZZN3mod3Mod11updateEarlyEvENUlN4ttyd7dispdrv8CameraIdEPvE_4_FUNES3_S4_
                0x80006314        0x4 mod.o
 .text._ZN3mod3ModC2Ev
                0x80006318       0x90 mod.o
                0x80006318                _ZN3mod3ModC2Ev
                0x80006318                _ZN3mod3ModC1Ev
 .text._ZN3mod3Mod4initEv
                0x800063a8      0x188 mod.o
                0x800063a8                _ZN3mod3Mod4initEv
 .text.startup._ZN3mod4mainEv
                0x80006530       0x38 mod.o
                0x80006530                _ZN3mod4mainEv
 .text._ZN3mod3Mod11updateEarlyEv
                0x80006568       0x8c mod.o
                0x80006568                _ZN3mod3Mod11updateEarlyEv
 .text._ZZN3mod3Mod4initEvENUlvE_4_FUNEv
                0x800065f4        0xc mod.o
 .text._ZN3mod5patch17clear_DC_IC_CacheEPvj
                0x80006600       0x3c patch.o
                0x80006600                _ZN3mod5patch17clear_DC_IC_CacheEPvj
 .text._ZN3mod5patch14writeEvtBranchEPiPKib
                0x8000663c       0x1c patch.o
                0x8000663c                _ZN3mod5patch14writeEvtBranchEPiPKib
 .text._ZN3mod5patch15writeBranchMainEPvS1_j
                0x80006658       0x18 patch.o
                0x80006658                _ZN3mod5patch15writeBranchMainEPvS1_j
 .text._ZN3mod5patch11writeBranchEPvS1_
                0x80006670        0x8 patch.o
                0x80006670                _ZN3mod5patch11writeBranchEPvS1_
 .text._ZN3mod5patch13writeBranchBLEPvS1_
                0x80006678        0xc patch.o
                0x80006678                _ZN3mod5patch13writeBranchBLEPvS1_
 .text._ZN3mod5patch10writePatchEPvPKvj
                0x80006684       0x5c patch.o
                0x80006684                _ZN3mod5patch10writePatchEPvPKvj
 .text._ZN3mod5patch10writePatchEPvj
                0x800066e0       0x2c patch.o
                0x800066e0                _ZN3mod5patch10writePatchEPvj
 .text._ZN3mod5patch15writeBranchPairEPvS1_S1_
                0x8000670c       0x3c patch.o
                0x8000670c                _ZN3mod5patch15writeBranchPairEPvS1_S1_
 .text.vsnprintf
                0x80006748       0x70 printf.o
                0x80006748                vsnprintf
 .text.snprintf
                0x800067b8       0x7c printf.o
                0x800067b8                snprintf
 .text._prolog  0x80006834       0x5c rel.o
                0x80006834                _prolog
 .text._epilog  0x80006890       0x4c rel.o
                0x80006890                _epilog
 .text._unresolved
                0x800068dc        0x4 rel.o
                0x800068dc                _unresolved
 .text._ZN3modL10ugTransferEiPvib
                0x800068e0      0x124 ug.o
 .text._ZN3mod7ugProbeEi
                0x80006a04       0xf8 ug.o
                0x80006a04                _ZN3mod7ugProbeEi
 .text._ZN3mod6ugSendEiPKvi
                0x80006afc        0x8 ug.o
                0x80006afc                _ZN3mod6ugSendEiPKvi
 .text._ZN3mod6ugRecvEiPvi
                0x80006b04        0x8 ug.o
                0x80006b04                _ZN3mod6ugRecvEiPvi
 .text.strstr   0x80006b0c       0x90 util.o
                0x80006b0c                strstr
 .text._ZN3mod4util16checkButtonComboEj
                0x80006b9c       0x4c util.o
                0x80006b9c                _ZN3mod4util16checkButtonComboEj
 .text._ZN3mod4util26checkButtonComboEveryFrameEj
                0x80006be8       0x34 util.o
                0x80006be8                _ZN3mod4util26checkButtonComboEveryFrameEj
 .text._ZN3mod4util10ptrIsValidEPv
                0x80006c1c       0x30 util.o
                0x80006c1c                _ZN3mod4util10ptrIsValidEPv
 .text._ZN3mod4util10intToFloatEi
                0x80006c4c       0x30 util.o
                0x80006c4c                _ZN3mod4util10intToFloatEi
 .text._ZN3mod4util25getTextMultilineIncrementEPKcfj
                0x80006c7c       0x4c util.o
                0x80006c7c                _ZN3mod4util25getTextMultilineIncrementEPKcfj
 .text._Z15ApplyAaaPatchesv
                0x80006cc8       0x50 aaa.o
                0x80006cc8                _Z15ApplyAaaPatchesv
 .text._Z15ApplyAjiPatchesv
                0x80006d18      0x83c aji.o
                0x80006d18                _Z15ApplyAjiPatchesv
 .text._Z15ApplyBomPatchesv
                0x80007554      0x300 bom.o
                0x80007554                _Z15ApplyBomPatchesv
 .text._Z15ApplyDouPatchesv
                0x80007854      0x2f0 dou.o
                0x80007854                _Z15ApplyDouPatchesv
 .text._Z15ApplyEkiPatchesv
                0x80007b44      0x254 eki.o
                0x80007b44                _Z15ApplyEkiPatchesv
 .text._Z15ApplyEndPatchesv
                0x80007d98       0x30 end.o
                0x80007d98                _Z15ApplyEndPatchesv
 .text._Z15ApplyGonPatchesv
                0x80007dc8      0x340 gon.o
                0x80007dc8                _Z15ApplyGonPatchesv
 .text._Z17ApplyGor00Patchesv
                0x80008108      0x5b0 gor_00.o
                0x80008108                _Z17ApplyGor00Patchesv
 .text.startup._GLOBAL__sub_I__Z17ApplyGor00Patchesv
                0x800086b8       0x14 gor_00.o
 .text._Z17ApplyGor01Patchesv
                0x800086cc      0x400 gor_01.o
                0x800086cc                _Z17ApplyGor01Patchesv
 .text._Z17ApplyGor02Patchesv
                0x80008acc      0x400 gor_02.o
                0x80008acc                _Z17ApplyGor02Patchesv
 .text._Z17ApplyGor03Patchesv
                0x80008ecc      0x47c gor_03.o
                0x80008ecc                _Z17ApplyGor03Patchesv
 .text._Z13strcpy_StringPcPKc
                0x80009348        0x4 gor_04.o
                0x80009348                _Z13strcpy_StringPcPKc
 .text._Z17ApplyGor04Patchesv
                0x8000934c      0x1d8 gor_04.o
                0x8000934c                _Z17ApplyGor04Patchesv
 .text._Z19ApplyGorMiscPatchesv
                0x80009524      0x14c gor_misc.o
                0x80009524                _Z19ApplyGorMiscPatchesv
 .text._Z15ApplyGorPatchesv
                0x80009670       0x30 gor_misc.o
                0x80009670                _Z15ApplyGorPatchesv
 .text._Z15ApplyGraPatchesv
                0x800096a0      0x200 gra.o
                0x800096a0                _Z15ApplyGraPatchesv
 .text._Z15ApplyHeiPatchesv
                0x800098a0      0x294 hei.o
                0x800098a0                _Z15ApplyHeiPatchesv
 .text._Z15ApplyHomPatchesv
                0x80009b34      0x140 hom.o
                0x80009b34                _Z15ApplyHomPatchesv
 .text._Z15ApplyJinPatchesv
                0x80009c74      0x2fc jin.o
                0x80009c74                _Z15ApplyJinPatchesv
 .text._Z15ApplyKpaPatchesv
                0x80009f70       0xd0 kpa.o
                0x80009f70                _Z15ApplyKpaPatchesv
 .text._Z24ApplyMainAssemblyPatchesv
                0x8000a040      0x55c main.o
                0x8000a040                _Z24ApplyMainAssemblyPatchesv
 .text._Z22ApplyMainScriptPatchesv
                0x8000a59c      0x1d4 main.o
                0x8000a59c                _Z22ApplyMainScriptPatchesv
 .text._Z25ApplyItemDataTablePatchesv
                0x8000a770      0x15c main.o
                0x8000a770                _Z25ApplyItemDataTablePatchesv
 .text._Z15ApplyMriPatchesv
                0x8000a8cc      0xbbc mri.o
                0x8000a8cc                _Z15ApplyMriPatchesv
 .text._Z15ApplyMujPatchesv
                0x8000b488      0x980 muj.o
                0x8000b488                _Z15ApplyMujPatchesv
 .text._Z15ApplyNokPatchesv
                0x8000be08      0x36c nok.o
                0x8000be08                _Z15ApplyNokPatchesv
 .text._Z15ApplyPikPatchesv
                0x8000c174      0x51c pik.o
                0x8000c174                _Z15ApplyPikPatchesv
 .text._Z15ApplyRshPatchesv
                0x8000c690      0xe20 rsh.o
                0x8000c690                _Z15ApplyRshPatchesv
 .text._Z24checkChapterRequirementsPN4ttyd6evtmgr8EvtEntryEb
                0x8000d4b0       0x7c tik.o
                0x8000d4b0                _Z24checkChapterRequirementsPN4ttyd6evtmgr8EvtEntryEb
 .text._Z18checkChapterClearsPN4ttyd6evtmgr8EvtEntryEb
                0x8000d52c       0x5c tik.o
                0x8000d52c                _Z18checkChapterClearsPN4ttyd6evtmgr8EvtEntryEb
 .text._Z15ApplyTikPatchesv
                0x8000d588      0x578 tik.o
                0x8000d588                _Z15ApplyTikPatchesv
 .text._Z15ApplyTouPatchesv
                0x8000db00     0x10a8 tou.o
                0x8000db00                _Z15ApplyTouPatchesv
 .text._Z16ApplyTou2Patchesv
                0x8000eba8      0x34c tou2.o
                0x8000eba8                _Z16ApplyTou2Patchesv
 .text._Z15ApplyUsuPatchesv
                0x8000eef4      0x894 usu.o
                0x8000eef4                _Z15ApplyUsuPatchesv
 .text._Z15ApplyWinPatchesv
                0x8000f788      0x2e4 win.o
                0x8000f788                _Z15ApplyWinPatchesv
 *(.gnu.warning)
 *(.gnu.linkonce.t.*)
                0x8000fa80                        . = ALIGN (0x20)
 *fill*         0x8000fa6c       0x14 00000000

.text._ZN3mod13mario_set_posMUlPKcE_4_FUNES2_
                0x00000000       0x5c
 .text._ZN3mod13mario_set_posMUlPKcE_4_FUNES2_
                0x00000000       0x5c con_mario.o
                0x00000000                _ZN3mod13mario_set_posMUlPKcE_4_FUNES2_
                0x00000000                _ZN3mod13mario_set_posMUlPKcE_4_FUNES1_

.text._ZN3mod15perf_fake_spikeMUlPKcE_4_FUNES2_
                0x00000000       0x7c
 .text._ZN3mod15perf_fake_spikeMUlPKcE_4_FUNES2_
                0x00000000       0x7c con_perf.o
                0x00000000                _ZN3mod15perf_fake_spikeMUlPKcE_4_FUNES1_
                0x00000000                _ZN3mod15perf_fake_spikeMUlPKcE_4_FUNES2_

.text._ZN3mod14seq_change_mapMUlPKcE_4_FUNES2_
                0x00000000       0xc4
 .text._ZN3mod14seq_change_mapMUlPKcE_4_FUNES2_
                0x00000000       0xc4 con_seq.o
                0x00000000                _ZN3mod14seq_change_mapMUlPKcE_4_FUNES2_
                0x00000000                _ZN3mod14seq_change_mapMUlPKcE_4_FUNES1_

.text._ZN3mod8con_monoMUlPNS_9ConIntVarEiE_4_FUNES2_i
                0x00000000       0x18
 .text._ZN3mod8con_monoMUlPNS_9ConIntVarEiE_4_FUNES2_i
                0x00000000       0x18 console.o
                0x00000000                _ZN3mod8con_monoMUlPNS_9ConIntVarEiE_4_FUNES1_i
                0x00000000                _ZN3mod8con_monoMUlPNS_9ConIntVarEiE_4_FUNES2_i

.text._ZN18HeapCorruptionInfo10initBufferEv
                0x00000000       0x34
 .text._ZN18HeapCorruptionInfo10initBufferEv
                0x00000000       0x34 errorHandling.o
                0x00000000                _ZN18HeapCorruptionInfo10initBufferEv

.fini           0x00000034        0xc
 *(.fini)
                0x00000040                        . = ALIGN (0x20)
 *fill*         0x00000034        0xc 00000000
                [!provide]                        PROVIDE (__etext = .)
                [!provide]                        PROVIDE (_etext = .)
                [!provide]                        PROVIDE (etext = .)

.rodata         0x00000040     0xc3f9
 *(.rodata)
 *(.rodata.*)
 .rodata._ZZN3mod3owr3OWR4InitEvENUliE_4_FUNEi
                0x00000040       0x10 OWR.o
 .rodata._ZZN3mod3owr3OWR4InitEvENUlPKcE_4_FUNES3_.str1.1
                0x00000050      0x24b OWR.o
 .rodata._ZZN3mod3owr3OWR4InitEvENUlN4ttyd6seqdrv8SeqIndexEPvS5_E_4_FUNES4_S5_S5_.str1.1
                0x0000029b        0xe OWR.o
 *fill*         0x000002a9        0x3 
 .rodata._ZN3mod3owr3OWR14OnModuleLoadedEPN2gc6OSLink12OSModuleInfoE
                0x000002ac       0x70 OWR.o
 .rodata._ZL8GSWF_ARR
                0x0000031c       0x1c OWR.o
 .rodata.cst4   0x00000338        0x4 OWR.o
 .rodata._ZN3mod13mario_set_posMUlPKcE_4_FUNES2_.str1.1
                0x0000033c        0x9 con_mario.o
 .rodata._ZN3modL13mod_if_func24Ev.str1.1
                0x00000345       0x20 con_mario.o
 .rodata._GLOBAL__sub_I__ZN3mod13mario_set_posE.str1.1
                0x00000365       0x1d con_mario.o
 .rodata._ZN3modL13mod_if_func51Ev.str1.1
                0x00000382       0x5b con_perf.o
 .rodata._ZN3mod15perf_fake_spikeMUlPKcE_4_FUNES2_.str1.1
                0x000003dd        0x3 con_perf.o
 .rodata._ZN3modL13mod_if_func34Ev.str1.1
                0x000003e0       0x1c con_perf.o
 .rodata._GLOBAL__sub_I__ZN3mod15perf_fake_spikeE.str1.1
                0x000003fc       0x29 con_perf.o
 *fill*         0x00000425        0x3 
 .rodata.cst4   0x00000428       0x10 con_perf.o
 .rodata._ZN3mod14seq_change_mapMUlPKcE_4_FUNES2_.str1.1
                0x00000438       0x1e con_seq.o
 .rodata._GLOBAL__sub_I__ZN3mod13seq_logo_skipE.str1.1
                0x00000456       0x1d con_seq.o
 .rodata._ZN3mod13ConsoleSystem8logColorEPKcN2gc6color4E.str1.1
                0x00000473       0x80 console.o
 .rodata._ZN3mod7CC_findEPKc.str1.1
                0x000004f3       0x1d console.o
 .rodata._ZN3mod13ConsoleSystem14processCommandEPKc.str1.1
                0x00000510       0x28 console.o
 .rodata._ZN3mod13ConsoleSystem14updateUsbGeckoEv.str1.1
                0x00000538       0x74 console.o
 .rodata._ZN3mod13ConsoleSystem4dispEv.str1.1
                0x000005ac       0x16 console.o
 .rodata._GLOBAL__sub_I__ZN3mod10ConCommand6sFirstE.str1.1
                0x000005c2       0x7f console.o
 .rodata._ZZN3mod13ConsoleSystem4dispEvE12kPromptColor
                0x00000641        0x4 console.o
 *fill*         0x00000645        0x3 
 .rodata.cst4   0x00000648        0x8 console.o
 .rodata._ZL21initStandardHeapErrorPKvib.str1.1
                0x00000650       0x30 errorHandling.o
 .rodata._ZL18initSmartHeapErrorPKvb.str1.1
                0x00000680       0x23 errorHandling.o
 .rodata._ZL16initMapHeapErrorPKvtb.str1.1
                0x000006a3       0x2b errorHandling.o
 .rodata._ZN21NpcNameToPtrErrorInfo16drawErrorMessageEv.str1.1
                0x000006ce       0x1f errorHandling.o
 .rodata._ZN21AnimPoseMainErrorInfo16drawErrorMessageEv.str1.1
                0x000006ed       0x1f errorHandling.o
 .rodata.cst4   0x0000070c       0x10 errorHandling.o
 .rodata._ZL14fixMapProblemsv.str1.1
                0x0000071c       0x1e gamePatches.o
 .rodata.cPreventDiaryTextboxOptionSelection.str1.1
                0x0000073a       0x19 gamePatches.o
 *fill*         0x00000753        0x1 
 .rodata.cst4   0x00000754        0x4 mod.o
 .rodata.cst4   0x00000758        0x8 util.o
 .rodata._ZL20aji_17_init_evt_hook
                0x00000760       0x10 aji.o
 .rodata._ZL19aji_17_init_evt_evt
                0x00000770       0x4c aji.o
 .rodata._ZL20aji_10_init_evt_hook
                0x000007bc       0x10 aji.o
 .rodata.str1.1
                0x000007cc       0x37 aji.o
 *fill*         0x00000803        0x1 
 .rodata._ZL19aji_10_init_evt_evt
                0x00000804      0x288 aji.o
 .rodata._ZL18teshita3_init_hook
                0x00000a8c       0x10 aji.o
 .rodata._ZL17teshita3_init_evt
                0x00000a9c       0xc0 aji.o
 .rodata._ZL18teshita2_init_hook
                0x00000b5c       0x10 aji.o
 .rodata._ZL17teshita2_init_evt
                0x00000b6c       0xc0 aji.o
 .rodata._ZL20peach_evt_ele_2_hook
                0x00000c2c       0x24 aji.o
 .rodata._ZL19peach_evt_ele_2_evt
                0x00000c50       0x6c aji.o
 .rodata._ZL20aji_00_init_evt_hook
                0x00000cbc       0x10 aji.o
 .rodata._ZL19aji_00_init_evt_evt
                0x00000ccc       0x5c aji.o
 .rodata._ZL4npc4
                0x00000d28       0x13 aji.o
 *fill*         0x00000d3b        0x1 
 .rodata._ZL4npc3
                0x00000d3c        0x7 aji.o
 *fill*         0x00000d43        0x1 
 .rodata._ZL4npc2
                0x00000d44        0xf aji.o
 *fill*         0x00000d53        0x1 
 .rodata._ZL4npc1
                0x00000d54        0x7 aji.o
 .rodata.str1.1
                0x00000d5b       0x12 dou.o
 *fill*         0x00000d6d        0x3 
 .rodata._ZL20peramajin_after_item
                0x00000d70       0x9c dou.o
 .rodata._ZL12evt_elv_hook
                0x00000e0c       0x28 eki.o
 .rodata.str1.1
                0x00000e34       0x2f eki.o
 *fill*         0x00000e63        0x1 
 .rodata._ZL11evt_elv_evt
                0x00000e64      0x104 eki.o
 .rodata.str1.1
                0x00000f68        0xb gon.o
 *fill*         0x00000f73        0x1 
 .rodata._ZL19gon_evt_majin2_item
                0x00000f74       0xd0 gon.o
 .rodata._ZL21gor_00_init_evt2_hook
                0x00001044       0x10 gor_00.o
 .rodata._ZL21gor_00_init_evt1_hook
                0x00001054       0x10 gor_00.o
 .rodata.str1.1
                0x00001064      0x25e gor_00.o
 *fill*         0x000012c2        0x2 
 .rodata._ZL16gor_00_init_evt1
                0x000012c4      0x1f8 gor_00.o
 .rodata._ZL18korutesu_init_hook
                0x000014bc       0x10 gor_00.o
 .rodata._ZL17korutesu_init_evt
                0x000014cc       0x58 gor_00.o
 .rodata._ZL20suifubomb_b_talk_evt
                0x00001524       0xd4 gor_00.o
 .rodata._ZL21suifubomb_b_regl_hook
                0x000015f8       0x10 gor_00.o
 .rodata._ZL20suifubomb_b_regl_evt
                0x00001608      0x120 gor_00.o
 .rodata._ZL20suifubomb_a_talk_evt
                0x00001728      0x150 gor_00.o
 .rodata._ZL21suifubomb_a_regl_hook
                0x00001878       0x10 gor_00.o
 .rodata._ZL20suifubomb_a_regl_evt
                0x00001888       0x90 gor_00.o
 .rodata._ZL21suifubomb_a_init_hook
                0x00001918       0x10 gor_00.o
 .rodata._ZL20suifubomb_a_init_evt
                0x00001928       0xc8 gor_00.o
 .rodata._ZL16suifu_b_talk_evt
                0x000019f0       0xd4 gor_00.o
 .rodata._ZL20luigi_npcEnt_00_hook
                0x00001ac4       0x10 gor_00.o
 .rodata._ZL19luigi_npcEnt_00_evt
                0x00001ad4       0x80 gor_00.o
 .rodata._ZL18luigi_init_00_hook
                0x00001b54       0x10 gor_00.o
 .rodata._ZL17luigi_init_00_evt
                0x00001b64       0x50 gor_00.o
 .rodata._ZL16mokorim_init_evt
                0x00001bb4       0x30 gor_00.o
 .rodata._ZL17suifu_b_init_hook
                0x00001be4       0x10 gor_00.o
 .rodata._ZL16suifu_b_init_evt
                0x00001bf4       0xc8 gor_00.o
 .rodata._ZL17suifu_a_regl_hook
                0x00001cbc       0x10 gor_00.o
 .rodata._ZL16suifu_a_regl_evt
                0x00001ccc       0x80 gor_00.o
 .rodata._ZL16suifu_a_talk_evt
                0x00001d4c       0xd4 gor_00.o
 .rodata._ZL19odoodo_ani_talk_evt
                0x00001e20       0x20 gor_00.o
 .rodata._ZL15odoodo_talk_evt
                0x00001e40      0x128 gor_00.o
 .rodata._ZL16odoodo_regl_hook
                0x00001f68       0x10 gor_00.o
 .rodata._ZL15odoodo_regl_evt
                0x00001f78       0x94 gor_00.o
 .rodata._ZL16odoodo_init_hook
                0x0000200c       0x10 gor_00.o
 .rodata._ZL15odoodo_init_evt
                0x0000201c      0x114 gor_00.o
 .rodata._ZL17garawaru_talk_evt
                0x00002130       0xb8 gor_00.o
 .rodata._ZL18garawaru_regl_hook
                0x000021e8       0x10 gor_00.o
 .rodata._ZL17garawaru_regl_evt
                0x000021f8      0x120 gor_00.o
 .rodata._ZL18garawaru_init_hook
                0x00002318       0x10 gor_00.o
 .rodata._ZL17garawaru_init_evt
                0x00002328      0x140 gor_00.o
 .rodata._ZL7npcEnt2
                0x00002468        0x9 gor_00.o
 *fill*         0x00002471        0x3 
 .rodata._ZL6npcEnt
                0x00002474        0x9 gor_00.o
 .rodata.str1.1
                0x0000247d       0x9f gor_01.o
 .rodata._ZL15bomhei_talk_evt
                0x0000251c       0x20 gor_01.o
 .rodata._ZL16chusan2_talk_evt
                0x0000253c       0x20 gor_01.o
 .rodata._ZL16chusan1_talk_evt
                0x0000255c       0x20 gor_01.o
 .rodata._ZL16kuribo3_talk_evt
                0x0000257c       0x20 gor_01.o
 .rodata._ZL16kuribo2_talk_evt
                0x0000259c       0x20 gor_01.o
 .rodata._ZL16kuribo1_talk_evt
                0x000025bc       0x20 gor_01.o
 .rodata._ZL15roten2_talk_evt
                0x000025dc       0x20 gor_01.o
 .rodata._ZL15roten1_talk_evt
                0x000025fc       0x20 gor_01.o
 .rodata._ZL19shoptender_talk_evt
                0x0000261c       0x20 gor_01.o
 .rodata._ZL15kinoji_talk_evt
                0x0000263c       0x20 gor_01.o
 .rodata._ZL19bottakuru_init_hook
                0x0000265c       0x10 gor_01.o
 .rodata._ZL18bottakuru_init_evt
                0x0000266c       0x70 gor_01.o
 .rodata._ZL18marco_init_01_hook
                0x000026dc       0x10 gor_01.o
 .rodata._ZL17marco_init_01_evt
                0x000026ec       0x40 gor_01.o
 .rodata._ZL20badgemaster_talk_evt
                0x0000272c       0x20 gor_01.o
 .rodata._ZL15luigi_init_hook
                0x0000274c       0x10 gor_02.o
 .rodata.str1.1
                0x0000275c      0x22d gor_02.o
 *fill*         0x00002989        0x3 
 .rodata._ZL14luigi_init_evt
                0x0000298c       0x4c gor_02.o
 .rodata._ZL20tozokudan2_talk_hook
                0x000029d8        0xc gor_02.o
 .rodata._ZL19tozokudan2_talk_evt
                0x000029e4      0x160 gor_02.o
 .rodata._ZL20tozokudan1_talk_hook
                0x00002b44        0xc gor_02.o
 .rodata._ZL19tozokudan1_talk_evt
                0x00002b50      0x160 gor_02.o
 .rodata._ZL20kurihakase_init_hook
                0x00002cb0       0x10 gor_02.o
 .rodata._ZL19kurihakase_init_evt
                0x00002cc0      0x294 gor_02.o
 .rodata._ZL19kurihakase_talk_evt
                0x00002f54      0x2cc gor_02.o
 .rodata._ZL22evt_door_02_open_hook2
                0x00003220       0x10 gor_02.o
 .rodata._ZL21evt_door_02_open_evt2
                0x00003230       0xc4 gor_02.o
 .rodata._ZL21evt_door_02_open_hook
                0x000032f4       0x10 gor_02.o
 .rodata._ZL20evt_door_02_open_evt
                0x00003304      0x184 gor_02.o
 .rodata._ZL21gor_02_init_evt2_hook
                0x00003488       0x10 gor_02.o
 .rodata._ZL16gor_02_init_evt2
                0x00003498       0xcc gor_02.o
 .rodata._ZL21gor_02_init_evt1_hook
                0x00003564       0x10 gor_02.o
 .rodata._ZL16gor_02_init_evt1
                0x00003574      0x138 gor_02.o
 .rodata._ZL16borodo2_talk_evt
                0x000036ac       0x20 gor_02.o
 .rodata._ZL16borodo1_talk_evt
                0x000036cc       0x20 gor_02.o
 .rodata._ZL15roten3_talk_evt
                0x000036ec       0x20 gor_02.o
 .rodata._ZL16chusan3_talk_evt
                0x0000370c       0x20 gor_02.o
 .rodata._ZL16kuribo4_talk_evt
                0x0000372c       0x20 gor_02.o
 .rodata._ZL20gor_03_init_evt_hook
                0x0000374c       0x10 gor_03.o
 .rodata.str1.1
                0x0000375c      0x100 gor_03.o
 .rodata._ZL19gor_03_init_evt_evt
                0x0000385c      0x160 gor_03.o
 .rodata._ZL16maffia3_talk_evt
                0x000039bc       0x20 gor_03.o
 .rodata._ZL16maffia2_talk_evt
                0x000039dc      0x140 gor_03.o
 .rodata._ZL16maffia1_talk_evt
                0x00003b1c      0x140 gor_03.o
 .rodata._ZL26maffiaboss_casino_talk_evt
                0x00003c5c       0x20 gor_03.o
 .rodata._ZL26maffiaboss_talk_common_evt
                0x00003c7c      0x120 gor_03.o
 .rodata._Z17ApplyGor04Patchesv.str1.1
                0x00003d9c       0x12 gor_04.o
 .rodata.str1.1
                0x00003dae        0x7 gor_misc.o
 *fill*         0x00003db5        0x3 
 .rodata._ZL9party_evt
                0x00003db8       0x9c gor_misc.o
 .rodata._ZL9goombella
                0x00003e54        0x9 gor_misc.o
 .rodata.str1.1
                0x00003e5d       0x18 gra.o
 *fill*         0x00003e75        0x3 
 .rodata._ZL17evt_machibuse_evt
                0x00003e78       0x4c gra.o
 .rodata._ZL8doopliss
                0x00003ec4        0xb gra.o
 *fill*         0x00003ecf        0x1 
 .rodata._ZL11stones_hook
                0x00003ed0       0x10 hei.o
 .rodata.str1.1
                0x00003ee0       0x21 hei.o
 *fill*         0x00003f01        0x3 
 .rodata._ZL10stones_evt
                0x00003f04       0xd8 hei.o
 .rodata._ZL9party_evt
                0x00003fdc       0x80 hei.o
 .rodata._ZL5koops
                0x0000405c        0xb hei.o
 *fill*         0x00004067        0x1 
 .rodata._ZL20hom_00_init_evt_hook
                0x00004068       0x10 hom.o
 .rodata.str1.1
                0x00004078       0x1f hom.o
 *fill*         0x00004097        0x1 
 .rodata._ZL19hom_00_init_evt_evt
                0x00004098       0x94 hom.o
 .rodata._Z25ApplyItemDataTablePatchesv.str1.1
                0x0000412c       0xc2 main.o
 *fill*         0x000041ee        0x2 
 .rodata._ZL20mri_09_init_evt_hook
                0x000041f0       0x10 mri.o
 .rodata.str1.1
                0x00004200      0x181 mri.o
 *fill*         0x00004381        0x3 
 .rodata._ZL19mri_09_init_evt_evt
                0x00004384      0x14c mri.o
 .rodata._ZL20mri_04_init_evt_hook
                0x000044d0       0x10 mri.o
 .rodata._ZL19mri_04_init_evt_evt
                0x000044e0       0x30 mri.o
 .rodata._ZL16bero_custom_hook
                0x00004510       0x10 mri.o
 .rodata._ZL15bero_custom_evt
                0x00004520       0x44 mri.o
 .rodata._ZL21mri_01_init_evt_hook2
                0x00004564       0x10 mri.o
 .rodata._ZL19mri_01_init_evt_evt
                0x00004574       0x30 mri.o
 .rodata._ZL18puniinfo_talk_hook
                0x000045a4       0x10 mri.o
 .rodata._ZL20mri_03_init_evt_hook
                0x000045b4       0x14 mri.o
 .rodata._ZL22mri_03_init_evt_switch
                0x000045c8       0x9c mri.o
 .rodata._ZL20mri_01_init_evt_hook
                0x00004664       0x14 mri.o
 .rodata._ZL22mri_01_init_evt_switch
                0x00004678       0xb0 mri.o
 .rodata._ZL23mri_sister_init_01_hook
                0x00004728       0x10 mri.o
 .rodata._ZL22mri_sister_init_01_evt
                0x00004738       0xa8 mri.o
 .rodata._ZL16puni_2_init_hook
                0x000047e0       0x10 mri.o
 .rodata._ZL15puni_2_init_evt
                0x000047f0       0x78 mri.o
 .rodata._ZL16puni_1_talk_hook
                0x00004868       0x10 mri.o
 .rodata._ZL15puni_1_talk_evt
                0x00004878       0xb0 mri.o
 .rodata._ZL16puni_1_init_hook
                0x00004928       0x10 mri.o
 .rodata._ZL15puni_1_init_evt
                0x00004938       0x78 mri.o
 .rodata._ZL15elder_talk_hook
                0x000049b0       0x10 mri.o
 .rodata._ZL14elder_talk_evt
                0x000049c0       0xb8 mri.o
 .rodata._ZL22mri_elder_init_01_hook
                0x00004a78       0x10 mri.o
 .rodata._ZL21mri_elder_init_01_evt
                0x00004a88       0xcc mri.o
 .rodata._ZL22mri_rival_init_01_hook
                0x00004b54       0x10 mri.o
 .rodata._ZL21mri_rival_init_01_evt
                0x00004b64       0xa8 mri.o
 .rodata._ZL18guide_init_01_hook
                0x00004c0c       0x10 mri.o
 .rodata._ZL17guide_init_01_evt
                0x00004c1c       0x8c mri.o
 .rodata._ZL15guide_talk_hook
                0x00004ca8       0x10 mri.o
 .rodata._ZL14guide_talk_evt
                0x00004cb8       0x98 mri.o
 .rodata._ZL18guide_init_00_hook
                0x00004d50       0x10 mri.o
 .rodata._ZL17guide_init_00_evt
                0x00004d60      0x150 mri.o
 .rodata._ZL14muj_party_hook
                0x00004eb0       0x10 muj.o
 .rodata.str1.1
                0x00004ec0      0x38f muj.o
 *fill*         0x0000524f        0x1 
 .rodata._ZL13muj_party_evt
                0x00005250       0xac muj.o
 .rodata._ZL22peton_init_muj_01_hook
                0x000052fc       0x10 muj.o
 .rodata._ZL21peton_init_muj_01_evt
                0x0000530c       0x54 muj.o
 .rodata._ZL21mony_init_muj_01_hook
                0x00005360       0x10 muj.o
 .rodata._ZL20mony_init_muj_01_evt
                0x00005370       0x54 muj.o
 .rodata._ZL17koburon_dead_hook
                0x000053c4      0x15c muj.o
 .rodata._ZL16koburon_dead_evt
                0x00005520      0x22c muj.o
 .rodata._ZL20muj_01_init_evt_hook
                0x0000574c       0x10 muj.o
 .rodata._ZL19muj_01_init_evt_evt
                0x0000575c       0x50 muj.o
 .rodata._ZL21borosuifu_b_talk_hook
                0x000057ac       0x10 muj.o
 .rodata._ZL20borosuifu_b_talk_evt
                0x000057bc       0xf8 muj.o
 .rodata._ZL21borosuifu_a_talk_hook
                0x000058b4       0x10 muj.o
 .rodata._ZL20borosuifu_a_talk_evt
                0x000058c4       0xf8 muj.o
 .rodata._ZL24suifu_d_talk_muj_01_hook
                0x000059bc       0x10 muj.o
 .rodata._ZL23suifu_d_talk_muj_01_evt
                0x000059cc       0xf8 muj.o
 .rodata._ZL20suifu_bomb_talk_hook
                0x00005ac4       0x10 muj.o
 .rodata._ZL19suifu_bomb_talk_evt
                0x00005ad4       0xf4 muj.o
 .rodata._ZL20suifu_bomb_init_hook
                0x00005bc8       0x10 muj.o
 .rodata._ZL19suifu_bomb_init_evt
                0x00005bd8       0x30 muj.o
 .rodata._ZL24suifu_a_talk_muj_01_hook
                0x00005c08       0x10 muj.o
 .rodata._ZL23suifu_a_talk_muj_01_evt
                0x00005c18       0xf4 muj.o
 .rodata._ZL24suifu_a_init_muj_01_hook
                0x00005d0c       0x10 muj.o
 .rodata._ZL23suifu_a_init_muj_01_evt
                0x00005d1c       0x40 muj.o
 .rodata._ZL23odoodo_init_muj_01_hook
                0x00005d5c       0x10 muj.o
 .rodata._ZL22odoodo_init_muj_01_evt
                0x00005d6c       0x40 muj.o
 .rodata._ZL23megane_init_muj_01_hook
                0x00005dac       0x10 muj.o
 .rodata._ZL22megane_init_muj_01_evt
                0x00005dbc       0x40 muj.o
 .rodata._ZL22marco_init_muj_01_hook
                0x00005dfc       0x10 muj.o
 .rodata._ZL21marco_init_muj_01_evt
                0x00005e0c       0x9c muj.o
 .rodata._ZL25garawaru_talk_muj_01_hook
                0x00005ea8       0x10 muj.o
 .rodata._ZL24garawaru_talk_muj_01_evt
                0x00005eb8      0x4b4 muj.o
 .rodata._ZL25garawaru_init_muj_01_hook
                0x0000636c       0x10 muj.o
 .rodata._ZL24garawaru_init_muj_01_evt
                0x0000637c       0xd8 muj.o
 .rodata._ZL20muj_00_init_evt_hook
                0x00006454       0x44 muj.o
 .rodata._ZL21muj_00_init_evt_evt_2
                0x00006498       0x70 muj.o
 .rodata._ZL19muj_00_init_evt_evt
                0x00006508       0x40 muj.o
 .rodata._ZL22peton_talk_muj_00_hook
                0x00006548       0x10 muj.o
 .rodata._ZL21peton_talk_muj_00_evt
                0x00006558       0x8c muj.o
 .rodata._ZL21mony_talk_muj_00_hook
                0x000065e4       0x10 muj.o
 .rodata._ZL20mony_talk_muj_00_evt
                0x000065f4       0x8c muj.o
 .rodata._ZL17nokorin_talk_hook
                0x00006680       0x10 nok.o
 .rodata.str1.1
                0x00006690      0x4b1 nok.o
 *fill*         0x00006b41        0x3 
 .rodata._ZL16nokorin_talk_evt
                0x00006b44      0x2f4 nok.o
 .rodata._ZL19boss_noko_talk_hook
                0x00006e38       0x10 nok.o
 .rodata._ZL18boss_noko_talk_evt
                0x00006e48      0x164 nok.o
 .rodata._ZL20nokonoko_K_talk_hook
                0x00006fac       0x10 nok.o
 .rodata._ZL19nokonoko_K_talk_evt
                0x00006fbc       0xd4 nok.o
 .rodata._ZL18nokopapa_talk_hook
                0x00007090       0x10 nok.o
 .rodata._ZL17nokopapa_talk_evt
                0x000070a0      0x128 nok.o
 .rodata._ZL16monban_talk_hook
                0x000071c8       0x10 nok.o
 .rodata._ZL15monban_talk_evt
                0x000071d8      0x11c nok.o
 .rodata._ZL20nokonoko_I_talk_hook
                0x000072f4       0x10 nok.o
 .rodata._ZL19nokonoko_I_talk_evt
                0x00007304       0xd4 nok.o
 .rodata._ZL20nokonoko_H_talk_hook
                0x000073d8       0x10 nok.o
 .rodata._ZL19nokonoko_H_talk_evt
                0x000073e8       0xfc nok.o
 .rodata._ZL20nokonoko_G_talk_hook
                0x000074e4       0x10 nok.o
 .rodata._ZL19nokonoko_G_talk_evt
                0x000074f4       0xd4 nok.o
 .rodata._ZL15talk_white_hook
                0x000075c8       0x10 nok.o
 .rodata._ZL14talk_white_evt
                0x000075d8       0xa4 nok.o
 .rodata._ZL15init_white_hook
                0x0000767c       0x10 nok.o
 .rodata._ZL14init_white_evt
                0x0000768c       0x44 nok.o
 .rodata._ZL20nokonoko_F_talk_hook
                0x000076d0       0x10 nok.o
 .rodata._ZL19nokonoko_F_talk_evt
                0x000076e0       0xd4 nok.o
 .rodata._ZL20nokonoko_D_talk_hook
                0x000077b4       0x10 nok.o
 .rodata._ZL19nokonoko_D_talk_evt
                0x000077c4       0xfc nok.o
 .rodata._ZL20nokonoko_C_talk_hook
                0x000078c0       0x10 nok.o
 .rodata._ZL19nokonoko_C_talk_evt
                0x000078d0       0xd4 nok.o
 .rodata._ZL20nokonoko_B_talk_hook
                0x000079a4       0x10 nok.o
 .rodata._ZL19nokonoko_B_talk_evt
                0x000079b4       0xd4 nok.o
 .rodata._ZL20nokonoko_A_talk_hook
                0x00007a88       0x10 nok.o
 .rodata._ZL19nokonoko_A_talk_evt
                0x00007a98      0x10c nok.o
 .rodata._ZL16pik_00_init_hook
                0x00007ba4       0x10 pik.o
 .rodata.str1.1
                0x00007bb4      0x15a pik.o
 *fill*         0x00007d0e        0x2 
 .rodata._ZL19pik_00_init_evt_evt
                0x00007d10       0x58 pik.o
 .rodata._ZL32pik_talk_madam_ring_return_hook3
                0x00007d68       0x10 pik.o
 .rodata._ZL20talk_madam_ring_item
                0x00007d78       0x8c pik.o
 .rodata._ZL14evt_daiza_hook
                0x00007e04       0x1c pik.o
 .rodata._ZL13evt_daiza_evt
                0x00007e20       0x5c pik.o
 .rodata._ZL18pik_evt_powan_hook
                0x00007e7c       0x28 pik.o
 .rodata._ZL17pik_evt_powan_evt
                0x00007ea4       0x94 pik.o
 .rodata._ZL16takun6_talk_hook
                0x00007f38       0x10 pik.o
 .rodata._ZL15takun6_talk_evt
                0x00007f48       0x78 pik.o
 .rodata._ZL16takun5_talk_hook
                0x00007fc0       0x10 pik.o
 .rodata._ZL15takun5_talk_evt
                0x00007fd0       0x78 pik.o
 .rodata._ZL16takun4_talk_hook
                0x00008048       0x10 pik.o
 .rodata._ZL15takun4_talk_evt
                0x00008058       0xb4 pik.o
 .rodata._ZL18miyageya_talk_hook
                0x0000810c       0x28 pik.o
 .rodata._ZL17miyageya_talk_evt
                0x00008134      0x114 pik.o
 .rodata._ZL7madame2
                0x00008248        0x7 pik.o
 *fill*         0x0000824f        0x1 
 .rodata._ZL28talk_madam_ring_return_hook3
                0x00008250       0x10 rsh.o
 .rodata.str1.1
                0x00008260      0x1ac rsh.o
 .rodata._ZL20talk_madam_ring_item
                0x0000840c       0x8c rsh.o
 .rodata._ZL28talk_madam_ring_return_hook2
                0x00008498       0x10 rsh.o
 .rodata._ZL28talk_madam_ring_return_hook1
                0x000084a8       0x10 rsh.o
 .rodata._ZL26talk_madam_ring_return_evt
                0x000084b8       0x78 rsh.o
 .rodata._ZL16init_konari_hook
                0x00008530       0x10 rsh.o
 .rodata._ZL14init_papa_hook
                0x00008540       0x10 rsh.o
 .rodata._ZL15init_konari_evt
                0x00008550       0x9c rsh.o
 .rodata._ZL15init_powan_hook
                0x000085ec       0x10 rsh.o
 .rodata._ZL14init_powan_evt
                0x000085fc       0xec rsh.o
 .rodata._ZL19talk_waitless_hook2
                0x000086e8       0x10 rsh.o
 .rodata._ZL19talk_waitless_hook1
                0x000086f8       0x10 rsh.o
 .rodata._ZL17talk_waitless_evt
                0x00008708       0x78 rsh.o
 .rodata._ZL21rsh_01_init_evt_hook2
                0x00008780       0x10 rsh.o
 .rodata._ZL19rsh_01_init_evt_evt
                0x00008790       0xd8 rsh.o
 .rodata._ZL20rsh_00_init_evt_hook
                0x00008868       0x10 rsh.o
 .rodata._ZL19rsh_00_init_evt_evt
                0x00008878       0xb8 rsh.o
 .rodata._ZL20rsh_04_init_evt_hook
                0x00008930       0x10 rsh.o
 .rodata._ZL20rsh_03_init_evt_hook
                0x00008940       0x10 rsh.o
 .rodata._ZL20rsh_02_init_evt_hook
                0x00008950       0x10 rsh.o
 .rodata._ZL21rsh_01_init_evt_hook1
                0x00008960       0x10 rsh.o
 .rodata._ZL19rsh_04_init_evt_evt
                0x00008970       0xc0 rsh.o
 .rodata._ZL26rsh_03_init_evt_music_hook
                0x00008a30       0x10 rsh.o
 .rodata._ZL21rsh_03_init_evt_music
                0x00008a40      0x1f8 rsh.o
 .rodata._ZL26rsh_02_init_evt_music_hook
                0x00008c38       0x10 rsh.o
 .rodata._ZL21rsh_02_init_evt_music
                0x00008c48      0x270 rsh.o
 .rodata._ZL26rsh_01_init_evt_music_hook
                0x00008eb8       0x10 rsh.o
 .rodata._ZL21rsh_01_init_evt_music
                0x00008ec8      0x1f8 rsh.o
 .rodata._ZL26rsh_00_init_evt_music_hook
                0x000090c0       0x10 rsh.o
 .rodata._ZL21rsh_00_init_evt_music
                0x000090d0      0x1f8 rsh.o
 .rodata._ZL26rsh_04_init_evt_music_hook
                0x000092c8       0x10 rsh.o
 .rodata._ZL21rsh_04_init_evt_music
                0x000092d8      0x1f8 rsh.o
 .rodata._ZL20rsh_06_init_evt_hook
                0x000094d0       0x10 rsh.o
 .rodata._ZL19rsh_06_init_evt_evt
                0x000094e0      0x178 rsh.o
 .rodata._ZL6madame
                0x00009658        0x7 rsh.o
 .rodata.str1.1
                0x0000965f      0x20a tik.o
 *fill*         0x00009869        0x3 
 .rodata._ZL19tik_evt_majin2_item
                0x0000986c       0xa8 tik.o
 .rodata._ZL21tik_05_init_evt_hook2
                0x00009914       0x10 tik.o
 .rodata._ZL20tik_05_init_evt_evt2
                0x00009924       0xa4 tik.o
 .rodata._ZL20tik_05_init_evt_hook
                0x000099c8       0x10 tik.o
 .rodata._ZL19tik_05_init_evt_evt
                0x000099d8       0x48 tik.o
 .rodata._ZL24tik_kurihakase_init_hook
                0x00009a20       0x10 tik.o
 .rodata._ZL23tik_kurihakase_init_evt
                0x00009a30       0x80 tik.o
 .rodata._ZL18master_2_talk_hook
                0x00009ab0       0x10 tik.o
 .rodata._ZL17master_2_talk_evt
                0x00009ac0      0x180 tik.o
 .rodata._ZL17borodo4_talk_hook
                0x00009c40       0x10 tik.o
 .rodata._ZL16borodo4_talk_evt
                0x00009c50      0x180 tik.o
 .rodata._ZL17borodo3_talk_hook
                0x00009dd0       0x10 tik.o
 .rodata._ZL16borodo3_talk_evt
                0x00009de0      0x180 tik.o
 .rodata._ZL17chusan4_talk_hook
                0x00009f60       0x10 tik.o
 .rodata._ZL16chusan4_talk_evt
                0x00009f70      0x180 tik.o
 .rodata._ZL17kuribo5_talk_hook
                0x0000a0f0       0x10 tik.o
 .rodata._ZL16kuribo5_talk_evt
                0x0000a100      0x180 tik.o
 .rodata._ZL16hotdog_item_hook
                0x0000a280       0x10 tou.o
 .rodata.str1.1
                0x0000a290       0x76 tou.o
 *fill*         0x0000a306        0x2 
 .rodata._ZL11hotdog_item
                0x0000a308       0xe8 tou.o
 .rodata._ZL18tou_party_evt_hook
                0x0000a3f0       0x10 tou.o
 .rodata._ZL13tou_party_evt
                0x0000a400       0x5c tou.o
 .rodata._ZL20tou_04_init_evt_hook
                0x0000a45c       0x10 tou.o
 .rodata._ZL19tou_04_init_evt_evt
                0x0000a46c       0x78 tou.o
 .rodata._ZL14yoshi_gswf_evt
                0x0000a4e4       0x14 tou.o
 .rodata._ZL15jolene_egg_hook
                0x0000a4f8       0x10 tou.o
 .rodata._ZL14jolene_egg_evt
                0x0000a508      0x220 tou.o
 .rodata._ZL16talk_sakaba_hook
                0x0000a728       0x10 tou.o
 .rodata._ZL15talk_sakaba_evt
                0x0000a738       0x84 tou.o
 .rodata._ZL6jolene
                0x0000a7bc        0xb tou.o
 .rodata.str1.1
                0x0000a7c7      0x49e usu.o
 *fill*         0x0000ac65        0x3 
 .rodata._ZL19usu_evt_majin2_item
                0x0000ac68       0xa8 usu.o
 .rodata._ZL13usu_party_evt
                0x0000ad10       0xbc usu.o
 .rodata._ZL23village_chief_init_hook
                0x0000adcc       0x10 usu.o
 .rodata._ZL22village_chief_init_evt
                0x0000addc       0x58 usu.o
 .rodata._ZL27village_chief_pig_init_hook
                0x0000ae34       0x10 usu.o
 .rodata._ZL26village_chief_pig_init_evt
                0x0000ae44       0x70 usu.o
 .rodata._ZL23village_chief_talk_hook
                0x0000aeb4       0x10 usu.o
 .rodata._ZL22village_chief_talk_evt
                0x0000aec4      0x1c8 usu.o
 .rodata._ZL20gatekeeper_init_hook
                0x0000b08c       0x10 usu.o
 .rodata._ZL19gatekeeper_init_evt
                0x0000b09c       0x8c usu.o
 .rodata._ZL24gatekeeper_pig_init_hook
                0x0000b128       0x10 usu.o
 .rodata._ZL23gatekeeper_pig_init_evt
                0x0000b138       0x78 usu.o
 .rodata._ZL20gatekeeper_talk_hook
                0x0000b1b0       0x10 usu.o
 .rodata._ZL19gatekeeper_talk_evt
                0x0000b1c0      0x114 usu.o
 .rodata._ZL20usu_00_init_evt_hook
                0x0000b2d4       0x14 usu.o
 .rodata._ZL19usu_00_init_evt_evt
                0x0000b2e8       0x5c usu.o
 .rodata._ZL20shop_woman_talk_hook
                0x0000b344       0x10 usu.o
 .rodata._ZL19shop_woman_talk_evt
                0x0000b354       0x78 usu.o
 .rodata._ZL18shop_man_talk_hook
                0x0000b3cc       0x10 usu.o
 .rodata._ZL17shop_man_talk_evt
                0x0000b3dc       0x78 usu.o
 .rodata._ZL19villagerJ_talk_hook
                0x0000b454       0x10 usu.o
 .rodata._ZL18villagerJ_talk_evt
                0x0000b464      0x104 usu.o
 .rodata._ZL19villagerI_talk_hook
                0x0000b568       0x10 usu.o
 .rodata._ZL18villagerI_talk_evt
                0x0000b578      0x104 usu.o
 .rodata._ZL19villagerH_talk_hook
                0x0000b67c       0x10 usu.o
 .rodata._ZL18villagerH_talk_evt
                0x0000b68c       0xd0 usu.o
 .rodata._ZL19villagerG_talk_hook
                0x0000b75c       0x10 usu.o
 .rodata._ZL18villagerG_talk_evt
                0x0000b76c       0xf0 usu.o
 .rodata._ZL19villagerF_talk_hook
                0x0000b85c       0x10 usu.o
 .rodata._ZL18villagerF_talk_evt
                0x0000b86c       0xf0 usu.o
 .rodata._ZL19villagerK_talk_hook
                0x0000b95c       0x10 usu.o
 .rodata._ZL18villagerK_talk_evt
                0x0000b96c      0x130 usu.o
 .rodata._ZL19villagerE_talk_hook
                0x0000ba9c       0x10 usu.o
 .rodata._ZL18villagerE_talk_evt
                0x0000baac      0x130 usu.o
 .rodata._ZL19villagerD_talk_hook
                0x0000bbdc       0x10 usu.o
 .rodata._ZL18villagerD_talk_evt
                0x0000bbec      0x194 usu.o
 .rodata._ZL19villagerC_talk_hook
                0x0000bd80       0x10 usu.o
 .rodata._ZL18villagerC_talk_evt
                0x0000bd90       0xfc usu.o
 .rodata._ZL19villagerB_talk_hook
                0x0000be8c       0x10 usu.o
 .rodata._ZL18villagerB_talk_evt
                0x0000be9c       0xfc usu.o
 .rodata._ZL19villagerA_talk_hook
                0x0000bf98       0x10 usu.o
 .rodata._ZL18villagerA_talk_evt
                0x0000bfa8      0x130 usu.o
 .rodata._ZL19villagerA_init_hook
                0x0000c0d8       0x10 usu.o
 .rodata._ZL18villagerA_init_evt
                0x0000c0e8       0x6c usu.o
 .rodata._ZL6vivian
                0x0000c154        0x9 usu.o
 *fill*         0x0000c15d        0x3 
 .rodata._ZL5mayor
                0x0000c160        0x5 usu.o
 *fill*         0x0000c165        0x3 
 .rodata._ZL9mayor_pig
                0x0000c168        0x9 usu.o
 *fill*         0x0000c171        0x3 
 .rodata._ZL8doopliss
                0x0000c174        0xb usu.o
 *fill*         0x0000c17f        0x1 
 .rodata._ZL10gatekeeper
                0x0000c180        0x5 usu.o
 *fill*         0x0000c185        0x3 
 .rodata._ZL14gatekeeper_pig
                0x0000c188        0x9 usu.o
 *fill*         0x0000c191        0x3 
 .rodata._ZL12usuVillagerA
                0x0000c194        0x7 usu.o
 *fill*         0x0000c19b        0x1 
 .rodata._ZL14win_party_hook
                0x0000c19c       0x10 win.o
 .rodata.str1.1
                0x0000c1ac       0x36 win.o
 *fill*         0x0000c1e2        0x2 
 .rodata._ZL13win_party_evt
                0x0000c1e4       0xe4 win.o
 .rodata._ZL20win_00_init_evt_hook
                0x0000c2c8       0x10 win.o
 .rodata._ZL19win_00_init_evt_evt
                0x0000c2d8       0x30 win.o
 .rodata._ZL17majorin_init_hook
                0x0000c308       0x10 win.o
 .rodata._ZL16majorin_init_evt
                0x0000c318       0x30 win.o
 .rodata._ZL17maririn_init_hook
                0x0000c348       0x10 win.o
 .rodata._ZL16maririn_init_evt
                0x0000c358       0x30 win.o
 .rodata._ZL20win_vivian_init_hook
                0x0000c388       0x10 win.o
 .rodata._ZL19win_vivian_init_evt
                0x0000c398       0x98 win.o
 .rodata._ZL7flurrie
                0x0000c430        0x9 win.o
 *(.gnu.linkonce.r.*)

.rodata1
 *(.rodata1)

.sdata2         0x0000c439        0x0
                [!provide]                        PROVIDE (_SDA2_BASE_ = .)
 *(.sdata2)
 *(.sdata2.*)
 *(.gnu.linkonce.s2.*)

.sbss2
 *(.sbss2)
 *(.sbss2.*)
 *(.gnu.linkonce.sb2.*)
                0x0000c43c                        . = ALIGN (0x4)
                [!provide]                        PROVIDE (__preinit_array_start = .)

.preinit_array
 *(.preinit_array)
                [!provide]                        PROVIDE (__preinit_array_end = .)
                [!provide]                        PROVIDE (__init_array_start = .)

.init_array
 *(.init_array)
                [!provide]                        PROVIDE (__init_array_end = .)
                [!provide]                        PROVIDE (__fini_array_start = .)

.fini_array
 *(.fini_array)
                [!provide]                        PROVIDE (__fini_array_end = .)

.data           0x0000c43c      0x2c4
 *(.data)
 *(.data.*)
 .data._ZN3mod6common12kItemDataArrE
                0x0000c43c        0x4 common.o
                0x0000c43c                _ZN3mod6common12kItemDataArrE
 .data.errorTextPosY
                0x0000c440        0x4 errorHandling.o
                0x0000c440                errorTextPosY
 .data._ZL16gor_00_init_evt2
                0x0000c444      0x2bc gor_00.o
 *(.gnu.linkonce.d.*)
                0x0000c700                        . = ALIGN (0x20)

.data1
 *(.data1)

.tdata
 *(.tdata .tdata.* .gnu.linkonce.td.*)

.tbss
 *(.tbss .tbss.* .gnu.linkonce.tb.*)
 *(.tcommon)

.eh_frame       0x0000c700     0x188c
 *(.eh_frame)
 .eh_frame      0x0000c700      0x1fc OWR.o
 .eh_frame      0x0000c8fc       0x28 StateManager.o
                                 0x3c (size before relaxing)
 .eh_frame      0x0000c924        0x0 common.o
                                 0xc8 (size before relaxing)
 .eh_frame      0x0000c924       0x68 con_mario.o
 .eh_frame      0x0000c98c       0x80 con_perf.o
 .eh_frame      0x0000ca0c       0xa0 con_seq.o
 .eh_frame      0x0000caac      0x2ec console.o
                                0x310 (size before relaxing)
 .eh_frame      0x0000cd98       0x64 cxx.o
                                 0x8c (size before relaxing)
 .eh_frame      0x0000cdfc      0x26c errorHandling.o
 .eh_frame      0x0000d068      0x130 gamePatches.o
 .eh_frame      0x0000d198       0xa4 keyboard.o
                                 0xcc (size before relaxing)
 .eh_frame      0x0000d23c       0xfc mod.o
                                0x110 (size before relaxing)
 .eh_frame      0x0000d338      0x100 patch.o
                                0x178 (size before relaxing)
 .eh_frame      0x0000d438       0x5c printf.o
 .eh_frame      0x0000d494       0x7c rel.o
 .eh_frame      0x0000d510       0x98 ug.o
 .eh_frame      0x0000d5a8       0xdc util.o
                                0x100 (size before relaxing)
 .eh_frame      0x0000d684       0x28 aaa.o
 .eh_frame      0x0000d6ac       0x6c aji.o
 .eh_frame      0x0000d718       0x28 bom.o
 .eh_frame      0x0000d740       0x3c dou.o
 .eh_frame      0x0000d77c       0x40 eki.o
 .eh_frame      0x0000d7bc       0x28 end.o
 .eh_frame      0x0000d7e4       0x3c gon.o
 .eh_frame      0x0000d820       0x74 gor_00.o
 .eh_frame      0x0000d894       0x48 gor_01.o
 .eh_frame      0x0000d8dc       0x50 gor_02.o
 .eh_frame      0x0000d92c       0x50 gor_03.o
 .eh_frame      0x0000d97c       0x4c gor_04.o
 .eh_frame      0x0000d9c8       0x54 gor_misc.o
 .eh_frame      0x0000da1c       0x40 gra.o
 .eh_frame      0x0000da5c       0x4c hei.o
 .eh_frame      0x0000daa8       0x38 hom.o
 .eh_frame      0x0000dae0       0x28 jin.o
 .eh_frame      0x0000db08       0x28 kpa.o
 .eh_frame      0x0000db30        0x0 las.o
                                 0x28 (size before relaxing)
 .eh_frame      0x0000db30       0x78 main.o
 .eh_frame      0x0000dba8        0x0 moo.o
                                 0x28 (size before relaxing)
 .eh_frame      0x0000dba8       0x6c mri.o
 .eh_frame      0x0000dc14       0x68 muj.o
 .eh_frame      0x0000dc7c       0x4c nok.o
 .eh_frame      0x0000dcc8       0x50 pik.o
 .eh_frame      0x0000dd18       0x6c rsh.o
 .eh_frame      0x0000dd84       0xb8 tik.o
 .eh_frame      0x0000de3c       0x6c tou.o
 .eh_frame      0x0000dea8       0x28 tou2.o
 .eh_frame      0x0000ded0       0x68 usu.o
 .eh_frame      0x0000df38       0x54 win.o

.gcc_except_table
 *(.gcc_except_table)

.fixup
 *(.fixup)

.got1
 *(.got1)

.got2
 *(.got2)

.dynamic
 *(.dynamic)

.ctors          0x0000df8c       0x34
 *crtbegin.o(.ctors)
 *(EXCLUDE_FILE(*crtend.o) .ctors)
 .ctors         0x0000df8c        0x4 OWR.o
 .ctors         0x0000df90        0x4 con_mario.o
 .ctors         0x0000df94        0x4 con_perf.o
 .ctors         0x0000df98        0x4 con_seq.o
 .ctors         0x0000df9c        0x4 console.o
 .ctors         0x0000dfa0        0x4 errorHandling.o
 .ctors         0x0000dfa4        0x4 gor_00.o
 *(SORT_BY_NAME(.ctors.*))
 *(.ctors)
                0x0000dfc0                        . = ALIGN (0x20)
 *fill*         0x0000dfa8       0x18 

.dtors          0x0000dfc0       0x20
 *crtbegin.o(.dtors)
 *(EXCLUDE_FILE(*crtend.o) .dtors)
 .dtors         0x0000dfc0        0x4 errorHandling.o
 *(SORT_BY_NAME(.dtors.*))
 *(.dtors)
                0x0000dfe0                        . = ALIGN (0x20)
 *fill*         0x0000dfc4       0x1c 

.jcr
 *(.jcr)

.got
 *(.got.plt)
 *(.got)

.sdata          0x0000dfe0        0x0
                [!provide]                        PROVIDE (_SDA_BASE_ = .)
 *(.sdata)
 *(.sdata.*)
 *(.gnu.linkonce.s.*)
                0x0000dfe0                        . = ALIGN (0x20)
                0x0000dfe0                        _edata = .
                [!provide]                        PROVIDE (edata = .)

.sbss           0x0000dfe0        0x0
                0x0000dfe0                        __sbss_start = .
                [!provide]                        PROVIDE (__sbss_start = .)
                [!provide]                        PROVIDE (___sbss_start = .)
 *(.dynsbss)
 *(.sbss)
 *(.sbss.*)
 *(.gnu.linkonce.sb.*)
 *(.scommon)
                [!provide]                        PROVIDE (__sbss_end = .)
                [!provide]                        PROVIDE (___sbss_end = .)
                0x0000dfe0                        . = ALIGN (0x20)
                0x0000dfe0                        __sbss_end = .

.bss            0x0000dfe0      0x180
                0x0000dfe0                        __bss_start = .
                [!provide]                        PROVIDE (__bss_start = .)
 *(.dynbss)
 *(.bss)
 *(.bss.*)
 .bss._ZN3mod3owr22g_msgSearch_trampolineE
                0x0000dfe0        0x4 OWR.o
                0x0000dfe0                _ZN3mod3owr22g_msgSearch_trampolineE
 .bss._ZN3mod3owr25g_pouchGetItem_trampolineE
                0x0000dfe4        0x4 OWR.o
                0x0000dfe4                _ZN3mod3owr25g_pouchGetItem_trampolineE
 .bss._ZN3mod3owr22g_seqSetSeq_trampolineE
                0x0000dfe8        0x4 OWR.o
                0x0000dfe8                _ZN3mod3owr22g_seqSetSeq_trampolineE
 .bss._ZN3mod3owr19g_OSLink_trampolineE
                0x0000dfec        0x4 OWR.o
                0x0000dfec                _ZN3mod3owr19g_OSLink_trampolineE
 .bss._ZN3mod3owr6gStateE
                0x0000dff0        0x4 OWR.o
                0x0000dff0                _ZN3mod3owr6gStateE
 .bss._ZN3mod3owr5gSelfE
                0x0000dff4        0x4 OWR.o
                0x0000dff4                _ZN3mod3owr5gSelfE
 .bss._ZN3mod3owr7item_dbE
                0x0000dff8        0x4 OWR.o
                0x0000dff8                _ZN3mod3owr7item_dbE
 .bss.gState    0x0000dffc        0x4 StateManager.o
                0x0000dffc                gState
 .bss._ZN3modL12mod_if_obj24E
                0x0000e000        0x8 con_mario.o
 .bss._ZN3mod14mario_show_posE
                0x0000e008       0x10 con_mario.o
                0x0000e008                _ZN3mod14mario_show_posE
 .bss._ZN3mod13mario_set_posE
                0x0000e018        0xc con_mario.o
                0x0000e018                _ZN3mod13mario_set_posE
 .bss._ZN3modL12mod_if_obj51E
                0x0000e024        0x8 con_perf.o
 .bss._ZN3mod14mem_debug_heapE
                0x0000e02c       0x10 con_perf.o
                0x0000e02c                _ZN3mod14mem_debug_heapE
 .bss._ZN3modL12mod_if_obj34E
                0x0000e03c        0x8 con_perf.o
 .bss._ZN3mod9perf_showE
                0x0000e044       0x10 con_perf.o
                0x0000e044                _ZN3mod9perf_showE
 .bss._ZN3mod15perf_fake_spikeE
                0x0000e054        0xc con_perf.o
                0x0000e054                _ZN3mod15perf_fake_spikeE
 .bss._ZN3mod14seq_change_mapE
                0x0000e060        0xc con_seq.o
                0x0000e060                _ZN3mod14seq_change_mapE
 .bss._ZN3modL12mod_if_obj16E
                0x0000e06c        0x8 con_seq.o
 .bss._ZN3mod24gTrampoline_seq_logoMainE
                0x0000e074        0x4 con_seq.o
                0x0000e074                _ZN3mod24gTrampoline_seq_logoMainE
 .bss._ZN3mod13seq_logo_skipE
                0x0000e078       0x10 con_seq.o
                0x0000e078                _ZN3mod13seq_logo_skipE
 .bss._ZN3mod4findE
                0x0000e088        0xc console.o
                0x0000e088                _ZN3mod4findE
 .bss._ZN3mod11con_ug_chanE
                0x0000e094       0x10 console.o
                0x0000e094                _ZN3mod11con_ug_chanE
 .bss._ZN3mod11con_ug_modeE
                0x0000e0a4       0x10 console.o
                0x0000e0a4                _ZN3mod11con_ug_modeE
 .bss._ZN3mod21con_log_fade_durationE
                0x0000e0b4       0x10 console.o
                0x0000e0b4                _ZN3mod21con_log_fade_durationE
 .bss._ZN3mod18con_log_fade_startE
                0x0000e0c4       0x10 console.o
                0x0000e0c4                _ZN3mod18con_log_fade_startE
 .bss._ZN3mod12con_log_fadeE
                0x0000e0d4       0x10 console.o
                0x0000e0d4                _ZN3mod12con_log_fadeE
 .bss._ZN3mod13con_log_levelE
                0x0000e0e4       0x10 console.o
                0x0000e0e4                _ZN3mod13con_log_levelE
 .bss._ZN3mod11con_rainbowE
                0x0000e0f4       0x10 console.o
                0x0000e0f4                _ZN3mod11con_rainbowE
 .bss._ZN3mod8con_monoE
                0x0000e104       0x10 console.o
                0x0000e104                _ZN3mod8con_monoE
 .bss._ZN3mod8con_showE
                0x0000e114       0x10 console.o
                0x0000e114                _ZN3mod8con_showE
 .bss._ZN3mod8gConsoleE
                0x0000e124        0x4 console.o
                0x0000e124                _ZN3mod8gConsoleE
 .bss._ZN3mod9ConIntVar6sFirstE
                0x0000e128        0x4 console.o
                0x0000e128                _ZN3mod9ConIntVar6sFirstE
 .bss._ZN3mod10ConCommand6sFirstE
                0x0000e12c        0x4 console.o
                0x0000e12c                _ZN3mod10ConCommand6sFirstE
 .bss.g_animPoseMain_trampoline
                0x0000e130        0x4 errorHandling.o
                0x0000e130                g_animPoseMain_trampoline
 .bss.g_npcNameToPtr_trampoline
                0x0000e134        0x4 errorHandling.o
                0x0000e134                g_npcNameToPtr_trampoline
 .bss.heapCorruptionInfo
                0x0000e138        0x8 errorHandling.o
                0x0000e138                heapCorruptionInfo
 .bss.animPoseMainErrorInfo
                0x0000e140        0x4 errorHandling.o
                0x0000e140                animPoseMainErrorInfo
 .bss.npcNameToPtrErrorInfo
                0x0000e144        0x4 errorHandling.o
                0x0000e144                npcNameToPtrErrorInfo
 .bss._ZN3mod4gModE
                0x0000e148        0x4 mod.o
                0x0000e148                _ZN3mod4gModE
 .bss._ZN17ModUpdateFunction6sFirstE
                0x0000e14c        0x4 mod.o
                0x0000e14c                _ZN17ModUpdateFunction6sFirstE
 .bss._ZN15ModInitFunction6sFirstE
                0x0000e150        0x4 mod.o
                0x0000e150                _ZN15ModInitFunction6sFirstE
 *(.gnu.linkonce.b.*)
 *(COMMON)
                0x0000e160                        . = ALIGN (0x20)
 *fill*         0x0000e154        0xc 
                [!provide]                        PROVIDE (__bss_end = .)
                0x0000e160                        __bss_end = .
                0x0000e160                        _end = .
                [!provide]                        PROVIDE (end = .)

.bss._ZZNK3mod14seq_change_mapMUlPKcE_clES2_E8beroName
                0x00000000       0x20
 .bss._ZZNK3mod14seq_change_mapMUlPKcE_clES2_E8beroName
                0x00000000       0x20 con_seq.o
                0x00000000                _ZZNK3mod14seq_change_mapMUlPKcE_clES1_E8beroName
                0x00000000                _ZZNK3mod14seq_change_mapMUlPKcE_clES2_E8beroName

.bss._ZZNK3mod14seq_change_mapMUlPKcE_clES2_E7mapName
                0x00000000       0x20
 .bss._ZZNK3mod14seq_change_mapMUlPKcE_clES2_E7mapName
                0x00000000       0x20 con_seq.o
                0x00000000                _ZZNK3mod14seq_change_mapMUlPKcE_clES2_E7mapName
                0x00000000                _ZZNK3mod14seq_change_mapMUlPKcE_clES1_E7mapName

.stab
 *(.stab)

.stabstr
 *(.stabstr)

.stab.excl
 *(.stab.excl)

.stab.exclstr
 *(.stab.exclstr)

.stab.index
 *(.stab.index)

.stab.indexstr
 *(.stab.indexstr)

.comment        0x00000000      0x6c0
 *(.comment)
 .comment       0x00000000       0x24 OWR.o
 .comment       0x00000024       0x24 StateManager.o
 .comment       0x00000048       0x24 common.o
 .comment       0x0000006c       0x24 con_mario.o
 .comment       0x00000090       0x24 con_perf.o
 .comment       0x000000b4       0x24 con_seq.o
 .comment       0x000000d8       0x24 console.o
 .comment       0x000000fc       0x24 cxx.o
 .comment       0x00000120       0x24 errorHandling.o
 .comment       0x00000144       0x24 gamePatches.o
 .comment       0x00000168       0x24 keyboard.o
 .comment       0x0000018c       0x24 mod.o
 .comment       0x000001b0       0x24 patch.o
 .comment       0x000001d4       0x24 printf.o
 .comment       0x000001f8       0x24 rel.o
 .comment       0x0000021c       0x24 ug.o
 .comment       0x00000240       0x24 util.o
 .comment       0x00000264       0x24 aaa.o
 .comment       0x00000288       0x24 aji.o
 .comment       0x000002ac       0x24 bom.o
 .comment       0x000002d0       0x24 dou.o
 .comment       0x000002f4       0x24 eki.o
 .comment       0x00000318       0x24 end.o
 .comment       0x0000033c       0x24 gon.o
 .comment       0x00000360       0x24 gor_00.o
 .comment       0x00000384       0x24 gor_01.o
 .comment       0x000003a8       0x24 gor_02.o
 .comment       0x000003cc       0x24 gor_03.o
 .comment       0x000003f0       0x24 gor_04.o
 .comment       0x00000414       0x24 gor_misc.o
 .comment       0x00000438       0x24 gra.o
 .comment       0x0000045c       0x24 hei.o
 .comment       0x00000480       0x24 hom.o
 .comment       0x000004a4       0x24 jin.o
 .comment       0x000004c8       0x24 kpa.o
 .comment       0x000004ec       0x24 las.o
 .comment       0x00000510       0x24 main.o
 .comment       0x00000534       0x24 moo.o
 .comment       0x00000558       0x24 mri.o
 .comment       0x0000057c       0x24 muj.o
 .comment       0x000005a0       0x24 nok.o
 .comment       0x000005c4       0x24 pik.o
 .comment       0x000005e8       0x24 rsh.o
 .comment       0x0000060c       0x24 tik.o
 .comment       0x00000630       0x24 tou.o
 .comment       0x00000654       0x24 tou2.o
 .comment       0x00000678       0x24 usu.o
 .comment       0x0000069c       0x24 win.o

.gnu.attributes
                0x00000000       0x10
 .gnu.attributes
                0x00000000       0x10 OWR.o
 .gnu.attributes
                0x00000010       0x10 common.o
 .gnu.attributes
                0x00000020       0x10 con_mario.o
 .gnu.attributes
                0x00000030       0x10 con_perf.o
 .gnu.attributes
                0x00000040       0x10 console.o
 .gnu.attributes
                0x00000050       0x10 errorHandling.o
 .gnu.attributes
                0x00000060       0x10 mod.o
 .gnu.attributes
                0x00000070       0x10 printf.o
 .gnu.attributes
                0x00000080       0x10 util.o

.group          0x00000000        0xc
 .group         0x00000000        0xc con_mario.o

.group          0x00000000        0xc
 .group         0x00000000        0xc con_perf.o

.group          0x00000000        0xc
 .group         0x00000000        0xc con_seq.o

.group          0x00000000        0x8
 .group         0x00000000        0x8 con_seq.o

.group          0x00000000        0x8
 .group         0x00000000        0x8 con_seq.o

.group          0x00000000        0xc
 .group         0x00000000        0xc console.o

.group          0x00000000        0xc
 .group         0x00000000        0xc errorHandling.o

.debug
 *(.debug)

.line
 *(.line)

.debug_srcinfo
 *(.debug_srcinfo)

.debug_sfnames
 *(.debug_sfnames)

.debug_aranges  0x00000000      0x988
 *(.debug_aranges)
 .debug_aranges
                0x00000000       0x80 OWR.o
 .debug_aranges
                0x00000080       0x28 StateManager.o
 .debug_aranges
                0x000000a8       0x60 common.o
 .debug_aranges
                0x00000108       0x30 con_mario.o
 .debug_aranges
                0x00000138       0x38 con_perf.o
 .debug_aranges
                0x00000170       0x38 con_seq.o
 .debug_aranges
                0x000001a8       0xa8 console.o
 .debug_aranges
                0x00000250       0x48 cxx.o
 .debug_aranges
                0x00000298       0x98 errorHandling.o
 .debug_aranges
                0x00000330       0x50 gamePatches.o
 .debug_aranges
                0x00000380       0x40 keyboard.o
 .debug_aranges
                0x000003c0       0x58 mod.o
 .debug_aranges
                0x00000418       0x78 patch.o
 .debug_aranges
                0x00000490       0x28 printf.o
 .debug_aranges
                0x000004b8       0x30 rel.o
 .debug_aranges
                0x000004e8       0x38 ug.o
 .debug_aranges
                0x00000520       0x50 util.o
 .debug_aranges
                0x00000570       0x20 aaa.o
 .debug_aranges
                0x00000590       0x20 aji.o
 .debug_aranges
                0x000005b0       0x20 bom.o
 .debug_aranges
                0x000005d0       0x20 dou.o
 .debug_aranges
                0x000005f0       0x20 eki.o
 .debug_aranges
                0x00000610       0x20 end.o
 .debug_aranges
                0x00000630       0x20 gon.o
 .debug_aranges
                0x00000650       0x28 gor_00.o
 .debug_aranges
                0x00000678       0x20 gor_01.o
 .debug_aranges
                0x00000698       0x20 gor_02.o
 .debug_aranges
                0x000006b8       0x20 gor_03.o
 .debug_aranges
                0x000006d8       0x28 gor_04.o
 .debug_aranges
                0x00000700       0x28 gor_misc.o
 .debug_aranges
                0x00000728       0x20 gra.o
 .debug_aranges
                0x00000748       0x20 hei.o
 .debug_aranges
                0x00000768       0x20 hom.o
 .debug_aranges
                0x00000788       0x20 jin.o
 .debug_aranges
                0x000007a8       0x20 kpa.o
 .debug_aranges
                0x000007c8       0x20 las.o
 .debug_aranges
                0x000007e8       0x30 main.o
 .debug_aranges
                0x00000818       0x20 moo.o
 .debug_aranges
                0x00000838       0x20 mri.o
 .debug_aranges
                0x00000858       0x20 muj.o
 .debug_aranges
                0x00000878       0x20 nok.o
 .debug_aranges
                0x00000898       0x20 pik.o
 .debug_aranges
                0x000008b8       0x20 rsh.o
 .debug_aranges
                0x000008d8       0x30 tik.o
 .debug_aranges
                0x00000908       0x20 tou.o
 .debug_aranges
                0x00000928       0x20 tou2.o
 .debug_aranges
                0x00000948       0x20 usu.o
 .debug_aranges
                0x00000968       0x20 win.o

.debug_pubnames
 *(.debug_pubnames)

.debug_info     0x00000000    0x3d525
 *(.debug_info)
 .debug_info    0x00000000     0x357d OWR.o
 .debug_info    0x0000357d      0x3bd StateManager.o
 .debug_info    0x0000393a      0xf83 common.o
 .debug_info    0x000048bd     0x257f con_mario.o
 .debug_info    0x00006e3c     0x23ff con_perf.o
 .debug_info    0x0000923b     0x2227 con_seq.o
 .debug_info    0x0000b462     0x3bba console.o
 .debug_info    0x0000f01c      0x407 cxx.o
 .debug_info    0x0000f423     0x3b59 errorHandling.o
 .debug_info    0x00012f7c     0x2439 gamePatches.o
 .debug_info    0x000153b5      0xe4d keyboard.o
 .debug_info    0x00016202     0x33be mod.o
 .debug_info    0x000195c0      0xd9e patch.o
 .debug_info    0x0001a35e      0x580 printf.o
 .debug_info    0x0001a8de      0x103 rel.o
 .debug_info    0x0001a9e1      0x77f ug.o
 .debug_info    0x0001b160      0x9c5 util.o
 .debug_info    0x0001bb25      0x2e3 aaa.o
 .debug_info    0x0001be08     0x1769 aji.o
 .debug_info    0x0001d571      0x3fb bom.o
 .debug_info    0x0001d96c     0x113b dou.o
 .debug_info    0x0001eaa7      0xb96 eki.o
 .debug_info    0x0001f63d      0x2d9 end.o
 .debug_info    0x0001f916     0x1189 gon.o
 .debug_info    0x00020a9f     0x1eb2 gor_00.o
 .debug_info    0x00022951     0x123e gor_01.o
 .debug_info    0x00023b8f     0x186b gor_02.o
 .debug_info    0x000253fa      0xc28 gor_03.o
 .debug_info    0x00026022      0x90c gor_04.o
 .debug_info    0x0002692e     0x1127 gor_misc.o
 .debug_info    0x00027a55      0x831 gra.o
 .debug_info    0x00028286     0x139b hei.o
 .debug_info    0x00029621      0x9d4 hom.o
 .debug_info    0x00029ff5      0x405 jin.o
 .debug_info    0x0002a3fa      0x31f kpa.o
 .debug_info    0x0002a719      0x49b las.o
 .debug_info    0x0002abb4     0x2690 main.o
 .debug_info    0x0002d244      0x947 moo.o
 .debug_info    0x0002db8b     0x1d40 mri.o
 .debug_info    0x0002f8cb     0x1dd7 muj.o
 .debug_info    0x000316a2     0x152c nok.o
 .debug_info    0x00032bce     0x1693 pik.o
 .debug_info    0x00034261     0x1de7 rsh.o
 .debug_info    0x00036048     0x2470 tik.o
 .debug_info    0x000384b8     0x1b6f tou.o
 .debug_info    0x0003a027      0x3fb tou2.o
 .debug_info    0x0003a422     0x1de4 usu.o
 .debug_info    0x0003c206     0x131f win.o

.debug_abbrev   0x00000000     0x845b
 *(.debug_abbrev)
 .debug_abbrev  0x00000000      0x741 OWR.o
 .debug_abbrev  0x00000741      0x17e StateManager.o
 .debug_abbrev  0x000008bf      0x217 common.o
 .debug_abbrev  0x00000ad6      0x60c con_mario.o
 .debug_abbrev  0x000010e2      0x6af con_perf.o
 .debug_abbrev  0x00001791      0x67c con_seq.o
 .debug_abbrev  0x00001e0d      0x966 console.o
 .debug_abbrev  0x00002773      0x1a8 cxx.o
 .debug_abbrev  0x0000291b      0x78e errorHandling.o
 .debug_abbrev  0x000030a9      0x4b0 gamePatches.o
 .debug_abbrev  0x00003559      0x32f keyboard.o
 .debug_abbrev  0x00003888      0x75b mod.o
 .debug_abbrev  0x00003fe3      0x21c patch.o
 .debug_abbrev  0x000041ff      0x1d5 printf.o
 .debug_abbrev  0x000043d4       0xf0 rel.o
 .debug_abbrev  0x000044c4      0x1bf ug.o
 .debug_abbrev  0x00004683      0x21e util.o
 .debug_abbrev  0x000048a1       0xcc aaa.o
 .debug_abbrev  0x0000496d      0x239 aji.o
 .debug_abbrev  0x00004ba6       0xcc bom.o
 .debug_abbrev  0x00004c72      0x1f1 dou.o
 .debug_abbrev  0x00004e63      0x1d6 eki.o
 .debug_abbrev  0x00005039       0xcc end.o
 .debug_abbrev  0x00005105      0x1f2 gon.o
 .debug_abbrev  0x000052f7      0x26f gor_00.o
 .debug_abbrev  0x00005566      0x22c gor_01.o
 .debug_abbrev  0x00005792      0x253 gor_02.o
 .debug_abbrev  0x000059e5      0x1e3 gor_03.o
 .debug_abbrev  0x00005bc8      0x216 gor_04.o
 .debug_abbrev  0x00005dde      0x2af gor_misc.o
 .debug_abbrev  0x0000608d      0x1c2 gra.o
 .debug_abbrev  0x0000624f      0x1fd hei.o
 .debug_abbrev  0x0000644c      0x1c1 hom.o
 .debug_abbrev  0x0000660d       0xcc jin.o
 .debug_abbrev  0x000066d9       0xcc kpa.o
 .debug_abbrev  0x000067a5       0xcc las.o
 .debug_abbrev  0x00006871      0x2fc main.o
 .debug_abbrev  0x00006b6d      0x1c5 moo.o
 .debug_abbrev  0x00006d32      0x236 mri.o
 .debug_abbrev  0x00006f68      0x22f muj.o
 .debug_abbrev  0x00007197      0x227 nok.o
 .debug_abbrev  0x000073be      0x226 pik.o
 .debug_abbrev  0x000075e4      0x224 rsh.o
 .debug_abbrev  0x00007808      0x52f tik.o
 .debug_abbrev  0x00007d37      0x236 tou.o
 .debug_abbrev  0x00007f6d       0xcc tou2.o
 .debug_abbrev  0x00008039      0x224 usu.o
 .debug_abbrev  0x0000825d      0x1fe win.o

.debug_line     0x00000000    0x1580a
 *(.debug_line)
 .debug_line    0x00000000      0xc9d OWR.o
 .debug_line    0x00000c9d      0x1c2 StateManager.o
 .debug_line    0x00000e5f      0x351 common.o
 .debug_line    0x000011b0      0x48b con_mario.o
 .debug_line    0x0000163b      0x697 con_perf.o
 .debug_line    0x00001cd2      0x532 con_seq.o
 .debug_line    0x00002204     0x1351 console.o
 .debug_line    0x00003555      0x1f6 cxx.o
 .debug_line    0x0000374b      0xd02 errorHandling.o
 .debug_line    0x0000444d      0x67f gamePatches.o
 .debug_line    0x00004acc      0x4ae keyboard.o
 .debug_line    0x00004f7a      0x6b1 mod.o
 .debug_line    0x0000562b      0x3f9 patch.o
 .debug_line    0x00005a24      0x24f printf.o
 .debug_line    0x00005c73      0x13d rel.o
 .debug_line    0x00005db0      0x360 ug.o
 .debug_line    0x00006110      0x40c util.o
 .debug_line    0x0000651c      0x205 aaa.o
 .debug_line    0x00006721      0xd75 aji.o
 .debug_line    0x00007496      0x553 bom.o
 .debug_line    0x000079e9      0x622 dou.o
 .debug_line    0x0000800b      0x507 eki.o
 .debug_line    0x00008512      0x1f5 end.o
 .debug_line    0x00008707      0x61a gon.o
 .debug_line    0x00008d21      0x8bd gor_00.o
 .debug_line    0x000095de      0x67e gor_01.o
 .debug_line    0x00009c5c      0x69a gor_02.o
 .debug_line    0x0000a2f6      0x79d gor_03.o
 .debug_line    0x0000aa93      0x4e2 gor_04.o
 .debug_line    0x0000af75      0x423 gor_misc.o
 .debug_line    0x0000b398      0x40e gra.o
 .debug_line    0x0000b7a6      0x562 hei.o
 .debug_line    0x0000bd08      0x3b4 hom.o
 .debug_line    0x0000c0bc      0x515 jin.o
 .debug_line    0x0000c5d1      0x28e kpa.o
 .debug_line    0x0000c85f      0x6a7 las.o
 .debug_line    0x0000cf06      0xb9b main.o
 .debug_line    0x0000daa1      0x2d8 moo.o
 .debug_line    0x0000dd79     0x104a mri.o
 .debug_line    0x0000edc3      0xe3e muj.o
 .debug_line    0x0000fc01      0x599 nok.o
 .debug_line    0x0001019a      0x871 pik.o
 .debug_line    0x00010a0b     0x14d0 rsh.o
 .debug_line    0x00011edb      0xa32 tik.o
 .debug_line    0x0001290d     0x17a1 tou.o
 .debug_line    0x000140ae      0x583 tou2.o
 .debug_line    0x00014631      0xc85 usu.o
 .debug_line    0x000152b6      0x554 win.o

.debug_frame
 *(.debug_frame)

.debug_str      0x00000000    0x412da
 *(.debug_str)
 .debug_str     0x00000000     0x2dad OWR.o
 .debug_str     0x00002dad      0x3ab StateManager.o
 .debug_str     0x00003158     0x13e4 common.o
 .debug_str     0x0000453c     0x1a5e con_mario.o
 .debug_str     0x00005f9a     0x16ff con_perf.o
 .debug_str     0x00007699     0x17ab con_seq.o
 .debug_str     0x00008e44     0x1a83 console.o
 .debug_str     0x0000a8c7      0x35e cxx.o
 .debug_str     0x0000ac25     0x2086 errorHandling.o
 .debug_str     0x0000ccab     0x1a1f gamePatches.o
 .debug_str     0x0000e6ca      0x95f keyboard.o
 .debug_str     0x0000f029     0x2286 mod.o
 .debug_str     0x000112af      0x6e9 patch.o
 .debug_str     0x00011998      0x468 printf.o
 .debug_str     0x00011e00      0x191 rel.o
 .debug_str     0x00011f91      0x39b ug.o
 .debug_str     0x0001232c      0x654 util.o
 .debug_str     0x00012980      0x3d4 aaa.o
 .debug_str     0x00012d54     0x2130 aji.o
 .debug_str     0x00014e84      0x5d1 bom.o
 .debug_str     0x00015455     0x1c7d dou.o
 .debug_str     0x000170d2      0xeb5 eki.o
 .debug_str     0x00017f87      0x3ce end.o
 .debug_str     0x00018355     0x1c97 gon.o
 .debug_str     0x00019fec     0x2951 gor_00.o
 .debug_str     0x0001c93d     0x1a47 gor_01.o
 .debug_str     0x0001e384     0x242e gor_02.o
 .debug_str     0x000207b2      0xf35 gor_03.o
 .debug_str     0x000216e7      0x67e gor_04.o
 .debug_str     0x00021d65     0x1b6c gor_misc.o
 .debug_str     0x000238d1      0x949 gra.o
 .debug_str     0x0002421a     0x1ff4 hei.o
 .debug_str     0x0002620e      0xc74 hom.o
 .debug_str     0x00026e82      0x59e jin.o
 .debug_str     0x00027420      0x424 kpa.o
 .debug_str     0x00027844      0x66f las.o
 .debug_str     0x00027eb3     0x2f51 main.o
 .debug_str     0x0002ae04      0xb14 moo.o
 .debug_str     0x0002b918     0x28b4 mri.o
 .debug_str     0x0002e1cc     0x2a70 muj.o
 .debug_str     0x00030c3c     0x1d92 nok.o
 .debug_str     0x000329ce     0x2007 pik.o
 .debug_str     0x000349d5     0x2a1b rsh.o
 .debug_str     0x000373f0     0x2efb tik.o
 .debug_str     0x0003a2eb     0x267c tou.o
 .debug_str     0x0003c967      0x5af tou2.o
 .debug_str     0x0003cf16     0x272a usu.o
 .debug_str     0x0003f640     0x1c9a win.o

.debug_loc
 *(.debug_loc)

.debug_macinfo
 *(.debug_macinfo)

.debug_weaknames
 *(.debug_weaknames)

.debug_funcnames
 *(.debug_funcnames)

.debug_typenames
 *(.debug_typenames)

.debug_varnames
 *(.debug_varnames)
                0x00000000                        __isIPL = 0x0
                0x0002e160                        __stack_addr = ((((__bss_start + SIZEOF (.bss)) + 0x20000) + 0x7) & 0xfffffffffffffff8)
                0x0000e160                        __stack_end = (__bss_start + SIZEOF (.bss))
                0x00032160                        __intrstack_addr = (__stack_addr + 0x4000)
                0x0002e160                        __intrstack_end = __stack_addr
                0x00032160                        __Arena1Lo = ((__intrstack_addr + 0x1f) & 0xffffffffffffffe0)
                0x817feff0                        __Arena1Hi = 0x817feff0
                0x817ff000                        __gxregs = ((__Arena1Hi + 0x1f) & 0xffffffffffffffe0)
                [!provide]                        PROVIDE (__stack = 0x817feff0)
                [!provide]                        PROVIDE (__isIPL = __isIPL)
                [!provide]                        PROVIDE (__stack_addr = __stack_addr)
                [!provide]                        PROVIDE (__stack_end = __stack_end)
                [!provide]                        PROVIDE (__intrstack_addr = __intrstack_addr)
                [!provide]                        PROVIDE (__intrstack_end = __intrstack_end)
                [!provide]                        PROVIDE (__Arena1Lo = __Arena1Lo)
                [!provide]                        PROVIDE (__Arena1Hi = __Arena1Hi)
                [!provide]                        PROVIDE (__gxregs = __gxregs)
LOAD H:/GhidraProjects/TTYDAP/TTYDAP/rel/source/cxx.ld
                0x0000df8c                        _ctors_start = ADDR (.ctors)
                0x0000dfc0                        _ctors_end = (_ctors_start + SIZEOF (.ctors))
                0x0000dfc0                        _dtors_start = ADDR (.dtors)
                0x0000dfe0                        _dtors_end = (_dtors_start + SIZEOF (.dtors))
LOAD OWR.o
LOAD StateManager.o
LOAD common.o
LOAD con_mario.o
LOAD con_perf.o
LOAD con_seq.o
LOAD console.o
LOAD cxx.o
LOAD errorHandling.o
LOAD gamePatches.o
LOAD keyboard.o
LOAD mod.o
LOAD patch.o
LOAD printf.o
LOAD rel.o
LOAD ug.o
LOAD util.o
LOAD aaa.o
LOAD aji.o
LOAD bom.o
LOAD dou.o
LOAD eki.o
LOAD end.o
LOAD gon.o
LOAD gor_00.o
LOAD gor_01.o
LOAD gor_02.o
LOAD gor_03.o
LOAD gor_04.o
LOAD gor_misc.o
LOAD gra.o
LOAD hei.o
LOAD hom.o
LOAD jin.o
LOAD kpa.o
LOAD las.o
LOAD main.o
LOAD moo.o
LOAD mri.o
LOAD muj.o
LOAD nok.o
LOAD pik.o
LOAD rsh.o
LOAD tik.o
LOAD tou.o
LOAD tou2.o
LOAD usu.o
LOAD win.o
LOAD CrashScreenDecrementYPos.o
LOAD FixBlooperCrash1.o
LOAD FixBlooperCrash2.o
LOAD PreventDiaryTextboxSelection.o
LOAD asm_main.o
LOAD restfpr_x.o
LOAD restgpr_x.o
LOAD patch_ih.o
OUTPUT(H:/GhidraProjects/TTYDAP/TTYDAP/rel/rel.us.elf elf32-powerpc)

.debug_loclists
                0x00000000     0x386b
 .debug_loclists
                0x00000000      0xa75 OWR.o
 .debug_loclists
                0x00000a75       0x17 StateManager.o
 .debug_loclists
                0x00000a8c      0x130 common.o
 .debug_loclists
                0x00000bbc       0xa9 con_mario.o
 .debug_loclists
                0x00000c65      0x2aa con_perf.o
 .debug_loclists
                0x00000f0f       0xf4 con_seq.o
 .debug_loclists
                0x00001003      0xe6f console.o
 .debug_loclists
                0x00001e72       0x95 cxx.o
 .debug_loclists
                0x00001f07      0x955 errorHandling.o
 .debug_loclists
                0x0000285c      0x202 gamePatches.o
 .debug_loclists
                0x00002a5e      0x17e keyboard.o
 .debug_loclists
                0x00002bdc      0x199 mod.o
 .debug_loclists
                0x00002d75      0x4e1 patch.o
 .debug_loclists
                0x00003256      0x122 printf.o
 .debug_loclists
                0x00003378       0x4d rel.o
 .debug_loclists
                0x000033c5      0x1a2 ug.o
 .debug_loclists
                0x00003567      0x1cb util.o
 .debug_loclists
                0x00003732       0x67 gor_04.o
 .debug_loclists
                0x00003799       0xd2 tik.o

.debug_rnglists
                0x00000000      0xed9
 .debug_rnglists
                0x00000000      0x168 OWR.o
 .debug_rnglists