Archive member included to satisfy reference by file (symbol)

C:/devkitPro/devkitPPC/bin/../lib/gcc/powerpc-eabi/13.1.0\libgcc.a(_divdi3.o)
                              console.o (__divdi3)

Discarded input sections

 .text          0x00000000        0x0 OWR.o
 .data          0x00000000        0x0 OWR.o
 .bss           0x00000000        0x0 OWR.o
 .text._ZN3mod3owr3OWR8AAAToGOREv
                0x00000000       0x48 OWR.o
 .text._ZN3mod3owr3OWR12HomewardWarpEv
                0x00000000       0x58 OWR.o
 .text._ZN3mod3owr3OWR12RecieveItemsEv
                0x00000000       0x68 OWR.o
 .bss._ZN3mod3owr25g_stg0_00_init_trampolineE
                0x00000000        0x4 OWR.o
 .bss._ZN3mod3owr22g_itemEntry_trampolineE
                0x00000000        0x4 OWR.o
 .text          0x00000000        0x0 StateManager.o
 .data          0x00000000        0x0 StateManager.o
 .bss           0x00000000        0x0 StateManager.o
 .text._ZN3mod3owr12StateManager4InitEv
                0x00000000       0x18 StateManager.o
 .text          0x00000000        0x0 common.o
 .data          0x00000000        0x0 common.o
 .bss           0x00000000        0x0 common.o
 .text._ZN3mod6common14GetCurrentAreaEv
                0x00000000       0x1c common.o
 .text._ZN3mod6common13GetCurrentMapEv
                0x00000000       0x1c common.o
 .text._ZN3mod6common11GetFilenameEv
                0x00000000       0x1c common.o
 .text._ZN3mod6common16GetStorySequenceEv
                0x00000000       0x24 common.o
 .text._ZN3mod6common14GetPitSequenceEv
                0x00000000       0x2c common.o
 .text._ZN3mod6common17GetSavedFlagValueEi
                0x00000000       0x44 common.o
 .text._ZN3mod6common21HasKeyItemInInventoryEs
                0x00000000       0x60 common.o
 .text._ZN3mod6common25GetBattleWindowDataOffsetEv
                0x00000000       0x1c common.o
 .text._ZN3mod6common21GetStatusWindowHeightEv
                0x00000000       0x28 common.o
 .data._ZN3mod6common29kUnknownStatusWindowStructPtrE
                0x00000000        0x4 common.o
 .data._ZN3mod6common10kBattlePtrE
                0x00000000        0x4 common.o
 .data._ZN3mod6common9kPouchPtrE
                0x00000000        0x4 common.o
 .data._ZN3mod6common12kSaveDataPtrE
                0x00000000        0x4 common.o
 .rodata._ZN3mod6common32kUltraHammerChestDespawnIdOffsetE
                0x00000000        0x4 common.o
 .rodata._ZN3mod6common27kObjectCollectionExprOffsetE
                0x00000000        0x4 common.o
 .rodata._ZN3mod6common27kObjectChestScriptPtrOffsetE
                0x00000000        0x4 common.o
 .rodata._ZN3mod6common33kMujModuleFlavioDesiredItemOffsetE
                0x00000000        0x4 common.o
 .rodata._ZN3mod6common36kJinModuleAtomicBooItemGswfSetOffsetE
                0x00000000        0x4 common.o
 .rodata._ZN3mod6common39kJinModuleAtomicBooItemObjectFlagOffsetE
                0x00000000        0x4 common.o
 .rodata._ZN3mod6common32kPitModuleCharlietonChanceOffsetE
                0x00000000        0x4 common.o
 .rodata._ZN3mod6common22kPitModuleNpcArrOffsetE
                0x00000000        0x4 common.o
 .rodata._ZN3mod6common23kSavedWordFlagBaseValueE
                0x00000000        0x4 common.o
 .data._ZN3mod6common20kPiantaParlorItemArrE
                0x00000000        0x4 common.o
 .data._ZN3mod6common21kPitCharlietonItemArrE
                0x00000000        0x4 common.o
 .data._ZN3mod6common12kHowzItemArrE
                0x00000000        0x4 common.o
 .data._ZN3mod6common18kCharlietonItemArrE
                0x00000000        0x4 common.o
 .data._ZN3mod6common14kDazzleItemArrE
                0x00000000        0x4 common.o
 .data._ZN3mod6common20kSuperguardFramesArrE
                0x00000000        0x4 common.o
 .data._ZN3mod6common15kGuardFramesArrE
                0x00000000        0x4 common.o
 .data._ZN3mod6common25kSuperChargePartnerParamsE
                0x00000000        0x4 common.o
 .data._ZN3mod6common18kSuperChargeParamsE
                0x00000000        0x4 common.o
 .data._ZN3mod6common19kPiercingBlowParamsE
                0x00000000        0x4 common.o
 .data._ZN3mod6common18kHammerThrowParamsE
                0x00000000        0x4 common.o
 .data._ZN3mod6common17kKoopaCurseParamsE
                0x00000000        0x4 common.o
 .data._ZN3mod6common15kTradeOffParamsE
                0x00000000        0x4 common.o
 .data._ZN3mod6common17kGulpRecoilParamsE
                0x00000000        0x4 common.o
 .data._ZN3mod6common24kUltraHammerRecoilParamsE
                0x00000000        0x4 common.o
 .data._ZN3mod6common24kSuperHammerRecoilParamsE
                0x00000000        0x4 common.o
 .data._ZN3mod6common8kNextMapE
                0x00000000        0x4 common.o
 .rodata.cst4   0x00000000        0x4 common.o
 .text          0x00000000        0x0 con_mario.o
 .data          0x00000000        0x0 con_mario.o
 .bss           0x00000000        0x0 con_mario.o
[...]
Memory Configuration

Name             Origin             Length             Attributes
*default*        0x00000000         0xffffffff

Linker script and memory map

                0x80003100                        . = 0x80003100

.init
 *crt0.o(*.init)
 *(.init)

.plt
 *(.plt)

.interp
 *(.interp)

.hash
 *(.hash)

.dynsym
 *(.dynsym)

.dynstr
 *(.dynstr)

.gnu.version
 *(.gnu.version)

.gnu.version_d
 *(.gnu.version_d)

.gnu.version_r
 *(.gnu.version_r)

.rel.init
 *(.rel.init)

.rela.init
 *(.rela.init)

.rel.text
 *(.rel.text .rel.text.* .rel.gnu.linkonce.t.*)

.rela.text
 *(.rela.text .rela.text.* .rela.gnu.linkonce.t.*)

.rel.fini
 *(.rel.fini)

.rela.fini
 *(.rela.fini)

.rel.rodata
 *(.rel.rodata .rel.rodata.* .rel.gnu.linkonce.r.*)

.rela.rodata
 *(.rela.rodata .rela.rodata.* .rela.gnu.linkonce.r.*)

.rel.data
 *(.rel.data .rel.data.* .rel.gnu.linkonce.d.*)

.rela.data
 *(.rela.data .rela.data.* .rela.gnu.linkonce.d.*)

.rel.tdata
 *(.rel.tdata .rel.tdata.* .rel.gnu.linkonce.td.*)

.rela.tdata
 *(.rela.tdata .rela.tdata.* .rela.gnu.linkonce.td.*)

.rel.tbss
 *(.rel.tbss .rel.tbss.* .rel.gnu.linkonce.tb.*)

.rela.tbss
 *(.rela.tbss .rela.tbss.* .rela.gnu.linkonce.tb.*)

.rel.ctors
 *(.rel.ctors)

.rela.ctors
 *(.rela.ctors)

.rel.dtors
 *(.rel.dtors)

.rela.dtors
 *(.rela.dtors)

.rel.got
 *(.rel.got)

.rela.got
 *(.rela.got)

.rela.got1
 *(.rela.got1)

.rela.got2
 *(.rela.got2)

.rel.sdata
 *(.rel.sdata .rel.sdata.* .rel.gnu.linkonce.s.*)

.rela.sdata
 *(.rela.sdata .rela.sdata.* .rela.gnu.linkonce.s.*)

.rel.sbss
 *(.rel.sbss .rel.sbss.* .rel.gnu.linkonce.sb.*)

.rela.sbss
 *(.rela.sbss .rela.sbss.* .rel.gnu.linkonce.sb.*)

.rel.sdata2
 *(.rel.sdata2 .rel.sdata2.* .rel.gnu.linkonce.s2.*)

.rela.sdata2
 *(.rela.sdata2 .rela.sdata2.* .rela.gnu.linkonce.s2.*)

.rel.sbss2
 *(.rel.sbss2 .rel.sbss2.* .rel.gnu.linkonce.sb2.*)

.rela.sbss2
 *(.rela.sbss2 .rela.sbss2.* .rela.gnu.linkonce.sb2.*)

.rel.bss
 *(.rel.bss .rel.bss.* .rel.gnu.linkonce.b.*)

.rela.bss
 *(.rela.bss .rela.bss.* .rela.gnu.linkonce.b.*)

.rel.plt
 *(.rel.plt)

.rela.plt
 *(.rela.plt)

.text           0x80003100     0xeca0
 *(.text)
 .text          0x80003100        0x8 FixBlooperCrash1.o
                0x80003100                asmFixBlooperCrash1
 .text          0x80003108       0x14 FixBlooperCrash2.o
                0x80003108                asmFixBlooperCrash2
 .text          0x8000311c       0x10 PreventDiaryTextboxSelection.o
                0x8000311c                asmPreventDiaryTextboxSelection
 .text          0x8000312c      0x2b8 asm_main.o
                0x8000312c                bMapGXArrInject
                0x80003138                bMapGXArrInjectReturn
                0x8000313c                bMapGXArrIncrement
                0x80003144                bMapGXArrIncrementReturn
                0x80003148                bMapGXChSplit
                0x80003154                bMapGXChSplitReturn
                0x80003158                bWinLogArrInject
                0x80003164                bWinLogArrInjectReturn
                0x80003168                bWinLogArrIncrement
                0x80003170                bWinLogArrIncrementReturn
                0x80003174                bChapterClearCheck
                0x800031bc                bJohoyaSeqAddition
                0x800031f4                bPrintPartyAddErrorFix
                0x80003230                bPrintPartyAddErrorFixReturn
                0x80003234                bPrintPartyErrorFix
                0x80003270                bPrintPartyErrorFixReturn
                0x80003274                bKururingFloorCapture
                0x8000327c                bKururingFloorCaptureReturn
                0x80003280                bKururingFloorRelease
                0x80003288                bKururingFloorReleaseReturn
                0x8000328c                bPowerupblkCapture
                0x800032a4                bPowerupblkCaptureReturn
                0x800032a8                bPowerupblkRelease
                0x800032b0                bPowerupblkReleaseReturn
                0x800032b4                bPeachPointer
                0x8000331c                breakfastValueRestore
                0x80003324                bPeachReturn
                0x80003328                win_log_mapGX_arr
 *(.text.*)
 *fill*         0x800033e4        0x0 00000000
 .text._ZZN3mod3owr3OWR4InitEvENUliE_4_FUNEi
                0x800033e4      0x1cc OWR.o
 .text._ZZN3mod3owr3OWR4InitEvENUlPKcE_4_FUNES3_
                0x800035b0      0x3a0 OWR.o
 .text._ZN3mod3owr3OWRC2Ev
                0x80003950        0x4 OWR.o
                0x80003950                _ZN3mod3owr3OWRC1Ev
                0x80003950                _ZN3mod3owr3OWRC2Ev
 .text._ZN3mod3owr3OWR12SequenceInitEv
                0x80003954      0x12c OWR.o
                0x80003954                _ZN3mod3owr3OWR12SequenceInitEv
 .text._ZN3mod3owr3OWR4InitEv
                0x80003a80      0x120 OWR.o
                0x80003a80                _ZN3mod3owr3OWR4InitEv
 .text._ZN3mod3owr3OWR6UpdateEv
                0x80003ba0       0xc4 OWR.o
                0x80003ba0                _ZN3mod3owr3OWR6UpdateEv
 .text._ZN3mod3owr3OWR14OnModuleLoadedEPN2gc6OSLink12OSModuleInfoE
                0x80003c64       0x90 OWR.o
                0x80003c64                _ZN3mod3owr3OWR14OnModuleLoadedEPN2gc6OSLink12OSModuleInfoE
 .text._ZZN3mod3owr3OWR4InitEvENUlPN2gc6OSLink12OSModuleInfoEPvE_4_FUNES5_S6_
                0x80003cf4       0x84 OWR.o
 .text._ZN3mod3owr3OWR10DrawStringEPKcffjf
                0x80003d78       0xfc OWR.o
                0x80003d78                _ZN3mod3owr3OWR10DrawStringEPKcffjf
 .text.startup._GLOBAL__sub_I_GSWF_ARR
                0x80003e74       0x14 OWR.o
 .text._ZN3mod3owr12StateManagerC2Ev
                0x80003e88       0x18 StateManager.o
                0x80003e88                _ZN3mod3owr12StateManagerC2Ev
                0x80003e88                _ZN3mod3owr12StateManagerC1Ev
 .text._ZN3modL13mod_if_func22Ev
                0x80003ea0       0x54 con_mario.o
 .text.startup._GLOBAL__sub_I__ZN3mod13mario_set_posE
                0x80003ef4       0x88 con_mario.o
 .text._ZN3modL13mod_if_func46Ev
                0x80003f7c      0x19c con_perf.o
 .text._ZN3modL13mod_if_func29Ev
                0x80004118       0xbc con_perf.o
 .text.startup._GLOBAL__sub_I__ZN3mod15perf_fake_spikeE
                0x800041d4       0xd4 con_perf.o
 .text._ZZN3modL13mod_if_func16EvENUlPN4ttyd6seqdrv7SeqInfoEE_4_FUNES3_
                0x800042a8       0x44 con_seq.o
 .text._ZN3modL13mod_if_func16Ev
                0x800042ec       0x74 con_seq.o
 .text.startup._GLOBAL__sub_I__ZN3mod13seq_logo_skipE
                0x80004360       0x8c con_seq.o
 .text._ZN3mod13ConsoleSystem4initEv
                0x800043ec       0x38 console.o
                0x800043ec                _ZN3mod13ConsoleSystem4initEv
 .text._ZN3mod13ConsoleSystem8logColorEPKcN2gc6color4E
                0x80004424      0x2a8 console.o
                0x80004424                _ZN3mod13ConsoleSystem8logColorEPKcN2gc6color4E
 .text._ZN3mod13ConsoleSystem7logInfoEPKcz
                0x800046cc       0xb8 console.o
                0x800046cc                _ZN3mod13ConsoleSystem7logInfoEPKcz
 .text._ZN3mod7CC_findEPKc
                0x80004784      0x12c console.o
                0x80004784                _ZN3mod7CC_findEPKc
 .text._ZN3mod13ConsoleSystem10logWarningEPKcz
                0x800048b0       0xbc console.o
                0x800048b0                _ZN3mod13ConsoleSystem10logWarningEPKcz
 .text._ZN3mod13ConsoleSystem8logErrorEPKcz
                0x8000496c       0xbc console.o
                0x8000496c                _ZN3mod13ConsoleSystem8logErrorEPKcz
 .text._ZN3mod13ConsoleSystem7overlayEPKcz
                0x80004a28       0xd0 console.o
                0x80004a28                _ZN3mod13ConsoleSystem7overlayEPKcz
 .text._ZN3mod13ConsoleSystem8drawLineEiPKcN2gc6color4E
                0x80004af8      0x15c console.o
                0x80004af8                _ZN3mod13ConsoleSystem8drawLineEiPKcN2gc6color4E
 .text._ZN3mod13ConsoleSystem14processCommandEPKc
                0x80004c54      0x288 console.o
                0x80004c54                _ZN3mod13ConsoleSystem14processCommandEPKc
 .text._ZN3mod13ConsoleSystem12updatePromptEv
                0x80004edc      0x974 console.o
                0x80004edc                _ZN3mod13ConsoleSystem12updatePromptEv
 .text._ZN3mod13ConsoleSystem14updateUsbGeckoEv.part.0
                0x80005850      0x19c console.o
 .text._ZN3mod13ConsoleSystem6updateEv
                0x800059ec       0x70 console.o
                0x800059ec                _ZN3mod13ConsoleSystem6updateEv
 .text._ZN3mod13ConsoleSystem4dispEv
                0x80005a5c      0x5f0 console.o
                0x80005a5c                _ZN3mod13ConsoleSystem4dispEv
 .text._ZZN3mod13ConsoleSystem6updateEvENUlN4ttyd7dispdrv8CameraIdEPvE_4_FUNES3_S4_
                0x8000604c        0x8 console.o
 .text.startup._GLOBAL__sub_I__ZN3mod10ConCommand6sFirstE
                0x80006054      0x1ac console.o
 .text._Znwj    0x80006200        0xc cxx.o
                0x80006200                _Znwj
 .text._Znaj    0x8000620c        0xc cxx.o
                0x8000620c                _Znaj
 .text._ZdaPv   0x80006218        0xc cxx.o
                0x80006218                _ZdaPv
 .text._Z10checkHeapsv
                0x80006224      0x560 errorHandling.o
                0x80006224                _Z10checkHeapsv
 .text._Z17drawErrorMessagesv
                0x80006784      0x234 errorHandling.o
                0x80006784                _Z17drawErrorMessagesv
 .text._Z25checkForNpcNameToPtrErrorPKc
                0x800069b8       0x90 errorHandling.o
                0x800069b8                _Z25checkForNpcNameToPtrErrorPKc
 .text._Z24preventAnimPoseMainCrashi
                0x80006a48       0x54 errorHandling.o
                0x80006a48                _Z24preventAnimPoseMainCrashi
 .text.startup._GLOBAL__sub_I_npcNameToPtrErrorInfo
                0x80006a9c       0x1c errorHandling.o
 .text.exit._GLOBAL__sub_D_npcNameToPtrErrorInfo
                0x80006ab8       0x14 errorHandling.o
 .text._ZL22fixPouchInitMemoryLeakij
                0x80006acc       0x60 gamePatches.o
 .text._ZL12autoMashTextN2gc3pad5PadIdE
                0x80006b2c       0x54 gamePatches.o
 .text._ZL14fixMapProblemsv
                0x80006b80      0x12c gamePatches.o
 .text.cFixBlooperCrash1
                0x80006cac       0x4c gamePatches.o
                0x80006cac                cFixBlooperCrash1
 .text.cPreventDiaryTextboxOptionSelection
                0x80006cf8       0xa8 gamePatches.o
                0x80006cf8                cPreventDiaryTextboxOptionSelection
 .text._Z14applyGameFixesv
                0x80006da0       0x68 gamePatches.o
                0x80006da0                _Z14applyGameFixesv
 .text._Z23applyVariousGamePatchesv
                0x80006e08       0xf0 gamePatches.o
                0x80006e08                _Z23applyVariousGamePatchesv
 .text._ZN3mod8KeyboardC2Ei
                0x80006ef8       0x84 keyboard.o
                0x80006ef8                _ZN3mod8KeyboardC2Ei
                0x80006ef8                _ZN3mod8KeyboardC1Ei
 .text._ZN3mod8Keyboard6updateEv
                0x80006f7c      0x59c keyboard.o
                0x80006f7c                _ZN3mod8Keyboard6updateEv
 .text._ZZN3mod3Mod4initEvENUlvE0_4_FUNEv
                0x80007518        0x4 mod.o
 .text._ZZN3mod3Mod11updateEarlyEvENUlN4ttyd7dispdrv8CameraIdEPvE_4_FUNES3_S4_
                0x8000751c        0x4 mod.o
 .text._ZZN3mod3Mod4initEvENUlvE_4_FUNEv
                0x80007520       0x98 mod.o
 .text._ZN3mod3Mod4initEv
                0x800075b8      0x194 mod.o
                0x800075b8                _ZN3mod3Mod4initEv
 .text.startup._ZN3mod4mainEv
                0x8000774c       0xa8 mod.o
                0x8000774c                _ZN3mod4mainEv
 .text._ZN3mod5patch17clear_DC_IC_CacheEPvj
                0x800077f4       0x40 patch.o
                0x800077f4                _ZN3mod5patch17clear_DC_IC_CacheEPvj
 .text._ZN3mod5patch11writeBranchEPvS1_
                0x80007834       0x4c patch.o
                0x80007834                _ZN3mod5patch11writeBranchEPvS1_
 .text._ZN3mod5patch14writeEvtBranchEPiPKib
                0x80007880       0x1c patch.o
                0x80007880                _ZN3mod5patch14writeEvtBranchEPiPKib
 .text._ZN3mod5patch13writeBranchBLEPvS1_
                0x8000789c       0x50 patch.o
                0x8000789c                _ZN3mod5patch13writeBranchBLEPvS1_
 .text._ZN3mod5patch10writePatchEPvPKvj
                0x800078ec       0x7c patch.o
                0x800078ec                _ZN3mod5patch10writePatchEPvPKvj
 .text._ZN3mod5patch10writePatchEPvj
                0x80007968       0x6c patch.o
                0x80007968                _ZN3mod5patch10writePatchEPvj
 .text._ZN3mod5patch15writeBranchPairEPvS1_S1_
                0x800079d4       0x80 patch.o
                0x800079d4                _ZN3mod5patch15writeBranchPairEPvS1_S1_
 .text.snprintf
                0x80007a54       0xe4 printf.o
                0x80007a54                snprintf
 .text._prolog  0x80007b38       0xac rel.o
                0x80007b38                _prolog
 .text._epilog  0x80007be4       0xac rel.o
                0x80007be4                _epilog
 .text._unresolved
                0x80007c90        0x4 rel.o
                0x80007c90                _unresolved
 .text._ZN3mod7ugProbeEi
                0x80007c94      0x110 ug.o
                0x80007c94                _ZN3mod7ugProbeEi
 .text._ZN3mod6ugSendEiPKvi
                0x80007da4      0x12c ug.o
                0x80007da4                _ZN3mod6ugSendEiPKvi
 .text._ZN3mod6ugRecvEiPvi
                0x80007ed0      0x124 ug.o
                0x80007ed0                _ZN3mod6ugRecvEiPvi
 .text.strstr   0x80007ff4       0xf0 util.o
                0x80007ff4                strstr
 .text._ZN3mod4util26checkButtonComboEveryFrameEj
                0x800080e4       0x40 util.o
                0x800080e4                _ZN3mod4util26checkButtonComboEveryFrameEj
 .text._ZN3mod4util10ptrIsValidEPv
                0x80008124       0x30 util.o
                0x80008124                _ZN3mod4util10ptrIsValidEPv
 .text._ZN3mod4util10intToFloatEi
                0x80008154       0x30 util.o
                0x80008154                _ZN3mod4util10intToFloatEi
 .text._ZN3mod4util25getTextMultilineIncrementEPKcfj
                0x80008184       0x58 util.o
                0x80008184                _ZN3mod4util25getTextMultilineIncrementEPKcfj
 .text._Z15ApplyAaaPatchesv
                0x800081dc       0x50 aaa.o
                0x800081dc                _Z15ApplyAaaPatchesv
 .text._Z15ApplyAjiPatchesv
                0x8000822c      0x8f4 aji.o
                0x8000822c                _Z15ApplyAjiPatchesv
 .text._Z15ApplyBomPatchesv
                0x80008b20      0x340 bom.o
                0x80008b20                _Z15ApplyBomPatchesv
 .text._Z15ApplyDouPatchesv
                0x80008e60      0x324 dou.o
                0x80008e60                _Z15ApplyDouPatchesv
 .text._Z15ApplyEkiPatchesv
                0x80009184      0x280 eki.o
                0x80009184                _Z15ApplyEkiPatchesv
 .text._Z15ApplyEndPatchesv
                0x80009404       0x30 end.o
                0x80009404                _Z15ApplyEndPatchesv
 .text._Z15ApplyGonPatchesv
                0x80009434      0x390 gon.o
                0x80009434                _Z15ApplyGonPatchesv
 .text._Z17ApplyGor00Patchesv
                0x800097c4      0x624 gor_00.o
                0x800097c4                _Z17ApplyGor00Patchesv
 .text.startup._GLOBAL__sub_I__Z17ApplyGor00Patchesv
                0x80009de8       0x14 gor_00.o
 .text._Z17ApplyGor01Patchesv
                0x80009dfc      0x448 gor_01.o
                0x80009dfc                _Z17ApplyGor01Patchesv
 .text._Z17ApplyGor02Patchesv
                0x8000a244      0x458 gor_02.o
                0x8000a244                _Z17ApplyGor02Patchesv
 .text._Z17ApplyGor03Patchesv
                0x8000a69c      0x4f0 gor_03.o
                0x8000a69c                _Z17ApplyGor03Patchesv
 .text._Z13strcpy_StringPcPKc
                0x8000ab8c        0x4 gor_04.o
                0x8000ab8c                _Z13strcpy_StringPcPKc
 .text._Z17ApplyGor04Patchesv
                0x8000ab90      0x200 gor_04.o
                0x8000ab90                _Z17ApplyGor04Patchesv
 .text._Z19ApplyGorMiscPatchesv
                0x8000ad90      0x15c gor_misc.o
                0x8000ad90                _Z19ApplyGorMiscPatchesv
 .text._Z15ApplyGorPatchesv
                0x8000aeec       0x30 gor_misc.o
                0x8000aeec                _Z15ApplyGorPatchesv
 .text._Z15ApplyGraPatchesv
                0x8000af1c      0x22c gra.o
                0x8000af1c                _Z15ApplyGraPatchesv
 .text._Z15ApplyHeiPatchesv
                0x8000b148      0x2d8 hei.o
                0x8000b148                _Z15ApplyHeiPatchesv
 .text._Z15ApplyHomPatchesv
                0x8000b420      0x164 hom.o
                0x8000b420                _Z15ApplyHomPatchesv
 .text._Z15ApplyJinPatchesv
                0x8000b584      0x334 jin.o
                0x8000b584                _Z15ApplyJinPatchesv
 .text._Z15ApplyKpaPatchesv
                0x8000b8b8       0xe4 kpa.o
                0x8000b8b8                _Z15ApplyKpaPatchesv
 .text._Z24ApplyMainAssemblyPatchesv
                0x8000b99c      0x584 main.o
                0x8000b99c                _Z24ApplyMainAssemblyPatchesv
 .text._Z22ApplyMainScriptPatchesv
                0x8000bf20      0x1e8 main.o
                0x8000bf20                _Z22ApplyMainScriptPatchesv
 .text._Z25ApplyItemDataTablePatchesv
                0x8000c108      0x16c main.o
                0x8000c108                _Z25ApplyItemDataTablePatchesv
 .text._Z15ApplyMriPatchesv
                0x8000c274      0xc58 mri.o
                0x8000c274                _Z15ApplyMriPatchesv
 .text._Z15ApplyMujPatchesv
                0x8000cecc      0xa20 muj.o
                0x8000cecc                _Z15ApplyMujPatchesv
 .text._Z15ApplyNokPatchesv
                0x8000d8ec      0x3b0 nok.o
                0x8000d8ec                _Z15ApplyNokPatchesv
 .text._Z15ApplyPikPatchesv
                0x8000dc9c      0x578 pik.o
                0x8000dc9c                _Z15ApplyPikPatchesv
 .text._Z15ApplyRshPatchesv
                0x8000e214      0xf00 rsh.o
                0x8000e214                _Z15ApplyRshPatchesv
 .text._Z24checkChapterRequirementsPN4ttyd6evtmgr8EvtEntryEb
                0x8000f114       0xdc tik.o
                0x8000f114                _Z24checkChapterRequirementsPN4ttyd6evtmgr8EvtEntryEb
 .text._Z18checkChapterClearsPN4ttyd6evtmgr8EvtEntryEb
                0x8000f1f0       0x8c tik.o
                0x8000f1f0                _Z18checkChapterClearsPN4ttyd6evtmgr8EvtEntryEb
 .text._Z15ApplyTikPatchesv
                0x8000f27c      0x5a8 tik.o
                0x8000f27c                _Z15ApplyTikPatchesv
 .text._Z15ApplyTouPatchesv
                0x8000f824     0x119c tou.o
                0x8000f824                _Z15ApplyTouPatchesv
 .text._Z16ApplyTou2Patchesv
                0x800109c0      0x384 tou2.o
                0x800109c0                _Z16ApplyTou2Patchesv
 .text._Z15ApplyUsuPatchesv
                0x80010d44      0x92c usu.o
                0x80010d44                _Z15ApplyUsuPatchesv
 .text._Z15ApplyWinPatchesv
                0x80011670      0x340 win.o
                0x80011670                _Z15ApplyWinPatchesv
 .text.__divdi3
                0x800119b0      0x3ec C:/devkitPro/devkitPPC/bin/../lib/gcc/powerpc-eabi/13.1.0\libgcc.a(_divdi3.o)
                0x800119b0                __divdi3
 *(.gnu.warning)
 *(.gnu.linkonce.t.*)
                0x80011da0                        . = ALIGN (0x20)
 *fill*         0x80011d9c        0x4 00000000

.text._ZN3mod13mario_set_posMUlPKcE_4_FUNES2_
                0x00000000       0x6c
 .text._ZN3mod13mario_set_posMUlPKcE_4_FUNES2_
                0x00000000       0x6c con_mario.o
                0x00000000                _ZN3mod13mario_set_posMUlPKcE_4_FUNES2_
                0x00000000                _ZN3mod13mario_set_posMUlPKcE_4_FUNES1_

.text._ZN3mod15perf_fake_spikeMUlPKcE_4_FUNES2_
                0x00000000       0xa8
 .text._ZN3mod15perf_fake_spikeMUlPKcE_4_FUNES2_
                0x00000000       0xa8 con_perf.o
                0x00000000                _ZN3mod15perf_fake_spikeMUlPKcE_4_FUNES1_
                0x00000000                _ZN3mod15perf_fake_spikeMUlPKcE_4_FUNES2_

.text._ZN3mod14seq_change_mapMUlPKcE_4_FUNES2_
                0x00000000       0xf0
 .text._ZN3mod14seq_change_mapMUlPKcE_4_FUNES2_
                0x00000000       0xf0 con_seq.o
                0x00000000                _ZN3mod14seq_change_mapMUlPKcE_4_FUNES2_
                0x00000000                _ZN3mod14seq_change_mapMUlPKcE_4_FUNES1_

.text._ZN3mod8con_monoMUlPNS_9ConIntVarEiE_4_FUNES2_i
                0x00000000       0x3c
 .text._ZN3mod8con_monoMUlPNS_9ConIntVarEiE_4_FUNES2_i
                0x00000000       0x3c console.o
                0x00000000                _ZN3mod8con_monoMUlPNS_9ConIntVarEiE_4_FUNES1_i
                0x00000000                _ZN3mod8con_monoMUlPNS_9ConIntVarEiE_4_FUNES2_i

.fini           0x0000003c        0x4
 *(.fini)
                0x00000040                        . = ALIGN (0x20)
 *fill*         0x0000003c        0x4 00000000
                [!provide]                        PROVIDE (__etext = .)
                [!provide]                        PROVIDE (_etext = .)
                [!provide]                        PROVIDE (etext = .)

.rodata         0x00000040     0xced9
 *(.rodata)
 *(.rodata.*)
 .rodata._ZZN3mod3owr3OWR4InitEvENUliE_4_FUNEi
                0x00000040       0xec OWR.o
 .rodata._ZZN3mod3owr3OWR4InitEvENUlPKcE_4_FUNES3_.str1.4
                0x0000012c      0x292 OWR.o
 *fill*         0x000003be        0x2 
 .rodata._ZN3mod3owr3OWR8AAAToGOREv.str1.4
                0x000003c0        0x7 OWR.o
 *fill*         0x000003c7        0x1 
 .rodata._ZN3mod3owr3OWR14OnModuleLoadedEPN2gc6OSLink12OSModuleInfoE
                0x000003c8       0x74 OWR.o
 .rodata.cst4   0x0000043c        0x4 OWR.o
 .rodata._ZN3mod13mario_set_posMUlPKcE_4_FUNES2_.str1.4
                0x00000440        0x9 con_mario.o
 *fill*         0x00000449        0x3 
 .rodata._ZN3modL13mod_if_func22Ev.str1.4
                0x0000044c       0x20 con_mario.o
 .rodata._GLOBAL__sub_I__ZN3mod13mario_set_posE.str1.4
                0x0000046c       0x1f con_mario.o
 *fill*         0x0000048b        0x1 
 .rodata._ZN3modL13mod_if_func46Ev.str1.4
                0x0000048c       0x5e con_perf.o
 *fill*         0x000004ea        0x2 
 .rodata._ZN3mod15perf_fake_spikeMUlPKcE_4_FUNES2_.str1.4
                0x000004ec        0x4 con_perf.o
 .rodata._ZN3modL13mod_if_func29Ev.str1.4
                0x000004f0       0x1c con_perf.o
 .rodata._GLOBAL__sub_I__ZN3mod15perf_fake_spikeE.str1.4
                0x0000050c       0x2b con_perf.o
 *fill*         0x00000537        0x1 
 .rodata.cst4   0x00000538       0x14 con_perf.o
 .rodata._ZN3mod14seq_change_mapMUlPKcE_4_FUNES2_.str1.4
                0x0000054c       0x20 con_seq.o
 .rodata._GLOBAL__sub_I__ZN3mod13seq_logo_skipE.str1.4
                0x0000056c       0x1f con_seq.o
 *fill*         0x0000058b        0x1 
 .rodata._ZN3mod13ConsoleSystem8logColorEPKcN2gc6color4E.str1.4
                0x0000058c       0x83 console.o
 *fill*         0x0000060f        0x1 
 .rodata._ZN3mod7CC_findEPKc.str1.4
                0x00000610       0x21 console.o
 *fill*         0x00000631        0x3 
 .rodata._ZN3mod13ConsoleSystem14processCommandEPKc.str1.4
                0x00000634       0x2e console.o
 *fill*         0x00000662        0x2 
 .rodata._ZN3mod13ConsoleSystem12updatePromptEv
                0x00000664      0x6c0 console.o
 .rodata._ZN3mod13ConsoleSystem14updateUsbGeckoEv.part.0.str1.4
                0x00000d24       0x75 console.o
 *fill*         0x00000d99        0x3 
 .rodata._ZN3mod13ConsoleSystem4dispEv.str1.4
                0x00000d9c       0x16 console.o
 *fill*         0x00000db2        0x2 
 .rodata._GLOBAL__sub_I__ZN3mod10ConCommand6sFirstE.str1.4
                0x00000db4       0x8d console.o
 .rodata._ZZN3mod13ConsoleSystem4dispEvE12kPromptColor
                0x00000e41        0x4 console.o
 *fill*         0x00000e45        0x3 
 .rodata.cst4   0x00000e48        0x8 console.o
 .rodata._ZN21NpcNameToPtrErrorInfo16drawErrorMessageEv.str1.4
                0x00000e50       0x1f errorHandling.o
 *fill*         0x00000e6f        0x1 
 .rodata._ZN21AnimPoseMainErrorInfo16drawErrorMessageEv.str1.4
                0x00000e70       0x1f errorHandling.o
 *fill*         0x00000e8f        0x1 
 .rodata._Z10checkHeapsv.str1.4
                0x00000e90       0x88 errorHandling.o
 .rodata.cst4   0x00000f18       0x10 errorHandling.o
 .rodata._ZL14fixMapProblemsv.str1.4
                0x00000f28       0x23 gamePatches.o
 *fill*         0x00000f4b        0x1 
 .rodata.cPreventDiaryTextboxOptionSelection.str1.4
                0x00000f4c       0x1c gamePatches.o
 .rodata.cst4   0x00000f68        0x4 mod.o
 .rodata.cst4   0x00000f6c        0x8 util.o
 .rodata._ZL20aji_17_init_evt_hook
                0x00000f74       0x10 aji.o
 .rodata._ZL19aji_17_init_evt_evt
                0x00000f84       0x4c aji.o
 .rodata._ZL20aji_10_init_evt_hook
                0x00000fd0       0x10 aji.o
 .rodata.str1.4
                0x00000fe0       0x43 aji.o
 *fill*         0x00001023        0x1 
 .rodata._ZL19aji_10_init_evt_evt
                0x00001024      0x288 aji.o
 .rodata._ZL18teshita3_init_hook
                0x000012ac       0x10 aji.o
 .rodata._ZL17teshita3_init_evt
                0x000012bc       0xc0 aji.o
 .rodata._ZL18teshita2_init_hook
                0x0000137c       0x10 aji.o
 .rodata._ZL17teshita2_init_evt
                0x0000138c       0xc0 aji.o
 .rodata._ZL20peach_evt_ele_2_hook
                0x0000144c       0x24 aji.o
 .rodata._ZL19peach_evt_ele_2_evt
                0x00001470       0x6c aji.o
 .rodata._ZL20aji_00_init_evt_hook
                0x000014dc       0x10 aji.o
 .rodata._ZL19aji_00_init_evt_evt
                0x000014ec       0x5c aji.o
 .rodata._ZL4npc4
                0x00001548       0x13 aji.o
 *fill*         0x0000155b        0x1 
 .rodata._ZL4npc3
                0x0000155c        0x7 aji.o
 *fill*         0x00001563        0x1 
 .rodata._ZL4npc2
                0x00001564        0xf aji.o
 *fill*         0x00001573        0x1 
 .rodata._ZL4npc1
                0x00001574        0x7 aji.o
 *fill*         0x0000157b        0x1 
 .rodata.str1.4
                0x0000157c       0x13 dou.o
 *fill*         0x0000158f        0x1 
 .rodata._ZL20peramajin_after_item
                0x00001590       0x9c dou.o
 .rodata._ZL12evt_elv_hook
                0x0000162c       0x28 eki.o
 .rodata.str1.4
                0x00001654       0x30 eki.o
 .rodata._ZL11evt_elv_evt
                0x00001684      0x104 eki.o
 .rodata.str1.4
                0x00001788        0xb gon.o
 *fill*         0x00001793        0x1 
 .rodata._ZL19gon_evt_majin2_item
                0x00001794       0xd0 gon.o
 .rodata._ZL21gor_00_init_evt2_hook
                0x00001864       0x10 gor_00.o
 .rodata._ZL21gor_00_init_evt1_hook
                0x00001874       0x10 gor_00.o
 .rodata.str1.4
                0x00001884      0x2ce gor_00.o
 *fill*         0x00001b52        0x2 
 .rodata._ZL16gor_00_init_evt1
                0x00001b54      0x1f8 gor_00.o
 .rodata._ZL18korutesu_init_hook
                0x00001d4c       0x10 gor_00.o
 .rodata._ZL17korutesu_init_evt
                0x00001d5c       0x58 gor_00.o
 .rodata._ZL20suifubomb_b_talk_evt
                0x00001db4       0xd4 gor_00.o
 .rodata._ZL21suifubomb_b_regl_hook
                0x00001e88       0x10 gor_00.o
 .rodata._ZL20suifubomb_b_regl_evt
                0x00001e98      0x120 gor_00.o
 .rodata._ZL20suifubomb_a_talk_evt
                0x00001fb8      0x150 gor_00.o
 .rodata._ZL21suifubomb_a_regl_hook
                0x00002108       0x10 gor_00.o
 .rodata._ZL20suifubomb_a_regl_evt
                0x00002118       0x90 gor_00.o
 .rodata._ZL21suifubomb_a_init_hook
                0x000021a8       0x10 gor_00.o
 .rodata._ZL20suifubomb_a_init_evt
                0x000021b8       0xc8 gor_00.o
 .rodata._ZL16suifu_b_talk_evt
                0x00002280       0xd4 gor_00.o
 .rodata._ZL20luigi_npcEnt_00_hook
                0x00002354       0x10 gor_00.o
 .rodata._ZL19luigi_npcEnt_00_evt
                0x00002364       0x80 gor_00.o
 .rodata._ZL18luigi_init_00_hook
                0x000023e4       0x10 gor_00.o
 .rodata._ZL17luigi_init_00_evt
                0x000023f4       0x50 gor_00.o
 .rodata._ZL16mokorim_init_evt
                0x00002444       0x30 gor_00.o
 .rodata._ZL17suifu_b_init_hook
                0x00002474       0x10 gor_00.o
 .rodata._ZL16suifu_b_init_evt
                0x00002484       0xc8 gor_00.o
 .rodata._ZL17suifu_a_regl_hook
                0x0000254c       0x10 gor_00.o
 .rodata._ZL16suifu_a_regl_evt
                0x0000255c       0x80 gor_00.o
 .rodata._ZL16suifu_a_talk_evt
                0x000025dc       0xd4 gor_00.o
 .rodata._ZL19odoodo_ani_talk_evt
                0x000026b0       0x20 gor_00.o
 .rodata._ZL15odoodo_talk_evt
                0x000026d0      0x128 gor_00.o
 .rodata._ZL16odoodo_regl_hook
                0x000027f8       0x10 gor_00.o
 .rodata._ZL15odoodo_regl_evt
                0x00002808       0x94 gor_00.o
 .rodata._ZL16odoodo_init_hook
                0x0000289c       0x10 gor_00.o
 .rodata._ZL15odoodo_init_evt
                0x000028ac      0x114 gor_00.o
 .rodata._ZL17garawaru_talk_evt
                0x000029c0       0xb8 gor_00.o
 .rodata._ZL18garawaru_regl_hook
                0x00002a78       0x10 gor_00.o
 .rodata._ZL17garawaru_regl_evt
                0x00002a88      0x120 gor_00.o
 .rodata._ZL18garawaru_init_hook
                0x00002ba8       0x10 gor_00.o
 .rodata._ZL17garawaru_init_evt
                0x00002bb8      0x140 gor_00.o
 .rodata._ZL7npcEnt2
                0x00002cf8        0x9 gor_00.o
 *fill*         0x00002d01        0x3 
 .rodata._ZL6npcEnt
                0x00002d04        0x9 gor_00.o
 *fill*         0x00002d0d        0x3 
 .rodata.str1.4
                0x00002d10       0xb2 gor_01.o
 *fill*         0x00002dc2        0x2 
 .rodata._ZL15bomhei_talk_evt
                0x00002dc4       0x20 gor_01.o
 .rodata._ZL16chusan2_talk_evt
                0x00002de4       0x20 gor_01.o
 .rodata._ZL16chusan1_talk_evt
                0x00002e04       0x20 gor_01.o
 .rodata._ZL16kuribo3_talk_evt
                0x00002e24       0x20 gor_01.o
 .rodata._ZL16kuribo2_talk_evt
                0x00002e44       0x20 gor_01.o
 .rodata._ZL16kuribo1_talk_evt
                0x00002e64       0x20 gor_01.o
 .rodata._ZL15roten2_talk_evt
                0x00002e84       0x20 gor_01.o
 .rodata._ZL15roten1_talk_evt
                0x00002ea4       0x20 gor_01.o
 .rodata._ZL19shoptender_talk_evt
                0x00002ec4       0x20 gor_01.o
 .rodata._ZL15kinoji_talk_evt
                0x00002ee4       0x20 gor_01.o
 .rodata._ZL19bottakuru_init_hook
                0x00002f04       0x10 gor_01.o
 .rodata._ZL18bottakuru_init_evt
                0x00002f14       0x70 gor_01.o
 .rodata._ZL18marco_init_01_hook
                0x00002f84       0x10 gor_01.o
 .rodata._ZL17marco_init_01_evt
                0x00002f94       0x40 gor_01.o
 .rodata._ZL20badgemaster_talk_evt
                0x00002fd4       0x20 gor_01.o
 .rodata._ZL15luigi_init_hook
                0x00002ff4       0x10 gor_02.o
 .rodata.str1.4
                0x00003004      0x276 gor_02.o
 *fill*         0x0000327a        0x2 
 .rodata._ZL14luigi_init_evt
                0x0000327c       0x4c gor_02.o
 .rodata._ZL20tozokudan2_talk_hook
                0x000032c8        0xc gor_02.o
 .rodata._ZL19tozokudan2_talk_evt
                0x000032d4      0x160 gor_02.o
 .rodata._ZL20tozokudan1_talk_hook
                0x00003434        0xc gor_02.o
 .rodata._ZL19tozokudan1_talk_evt
                0x00003440      0x160 gor_02.o
 .rodata._ZL20kurihakase_init_hook
                0x000035a0       0x10 gor_02.o
 .rodata._ZL19kurihakase_init_evt
                0x000035b0      0x294 gor_02.o
 .rodata._ZL19kurihakase_talk_evt
                0x00003844      0x2cc gor_02.o
 .rodata._ZL22evt_door_02_open_hook2
                0x00003b10       0x10 gor_02.o
 .rodata._ZL21evt_door_02_open_evt2
                0x00003b20       0xc4 gor_02.o
 .rodata._ZL21evt_door_02_open_hook
                0x00003be4       0x10 gor_02.o
 .rodata._ZL20evt_door_02_open_evt
                0x00003bf4      0x184 gor_02.o
 .rodata._ZL21gor_02_init_evt2_hook
                0x00003d78       0x10 gor_02.o
 .rodata._ZL16gor_02_init_evt2
                0x00003d88       0xcc gor_02.o
 .rodata._ZL21gor_02_init_evt1_hook
                0x00003e54       0x10 gor_02.o
 .rodata._ZL16gor_02_init_evt1
                0x00003e64      0x138 gor_02.o
 .rodata._ZL16borodo2_talk_evt
                0x00003f9c       0x20 gor_02.o
 .rodata._ZL16borodo1_talk_evt
                0x00003fbc       0x20 gor_02.o
 .rodata._ZL15roten3_talk_evt
                0x00003fdc       0x20 gor_02.o
 .rodata._ZL16chusan3_talk_evt
                0x00003ffc       0x20 gor_02.o
 .rodata._ZL16kuribo4_talk_evt
                0x0000401c       0x20 gor_02.o
 .rodata._ZL20gor_03_init_evt_hook
                0x0000403c       0x10 gor_03.o
 .rodata.str1.4
                0x0000404c      0x129 gor_03.o
 *fill*         0x00004175        0x3 
 .rodata._ZL19gor_03_init_evt_evt
                0x00004178      0x160 gor_03.o
 .rodata._ZL16maffia3_talk_evt
                0x000042d8       0x20 gor_03.o
 .rodata._ZL16maffia2_talk_evt
                0x000042f8      0x140 gor_03.o
 .rodata._ZL16maffia1_talk_evt
                0x00004438      0x140 gor_03.o
 .rodata._ZL26maffiaboss_casino_talk_evt
                0x00004578       0x20 gor_03.o
 .rodata._ZL26maffiaboss_talk_common_evt
                0x00004598      0x120 gor_03.o
 .rodata._Z17ApplyGor04Patchesv.str1.4
                0x000046b8       0x15 gor_04.o
 *fill*         0x000046cd        0x3 
 .rodata.str1.4
                0x000046d0        0x7 gor_misc.o
 *fill*         0x000046d7        0x1 
 .rodata._ZL9party_evt
                0x000046d8       0x9c gor_misc.o
 .rodata._ZL9goombella
                0x00004774        0x9 gor_misc.o
 *fill*         0x0000477d        0x3 
 .rodata.str1.4
                0x00004780       0x18 gra.o
 .rodata._ZL17evt_machibuse_evt
                0x00004798       0x4c gra.o
 .rodata._ZL8doopliss
                0x000047e4        0xb gra.o
 *fill*         0x000047ef        0x1 
 .rodata._ZL11stones_hook
                0x000047f0       0x10 hei.o
 .rodata.str1.4
                0x00004800       0x23 hei.o
 *fill*         0x00004823        0x1 
 .rodata._ZL10stones_evt
                0x00004824       0xd8 hei.o
 .rodata._ZL9party_evt
                0x000048fc       0x80 hei.o
 .rodata._ZL5koops
                0x0000497c        0xb hei.o
 *fill*         0x00004987        0x1 
 .rodata._ZL20hom_00_init_evt_hook
                0x00004988       0x10 hom.o
 .rodata.str1.4
                0x00004998       0x24 hom.o
 .rodata._ZL19hom_00_init_evt_evt
                0x000049bc       0x94 hom.o
 .rodata._Z25ApplyItemDataTablePatchesv.str1.4
                0x00004a50       0xde main.o
 *fill*         0x00004b2e        0x2 
 .rodata._ZL20mri_09_init_evt_hook
                0x00004b30       0x10 mri.o
 .rodata.str1.4
                0x00004b40      0x19f mri.o
 *fill*         0x00004cdf        0x1 
 .rodata._ZL19mri_09_init_evt_evt
                0x00004ce0      0x14c mri.o
 .rodata._ZL20mri_04_init_evt_hook
                0x00004e2c       0x10 mri.o
 .rodata._ZL19mri_04_init_evt_evt
                0x00004e3c       0x30 mri.o
 .rodata._ZL16bero_custom_hook
                0x00004e6c       0x10 mri.o
 .rodata._ZL15bero_custom_evt
                0x00004e7c       0x44 mri.o
 .rodata._ZL21mri_01_init_evt_hook2
                0x00004ec0       0x10 mri.o
 .rodata._ZL19mri_01_init_evt_evt
                0x00004ed0       0x30 mri.o
 .rodata._ZL18puniinfo_talk_hook
                0x00004f00       0x10 mri.o
 .rodata._ZL20mri_03_init_evt_hook
                0x00004f10       0x14 mri.o
 .rodata._ZL22mri_03_init_evt_switch
                0x00004f24       0x9c mri.o
 .rodata._ZL20mri_01_init_evt_hook
                0x00004fc0       0x14 mri.o
 .rodata._ZL22mri_01_init_evt_switch
                0x00004fd4       0xb0 mri.o
 .rodata._ZL23mri_sister_init_01_hook
                0x00005084       0x10 mri.o
 .rodata._ZL22mri_sister_init_01_evt
                0x00005094       0xa8 mri.o
 .rodata._ZL16puni_2_init_hook
                0x0000513c       0x10 mri.o
 .rodata._ZL15puni_2_init_evt
                0x0000514c       0x78 mri.o
 .rodata._ZL16puni_1_talk_hook
                0x000051c4       0x10 mri.o
 .rodata._ZL15puni_1_talk_evt
                0x000051d4       0xb0 mri.o
 .rodata._ZL16puni_1_init_hook
                0x00005284       0x10 mri.o
 .rodata._ZL15puni_1_init_evt
                0x00005294       0x78 mri.o
 .rodata._ZL15elder_talk_hook
                0x0000530c       0x10 mri.o
 .rodata._ZL14elder_talk_evt
                0x0000531c       0xb8 mri.o
 .rodata._ZL22mri_elder_init_01_hook
                0x000053d4       0x10 mri.o
 .rodata._ZL21mri_elder_init_01_evt
                0x000053e4       0xcc mri.o
 .rodata._ZL22mri_rival_init_01_hook
                0x000054b0       0x10 mri.o
 .rodata._ZL21mri_rival_init_01_evt
                0x000054c0       0xa8 mri.o
 .rodata._ZL18guide_init_01_hook
                0x00005568       0x10 mri.o
 .rodata._ZL17guide_init_01_evt
                0x00005578       0x8c mri.o
 .rodata._ZL15guide_talk_hook
                0x00005604       0x10 mri.o
 .rodata._ZL14guide_talk_evt
                0x00005614       0x98 mri.o
 .rodata._ZL18guide_init_00_hook
                0x000056ac       0x10 mri.o
 .rodata._ZL17guide_init_00_evt
                0x000056bc      0x150 mri.o
 .rodata._ZL14muj_party_hook
                0x0000580c       0x10 muj.o
 .rodata.str1.4
                0x0000581c      0x3f8 muj.o
 .rodata._ZL13muj_party_evt
                0x00005c14       0xac muj.o
 .rodata._ZL22peton_init_muj_01_hook
                0x00005cc0       0x10 muj.o
 .rodata._ZL21peton_init_muj_01_evt
                0x00005cd0       0x54 muj.o
 .rodata._ZL21mony_init_muj_01_hook
                0x00005d24       0x10 muj.o
 .rodata._ZL20mony_init_muj_01_evt
                0x00005d34       0x54 muj.o
 .rodata._ZL17koburon_dead_hook
                0x00005d88      0x15c muj.o
 .rodata._ZL16koburon_dead_evt
                0x00005ee4      0x238 muj.o
 .rodata._ZL20muj_01_init_evt_hook
                0x0000611c       0x10 muj.o
 .rodata._ZL19muj_01_init_evt_evt
                0x0000612c       0x50 muj.o
 .rodata._ZL21borosuifu_b_talk_hook
                0x0000617c       0x10 muj.o
 .rodata._ZL20borosuifu_b_talk_evt
                0x0000618c       0xf8 muj.o
 .rodata._ZL21borosuifu_a_talk_hook
                0x00006284       0x10 muj.o
 .rodata._ZL20borosuifu_a_talk_evt
                0x00006294       0xf8 muj.o
 .rodata._ZL24suifu_d_talk_muj_01_hook
                0x0000638c       0x10 muj.o
 .rodata._ZL23suifu_d_talk_muj_01_evt
                0x0000639c       0xf8 muj.o
 .rodata._ZL20suifu_bomb_talk_hook
                0x00006494       0x10 muj.o
 .rodata._ZL19suifu_bomb_talk_evt
                0x000064a4       0xf4 muj.o
 .rodata._ZL20suifu_bomb_init_hook
                0x00006598       0x10 muj.o
 .rodata._ZL19suifu_bomb_init_evt
                0x000065a8       0x30 muj.o
 .rodata._ZL24suifu_a_talk_muj_01_hook
                0x000065d8       0x10 muj.o
 .rodata._ZL23suifu_a_talk_muj_01_evt
                0x000065e8       0xf4 muj.o
 .rodata._ZL24suifu_a_init_muj_01_hook
                0x000066dc       0x10 muj.o
 .rodata._ZL23suifu_a_init_muj_01_evt
                0x000066ec       0x40 muj.o
 .rodata._ZL23odoodo_init_muj_01_hook
                0x0000672c       0x10 muj.o
 .rodata._ZL22odoodo_init_muj_01_evt
                0x0000673c       0x40 muj.o
 .rodata._ZL23megane_init_muj_01_hook
                0x0000677c       0x10 muj.o
 .rodata._ZL22megane_init_muj_01_evt
                0x0000678c       0x40 muj.o
 .rodata._ZL22marco_init_muj_01_hook
                0x000067cc       0x10 muj.o
 .rodata._ZL21marco_init_muj_01_evt
                0x000067dc       0x9c muj.o
 .rodata._ZL25garawaru_talk_muj_01_hook
                0x00006878       0x10 muj.o
 .rodata._ZL24garawaru_talk_muj_01_evt
                0x00006888      0x4b4 muj.o
 .rodata._ZL25garawaru_init_muj_01_hook
                0x00006d3c       0x10 muj.o
 .rodata._ZL24garawaru_init_muj_01_evt
                0x00006d4c       0xd8 muj.o
 .rodata._ZL20muj_00_init_evt_hook
                0x00006e24       0x44 muj.o
 .rodata._ZL21muj_00_init_evt_evt_2
                0x00006e68       0x70 muj.o
 .rodata._ZL19muj_00_init_evt_evt
                0x00006ed8       0x40 muj.o
 .rodata._ZL22peton_talk_muj_00_hook
                0x00006f18       0x10 muj.o
 .rodata._ZL21peton_talk_muj_00_evt
                0x00006f28       0x8c muj.o
 .rodata._ZL21mony_talk_muj_00_hook
                0x00006fb4       0x10 muj.o
 .rodata._ZL20mony_talk_muj_00_evt
                0x00006fc4       0x8c muj.o
 .rodata._ZL17nokorin_talk_hook
                0x00007050       0x10 nok.o
 .rodata.str1.4
                0x00007060      0x4ee nok.o
 *fill*         0x0000754e        0x2 
 .rodata._ZL16nokorin_talk_evt
                0x00007550      0x2f4 nok.o
 .rodata._ZL19boss_noko_talk_hook
                0x00007844       0x10 nok.o
 .rodata._ZL18boss_noko_talk_evt
                0x00007854      0x164 nok.o
 .rodata._ZL20nokonoko_K_talk_hook
                0x000079b8       0x10 nok.o
 .rodata._ZL19nokonoko_K_talk_evt
                0x000079c8       0xd4 nok.o
 .rodata._ZL18nokopapa_talk_hook
                0x00007a9c       0x10 nok.o
 .rodata._ZL17nokopapa_talk_evt
                0x00007aac      0x128 nok.o
 .rodata._ZL16monban_talk_hook
                0x00007bd4       0x10 nok.o
 .rodata._ZL15monban_talk_evt
                0x00007be4      0x11c nok.o
 .rodata._ZL20nokonoko_I_talk_hook
                0x00007d00       0x10 nok.o
 .rodata._ZL19nokonoko_I_talk_evt
                0x00007d10       0xd4 nok.o
 .rodata._ZL20nokonoko_H_talk_hook
                0x00007de4       0x10 nok.o
 .rodata._ZL19nokonoko_H_talk_evt
                0x00007df4       0xfc nok.o
 .rodata._ZL20nokonoko_G_talk_hook
                0x00007ef0       0x10 nok.o
 .rodata._ZL19nokonoko_G_talk_evt
                0x00007f00       0xd4 nok.o
 .rodata._ZL15talk_white_hook
                0x00007fd4       0x10 nok.o
 .rodata._ZL14talk_white_evt
                0x00007fe4       0xa4 nok.o
 .rodata._ZL15init_white_hook
                0x00008088       0x10 nok.o
 .rodata._ZL14init_white_evt
                0x00008098       0x44 nok.o
 .rodata._ZL20nokonoko_F_talk_hook
                0x000080dc       0x10 nok.o
 .rodata._ZL19nokonoko_F_talk_evt
                0x000080ec       0xd4 nok.o
 .rodata._ZL20nokonoko_D_talk_hook
                0x000081c0       0x10 nok.o
 .rodata._ZL19nokonoko_D_talk_evt
                0x000081d0       0xfc nok.o
 .rodata._ZL20nokonoko_C_talk_hook
                0x000082cc       0x10 nok.o
 .rodata._ZL19nokonoko_C_talk_evt
                0x000082dc       0xd4 nok.o
 .rodata._ZL20nokonoko_B_talk_hook
                0x000083b0       0x10 nok.o
 .rodata._ZL19nokonoko_B_talk_evt
                0x000083c0       0xd4 nok.o
 .rodata._ZL20nokonoko_A_talk_hook
                0x00008494       0x10 nok.o
 .rodata._ZL19nokonoko_A_talk_evt
                0x000084a4      0x10c nok.o
 .rodata._ZL16pik_00_init_hook
                0x000085b0       0x10 pik.o
 .rodata.str1.4
                0x000085c0      0x172 pik.o
 *fill*         0x00008732        0x2 
 .rodata._ZL19pik_00_init_evt_evt
                0x00008734       0x58 pik.o
 .rodata._ZL32pik_talk_madam_ring_return_hook3
                0x0000878c       0x10 pik.o
 .rodata._ZL20talk_madam_ring_item
                0x0000879c       0x8c pik.o
 .rodata._ZL14evt_daiza_hook
                0x00008828       0x1c pik.o
 .rodata._ZL13evt_daiza_evt
                0x00008844       0x5c pik.o
 .rodata._ZL18pik_evt_powan_hook
                0x000088a0       0x28 pik.o
 .rodata._ZL17pik_evt_powan_evt
                0x000088c8       0x94 pik.o
 .rodata._ZL16takun6_talk_hook
                0x0000895c       0x10 pik.o
 .rodata._ZL15takun6_talk_evt
                0x0000896c       0x78 pik.o
 .rodata._ZL16takun5_talk_hook
                0x000089e4       0x10 pik.o
 .rodata._ZL15takun5_talk_evt
                0x000089f4       0x78 pik.o
 .rodata._ZL16takun4_talk_hook
                0x00008a6c       0x10 pik.o
 .rodata._ZL15takun4_talk_evt
                0x00008a7c       0xb4 pik.o
 .rodata._ZL18miyageya_talk_hook
                0x00008b30       0x28 pik.o
 .rodata._ZL17miyageya_talk_evt
                0x00008b58      0x114 pik.o
 .rodata._ZL7madame2
                0x00008c6c        0x7 pik.o
 *fill*         0x00008c73        0x1 
 .rodata._ZL28talk_madam_ring_return_hook3
                0x00008c74       0x10 rsh.o
 .rodata.str1.4
                0x00008c84      0x1fd rsh.o
 *fill*         0x00008e81        0x3 
 .rodata._ZL20talk_madam_ring_item
                0x00008e84       0x8c rsh.o
 .rodata._ZL28talk_madam_ring_return_hook2
                0x00008f10       0x10 rsh.o
 .rodata._ZL28talk_madam_ring_return_hook1
                0x00008f20       0x10 rsh.o
 .rodata._ZL26talk_madam_ring_return_evt
                0x00008f30       0x78 rsh.o
 .rodata._ZL16init_konari_hook
                0x00008fa8       0x10 rsh.o
 .rodata._ZL14init_papa_hook
                0x00008fb8       0x10 rsh.o
 .rodata._ZL15init_konari_evt
                0x00008fc8       0x9c rsh.o
 .rodata._ZL15init_powan_hook
                0x00009064       0x10 rsh.o
 .rodata._ZL14init_powan_evt
                0x00009074       0xec rsh.o
 .rodata._ZL19talk_waitless_hook2
                0x00009160       0x10 rsh.o
 .rodata._ZL19talk_waitless_hook1
                0x00009170       0x10 rsh.o
 .rodata._ZL17talk_waitless_evt
                0x00009180       0x78 rsh.o
 .rodata._ZL21rsh_01_init_evt_hook2
                0x000091f8       0x10 rsh.o
 .rodata._ZL19rsh_01_init_evt_evt
                0x00009208       0xd8 rsh.o
 .rodata._ZL20rsh_00_init_evt_hook
                0x000092e0       0x10 rsh.o
 .rodata._ZL19rsh_00_init_evt_evt
                0x000092f0       0xb8 rsh.o
 .rodata._ZL20rsh_04_init_evt_hook
                0x000093a8       0x10 rsh.o
 .rodata._ZL20rsh_03_init_evt_hook
                0x000093b8       0x10 rsh.o
 .rodata._ZL20rsh_02_init_evt_hook
                0x000093c8       0x10 rsh.o
 .rodata._ZL21rsh_01_init_evt_hook1
                0x000093d8       0x10 rsh.o
 .rodata._ZL19rsh_04_init_evt_evt
                0x000093e8       0xc0 rsh.o
 .rodata._ZL26rsh_03_init_evt_music_hook
                0x000094a8       0x10 rsh.o
 .rodata._ZL21rsh_03_init_evt_music
                0x000094b8      0x1f8 rsh.o
 .rodata._ZL26rsh_02_init_evt_music_hook
                0x000096b0       0x10 rsh.o
 .rodata._ZL21rsh_02_init_evt_music
                0x000096c0      0x270 rsh.o
 .rodata._ZL26rsh_01_init_evt_music_hook
                0x00009930       0x10 rsh.o
 .rodata._ZL21rsh_01_init_evt_music
                0x00009940      0x1f8 rsh.o
 .rodata._ZL26rsh_00_init_evt_music_hook
                0x00009b38       0x10 rsh.o
 .rodata._ZL21rsh_00_init_evt_music
                0x00009b48      0x1f8 rsh.o
 .rodata._ZL26rsh_04_init_evt_music_hook
                0x00009d40       0x10 rsh.o
 .rodata._ZL21rsh_04_init_evt_music
                0x00009d50      0x1f8 rsh.o
 .rodata._ZL20rsh_06_init_evt_hook
                0x00009f48       0x10 rsh.o
 .rodata._ZL19rsh_06_init_evt_evt
                0x00009f58      0x178 rsh.o
 .rodata._ZL6madame
                0x0000a0d0        0x7 rsh.o
 *fill*         0x0000a0d7        0x1 
 .rodata.str1.4
                0x0000a0d8      0x23b tik.o
 *fill*         0x0000a313        0x1 
 .rodata._ZL19tik_evt_majin2_item
                0x0000a314       0xa8 tik.o
 .rodata._ZL21tik_05_init_evt_hook2
                0x0000a3bc       0x10 tik.o
 .rodata._ZL20tik_05_init_evt_evt2
                0x0000a3cc       0xa4 tik.o
 .rodata._ZL20tik_05_init_evt_hook
                0x0000a470       0x10 tik.o
 .rodata._ZL19tik_05_init_evt_evt
                0x0000a480       0x48 tik.o
 .rodata._ZL24tik_kurihakase_init_hook
                0x0000a4c8       0x10 tik.o
 .rodata._ZL23tik_kurihakase_init_evt
                0x0000a4d8       0x80 tik.o
 .rodata._ZL18master_2_talk_hook
                0x0000a558       0x10 tik.o
 .rodata._ZL17master_2_talk_evt
                0x0000a568      0x180 tik.o
 .rodata._ZL17borodo4_talk_hook
                0x0000a6e8       0x10 tik.o
 .rodata._ZL16borodo4_talk_evt
                0x0000a6f8      0x180 tik.o
 .rodata._ZL17borodo3_talk_hook
                0x0000a878       0x10 tik.o
 .rodata._ZL16borodo3_talk_evt
                0x0000a888      0x180 tik.o
 .rodata._ZL17chusan4_talk_hook
                0x0000aa08       0x10 tik.o
 .rodata._ZL16chusan4_talk_evt
                0x0000aa18      0x180 tik.o
 .rodata._ZL17kuribo5_talk_hook
                0x0000ab98       0x10 tik.o
 .rodata._ZL16kuribo5_talk_evt
                0x0000aba8      0x180 tik.o
 .rodata._ZL16hotdog_item_hook
                0x0000ad28       0x10 tou.o
 .rodata.str1.4
                0x0000ad38       0x80 tou.o
 .rodata._ZL11hotdog_item
                0x0000adb8       0xe8 tou.o
 .rodata._ZL18tou_party_evt_hook
                0x0000aea0       0x10 tou.o
 .rodata._ZL13tou_party_evt
                0x0000aeb0       0x5c tou.o
 .rodata._ZL20tou_04_init_evt_hook
                0x0000af0c       0x10 tou.o
 .rodata._ZL19tou_04_init_evt_evt
                0x0000af1c       0x78 tou.o
 .rodata._ZL14yoshi_gswf_evt
                0x0000af94       0x14 tou.o
 .rodata._ZL15jolene_egg_hook
                0x0000afa8       0x10 tou.o
 .rodata._ZL14jolene_egg_evt
                0x0000afb8      0x220 tou.o
 .rodata._ZL16talk_sakaba_hook
                0x0000b1d8       0x10 tou.o
 .rodata._ZL15talk_sakaba_evt
                0x0000b1e8       0x84 tou.o
 .rodata._ZL6jolene
                0x0000b26c        0xb tou.o
 *fill*         0x0000b277        0x1 
 .rodata.str1.4
                0x0000b278      0x4e8 usu.o
 .rodata._ZL19usu_evt_majin2_item
                0x0000b760       0xa8 usu.o
 .rodata._ZL13usu_party_evt
                0x0000b808       0xbc usu.o
 .rodata._ZL23village_chief_init_hook
                0x0000b8c4       0x10 usu.o
 .rodata._ZL22village_chief_init_evt
                0x0000b8d4       0x58 usu.o
 .rodata._ZL27village_chief_pig_init_hook
                0x0000b92c       0x10 usu.o
 .rodata._ZL26village_chief_pig_init_evt
                0x0000b93c       0x70 usu.o
 .rodata._ZL23village_chief_talk_hook
                0x0000b9ac       0x10 usu.o
 .rodata._ZL22village_chief_talk_evt
                0x0000b9bc      0x1c8 usu.o
 .rodata._ZL20gatekeeper_init_hook
                0x0000bb84       0x10 usu.o
 .rodata._ZL19gatekeeper_init_evt
                0x0000bb94       0x8c usu.o
 .rodata._ZL24gatekeeper_pig_init_hook
                0x0000bc20       0x10 usu.o
 .rodata._ZL23gatekeeper_pig_init_evt
                0x0000bc30       0x78 usu.o
 .rodata._ZL20gatekeeper_talk_hook
                0x0000bca8       0x10 usu.o
 .rodata._ZL19gatekeeper_talk_evt
                0x0000bcb8      0x114 usu.o
 .rodata._ZL20usu_00_init_evt_hook
                0x0000bdcc       0x14 usu.o
 .rodata._ZL19usu_00_init_evt_evt
                0x0000bde0       0x5c usu.o
 .rodata._ZL20shop_woman_talk_hook
                0x0000be3c       0x10 usu.o
 .rodata._ZL19shop_woman_talk_evt
                0x0000be4c       0x78 usu.o
 .rodata._ZL18shop_man_talk_hook
                0x0000bec4       0x10 usu.o
 .rodata._ZL17shop_man_talk_evt
                0x0000bed4       0x78 usu.o
 .rodata._ZL19villagerJ_talk_hook
                0x0000bf4c       0x10 usu.o
 .rodata._ZL18villagerJ_talk_evt
                0x0000bf5c      0x104 usu.o
 .rodata._ZL19villagerI_talk_hook
                0x0000c060       0x10 usu.o
 .rodata._ZL18villagerI_talk_evt
                0x0000c070      0x104 usu.o
 .rodata._ZL19villagerH_talk_hook
                0x0000c174       0x10 usu.o
 .rodata._ZL18villagerH_talk_evt
                0x0000c184       0xd0 usu.o
 .rodata._ZL19villagerG_talk_hook
                0x0000c254       0x10 usu.o
 .rodata._ZL18villagerG_talk_evt
                0x0000c264       0xf0 usu.o
 .rodata._ZL19villagerF_talk_hook
                0x0000c354       0x10 usu.o
 .rodata._ZL18villagerF_talk_evt
                0x0000c364       0xf0 usu.o
 .rodata._ZL19villagerK_talk_hook
                0x0000c454       0x10 usu.o
 .rodata._ZL18villagerK_talk_evt
                0x0000c464      0x130 usu.o
 .rodata._ZL19villagerE_talk_hook
                0x0000c594       0x10 usu.o
 .rodata._ZL18villagerE_talk_evt
                0x0000c5a4      0x130 usu.o
 .rodata._ZL19villagerD_talk_hook
                0x0000c6d4       0x10 usu.o
 .rodata._ZL18villagerD_talk_evt
                0x0000c6e4      0x194 usu.o
 .rodata._ZL19villagerC_talk_hook
                0x0000c878       0x10 usu.o
 .rodata._ZL18villagerC_talk_evt
                0x0000c888       0xfc usu.o
 .rodata._ZL19villagerB_talk_hook
                0x0000c984       0x10 usu.o
 .rodata._ZL18villagerB_talk_evt
                0x0000c994       0xfc usu.o
 .rodata._ZL19villagerA_talk_hook
                0x0000ca90       0x10 usu.o
 .rodata._ZL18villagerA_talk_evt
                0x0000caa0      0x130 usu.o
 .rodata._ZL19villagerA_init_hook
                0x0000cbd0       0x10 usu.o
 .rodata._ZL18villagerA_init_evt
                0x0000cbe0       0x6c usu.o
 .rodata._ZL6vivian
                0x0000cc4c        0x9 usu.o
 *fill*         0x0000cc55        0x3 
 .rodata._ZL5mayor
                0x0000cc58        0x5 usu.o
 *fill*         0x0000cc5d        0x3 
 .rodata._ZL9mayor_pig
                0x0000cc60        0x9 usu.o
 *fill*         0x0000cc69        0x3 
 .rodata._ZL8doopliss
                0x0000cc6c        0xb usu.o
 *fill*         0x0000cc77        0x1 
 .rodata._ZL10gatekeeper
                0x0000cc78        0x5 usu.o
 *fill*         0x0000cc7d        0x3 
 .rodata._ZL14gatekeeper_pig
                0x0000cc80        0x9 usu.o
 *fill*         0x0000cc89        0x3 
 .rodata._ZL12usuVillagerA
                0x0000cc8c        0x7 usu.o
 *fill*         0x0000cc93        0x1 
 .rodata.str1.4
                0x0000cc94       0x3c win.o
 .rodata._ZL9party_evt
                0x0000ccd0       0xd8 win.o
 .rodata._ZL20win_00_init_evt_hook
                0x0000cda8       0x10 win.o
 .rodata._ZL19win_00_init_evt_evt
                0x0000cdb8       0x30 win.o
 .rodata._ZL17majorin_init_hook
                0x0000cde8       0x10 win.o
 .rodata._ZL16majorin_init_evt
                0x0000cdf8       0x30 win.o
 .rodata._ZL17maririn_init_hook
                0x0000ce28       0x10 win.o
 .rodata._ZL16maririn_init_evt
                0x0000ce38       0x30 win.o
 .rodata._ZL20win_vivian_init_hook
                0x0000ce68       0x10 win.o
 .rodata._ZL19win_vivian_init_evt
                0x0000ce78       0x98 win.o
 .rodata._ZL7flurrie
                0x0000cf10        0x9 win.o
 *(.gnu.linkonce.r.*)

.rodata1
 *(.rodata1)

.sdata2         0x0000cf19        0x0
                [!provide]                        PROVIDE (_SDA2_BASE_ = .)
 *(.sdata2)
 *(.sdata2.*)
 *(.gnu.linkonce.s2.*)

.sbss2
 *(.sbss2)
 *(.sbss2.*)
 *(.gnu.linkonce.sb2.*)
                0x0000cf1c                        . = ALIGN (0x4)
                [!provide]                        PROVIDE (__preinit_array_start = .)

.preinit_array
 *(.preinit_array)
                [!provide]                        PROVIDE (__preinit_array_end = .)
                [!provide]                        PROVIDE (__init_array_start = .)

.init_array
 *(.init_array)
                [!provide]                        PROVIDE (__init_array_end = .)
                [!provide]                        PROVIDE (__fini_array_start = .)

.fini_array
 *(.fini_array)
                [!provide]                        PROVIDE (__fini_array_end = .)

.data           0x0000cf1c      0x2e4
 *(.data)
 *(.data.*)
 .data.GSWF_ARR_SIZE
                0x0000cf1c        0x2 OWR.o
                0x0000cf1c                GSWF_ARR_SIZE
 *fill*         0x0000cf1e        0x2 
 .data.GSWF_ARR
                0x0000cf20       0x1c OWR.o
                0x0000cf20                GSWF_ARR
 .data._ZN3mod6common12kItemDataArrE
                0x0000cf3c        0x4 common.o
                0x0000cf3c                _ZN3mod6common12kItemDataArrE
 .data.errorTextPosY
                0x0000cf40        0x4 errorHandling.o
                0x0000cf40                errorTextPosY
 .data._ZL16gor_00_init_evt2
                0x0000cf44      0x2bc gor_00.o
 *(.gnu.linkonce.d.*)
                0x0000d200                        . = ALIGN (0x20)

.data1
 *(.data1)

.tdata
 *(.tdata .tdata.* .gnu.linkonce.td.*)

.tbss
 *(.tbss .tbss.* .gnu.linkonce.tb.*)
 *(.tcommon)

.eh_frame       0x0000d200     0x1aa4
 *(.eh_frame)
 .eh_frame      0x0000d200      0x208 OWR.o
                                0x28c (size before relaxing)
 .eh_frame      0x0000d408       0x28 StateManager.o
                                 0x3c (size before relaxing)
 .eh_frame      0x0000d430        0x0 common.o
                                 0xc8 (size before relaxing)
 .eh_frame      0x0000d430       0x70 con_mario.o
 .eh_frame      0x0000d4a0       0xa4 con_perf.o
 .eh_frame      0x0000d544       0xac con_seq.o
 .eh_frame      0x0000d5f0      0x46c console.o
                                0x4bc (size before relaxing)
 .eh_frame      0x0000da5c       0x50 cxx.o
                                 0x64 (size before relaxing)
 .eh_frame      0x0000daac      0x158 errorHandling.o
                                0x1e0 (size before relaxing)
 .eh_frame      0x0000dc04      0x158 gamePatches.o
 .eh_frame      0x0000dd5c       0x84 keyboard.o
                                0x110 (size before relaxing)
 .eh_frame      0x0000dde0       0xbc mod.o
                                0x124 (size before relaxing)
 .eh_frame      0x0000de9c      0x114 patch.o
                                0x1cc (size before relaxing)
 .eh_frame      0x0000dfb0       0x50 printf.o
                                 0x8c (size before relaxing)
 .eh_frame      0x0000e000       0x90 rel.o
 .eh_frame      0x0000e090       0xbc ug.o
 .eh_frame      0x0000e14c       0xb8 util.o
                                0x110 (size before relaxing)
 .eh_frame      0x0000e204       0x28 aaa.o
 .eh_frame      0x0000e22c       0x78 aji.o
 .eh_frame      0x0000e2a4       0x44 bom.o
 .eh_frame      0x0000e2e8       0x4c dou.o
 .eh_frame      0x0000e334       0x40 eki.o
 .eh_frame      0x0000e374       0x28 end.o
 .eh_frame      0x0000e39c       0x48 gon.o
 .eh_frame      0x0000e3e4       0x7c gor_00.o
 .eh_frame      0x0000e460       0x50 gor_01.o
 .eh_frame      0x0000e4b0       0x60 gor_02.o
 .eh_frame      0x0000e510       0x68 gor_03.o
 .eh_frame      0x0000e578       0x50 gor_04.o
 .eh_frame      0x0000e5c8       0x5c gor_misc.o
 .eh_frame      0x0000e624       0x48 gra.o
 .eh_frame      0x0000e66c       0x54 hei.o
 .eh_frame      0x0000e6c0       0x44 hom.o
 .eh_frame      0x0000e704       0x40 jin.o
 .eh_frame      0x0000e744       0x30 kpa.o
 .eh_frame      0x0000e774        0x0 las.o
                                 0x40 (size before relaxing)
 .eh_frame      0x0000e774       0x8c main.o
 .eh_frame      0x0000e800        0x0 moo.o
                                 0x30 (size before relaxing)
 .eh_frame      0x0000e800       0x78 mri.o
 .eh_frame      0x0000e878       0x78 muj.o
 .eh_frame      0x0000e8f0       0x54 nok.o
 .eh_frame      0x0000e944       0x5c pik.o
 .eh_frame      0x0000e9a0       0x70 rsh.o
 .eh_frame      0x0000ea10       0xd0 tik.o
 .eh_frame      0x0000eae0       0x74 tou.o
 .eh_frame      0x0000eb54       0x40 tou2.o
 .eh_frame      0x0000eb94       0x74 usu.o
 .eh_frame      0x0000ec08       0x60 win.o
 .eh_frame      0x0000ec68       0x3c C:/devkitPro/devkitPPC/bin/../lib/gcc/powerpc-eabi/13.1.0\libgcc.a(_divdi3.o)

.gcc_except_table
 *(.gcc_except_table)

.fixup
 *(.fixup)

.got1
 *(.got1)

.got2
 *(.got2)

.dynamic
 *(.dynamic)

.ctors          0x0000eca4       0x1c
 *crtbegin.o(.ctors)
 *(EXCLUDE_FILE(*crtend.o) .ctors)
 .ctors         0x0000eca4        0x4 OWR.o
 .ctors         0x0000eca8        0x4 con_mario.o
 .ctors         0x0000ecac        0x4 con_perf.o
 .ctors         0x0000ecb0        0x4 con_seq.o
 .ctors         0x0000ecb4        0x4 console.o
 .ctors         0x0000ecb8        0x4 errorHandling.o
 .ctors         0x0000ecbc        0x4 gor_00.o
 *(SORT_BY_NAME(.ctors.*))
 *(.ctors)
                0x0000ecc0                        . = ALIGN (0x20)
 *fill*         0x0000ecc0        0x0 

.dtors          0x0000ecc0       0x20
 *crtbegin.o(.dtors)
 *(EXCLUDE_FILE(*crtend.o) .dtors)
 .dtors         0x0000ecc0        0x4 errorHandling.o
 *(SORT_BY_NAME(.dtors.*))
 *(.dtors)
                0x0000ece0                        . = ALIGN (0x20)
 *fill*         0x0000ecc4       0x1c 

.jcr
 *(.jcr)

.got
 *(.got.plt)
 *(.got)

.sdata          0x0000ece0        0x0
                [!provide]                        PROVIDE (_SDA_BASE_ = .)
 *(.sdata)
 *(.sdata.*)
 *(.gnu.linkonce.s.*)
                0x0000ece0                        . = ALIGN (0x20)
                0x0000ece0                        _edata = .
                [!provide]                        PROVIDE (edata = .)

.sbss           0x0000ece0        0x0
                0x0000ece0                        __sbss_start = .
                [!provide]                        PROVIDE (__sbss_start = .)
                [!provide]                        PROVIDE (___sbss_start = .)
 *(.dynsbss)
 *(.sbss)
 *(.sbss.*)
 *(.gnu.linkonce.sb.*)
 *(.scommon)
                [!provide]                        PROVIDE (__sbss_end = .)
                [!provide]                        PROVIDE (___sbss_end = .)
                0x0000ece0                        . = ALIGN (0x20)
                0x0000ece0                        __sbss_end = .

.bss            0x0000ece0      0x180
                0x0000ece0                        __bss_start = .
                [!provide]                        PROVIDE (__bss_start = .)
 *(.dynbss)
 *(.bss)
 *(.bss.*)
 .bss._ZN3mod3owr22g_msgSearch_trampolineE
                0x0000ece0        0x4 OWR.o
                0x0000ece0                _ZN3mod3owr22g_msgSearch_trampolineE
 .bss._ZN3mod3owr25g_pouchGetItem_trampolineE
                0x0000ece4        0x4 OWR.o
                0x0000ece4                _ZN3mod3owr25g_pouchGetItem_trampolineE
 .bss._ZN3mod3owr19g_OSLink_trampolineE
                0x0000ece8        0x4 OWR.o
                0x0000ece8                _ZN3mod3owr19g_OSLink_trampolineE
 .bss._ZN3mod3owr6gStateE
                0x0000ecec        0x4 OWR.o
                0x0000ecec                _ZN3mod3owr6gStateE
 .bss._ZN3mod3owr5gSelfE
                0x0000ecf0        0x4 OWR.o
                0x0000ecf0                _ZN3mod3owr5gSelfE
 .bss._ZN3mod3owr7item_dbE
                0x0000ecf4        0x4 OWR.o
                0x0000ecf4                _ZN3mod3owr7item_dbE
 .bss.gState    0x0000ecf8        0x4 StateManager.o
                0x0000ecf8                gState
 .bss._ZN3modL12mod_if_obj22E
                0x0000ecfc        0x8 con_mario.o
 .bss._ZN3mod14mario_show_posE
                0x0000ed04       0x10 con_mario.o
                0x0000ed04                _ZN3mod14mario_show_posE
 .bss._ZN3mod13mario_set_posE
                0x0000ed14        0xc con_mario.o
                0x0000ed14                _ZN3mod13mario_set_posE
 .bss._ZN3modL12mod_if_obj46E
                0x0000ed20        0x8 con_perf.o
 .bss._ZN3mod14mem_debug_heapE
                0x0000ed28       0x10 con_perf.o
                0x0000ed28                _ZN3mod14mem_debug_heapE
 .bss._ZN3modL12mod_if_obj29E
                0x0000ed38        0x8 con_perf.o
 .bss._ZN3mod9perf_showE
                0x0000ed40       0x10 con_perf.o
                0x0000ed40                _ZN3mod9perf_showE
 .bss._ZN3mod15perf_fake_spikeE
                0x0000ed50        0xc con_perf.o
                0x0000ed50                _ZN3mod15perf_fake_spikeE
 .bss._ZN3mod14seq_change_mapE
                0x0000ed5c        0xc con_seq.o
                0x0000ed5c                _ZN3mod14seq_change_mapE
 .bss._ZN3modL12mod_if_obj16E
                0x0000ed68        0x8 con_seq.o
 .bss._ZN3mod24gTrampoline_seq_logoMainE
                0x0000ed70        0x4 con_seq.o
                0x0000ed70                _ZN3mod24gTrampoline_seq_logoMainE
 .bss._ZN3mod13seq_logo_skipE
                0x0000ed74       0x10 con_seq.o
                0x0000ed74                _ZN3mod13seq_logo_skipE
 .bss._ZN3mod4findE
                0x0000ed84        0xc console.o
                0x0000ed84                _ZN3mod4findE
 .bss._ZN3mod11con_ug_chanE
                0x0000ed90       0x10 console.o
                0x0000ed90                _ZN3mod11con_ug_chanE
 .bss._ZN3mod11con_ug_modeE
                0x0000eda0       0x10 console.o
                0x0000eda0                _ZN3mod11con_ug_modeE
 .bss._ZN3mod21con_log_fade_durationE
                0x0000edb0       0x10 console.o
                0x0000edb0                _ZN3mod21con_log_fade_durationE
 .bss._ZN3mod18con_log_fade_startE
                0x0000edc0       0x10 console.o
                0x0000edc0                _ZN3mod18con_log_fade_startE
 .bss._ZN3mod12con_log_fadeE
                0x0000edd0       0x10 console.o
                0x0000edd0                _ZN3mod12con_log_fadeE
 .bss._ZN3mod13con_log_levelE
                0x0000ede0       0x10 console.o
                0x0000ede0                _ZN3mod13con_log_levelE
 .bss._ZN3mod11con_rainbowE
                0x0000edf0       0x10 console.o
                0x0000edf0                _ZN3mod11con_rainbowE
 .bss._ZN3mod8con_monoE
                0x0000ee00       0x10 console.o
                0x0000ee00                _ZN3mod8con_monoE
 .bss._ZN3mod8con_showE
                0x0000ee10       0x10 console.o
                0x0000ee10                _ZN3mod8con_showE
 .bss._ZN3mod8gConsoleE
                0x0000ee20        0x4 console.o
                0x0000ee20                _ZN3mod8gConsoleE
 .bss._ZN3mod9ConIntVar6sFirstE
                0x0000ee24        0x4 console.o
                0x0000ee24                _ZN3mod9ConIntVar6sFirstE
 .bss._ZN3mod10ConCommand6sFirstE
                0x0000ee28        0x4 console.o
                0x0000ee28                _ZN3mod10ConCommand6sFirstE
 .bss.g_animPoseMain_trampoline
                0x0000ee2c        0x4 errorHandling.o
                0x0000ee2c                g_animPoseMain_trampoline
 .bss.g_npcNameToPtr_trampoline
                0x0000ee30        0x4 errorHandling.o
                0x0000ee30                g_npcNameToPtr_trampoline
 .bss.heapCorruptionInfo
                0x0000ee34        0x8 errorHandling.o
                0x0000ee34                heapCorruptionInfo
 .bss.animPoseMainErrorInfo
                0x0000ee3c        0x4 errorHandling.o
                0x0000ee3c                animPoseMainErrorInfo
 .bss.npcNameToPtrErrorInfo
                0x0000ee40        0x4 errorHandling.o
                0x0000ee40                npcNameToPtrErrorInfo
 .bss._ZN3mod4gModE
                0x0000ee44        0x4 mod.o
                0x0000ee44                _ZN3mod4gModE
 .bss._ZN17ModUpdateFunction6sFirstE
                0x0000ee48        0x4 mod.o
                0x0000ee48                _ZN17ModUpdateFunction6sFirstE
 .bss._ZN15ModInitFunction6sFirstE
                0x0000ee4c        0x4 mod.o
                0x0000ee4c                _ZN15ModInitFunction6sFirstE
 *(.gnu.linkonce.b.*)
 *(COMMON)
                0x0000ee60                        . = ALIGN (0x20)
 *fill*         0x0000ee50       0x10 
                [!provide]                        PROVIDE (__bss_end = .)
                0x0000ee60                        __bss_end = .
                0x0000ee60                        _end = .
                [!provide]                        PROVIDE (end = .)

.bss._ZZNK3mod14seq_change_mapMUlPKcE_clES2_E8beroName
                0x00000000       0x20
 .bss._ZZNK3mod14seq_change_mapMUlPKcE_clES2_E8beroName
                0x00000000       0x20 con_seq.o
                0x00000000                _ZZNK3mod14seq_change_mapMUlPKcE_clES1_E8beroName
                0x00000000                _ZZNK3mod14seq_change_mapMUlPKcE_clES2_E8beroName

.bss._ZZNK3mod14seq_change_mapMUlPKcE_clES2_E7mapName
                0x00000000       0x20
 .bss._ZZNK3mod14seq_change_mapMUlPKcE_clES2_E7mapName
                0x00000000       0x20 con_seq.o
                0x00000000                _ZZNK3mod14seq_change_mapMUlPKcE_clES2_E7mapName
                0x00000000                _ZZNK3mod14seq_change_mapMUlPKcE_clES1_E7mapName

.stab
 *(.stab)

.stabstr
 *(.stabstr)

.stab.excl
 *(.stab.excl)

.stab.exclstr
 *(.stab.exclstr)

.stab.index
 *(.stab.index)

.stab.indexstr
 *(.stab.indexstr)

.comment        0x00000000      0x6e4
 *(.comment)
 .comment       0x00000000       0x24 OWR.o
 .comment       0x00000024       0x24 StateManager.o
 .comment       0x00000048       0x24 common.o
 .comment       0x0000006c       0x24 con_mario.o
 .comment       0x00000090       0x24 con_perf.o
 .comment       0x000000b4       0x24 con_seq.o
 .comment       0x000000d8       0x24 console.o
 .comment       0x000000fc       0x24 cxx.o
 .comment       0x00000120       0x24 errorHandling.o
 .comment       0x00000144       0x24 gamePatches.o
 .comment       0x00000168       0x24 keyboard.o
 .comment       0x0000018c       0x24 mod.o
 .comment       0x000001b0       0x24 patch.o
 .comment       0x000001d4       0x24 printf.o
 .comment       0x000001f8       0x24 rel.o
 .comment       0x0000021c       0x24 ug.o
 .comment       0x00000240       0x24 util.o
 .comment       0x00000264       0x24 aaa.o
 .comment       0x00000288       0x24 aji.o
 .comment       0x000002ac       0x24 bom.o
 .comment       0x000002d0       0x24 dou.o
 .comment       0x000002f4       0x24 eki.o
 .comment       0x00000318       0x24 end.o
 .comment       0x0000033c       0x24 gon.o
 .comment       0x00000360       0x24 gor_00.o
 .comment       0x00000384       0x24 gor_01.o
 .comment       0x000003a8       0x24 gor_02.o
 .comment       0x000003cc       0x24 gor_03.o
 .comment       0x000003f0       0x24 gor_04.o
 .comment       0x00000414       0x24 gor_misc.o
 .comment       0x00000438       0x24 gra.o
 .comment       0x0000045c       0x24 hei.o
 .comment       0x00000480       0x24 hom.o
 .comment       0x000004a4       0x24 jin.o
 .comment       0x000004c8       0x24 kpa.o
 .comment       0x000004ec       0x24 las.o
 .comment       0x00000510       0x24 main.o
 .comment       0x00000534       0x24 moo.o
 .comment       0x00000558       0x24 mri.o
 .comment       0x0000057c       0x24 muj.o
 .comment       0x000005a0       0x24 nok.o
 .comment       0x000005c4       0x24 pik.o
 .comment       0x000005e8       0x24 rsh.o
 .comment       0x0000060c       0x24 tik.o
 .comment       0x00000630       0x24 tou.o
 .comment       0x00000654       0x24 tou2.o
 .comment       0x00000678       0x24 usu.o
 .comment       0x0000069c       0x24 win.o
 .comment       0x000006c0       0x24 C:/devkitPro/devkitPPC/bin/../lib/gcc/powerpc-eabi/13.1.0\libgcc.a(_divdi3.o)

.gnu.attributes
                0x00000000       0x10
 .gnu.attributes
                0x00000000       0x10 OWR.o
 .gnu.attributes
                0x00000010       0x10 common.o
 .gnu.attributes
                0x00000020       0x10 con_mario.o
 .gnu.attributes
                0x00000030       0x10 con_perf.o
 .gnu.attributes
                0x00000040       0x10 console.o
 .gnu.attributes
                0x00000050       0x10 errorHandling.o
 .gnu.attributes
                0x00000060       0x10 mod.o
 .gnu.attributes
                0x00000070       0x10 printf.o
 .gnu.attributes
                0x00000080       0x10 util.o

.group          0x00000000        0xc
 .group         0x00000000        0xc con_mario.o

.group          0x00000000        0xc
 .group         0x00000000        0xc con_perf.o

.group          0x00000000        0xc
 .group         0x00000000        0xc con_seq.o

.group          0x00000000        0x8
 .group         0x00000000        0x8 con_seq.o

.group          0x00000000        0x8
 .group         0x00000000        0x8 con_seq.o

.group          0x00000000        0xc
 .group         0x00000000        0xc console.o

.debug
 *(.debug)

.line
 *(.line)

.debug_srcinfo
 *(.debug_srcinfo)

.debug_sfnames
 *(.debug_sfnames)

.debug_aranges  0x00000000      0x940
 *(.debug_aranges)
 .debug_aranges
                0x00000000       0x80 OWR.o
 .debug_aranges
                0x00000080       0x28 StateManager.o
 .debug_aranges
                0x000000a8       0x60 common.o
 .debug_aranges
                0x00000108       0x30 con_mario.o
 .debug_aranges
                0x00000138       0x38 con_perf.o
 .debug_aranges
                0x00000170       0x38 con_seq.o
 .debug_aranges
                0x000001a8       0xb0 console.o
 .debug_aranges
                0x00000258       0x38 cxx.o
 .debug_aranges
                0x00000290       0x60 errorHandling.o
 .debug_aranges
                0x000002f0       0x50 gamePatches.o
 .debug_aranges
                0x00000340       0x40 keyboard.o
 .debug_aranges
                0x00000380       0x58 mod.o
 .debug_aranges
                0x000003d8       0x78 patch.o
 .debug_aranges
                0x00000450       0x28 printf.o
 .debug_aranges
                0x00000478       0x30 rel.o
 .debug_aranges
                0x000004a8       0x30 ug.o
 .debug_aranges
                0x000004d8       0x50 util.o
 .debug_aranges
                0x00000528       0x20 aaa.o
 .debug_aranges
                0x00000548       0x20 aji.o
 .debug_aranges
                0x00000568       0x20 bom.o
 .debug_aranges
                0x00000588       0x20 dou.o
 .debug_aranges
                0x000005a8       0x20 eki.o
 .debug_aranges
                0x000005c8       0x20 end.o
 .debug_aranges
                0x000005e8       0x20 gon.o
 .debug_aranges
                0x00000608       0x28 gor_00.o
 .debug_aranges
                0x00000630       0x20 gor_01.o
 .debug_aranges
                0x00000650       0x20 gor_02.o
 .debug_aranges
                0x00000670       0x20 gor_03.o
 .debug_aranges
                0x00000690       0x28 gor_04.o
 .debug_aranges
                0x000006b8       0x28 gor_misc.o
 .debug_aranges
                0x000006e0       0x20 gra.o
 .debug_aranges
                0x00000700       0x20 hei.o
 .debug_aranges
                0x00000720       0x20 hom.o
 .debug_aranges
                0x00000740       0x20 jin.o
 .debug_aranges
                0x00000760       0x20 kpa.o
 .debug_aranges
                0x00000780       0x20 las.o
 .debug_aranges
                0x000007a0       0x30 main.o
 .debug_aranges
                0x000007d0       0x20 moo.o
 .debug_aranges
                0x000007f0       0x20 mri.o
 .debug_aranges
                0x00000810       0x20 muj.o
 .debug_aranges
                0x00000830       0x20 nok.o
 .debug_aranges
                0x00000850       0x20 pik.o
 .debug_aranges
                0x00000870       0x20 rsh.o
 .debug_aranges
                0x00000890       0x30 tik.o
 .debug_aranges
                0x000008c0       0x20 tou.o
 .debug_aranges
                0x000008e0       0x20 tou2.o
 .debug_aranges
                0x00000900       0x20 usu.o
 .debug_aranges
                0x00000920       0x20 win.o

.debug_pubnames
 *(.debug_pubnames)

.debug_info     0x00000000    0x3f16b
 *(.debug_info)
 .debug_info    0x00000000     0x35b3 OWR.o
 .debug_info    0x000035b3      0x3b9 StateManager.o
 .debug_info    0x0000396c      0xf16 common.o
 .debug_info    0x00004882     0x257c con_mario.o
 .debug_info    0x00006dfe     0x228d con_perf.o
 .debug_info    0x0000908b     0x21fe con_seq.o
 .debug_info    0x0000b289     0x4086 console.o
 .debug_info    0x0000f30f      0x394 cxx.o
 .debug_info    0x0000f6a3     0x44aa errorHandling.o
 .debug_info    0x00013b4d     0x24ec gamePatches.o
 .debug_info    0x00016039      0xfaf keyboard.o
 .debug_info    0x00016fe8     0x355a mod.o
 .debug_info    0x0001a542     0x15c5 patch.o
 .debug_info    0x0001bb07      0x61f printf.o
 .debug_info    0x0001c126       0xf3 rel.o
 .debug_info    0x0001c219      0x8d5 ug.o
 .debug_info    0x0001caee      0x9d3 util.o
 .debug_info    0x0001d4c1      0x2e3 aaa.o
 .debug_info    0x0001d7a4     0x177b aji.o
 .debug_info    0x0001ef1f      0x3fb bom.o
 .debug_info    0x0001f31a     0x113b dou.o
 .debug_info    0x00020455      0xb96 eki.o
 .debug_info    0x00020feb      0x2d9 end.o
 .debug_info    0x000212c4     0x1189 gon.o
 .debug_info    0x0002244d     0x1f57 gor_00.o
 .debug_info    0x000243a4     0x123e gor_01.o
 .debug_info    0x000255e2     0x186b gor_02.o
 .debug_info    0x00026e4d      0xc28 gor_03.o
 .debug_info    0x00027a75      0x998 gor_04.o
 .debug_info    0x0002840d     0x1127 gor_misc.o
 .debug_info    0x00029534      0x831 gra.o
 .debug_info    0x00029d65     0x141b hei.o
 .debug_info    0x0002b180      0x9f7 hom.o
 .debug_info    0x0002bb77      0x405 jin.o
 .debug_info    0x0002bf7c      0x31f kpa.o
 .debug_info    0x0002c29b      0x49b las.o
 .debug_info    0x0002c736     0x268c main.o
 .debug_info    0x0002edc2      0x947 moo.o
 .debug_info    0x0002f709     0x1dc2 mri.o
 .debug_info    0x000314cb     0x1e6d muj.o
 .debug_info    0x00033338     0x152c nok.o
 .debug_info    0x00034864     0x165f pik.o
 .debug_info    0x00035ec3     0x1e0e rsh.o
 .debug_info    0x00037cd1     0x2530 tik.o
 .debug_info    0x0003a201     0x1acf tou.o
 .debug_info    0x0003bcd0      0x3fb tou2.o
 .debug_info    0x0003c0cb     0x1d91 usu.o
 .debug_info    0x0003de5c     0x130f win.o

.debug_abbrev   0x00000000     0x85bd
 *(.debug_abbrev)
 .debug_abbrev  0x00000000      0x724 OWR.o
 .debug_abbrev  0x00000724      0x17c StateManager.o
 .debug_abbrev  0x000008a0      0x21a common.o
 .debug_abbrev  0x00000aba      0x60d con_mario.o
 .debug_abbrev  0x000010c7      0x66c con_perf.o
 .debug_abbrev  0x00001733      0x668 con_seq.o
 .debug_abbrev  0x00001d9b      0x9a6 console.o
 .debug_abbrev  0x00002741      0x170 cxx.o
 .debug_abbrev  0x000028b1      0x72d errorHandling.o
 .debug_abbrev  0x00002fde      0x4cb gamePatches.o
 .debug_abbrev  0x000034a9      0x36e keyboard.o
 .debug_abbrev  0x00003817      0x791 mod.o
 .debug_abbrev  0x00003fa8      0x2bd patch.o
 .debug_abbrev  0x00004265      0x256 printf.o
 .debug_abbrev  0x000044bb       0xeb rel.o
 .debug_abbrev  0x000045a6      0x230 ug.o
 .debug_abbrev  0x000047d6      0x20f util.o
 .debug_abbrev  0x000049e5       0xcc aaa.o
 .debug_abbrev  0x00004ab1      0x238 aji.o
 .debug_abbrev  0x00004ce9       0xcc bom.o
 .debug_abbrev  0x00004db5      0x1f1 dou.o
 .debug_abbrev  0x00004fa6      0x1d6 eki.o
 .debug_abbrev  0x0000517c       0xcc end.o
 .debug_abbrev  0x00005248      0x1f2 gon.o
 .debug_abbrev  0x0000543a      0x26c gor_00.o
 .debug_abbrev  0x000056a6      0x22c gor_01.o
 .debug_abbrev  0x000058d2      0x253 gor_02.o
 .debug_abbrev  0x00005b25      0x1e3 gor_03.o
 .debug_abbrev  0x00005d08      0x234 gor_04.o
 .debug_abbrev  0x00005f3c      0x2af gor_misc.o
 .debug_abbrev  0x000061eb      0x1c2 gra.o
 .debug_abbrev  0x000063ad      0x1fb hei.o
 .debug_abbrev  0x000065a8      0x1bf hom.o
 .debug_abbrev  0x00006767       0xcc jin.o
 .debug_abbrev  0x00006833       0xcc kpa.o
 .debug_abbrev  0x000068ff       0xcc las.o
 .debug_abbrev  0x000069cb      0x2fc main.o
 .debug_abbrev  0x00006cc7      0x1c5 moo.o
 .debug_abbrev  0x00006e8c      0x234 mri.o
 .debug_abbrev  0x000070c0      0x22d muj.o
 .debug_abbrev  0x000072ed      0x227 nok.o
 .debug_abbrev  0x00007514      0x227 pik.o
 .debug_abbrev  0x0000773b      0x223 rsh.o
 .debug_abbrev  0x0000795e      0x539 tik.o
 .debug_abbrev  0x00007e97      0x237 tou.o
 .debug_abbrev  0x000080ce       0xcc tou2.o
 .debug_abbrev  0x0000819a      0x225 usu.o
 .debug_abbrev  0x000083bf      0x1fe win.o

.debug_line     0x00000000    0x19d5c
 *(.debug_line)
 .debug_line    0x00000000      0xd6b OWR.o
 .debug_line    0x00000d6b      0x1cf StateManager.o
 .debug_line    0x00000f3a      0x39d common.o
 .debug_line    0x000012d7      0x4e6 con_mario.o
 .debug_line    0x000017bd      0x733 con_perf.o
 .debug_line    0x00001ef0      0x5b8 con_seq.o
 .debug_line    0x000024a8     0x1fdd console.o
 .debug_line    0x00004485      0x1c9 cxx.o
 .debug_line    0x0000464e     0x12a6 errorHandling.o
 .debug_line    0x000058f4      0x6da gamePatches.o
 .debug_line    0x00005fce      0xcb4 keyboard.o
 .debug_line    0x00006c82      0x7ae mod.o
 .debug_line    0x00007430      0x80c patch.o
 .debug_line    0x00007c3c      0x2b2 printf.o
 .debug_line    0x00007eee      0x226 rel.o
 .debug_line    0x00008114      0x4ad ug.o
 .debug_line    0x000085c1      0x4b0 util.o
 .debug_line    0x00008a71      0x21f aaa.o
 .debug_line    0x00008c90      0xecb aji.o
 .debug_line    0x00009b5b      0x68f bom.o
 .debug_line    0x0000a1ea      0x6eb dou.o
 .debug_line    0x0000a8d5      0x5ca eki.o
 .debug_line    0x0000ae9f      0x1f8 end.o
 .debug_line    0x0000b097      0x730 gon.o
 .debug_line    0x0000b7c7      0x921 gor_00.o
 .debug_line    0x0000c0e8      0x6b7 gor_01.o
 .debug_line    0x0000c79f      0x6eb gor_02.o
 .debug_line    0x0000ce8a      0x83e gor_03.o
 .debug_line    0x0000d6c8      0x4fc gor_04.o
 .debug_line    0x0000dbc4      0x47a gor_misc.o
 .debug_line    0x0000e03e      0x4b0 gra.o
 .debug_line    0x0000e4ee      0x636 hei.o
 .debug_line    0x0000eb24      0x3ea hom.o
 .debug_line    0x0000ef0e      0x5ea jin.o
 .debug_line    0x0000f4f8      0x294 kpa.o
 .debug_line    0x0000f78c      0x861 las.o
 .debug_line    0x0000ffed      0xd0c main.o
 .debug_line    0x00010cf9      0x2fe moo.o
 .debug_line    0x00010ff7     0x1375 mri.o
 .debug_line    0x0001236c      0xf9b muj.o
 .debug_line    0x00013307      0x60f nok.o
 .debug_line    0x00013916      0x98c pik.o
 .debug_line    0x000142a2     0x1802 rsh.o
 .debug_line    0x00015aa4      0xb5c tik.o
 .debug_line    0x00016600     0x1d3c tou.o
 .debug_line    0x0001833c      0x6e5 tou2.o
 .debug_line    0x00018a21      0xd47 usu.o
 .debug_line    0x00019768      0x5f4 win.o

.debug_frame
 *(.debug_frame)

.debug_str      0x00000000    0x41168
 *(.debug_str)
 .debug_str     0x00000000     0x2c08 OWR.o
 .debug_str     0x00002c08      0x3ab StateManager.o
 .debug_str     0x00002fb3     0x13e4 common.o
 .debug_str     0x00004397     0x1a5e con_mario.o
 .debug_str     0x00005df5     0x16a5 con_perf.o
 .debug_str     0x0000749a     0x17ab con_seq.o
 .debug_str     0x00008c45     0x1a83 console.o
 .debug_str     0x0000a6c8      0x34e cxx.o
 .debug_str     0x0000aa16     0x20aa errorHandling.o
 .debug_str     0x0000cac0     0x1a72 gamePatches.o
 .debug_str     0x0000e532      0x955 keyboard.o
 .debug_str     0x0000ee87     0x22a1 mod.o
 .debug_str     0x00011128      0x6eb patch.o
 .debug_str     0x00011813      0x468 printf.o
 .debug_str     0x00011c7b      0x191 rel.o
 .debug_str     0x00011e0c      0x39b ug.o
 .debug_str     0x000121a7      0x654 util.o
 .debug_str     0x000127fb      0x3d4 aaa.o
 .debug_str     0x00012bcf     0x2130 aji.o
 .debug_str     0x00014cff      0x5d1 bom.o
 .debug_str     0x000152d0     0x1c7d dou.o
 .debug_str     0x00016f4d      0xeb5 eki.o
 .debug_str     0x00017e02      0x3ce end.o
 .debug_str     0x000181d0     0x1c97 gon.o
 .debug_str     0x00019e67     0x2951 gor_00.o
 .debug_str     0x0001c7b8     0x1a47 gor_01.o
 .debug_str     0x0001e1ff     0x242e gor_02.o
 .debug_str     0x0002062d      0xf35 gor_03.o
 .debug_str     0x00021562      0x67e gor_04.o
 .debug_str     0x00021be0     0x1b6c gor_misc.o
 .debug_str     0x0002374c      0x949 gra.o
 .debug_str     0x00024095     0x1ff4 hei.o
 .debug_str     0x00026089      0xc74 hom.o
 .debug_str     0x00026cfd      0x59e jin.o
 .debug_str     0x0002729b      0x424 kpa.o
 .debug_str     0x000276bf      0x66f las.o
 .debug_str     0x00027d2e     0x2f57 main.o
 .debug_str     0x0002ac85      0xb14 moo.o
 .debug_str     0x0002b799     0x28b4 mri.o
 .debug_str     0x0002e04d     0x2a70 muj.o
 .debug_str     0x00030abd     0x1d92 nok.o
 .debug_str     0x0003284f     0x2007 pik.o
 .debug_str     0x00034856     0x2a1b rsh.o
 .debug_str     0x00037271     0x2f1b tik.o
 .debug_str     0x0003a18c     0x267c tou.o
 .debug_str     0x0003c808      0x5af tou2.o
 .debug_str     0x0003cdb7     0x272a usu.o
 .debug_str     0x0003f4e1     0x1c87 win.o

.debug_loc
 *(.debug_loc)

.debug_macinfo
 *(.debug_macinfo)

.debug_weaknames
 *(.debug_weaknames)

.debug_funcnames
 *(.debug_funcnames)

.debug_typenames
 *(.debug_typenames)

.debug_varnames
 *(.debug_varnames)
                0x00000000                        __isIPL = 0x0
                0x0002ee60                        __stack_addr = ((((__bss_start + SIZEOF (.bss)) + 0x20000) + 0x7) & 0xfffffffffffffff8)
                0x0000ee60                        __stack_end = (__bss_start + SIZEOF (.bss))
                0x00032e60                        __intrstack_addr = (__stack_addr + 0x4000)
                0x0002ee60                        __intrstack_end = __stack_addr
                0x00032e60                        __Arena1Lo = ((__intrstack_addr + 0x1f) & 0xffffffffffffffe0)
                0x817feff0                        __Arena1Hi = 0x817feff0
                0x817ff000                        __gxregs = ((__Arena1Hi + 0x1f) & 0xffffffffffffffe0)
                [!provide]                        PROVIDE (__stack = 0x817feff0)
                [!provide]                        PROVIDE (__isIPL = __isIPL)
                [!provide]                        PROVIDE (__stack_addr = __stack_addr)
                [!provide]                        PROVIDE (__stack_end = __stack_end)
                [!provide]                        PROVIDE (__intrstack_addr = __intrstack_addr)
                [!provide]                        PROVIDE (__intrstack_end = __intrstack_end)
                [!provide]                        PROVIDE (__Arena1Lo = __Arena1Lo)
                [!provide]                        PROVIDE (__Arena1Hi = __Arena1Hi)
                [!provide]                        PROVIDE (__gxregs = __gxregs)
LOAD H:/GhidraProjects/TTYDAP/TTYDAP/rel/source/cxx.ld
                0x0000eca4                        _ctors_start = ADDR (.ctors)
                0x0000ecc0                        _ctors_end = (_ctors_start + SIZEOF (.ctors))
                0x0000ecc0                        _dtors_start = ADDR (.dtors)
                0x0000ece0                        _dtors_end = (_dtors_start + SIZEOF (.dtors))
LOAD OWR.o
LOAD StateManager.o
LOAD common.o
LOAD con_mario.o
LOAD con_perf.o
LOAD con_seq.o
LOAD console.o
LOAD cxx.o
LOAD errorHandling.o
LOAD gamePatches.o
LOAD keyboard.o
LOAD mod.o
LOAD patch.o
LOAD printf.o
LOAD rel.o
LOAD ug.o
LOAD util.o
LOAD aaa.o
LOAD aji.o
LOAD bom.o
LOAD dou.o
LOAD eki.o
LOAD end.o
LOAD gon.o
LOAD gor_00.o
LOAD gor_01.o
LOAD gor_02.o
LOAD gor_03.o
LOAD gor_04.o
LOAD gor_misc.o
LOAD gra.o
LOAD hei.o
LOAD hom.o
LOAD jin.o
LOAD kpa.o
LOAD las.o
LOAD main.o
LOAD moo.o
LOAD mri.o
LOAD muj.o
LOAD nok.o
LOAD pik.o
LOAD rsh.o
LOAD tik.o
LOAD tou.o
LOAD tou2.o
LOAD usu.o
LOAD win.o
LOAD CrashScreenDecrementYPos.o
LOAD FixBlooperCrash1.o
LOAD FixBlooperCrash2.o
LOAD PreventDiaryTextboxSelection.o
LOAD asm_main.o
LOAD patch_ih.o
LOAD C:/devkitPro/devkitPPC/bin/../lib/gcc/powerpc-eabi/13.1.0\libgcc.a
OUTPUT(H:/GhidraProjects/TTYDAP/TTYDAP/rel/rel.us.elf elf32-powerpc)

.debug_loclists
                0x00000000     0x6633
 .debug_loclists
                0x00000000      0xd4f OWR.o
 .debug_loclists
                0x00000d4f       0x17 StateManager.o
 .debug_loclists
                0x00000d66      0x151 common.o
 .debug_loclists
                0x00000eb7       0xa9 con_mario.o
 .debug_loclists
                0x00000f60      0x36b con_perf.o
 .debug_loclists
                0x000012cb       0xf8 con_seq.o
 .debug_loclists
                0x000013c3     0x1cf7 console.o
 .debug_loclists
                0x000030ba       0x54 cxx.o
 .debug_loclists
                0x0000310e     0x11cb errorHandling.o
 .debug_loclists
                0x000042d9      0x311 gamePatches.o
 .debug_loclists
                0x000045ea      0x886 keyboard.o
 .debug_loclists
                0x00004e70      0x1c2 mod.o
 .debug_loclists
                0x00005032      0xc5e patch.o
 .debug_loclists
                0x00005c90      0x2ae printf.o
 .debug_loclists
                0x00005f3e      0x2cd ug.o
 .debug_loclists
                0x0000620b      0x241 util.o
 .debug_loclists
                0x0000644c       0xa3 gor_04.o
 .debug_loclists
                0x000064ef      0x144 tik.o

.debug_rnglists
                0x00000000     0x1a88
 .debug_rnglists
                0x00000000      0x1db OWR.o
 .debug_rnglists
                0x000001db       0x28 StateManager.o
 .debug_rnglists
                0x00000203       0x43 common.o
 .debug_rnglists
                0x00000246       0x95 con_mario.o
 .debug_rnglists
                0x000002db      0x135 con_perf.o
 .debug_rnglists
                0x00000410       0xc4 con_seq.o
 .debug_rnglists
                0x000004d4      0x72d console.o
 .debug_rnglists
                0x00000c01       0x25 cxx.o
 .debug_rnglists
                0x00000c26      0x352 errorHandling.o
 .debug_rnglists
                0x00000f78       0x7d gamePatches.o
 .debug_rnglists
                0x00000ff5      0x315 keyboard.o
 .debug_rnglists
                0x0000130a       0xc6 mod.o
 .debug_rnglists
                0x000013d0      0x23d patch.o
 .debug_rnglists
                0x0000160d       0x2c printf.o
 .debug_rnglists
                0x00001639       0x47 rel.o
 .debug_rnglists
                0x00001680       0x73 ug.o
 .debug_rnglists
                0x000016f3       0x45 util.o
 .debug_rnglists
                0x00001738       0x13 aaa.o
 .debug_rnglists
                0x0000174b       0x14 aji.o
 .debug_rnglists
                0x0000175f       0x14 bom.o
 .debug_rnglists
                0x00001773       0x14 dou.o
 .debug_rnglists
                0x00001787       0x14 eki.o
 .debug_rnglists
                0x0000179b       0x13 end.o
 .debug_rnglists
                0x000017ae       0x14 gon.o
 .debug_rnglists
                0x000017c2       0x1a gor_00.o
 .debug_rnglists
                0x000017dc       0x14 gor_01.o
 .debug_rnglists
                0x000017f0       0x14 gor_02.o
 .debug_rnglists
                0x00001804       0x14 gor_03.o
 .debug_rnglists
                0x00001818       0x1a gor_04.o
 .debug_rnglists
                0x00001832       0x32 gor_misc.o
 .debug_rnglists
                0x00001864       0x14 gra.o
 .debug_rnglists
                0x00001878       0x14 hei.o
 .debug_rnglists
                0x0000188c       0x14 hom.o
 .debug_rnglists
                0x000018a0       0x14 jin.o
 .debug_rnglists
                0x000018b4       0x14 kpa.o
 .debug_rnglists
                0x000018c8       0x14 las.o
 .debug_rnglists
                0x000018dc       0x92 main.o
 .debug_rnglists
                0x0000196e       0x14 moo.o
 .debug_rnglists
                0x00001982       0x14 mri.o
 .debug_rnglists
                0x00001996       0x14 muj.o
 .debug_rnglists
                0x000019aa       0x14 nok.o
 .debug_rnglists
                0x000019be       0x14 pik.o
 .debug_rnglists
                0x000019d2       0x14 rsh.o
 .debug_rnglists
                0x000019e6       0x52 tik.o
 .debug_rnglists
                0x00001a38       0x14 tou.o
 .debug_rnglists
                0x00001a4c       0x14 tou2.o
 .debug_rnglists
                0x00001a60       0x14 usu.o
 .debug_rnglists
                0x00001a74       0x14 win.o