
Discarded input sections

 .text          0x00000000        0x0 OWR.o
 .data          0x00000000        0x0 OWR.o
 .bss           0x00000000        0x0 OWR.o
 .bss._ZN3mod3owr25g_stg0_00_init_trampolineE
                0x00000000        0x4 OWR.o
 .bss._ZN3mod3owr22g_itemEntry_trampolineE
                0x00000000        0x4 OWR.o
 .text          0x00000000        0x0 StateManager.o
 .data          0x00000000        0x0 StateManager.o
 .bss           0x00000000        0x0 StateManager.o
 .text._ZN3mod3owr12StateManager4InitEv
                0x00000000       0x18 StateManager.o
 .text          0x00000000        0x0 common.o
 .data          0x00000000        0x0 common.o
 .bss           0x00000000        0x0 common.o
 .text._ZN3mod6common14GetCurrentAreaEv
                0x00000000       0x1c common.o
 .text._ZN3mod6common13GetCurrentMapEv
                0x00000000       0x1c common.o
 .text._ZN3mod6common11GetFilenameEv
                0x00000000       0x1c common.o
 .text._ZN3mod6common16GetStorySequenceEv
                0x00000000       0x20 common.o
 .text._ZN3mod6common14GetPitSequenceEv
                0x00000000       0x24 common.o
 .text._ZN3mod6common17GetSavedFlagValueEi
                0x00000000       0x40 common.o
 .text._ZN3mod6common21HasKeyItemInInventoryEs
                0x00000000       0x3c common.o
 .text._ZN3mod6common25GetBattleWindowDataOffsetEv
                0x00000000       0x1c common.o
 .text._ZN3mod6common21GetStatusWindowHeightEv
                0x00000000       0x24 common.o
 .data._ZN3mod6common29kUnknownStatusWindowStructPtrE
                0x00000000        0x4 common.o
 .data._ZN3mod6common10kBattlePtrE
                0x00000000        0x4 common.o
 .data._ZN3mod6common9kPouchPtrE
                0x00000000        0x4 common.o
 .data._ZN3mod6common12kSaveDataPtrE
                0x00000000        0x4 common.o
 .rodata._ZN3mod6common32kUltraHammerChestDespawnIdOffsetE
                0x00000000        0x4 common.o
 .rodata._ZN3mod6common27kObjectCollectionExprOffsetE
                0x00000000        0x4 common.o
 .rodata._ZN3mod6common27kObjectChestScriptPtrOffsetE
                0x00000000        0x4 common.o
 .rodata._ZN3mod6common33kMujModuleFlavioDesiredItemOffsetE
                0x00000000        0x4 common.o
 .rodata._ZN3mod6common36kJinModuleAtomicBooItemGswfSetOffsetE
                0x00000000        0x4 common.o
 .rodata._ZN3mod6common39kJinModuleAtomicBooItemObjectFlagOffsetE
                0x00000000        0x4 common.o
 .rodata._ZN3mod6common32kPitModuleCharlietonChanceOffsetE
                0x00000000        0x4 common.o
 .rodata._ZN3mod6common22kPitModuleNpcArrOffsetE
                0x00000000        0x4 common.o
 .rodata._ZN3mod6common23kSavedWordFlagBaseValueE
                0x00000000        0x4 common.o
 .data._ZN3mod6common20kPiantaParlorItemArrE
                0x00000000        0x4 common.o
 .data._ZN3mod6common21kPitCharlietonItemArrE
                0x00000000        0x4 common.o
 .data._ZN3mod6common12kHowzItemArrE
                0x00000000        0x4 common.o
 .data._ZN3mod6common18kCharlietonItemArrE
                0x00000000        0x4 common.o
 .data._ZN3mod6common14kDazzleItemArrE
                0x00000000        0x4 common.o
 .data._ZN3mod6common20kSuperguardFramesArrE
                0x00000000        0x4 common.o
 .data._ZN3mod6common15kGuardFramesArrE
                0x00000000        0x4 common.o
 .data._ZN3mod6common25kSuperChargePartnerParamsE
                0x00000000        0x4 common.o
 .data._ZN3mod6common18kSuperChargeParamsE
                0x00000000        0x4 common.o
 .data._ZN3mod6common19kPiercingBlowParamsE
                0x00000000        0x4 common.o
 .data._ZN3mod6common18kHammerThrowParamsE
                0x00000000        0x4 common.o
 .data._ZN3mod6common17kKoopaCurseParamsE
                0x00000000        0x4 common.o
 .data._ZN3mod6common15kTradeOffParamsE
                0x00000000        0x4 common.o
 .data._ZN3mod6common17kGulpRecoilParamsE
                0x00000000        0x4 common.o
 .data._ZN3mod6common24kUltraHammerRecoilParamsE
                0x00000000        0x4 common.o
 .data._ZN3mod6common24kSuperHammerRecoilParamsE
                0x00000000        0x4 common.o
 .data._ZN3mod6common8kNextMapE
                0x00000000        0x4 common.o
 .rodata.cst4   0x00000000        0x4 common.o
 .text          0x00000000        0x0 con_mario.o
 .data          0x00000000        0x0 con_mario.o
 .bss           0x00000000        0x0 con_mario.o
 .text          0x00000000        0x0 con_perf.o
 .data          0x00000000        0x0 con_perf.o
 .bss           0x00000000        0x0 con_perf.o
 .text          0x00000000        0x0 con_seq.o
 .data          0x00000000        0x0 con_seq.o
 .bss           0x00000000        0x0 con_seq.o
 .text          0x00000000        0x0 console.o
 .data          0x00000000        0x0 console.o
 .bss           0x00000000        0x0 console.o
[...]
Memory Configuration

Name             Origin             Length             Attributes
*default*        0x00000000         0xffffffff

Linker script and memory map

                0x80003100                        . = 0x80003100

.init
 *crt0.o(*.init)
 *(.init)

.plt
 *(.plt)

.interp
 *(.interp)

.hash
 *(.hash)

.dynsym
 *(.dynsym)

.dynstr
 *(.dynstr)

.gnu.version
 *(.gnu.version)

.gnu.version_d
 *(.gnu.version_d)

.gnu.version_r
 *(.gnu.version_r)

.rel.init
 *(.rel.init)

.rela.init
 *(.rela.init)

.rel.text
 *(.rel.text .rel.text.* .rel.gnu.linkonce.t.*)

.rela.text
 *(.rela.text .rela.text.* .rela.gnu.linkonce.t.*)

.rel.fini
 *(.rel.fini)

.rela.fini
 *(.rela.fini)

.rel.rodata
 *(.rel.rodata .rel.rodata.* .rel.gnu.linkonce.r.*)

.rela.rodata
 *(.rela.rodata .rela.rodata.* .rela.gnu.linkonce.r.*)

.rel.data
 *(.rel.data .rel.data.* .rel.gnu.linkonce.d.*)

.rela.data
 *(.rela.data .rela.data.* .rela.gnu.linkonce.d.*)

.rel.tdata
 *(.rel.tdata .rel.tdata.* .rel.gnu.linkonce.td.*)

.rela.tdata
 *(.rela.tdata .rela.tdata.* .rela.gnu.linkonce.td.*)

.rel.tbss
 *(.rel.tbss .rel.tbss.* .rel.gnu.linkonce.tb.*)

.rela.tbss
 *(.rela.tbss .rela.tbss.* .rela.gnu.linkonce.tb.*)

.rel.ctors
 *(.rel.ctors)

.rela.ctors
 *(.rela.ctors)

.rel.dtors
 *(.rel.dtors)

.rela.dtors
 *(.rela.dtors)

.rel.got
 *(.rel.got)

.rela.got
 *(.rela.got)

.rela.got1
 *(.rela.got1)

.rela.got2
 *(.rela.got2)

.rel.sdata
 *(.rel.sdata .rel.sdata.* .rel.gnu.linkonce.s.*)

.rela.sdata
 *(.rela.sdata .rela.sdata.* .rela.gnu.linkonce.s.*)

.rel.sbss
 *(.rel.sbss .rel.sbss.* .rel.gnu.linkonce.sb.*)

.rela.sbss
 *(.rela.sbss .rela.sbss.* .rel.gnu.linkonce.sb.*)

.rel.sdata2
 *(.rel.sdata2 .rel.sdata2.* .rel.gnu.linkonce.s2.*)

.rela.sdata2
 *(.rela.sdata2 .rela.sdata2.* .rela.gnu.linkonce.s2.*)

.rel.sbss2
 *(.rel.sbss2 .rel.sbss2.* .rel.gnu.linkonce.sb2.*)

.rela.sbss2
 *(.rela.sbss2 .rela.sbss2.* .rela.gnu.linkonce.sb2.*)

.rel.bss
 *(.rel.bss .rel.bss.* .rel.gnu.linkonce.b.*)

.rela.bss
 *(.rela.bss .rela.bss.* .rela.gnu.linkonce.b.*)

.rel.plt
 *(.rel.plt)

.rela.plt
 *(.rela.plt)

.text           0x80003100     0xce80
 *(.text)
 .text          0x80003100        0x8 FixBlooperCrash1.o
                0x80003100                asmFixBlooperCrash1
 .text          0x80003108       0x14 FixBlooperCrash2.o
                0x80003108                asmFixBlooperCrash2
 .text          0x8000311c       0x10 PreventDiaryTextboxSelection.o
                0x8000311c                asmPreventDiaryTextboxSelection
 .text          0x8000312c      0x2c0 asm_main.o
                0x8000312c                bMapGXArrInject
                0x80003138                bMapGXArrInjectReturn
                0x8000313c                bMapGXArrIncrement
                0x80003144                bMapGXArrIncrementReturn
                0x80003148                bMapGXChSplit
                0x80003154                bMapGXChSplitReturn
                0x80003158                bWinLogArrInject
                0x80003164                bWinLogArrInjectReturn
                0x80003168                bWinLogArrIncrement
                0x80003170                bWinLogArrIncrementReturn
                0x80003174                bChapterClearCheck
                0x800031bc                bJohoyaSeqAddition
                0x800031f4                bPrintPartyAddErrorFix
                0x80003230                bPrintPartyAddErrorFixReturn
                0x80003234                bPrintPartyErrorFix
                0x80003270                bPrintPartyErrorFixReturn
                0x80003274                bKururingFloorCapture
                0x8000327c                bKururingFloorCaptureReturn
                0x80003280                bKururingFloorRelease
                0x80003288                bKururingFloorReleaseReturn
                0x8000328c                bPowerupblkCapture
                0x800032a4                bPowerupblkCaptureReturn
                0x800032a8                bPowerupblkRelease
                0x800032b0                bPowerupblkReleaseReturn
                0x800032b4                bPeachPointer
                0x8000330c                breakfastValueRestore
                0x8000332c                bPeachReturn
                0x80003330                win_log_mapGX_arr
 .text          0x800033ec       0x58 restfpr_x.o
                0x800033ec                _restfpr_14_x
                0x800033f0                _restfpr_15_x
                0x800033f4                _restfpr_16_x
                0x800033f8                _restfpr_17_x
                0x800033fc                _restfpr_18_x
                0x80003400                _restfpr_19_x
                0x80003404                _restfpr_20_x
                0x80003408                _restfpr_21_x
                0x8000340c                _restfpr_22_x
                0x80003410                _restfpr_23_x
                0x80003414                _restfpr_24_x
                0x80003418                _restfpr_25_x
                0x8000341c                _restfpr_26_x
                0x80003420                _restfpr_27_x
                0x80003424                _restfpr_28_x
                0x80003428                _restfpr_29_x
                0x8000342c                _restfpr_30_x
                0x80003430                _restfpr_31_x
 .text          0x80003444       0x58 restgpr_x.o
                0x80003444                _restgpr_14_x
                0x80003448                _restgpr_15_x
                0x8000344c                _restgpr_16_x
                0x80003450                _restgpr_17_x
                0x80003454                _restgpr_18_x
                0x80003458                _restgpr_19_x
                0x8000345c                _restgpr_20_x
                0x80003460                _restgpr_21_x
                0x80003464                _restgpr_22_x
                0x80003468                _restgpr_23_x
                0x8000346c                _restgpr_24_x
                0x80003470                _restgpr_25_x
                0x80003474                _restgpr_26_x
                0x80003478                _restgpr_27_x
                0x8000347c                _restgpr_28_x
                0x80003480                _restgpr_29_x
                0x80003484                _restgpr_30_x
                0x80003488                _restgpr_31_x
 *(.text.*)
 *fill*         0x8000349c        0x0 00000000
 .text._ZZN3mod3owr3OWR4InitEvENUliE_4_FUNEi
                0x8000349c      0x18c OWR.o
 .text._ZZN3mod3owr3OWR4InitEvENUlPKcE_4_FUNES3_
                0x80003628      0x380 OWR.o
 .text._ZZN3mod3owr3OWR4InitEvENUlN4ttyd6seqdrv8SeqIndexEPvS5_E_4_FUNES4_S5_S5_
                0x800039a8       0x88 OWR.o
 .text._ZN3mod3owr3OWRC2Ev
                0x80003a30        0x4 OWR.o
                0x80003a30                _ZN3mod3owr3OWRC1Ev
                0x80003a30                _ZN3mod3owr3OWRC2Ev
 .text._ZN3mod3owr3OWR12SequenceInitEv
                0x80003a34       0xc4 OWR.o
                0x80003a34                _ZN3mod3owr3OWR12SequenceInitEv
 .text._ZN3mod3owr13checkIfInGameEv
                0x80003af8       0x64 OWR.o
                0x80003af8                _ZN3mod3owr13checkIfInGameEv
 .text._ZN3mod3owr3OWR12HomewardWarpEv
                0x80003b5c       0x70 OWR.o
                0x80003b5c                _ZN3mod3owr3OWR12HomewardWarpEv
 .text._ZN3mod3owr3OWR12RecieveItemsEv
                0x80003bcc       0x5c OWR.o
                0x80003bcc                _ZN3mod3owr3OWR12RecieveItemsEv
 .text._ZN3mod3owr3OWR4InitEv
                0x80003c28      0x154 OWR.o
                0x80003c28                _ZN3mod3owr3OWR4InitEv
 .text._ZN3mod3owr3OWR6UpdateEv
                0x80003d7c       0x38 OWR.o
                0x80003d7c                _ZN3mod3owr3OWR6UpdateEv
 .text._ZN3mod3owr3OWR14OnModuleLoadedEP12OSModuleInfo
                0x80003db4       0x94 OWR.o
                0x80003db4                _ZN3mod3owr3OWR14OnModuleLoadedEP12OSModuleInfo
 .text._ZZN3mod3owr3OWR4InitEvENUlP12OSModuleInfoPvE_4_FUNES3_S4_
                0x80003e48       0x54 OWR.o
 .text._ZN3mod3owr3OWR10DrawStringEPKcffjf
                0x80003e9c       0xc8 OWR.o
                0x80003e9c                _ZN3mod3owr3OWR10DrawStringEPKcffjf
 .text.startup._GLOBAL__sub_I__ZN3mod3owr7item_dbE
                0x80003f64       0x14 OWR.o
 .text._ZN3mod3owr12StateManagerC2Ev
                0x80003f78       0x18 StateManager.o
                0x80003f78                _ZN3mod3owr12StateManagerC2Ev
                0x80003f78                _ZN3mod3owr12StateManagerC1Ev
 .text._ZN3modL13mod_if_func24Ev
                0x80003f90       0x54 con_mario.o
 .text.startup._GLOBAL__sub_I__ZN3mod13mario_set_posE
                0x80003fe4       0x88 con_mario.o
 .text._ZN3modL13mod_if_func51Ev
                0x8000406c      0x158 con_perf.o
 .text._ZN3modL13mod_if_func34Ev
                0x800041c4       0xbc con_perf.o
 .text.startup._GLOBAL__sub_I__ZN3mod15perf_fake_spikeE
                0x80004280       0xc4 con_perf.o
 .text._ZN3modL13mod_if_func16Ev
                0x80004344       0x60 con_seq.o
 .text._ZZN3modL13mod_if_func16EvENUlPN4ttyd6seqdrv7SeqInfoEE_4_FUNES3_
                0x800043a4       0x34 con_seq.o
 .text.startup._GLOBAL__sub_I__ZN3mod13seq_logo_skipE
                0x800043d8       0x8c con_seq.o
 .text._ZN3mod13ConsoleSystem8logColorEPKcN2gc6color4E
                0x80004464      0x1e4 console.o
                0x80004464                _ZN3mod13ConsoleSystem8logColorEPKcN2gc6color4E
 .text._ZN3mod13ConsoleSystem7logInfoEPKcz
                0x80004648       0xac console.o
                0x80004648                _ZN3mod13ConsoleSystem7logInfoEPKcz
 .text._ZN3mod7CC_findEPKc
                0x800046f4       0xe8 console.o
                0x800046f4                _ZN3mod7CC_findEPKc
 .text._ZN3mod13ConsoleSystem10logWarningEPKcz
                0x800047dc       0xb0 console.o
                0x800047dc                _ZN3mod13ConsoleSystem10logWarningEPKcz
 .text._ZN3mod13ConsoleSystem8logErrorEPKcz
                0x8000488c       0xb0 console.o
                0x8000488c                _ZN3mod13ConsoleSystem8logErrorEPKcz
 .text._ZN3mod13ConsoleSystem7overlayEPKcz
                0x8000493c       0xbc console.o
                0x8000493c                _ZN3mod13ConsoleSystem7overlayEPKcz
 .text._ZN3mod13ConsoleSystem12setMonospaceEb
                0x800049f8       0x24 console.o
                0x800049f8                _ZN3mod13ConsoleSystem12setMonospaceEb
 .text._ZN3mod13ConsoleSystem4initEv
                0x80004a1c       0x14 console.o
                0x80004a1c                _ZN3mod13ConsoleSystem4initEv
 .text._ZN3mod13ConsoleSystem8drawLineEiPKcN2gc6color4E
                0x80004a30      0x130 console.o
                0x80004a30                _ZN3mod13ConsoleSystem8drawLineEiPKcN2gc6color4E
 .text._ZN3mod13ConsoleSystem14processCommandEPKc
                0x80004b60      0x1e4 console.o
                0x80004b60                _ZN3mod13ConsoleSystem14processCommandEPKc
 .text._ZN3mod13ConsoleSystem12updatePromptEv
                0x80004d44      0x2f0 console.o
                0x80004d44                _ZN3mod13ConsoleSystem12updatePromptEv
 .text._ZN3mod13ConsoleSystem14updateUsbGeckoEv
                0x80005034      0x128 console.o
                0x80005034                _ZN3mod13ConsoleSystem14updateUsbGeckoEv
 .text._ZN3mod13ConsoleSystem6updateEv
                0x8000515c       0x68 console.o
                0x8000515c                _ZN3mod13ConsoleSystem6updateEv
 .text._ZN3mod13ConsoleSystem4dispEv
                0x800051c4      0x368 console.o
                0x800051c4                _ZN3mod13ConsoleSystem4dispEv
 .text._ZZN3mod13ConsoleSystem6updateEvENUlN4ttyd7dispdrv8CameraIdEPvE_4_FUNES3_S4_
                0x8000552c        0x8 console.o
 .text.startup._GLOBAL__sub_I__ZN3mod10ConCommand6sFirstE
                0x80005534      0x17c console.o
 .text._Znwj    0x800056b0        0xc cxx.o
                0x800056b0                _Znwj
 .text._Znaj    0x800056bc        0x4 cxx.o
                0x800056bc                _Znaj
 .text._ZdlPv   0x800056c0        0xc cxx.o
                0x800056c0                _ZdlPv
 .text._ZdaPv   0x800056cc        0x4 cxx.o
                0x800056cc                _ZdaPv
 .text._ZL27checkIndividualStandardHeapPKN2gc2os9ChunkInfoE
                0x800056d0       0x64 errorHandling.o
 .text._ZL24checkIndividualSmartHeapPKN4ttyd6memory19SmartAllocationDataE
                0x80005734       0x64 errorHandling.o
 .text._ZL22checkIndividualMapHeapPKN4ttyd6memory13MapAllocEntryE
                0x80005798       0x50 errorHandling.o
 .text._ZL21initStandardHeapErrorPKvib
                0x800057e8       0x94 errorHandling.o
 .text._ZL18initSmartHeapErrorPKvb
                0x8000587c       0x8c errorHandling.o
 .text._ZL16initMapHeapErrorPKvtb
                0x80005908       0xa4 errorHandling.o
 .text._ZN18HeapCorruptionInfo10drawBufferEv
                0x800059ac       0x98 errorHandling.o
                0x800059ac                _ZN18HeapCorruptionInfo10drawBufferEv
 .text._ZN21NpcNameToPtrErrorInfo16drawErrorMessageEv
                0x80005a44       0x9c errorHandling.o
                0x80005a44                _ZN21NpcNameToPtrErrorInfo16drawErrorMessageEv
 .text._ZN21AnimPoseMainErrorInfo16drawErrorMessageEv
                0x80005ae0       0x9c errorHandling.o
                0x80005ae0                _ZN21AnimPoseMainErrorInfo16drawErrorMessageEv
 .text._Z10checkHeapsv
                0x80005b7c      0x110 errorHandling.o
                0x80005b7c                _Z10checkHeapsv
 .text._Z17drawErrorMessagesv
                0x80005c8c       0x74 errorHandling.o
                0x80005c8c                _Z17drawErrorMessagesv
 .text._Z25checkForNpcNameToPtrErrorPKc
                0x80005d00       0x6c errorHandling.o
                0x80005d00                _Z25checkForNpcNameToPtrErrorPKc
 .text._Z24preventAnimPoseMainCrashi
                0x80005d6c       0x54 errorHandling.o
                0x80005d6c                _Z24preventAnimPoseMainCrashi
 .text.startup._GLOBAL__sub_I_npcNameToPtrErrorInfo
                0x80005dc0       0x1c errorHandling.o
 .text.exit._GLOBAL__sub_D_npcNameToPtrErrorInfo
                0x80005ddc       0x14 errorHandling.o
 .text._ZL22fixPouchInitMemoryLeakij
                0x80005df0       0x4c gamePatches.o
 .text._ZL12autoMashTextN2gc3pad5PadIdE
                0x80005e3c       0x48 gamePatches.o
 .text._ZL14fixMapProblemsv
                0x80005e84       0xe8 gamePatches.o
 .text.cFixBlooperCrash1
                0x80005f6c       0x38 gamePatches.o
                0x80005f6c                cFixBlooperCrash1
 .text.cPreventDiaryTextboxOptionSelection
                0x80005fa4       0x58 gamePatches.o
                0x80005fa4                cPreventDiaryTextboxOptionSelection
 .text._Z14applyGameFixesv
                0x80005ffc       0x68 gamePatches.o
                0x80005ffc                _Z14applyGameFixesv
 .text._Z23applyVariousGamePatchesv
                0x80006064       0xf0 gamePatches.o
                0x80006064                _Z23applyVariousGamePatchesv
 .text._ZN3mod8Keyboard7connectEv
                0x80006154       0x58 keyboard.o
                0x80006154                _ZN3mod8Keyboard7connectEv
 .text._ZN3mod8KeyboardC2Ei
                0x800061ac       0x20 keyboard.o
                0x800061ac                _ZN3mod8KeyboardC2Ei
                0x800061ac                _ZN3mod8KeyboardC1Ei
 .text._ZN3mod8Keyboard10disconnectEv
                0x800061cc       0x40 keyboard.o
                0x800061cc                _ZN3mod8Keyboard10disconnectEv
 .text._ZN3mod8Keyboard6updateEv
                0x8000620c      0x1d4 keyboard.o
                0x8000620c                _ZN3mod8Keyboard6updateEv
 .text._ZZN3mod3Mod4initEvENUlvE0_4_FUNEv
                0x800063e0        0x4 mod.o
 .text._ZZN3mod3Mod11updateEarlyEvENUlN4ttyd7dispdrv8CameraIdEPvE_4_FUNES3_S4_
                0x800063e4        0x4 mod.o
 .text._ZN3mod3ModC2Ev
                0x800063e8       0x90 mod.o
                0x800063e8                _ZN3mod3ModC2Ev
                0x800063e8                _ZN3mod3ModC1Ev
 .text._ZN3mod3Mod4initEv
                0x80006478      0x188 mod.o
                0x80006478                _ZN3mod3Mod4initEv
 .text.startup._ZN3mod4mainEv
                0x80006600       0x38 mod.o
                0x80006600                _ZN3mod4mainEv
 .text._ZN3mod3Mod11updateEarlyEv
                0x80006638       0x8c mod.o
                0x80006638                _ZN3mod3Mod11updateEarlyEv
 .text._ZZN3mod3Mod4initEvENUlvE_4_FUNEv
                0x800066c4        0xc mod.o
 .text._ZN3mod5patch17clear_DC_IC_CacheEPvj
                0x800066d0       0x3c patch.o
                0x800066d0                _ZN3mod5patch17clear_DC_IC_CacheEPvj
 .text._ZN3mod5patch14writeEvtBranchEPiPKib
                0x8000670c       0x1c patch.o
                0x8000670c                _ZN3mod5patch14writeEvtBranchEPiPKib
 .text._ZN3mod5patch15writeBranchMainEPvS1_j
                0x80006728       0x18 patch.o
                0x80006728                _ZN3mod5patch15writeBranchMainEPvS1_j
 .text._ZN3mod5patch11writeBranchEPvS1_
                0x80006740        0x8 patch.o
                0x80006740                _ZN3mod5patch11writeBranchEPvS1_
 .text._ZN3mod5patch13writeBranchBLEPvS1_
                0x80006748        0xc patch.o
                0x80006748                _ZN3mod5patch13writeBranchBLEPvS1_
 .text._ZN3mod5patch10writePatchEPvPKvj
                0x80006754       0x5c patch.o
                0x80006754                _ZN3mod5patch10writePatchEPvPKvj
 .text._ZN3mod5patch10writePatchEPvj
                0x800067b0       0x2c patch.o
                0x800067b0                _ZN3mod5patch10writePatchEPvj
 .text._ZN3mod5patch15writeBranchPairEPvS1_S1_
                0x800067dc       0x3c patch.o
                0x800067dc                _ZN3mod5patch15writeBranchPairEPvS1_S1_
 .text._ZN3mod5patch17writeIntWithCacheEPvj
                0x80006818        0xc patch.o
                0x80006818                _ZN3mod5patch17writeIntWithCacheEPvj
 .text.vsnprintf
                0x80006824       0x70 printf.o
                0x80006824                vsnprintf
 .text.snprintf
                0x80006894       0x7c printf.o
                0x80006894                snprintf
 .text._prolog  0x80006910       0x5c rel.o
                0x80006910                _prolog
 .text._epilog  0x8000696c       0x4c rel.o
                0x8000696c                _epilog
 .text._unresolved
                0x800069b8        0x4 rel.o
                0x800069b8                _unresolved
 .text._ZN3modL10ugTransferEiPvib
                0x800069bc      0x124 ug.o
 .text._ZN3mod7ugProbeEi
                0x80006ae0       0xf8 ug.o
                0x80006ae0                _ZN3mod7ugProbeEi
 .text._ZN3mod6ugSendEiPKvi
                0x80006bd8        0x8 ug.o
                0x80006bd8                _ZN3mod6ugSendEiPKvi
 .text._ZN3mod6ugRecvEiPvi
                0x80006be0        0x8 ug.o
                0x80006be0                _ZN3mod6ugRecvEiPvi
 .text.strstr   0x80006be8       0x90 util.o
                0x80006be8                strstr
 .text._ZN3mod4util16checkButtonComboEj
                0x80006c78       0x4c util.o
                0x80006c78                _ZN3mod4util16checkButtonComboEj
 .text._ZN3mod4util26checkButtonComboEveryFrameEj
                0x80006cc4       0x34 util.o
                0x80006cc4                _ZN3mod4util26checkButtonComboEveryFrameEj
 .text._ZN3mod4util10ptrIsValidEPv
                0x80006cf8       0x30 util.o
                0x80006cf8                _ZN3mod4util10ptrIsValidEPv
 .text._ZN3mod4util10intToFloatEi
                0x80006d28       0x30 util.o
                0x80006d28                _ZN3mod4util10intToFloatEi
 .text._ZN3mod4util25getTextMultilineIncrementEPKcfj
                0x80006d58       0x4c util.o
                0x80006d58                _ZN3mod4util25getTextMultilineIncrementEPKcfj
 .text._Z15ApplyAaaPatchesv
                0x80006da4       0x50 aaa.o
                0x80006da4                _Z15ApplyAaaPatchesv
 .text._Z15ApplyAjiPatchesv
                0x80006df4      0x83c aji.o
                0x80006df4                _Z15ApplyAjiPatchesv
 .text._Z15ApplyBomPatchesv
                0x80007630      0x300 bom.o
                0x80007630                _Z15ApplyBomPatchesv
 .text._Z15ApplyDouPatchesv
                0x80007930      0x2f0 dou.o
                0x80007930                _Z15ApplyDouPatchesv
 .text._Z15ApplyEkiPatchesv
                0x80007c20      0x254 eki.o
                0x80007c20                _Z15ApplyEkiPatchesv
 .text._Z15ApplyEndPatchesv
                0x80007e74       0x30 end.o
                0x80007e74                _Z15ApplyEndPatchesv
 .text._Z15ApplyGonPatchesv
                0x80007ea4      0x340 gon.o
                0x80007ea4                _Z15ApplyGonPatchesv
 .text._Z17ApplyGor00Patchesv
                0x800081e4      0x5b0 gor_00.o
                0x800081e4                _Z17ApplyGor00Patchesv
 .text.startup._GLOBAL__sub_I__Z17ApplyGor00Patchesv
                0x80008794       0x14 gor_00.o
 .text._Z17ApplyGor01Patchesv
                0x800087a8      0x400 gor_01.o
                0x800087a8                _Z17ApplyGor01Patchesv
 .text._Z17ApplyGor02Patchesv
                0x80008ba8      0x400 gor_02.o
                0x80008ba8                _Z17ApplyGor02Patchesv
 .text._Z17ApplyGor03Patchesv
                0x80008fa8      0x47c gor_03.o
                0x80008fa8                _Z17ApplyGor03Patchesv
 .text._Z17ApplyGor04Patchesv
                0x80009424      0x1d8 gor_04.o
                0x80009424                _Z17ApplyGor04Patchesv
 .text._Z19ApplyGorMiscPatchesv
                0x800095fc      0x14c gor_misc.o
                0x800095fc                _Z19ApplyGorMiscPatchesv
 .text._Z15ApplyGorPatchesv
                0x80009748       0x30 gor_misc.o
                0x80009748                _Z15ApplyGorPatchesv
 .text._Z15ApplyGraPatchesv
                0x80009778      0x200 gra.o
                0x80009778                _Z15ApplyGraPatchesv
 .text._Z15ApplyHeiPatchesv
                0x80009978      0x294 hei.o
                0x80009978                _Z15ApplyHeiPatchesv
 .text._Z15ApplyHomPatchesv
                0x80009c0c      0x140 hom.o
                0x80009c0c                _Z15ApplyHomPatchesv
 .text._Z15ApplyJinPatchesv
                0x80009d4c      0x2fc jin.o
                0x80009d4c                _Z15ApplyJinPatchesv
 .text._Z15ApplyKpaPatchesv
                0x8000a048       0xd0 kpa.o
                0x8000a048                _Z15ApplyKpaPatchesv
 .text._Z24ApplyMainAssemblyPatchesv
                0x8000a118      0x8e8 main.o
                0x8000a118                _Z24ApplyMainAssemblyPatchesv
 .text._Z22ApplyMainScriptPatchesv
                0x8000aa00      0x1d4 main.o
                0x8000aa00                _Z22ApplyMainScriptPatchesv
 .text._Z25ApplyItemDataTablePatchesv
                0x8000abd4      0x15c main.o
                0x8000abd4                _Z25ApplyItemDataTablePatchesv
 .text._Z15ApplyMriPatchesv
                0x8000ad30      0xbbc mri.o
                0x8000ad30                _Z15ApplyMriPatchesv
 .text._Z15ApplyMujPatchesv
                0x8000b8ec      0xa2c muj.o
                0x8000b8ec                _Z15ApplyMujPatchesv
 .text._Z15ApplyNokPatchesv
                0x8000c318      0x36c nok.o
                0x8000c318                _Z15ApplyNokPatchesv
 .text._Z15ApplyPikPatchesv
                0x8000c684      0x51c pik.o
                0x8000c684                _Z15ApplyPikPatchesv
 .text._Z15ApplyRshPatchesv
                0x8000cba0      0xe20 rsh.o
                0x8000cba0                _Z15ApplyRshPatchesv
 .text._Z24checkChapterRequirementsPN4ttyd6evtmgr8EvtEntryEb
                0x8000d9c0       0x7c tik.o
                0x8000d9c0                _Z24checkChapterRequirementsPN4ttyd6evtmgr8EvtEntryEb
 .text._Z18checkChapterClearsPN4ttyd6evtmgr8EvtEntryEb
                0x8000da3c       0x5c tik.o
                0x8000da3c                _Z18checkChapterClearsPN4ttyd6evtmgr8EvtEntryEb
 .text._Z15ApplyTikPatchesv
                0x8000da98      0x578 tik.o
                0x8000da98                _Z15ApplyTikPatchesv
 .text._Z15ApplyTouPatchesv
                0x8000e010     0x10a8 tou.o
                0x8000e010                _Z15ApplyTouPatchesv
 .text._Z16ApplyTou2Patchesv
                0x8000f0b8      0x34c tou2.o
                0x8000f0b8                _Z16ApplyTou2Patchesv
 .text._Z15ApplyUsuPatchesv
                0x8000f404      0x88c usu.o
                0x8000f404                _Z15ApplyUsuPatchesv
 .text._Z15ApplyWinPatchesv
                0x8000fc90      0x2e4 win.o
                0x8000fc90                _Z15ApplyWinPatchesv
 *(.gnu.warning)
 *(.gnu.linkonce.t.*)
                0x8000ff80                        . = ALIGN (0x20)
 *fill*         0x8000ff74        0xc 00000000

.text._ZN3mod13mario_set_posMUlPKcE_4_FUNES2_
                0x00000000       0x5c
 .text._ZN3mod13mario_set_posMUlPKcE_4_FUNES2_
                0x00000000       0x5c con_mario.o
                0x00000000                _ZN3mod13mario_set_posMUlPKcE_4_FUNES2_
                0x00000000                _ZN3mod13mario_set_posMUlPKcE_4_FUNES1_

.text._ZN3mod15perf_fake_spikeMUlPKcE_4_FUNES2_
                0x00000000       0x7c
 .text._ZN3mod15perf_fake_spikeMUlPKcE_4_FUNES2_
                0x00000000       0x7c con_perf.o
                0x00000000                _ZN3mod15perf_fake_spikeMUlPKcE_4_FUNES1_
                0x00000000                _ZN3mod15perf_fake_spikeMUlPKcE_4_FUNES2_

.text._ZN3mod14seq_change_mapMUlPKcE_4_FUNES2_
                0x00000000       0xc4
 .text._ZN3mod14seq_change_mapMUlPKcE_4_FUNES2_
                0x00000000       0xc4 con_seq.o
                0x00000000                _ZN3mod14seq_change_mapMUlPKcE_4_FUNES2_
                0x00000000                _ZN3mod14seq_change_mapMUlPKcE_4_FUNES1_

.text._ZN3mod8con_monoMUlPNS_9ConIntVarEiE_4_FUNES2_i
                0x00000000       0x18
 .text._ZN3mod8con_monoMUlPNS_9ConIntVarEiE_4_FUNES2_i
                0x00000000       0x18 console.o
                0x00000000                _ZN3mod8con_monoMUlPNS_9ConIntVarEiE_4_FUNES1_i
                0x00000000                _ZN3mod8con_monoMUlPNS_9ConIntVarEiE_4_FUNES2_i

.text._ZN18HeapCorruptionInfo10initBufferEv
                0x00000000       0x34
 .text._ZN18HeapCorruptionInfo10initBufferEv
                0x00000000       0x34 errorHandling.o
                0x00000000                _ZN18HeapCorruptionInfo10initBufferEv

.fini           0x00000034        0xc
 *(.fini)
                0x00000040                        . = ALIGN (0x20)
 *fill*         0x00000034        0xc 00000000
                [!provide]                        PROVIDE (__etext = .)
                [!provide]                        PROVIDE (_etext = .)
                [!provide]                        PROVIDE (etext = .)

.rodata         0x00000040     0xc471
 *(.rodata)
 *(.rodata.*)
 .rodata._ZZN3mod3owr3OWR4InitEvENUliE_4_FUNEi
                0x00000040       0x10 OWR.o
 .rodata._ZZN3mod3owr3OWR4InitEvENUlPKcE_4_FUNES3_.str1.1
                0x00000050      0x280 OWR.o
 .rodata._ZZN3mod3owr3OWR4InitEvENUlN4ttyd6seqdrv8SeqIndexEPvS5_E_4_FUNES4_S5_S5_.str1.1
                0x000002d0        0xe OWR.o
 *fill*         0x000002de        0x2 
 .rodata._ZN3mod3owr3OWR14OnModuleLoadedEP12OSModuleInfo
                0x000002e0       0x70 OWR.o
 .rodata._ZL8GSWF_ARR
                0x00000350       0x1c OWR.o
 .rodata.cst4   0x0000036c        0x4 OWR.o
 .rodata._ZN3mod13mario_set_posMUlPKcE_4_FUNES2_.str1.1
                0x00000370        0x9 con_mario.o
 .rodata._ZN3modL13mod_if_func24Ev.str1.1
                0x00000379       0x20 con_mario.o
 .rodata._GLOBAL__sub_I__ZN3mod13mario_set_posE.str1.1
                0x00000399       0x1d con_mario.o
 .rodata._ZN3modL13mod_if_func51Ev.str1.1
                0x000003b6       0x5b con_perf.o
 .rodata._ZN3mod15perf_fake_spikeMUlPKcE_4_FUNES2_.str1.1
                0x00000411        0x3 con_perf.o
 .rodata._ZN3modL13mod_if_func34Ev.str1.1
                0x00000414       0x1c con_perf.o
 .rodata._GLOBAL__sub_I__ZN3mod15perf_fake_spikeE.str1.1
                0x00000430       0x29 con_perf.o
 *fill*         0x00000459        0x3 
 .rodata.cst4   0x0000045c       0x10 con_perf.o
 .rodata._ZN3mod14seq_change_mapMUlPKcE_4_FUNES2_.str1.1
                0x0000046c       0x1e con_seq.o
 .rodata._GLOBAL__sub_I__ZN3mod13seq_logo_skipE.str1.1
                0x0000048a       0x1d con_seq.o
 .rodata._ZN3mod13ConsoleSystem8logColorEPKcN2gc6color4E.str1.1
                0x000004a7       0x80 console.o
 .rodata._ZN3mod7CC_findEPKc.str1.1
                0x00000527       0x1d console.o
 .rodata._ZN3mod13ConsoleSystem14processCommandEPKc.str1.1
                0x00000544       0x28 console.o
 .rodata._ZN3mod13ConsoleSystem14updateUsbGeckoEv.str1.1
                0x0000056c       0x74 console.o
 .rodata._ZN3mod13ConsoleSystem4dispEv.str1.1
                0x000005e0       0x16 console.o
 .rodata._GLOBAL__sub_I__ZN3mod10ConCommand6sFirstE.str1.1
                0x000005f6       0x7f console.o
 .rodata._ZZN3mod13ConsoleSystem4dispEvE12kPromptColor
                0x00000675        0x4 console.o
 *fill*         0x00000679        0x3 
 .rodata.cst4   0x0000067c        0x8 console.o
 .rodata._ZL21initStandardHeapErrorPKvib.str1.1
                0x00000684       0x30 errorHandling.o
 .rodata._ZL18initSmartHeapErrorPKvb.str1.1
                0x000006b4       0x23 errorHandling.o
 .rodata._ZL16initMapHeapErrorPKvtb.str1.1
                0x000006d7       0x2b errorHandling.o
 .rodata._ZN21NpcNameToPtrErrorInfo16drawErrorMessageEv.str1.1
                0x00000702       0x1f errorHandling.o
 .rodata._ZN21AnimPoseMainErrorInfo16drawErrorMessageEv.str1.1
                0x00000721       0x1f errorHandling.o
 .rodata.cst4   0x00000740       0x10 errorHandling.o
 .rodata._ZL14fixMapProblemsv.str1.1
                0x00000750       0x1e gamePatches.o
 .rodata.cPreventDiaryTextboxOptionSelection.str1.1
                0x0000076e       0x19 gamePatches.o
 *fill*         0x00000787        0x1 
 .rodata.cst4   0x00000788        0x4 mod.o
 .rodata.cst4   0x0000078c        0x8 util.o
 .rodata._ZL20aji_17_init_evt_hook
                0x00000794       0x10 aji.o
 .rodata._ZL19aji_17_init_evt_evt
                0x000007a4       0x4c aji.o
 .rodata._ZL20aji_10_init_evt_hook
                0x000007f0       0x10 aji.o
 .rodata.str1.1
                0x00000800       0x37 aji.o
 *fill*         0x00000837        0x1 
 .rodata._ZL19aji_10_init_evt_evt
                0x00000838      0x288 aji.o
 .rodata._ZL18teshita3_init_hook
                0x00000ac0       0x10 aji.o
 .rodata._ZL17teshita3_init_evt
                0x00000ad0       0xc0 aji.o
 .rodata._ZL18teshita2_init_hook
                0x00000b90       0x10 aji.o
 .rodata._ZL17teshita2_init_evt
                0x00000ba0       0xc0 aji.o
 .rodata._ZL20peach_evt_ele_2_hook
                0x00000c60       0x24 aji.o
 .rodata._ZL19peach_evt_ele_2_evt
                0x00000c84       0x6c aji.o
 .rodata._ZL20aji_00_init_evt_hook
                0x00000cf0       0x10 aji.o
 .rodata._ZL19aji_00_init_evt_evt
                0x00000d00       0x5c aji.o
 .rodata._ZL4npc4
                0x00000d5c       0x13 aji.o
 *fill*         0x00000d6f        0x1 
 .rodata._ZL4npc3
                0x00000d70        0x7 aji.o
 *fill*         0x00000d77        0x1 
 .rodata._ZL4npc2
                0x00000d78        0xf aji.o
 *fill*         0x00000d87        0x1 
 .rodata._ZL4npc1
                0x00000d88        0x7 aji.o
 .rodata.str1.1
                0x00000d8f       0x12 dou.o
 *fill*         0x00000da1        0x3 
 .rodata._ZL20peramajin_after_item
                0x00000da4       0x9c dou.o
 .rodata._ZL12evt_elv_hook
                0x00000e40       0x28 eki.o
 .rodata.str1.1
                0x00000e68       0x2f eki.o
 *fill*         0x00000e97        0x1 
 .rodata._ZL11evt_elv_evt
                0x00000e98      0x104 eki.o
 .rodata.str1.1
                0x00000f9c        0xb gon.o
 *fill*         0x00000fa7        0x1 
 .rodata._ZL19gon_evt_majin2_item
                0x00000fa8       0xd0 gon.o
 .rodata._ZL21gor_00_init_evt2_hook
                0x00001078       0x10 gor_00.o
 .rodata._ZL21gor_00_init_evt1_hook
                0x00001088       0x10 gor_00.o
 .rodata.str1.1
                0x00001098      0x25e gor_00.o
 *fill*         0x000012f6        0x2 
 .rodata._ZL16gor_00_init_evt1
                0x000012f8      0x1f8 gor_00.o
 .rodata._ZL18korutesu_init_hook
                0x000014f0       0x10 gor_00.o
 .rodata._ZL17korutesu_init_evt
                0x00001500       0x58 gor_00.o
 .rodata._ZL20suifubomb_b_talk_evt
                0x00001558       0xd4 gor_00.o
 .rodata._ZL21suifubomb_b_regl_hook
                0x0000162c       0x10 gor_00.o
 .rodata._ZL20suifubomb_b_regl_evt
                0x0000163c      0x120 gor_00.o
 .rodata._ZL20suifubomb_a_talk_evt
                0x0000175c      0x150 gor_00.o
 .rodata._ZL21suifubomb_a_regl_hook
                0x000018ac       0x10 gor_00.o
 .rodata._ZL20suifubomb_a_regl_evt
                0x000018bc       0x90 gor_00.o
 .rodata._ZL21suifubomb_a_init_hook
                0x0000194c       0x10 gor_00.o
 .rodata._ZL20suifubomb_a_init_evt
                0x0000195c       0xc8 gor_00.o
 .rodata._ZL16suifu_b_talk_evt
                0x00001a24       0xd4 gor_00.o
 .rodata._ZL20luigi_npcEnt_00_hook
                0x00001af8       0x10 gor_00.o
 .rodata._ZL19luigi_npcEnt_00_evt
                0x00001b08       0x80 gor_00.o
 .rodata._ZL18luigi_init_00_hook
                0x00001b88       0x10 gor_00.o
 .rodata._ZL17luigi_init_00_evt
                0x00001b98       0x50 gor_00.o
 .rodata._ZL16mokorim_init_evt
                0x00001be8       0x30 gor_00.o
 .rodata._ZL17suifu_b_init_hook
                0x00001c18       0x10 gor_00.o
 .rodata._ZL16suifu_b_init_evt
                0x00001c28       0xc8 gor_00.o
 .rodata._ZL17suifu_a_regl_hook
                0x00001cf0       0x10 gor_00.o
 .rodata._ZL16suifu_a_regl_evt
                0x00001d00       0x80 gor_00.o
 .rodata._ZL16suifu_a_talk_evt
                0x00001d80       0xd4 gor_00.o
 .rodata._ZL19odoodo_ani_talk_evt
                0x00001e54       0x20 gor_00.o
 .rodata._ZL15odoodo_talk_evt
                0x00001e74      0x128 gor_00.o
 .rodata._ZL16odoodo_regl_hook
                0x00001f9c       0x10 gor_00.o
 .rodata._ZL15odoodo_regl_evt
                0x00001fac       0x94 gor_00.o
 .rodata._ZL16odoodo_init_hook
                0x00002040       0x10 gor_00.o
 .rodata._ZL15odoodo_init_evt
                0x00002050      0x114 gor_00.o
 .rodata._ZL17garawaru_talk_evt
                0x00002164       0xb8 gor_00.o
 .rodata._ZL18garawaru_regl_hook
                0x0000221c       0x10 gor_00.o
 .rodata._ZL17garawaru_regl_evt
                0x0000222c      0x120 gor_00.o
 .rodata._ZL18garawaru_init_hook
                0x0000234c       0x10 gor_00.o
 .rodata._ZL17garawaru_init_evt
                0x0000235c      0x140 gor_00.o
 .rodata._ZL7npcEnt2
                0x0000249c        0x9 gor_00.o
 *fill*         0x000024a5        0x3 
 .rodata._ZL6npcEnt
                0x000024a8        0x9 gor_00.o
 .rodata.str1.1
                0x000024b1       0x9f gor_01.o
 .rodata._ZL15bomhei_talk_evt
                0x00002550       0x20 gor_01.o
 .rodata._ZL16chusan2_talk_evt
                0x00002570       0x20 gor_01.o
 .rodata._ZL16chusan1_talk_evt
                0x00002590       0x20 gor_01.o
 .rodata._ZL16kuribo3_talk_evt
                0x000025b0       0x20 gor_01.o
 .rodata._ZL16kuribo2_talk_evt
                0x000025d0       0x20 gor_01.o
 .rodata._ZL16kuribo1_talk_evt
                0x000025f0       0x20 gor_01.o
 .rodata._ZL15roten2_talk_evt
                0x00002610       0x20 gor_01.o
 .rodata._ZL15roten1_talk_evt
                0x00002630       0x20 gor_01.o
 .rodata._ZL19shoptender_talk_evt
                0x00002650       0x20 gor_01.o
 .rodata._ZL15kinoji_talk_evt
                0x00002670       0x20 gor_01.o
 .rodata._ZL19bottakuru_init_hook
                0x00002690       0x10 gor_01.o
 .rodata._ZL18bottakuru_init_evt
                0x000026a0       0x70 gor_01.o
 .rodata._ZL18marco_init_01_hook
                0x00002710       0x10 gor_01.o
 .rodata._ZL17marco_init_01_evt
                0x00002720       0x40 gor_01.o
 .rodata._ZL20badgemaster_talk_evt
                0x00002760       0x20 gor_01.o
 .rodata._ZL15luigi_init_hook
                0x00002780       0x10 gor_02.o
 .rodata.str1.1
                0x00002790      0x22d gor_02.o
 *fill*         0x000029bd        0x3 
 .rodata._ZL14luigi_init_evt
                0x000029c0       0x4c gor_02.o
 .rodata._ZL20tozokudan2_talk_hook
                0x00002a0c        0xc gor_02.o
 .rodata._ZL19tozokudan2_talk_evt
                0x00002a18      0x160 gor_02.o
 .rodata._ZL20tozokudan1_talk_hook
                0x00002b78        0xc gor_02.o
 .rodata._ZL19tozokudan1_talk_evt
                0x00002b84      0x160 gor_02.o
 .rodata._ZL20kurihakase_init_hook
                0x00002ce4       0x10 gor_02.o
 .rodata._ZL19kurihakase_init_evt
                0x00002cf4      0x294 gor_02.o
 .rodata._ZL19kurihakase_talk_evt
                0x00002f88      0x2cc gor_02.o
 .rodata._ZL22evt_door_02_open_hook2
                0x00003254       0x10 gor_02.o
 .rodata._ZL21evt_door_02_open_evt2
                0x00003264       0xc4 gor_02.o
 .rodata._ZL21evt_door_02_open_hook
                0x00003328       0x10 gor_02.o
 .rodata._ZL20evt_door_02_open_evt
                0x00003338      0x184 gor_02.o
 .rodata._ZL21gor_02_init_evt2_hook
                0x000034bc       0x10 gor_02.o
 .rodata._ZL16gor_02_init_evt2
                0x000034cc       0xcc gor_02.o
 .rodata._ZL21gor_02_init_evt1_hook
                0x00003598       0x10 gor_02.o
 .rodata._ZL16gor_02_init_evt1
                0x000035a8      0x138 gor_02.o
 .rodata._ZL16borodo2_talk_evt
                0x000036e0       0x20 gor_02.o
 .rodata._ZL16borodo1_talk_evt
                0x00003700       0x20 gor_02.o
 .rodata._ZL15roten3_talk_evt
                0x00003720       0x20 gor_02.o
 .rodata._ZL16chusan3_talk_evt
                0x00003740       0x20 gor_02.o
 .rodata._ZL16kuribo4_talk_evt
                0x00003760       0x20 gor_02.o
 .rodata._ZL20gor_03_init_evt_hook
                0x00003780       0x10 gor_03.o
 .rodata.str1.1
                0x00003790      0x100 gor_03.o
 .rodata._ZL19gor_03_init_evt_evt
                0x00003890      0x160 gor_03.o
 .rodata._ZL16maffia3_talk_evt
                0x000039f0       0x20 gor_03.o
 .rodata._ZL16maffia2_talk_evt
                0x00003a10      0x140 gor_03.o
 .rodata._ZL16maffia1_talk_evt
                0x00003b50      0x140 gor_03.o
 .rodata._ZL26maffiaboss_casino_talk_evt
                0x00003c90       0x20 gor_03.o
 .rodata._ZL26maffiaboss_talk_common_evt
                0x00003cb0      0x120 gor_03.o
 .rodata._Z17ApplyGor04Patchesv.str1.1
                0x00003dd0       0x12 gor_04.o
 .rodata.str1.1
                0x00003de2        0x7 gor_misc.o
 *fill*         0x00003de9        0x3 
 .rodata._ZL9party_evt
                0x00003dec       0x9c gor_misc.o
 .rodata._ZL9goombella
                0x00003e88        0x9 gor_misc.o
 .rodata.str1.1
                0x00003e91       0x18 gra.o
 *fill*         0x00003ea9        0x3 
 .rodata._ZL17evt_machibuse_evt
                0x00003eac       0x4c gra.o
 .rodata._ZL8doopliss
                0x00003ef8        0xb gra.o
 *fill*         0x00003f03        0x1 
 .rodata._ZL11stones_hook
                0x00003f04       0x10 hei.o
 .rodata.str1.1
                0x00003f14       0x21 hei.o
 *fill*         0x00003f35        0x3 
 .rodata._ZL10stones_evt
                0x00003f38       0xd8 hei.o
 .rodata._ZL9party_evt
                0x00004010       0x80 hei.o
 .rodata._ZL5koops
                0x00004090        0xb hei.o
 *fill*         0x0000409b        0x1 
 .rodata._ZL20hom_00_init_evt_hook
                0x0000409c       0x10 hom.o
 .rodata.str1.1
                0x000040ac       0x1f hom.o
 *fill*         0x000040cb        0x1 
 .rodata._ZL19hom_00_init_evt_evt
                0x000040cc       0x94 hom.o
 .rodata._Z25ApplyItemDataTablePatchesv.str1.1
                0x00004160       0xc2 main.o
 *fill*         0x00004222        0x2 
 .rodata._ZL20mri_09_init_evt_hook
                0x00004224       0x10 mri.o
 .rodata.str1.1
                0x00004234      0x181 mri.o
 *fill*         0x000043b5        0x3 
 .rodata._ZL19mri_09_init_evt_evt
                0x000043b8      0x14c mri.o
 .rodata._ZL20mri_04_init_evt_hook
                0x00004504       0x10 mri.o
 .rodata._ZL19mri_04_init_evt_evt
                0x00004514       0x30 mri.o
 .rodata._ZL16bero_custom_hook
                0x00004544       0x10 mri.o
 .rodata._ZL15bero_custom_evt
                0x00004554       0x44 mri.o
 .rodata._ZL21mri_01_init_evt_hook2
                0x00004598       0x10 mri.o
 .rodata._ZL19mri_01_init_evt_evt
                0x000045a8       0x30 mri.o
 .rodata._ZL18puniinfo_talk_hook
                0x000045d8       0x10 mri.o
 .rodata._ZL20mri_03_init_evt_hook
                0x000045e8       0x14 mri.o
 .rodata._ZL22mri_03_init_evt_switch
                0x000045fc       0x9c mri.o
 .rodata._ZL20mri_01_init_evt_hook
                0x00004698       0x14 mri.o
 .rodata._ZL22mri_01_init_evt_switch
                0x000046ac       0xb0 mri.o
 .rodata._ZL23mri_sister_init_01_hook
                0x0000475c       0x10 mri.o
 .rodata._ZL22mri_sister_init_01_evt
                0x0000476c       0xa8 mri.o
 .rodata._ZL16puni_2_init_hook
                0x00004814       0x10 mri.o
 .rodata._ZL15puni_2_init_evt
                0x00004824       0x78 mri.o
 .rodata._ZL16puni_1_talk_hook
                0x0000489c       0x10 mri.o
 .rodata._ZL15puni_1_talk_evt
                0x000048ac       0xb0 mri.o
 .rodata._ZL16puni_1_init_hook
                0x0000495c       0x10 mri.o
 .rodata._ZL15puni_1_init_evt
                0x0000496c       0x78 mri.o
 .rodata._ZL15elder_talk_hook
                0x000049e4       0x10 mri.o
 .rodata._ZL14elder_talk_evt
                0x000049f4       0xb8 mri.o
 .rodata._ZL22mri_elder_init_01_hook
                0x00004aac       0x10 mri.o
 .rodata._ZL21mri_elder_init_01_evt
                0x00004abc       0xcc mri.o
 .rodata._ZL22mri_rival_init_01_hook
                0x00004b88       0x10 mri.o
 .rodata._ZL21mri_rival_init_01_evt
                0x00004b98       0xa8 mri.o
 .rodata._ZL18guide_init_01_hook
                0x00004c40       0x10 mri.o
 .rodata._ZL17guide_init_01_evt
                0x00004c50       0x8c mri.o
 .rodata._ZL15guide_talk_hook
                0x00004cdc       0x10 mri.o
 .rodata._ZL14guide_talk_evt
                0x00004cec       0x98 mri.o
 .rodata._ZL18guide_init_00_hook
                0x00004d84       0x10 mri.o
 .rodata._ZL17guide_init_00_evt
                0x00004d94      0x150 mri.o
 .rodata._ZL14muj_party_hook
                0x00004ee4       0x10 muj.o
 .rodata.str1.1
                0x00004ef4      0x38f muj.o
 *fill*         0x00005283        0x1 
 .rodata._ZL13muj_party_evt
                0x00005284       0xac muj.o
 .rodata._ZL22peton_init_muj_01_hook
                0x00005330       0x10 muj.o
 .rodata._ZL21peton_init_muj_01_evt
                0x00005340       0x54 muj.o
 .rodata._ZL21mony_init_muj_01_hook
                0x00005394       0x10 muj.o
 .rodata._ZL20mony_init_muj_01_evt
                0x000053a4       0x54 muj.o
 .rodata._ZL17koburon_dead_hook
                0x000053f8       0x10 muj.o
 .rodata._ZL16koburon_dead_evt
                0x00005408      0x3bc muj.o
 .rodata._ZL20muj_01_init_evt_hook
                0x000057c4       0x10 muj.o
 .rodata._ZL19muj_01_init_evt_evt
                0x000057d4       0x50 muj.o
 .rodata._ZL21borosuifu_b_talk_hook
                0x00005824       0x10 muj.o
 .rodata._ZL20borosuifu_b_talk_evt
                0x00005834       0xf8 muj.o
 .rodata._ZL21borosuifu_a_talk_hook
                0x0000592c       0x10 muj.o
 .rodata._ZL20borosuifu_a_talk_evt
                0x0000593c       0xf8 muj.o
 .rodata._ZL24suifu_d_talk_muj_01_hook
                0x00005a34       0x10 muj.o
 .rodata._ZL23suifu_d_talk_muj_01_evt
                0x00005a44       0xf8 muj.o
 .rodata._ZL20suifu_bomb_talk_hook
                0x00005b3c       0x10 muj.o
 .rodata._ZL19suifu_bomb_talk_evt
                0x00005b4c       0xf4 muj.o
 .rodata._ZL20suifu_bomb_init_hook
                0x00005c40       0x10 muj.o
 .rodata._ZL19suifu_bomb_init_evt
                0x00005c50       0x30 muj.o
 .rodata._ZL24suifu_a_talk_muj_01_hook
                0x00005c80       0x10 muj.o
 .rodata._ZL23suifu_a_talk_muj_01_evt
                0x00005c90       0xf4 muj.o
 .rodata._ZL24suifu_a_init_muj_01_hook
                0x00005d84       0x10 muj.o
 .rodata._ZL23suifu_a_init_muj_01_evt
                0x00005d94       0x40 muj.o
 .rodata._ZL23odoodo_init_muj_01_hook
                0x00005dd4       0x10 muj.o
 .rodata._ZL22odoodo_init_muj_01_evt
                0x00005de4       0x40 muj.o
 .rodata._ZL23megane_init_muj_01_hook
                0x00005e24       0x10 muj.o
 .rodata._ZL22megane_init_muj_01_evt
                0x00005e34       0x40 muj.o
 .rodata._ZL22marco_init_muj_01_hook
                0x00005e74       0x10 muj.o
 .rodata._ZL21marco_init_muj_01_evt
                0x00005e84       0x9c muj.o
 .rodata._ZL25garawaru_talk_muj_01_hook
                0x00005f20       0x10 muj.o
 .rodata._ZL24garawaru_talk_muj_01_evt
                0x00005f30      0x4b4 muj.o
 .rodata._ZL25garawaru_init_muj_01_hook
                0x000063e4       0x10 muj.o
 .rodata._ZL24garawaru_init_muj_01_evt
                0x000063f4       0xd8 muj.o
 .rodata._ZL20muj_00_init_evt_hook
                0x000064cc       0x44 muj.o
 .rodata._ZL21muj_00_init_evt_evt_2
                0x00006510       0x70 muj.o
 .rodata._ZL19muj_00_init_evt_evt
                0x00006580       0x40 muj.o
 .rodata._ZL22peton_talk_muj_00_hook
                0x000065c0       0x10 muj.o
 .rodata._ZL21peton_talk_muj_00_evt
                0x000065d0       0x8c muj.o
 .rodata._ZL21mony_talk_muj_00_hook
                0x0000665c       0x10 muj.o
 .rodata._ZL20mony_talk_muj_00_evt
                0x0000666c       0x8c muj.o
 .rodata._ZL17nokorin_talk_hook
                0x000066f8       0x10 nok.o
 .rodata.str1.1
                0x00006708      0x4b1 nok.o
 *fill*         0x00006bb9        0x3 
 .rodata._ZL16nokorin_talk_evt
                0x00006bbc      0x2f4 nok.o
 .rodata._ZL19boss_noko_talk_hook
                0x00006eb0       0x10 nok.o
 .rodata._ZL18boss_noko_talk_evt
                0x00006ec0      0x164 nok.o
 .rodata._ZL20nokonoko_K_talk_hook
                0x00007024       0x10 nok.o
 .rodata._ZL19nokonoko_K_talk_evt
                0x00007034       0xd4 nok.o
 .rodata._ZL18nokopapa_talk_hook
                0x00007108       0x10 nok.o
 .rodata._ZL17nokopapa_talk_evt
                0x00007118      0x128 nok.o
 .rodata._ZL16monban_talk_hook
                0x00007240       0x10 nok.o
 .rodata._ZL15monban_talk_evt
                0x00007250      0x11c nok.o
 .rodata._ZL20nokonoko_I_talk_hook
                0x0000736c       0x10 nok.o
 .rodata._ZL19nokonoko_I_talk_evt
                0x0000737c       0xd4 nok.o
 .rodata._ZL20nokonoko_H_talk_hook
                0x00007450       0x10 nok.o
 .rodata._ZL19nokonoko_H_talk_evt
                0x00007460       0xfc nok.o
 .rodata._ZL20nokonoko_G_talk_hook
                0x0000755c       0x10 nok.o
 .rodata._ZL19nokonoko_G_talk_evt
                0x0000756c       0xd4 nok.o
 .rodata._ZL15talk_white_hook
                0x00007640       0x10 nok.o
 .rodata._ZL14talk_white_evt
                0x00007650       0xa4 nok.o
 .rodata._ZL15init_white_hook
                0x000076f4       0x10 nok.o
 .rodata._ZL14init_white_evt
                0x00007704       0x44 nok.o
 .rodata._ZL20nokonoko_F_talk_hook
                0x00007748       0x10 nok.o
 .rodata._ZL19nokonoko_F_talk_evt
                0x00007758       0xd4 nok.o
 .rodata._ZL20nokonoko_D_talk_hook
                0x0000782c       0x10 nok.o
 .rodata._ZL19nokonoko_D_talk_evt
                0x0000783c       0xfc nok.o
 .rodata._ZL20nokonoko_C_talk_hook
                0x00007938       0x10 nok.o
 .rodata._ZL19nokonoko_C_talk_evt
                0x00007948       0xd4 nok.o
 .rodata._ZL20nokonoko_B_talk_hook
                0x00007a1c       0x10 nok.o
 .rodata._ZL19nokonoko_B_talk_evt
                0x00007a2c       0xd4 nok.o
 .rodata._ZL20nokonoko_A_talk_hook
                0x00007b00       0x10 nok.o
 .rodata._ZL19nokonoko_A_talk_evt
                0x00007b10      0x10c nok.o
 .rodata._ZL16pik_00_init_hook
                0x00007c1c       0x10 pik.o
 .rodata.str1.1
                0x00007c2c      0x15a pik.o
 *fill*         0x00007d86        0x2 
 .rodata._ZL19pik_00_init_evt_evt
                0x00007d88       0x58 pik.o
 .rodata._ZL32pik_talk_madam_ring_return_hook3
                0x00007de0       0x10 pik.o
 .rodata._ZL20talk_madam_ring_item
                0x00007df0       0x8c pik.o
 .rodata._ZL14evt_daiza_hook
                0x00007e7c       0x1c pik.o
 .rodata._ZL13evt_daiza_evt
                0x00007e98       0x5c pik.o
 .rodata._ZL18pik_evt_powan_hook
                0x00007ef4       0x28 pik.o
 .rodata._ZL17pik_evt_powan_evt
                0x00007f1c       0x94 pik.o
 .rodata._ZL16takun6_talk_hook
                0x00007fb0       0x10 pik.o
 .rodata._ZL15takun6_talk_evt
                0x00007fc0       0x78 pik.o
 .rodata._ZL16takun5_talk_hook
                0x00008038       0x10 pik.o
 .rodata._ZL15takun5_talk_evt
                0x00008048       0x78 pik.o
 .rodata._ZL16takun4_talk_hook
                0x000080c0       0x10 pik.o
 .rodata._ZL15takun4_talk_evt
                0x000080d0       0xb4 pik.o
 .rodata._ZL18miyageya_talk_hook
                0x00008184       0x28 pik.o
 .rodata._ZL17miyageya_talk_evt
                0x000081ac      0x114 pik.o
 .rodata._ZL7madame2
                0x000082c0        0x7 pik.o
 *fill*         0x000082c7        0x1 
 .rodata._ZL28talk_madam_ring_return_hook3
                0x000082c8       0x10 rsh.o
 .rodata.str1.1
                0x000082d8      0x1ac rsh.o
 .rodata._ZL20talk_madam_ring_item
                0x00008484       0x8c rsh.o
 .rodata._ZL28talk_madam_ring_return_hook2
                0x00008510       0x10 rsh.o
 .rodata._ZL28talk_madam_ring_return_hook1
                0x00008520       0x10 rsh.o
 .rodata._ZL26talk_madam_ring_return_evt
                0x00008530       0x78 rsh.o
 .rodata._ZL16init_konari_hook
                0x000085a8       0x10 rsh.o
 .rodata._ZL14init_papa_hook
                0x000085b8       0x10 rsh.o
 .rodata._ZL15init_konari_evt
                0x000085c8       0x9c rsh.o
 .rodata._ZL15init_powan_hook
                0x00008664       0x10 rsh.o
 .rodata._ZL14init_powan_evt
                0x00008674       0xec rsh.o
 .rodata._ZL19talk_waitless_hook2
                0x00008760       0x10 rsh.o
 .rodata._ZL19talk_waitless_hook1
                0x00008770       0x10 rsh.o
 .rodata._ZL17talk_waitless_evt
                0x00008780       0x78 rsh.o
 .rodata._ZL21rsh_01_init_evt_hook2
                0x000087f8       0x10 rsh.o
 .rodata._ZL19rsh_01_init_evt_evt
                0x00008808       0xd8 rsh.o
 .rodata._ZL20rsh_00_init_evt_hook
                0x000088e0       0x10 rsh.o
 .rodata._ZL19rsh_00_init_evt_evt
                0x000088f0       0xb8 rsh.o
 .rodata._ZL20rsh_04_init_evt_hook
                0x000089a8       0x10 rsh.o
 .rodata._ZL20rsh_03_init_evt_hook
                0x000089b8       0x10 rsh.o
 .rodata._ZL20rsh_02_init_evt_hook
                0x000089c8       0x10 rsh.o
 .rodata._ZL21rsh_01_init_evt_hook1
                0x000089d8       0x10 rsh.o
 .rodata._ZL19rsh_04_init_evt_evt
                0x000089e8       0xc0 rsh.o
 .rodata._ZL26rsh_03_init_evt_music_hook
                0x00008aa8       0x10 rsh.o
 .rodata._ZL21rsh_03_init_evt_music
                0x00008ab8      0x1f8 rsh.o
 .rodata._ZL26rsh_02_init_evt_music_hook
                0x00008cb0       0x10 rsh.o
 .rodata._ZL21rsh_02_init_evt_music
                0x00008cc0      0x270 rsh.o
 .rodata._ZL26rsh_01_init_evt_music_hook
                0x00008f30       0x10 rsh.o
 .rodata._ZL21rsh_01_init_evt_music
                0x00008f40      0x1f8 rsh.o
 .rodata._ZL26rsh_00_init_evt_music_hook
                0x00009138       0x10 rsh.o
 .rodata._ZL21rsh_00_init_evt_music
                0x00009148      0x1f8 rsh.o
 .rodata._ZL26rsh_04_init_evt_music_hook
                0x00009340       0x10 rsh.o
 .rodata._ZL21rsh_04_init_evt_music
                0x00009350      0x1f8 rsh.o
 .rodata._ZL20rsh_06_init_evt_hook
                0x00009548       0x10 rsh.o
 .rodata._ZL19rsh_06_init_evt_evt
                0x00009558      0x178 rsh.o
 .rodata._ZL6madame
                0x000096d0        0x7 rsh.o
 .rodata.str1.1
                0x000096d7      0x20a tik.o
 *fill*         0x000098e1        0x3 
 .rodata._ZL19tik_evt_majin2_item
                0x000098e4       0xa8 tik.o
 .rodata._ZL21tik_05_init_evt_hook2
                0x0000998c       0x10 tik.o
 .rodata._ZL20tik_05_init_evt_evt2
                0x0000999c       0xa4 tik.o
 .rodata._ZL20tik_05_init_evt_hook
                0x00009a40       0x10 tik.o
 .rodata._ZL19tik_05_init_evt_evt
                0x00009a50       0x48 tik.o
 .rodata._ZL24tik_kurihakase_init_hook
                0x00009a98       0x10 tik.o
 .rodata._ZL23tik_kurihakase_init_evt
                0x00009aa8       0x80 tik.o
 .rodata._ZL18master_2_talk_hook
                0x00009b28       0x10 tik.o
 .rodata._ZL17master_2_talk_evt
                0x00009b38      0x180 tik.o
 .rodata._ZL17borodo4_talk_hook
                0x00009cb8       0x10 tik.o
 .rodata._ZL16borodo4_talk_evt
                0x00009cc8      0x180 tik.o
 .rodata._ZL17borodo3_talk_hook
                0x00009e48       0x10 tik.o
 .rodata._ZL16borodo3_talk_evt
                0x00009e58      0x180 tik.o
 .rodata._ZL17chusan4_talk_hook
                0x00009fd8       0x10 tik.o
 .rodata._ZL16chusan4_talk_evt
                0x00009fe8      0x180 tik.o
 .rodata._ZL17kuribo5_talk_hook
                0x0000a168       0x10 tik.o
 .rodata._ZL16kuribo5_talk_evt
                0x0000a178      0x180 tik.o
 .rodata._ZL16hotdog_item_hook
                0x0000a2f8       0x10 tou.o
 .rodata.str1.1
                0x0000a308       0x76 tou.o
 *fill*         0x0000a37e        0x2 
 .rodata._ZL11hotdog_item
                0x0000a380       0xe8 tou.o
 .rodata._ZL18tou_party_evt_hook
                0x0000a468       0x10 tou.o
 .rodata._ZL13tou_party_evt
                0x0000a478       0x5c tou.o
 .rodata._ZL20tou_04_init_evt_hook
                0x0000a4d4       0x10 tou.o
 .rodata._ZL19tou_04_init_evt_evt
                0x0000a4e4       0x78 tou.o
 .rodata._ZL14yoshi_gswf_evt
                0x0000a55c       0x14 tou.o
 .rodata._ZL15jolene_egg_hook
                0x0000a570       0x10 tou.o
 .rodata._ZL14jolene_egg_evt
                0x0000a580      0x220 tou.o
 .rodata._ZL16talk_sakaba_hook
                0x0000a7a0       0x10 tou.o
 .rodata._ZL15talk_sakaba_evt
                0x0000a7b0       0x84 tou.o
 .rodata._ZL6jolene
                0x0000a834        0xb tou.o
 .rodata.str1.1
                0x0000a83f      0x49e usu.o
 *fill*         0x0000acdd        0x3 
 .rodata._ZL19usu_evt_majin2_item
                0x0000ace0       0xa8 usu.o
 .rodata._ZL13usu_party_evt
                0x0000ad88       0xbc usu.o
 .rodata._ZL23village_chief_init_hook
                0x0000ae44       0x10 usu.o
 .rodata._ZL22village_chief_init_evt
                0x0000ae54       0x58 usu.o
 .rodata._ZL27village_chief_pig_init_hook
                0x0000aeac       0x10 usu.o
 .rodata._ZL26village_chief_pig_init_evt
                0x0000aebc       0x70 usu.o
 .rodata._ZL23village_chief_talk_hook
                0x0000af2c       0x10 usu.o
 .rodata._ZL22village_chief_talk_evt
                0x0000af3c      0x1c8 usu.o
 .rodata._ZL20gatekeeper_init_hook
                0x0000b104       0x10 usu.o
 .rodata._ZL19gatekeeper_init_evt
                0x0000b114       0x8c usu.o
 .rodata._ZL24gatekeeper_pig_init_hook
                0x0000b1a0       0x10 usu.o
 .rodata._ZL23gatekeeper_pig_init_evt
                0x0000b1b0       0x78 usu.o
 .rodata._ZL20gatekeeper_talk_hook
                0x0000b228       0x10 usu.o
 .rodata._ZL19gatekeeper_talk_evt
                0x0000b238      0x114 usu.o
 .rodata._ZL20usu_00_init_evt_hook
                0x0000b34c       0x14 usu.o
 .rodata._ZL19usu_00_init_evt_evt
                0x0000b360       0x5c usu.o
 .rodata._ZL20shop_woman_talk_hook
                0x0000b3bc       0x10 usu.o
 .rodata._ZL19shop_woman_talk_evt
                0x0000b3cc       0x78 usu.o
 .rodata._ZL18shop_man_talk_hook
                0x0000b444       0x10 usu.o
 .rodata._ZL17shop_man_talk_evt
                0x0000b454       0x78 usu.o
 .rodata._ZL19villagerJ_talk_hook
                0x0000b4cc       0x10 usu.o
 .rodata._ZL18villagerJ_talk_evt
                0x0000b4dc      0x104 usu.o
 .rodata._ZL19villagerI_talk_hook
                0x0000b5e0       0x10 usu.o
 .rodata._ZL18villagerI_talk_evt
                0x0000b5f0      0x104 usu.o
 .rodata._ZL19villagerH_talk_hook
                0x0000b6f4       0x10 usu.o
 .rodata._ZL18villagerH_talk_evt
                0x0000b704       0xd0 usu.o
 .rodata._ZL19villagerG_talk_hook
                0x0000b7d4       0x10 usu.o
 .rodata._ZL18villagerG_talk_evt
                0x0000b7e4       0xf0 usu.o
 .rodata._ZL19villagerF_talk_hook
                0x0000b8d4       0x10 usu.o
 .rodata._ZL18villagerF_talk_evt
                0x0000b8e4       0xf0 usu.o
 .rodata._ZL19villagerK_talk_hook
                0x0000b9d4       0x10 usu.o
 .rodata._ZL18villagerK_talk_evt
                0x0000b9e4      0x130 usu.o
 .rodata._ZL19villagerE_talk_hook
                0x0000bb14       0x10 usu.o
 .rodata._ZL18villagerE_talk_evt
                0x0000bb24      0x130 usu.o
 .rodata._ZL19villagerD_talk_hook
                0x0000bc54       0x10 usu.o
 .rodata._ZL18villagerD_talk_evt
                0x0000bc64      0x194 usu.o
 .rodata._ZL19villagerC_talk_hook
                0x0000bdf8       0x10 usu.o
 .rodata._ZL18villagerC_talk_evt
                0x0000be08       0xfc usu.o
 .rodata._ZL19villagerB_talk_hook
                0x0000bf04       0x10 usu.o
 .rodata._ZL18villagerB_talk_evt
                0x0000bf14       0xfc usu.o
 .rodata._ZL19villagerA_talk_hook
                0x0000c010       0x10 usu.o
 .rodata._ZL18villagerA_talk_evt
                0x0000c020      0x130 usu.o
 .rodata._ZL19villagerA_init_hook
                0x0000c150       0x10 usu.o
 .rodata._ZL18villagerA_init_evt
                0x0000c160       0x6c usu.o
 .rodata._ZL6vivian
                0x0000c1cc        0x9 usu.o
 *fill*         0x0000c1d5        0x3 
 .rodata._ZL5mayor
                0x0000c1d8        0x5 usu.o
 *fill*         0x0000c1dd        0x3 
 .rodata._ZL9mayor_pig
                0x0000c1e0        0x9 usu.o
 *fill*         0x0000c1e9        0x3 
 .rodata._ZL8doopliss
                0x0000c1ec        0xb usu.o
 *fill*         0x0000c1f7        0x1 
 .rodata._ZL10gatekeeper
                0x0000c1f8        0x5 usu.o
 *fill*         0x0000c1fd        0x3 
 .rodata._ZL14gatekeeper_pig
                0x0000c200        0x9 usu.o
 *fill*         0x0000c209        0x3 
 .rodata._ZL12usuVillagerA
                0x0000c20c        0x7 usu.o
 *fill*         0x0000c213        0x1 
 .rodata._ZL14win_party_hook
                0x0000c214       0x10 win.o
 .rodata.str1.1
                0x0000c224       0x36 win.o
 *fill*         0x0000c25a        0x2 
 .rodata._ZL13win_party_evt
                0x0000c25c       0xe4 win.o
 .rodata._ZL20win_00_init_evt_hook
                0x0000c340       0x10 win.o
 .rodata._ZL19win_00_init_evt_evt
                0x0000c350       0x30 win.o
 .rodata._ZL17majorin_init_hook
                0x0000c380       0x10 win.o
 .rodata._ZL16majorin_init_evt
                0x0000c390       0x30 win.o
 .rodata._ZL17maririn_init_hook
                0x0000c3c0       0x10 win.o
 .rodata._ZL16maririn_init_evt
                0x0000c3d0       0x30 win.o
 .rodata._ZL20win_vivian_init_hook
                0x0000c400       0x10 win.o
 .rodata._ZL19win_vivian_init_evt
                0x0000c410       0x98 win.o
 .rodata._ZL7flurrie
                0x0000c4a8        0x9 win.o
 *(.gnu.linkonce.r.*)

.rodata1
 *(.rodata1)

.sdata2         0x0000c4b1        0x0
                [!provide]                        PROVIDE (_SDA2_BASE_ = .)
 *(.sdata2)
 *(.sdata2.*)
 *(.gnu.linkonce.s2.*)

.sbss2
 *(.sbss2)
 *(.sbss2.*)
 *(.gnu.linkonce.sb2.*)
                0x0000c4b4                        . = ALIGN (0x4)
                [!provide]                        PROVIDE (__preinit_array_start = .)

.preinit_array
 *(.preinit_array)
                [!provide]                        PROVIDE (__preinit_array_end = .)
                [!provide]                        PROVIDE (__init_array_start = .)

.init_array
 *(.init_array)
                [!provide]                        PROVIDE (__init_array_end = .)
                [!provide]                        PROVIDE (__fini_array_start = .)

.fini_array
 *(.fini_array)
                [!provide]                        PROVIDE (__fini_array_end = .)

.data           0x0000c4b4      0x2cc
 *(.data)
 *(.data.*)
 .data._ZN3mod6common12kItemDataArrE
                0x0000c4b4        0x4 common.o
                0x0000c4b4                _ZN3mod6common12kItemDataArrE
 .data.errorTextPosY
                0x0000c4b8        0x4 errorHandling.o
                0x0000c4b8                errorTextPosY
 .data._ZL16gor_00_init_evt2
                0x0000c4bc      0x2bc gor_00.o
 *(.gnu.linkonce.d.*)
                0x0000c780                        . = ALIGN (0x20)
 *fill*         0x0000c778        0x8 

.data1
 *(.data1)

.tdata
 *(.tdata .tdata.* .gnu.linkonce.td.*)

.tbss
 *(.tbss .tbss.* .gnu.linkonce.tb.*)
 *(.tcommon)

.eh_frame       0x0000c780     0x18a4
 *(.eh_frame)
 .eh_frame      0x0000c780      0x220 OWR.o
 .eh_frame      0x0000c9a0       0x28 StateManager.o
                                 0x3c (size before relaxing)
 .eh_frame      0x0000c9c8        0x0 common.o
                                 0xc8 (size before relaxing)
 .eh_frame      0x0000c9c8       0x68 con_mario.o
 .eh_frame      0x0000ca30       0x80 con_perf.o
 .eh_frame      0x0000cab0       0xa0 con_seq.o
 .eh_frame      0x0000cb50      0x2ec console.o
                                0x310 (size before relaxing)
 .eh_frame      0x0000ce3c       0x64 cxx.o
                                 0x8c (size before relaxing)
 .eh_frame      0x0000cea0      0x26c errorHandling.o
 .eh_frame      0x0000d10c      0x130 gamePatches.o
 .eh_frame      0x0000d23c       0xa4 keyboard.o
                                 0xcc (size before relaxing)
 .eh_frame      0x0000d2e0       0xfc mod.o
                                0x110 (size before relaxing)
 .eh_frame      0x0000d3dc      0x114 patch.o
                                0x18c (size before relaxing)
 .eh_frame      0x0000d4f0       0x5c printf.o
 .eh_frame      0x0000d54c       0x7c rel.o
 .eh_frame      0x0000d5c8       0x98 ug.o
 .eh_frame      0x0000d660       0xdc util.o
                                0x100 (size before relaxing)
 .eh_frame      0x0000d73c       0x28 aaa.o
 .eh_frame      0x0000d764       0x6c aji.o
 .eh_frame      0x0000d7d0       0x28 bom.o
 .eh_frame      0x0000d7f8       0x3c dou.o
 .eh_frame      0x0000d834       0x40 eki.o
 .eh_frame      0x0000d874       0x28 end.o
 .eh_frame      0x0000d89c       0x3c gon.o
 .eh_frame      0x0000d8d8       0x74 gor_00.o
 .eh_frame      0x0000d94c       0x48 gor_01.o
 .eh_frame      0x0000d994       0x50 gor_02.o
 .eh_frame      0x0000d9e4       0x50 gor_03.o
 .eh_frame      0x0000da34       0x38 gor_04.o
 .eh_frame      0x0000da6c       0x54 gor_misc.o
 .eh_frame      0x0000dac0       0x40 gra.o
 .eh_frame      0x0000db00       0x4c hei.o
 .eh_frame      0x0000db4c       0x38 hom.o
 .eh_frame      0x0000db84       0x28 jin.o
 .eh_frame      0x0000dbac       0x28 kpa.o
 .eh_frame      0x0000dbd4        0x0 las.o
                                 0x28 (size before relaxing)
 .eh_frame      0x0000dbd4       0x68 main.o
 .eh_frame      0x0000dc3c        0x0 moo.o
                                 0x28 (size before relaxing)
 .eh_frame      0x0000dc3c       0x6c mri.o
 .eh_frame      0x0000dca8       0x6c muj.o
 .eh_frame      0x0000dd14       0x4c nok.o
 .eh_frame      0x0000dd60       0x50 pik.o
 .eh_frame      0x0000ddb0       0x6c rsh.o
 .eh_frame      0x0000de1c       0xb8 tik.o
 .eh_frame      0x0000ded4       0x6c tou.o
 .eh_frame      0x0000df40       0x28 tou2.o
 .eh_frame      0x0000df68       0x68 usu.o
 .eh_frame      0x0000dfd0       0x54 win.o

.gcc_except_table
 *(.gcc_except_table)

.fixup
 *(.fixup)

.got1
 *(.got1)

.got2
 *(.got2)

.dynamic
 *(.dynamic)

.ctors          0x0000e024       0x1c
 *crtbegin.o(.ctors)
 *(EXCLUDE_FILE(*crtend.o) .ctors)
 .ctors         0x0000e024        0x4 OWR.o
 .ctors         0x0000e028        0x4 con_mario.o
 .ctors         0x0000e02c        0x4 con_perf.o
 .ctors         0x0000e030        0x4 con_seq.o
 .ctors         0x0000e034        0x4 console.o
 .ctors         0x0000e038        0x4 errorHandling.o
 .ctors         0x0000e03c        0x4 gor_00.o
 *(SORT_BY_NAME(.ctors.*))
 *(.ctors)
                0x0000e040                        . = ALIGN (0x20)
 *fill*         0x0000e040        0x0 

.dtors          0x0000e040       0x20
 *crtbegin.o(.dtors)
 *(EXCLUDE_FILE(*crtend.o) .dtors)
 .dtors         0x0000e040        0x4 errorHandling.o
 *(SORT_BY_NAME(.dtors.*))
 *(.dtors)
                0x0000e060                        . = ALIGN (0x20)
 *fill*         0x0000e044       0x1c 

.jcr
 *(.jcr)

.got
 *(.got.plt)
 *(.got)

.sdata          0x0000e060        0x0
                [!provide]                        PROVIDE (_SDA_BASE_ = .)
 *(.sdata)
 *(.sdata.*)
 *(.gnu.linkonce.s.*)
                0x0000e060                        . = ALIGN (0x20)
                0x0000e060                        _edata = .
                [!provide]                        PROVIDE (edata = .)

.sbss           0x0000e060        0x0
                0x0000e060                        __sbss_start = .
                [!provide]                        PROVIDE (__sbss_start = .)
                [!provide]                        PROVIDE (___sbss_start = .)
 *(.dynsbss)
 *(.sbss)
 *(.sbss.*)
 *(.gnu.linkonce.sb.*)
 *(.scommon)
                [!provide]                        PROVIDE (__sbss_end = .)
                [!provide]                        PROVIDE (___sbss_end = .)
                0x0000e060                        . = ALIGN (0x20)
                0x0000e060                        __sbss_end = .

.bss            0x0000e060      0x180
                0x0000e060                        __bss_start = .
                [!provide]                        PROVIDE (__bss_start = .)
 *(.dynbss)
 *(.bss)
 *(.bss.*)
 .bss._ZN3mod3owr22g_msgSearch_trampolineE
                0x0000e060        0x4 OWR.o
                0x0000e060                _ZN3mod3owr22g_msgSearch_trampolineE
 .bss._ZN3mod3owr25g_pouchGetItem_trampolineE
                0x0000e064        0x4 OWR.o
                0x0000e064                _ZN3mod3owr25g_pouchGetItem_trampolineE
 .bss._ZN3mod3owr22g_seqSetSeq_trampolineE
                0x0000e068        0x4 OWR.o
                0x0000e068                _ZN3mod3owr22g_seqSetSeq_trampolineE
 .bss._ZN3mod3owr19g_OSLink_trampolineE
                0x0000e06c        0x4 OWR.o
                0x0000e06c                _ZN3mod3owr19g_OSLink_trampolineE
 .bss._ZN3mod3owr6gStateE
                0x0000e070        0x4 OWR.o
                0x0000e070                _ZN3mod3owr6gStateE
 .bss._ZN3mod3owr5gSelfE
                0x0000e074        0x4 OWR.o
                0x0000e074                _ZN3mod3owr5gSelfE
 .bss._ZN3mod3owr7item_dbE
                0x0000e078        0x4 OWR.o
                0x0000e078                _ZN3mod3owr7item_dbE
 .bss.gState    0x0000e07c        0x4 StateManager.o
                0x0000e07c                gState
 .bss._ZN3modL12mod_if_obj24E
                0x0000e080        0x8 con_mario.o
 .bss._ZN3mod14mario_show_posE
                0x0000e088       0x10 con_mario.o
                0x0000e088                _ZN3mod14mario_show_posE
 .bss._ZN3mod13mario_set_posE
                0x0000e098        0xc con_mario.o
                0x0000e098                _ZN3mod13mario_set_posE
 .bss._ZN3modL12mod_if_obj51E
                0x0000e0a4        0x8 con_perf.o
 .bss._ZN3mod14mem_debug_heapE
                0x0000e0ac       0x10 con_perf.o
                0x0000e0ac                _ZN3mod14mem_debug_heapE
 .bss._ZN3modL12mod_if_obj34E
                0x0000e0bc        0x8 con_perf.o
 .bss._ZN3mod9perf_showE
                0x0000e0c4       0x10 con_perf.o
                0x0000e0c4                _ZN3mod9perf_showE
 .bss._ZN3mod15perf_fake_spikeE
                0x0000e0d4        0xc con_perf.o
                0x0000e0d4                _ZN3mod15perf_fake_spikeE
 .bss._ZN3mod14seq_change_mapE
                0x0000e0e0        0xc con_seq.o
                0x0000e0e0                _ZN3mod14seq_change_mapE
 .bss._ZN3modL12mod_if_obj16E
                0x0000e0ec        0x8 con_seq.o
 .bss._ZN3mod24gTrampoline_seq_logoMainE
                0x0000e0f4        0x4 con_seq.o
                0x0000e0f4                _ZN3mod24gTrampoline_seq_logoMainE
 .bss._ZN3mod13seq_logo_skipE
                0x0000e0f8       0x10 con_seq.o
                0x0000e0f8                _ZN3mod13seq_logo_skipE
 .bss._ZN3mod4findE
                0x0000e108        0xc console.o
                0x0000e108                _ZN3mod4findE
 .bss._ZN3mod11con_ug_chanE
                0x0000e114       0x10 console.o
                0x0000e114                _ZN3mod11con_ug_chanE
 .bss._ZN3mod11con_ug_modeE
                0x0000e124       0x10 console.o
                0x0000e124                _ZN3mod11con_ug_modeE
 .bss._ZN3mod21con_log_fade_durationE
                0x0000e134       0x10 console.o
                0x0000e134                _ZN3mod21con_log_fade_durationE
 .bss._ZN3mod18con_log_fade_startE
                0x0000e144       0x10 console.o
                0x0000e144                _ZN3mod18con_log_fade_startE
 .bss._ZN3mod12con_log_fadeE
                0x0000e154       0x10 console.o
                0x0000e154                _ZN3mod12con_log_fadeE
 .bss._ZN3mod13con_log_levelE
                0x0000e164       0x10 console.o
                0x0000e164                _ZN3mod13con_log_levelE
 .bss._ZN3mod11con_rainbowE
                0x0000e174       0x10 console.o
                0x0000e174                _ZN3mod11con_rainbowE
 .bss._ZN3mod8con_monoE
                0x0000e184       0x10 console.o
                0x0000e184                _ZN3mod8con_monoE
 .bss._ZN3mod8con_showE
                0x0000e194       0x10 console.o
                0x0000e194                _ZN3mod8con_showE
 .bss._ZN3mod8gConsoleE
                0x0000e1a4        0x4 console.o
                0x0000e1a4                _ZN3mod8gConsoleE
 .bss._ZN3mod9ConIntVar6sFirstE
                0x0000e1a8        0x4 console.o
                0x0000e1a8                _ZN3mod9ConIntVar6sFirstE
 .bss._ZN3mod10ConCommand6sFirstE
                0x0000e1ac        0x4 console.o
                0x0000e1ac                _ZN3mod10ConCommand6sFirstE
 .bss.g_animPoseMain_trampoline
                0x0000e1b0        0x4 errorHandling.o
                0x0000e1b0                g_animPoseMain_trampoline
 .bss.g_npcNameToPtr_trampoline
                0x0000e1b4        0x4 errorHandling.o
                0x0000e1b4                g_npcNameToPtr_trampoline
 .bss.heapCorruptionInfo
                0x0000e1b8        0x8 errorHandling.o
                0x0000e1b8                heapCorruptionInfo
 .bss.animPoseMainErrorInfo
                0x0000e1c0        0x4 errorHandling.o
                0x0000e1c0                animPoseMainErrorInfo
 .bss.npcNameToPtrErrorInfo
                0x0000e1c4        0x4 errorHandling.o
                0x0000e1c4                npcNameToPtrErrorInfo
 .bss._ZN3mod4gModE
                0x0000e1c8        0x4 mod.o
                0x0000e1c8                _ZN3mod4gModE
 .bss._ZN17ModUpdateFunction6sFirstE
                0x0000e1cc        0x4 mod.o
                0x0000e1cc                _ZN17ModUpdateFunction6sFirstE
 .bss._ZN15ModInitFunction6sFirstE
                0x0000e1d0        0x4 mod.o
                0x0000e1d0                _ZN15ModInitFunction6sFirstE
 *(.gnu.linkonce.b.*)
 *(COMMON)
                0x0000e1e0                        . = ALIGN (0x20)
 *fill*         0x0000e1d4        0xc 
                [!provide]                        PROVIDE (__bss_end = .)
                0x0000e1e0                        __bss_end = .
                0x0000e1e0                        _end = .
                [!provide]                        PROVIDE (end = .)

.bss._ZZNK3mod14seq_change_mapMUlPKcE_clES2_E8beroName
                0x00000000       0x20
 .bss._ZZNK3mod14seq_change_mapMUlPKcE_clES2_E8beroName
                0x00000000       0x20 con_seq.o
                0x00000000                _ZZNK3mod14seq_change_mapMUlPKcE_clES1_E8beroName
                0x00000000                _ZZNK3mod14seq_change_mapMUlPKcE_clES2_E8beroName

.bss._ZZNK3mod14seq_change_mapMUlPKcE_clES2_E7mapName
                0x00000000       0x20
 .bss._ZZNK3mod14seq_change_mapMUlPKcE_clES2_E7mapName
                0x00000000       0x20 con_seq.o
                0x00000000                _ZZNK3mod14seq_change_mapMUlPKcE_clES2_E7mapName
                0x00000000                _ZZNK3mod14seq_change_mapMUlPKcE_clES1_E7mapName

.stab
 *(.stab)

.stabstr
 *(.stabstr)

.stab.excl
 *(.stab.excl)

.stab.exclstr
 *(.stab.exclstr)

.stab.index
 *(.stab.index)

.stab.indexstr
 *(.stab.indexstr)

.comment        0x00000000      0x6c0
 *(.comment)
 .comment       0x00000000       0x24 OWR.o
 .comment       0x00000024       0x24 StateManager.o
 .comment       0x00000048       0x24 common.o
 .comment       0x0000006c       0x24 con_mario.o
 .comment       0x00000090       0x24 con_perf.o
 .comment       0x000000b4       0x24 con_seq.o
 .comment       0x000000d8       0x24 console.o
 .comment       0x000000fc       0x24 cxx.o
 .comment       0x00000120       0x24 errorHandling.o
 .comment       0x00000144       0x24 gamePatches.o
 .comment       0x00000168       0x24 keyboard.o
 .comment       0x0000018c       0x24 mod.o
 .comment       0x000001b0       0x24 patch.o
 .comment       0x000001d4       0x24 printf.o
 .comment       0x000001f8       0x24 rel.o
 .comment       0x0000021c       0x24 ug.o
 .comment       0x00000240       0x24 util.o
 .comment       0x00000264       0x24 aaa.o
 .comment       0x00000288       0x24 aji.o
 .comment       0x000002ac       0x24 bom.o
 .comment       0x000002d0       0x24 dou.o
 .comment       0x000002f4       0x24 eki.o
 .comment       0x00000318       0x24 end.o
 .comment       0x0000033c       0x24 gon.o
 .comment       0x00000360       0x24 gor_00.o
 .comment       0x00000384       0x24 gor_01.o
 .comment       0x000003a8       0x24 gor_02.o
 .comment       0x000003cc       0x24 gor_03.o
 .comment       0x000003f0       0x24 gor_04.o
 .comment       0x00000414       0x24 gor_misc.o
 .comment       0x00000438       0x24 gra.o
 .comment       0x0000045c       0x24 hei.o
 .comment       0x00000480       0x24 hom.o
 .comment       0x000004a4       0x24 jin.o
 .comment       0x000004c8       0x24 kpa.o
 .comment       0x000004ec       0x24 las.o
 .comment       0x00000510       0x24 main.o
 .comment       0x00000534       0x24 moo.o
 .comment       0x00000558       0x24 mri.o
 .comment       0x0000057c       0x24 muj.o
 .comment       0x000005a0       0x24 nok.o
 .comment       0x000005c4       0x24 pik.o
 .comment       0x000005e8       0x24 rsh.o
 .comment       0x0000060c       0x24 tik.o
 .comment       0x00000630       0x24 tou.o
 .comment       0x00000654       0x24 tou2.o
 .comment       0x00000678       0x24 usu.o
 .comment       0x0000069c       0x24 win.o

.gnu.attributes
                0x00000000       0x10
 .gnu.attributes
                0x00000000       0x10 OWR.o
 .gnu.attributes
                0x00000010       0x10 common.o
 .gnu.attributes
                0x00000020       0x10 con_mario.o
 .gnu.attributes
                0x00000030       0x10 con_perf.o
 .gnu.attributes
                0x00000040       0x10 console.o
 .gnu.attributes
                0x00000050       0x10 errorHandling.o
 .gnu.attributes
                0x00000060       0x10 mod.o
 .gnu.attributes
                0x00000070       0x10 printf.o
 .gnu.attributes
                0x00000080       0x10 util.o

.group          0x00000000        0xc
 .group         0x00000000        0xc con_mario.o

.group          0x00000000        0xc
 .group         0x00000000        0xc con_perf.o

.group          0x00000000        0xc
 .group         0x00000000        0xc con_seq.o

.group          0x00000000        0x8
 .group         0x00000000        0x8 con_seq.o

.group          0x00000000        0x8
 .group         0x00000000        0x8 con_seq.o

.group          0x00000000        0xc
 .group         0x00000000        0xc console.o

.group          0x00000000        0xc
 .group         0x00000000        0xc errorHandling.o

.debug
 *(.debug)

.line
 *(.line)

.debug_srcinfo
 *(.debug_srcinfo)

.debug_sfnames
 *(.debug_sfnames)

.debug_aranges  0x00000000      0x990
 *(.debug_aranges)
 .debug_aranges
                0x00000000       0x88 OWR.o
 .debug_aranges
                0x00000088       0x28 StateManager.o
 .debug_aranges
                0x000000b0       0x60 common.o
 .debug_aranges
                0x00000110       0x30 con_mario.o
 .debug_aranges
                0x00000140       0x38 con_perf.o
 .debug_aranges
                0x00000178       0x38 con_seq.o
 .debug_aranges
                0x000001b0       0xa8 console.o
 .debug_aranges
                0x00000258       0x48 cxx.o
 .debug_aranges
                0x000002a0       0x98 errorHandling.o
 .debug_aranges
                0x00000338       0x50 gamePatches.o
 .debug_aranges
                0x00000388       0x40 keyboard.o
 .debug_aranges
                0x000003c8       0x58 mod.o
 .debug_aranges
                0x00000420       0x80 patch.o
 .debug_aranges
                0x000004a0       0x28 printf.o
 .debug_aranges
                0x000004c8       0x30 rel.o
 .debug_aranges
                0x000004f8       0x38 ug.o
 .debug_aranges
                0x00000530       0x50 util.o
 .debug_aranges
                0x00000580       0x20 aaa.o
 .debug_aranges
                0x000005a0       0x20 aji.o
 .debug_aranges
                0x000005c0       0x20 bom.o
 .debug_aranges
                0x000005e0       0x20 dou.o
 .debug_aranges
                0x00000600       0x20 eki.o
 .debug_aranges
                0x00000620       0x20 end.o
 .debug_aranges
                0x00000640       0x20 gon.o
 .debug_aranges
                0x00000660       0x28 gor_00.o
 .debug_aranges
                0x00000688       0x20 gor_01.o
 .debug_aranges
                0x000006a8       0x20 gor_02.o
 .debug_aranges
                0x000006c8       0x20 gor_03.o
 .debug_aranges
                0x000006e8       0x20 gor_04.o
 .debug_aranges
                0x00000708       0x28 gor_misc.o
 .debug_aranges
                0x00000730       0x20 gra.o
 .debug_aranges
                0x00000750       0x20 hei.o
 .debug_aranges
                0x00000770       0x20 hom.o
 .debug_aranges
                0x00000790       0x20 jin.o
 .debug_aranges
                0x000007b0       0x20 kpa.o
 .debug_aranges
                0x000007d0       0x20 las.o
 .debug_aranges
                0x000007f0       0x30 main.o
 .debug_aranges
                0x00000820       0x20 moo.o
 .debug_aranges
                0x00000840       0x20 mri.o
 .debug_aranges
                0x00000860       0x20 muj.o
 .debug_aranges
                0x00000880       0x20 nok.o
 .debug_aranges
                0x000008a0       0x20 pik.o
 .debug_aranges
                0x000008c0       0x20 rsh.o
 .debug_aranges
                0x000008e0       0x30 tik.o
 .debug_aranges
                0x00000910       0x20 tou.o
 .debug_aranges
                0x00000930       0x20 tou2.o
 .debug_aranges
                0x00000950       0x20 usu.o
 .debug_aranges
                0x00000970       0x20 win.o

.debug_pubnames
 *(.debug_pubnames)

.debug_info     0x00000000    0x3f6fd
 *(.debug_info)
 .debug_info    0x00000000     0x4aee OWR.o
 .debug_info    0x00004aee      0x3bd StateManager.o
 .debug_info    0x00004eab      0xf83 common.o
 .debug_info    0x00005e2e     0x2443 con_mario.o
 .debug_info    0x00008271     0x22c3 con_perf.o
 .debug_info    0x0000a534     0x20e3 con_seq.o
 .debug_info    0x0000c617     0x3bbd console.o
 .debug_info    0x000101d4      0x407 cxx.o
 .debug_info    0x000105db     0x3b05 errorHandling.o
 .debug_info    0x000140e0     0x2c19 gamePatches.o
 .debug_info    0x00016cf9      0xe4d keyboard.o
 .debug_info    0x00017b46     0x33aa mod.o
 .debug_info    0x0001aef0      0xe1b patch.o
 .debug_info    0x0001bd0b      0x580 printf.o
 .debug_info    0x0001c28b      0x103 rel.o
 .debug_info    0x0001c38e      0x77f ug.o
 .debug_info    0x0001cb0d      0x9c5 util.o
 .debug_info    0x0001d4d2      0x2e3 aaa.o
 .debug_info    0x0001d7b5     0x1764 aji.o
 .debug_info    0x0001ef19      0x3fb bom.o
 .debug_info    0x0001f314     0x112e dou.o
 .debug_info    0x00020442      0xb96 eki.o
 .debug_info    0x00020fd8      0x2d9 end.o
 .debug_info    0x000212b1     0x1184 gon.o
 .debug_info    0x00022435     0x1ead gor_00.o
 .debug_info    0x000242e2     0x1239 gor_01.o
 .debug_info    0x0002551b     0x1866 gor_02.o
 .debug_info    0x00026d81      0xc28 gor_03.o
 .debug_info    0x000279a9      0x746 gor_04.o
 .debug_info    0x000280ef     0x1122 gor_misc.o
 .debug_info    0x00029211      0x831 gra.o
 .debug_info    0x00029a42     0x1396 hei.o
 .debug_info    0x0002add8      0x9d4 hom.o
 .debug_info    0x0002b7ac      0x405 jin.o
 .debug_info    0x0002bbb1      0x31f kpa.o
 .debug_info    0x0002bed0      0x49b las.o
 .debug_info    0x0002c36b     0x3134 main.o
 .debug_info    0x0002f49f      0x947 moo.o
 .debug_info    0x0002fde6     0x1d3b mri.o
 .debug_info    0x00031b21     0x1dd1 muj.o
 .debug_info    0x000338f2     0x1527 nok.o
 .debug_info    0x00034e19     0x168e pik.o
 .debug_info    0x000364a7     0x1de2 rsh.o
 .debug_info    0x00038289     0x2420 tik.o
 .debug_info    0x0003a6a9     0x1b6a tou.o
 .debug_info    0x0003c213      0x3fb tou2.o
 .debug_info    0x0003c60e     0x1dd5 usu.o
 .debug_info    0x0003e3e3     0x131a win.o

.debug_abbrev   0x00000000     0x8378
 *(.debug_abbrev)
 .debug_abbrev  0x00000000      0x7e4 OWR.o
 .debug_abbrev  0x000007e4      0x17e StateManager.o
 .debug_abbrev  0x00000962      0x217 common.o
 .debug_abbrev  0x00000b79      0x60c con_mario.o
 .debug_abbrev  0x00001185      0x6a2 con_perf.o
 .debug_abbrev  0x00001827      0x67c con_seq.o
 .debug_abbrev  0x00001ea3      0x965 console.o
 .debug_abbrev  0x00002808      0x1a8 cxx.o
 .debug_abbrev  0x000029b0      0x78c errorHandling.o
 .debug_abbrev  0x0000313c      0x4a8 gamePatches.o
 .debug_abbrev  0x000035e4      0x32f keyboard.o
 .debug_abbrev  0x00003913      0x74f mod.o
 .debug_abbrev  0x00004062      0x21e patch.o
 .debug_abbrev  0x00004280      0x1d5 printf.o
 .debug_abbrev  0x00004455       0xf0 rel.o
 .debug_abbrev  0x00004545      0x1bf ug.o
 .debug_abbrev  0x00004704      0x21e util.o
 .debug_abbrev  0x00004922       0xcc aaa.o
 .debug_abbrev  0x000049ee      0x22a aji.o
 .debug_abbrev  0x00004c18       0xcc bom.o
 .debug_abbrev  0x00004ce4      0x1f2 dou.o
 .debug_abbrev  0x00004ed6      0x1d6 eki.o
 .debug_abbrev  0x000050ac       0xcc end.o
 .debug_abbrev  0x00005178      0x1e3 gon.o
 .debug_abbrev  0x0000535b      0x260 gor_00.o
 .debug_abbrev  0x000055bb      0x21d gor_01.o
 .debug_abbrev  0x000057d8      0x244 gor_02.o
 .debug_abbrev  0x00005a1c      0x1e3 gor_03.o
 .debug_abbrev  0x00005bff      0x191 gor_04.o
 .debug_abbrev  0x00005d90      0x2a0 gor_misc.o
 .debug_abbrev  0x00006030      0x1c2 gra.o
 .debug_abbrev  0x000061f2      0x1ee hei.o
 .debug_abbrev  0x000063e0      0x1c1 hom.o
 .debug_abbrev  0x000065a1       0xcc jin.o
 .debug_abbrev  0x0000666d       0xcc kpa.o
 .debug_abbrev  0x00006739       0xcc las.o
 .debug_abbrev  0x00006805      0x2fc main.o
 .debug_abbrev  0x00006b01      0x1c5 moo.o
 .debug_abbrev  0x00006cc6      0x227 mri.o
 .debug_abbrev  0x00006eed      0x220 muj.o
 .debug_abbrev  0x0000710d      0x218 nok.o
 .debug_abbrev  0x00007325      0x217 pik.o
 .debug_abbrev  0x0000753c      0x215 rsh.o
 .debug_abbrev  0x00007751      0x530 tik.o
 .debug_abbrev  0x00007c81      0x227 tou.o
 .debug_abbrev  0x00007ea8       0xcc tou2.o
 .debug_abbrev  0x00007f74      0x215 usu.o
 .debug_abbrev  0x00008189      0x1ef win.o

.debug_line     0x00000000    0x15761
 *(.debug_line)
 .debug_line    0x00000000      0xd81 OWR.o
 .debug_line    0x00000d81      0x1c2 StateManager.o
 .debug_line    0x00000f43      0x351 common.o
 .debug_line    0x00001294      0x476 con_mario.o
 .debug_line    0x0000170a      0x682 con_perf.o
 .debug_line    0x00001d8c      0x50f con_seq.o
 .debug_line    0x0000229b     0x1351 console.o
 .debug_line    0x000035ec      0x1f6 cxx.o
 .debug_line    0x000037e2      0xcf6 errorHandling.o
 .debug_line    0x000044d8      0x68c gamePatches.o
 .debug_line    0x00004b64      0x4ae keyboard.o
 .debug_line    0x00005012      0x6a5 mod.o
 .debug_line    0x000056b7      0x41b patch.o
 .debug_line    0x00005ad2      0x24f printf.o
 .debug_line    0x00005d21      0x13d rel.o
 .debug_line    0x00005e5e      0x360 ug.o
 .debug_line    0x000061be      0x40c util.o
 .debug_line    0x000065ca      0x205 aaa.o
 .debug_line    0x000067cf      0xd67 aji.o
 .debug_line    0x00007536      0x553 bom.o
 .debug_line    0x00007a89      0x614 dou.o
 .debug_line    0x0000809d      0x507 eki.o
 .debug_line    0x000085a4      0x1f5 end.o
 .debug_line    0x00008799      0x60c gon.o
 .debug_line    0x00008da5      0x8af gor_00.o
 .debug_line    0x00009654      0x670 gor_01.o
 .debug_line    0x00009cc4      0x68c gor_02.o
 .debug_line    0x0000a350      0x79d gor_03.o
 .debug_line    0x0000aaed      0x487 gor_04.o
 .debug_line    0x0000af74      0x415 gor_misc.o
 .debug_line    0x0000b389      0x40e gra.o
 .debug_line    0x0000b797      0x554 hei.o
 .debug_line    0x0000bceb      0x3b4 hom.o
 .debug_line    0x0000c09f      0x515 jin.o
 .debug_line    0x0000c5b4      0x28e kpa.o
 .debug_line    0x0000c842      0x6a7 las.o
 .debug_line    0x0000cee9      0xab0 main.o
 .debug_line    0x0000d999      0x2d8 moo.o
 .debug_line    0x0000dc71     0x103c mri.o
 .debug_line    0x0000ecad      0xf06 muj.o
 .debug_line    0x0000fbb3      0x58b nok.o
 .debug_line    0x0001013e      0x863 pik.o
 .debug_line    0x000109a1     0x14c2 rsh.o
 .debug_line    0x00011e63      0xa26 tik.o
 .debug_line    0x00012889     0x1793 tou.o
 .debug_line    0x0001401c      0x583 tou2.o
 .debug_line    0x0001459f      0xc7c usu.o
 .debug_line    0x0001521b      0x546 win.o

.debug_frame
 *(.debug_frame)

.debug_str      0x00000000    0x429cf
 *(.debug_str)
 .debug_str     0x00000000     0x4191 OWR.o
 .debug_str     0x00004191      0x3ab StateManager.o
 .debug_str     0x0000453c     0x13e4 common.o
 .debug_str     0x00005920     0x196f con_mario.o
 .debug_str     0x0000728f     0x1615 con_perf.o
 .debug_str     0x000088a4     0x16b3 con_seq.o
 .debug_str     0x00009f57     0x1a83 console.o
 .debug_str     0x0000b9da      0x35e cxx.o
 .debug_str     0x0000bd38     0x2087 errorHandling.o
 .debug_str     0x0000ddbf     0x23f5 gamePatches.o
 .debug_str     0x000101b4      0x95f keyboard.o
 .debug_str     0x00010b13     0x2257 mod.o
 .debug_str     0x00012d6a      0x726 patch.o
 .debug_str     0x00013490      0x468 printf.o
 .debug_str     0x000138f8      0x191 rel.o
 .debug_str     0x00013a89      0x39b ug.o
 .debug_str     0x00013e24      0x654 util.o
 .debug_str     0x00014478      0x3d4 aaa.o
 .debug_str     0x0001484c     0x2120 aji.o
 .debug_str     0x0001696c      0x5d1 bom.o
 .debug_str     0x00016f3d     0x1c6d dou.o
 .debug_str     0x00018baa      0xeb5 eki.o
 .debug_str     0x00019a5f      0x3ce end.o
 .debug_str     0x00019e2d     0x1c87 gon.o
 .debug_str     0x0001bab4     0x2941 gor_00.o
 .debug_str     0x0001e3f5     0x1a37 gor_01.o
 .debug_str     0x0001fe2c     0x241e gor_02.o
 .debug_str     0x0002224a      0xf35 gor_03.o
 .debug_str     0x0002317f      0x560 gor_04.o
 .debug_str     0x000236df     0x1b5c gor_misc.o
 .debug_str     0x0002523b      0x949 gra.o
 .debug_str     0x00025b84     0x1fe4 hei.o
 .debug_str     0x00027b68      0xc74 hom.o
 .debug_str     0x000287dc      0x59e jin.o
 .debug_str     0x00028d7a      0x424 kpa.o
 .debug_str     0x0002919e      0x66f las.o
 .debug_str     0x0002980d     0x2d72 main.o
 .debug_str     0x0002c57f      0xb14 moo.o
 .debug_str     0x0002d093     0x28a4 mri.o
 .debug_str     0x0002f937     0x2a60 muj.o
 .debug_str     0x00032397     0x1d82 nok.o
 .debug_str     0x00034119     0x1ff7 pik.o
 .debug_str     0x00036110     0x2a0b rsh.o
 .debug_str     0x00038b1b     0x2ef5 tik.o
 .debug_str     0x0003ba10     0x266c tou.o
 .debug_str     0x0003e07c      0x5af tou2.o
 .debug_str     0x0003e62b     0x271a usu.o
 .debug_str     0x00040d45     0x1c8a win.o

.debug_loc
 *(.debug_loc)

.debug_macinfo
 *(.debug_macinfo)

.debug_weaknames
 *(.debug_weaknames)

.debug_funcnames
 *(.debug_funcnames)

.debug_typenames
 *(.debug_typenames)

.debug_varnames
 *(.debug_varnames)
                0x00000000                        __isIPL = 0x0
                0x0002e1e0                        __stack_addr = ((((__bss_start + SIZEOF (.bss)) + 0x20000) + 0x7) & 0xfffffffffffffff8)
                0x0000e1e0                        __stack_end = (__bss_start + SIZEOF (.bss))
                0x000321e0                        __intrstack_addr = (__stack_addr + 0x4000)
                0x0002e1e0                        __intrstack_end = __stack_addr
                0x000321e0                        __Arena1Lo = ((__intrstack_addr + 0x1f) & 0xffffffffffffffe0)
                0x817feff0                        __Arena1Hi = 0x817feff0
                0x817ff000                        __gxregs = ((__Arena1Hi + 0x1f) & 0xffffffffffffffe0)
                [!provide]                        PROVIDE (__stack = 0x817feff0)
                [!provide]                        PROVIDE (__isIPL = __isIPL)
                [!provide]                        PROVIDE (__stack_addr = __stack_addr)
                [!provide]                        PROVIDE (__stack_end = __stack_end)
                [!provide]                        PROVIDE (__intrstack_addr = __intrstack_addr)
                [!provide]                        PROVIDE (__intrstack_end = __intrstack_end)
                [!provide]                        PROVIDE (__Arena1Lo = __Arena1Lo)
                [!provide]                        PROVIDE (__Arena1Hi = __Arena1Hi)
                [!provide]                        PROVIDE (__gxregs = __gxregs)
LOAD H:/GhidraProjects/TTYDAP/TTYDAP/rel/source/cxx.ld
                0x0000e024                        _ctors_start = ADDR (.ctors)
                0x0000e040                        _ctors_end = (_ctors_start + SIZEOF (.ctors))
                0x0000e040                        _dtors_start = ADDR (.dtors)
                0x0000e060                        _dtors_end = (_dtors_start + SIZEOF (.dtors))
LOAD OWR.o
LOAD StateManager.o
LOAD common.o
LOAD con_mario.o
LOAD con_perf.o
LOAD con_seq.o
LOAD console.o
LOAD cxx.o
LOAD errorHandling.o
LOAD gamePatches.o
LOAD keyboard.o
LOAD mod.o
LOAD patch.o
LOAD printf.o
LOAD rel.o
LOAD ug.o
LOAD util.o
LOAD aaa.o
LOAD aji.o
LOAD bom.o
LOAD dou.o
LOAD eki.o
LOAD end.o
LOAD gon.o
LOAD gor_00.o
LOAD gor_01.o
LOAD gor_02.o
LOAD gor_03.o
LOAD gor_04.o
LOAD gor_misc.o
LOAD gra.o
LOAD hei.o
LOAD hom.o
LOAD jin.o
LOAD kpa.o
LOAD las.o
LOAD main.o
LOAD moo.o
LOAD mri.o
LOAD muj.o
LOAD nok.o
LOAD pik.o
LOAD rsh.o
LOAD tik.o
LOAD tou.o
LOAD tou2.o
LOAD usu.o
LOAD win.o
LOAD CrashScreenDecrementYPos.o
LOAD FixBlooperCrash1.o
LOAD FixBlooperCrash2.o
LOAD PreventDiaryTextboxSelection.o
LOAD asm_main.o
LOAD restfpr_x.o
LOAD restgpr_x.o
LOAD patch_ih.o
OUTPUT(H:/GhidraProjects/TTYDAP/TTYDAP/rel/rel.us.elf elf32-powerpc)

.debug_loclists
                0x00000000     0x387f
 .debug_loclists
                0x00000000      0xa64 OWR.o
 .debug_loclists
                0x00000a64       0x17 StateManager.o
 .debug_loclists
                0x00000a7b      0x130 common.o
 .debug_loclists
                0x00000bab       0xa9 con_mario.o
 .debug_loclists
                0x00000c54      0x2aa con_perf.o
 .debug_loclists
                0x00000efe       0xf4 con_seq.o
 .debug_loclists
                0x00000ff2      0xe6f console.o
 .debug_loclists
                0x00001e61       0x95 cxx.o
 .debug_loclists
                0x00001ef6      0x955 errorHandling.o
 .debug_loclists
                0x0000284b      0x202 gamePatches.o
 .debug_loclists
                0x00002a4d      0x17e keyboard.o
 .debug_loclists
                0x00002bcb      0x199 mod.o
 .debug_loclists
                0x00002d64      0x540 patch.o
 .debug_loclists
                0x000032a4      0x122 printf.o
 .debug_loclists
                0x000033c6       0x4d rel.o
 .debug_loclists
                0x00003413      0x1a2 ug.o
 .debug_loclists
                0x000035b5      0x1cb util.o
 .debug_loclists
                0x00003780       0x2d gor_04.o
 .debug_loclists