Archive member included to satisfy reference by file (symbol)

C:/devkitPro/devkitPPC/bin/../lib/gcc/powerpc-eabi/13.1.0\libgcc.a(_divdi3.o)
                              console.o (__divdi3)

Discarded input sections

 .text          0x00000000        0x0 OWR.o
 .data          0x00000000        0x0 OWR.o
 .bss           0x00000000        0x0 OWR.o
 .text._Z13strcpy_StringPcPKc
                0x00000000        0x4 OWR.o
 .text._ZN3mod3owr3OWR8AAAToGOREv
                0x00000000       0x48 OWR.o
 .text._ZN3mod3owr3OWR12RecieveItemsEv
                0x00000000       0x68 OWR.o
 .bss._ZN3mod3owr25g_stg0_00_init_trampolineE
                0x00000000        0x4 OWR.o
 .bss._ZN3mod3owr22g_itemEntry_trampolineE
                0x00000000        0x4 OWR.o
 .bss._ZN3mod3owr6gStateE
                0x00000000        0x4 OWR.o
 .text          0x00000000        0x0 StateManager.o
 .data          0x00000000        0x0 StateManager.o
 .bss           0x00000000        0x0 StateManager.o
 .text._ZN3mod3owr12StateManager4InitEv
                0x00000000       0x34 StateManager.o
 .text          0x00000000        0x0 common.o
 .data          0x00000000        0x0 common.o
 .bss           0x00000000        0x0 common.o
 .text._ZN3mod6common14GetCurrentAreaEv
                0x00000000       0x1c common.o
 .text._ZN3mod6common13GetCurrentMapEv
                0x00000000       0x1c common.o
 .text._ZN3mod6common11GetFilenameEv
                0x00000000       0x1c common.o
 .text._ZN3mod6common16GetStorySequenceEv
                0x00000000       0x24 common.o
 .text._ZN3mod6common14GetPitSequenceEv
                0x00000000       0x2c common.o
 .text._ZN3mod6common17GetSavedFlagValueEi
                0x00000000       0x44 common.o
 .text._ZN3mod6common21HasKeyItemInInventoryEs
                0x00000000       0x60 common.o
 .text._ZN3mod6common25GetBattleWindowDataOffsetEv
                0x00000000       0x1c common.o
 .text._ZN3mod6common21GetStatusWindowHeightEv
                0x00000000       0x28 common.o
 .data._ZN3mod6common29kUnknownStatusWindowStructPtrE
                0x00000000        0x4 common.o
 .data._ZN3mod6common10kBattlePtrE
                0x00000000        0x4 common.o
 .data._ZN3mod6common9kPouchPtrE
                0x00000000        0x4 common.o
 .data._ZN3mod6common12kSaveDataPtrE
                0x00000000        0x4 common.o
 .rodata._ZN3mod6common32kUltraHammerChestDespawnIdOffsetE
                0x00000000        0x4 common.o
 .rodata._ZN3mod6common27kObjectCollectionExprOffsetE
                0x00000000        0x4 common.o
 .rodata._ZN3mod6common27kObjectChestScriptPtrOffsetE
                0x00000000        0x4 common.o
 .rodata._ZN3mod6common33kMujModuleFlavioDesiredItemOffsetE
                0x00000000        0x4 common.o
 .rodata._ZN3mod6common36kJinModuleAtomicBooItemGswfSetOffsetE
                0x00000000        0x4 common.o
 .rodata._ZN3mod6common39kJinModuleAtomicBooItemObjectFlagOffsetE
                0x00000000        0x4 common.o
 .rodata._ZN3mod6common32kPitModuleCharlietonChanceOffsetE
                0x00000000        0x4 common.o
 .rodata._ZN3mod6common22kPitModuleNpcArrOffsetE
                0x00000000        0x4 common.o
 .rodata._ZN3mod6common23kSavedWordFlagBaseValueE
                0x00000000        0x4 common.o
 .data._ZN3mod6common20kPiantaParlorItemArrE
                0x00000000        0x4 common.o
 .data._ZN3mod6common21kPitCharlietonItemArrE
                0x00000000        0x4 common.o
 .data._ZN3mod6common12kHowzItemArrE
                0x00000000        0x4 common.o
 .data._ZN3mod6common18kCharlietonItemArrE
                0x00000000        0x4 common.o
 .data._ZN3mod6common14kDazzleItemArrE
                0x00000000        0x4 common.o
 .data._ZN3mod6common20kSuperguardFramesArrE
                0x00000000        0x4 common.o
 .data._ZN3mod6common15kGuardFramesArrE
                0x00000000        0x4 common.o
 .data._ZN3mod6common25kSuperChargePartnerParamsE
                0x00000000        0x4 common.o
 .data._ZN3mod6common18kSuperChargeParamsE
                0x00000000        0x4 common.o
 .data._ZN3mod6common19kPiercingBlowParamsE
                0x00000000        0x4 common.o
 .data._ZN3mod6common18kHammerThrowParamsE
                0x00000000        0x4 common.o
 .data._ZN3mod6common17kKoopaCurseParamsE
                0x00000000        0x4 common.o
 .data._ZN3mod6common15kTradeOffParamsE
                0x00000000        0x4 common.o
 .data._ZN3mod6common17kGulpRecoilParamsE
                0x00000000        0x4 common.o
 .data._ZN3mod6common24kUltraHammerRecoilParamsE
                0x00000000        0x4 common.o
 .data._ZN3mod6common24kSuperHammerRecoilParamsE
                0x00000000        0x4 common.o
 .data._ZN3mod6common8kNextMapE
                0x00000000        0x4 common.o
 .rodata.cst4   0x00000000        0x4 common.o
 .text          0x00000000        0x0 con_mario.o
 .data          0x00000000        0x0 con_mario.o
[...]
Memory Configuration

Name             Origin             Length             Attributes
*default*        0x00000000         0xffffffff

Linker script and memory map

                0x80003100                        . = 0x80003100

.init
 *crt0.o(*.init)
 *(.init)

.plt
 *(.plt)

.interp
 *(.interp)

.hash
 *(.hash)

.dynsym
 *(.dynsym)

.dynstr
 *(.dynstr)

.gnu.version
 *(.gnu.version)

.gnu.version_d
 *(.gnu.version_d)

.gnu.version_r
 *(.gnu.version_r)

.rel.init
 *(.rel.init)

.rela.init
 *(.rela.init)

.rel.text
 *(.rel.text .rel.text.* .rel.gnu.linkonce.t.*)

.rela.text
 *(.rela.text .rela.text.* .rela.gnu.linkonce.t.*)

.rel.fini
 *(.rel.fini)

.rela.fini
 *(.rela.fini)

.rel.rodata
 *(.rel.rodata .rel.rodata.* .rel.gnu.linkonce.r.*)

.rela.rodata
 *(.rela.rodata .rela.rodata.* .rela.gnu.linkonce.r.*)

.rel.data
 *(.rel.data .rel.data.* .rel.gnu.linkonce.d.*)

.rela.data
 *(.rela.data .rela.data.* .rela.gnu.linkonce.d.*)

.rel.tdata
 *(.rel.tdata .rel.tdata.* .rel.gnu.linkonce.td.*)

.rela.tdata
 *(.rela.tdata .rela.tdata.* .rela.gnu.linkonce.td.*)

.rel.tbss
 *(.rel.tbss .rel.tbss.* .rel.gnu.linkonce.tb.*)

.rela.tbss
 *(.rela.tbss .rela.tbss.* .rela.gnu.linkonce.tb.*)

.rel.ctors
 *(.rel.ctors)

.rela.ctors
 *(.rela.ctors)

.rel.dtors
 *(.rel.dtors)

.rela.dtors
 *(.rela.dtors)

.rel.got
 *(.rel.got)

.rela.got
 *(.rela.got)

.rela.got1
 *(.rela.got1)

.rela.got2
 *(.rela.got2)

.rel.sdata
 *(.rel.sdata .rel.sdata.* .rel.gnu.linkonce.s.*)

.rela.sdata
 *(.rela.sdata .rela.sdata.* .rela.gnu.linkonce.s.*)

.rel.sbss
 *(.rel.sbss .rel.sbss.* .rel.gnu.linkonce.sb.*)

.rela.sbss
 *(.rela.sbss .rela.sbss.* .rel.gnu.linkonce.sb.*)

.rel.sdata2
 *(.rel.sdata2 .rel.sdata2.* .rel.gnu.linkonce.s2.*)

.rela.sdata2
 *(.rela.sdata2 .rela.sdata2.* .rela.gnu.linkonce.s2.*)

.rel.sbss2
 *(.rel.sbss2 .rel.sbss2.* .rel.gnu.linkonce.sb2.*)

.rela.sbss2
 *(.rela.sbss2 .rela.sbss2.* .rela.gnu.linkonce.sb2.*)

.rel.bss
 *(.rel.bss .rel.bss.* .rel.gnu.linkonce.b.*)

.rela.bss
 *(.rela.bss .rela.bss.* .rela.gnu.linkonce.b.*)

.rel.plt
 *(.rel.plt)

.rela.plt
 *(.rela.plt)

.text           0x80003100     0xe6c0
 *(.text)
 .text          0x80003100        0x8 FixBlooperCrash1.o
                0x80003100                asmFixBlooperCrash1
 .text          0x80003108       0x14 FixBlooperCrash2.o
                0x80003108                asmFixBlooperCrash2
 .text          0x8000311c      0x244 asm_main.o
                0x8000311c                bMapGXArrInject
                0x80003128                bMapGXArrInjectReturn
                0x8000312c                bMapGXArrIncrement
                0x80003134                bMapGXArrIncrementReturn
                0x80003138                bMapGXChSplit
                0x80003144                bMapGXChSplitReturn
                0x80003148                bWinLogArrInject
                0x80003154                bWinLogArrInjectReturn
                0x80003158                bWinLogArrIncrement
                0x80003160                bWinLogArrIncrementReturn
                0x80003164                bChapterClearCheck
                0x800031ac                bJohoyaSeqAddition
                0x800031e4                bPrintPartyAddErrorFix
                0x80003220                bPrintPartyAddErrorFixReturn
                0x80003224                bPrintPartyErrorFix
                0x80003260                bPrintPartyErrorFixReturn
                0x80003264                bKururingFloorCapture
                0x8000326c                bKururingFloorCaptureReturn
                0x80003270                bKururingFloorRelease
                0x80003278                bKururingFloorReleaseReturn
                0x8000327c                bPowerupblkCapture
                0x80003294                bPowerupblkCaptureReturn
                0x80003298                bPowerupblkRelease
                0x800032a0                bPowerupblkReleaseReturn
                0x800032a4                win_log_mapGX_arr
 *(.text.*)
 *fill*         0x80003360        0x0 00000000
 .text._ZZN3mod3owr3OWR4InitEvENUliE_4_FUNEi
                0x80003360      0x1cc OWR.o
 .text._ZZN3mod3owr3OWR4InitEvENUlPKcE_4_FUNES3_
                0x8000352c      0x2ec OWR.o
 .text._ZN3mod3owr3OWRC2Ev
                0x80003818        0x4 OWR.o
                0x80003818                _ZN3mod3owr3OWRC1Ev
                0x80003818                _ZN3mod3owr3OWRC2Ev
 .text._ZN3mod3owr3OWR12SequenceInitEv
                0x8000381c       0xfc OWR.o
                0x8000381c                _ZN3mod3owr3OWR12SequenceInitEv
 .text._ZN3mod3owr3OWR4InitEv
                0x80003918      0x138 OWR.o
                0x80003918                _ZN3mod3owr3OWR4InitEv
 .text._ZN3mod3owr3OWR6UpdateEv
                0x80003a50       0x90 OWR.o
                0x80003a50                _ZN3mod3owr3OWR6UpdateEv
 .text._ZN3mod3owr3OWR4DrawEv
                0x80003ae0        0x4 OWR.o
                0x80003ae0                _ZN3mod3owr3OWR4DrawEv
 .text._ZN3mod3owr3OWR14OnModuleLoadedEPN2gc6OSLink12OSModuleInfoE
                0x80003ae4       0xd4 OWR.o
                0x80003ae4                _ZN3mod3owr3OWR14OnModuleLoadedEPN2gc6OSLink12OSModuleInfoE
 .text._ZZN3mod3owr3OWR4InitEvENUlPN2gc6OSLink12OSModuleInfoEPvE_4_FUNES5_S6_
                0x80003bb8       0x84 OWR.o
 .text._ZN3mod3owr3OWR10DrawStringEPKcffjf
                0x80003c3c       0xfc OWR.o
                0x80003c3c                _ZN3mod3owr3OWR10DrawStringEPKcffjf
 .text.startup._GLOBAL__sub_I__Z13strcpy_StringPcPKc
                0x80003d38       0x14 OWR.o
 .text._ZN3mod3owr12StateManagerC2Ev
                0x80003d4c       0x48 StateManager.o
                0x80003d4c                _ZN3mod3owr12StateManagerC2Ev
                0x80003d4c                _ZN3mod3owr12StateManagerC1Ev
 .text._ZN3modL13mod_if_func22Ev
                0x80003d94       0x54 con_mario.o
 .text.startup._GLOBAL__sub_I__ZN3mod13mario_set_posE
                0x80003de8       0x88 con_mario.o
 .text._ZN3modL13mod_if_func46Ev
                0x80003e70      0x19c con_perf.o
 .text._ZN3modL13mod_if_func29Ev
                0x8000400c       0xbc con_perf.o
 .text.startup._GLOBAL__sub_I__ZN3mod15perf_fake_spikeE
                0x800040c8       0xd4 con_perf.o
 .text._ZZN3modL13mod_if_func16EvENUlPN4ttyd6seqdrv7SeqInfoEE_4_FUNES3_
                0x8000419c       0x44 con_seq.o
 .text._ZN3modL13mod_if_func16Ev
                0x800041e0       0x74 con_seq.o
 .text.startup._GLOBAL__sub_I__ZN3mod13seq_logo_skipE
                0x80004254       0x8c con_seq.o
 .text._ZN3mod13ConsoleSystem4initEv
                0x800042e0       0x38 console.o
                0x800042e0                _ZN3mod13ConsoleSystem4initEv
 .text._ZN3mod13ConsoleSystem8logColorEPKcN2gc6color4E
                0x80004318      0x2a8 console.o
                0x80004318                _ZN3mod13ConsoleSystem8logColorEPKcN2gc6color4E
 .text._ZN3mod13ConsoleSystem7logInfoEPKcz
                0x800045c0       0xb8 console.o
                0x800045c0                _ZN3mod13ConsoleSystem7logInfoEPKcz
 .text._ZN3mod7CC_findEPKc
                0x80004678      0x12c console.o
                0x80004678                _ZN3mod7CC_findEPKc
 .text._ZN3mod13ConsoleSystem10logWarningEPKcz
                0x800047a4       0xbc console.o
                0x800047a4                _ZN3mod13ConsoleSystem10logWarningEPKcz
 .text._ZN3mod13ConsoleSystem8logErrorEPKcz
                0x80004860       0xbc console.o
                0x80004860                _ZN3mod13ConsoleSystem8logErrorEPKcz
 .text._ZN3mod13ConsoleSystem7overlayEPKcz
                0x8000491c       0xd0 console.o
                0x8000491c                _ZN3mod13ConsoleSystem7overlayEPKcz
 .text._ZN3mod13ConsoleSystem8drawLineEiPKcN2gc6color4E
                0x800049ec      0x15c console.o
                0x800049ec                _ZN3mod13ConsoleSystem8drawLineEiPKcN2gc6color4E
 .text._ZN3mod13ConsoleSystem14processCommandEPKc
                0x80004b48      0x288 console.o
                0x80004b48                _ZN3mod13ConsoleSystem14processCommandEPKc
 .text._ZN3mod13ConsoleSystem12updatePromptEv
                0x80004dd0      0x974 console.o
                0x80004dd0                _ZN3mod13ConsoleSystem12updatePromptEv
 .text._ZN3mod13ConsoleSystem14updateUsbGeckoEv.part.0
                0x80005744      0x19c console.o
 .text._ZN3mod13ConsoleSystem6updateEv
                0x800058e0       0x70 console.o
                0x800058e0                _ZN3mod13ConsoleSystem6updateEv
 .text._ZN3mod13ConsoleSystem4dispEv
                0x80005950      0x5f0 console.o
                0x80005950                _ZN3mod13ConsoleSystem4dispEv
 .text._ZZN3mod13ConsoleSystem6updateEvENUlN4ttyd7dispdrv8CameraIdEPvE_4_FUNES3_S4_
                0x80005f40        0x8 console.o
 .text.startup._GLOBAL__sub_I__ZN3mod10ConCommand6sFirstE
                0x80005f48      0x1ac console.o
 .text._Znwj    0x800060f4        0xc cxx.o
                0x800060f4                _Znwj
 .text._Znaj    0x80006100        0xc cxx.o
                0x80006100                _Znaj
 .text._ZdaPv   0x8000610c        0xc cxx.o
                0x8000610c                _ZdaPv
 .text._Z10checkHeapsv
                0x80006118      0x560 errorHandling.o
                0x80006118                _Z10checkHeapsv
 .text._Z17drawErrorMessagesv
                0x80006678      0x234 errorHandling.o
                0x80006678                _Z17drawErrorMessagesv
 .text._Z25checkForNpcNameToPtrErrorPKc
                0x800068ac       0x90 errorHandling.o
                0x800068ac                _Z25checkForNpcNameToPtrErrorPKc
 .text._Z24preventAnimPoseMainCrashi
                0x8000693c       0x54 errorHandling.o
                0x8000693c                _Z24preventAnimPoseMainCrashi
 .text.startup._GLOBAL__sub_I_npcNameToPtrErrorInfo
                0x80006990       0x1c errorHandling.o
 .text.exit._GLOBAL__sub_D_npcNameToPtrErrorInfo
                0x800069ac       0x14 errorHandling.o
 .text._ZL22fixPouchInitMemoryLeakij
                0x800069c0       0x60 gamePatches.o
 .text._ZL12autoMashTextN2gc3pad5PadIdE
                0x80006a20       0x54 gamePatches.o
 .text._ZL14fixMapProblemsv
                0x80006a74      0x12c gamePatches.o
 .text.cFixBlooperCrash1
                0x80006ba0       0x4c gamePatches.o
                0x80006ba0                cFixBlooperCrash1
 .text._Z14applyGameFixesv
                0x80006bec       0x68 gamePatches.o
                0x80006bec                _Z14applyGameFixesv
 .text._Z23applyVariousGamePatchesv
                0x80006c54       0xdc gamePatches.o
                0x80006c54                _Z23applyVariousGamePatchesv
 .text._ZN3mod8KeyboardC2Ei
                0x80006d30       0x84 keyboard.o
                0x80006d30                _ZN3mod8KeyboardC2Ei
                0x80006d30                _ZN3mod8KeyboardC1Ei
 .text._ZN3mod8Keyboard6updateEv
                0x80006db4      0x59c keyboard.o
                0x80006db4                _ZN3mod8Keyboard6updateEv
 .text._ZZN3mod3Mod4initEvENUlvE0_4_FUNEv
                0x80007350        0x4 mod.o
 .text._ZZN3mod3Mod11updateEarlyEvENUlN4ttyd7dispdrv8CameraIdEPvE_4_FUNES3_S4_
                0x80007354       0x30 mod.o
 .text._ZZN3mod3Mod4initEvENUlvE_4_FUNEv
                0x80007384       0x98 mod.o
 .text._ZN3mod3ModC2Ev
                0x8000741c       0xa0 mod.o
                0x8000741c                _ZN3mod3ModC2Ev
                0x8000741c                _ZN3mod3ModC1Ev
 .text._ZN3mod3Mod4initEv
                0x800074bc      0x194 mod.o
                0x800074bc                _ZN3mod3Mod4initEv
 .text.startup._ZN3mod4mainEv
                0x80007650       0x38 mod.o
                0x80007650                _ZN3mod4mainEv
 .text._ZN3mod5patch17clear_DC_IC_CacheEPvj
                0x80007688       0x40 patch.o
                0x80007688                _ZN3mod5patch17clear_DC_IC_CacheEPvj
 .text._ZN3mod5patch11writeBranchEPvS1_
                0x800076c8       0x4c patch.o
                0x800076c8                _ZN3mod5patch11writeBranchEPvS1_
 .text._ZN3mod5patch14writeEvtBranchEPiPKib
                0x80007714       0x1c patch.o
                0x80007714                _ZN3mod5patch14writeEvtBranchEPiPKib
 .text._ZN3mod5patch13writeBranchBLEPvS1_
                0x80007730       0x50 patch.o
                0x80007730                _ZN3mod5patch13writeBranchBLEPvS1_
 .text._ZN3mod5patch10writePatchEPvPKvj
                0x80007780       0x7c patch.o
                0x80007780                _ZN3mod5patch10writePatchEPvPKvj
 .text._ZN3mod5patch10writePatchEPvj
                0x800077fc       0x6c patch.o
                0x800077fc                _ZN3mod5patch10writePatchEPvj
 .text._ZN3mod5patch15writeBranchPairEPvS1_S1_
                0x80007868       0x80 patch.o
                0x80007868                _ZN3mod5patch15writeBranchPairEPvS1_S1_
 .text.snprintf
                0x800078e8       0xe4 printf.o
                0x800078e8                snprintf
 .text._prolog  0x800079cc       0xac rel.o
                0x800079cc                _prolog
 .text._epilog  0x80007a78       0xac rel.o
                0x80007a78                _epilog
 .text._unresolved
                0x80007b24        0x4 rel.o
                0x80007b24                _unresolved
 .text._ZN3mod7ugProbeEi
                0x80007b28      0x110 ug.o
                0x80007b28                _ZN3mod7ugProbeEi
 .text._ZN3mod6ugSendEiPKvi
                0x80007c38      0x12c ug.o
                0x80007c38                _ZN3mod6ugSendEiPKvi
 .text._ZN3mod6ugRecvEiPvi
                0x80007d64      0x124 ug.o
                0x80007d64                _ZN3mod6ugRecvEiPvi
 .text.strstr   0x80007e88       0xf0 util.o
                0x80007e88                strstr
 .text._ZN3mod4util26checkButtonComboEveryFrameEj
                0x80007f78       0x40 util.o
                0x80007f78                _ZN3mod4util26checkButtonComboEveryFrameEj
 .text._ZN3mod4util10ptrIsValidEPv
                0x80007fb8       0x30 util.o
                0x80007fb8                _ZN3mod4util10ptrIsValidEPv
 .text._ZN3mod4util10intToFloatEi
                0x80007fe8       0x30 util.o
                0x80007fe8                _ZN3mod4util10intToFloatEi
 .text._ZN3mod4util25getTextMultilineIncrementEPKcfj
                0x80008018       0x58 util.o
                0x80008018                _ZN3mod4util25getTextMultilineIncrementEPKcfj
 .text._Z15ApplyAaaPatchesPN2gc6OSLink12OSModuleInfoE
                0x80008070       0x50 aaa.o
                0x80008070                _Z15ApplyAaaPatchesPN2gc6OSLink12OSModuleInfoE
 .text._Z15ApplyAjiPatchesPN2gc6OSLink12OSModuleInfoE
                0x800080c0      0x8f4 aji.o
                0x800080c0                _Z15ApplyAjiPatchesPN2gc6OSLink12OSModuleInfoE
 .text._Z15ApplyBomPatchesPN2gc6OSLink12OSModuleInfoE
                0x800089b4      0x340 bom.o
                0x800089b4                _Z15ApplyBomPatchesPN2gc6OSLink12OSModuleInfoE
 .text._Z15ApplyDouPatchesPN2gc6OSLink12OSModuleInfoE
                0x80008cf4      0x310 dou.o
                0x80008cf4                _Z15ApplyDouPatchesPN2gc6OSLink12OSModuleInfoE
 .text._Z15ApplyEkiPatchesPN2gc6OSLink12OSModuleInfoE
                0x80009004      0x280 eki.o
                0x80009004                _Z15ApplyEkiPatchesPN2gc6OSLink12OSModuleInfoE
 .text._Z15ApplyEndPatchesPN2gc6OSLink12OSModuleInfoE
                0x80009284       0x30 end.o
                0x80009284                _Z15ApplyEndPatchesPN2gc6OSLink12OSModuleInfoE
 .text._Z15ApplyGonPatchesPN2gc6OSLink12OSModuleInfoE
                0x800092b4      0x354 gon.o
                0x800092b4                _Z15ApplyGonPatchesPN2gc6OSLink12OSModuleInfoE
 .text._Z17ApplyGor00PatchesPN2gc6OSLink12OSModuleInfoE
                0x80009608      0x624 gor_00.o
                0x80009608                _Z17ApplyGor00PatchesPN2gc6OSLink12OSModuleInfoE
 .text.startup._GLOBAL__sub_I__Z17ApplyGor00PatchesPN2gc6OSLink12OSModuleInfoE
                0x80009c2c       0x14 gor_00.o
 .text._Z17ApplyGor01PatchesPN2gc6OSLink12OSModuleInfoE
                0x80009c40      0x43c gor_01.o
                0x80009c40                _Z17ApplyGor01PatchesPN2gc6OSLink12OSModuleInfoE
 .text._Z17ApplyGor02PatchesPN2gc6OSLink12OSModuleInfoE
                0x8000a07c      0x450 gor_02.o
                0x8000a07c                _Z17ApplyGor02PatchesPN2gc6OSLink12OSModuleInfoE
 .text._Z17ApplyGor03PatchesPN2gc6OSLink12OSModuleInfoE
                0x8000a4cc      0x4d8 gor_03.o
                0x8000a4cc                _Z17ApplyGor03PatchesPN2gc6OSLink12OSModuleInfoE
 .text._Z17ApplyGor04PatchesPN2gc6OSLink12OSModuleInfoE
                0x8000a9a4      0x17c gor_04.o
                0x8000a9a4                _Z17ApplyGor04PatchesPN2gc6OSLink12OSModuleInfoE
 .text._Z19ApplyGorMiscPatchesPN2gc6OSLink12OSModuleInfoE
                0x8000ab20      0x140 gor_misc.o
                0x8000ab20                _Z19ApplyGorMiscPatchesPN2gc6OSLink12OSModuleInfoE
 .text._Z15ApplyGraPatchesPN2gc6OSLink12OSModuleInfoE
                0x8000ac60      0x22c gra.o
                0x8000ac60                _Z15ApplyGraPatchesPN2gc6OSLink12OSModuleInfoE
 .text._Z15ApplyHeiPatchesPN2gc6OSLink12OSModuleInfoE
                0x8000ae8c      0x264 hei.o
                0x8000ae8c                _Z15ApplyHeiPatchesPN2gc6OSLink12OSModuleInfoE
 .text._Z15ApplyHomPatchesPN2gc6OSLink12OSModuleInfoE
                0x8000b0f0      0x140 hom.o
                0x8000b0f0                _Z15ApplyHomPatchesPN2gc6OSLink12OSModuleInfoE
 .text._Z15ApplyJinPatchesPN2gc6OSLink12OSModuleInfoE
                0x8000b230      0x324 jin.o
                0x8000b230                _Z15ApplyJinPatchesPN2gc6OSLink12OSModuleInfoE
 .text._Z15ApplyKpaPatchesPN2gc6OSLink12OSModuleInfoE
                0x8000b554       0xe4 kpa.o
                0x8000b554                _Z15ApplyKpaPatchesPN2gc6OSLink12OSModuleInfoE
 .text._Z24ApplyMainAssemblyPatchesv
                0x8000b638      0x56c main.o
                0x8000b638                _Z24ApplyMainAssemblyPatchesv
 .text._Z22ApplyMainScriptPatchesv
                0x8000bba4      0x1e8 main.o
                0x8000bba4                _Z22ApplyMainScriptPatchesv
 .text._Z25ApplyItemDataTablePatchesv
                0x8000bd8c      0x12c main.o
                0x8000bd8c                _Z25ApplyItemDataTablePatchesv
 .text._Z15ApplyMriPatchesPN2gc6OSLink12OSModuleInfoE
                0x8000beb8      0xc20 mri.o
                0x8000beb8                _Z15ApplyMriPatchesPN2gc6OSLink12OSModuleInfoE
 .text._Z15ApplyMujPatchesPN2gc6OSLink12OSModuleInfoE
                0x8000cad8      0x9fc muj.o
                0x8000cad8                _Z15ApplyMujPatchesPN2gc6OSLink12OSModuleInfoE
 .text._Z15ApplyNokPatchesPN2gc6OSLink12OSModuleInfoE
                0x8000d4d4      0x390 nok.o
                0x8000d4d4                _Z15ApplyNokPatchesPN2gc6OSLink12OSModuleInfoE
 .text._Z15ApplyPikPatchesPN2gc6OSLink12OSModuleInfoE
                0x8000d864      0x54c pik.o
                0x8000d864                _Z15ApplyPikPatchesPN2gc6OSLink12OSModuleInfoE
 .text._Z15ApplyRshPatchesPN2gc6OSLink12OSModuleInfoE
                0x8000ddb0      0xf00 rsh.o
                0x8000ddb0                _Z15ApplyRshPatchesPN2gc6OSLink12OSModuleInfoE
 .text._Z18checkChapterClearsPN4ttyd6evtmgr8EvtEntryEb
                0x8000ecb0       0x8c tik.o
                0x8000ecb0                _Z18checkChapterClearsPN4ttyd6evtmgr8EvtEntryEb
 .text._Z15ApplyTikPatchesPN2gc6OSLink12OSModuleInfoE
                0x8000ed3c      0x5c0 tik.o
                0x8000ed3c                _Z15ApplyTikPatchesPN2gc6OSLink12OSModuleInfoE
 .text._Z15ApplyTouPatchesPN2gc6OSLink12OSModuleInfoE
                0x8000f2fc     0x1118 tou.o
                0x8000f2fc                _Z15ApplyTouPatchesPN2gc6OSLink12OSModuleInfoE
 .text._Z16ApplyTou2PatchesPN2gc6OSLink12OSModuleInfoE
                0x80010414      0x384 tou2.o
                0x80010414                _Z16ApplyTou2PatchesPN2gc6OSLink12OSModuleInfoE
 .text._Z15ApplyUsuPatchesPN2gc6OSLink12OSModuleInfoE
                0x80010798      0x8ec usu.o
                0x80010798                _Z15ApplyUsuPatchesPN2gc6OSLink12OSModuleInfoE
 .text._Z15ApplyWinPatchesPN2gc6OSLink12OSModuleInfoE
                0x80011084      0x338 win.o
                0x80011084                _Z15ApplyWinPatchesPN2gc6OSLink12OSModuleInfoE
 .text.__divdi3
                0x800113bc      0x3ec C:/devkitPro/devkitPPC/bin/../lib/gcc/powerpc-eabi/13.1.0\libgcc.a(_divdi3.o)
                0x800113bc                __divdi3
 *(.gnu.warning)
 *(.gnu.linkonce.t.*)
                0x800117c0                        . = ALIGN (0x20)
 *fill*         0x800117a8       0x18 00000000

.text._ZN3mod13mario_set_posMUlPKcE_4_FUNES2_
                0x00000000       0x6c
 .text._ZN3mod13mario_set_posMUlPKcE_4_FUNES2_
                0x00000000       0x6c con_mario.o
                0x00000000                _ZN3mod13mario_set_posMUlPKcE_4_FUNES2_
                0x00000000                _ZN3mod13mario_set_posMUlPKcE_4_FUNES1_

.text._ZN3mod15perf_fake_spikeMUlPKcE_4_FUNES2_
                0x00000000       0xa8
 .text._ZN3mod15perf_fake_spikeMUlPKcE_4_FUNES2_
                0x00000000       0xa8 con_perf.o
                0x00000000                _ZN3mod15perf_fake_spikeMUlPKcE_4_FUNES1_
                0x00000000                _ZN3mod15perf_fake_spikeMUlPKcE_4_FUNES2_

.text._ZN3mod14seq_change_mapMUlPKcE_4_FUNES2_
                0x00000000       0xf0
 .text._ZN3mod14seq_change_mapMUlPKcE_4_FUNES2_
                0x00000000       0xf0 con_seq.o
                0x00000000                _ZN3mod14seq_change_mapMUlPKcE_4_FUNES2_
                0x00000000                _ZN3mod14seq_change_mapMUlPKcE_4_FUNES1_

.text._ZN3mod8con_monoMUlPNS_9ConIntVarEiE_4_FUNES2_i
                0x00000000       0x3c
 .text._ZN3mod8con_monoMUlPNS_9ConIntVarEiE_4_FUNES2_i
                0x00000000       0x3c console.o
                0x00000000                _ZN3mod8con_monoMUlPNS_9ConIntVarEiE_4_FUNES1_i
                0x00000000                _ZN3mod8con_monoMUlPNS_9ConIntVarEiE_4_FUNES2_i

.fini           0x0000003c        0x4
 *(.fini)
                0x00000040                        . = ALIGN (0x20)
 *fill*         0x0000003c        0x4 00000000
                [!provide]                        PROVIDE (__etext = .)
                [!provide]                        PROVIDE (_etext = .)
                [!provide]                        PROVIDE (etext = .)

.rodata         0x00000040     0xc601
 *(.rodata)
 *(.rodata.*)
 .rodata._ZZN3mod3owr3OWR4InitEvENUliE_4_FUNEi
                0x00000040       0xec OWR.o
 .rodata._ZZN3mod3owr3OWR4InitEvENUlPKcE_4_FUNES3_.str1.4
                0x0000012c      0x1d5 OWR.o
 *fill*         0x00000301        0x3 
 .rodata._ZN3mod3owr3OWR8AAAToGOREv.str1.4
                0x00000304        0x7 OWR.o
 *fill*         0x0000030b        0x1 
 .rodata._ZN3mod3owr3OWR14OnModuleLoadedEPN2gc6OSLink12OSModuleInfoE
                0x0000030c       0x74 OWR.o
 .rodata.cst4   0x00000380        0x4 OWR.o
 .rodata._ZN3mod13mario_set_posMUlPKcE_4_FUNES2_.str1.4
                0x00000384        0x9 con_mario.o
 *fill*         0x0000038d        0x3 
 .rodata._ZN3modL13mod_if_func22Ev.str1.4
                0x00000390       0x20 con_mario.o
 .rodata._GLOBAL__sub_I__ZN3mod13mario_set_posE.str1.4
                0x000003b0       0x1f con_mario.o
 *fill*         0x000003cf        0x1 
 .rodata._ZN3modL13mod_if_func46Ev.str1.4
                0x000003d0       0x5e con_perf.o
 *fill*         0x0000042e        0x2 
 .rodata._ZN3mod15perf_fake_spikeMUlPKcE_4_FUNES2_.str1.4
                0x00000430        0x4 con_perf.o
 .rodata._ZN3modL13mod_if_func29Ev.str1.4
                0x00000434       0x1c con_perf.o
 .rodata._GLOBAL__sub_I__ZN3mod15perf_fake_spikeE.str1.4
                0x00000450       0x2b con_perf.o
 *fill*         0x0000047b        0x1 
 .rodata.cst4   0x0000047c       0x14 con_perf.o
 .rodata._ZN3mod14seq_change_mapMUlPKcE_4_FUNES2_.str1.4
                0x00000490       0x20 con_seq.o
 .rodata._GLOBAL__sub_I__ZN3mod13seq_logo_skipE.str1.4
                0x000004b0       0x1f con_seq.o
 *fill*         0x000004cf        0x1 
 .rodata._ZN3mod13ConsoleSystem8logColorEPKcN2gc6color4E.str1.4
                0x000004d0       0x83 console.o
 *fill*         0x00000553        0x1 
 .rodata._ZN3mod7CC_findEPKc.str1.4
                0x00000554       0x21 console.o
 *fill*         0x00000575        0x3 
 .rodata._ZN3mod13ConsoleSystem14processCommandEPKc.str1.4
                0x00000578       0x2e console.o
 *fill*         0x000005a6        0x2 
 .rodata._ZN3mod13ConsoleSystem12updatePromptEv
                0x000005a8      0x6c0 console.o
 .rodata._ZN3mod13ConsoleSystem14updateUsbGeckoEv.part.0.str1.4
                0x00000c68       0x75 console.o
 *fill*         0x00000cdd        0x3 
 .rodata._ZN3mod13ConsoleSystem4dispEv.str1.4
                0x00000ce0       0x16 console.o
 *fill*         0x00000cf6        0x2 
 .rodata._GLOBAL__sub_I__ZN3mod10ConCommand6sFirstE.str1.4
                0x00000cf8       0x8d console.o
 .rodata._ZZN3mod13ConsoleSystem4dispEvE12kPromptColor
                0x00000d85        0x4 console.o
 *fill*         0x00000d89        0x3 
 .rodata.cst4   0x00000d8c        0x8 console.o
 .rodata._ZN21NpcNameToPtrErrorInfo16drawErrorMessageEv.str1.4
                0x00000d94       0x1f errorHandling.o
 *fill*         0x00000db3        0x1 
 .rodata._ZN21AnimPoseMainErrorInfo16drawErrorMessageEv.str1.4
                0x00000db4       0x1f errorHandling.o
 *fill*         0x00000dd3        0x1 
 .rodata._Z10checkHeapsv.str1.4
                0x00000dd4       0x88 errorHandling.o
 .rodata.cst4   0x00000e5c       0x10 errorHandling.o
 .rodata._ZL14fixMapProblemsv.str1.4
                0x00000e6c       0x23 gamePatches.o
 *fill*         0x00000e8f        0x1 
 .rodata.cst4   0x00000e90        0x4 mod.o
 .rodata.cst4   0x00000e94        0x8 util.o
 .rodata._ZL20aji_17_init_evt_hook
                0x00000e9c       0x10 aji.o
 .rodata._ZL19aji_17_init_evt_evt
                0x00000eac       0x4c aji.o
 .rodata._ZL20aji_10_init_evt_hook
                0x00000ef8       0x10 aji.o
 .rodata.str1.4
                0x00000f08       0x43 aji.o
 *fill*         0x00000f4b        0x1 
 .rodata._ZL19aji_10_init_evt_evt
                0x00000f4c      0x284 aji.o
 .rodata._ZL18teshita3_init_hook
                0x000011d0       0x10 aji.o
 .rodata._ZL17teshita3_init_evt
                0x000011e0       0xc0 aji.o
 .rodata._ZL18teshita2_init_hook
                0x000012a0       0x10 aji.o
 .rodata._ZL17teshita2_init_evt
                0x000012b0       0xc0 aji.o
 .rodata._ZL20peach_evt_ele_2_hook
                0x00001370       0x24 aji.o
 .rodata._ZL19peach_evt_ele_2_evt
                0x00001394       0x6c aji.o
 .rodata._ZL20aji_00_init_evt_hook
                0x00001400       0x10 aji.o
 .rodata._ZL19aji_00_init_evt_evt
                0x00001410       0x5c aji.o
 .rodata._ZL4npc4
                0x0000146c       0x13 aji.o
 *fill*         0x0000147f        0x1 
 .rodata._ZL4npc3
                0x00001480        0x7 aji.o
 *fill*         0x00001487        0x1 
 .rodata._ZL4npc2
                0x00001488        0xf aji.o
 *fill*         0x00001497        0x1 
 .rodata._ZL4npc1
                0x00001498        0x7 aji.o
 *fill*         0x0000149f        0x1 
 .rodata._ZL12evt_elv_hook
                0x000014a0       0x28 eki.o
 .rodata.str1.4
                0x000014c8       0x30 eki.o
 .rodata._ZL11evt_elv_evt
                0x000014f8      0x104 eki.o
 .rodata._ZL21gor_00_init_evt2_hook
                0x000015fc       0x10 gor_00.o
 .rodata._ZL21gor_00_init_evt1_hook
                0x0000160c       0x10 gor_00.o
 .rodata.str1.4
                0x0000161c      0x2ce gor_00.o
 *fill*         0x000018ea        0x2 
 .rodata._ZL16gor_00_init_evt1
                0x000018ec      0x1f8 gor_00.o
 .rodata._ZL18korutesu_init_hook
                0x00001ae4       0x10 gor_00.o
 .rodata._ZL17korutesu_init_evt
                0x00001af4       0x58 gor_00.o
 .rodata._ZL20suifubomb_b_talk_evt
                0x00001b4c       0xd4 gor_00.o
 .rodata._ZL21suifubomb_b_regl_hook
                0x00001c20       0x10 gor_00.o
 .rodata._ZL20suifubomb_b_regl_evt
                0x00001c30      0x120 gor_00.o
 .rodata._ZL20suifubomb_a_talk_evt
                0x00001d50      0x150 gor_00.o
 .rodata._ZL21suifubomb_a_regl_hook
                0x00001ea0       0x10 gor_00.o
 .rodata._ZL20suifubomb_a_regl_evt
                0x00001eb0       0x90 gor_00.o
 .rodata._ZL21suifubomb_a_init_hook
                0x00001f40       0x10 gor_00.o
 .rodata._ZL20suifubomb_a_init_evt
                0x00001f50       0xc8 gor_00.o
 .rodata._ZL16suifu_b_talk_evt
                0x00002018       0xd4 gor_00.o
 .rodata._ZL20luigi_npcEnt_00_hook
                0x000020ec       0x10 gor_00.o
 .rodata._ZL19luigi_npcEnt_00_evt
                0x000020fc       0x80 gor_00.o
 .rodata._ZL18luigi_init_00_hook
                0x0000217c       0x10 gor_00.o
 .rodata._ZL17luigi_init_00_evt
                0x0000218c       0x50 gor_00.o
 .rodata._ZL16mokorim_init_evt
                0x000021dc       0x30 gor_00.o
 .rodata._ZL17suifu_b_init_hook
                0x0000220c       0x10 gor_00.o
 .rodata._ZL16suifu_b_init_evt
                0x0000221c       0xc8 gor_00.o
 .rodata._ZL17suifu_a_regl_hook
                0x000022e4       0x10 gor_00.o
 .rodata._ZL16suifu_a_regl_evt
                0x000022f4       0x80 gor_00.o
 .rodata._ZL16suifu_a_talk_evt
                0x00002374       0xd4 gor_00.o
 .rodata._ZL19odoodo_ani_talk_evt
                0x00002448       0x20 gor_00.o
 .rodata._ZL15odoodo_talk_evt
                0x00002468      0x128 gor_00.o
 .rodata._ZL16odoodo_regl_hook
                0x00002590       0x10 gor_00.o
 .rodata._ZL15odoodo_regl_evt
                0x000025a0       0x94 gor_00.o
 .rodata._ZL15odoodo_init_evt
                0x00002634      0x114 gor_00.o
 .rodata._ZL17garawaru_talk_evt
                0x00002748       0xb8 gor_00.o
 .rodata._ZL18garawaru_regl_hook
                0x00002800       0x10 gor_00.o
 .rodata._ZL17garawaru_regl_evt
                0x00002810      0x120 gor_00.o
 .rodata._ZL18garawaru_init_hook
                0x00002930       0x10 gor_00.o
 .rodata._ZL17garawaru_init_evt
                0x00002940      0x140 gor_00.o
 .rodata._ZL7npcEnt2
                0x00002a80        0x9 gor_00.o
 *fill*         0x00002a89        0x3 
 .rodata._ZL6npcEnt
                0x00002a8c        0x9 gor_00.o
 *fill*         0x00002a95        0x3 
 .rodata.str1.4
                0x00002a98       0xb2 gor_01.o
 *fill*         0x00002b4a        0x2 
 .rodata._ZL15bomhei_talk_evt
                0x00002b4c       0x20 gor_01.o
 .rodata._ZL16chusan2_talk_evt
                0x00002b6c       0x20 gor_01.o
 .rodata._ZL16chusan1_talk_evt
                0x00002b8c       0x20 gor_01.o
 .rodata._ZL16kuribo3_talk_evt
                0x00002bac       0x20 gor_01.o
 .rodata._ZL16kuribo2_talk_evt
                0x00002bcc       0x20 gor_01.o
 .rodata._ZL16kuribo1_talk_evt
                0x00002bec       0x20 gor_01.o
 .rodata._ZL15roten2_talk_evt
                0x00002c0c       0x20 gor_01.o
 .rodata._ZL15roten1_talk_evt
                0x00002c2c       0x20 gor_01.o
 .rodata._ZL19shoptender_talk_evt
                0x00002c4c       0x20 gor_01.o
 .rodata._ZL15kinoji_talk_evt
                0x00002c6c       0x20 gor_01.o
 .rodata._ZL19bottakuru_init_hook
                0x00002c8c       0x10 gor_01.o
 .rodata._ZL18bottakuru_init_evt
                0x00002c9c       0x70 gor_01.o
 .rodata._ZL18marco_init_01_hook
                0x00002d0c       0x10 gor_01.o
 .rodata._ZL17marco_init_01_evt
                0x00002d1c       0x40 gor_01.o
 .rodata._ZL20badgemaster_talk_evt
                0x00002d5c       0x20 gor_01.o
 .rodata._ZL15luigi_init_hook
                0x00002d7c        0xc gor_02.o
 .rodata.str1.4
                0x00002d88      0x276 gor_02.o
 *fill*         0x00002ffe        0x2 
 .rodata._ZL14luigi_init_evt
                0x00003000       0x4c gor_02.o
 .rodata._ZL20tozokudan2_talk_hook
                0x0000304c        0xc gor_02.o
 .rodata._ZL19tozokudan2_talk_evt
                0x00003058      0x160 gor_02.o
 .rodata._ZL20tozokudan1_talk_hook
                0x000031b8        0xc gor_02.o
 .rodata._ZL19tozokudan1_talk_evt
                0x000031c4      0x160 gor_02.o
 .rodata._ZL20kurihakase_init_hook
                0x00003324       0x10 gor_02.o
 .rodata._ZL19kurihakase_init_evt
                0x00003334      0x294 gor_02.o
 .rodata._ZL19kurihakase_talk_evt
                0x000035c8      0x2cc gor_02.o
 .rodata._ZL22evt_door_02_open_hook2
                0x00003894       0x10 gor_02.o
 .rodata._ZL21evt_door_02_open_evt2
                0x000038a4       0xc4 gor_02.o
 .rodata._ZL21evt_door_02_open_hook
                0x00003968       0x10 gor_02.o
 .rodata._ZL20evt_door_02_open_evt
                0x00003978      0x188 gor_02.o
 .rodata._ZL21gor_02_init_evt2_hook
                0x00003b00       0x10 gor_02.o
 .rodata._ZL16gor_02_init_evt2
                0x00003b10       0xcc gor_02.o
 .rodata._ZL21gor_02_init_evt1_hook
                0x00003bdc       0x10 gor_02.o
 .rodata._ZL16gor_02_init_evt1
                0x00003bec      0x138 gor_02.o
 .rodata._ZL16borodo2_talk_evt
                0x00003d24       0x20 gor_02.o
 .rodata._ZL16borodo1_talk_evt
                0x00003d44       0x20 gor_02.o
 .rodata._ZL15roten3_talk_evt
                0x00003d64       0x20 gor_02.o
 .rodata._ZL16chusan3_talk_evt
                0x00003d84       0x20 gor_02.o
 .rodata._ZL16kuribo4_talk_evt
                0x00003da4       0x20 gor_02.o
 .rodata._ZL20gor_03_init_evt_hook
                0x00003dc4       0x10 gor_03.o
 .rodata.str1.4
                0x00003dd4      0x129 gor_03.o
 *fill*         0x00003efd        0x3 
 .rodata._ZL19gor_03_init_evt_evt
                0x00003f00      0x160 gor_03.o
 .rodata._ZL16maffia3_talk_evt
                0x00004060       0x20 gor_03.o
 .rodata._ZL16maffia2_talk_evt
                0x00004080      0x140 gor_03.o
 .rodata._ZL16maffia1_talk_evt
                0x000041c0      0x140 gor_03.o
 .rodata._ZL26maffiaboss_casino_talk_evt
                0x00004300       0x20 gor_03.o
 .rodata._ZL26maffiaboss_talk_common_evt
                0x00004320      0x120 gor_03.o
 .rodata.str1.4
                0x00004440        0x7 gor_misc.o
 *fill*         0x00004447        0x1 
 .rodata._ZL9party_evt
                0x00004448       0x9c gor_misc.o
 .rodata._ZL9goombella
                0x000044e4        0x9 gor_misc.o
 *fill*         0x000044ed        0x3 
 .rodata.str1.4
                0x000044f0       0x18 gra.o
 .rodata._ZL17evt_machibuse_evt
                0x00004508       0x4c gra.o
 .rodata._ZL8doopliss
                0x00004554        0xb gra.o
 *fill*         0x0000455f        0x1 
 .rodata.str1.4
                0x00004560        0x7 hei.o
 *fill*         0x00004567        0x1 
 .rodata._ZL9party_evt
                0x00004568       0x80 hei.o
 .rodata._ZL5koops
                0x000045e8        0xb hei.o
 *fill*         0x000045f3        0x1 
 .rodata._Z25ApplyItemDataTablePatchesv.str1.4
                0x000045f4       0xad main.o
 *fill*         0x000046a1        0x3 
 .rodata._ZL20mri_09_init_evt_hook
                0x000046a4       0x10 mri.o
 .rodata.str1.4
                0x000046b4      0x19f mri.o
 *fill*         0x00004853        0x1 
 .rodata._ZL19mri_09_init_evt_evt
                0x00004854      0x14c mri.o
 .rodata._ZL20mri_04_init_evt_hook
                0x000049a0       0x10 mri.o
 .rodata._ZL19mri_04_init_evt_evt
                0x000049b0       0x30 mri.o
 .rodata._ZL16bero_custom_hook
                0x000049e0       0x10 mri.o
 .rodata._ZL15bero_custom_evt
                0x000049f0       0x44 mri.o
 .rodata._ZL21mri_01_init_evt_hook2
                0x00004a34       0x10 mri.o
 .rodata._ZL19mri_01_init_evt_evt
                0x00004a44       0x30 mri.o
 .rodata._ZL18puniinfo_talk_hook
                0x00004a74       0x10 mri.o
 .rodata._ZL20mri_03_init_evt_hook
                0x00004a84       0x14 mri.o
 .rodata._ZL22mri_03_init_evt_switch
                0x00004a98       0x9c mri.o
 .rodata._ZL20mri_01_init_evt_hook
                0x00004b34       0x14 mri.o
 .rodata._ZL22mri_01_init_evt_switch
                0x00004b48       0xb0 mri.o
 .rodata._ZL23mri_sister_init_01_hook
                0x00004bf8       0x10 mri.o
 .rodata._ZL22mri_sister_init_01_evt
                0x00004c08       0xa8 mri.o
 .rodata._ZL16puni_2_init_hook
                0x00004cb0       0x10 mri.o
 .rodata._ZL15puni_2_init_evt
                0x00004cc0       0x78 mri.o
 .rodata._ZL16puni_1_talk_hook
                0x00004d38       0x10 mri.o
 .rodata._ZL15puni_1_talk_evt
                0x00004d48       0xb0 mri.o
 .rodata._ZL16puni_1_init_hook
                0x00004df8       0x10 mri.o
 .rodata._ZL15puni_1_init_evt
                0x00004e08       0x78 mri.o
 .rodata._ZL15elder_talk_hook
                0x00004e80       0x10 mri.o
 .rodata._ZL14elder_talk_evt
                0x00004e90       0xb8 mri.o
 .rodata._ZL22mri_elder_init_01_hook
                0x00004f48       0x10 mri.o
 .rodata._ZL21mri_elder_init_01_evt
                0x00004f58       0xcc mri.o
 .rodata._ZL22mri_rival_init_01_hook
                0x00005024       0x10 mri.o
 .rodata._ZL21mri_rival_init_01_evt
                0x00005034       0xa8 mri.o
 .rodata._ZL18guide_init_01_hook
                0x000050dc       0x10 mri.o
 .rodata._ZL17guide_init_01_evt
                0x000050ec       0x8c mri.o
 .rodata._ZL15guide_talk_hook
                0x00005178       0x10 mri.o
 .rodata._ZL14guide_talk_evt
                0x00005188       0x98 mri.o
 .rodata._ZL18guide_init_00_hook
                0x00005220       0x10 mri.o
 .rodata._ZL17guide_init_00_evt
                0x00005230      0x150 mri.o
 .rodata.str1.4
                0x00005380      0x3f8 muj.o
 .rodata._ZL9party_evt
                0x00005778       0xac muj.o
 .rodata._ZL17koburon_dead_hook
                0x00005824      0x158 muj.o
 .rodata._ZL16koburon_dead_evt
                0x0000597c      0x238 muj.o
 .rodata._ZL20muj_01_init_evt_hook
                0x00005bb4       0x14 muj.o
 .rodata._ZL19muj_01_init_evt_evt
                0x00005bc8       0x50 muj.o
 .rodata._ZL21borosuifu_b_talk_hook
                0x00005c18       0x10 muj.o
 .rodata._ZL20borosuifu_b_talk_evt
                0x00005c28       0xf8 muj.o
 .rodata._ZL21borosuifu_a_talk_hook
                0x00005d20       0x10 muj.o
 .rodata._ZL20borosuifu_a_talk_evt
                0x00005d30       0xf8 muj.o
 .rodata._ZL24suifu_d_talk_muj_01_hook
                0x00005e28       0x10 muj.o
 .rodata._ZL23suifu_d_talk_muj_01_evt
                0x00005e38       0xf8 muj.o
 .rodata._ZL20suifu_bomb_talk_hook
                0x00005f30       0x10 muj.o
 .rodata._ZL19suifu_bomb_talk_evt
                0x00005f40       0xf4 muj.o
 .rodata._ZL20suifu_bomb_init_hook
                0x00006034       0x10 muj.o
 .rodata._ZL19suifu_bomb_init_evt
                0x00006044       0x30 muj.o
 .rodata._ZL24suifu_a_talk_muj_01_hook
                0x00006074       0x10 muj.o
 .rodata._ZL23suifu_a_talk_muj_01_evt
                0x00006084       0xf4 muj.o
 .rodata._ZL24suifu_a_init_muj_01_hook
                0x00006178       0x10 muj.o
 .rodata._ZL23suifu_a_init_muj_01_evt
                0x00006188       0x30 muj.o
 .rodata._ZL23odoodo_init_muj_01_hook
                0x000061b8       0x10 muj.o
 .rodata._ZL22odoodo_init_muj_01_evt
                0x000061c8       0x30 muj.o
 .rodata._ZL23megane_init_muj_01_hook
                0x000061f8       0x10 muj.o
 .rodata._ZL22megane_init_muj_01_evt
                0x00006208       0x30 muj.o
 .rodata._ZL22marco_init_muj_01_hook
                0x00006238       0x10 muj.o
 .rodata._ZL21marco_init_muj_01_evt
                0x00006248       0xcc muj.o
 .rodata._ZL25garawaru_talk_muj_01_hook
                0x00006314       0x10 muj.o
 .rodata._ZL24garawaru_talk_muj_01_evt
                0x00006324      0x4b4 muj.o
 .rodata._ZL25garawaru_init_muj_01_hook
                0x000067d8       0x10 muj.o
 .rodata._ZL24garawaru_init_muj_01_evt
                0x000067e8      0x11c muj.o
 .rodata._ZL20muj_00_init_evt_hook
                0x00006904       0x44 muj.o
 .rodata._ZL21muj_00_init_evt_evt_2
                0x00006948       0x70 muj.o
 .rodata._ZL19muj_00_init_evt_evt
                0x000069b8       0x40 muj.o
 .rodata._ZL22peton_talk_muj_00_hook
                0x000069f8       0x10 muj.o
 .rodata._ZL21peton_talk_muj_00_evt
                0x00006a08       0x8c muj.o
 .rodata._ZL21mony_talk_muj_00_hook
                0x00006a94       0x10 muj.o
 .rodata._ZL20mony_talk_muj_00_evt
                0x00006aa4       0x8c muj.o
 .rodata._ZL17nokorin_talk_hook
                0x00006b30       0x10 nok.o
 .rodata.str1.4
                0x00006b40      0x4ee nok.o
 *fill*         0x0000702e        0x2 
 .rodata._ZL16nokorin_talk_evt
                0x00007030      0x2f4 nok.o
 .rodata._ZL19boss_noko_talk_hook
                0x00007324       0x10 nok.o
 .rodata._ZL18boss_noko_talk_evt
                0x00007334      0x164 nok.o
 .rodata._ZL20nokonoko_K_talk_hook
                0x00007498       0x10 nok.o
 .rodata._ZL19nokonoko_K_talk_evt
                0x000074a8       0xd4 nok.o
 .rodata._ZL18nokopapa_talk_hook
                0x0000757c       0x10 nok.o
 .rodata._ZL17nokopapa_talk_evt
                0x0000758c      0x128 nok.o
 .rodata._ZL16monban_talk_hook
                0x000076b4       0x10 nok.o
 .rodata._ZL15monban_talk_evt
                0x000076c4      0x11c nok.o
 .rodata._ZL20nokonoko_I_talk_hook
                0x000077e0       0x10 nok.o
 .rodata._ZL19nokonoko_I_talk_evt
                0x000077f0       0xd4 nok.o
 .rodata._ZL20nokonoko_H_talk_hook
                0x000078c4       0x10 nok.o
 .rodata._ZL19nokonoko_H_talk_evt
                0x000078d4       0xfc nok.o
 .rodata._ZL20nokonoko_G_talk_hook
                0x000079d0       0x10 nok.o
 .rodata._ZL19nokonoko_G_talk_evt
                0x000079e0       0xd4 nok.o
 .rodata._ZL15talk_white_hook
                0x00007ab4       0x10 nok.o
 .rodata._ZL14talk_white_evt
                0x00007ac4       0xa4 nok.o
 .rodata._ZL15init_white_hook
                0x00007b68       0x10 nok.o
 .rodata._ZL14init_white_evt
                0x00007b78       0x44 nok.o
 .rodata._ZL20nokonoko_F_talk_hook
                0x00007bbc       0x10 nok.o
 .rodata._ZL19nokonoko_F_talk_evt
                0x00007bcc       0xd4 nok.o
 .rodata._ZL20nokonoko_D_talk_hook
                0x00007ca0       0x10 nok.o
 .rodata._ZL19nokonoko_D_talk_evt
                0x00007cb0       0xfc nok.o
 .rodata._ZL20nokonoko_C_talk_hook
                0x00007dac       0x10 nok.o
 .rodata._ZL19nokonoko_C_talk_evt
                0x00007dbc       0xd4 nok.o
 .rodata._ZL20nokonoko_B_talk_hook
                0x00007e90       0x10 nok.o
 .rodata._ZL19nokonoko_B_talk_evt
                0x00007ea0       0xd4 nok.o
 .rodata._ZL20nokonoko_A_talk_hook
                0x00007f74       0x10 nok.o
 .rodata._ZL19nokonoko_A_talk_evt
                0x00007f84      0x10c nok.o
 .rodata._ZL32pik_talk_madam_ring_return_hook3
                0x00008090       0x10 pik.o
 .rodata.str1.4
                0x000080a0      0x16a pik.o
 *fill*         0x0000820a        0x2 
 .rodata._ZL20talk_madam_ring_item
                0x0000820c       0x8c pik.o
 .rodata._ZL14evt_daiza_hook
                0x00008298       0x1c pik.o
 .rodata._ZL13evt_daiza_evt
                0x000082b4       0x5c pik.o
 .rodata._ZL18pik_evt_powan_hook
                0x00008310       0x28 pik.o
 .rodata._ZL17pik_evt_powan_evt
                0x00008338       0x94 pik.o
 .rodata._ZL16takun6_talk_hook
                0x000083cc       0x10 pik.o
 .rodata._ZL15takun6_talk_evt
                0x000083dc       0x78 pik.o
 .rodata._ZL16takun5_talk_hook
                0x00008454       0x10 pik.o
 .rodata._ZL15takun5_talk_evt
                0x00008464       0x78 pik.o
 .rodata._ZL16takun4_talk_hook
                0x000084dc       0x10 pik.o
 .rodata._ZL15takun4_talk_evt
                0x000084ec       0xb4 pik.o
 .rodata._ZL18miyageya_talk_hook
                0x000085a0       0x28 pik.o
 .rodata._ZL17miyageya_talk_evt
                0x000085c8      0x114 pik.o
 .rodata._ZL7madame2
                0x000086dc        0x7 pik.o
 *fill*         0x000086e3        0x1 
 .rodata._ZL28talk_madam_ring_return_hook3
                0x000086e4       0x10 rsh.o
 .rodata.str1.4
                0x000086f4      0x1fd rsh.o
 *fill*         0x000088f1        0x3 
 .rodata._ZL20talk_madam_ring_item
                0x000088f4       0x8c rsh.o
 .rodata._ZL28talk_madam_ring_return_hook2
                0x00008980       0x10 rsh.o
 .rodata._ZL28talk_madam_ring_return_hook1
                0x00008990       0x10 rsh.o
 .rodata._ZL26talk_madam_ring_return_evt
                0x000089a0       0x78 rsh.o
 .rodata._ZL16init_konari_hook
                0x00008a18       0x10 rsh.o
 .rodata._ZL14init_papa_hook
                0x00008a28       0x10 rsh.o
 .rodata._ZL15init_konari_evt
                0x00008a38       0x9c rsh.o
 .rodata._ZL15init_powan_hook
                0x00008ad4       0x10 rsh.o
 .rodata._ZL14init_powan_evt
                0x00008ae4       0xec rsh.o
 .rodata._ZL19talk_waitless_hook2
                0x00008bd0       0x10 rsh.o
 .rodata._ZL19talk_waitless_hook1
                0x00008be0       0x10 rsh.o
 .rodata._ZL17talk_waitless_evt
                0x00008bf0       0x78 rsh.o
 .rodata._ZL21rsh_01_init_evt_hook2
                0x00008c68       0x10 rsh.o
 .rodata._ZL19rsh_01_init_evt_evt
                0x00008c78       0x8c rsh.o
 .rodata._ZL20rsh_00_init_evt_hook
                0x00008d04       0x10 rsh.o
 .rodata._ZL19rsh_00_init_evt_evt
                0x00008d14       0xb8 rsh.o
 .rodata._ZL20rsh_04_init_evt_hook
                0x00008dcc       0x10 rsh.o
 .rodata._ZL20rsh_03_init_evt_hook
                0x00008ddc       0x10 rsh.o
 .rodata._ZL20rsh_02_init_evt_hook
                0x00008dec       0x10 rsh.o
 .rodata._ZL21rsh_01_init_evt_hook1
                0x00008dfc       0x10 rsh.o
 .rodata._ZL19rsh_04_init_evt_evt
                0x00008e0c       0xa4 rsh.o
 .rodata._ZL26rsh_03_init_evt_music_hook
                0x00008eb0       0x10 rsh.o
 .rodata._ZL21rsh_03_init_evt_music
                0x00008ec0      0x1f8 rsh.o
 .rodata._ZL26rsh_02_init_evt_music_hook
                0x000090b8       0x10 rsh.o
 .rodata._ZL21rsh_02_init_evt_music
                0x000090c8      0x270 rsh.o
 .rodata._ZL26rsh_01_init_evt_music_hook
                0x00009338       0x10 rsh.o
 .rodata._ZL21rsh_01_init_evt_music
                0x00009348      0x1f8 rsh.o
 .rodata._ZL26rsh_00_init_evt_music_hook
                0x00009540       0x10 rsh.o
 .rodata._ZL21rsh_00_init_evt_music
                0x00009550      0x1f8 rsh.o
 .rodata._ZL26rsh_04_init_evt_music_hook
                0x00009748       0x10 rsh.o
 .rodata._ZL21rsh_04_init_evt_music
                0x00009758      0x1f8 rsh.o
 .rodata._ZL20rsh_06_init_evt_hook
                0x00009950       0x10 rsh.o
 .rodata._ZL19rsh_06_init_evt_evt
                0x00009960      0x178 rsh.o
 .rodata._ZL6madame
                0x00009ad8        0x7 rsh.o
 *fill*         0x00009adf        0x1 
 .rodata._ZL21tik_05_init_evt_hook2
                0x00009ae0       0x14 tik.o
 .rodata.str1.4
                0x00009af4      0x227 tik.o
 *fill*         0x00009d1b        0x1 
 .rodata._ZL20tik_05_init_evt_evt2
                0x00009d1c       0xd4 tik.o
 .rodata._ZL24tik_kurihakase_init_hook
                0x00009df0       0x10 tik.o
 .rodata._ZL23tik_kurihakase_init_evt
                0x00009e00       0x7c tik.o
 .rodata._ZL18master_2_talk_hook
                0x00009e7c       0x10 tik.o
 .rodata._ZL17master_2_talk_evt
                0x00009e8c      0x180 tik.o
 .rodata._ZL17borodo4_talk_hook
                0x0000a00c       0x10 tik.o
 .rodata._ZL16borodo4_talk_evt
                0x0000a01c      0x180 tik.o
 .rodata._ZL17borodo3_talk_hook
                0x0000a19c       0x10 tik.o
 .rodata._ZL16borodo3_talk_evt
                0x0000a1ac      0x180 tik.o
 .rodata._ZL17chusan4_talk_hook
                0x0000a32c       0x10 tik.o
 .rodata._ZL16chusan4_talk_evt
                0x0000a33c      0x180 tik.o
 .rodata._ZL17kuribo5_talk_hook
                0x0000a4bc       0x10 tik.o
 .rodata._ZL16kuribo5_talk_evt
                0x0000a4cc      0x180 tik.o
 .rodata._ZL14party_evt_hook
                0x0000a64c       0x10 tou.o
 .rodata.str1.4
                0x0000a65c       0x64 tou.o
 .rodata._ZL9party_evt
                0x0000a6c0       0x5c tou.o
 .rodata._ZL20tou_04_init_evt_hook
                0x0000a71c       0x10 tou.o
 .rodata._ZL19tou_04_init_evt_evt
                0x0000a72c       0x78 tou.o
 .rodata._ZL14yoshi_gswf_evt
                0x0000a7a4       0x14 tou.o
 .rodata._ZL15jolene_egg_hook
                0x0000a7b8       0x10 tou.o
 .rodata._ZL14jolene_egg_evt
                0x0000a7c8      0x220 tou.o
 .rodata._ZL16talk_sakaba_hook
                0x0000a9e8       0x10 tou.o
 .rodata._ZL15talk_sakaba_evt
                0x0000a9f8       0x84 tou.o
 .rodata._ZL6jolene
                0x0000aa7c        0xb tou.o
 *fill*         0x0000aa87        0x1 
 .rodata.str1.4
                0x0000aa88      0x4dc usu.o
 .rodata._ZL9party_evt
                0x0000af64       0xbc usu.o
 .rodata._ZL23village_chief_init_hook
                0x0000b020        0xc usu.o
 .rodata._ZL22village_chief_init_evt
                0x0000b02c       0x58 usu.o
 .rodata._ZL27village_chief_pig_init_hook
                0x0000b084        0xc usu.o
 .rodata._ZL26village_chief_pig_init_evt
                0x0000b090       0x70 usu.o
 .rodata._ZL23village_chief_talk_hook
                0x0000b100        0xc usu.o
 .rodata._ZL22village_chief_talk_evt
                0x0000b10c      0x1c8 usu.o
 .rodata._ZL20gatekeeper_init_hook
                0x0000b2d4        0xc usu.o
 .rodata._ZL19gatekeeper_init_evt
                0x0000b2e0       0x9c usu.o
 .rodata._ZL24gatekeeper_pig_init_hook
                0x0000b37c        0xc usu.o
 .rodata._ZL23gatekeeper_pig_init_evt
                0x0000b388       0x88 usu.o
 .rodata._ZL20gatekeeper_talk_hook
                0x0000b410        0xc usu.o
 .rodata._ZL19gatekeeper_talk_evt
                0x0000b41c      0x114 usu.o
 .rodata._ZL20usu_00_init_evt_hook
                0x0000b530       0x10 usu.o
 .rodata._ZL19usu_00_init_evt_evt
                0x0000b540       0x5c usu.o
 .rodata._ZL20shop_woman_talk_hook
                0x0000b59c       0x10 usu.o
 .rodata._ZL19shop_woman_talk_evt
                0x0000b5ac       0x78 usu.o
 .rodata._ZL18shop_man_talk_hook
                0x0000b624       0x10 usu.o
 .rodata._ZL17shop_man_talk_evt
                0x0000b634       0x78 usu.o
 .rodata._ZL19villagerJ_talk_hook
                0x0000b6ac       0x10 usu.o
 .rodata._ZL18villagerJ_talk_evt
                0x0000b6bc      0x104 usu.o
 .rodata._ZL19villagerI_talk_hook
                0x0000b7c0       0x10 usu.o
 .rodata._ZL18villagerI_talk_evt
                0x0000b7d0      0x104 usu.o
 .rodata._ZL19villagerH_talk_hook
                0x0000b8d4       0x10 usu.o
 .rodata._ZL18villagerH_talk_evt
                0x0000b8e4       0xd0 usu.o
 .rodata._ZL19villagerG_talk_hook
                0x0000b9b4       0x10 usu.o
 .rodata._ZL18villagerG_talk_evt
                0x0000b9c4       0xf0 usu.o
 .rodata._ZL19villagerF_talk_hook
                0x0000bab4       0x10 usu.o
 .rodata._ZL18villagerF_talk_evt
                0x0000bac4       0xf0 usu.o
 .rodata._ZL19villagerK_talk_hook
                0x0000bbb4       0x10 usu.o
 .rodata._ZL18villagerK_talk_evt
                0x0000bbc4      0x130 usu.o
 .rodata._ZL19villagerE_talk_hook
                0x0000bcf4       0x10 usu.o
 .rodata._ZL18villagerE_talk_evt
                0x0000bd04      0x130 usu.o
 .rodata._ZL19villagerD_talk_hook
                0x0000be34       0x10 usu.o
 .rodata._ZL18villagerD_talk_evt
                0x0000be44      0x194 usu.o
 .rodata._ZL19villagerC_talk_hook
                0x0000bfd8       0x10 usu.o
 .rodata._ZL18villagerC_talk_evt
                0x0000bfe8       0xfc usu.o
 .rodata._ZL19villagerB_talk_hook
                0x0000c0e4       0x10 usu.o
 .rodata._ZL18villagerB_talk_evt
                0x0000c0f4       0xfc usu.o
 .rodata._ZL19villagerA_talk_hook
                0x0000c1f0       0x10 usu.o
 .rodata._ZL18villagerA_talk_evt
                0x0000c200      0x130 usu.o
 .rodata._ZL19villagerA_init_hook
                0x0000c330       0x10 usu.o
 .rodata._ZL18villagerA_init_evt
                0x0000c340       0x6c usu.o
 .rodata._ZL6vivian
                0x0000c3ac        0x9 usu.o
 *fill*         0x0000c3b5        0x3 
 .rodata._ZL5mayor
                0x0000c3b8        0x5 usu.o
 *fill*         0x0000c3bd        0x3 
 .rodata._ZL9mayor_pig
                0x0000c3c0        0x9 usu.o
 *fill*         0x0000c3c9        0x3 
 .rodata._ZL8doopliss
                0x0000c3cc        0xb usu.o
 *fill*         0x0000c3d7        0x1 
 .rodata._ZL10gatekeeper
                0x0000c3d8        0x5 usu.o
 *fill*         0x0000c3dd        0x3 
 .rodata._ZL14gatekeeper_pig
                0x0000c3e0        0x9 usu.o
 *fill*         0x0000c3e9        0x3 
 .rodata._ZL12usuVillagerA
                0x0000c3ec        0x7 usu.o
 *fill*         0x0000c3f3        0x1 
 .rodata.str1.4
                0x0000c3f4       0x3c win.o
 .rodata._ZL9party_evt
                0x0000c430       0xd8 win.o
 .rodata._ZL20win_00_init_evt_hook
                0x0000c508       0x10 win.o
 .rodata._ZL19win_00_init_evt_evt
                0x0000c518       0x30 win.o
 .rodata._ZL16majorin_init_evt
                0x0000c548       0x30 win.o
 .rodata._ZL16maririn_init_evt
                0x0000c578       0x30 win.o
 .rodata._ZL20win_vivian_init_hook
                0x0000c5a8       0x10 win.o
 .rodata._ZL19win_vivian_init_evt
                0x0000c5b8       0x80 win.o
 .rodata._ZL7flurrie
                0x0000c638        0x9 win.o
 *(.gnu.linkonce.r.*)

.rodata1
 *(.rodata1)

.sdata2         0x0000c641        0x0
                [!provide]                        PROVIDE (_SDA2_BASE_ = .)
 *(.sdata2)
 *(.sdata2.*)
 *(.gnu.linkonce.s2.*)

.sbss2
 *(.sbss2)
 *(.sbss2.*)
 *(.gnu.linkonce.sb2.*)
                0x0000c644                        . = ALIGN (0x4)
                [!provide]                        PROVIDE (__preinit_array_start = .)

.preinit_array
 *(.preinit_array)
                [!provide]                        PROVIDE (__preinit_array_end = .)
                [!provide]                        PROVIDE (__init_array_start = .)

.init_array
 *(.init_array)
                [!provide]                        PROVIDE (__init_array_end = .)
                [!provide]                        PROVIDE (__fini_array_start = .)

.fini_array
 *(.fini_array)
                [!provide]                        PROVIDE (__fini_array_end = .)

.data           0x0000c644      0x2dc
 *(.data)
 *(.data.*)
 .data.GSWF_ARR_SIZE
                0x0000c644        0x2 OWR.o
                0x0000c644                GSWF_ARR_SIZE
 *fill*         0x0000c646        0x2 
 .data.GSWF_ARR
                0x0000c648       0x14 OWR.o
                0x0000c648                GSWF_ARR
 .data._ZN3mod6common12kItemDataArrE
                0x0000c65c        0x4 common.o
                0x0000c65c                _ZN3mod6common12kItemDataArrE
 .data.errorTextPosY
                0x0000c660        0x4 errorHandling.o
                0x0000c660                errorTextPosY
 .data._ZL16gor_00_init_evt2
                0x0000c664      0x2bc gor_00.o
 *(.gnu.linkonce.d.*)
                0x0000c920                        . = ALIGN (0x20)

.data1
 *(.data1)

.tdata
 *(.tdata .tdata.* .gnu.linkonce.td.*)

.tbss
 *(.tbss .tbss.* .gnu.linkonce.tb.*)
 *(.tcommon)

.eh_frame       0x0000c920     0x1a18
 *(.eh_frame)
 .eh_frame      0x0000c920      0x224 OWR.o
                                0x294 (size before relaxing)
 .eh_frame      0x0000cb44       0x28 StateManager.o
                                 0x3c (size before relaxing)
 .eh_frame      0x0000cb6c        0x0 common.o
                                 0xc8 (size before relaxing)
 .eh_frame      0x0000cb6c       0x70 con_mario.o
 .eh_frame      0x0000cbdc       0xa4 con_perf.o
 .eh_frame      0x0000cc80       0xac con_seq.o
 .eh_frame      0x0000cd2c      0x46c console.o
                                0x4bc (size before relaxing)
 .eh_frame      0x0000d198       0x50 cxx.o
                                 0x64 (size before relaxing)
 .eh_frame      0x0000d1e8      0x158 errorHandling.o
                                0x1e0 (size before relaxing)
 .eh_frame      0x0000d340      0x120 gamePatches.o
 .eh_frame      0x0000d460       0x84 keyboard.o
                                0x110 (size before relaxing)
 .eh_frame      0x0000d4e4       0xf8 mod.o
                                0x148 (size before relaxing)
 .eh_frame      0x0000d5dc      0x114 patch.o
                                0x1cc (size before relaxing)
 .eh_frame      0x0000d6f0       0x50 printf.o
                                 0x8c (size before relaxing)
 .eh_frame      0x0000d740       0x90 rel.o
 .eh_frame      0x0000d7d0       0xbc ug.o
 .eh_frame      0x0000d88c       0xb8 util.o
                                0x110 (size before relaxing)
 .eh_frame      0x0000d944       0x28 aaa.o
 .eh_frame      0x0000d96c       0x78 aji.o
 .eh_frame      0x0000d9e4       0x44 bom.o
 .eh_frame      0x0000da28       0x40 dou.o
 .eh_frame      0x0000da68       0x40 eki.o
 .eh_frame      0x0000daa8       0x28 end.o
 .eh_frame      0x0000dad0       0x3c gon.o
 .eh_frame      0x0000db0c       0x7c gor_00.o
 .eh_frame      0x0000db88       0x50 gor_01.o
 .eh_frame      0x0000dbd8       0x60 gor_02.o
 .eh_frame      0x0000dc38       0x64 gor_03.o
 .eh_frame      0x0000dc9c       0x38 gor_04.o
 .eh_frame      0x0000dcd4       0x3c gor_misc.o
 .eh_frame      0x0000dd10       0x48 gra.o
 .eh_frame      0x0000dd58       0x44 hei.o
 .eh_frame      0x0000dd9c       0x38 hom.o
 .eh_frame      0x0000ddd4       0x40 jin.o
 .eh_frame      0x0000de14       0x30 kpa.o
 .eh_frame      0x0000de44        0x0 las.o
                                 0x40 (size before relaxing)
 .eh_frame      0x0000de44       0x88 main.o
 .eh_frame      0x0000decc        0x0 moo.o
                                 0x30 (size before relaxing)
 .eh_frame      0x0000decc       0x74 mri.o
 .eh_frame      0x0000df40       0x78 muj.o
 .eh_frame      0x0000dfb8       0x54 nok.o
 .eh_frame      0x0000e00c       0x5c pik.o
 .eh_frame      0x0000e068       0x70 rsh.o
 .eh_frame      0x0000e0d8       0xa0 tik.o
                                 0xdc (size before relaxing)
 .eh_frame      0x0000e178       0x70 tou.o
 .eh_frame      0x0000e1e8       0x40 tou2.o
 .eh_frame      0x0000e228       0x74 usu.o
 .eh_frame      0x0000e29c       0x60 win.o
 .eh_frame      0x0000e2fc       0x3c C:/devkitPro/devkitPPC/bin/../lib/gcc/powerpc-eabi/13.1.0\libgcc.a(_divdi3.o)

.gcc_except_table
 *(.gcc_except_table)

.fixup
 *(.fixup)

.got1
 *(.got1)

.got2
 *(.got2)

.dynamic
 *(.dynamic)

.ctors          0x0000e338       0x28
 *crtbegin.o(.ctors)
 *(EXCLUDE_FILE(*crtend.o) .ctors)
 .ctors         0x0000e338        0x4 OWR.o
 .ctors         0x0000e33c        0x4 con_mario.o
 .ctors         0x0000e340        0x4 con_perf.o
 .ctors         0x0000e344        0x4 con_seq.o
 .ctors         0x0000e348        0x4 console.o
 .ctors         0x0000e34c        0x4 errorHandling.o
 .ctors         0x0000e350        0x4 gor_00.o
 *(SORT_BY_NAME(.ctors.*))
 *(.ctors)
                0x0000e360                        . = ALIGN (0x20)
 *fill*         0x0000e354        0xc 

.dtors          0x0000e360       0x20
 *crtbegin.o(.dtors)
 *(EXCLUDE_FILE(*crtend.o) .dtors)
 .dtors         0x0000e360        0x4 errorHandling.o
 *(SORT_BY_NAME(.dtors.*))
 *(.dtors)
                0x0000e380                        . = ALIGN (0x20)
 *fill*         0x0000e364       0x1c 

.jcr
 *(.jcr)

.got
 *(.got.plt)
 *(.got)

.sdata          0x0000e380        0x0
                [!provide]                        PROVIDE (_SDA_BASE_ = .)
 *(.sdata)
 *(.sdata.*)
 *(.gnu.linkonce.s.*)
                0x0000e380                        . = ALIGN (0x20)
                0x0000e380                        _edata = .
                [!provide]                        PROVIDE (edata = .)

.sbss           0x0000e380        0x0
                0x0000e380                        __sbss_start = .
                [!provide]                        PROVIDE (__sbss_start = .)
                [!provide]                        PROVIDE (___sbss_start = .)
 *(.dynsbss)
 *(.sbss)
 *(.sbss.*)
 *(.gnu.linkonce.sb.*)
 *(.scommon)
                [!provide]                        PROVIDE (__sbss_end = .)
                [!provide]                        PROVIDE (___sbss_end = .)
                0x0000e380                        . = ALIGN (0x20)
                0x0000e380                        __sbss_end = .

.bss            0x0000e380      0x180
                0x0000e380                        __bss_start = .
                [!provide]                        PROVIDE (__bss_start = .)
 *(.dynbss)
 *(.bss)
 *(.bss.*)
 .bss._ZN3mod3owr22g_msgSearch_trampolineE
                0x0000e380        0x4 OWR.o
                0x0000e380                _ZN3mod3owr22g_msgSearch_trampolineE
 .bss._ZN3mod3owr25g_pouchGetItem_trampolineE
                0x0000e384        0x4 OWR.o
                0x0000e384                _ZN3mod3owr25g_pouchGetItem_trampolineE
 .bss._ZN3mod3owr19g_OSLink_trampolineE
                0x0000e388        0x4 OWR.o
                0x0000e388                _ZN3mod3owr19g_OSLink_trampolineE
 .bss._ZN3mod3owr5gSelfE
                0x0000e38c        0x4 OWR.o
                0x0000e38c                _ZN3mod3owr5gSelfE
 .bss._ZN3mod3owr7item_dbE
                0x0000e390        0x4 OWR.o
                0x0000e390                _ZN3mod3owr7item_dbE
 .bss.gState    0x0000e394        0x4 StateManager.o
                0x0000e394                gState
 .bss._ZN3modL12mod_if_obj22E
                0x0000e398        0x8 con_mario.o
 .bss._ZN3mod14mario_show_posE
                0x0000e3a0       0x10 con_mario.o
                0x0000e3a0                _ZN3mod14mario_show_posE
 .bss._ZN3mod13mario_set_posE
                0x0000e3b0        0xc con_mario.o
                0x0000e3b0                _ZN3mod13mario_set_posE
 .bss._ZN3modL12mod_if_obj46E
                0x0000e3bc        0x8 con_perf.o
 .bss._ZN3mod14mem_debug_heapE
                0x0000e3c4       0x10 con_perf.o
                0x0000e3c4                _ZN3mod14mem_debug_heapE
 .bss._ZN3modL12mod_if_obj29E
                0x0000e3d4        0x8 con_perf.o
 .bss._ZN3mod9perf_showE
                0x0000e3dc       0x10 con_perf.o
                0x0000e3dc                _ZN3mod9perf_showE
 .bss._ZN3mod15perf_fake_spikeE
                0x0000e3ec        0xc con_perf.o
                0x0000e3ec                _ZN3mod15perf_fake_spikeE
 .bss._ZN3mod14seq_change_mapE
                0x0000e3f8        0xc con_seq.o
                0x0000e3f8                _ZN3mod14seq_change_mapE
 .bss._ZN3modL12mod_if_obj16E
                0x0000e404        0x8 con_seq.o
 .bss._ZN3mod24gTrampoline_seq_logoMainE
                0x0000e40c        0x4 con_seq.o
                0x0000e40c                _ZN3mod24gTrampoline_seq_logoMainE
 .bss._ZN3mod13seq_logo_skipE
                0x0000e410       0x10 con_seq.o
                0x0000e410                _ZN3mod13seq_logo_skipE
 .bss._ZN3mod4findE
                0x0000e420        0xc console.o
                0x0000e420                _ZN3mod4findE
 .bss._ZN3mod11con_ug_chanE
                0x0000e42c       0x10 console.o
                0x0000e42c                _ZN3mod11con_ug_chanE
 .bss._ZN3mod11con_ug_modeE
                0x0000e43c       0x10 console.o
                0x0000e43c                _ZN3mod11con_ug_modeE
 .bss._ZN3mod21con_log_fade_durationE
                0x0000e44c       0x10 console.o
                0x0000e44c                _ZN3mod21con_log_fade_durationE
 .bss._ZN3mod18con_log_fade_startE
                0x0000e45c       0x10 console.o
                0x0000e45c                _ZN3mod18con_log_fade_startE
 .bss._ZN3mod12con_log_fadeE
                0x0000e46c       0x10 console.o
                0x0000e46c                _ZN3mod12con_log_fadeE
 .bss._ZN3mod13con_log_levelE
                0x0000e47c       0x10 console.o
                0x0000e47c                _ZN3mod13con_log_levelE
 .bss._ZN3mod11con_rainbowE
                0x0000e48c       0x10 console.o
                0x0000e48c                _ZN3mod11con_rainbowE
 .bss._ZN3mod8con_monoE
                0x0000e49c       0x10 console.o
                0x0000e49c                _ZN3mod8con_monoE
 .bss._ZN3mod8con_showE
                0x0000e4ac       0x10 console.o
                0x0000e4ac                _ZN3mod8con_showE
 .bss._ZN3mod8gConsoleE
                0x0000e4bc        0x4 console.o
                0x0000e4bc                _ZN3mod8gConsoleE
 .bss._ZN3mod9ConIntVar6sFirstE
                0x0000e4c0        0x4 console.o
                0x0000e4c0                _ZN3mod9ConIntVar6sFirstE
 .bss._ZN3mod10ConCommand6sFirstE
                0x0000e4c4        0x4 console.o
                0x0000e4c4                _ZN3mod10ConCommand6sFirstE
 .bss.g_animPoseMain_trampoline
                0x0000e4c8        0x4 errorHandling.o
                0x0000e4c8                g_animPoseMain_trampoline
 .bss.g_npcNameToPtr_trampoline
                0x0000e4cc        0x4 errorHandling.o
                0x0000e4cc                g_npcNameToPtr_trampoline
 .bss.heapCorruptionInfo
                0x0000e4d0        0x8 errorHandling.o
                0x0000e4d0                heapCorruptionInfo
 .bss.animPoseMainErrorInfo
                0x0000e4d8        0x4 errorHandling.o
                0x0000e4d8                animPoseMainErrorInfo
 .bss.npcNameToPtrErrorInfo
                0x0000e4dc        0x4 errorHandling.o
                0x0000e4dc                npcNameToPtrErrorInfo
 .bss._ZN3mod4gModE
                0x0000e4e0        0x4 mod.o
                0x0000e4e0                _ZN3mod4gModE
 .bss._ZN17ModUpdateFunction6sFirstE
                0x0000e4e4        0x4 mod.o
                0x0000e4e4                _ZN17ModUpdateFunction6sFirstE
 .bss._ZN15ModInitFunction6sFirstE
                0x0000e4e8        0x4 mod.o
                0x0000e4e8                _ZN15ModInitFunction6sFirstE
 *(.gnu.linkonce.b.*)
 *(COMMON)
                0x0000e500                        . = ALIGN (0x20)
 *fill*         0x0000e4ec       0x14 
                [!provide]                        PROVIDE (__bss_end = .)
                0x0000e500                        __bss_end = .
                0x0000e500                        _end = .
                [!provide]                        PROVIDE (end = .)

.bss._ZZNK3mod14seq_change_mapMUlPKcE_clES2_E8beroName
                0x00000000       0x20
 .bss._ZZNK3mod14seq_change_mapMUlPKcE_clES2_E8beroName
                0x00000000       0x20 con_seq.o
                0x00000000                _ZZNK3mod14seq_change_mapMUlPKcE_clES1_E8beroName
                0x00000000                _ZZNK3mod14seq_change_mapMUlPKcE_clES2_E8beroName

.bss._ZZNK3mod14seq_change_mapMUlPKcE_clES2_E7mapName
                0x00000000       0x20
 .bss._ZZNK3mod14seq_change_mapMUlPKcE_clES2_E7mapName
                0x00000000       0x20 con_seq.o
                0x00000000                _ZZNK3mod14seq_change_mapMUlPKcE_clES2_E7mapName
                0x00000000                _ZZNK3mod14seq_change_mapMUlPKcE_clES1_E7mapName

.stab
 *(.stab)

.stabstr
 *(.stabstr)

.stab.excl
 *(.stab.excl)

.stab.exclstr
 *(.stab.exclstr)

.stab.index
 *(.stab.index)

.stab.indexstr
 *(.stab.indexstr)

.comment        0x00000000      0x6e4
 *(.comment)
 .comment       0x00000000       0x24 OWR.o
 .comment       0x00000024       0x24 StateManager.o
 .comment       0x00000048       0x24 common.o
 .comment       0x0000006c       0x24 con_mario.o
 .comment       0x00000090       0x24 con_perf.o
 .comment       0x000000b4       0x24 con_seq.o
 .comment       0x000000d8       0x24 console.o
 .comment       0x000000fc       0x24 cxx.o
 .comment       0x00000120       0x24 errorHandling.o
 .comment       0x00000144       0x24 gamePatches.o
 .comment       0x00000168       0x24 keyboard.o
 .comment       0x0000018c       0x24 mod.o
 .comment       0x000001b0       0x24 patch.o
 .comment       0x000001d4       0x24 printf.o
 .comment       0x000001f8       0x24 rel.o
 .comment       0x0000021c       0x24 ug.o
 .comment       0x00000240       0x24 util.o
 .comment       0x00000264       0x24 aaa.o
 .comment       0x00000288       0x24 aji.o
 .comment       0x000002ac       0x24 bom.o
 .comment       0x000002d0       0x24 dou.o
 .comment       0x000002f4       0x24 eki.o
 .comment       0x00000318       0x24 end.o
 .comment       0x0000033c       0x24 gon.o
 .comment       0x00000360       0x24 gor_00.o
 .comment       0x00000384       0x24 gor_01.o
 .comment       0x000003a8       0x24 gor_02.o
 .comment       0x000003cc       0x24 gor_03.o
 .comment       0x000003f0       0x24 gor_04.o
 .comment       0x00000414       0x24 gor_misc.o
 .comment       0x00000438       0x24 gra.o
 .comment       0x0000045c       0x24 hei.o
 .comment       0x00000480       0x24 hom.o
 .comment       0x000004a4       0x24 jin.o
 .comment       0x000004c8       0x24 kpa.o
 .comment       0x000004ec       0x24 las.o
 .comment       0x00000510       0x24 main.o
 .comment       0x00000534       0x24 moo.o
 .comment       0x00000558       0x24 mri.o
 .comment       0x0000057c       0x24 muj.o
 .comment       0x000005a0       0x24 nok.o
 .comment       0x000005c4       0x24 pik.o
 .comment       0x000005e8       0x24 rsh.o
 .comment       0x0000060c       0x24 tik.o
 .comment       0x00000630       0x24 tou.o
 .comment       0x00000654       0x24 tou2.o
 .comment       0x00000678       0x24 usu.o
 .comment       0x0000069c       0x24 win.o
 .comment       0x000006c0       0x24 C:/devkitPro/devkitPPC/bin/../lib/gcc/powerpc-eabi/13.1.0\libgcc.a(_divdi3.o)

.gnu.attributes
                0x00000000       0x10
 .gnu.attributes
                0x00000000       0x10 OWR.o
 .gnu.attributes
                0x00000010       0x10 common.o
 .gnu.attributes
                0x00000020       0x10 con_mario.o
 .gnu.attributes
                0x00000030       0x10 con_perf.o
 .gnu.attributes
                0x00000040       0x10 console.o
 .gnu.attributes
                0x00000050       0x10 errorHandling.o
 .gnu.attributes
                0x00000060       0x10 mod.o
 .gnu.attributes
                0x00000070       0x10 printf.o
 .gnu.attributes
                0x00000080       0x10 util.o

.group          0x00000000        0xc
 .group         0x00000000        0xc con_mario.o

.group          0x00000000        0xc
 .group         0x00000000        0xc con_perf.o

.group          0x00000000        0xc
 .group         0x00000000        0xc con_seq.o

.group          0x00000000        0x8
 .group         0x00000000        0x8 con_seq.o

.group          0x00000000        0x8
 .group         0x00000000        0x8 con_seq.o

.group          0x00000000        0xc
 .group         0x00000000        0xc console.o

.debug
 *(.debug)

.line
 *(.line)

.debug_srcinfo
 *(.debug_srcinfo)

.debug_sfnames
 *(.debug_sfnames)

.debug_aranges  0x00000000      0x930
 *(.debug_aranges)
 .debug_aranges
                0x00000000       0x88 OWR.o
 .debug_aranges
                0x00000088       0x28 StateManager.o
 .debug_aranges
                0x000000b0       0x60 common.o
 .debug_aranges
                0x00000110       0x30 con_mario.o
 .debug_aranges
                0x00000140       0x38 con_perf.o
 .debug_aranges
                0x00000178       0x38 con_seq.o
 .debug_aranges
                0x000001b0       0xb0 console.o
 .debug_aranges
                0x00000260       0x38 cxx.o
 .debug_aranges
                0x00000298       0x60 errorHandling.o
 .debug_aranges
                0x000002f8       0x48 gamePatches.o
 .debug_aranges
                0x00000340       0x40 keyboard.o
 .debug_aranges
                0x00000380       0x58 mod.o
 .debug_aranges
                0x000003d8       0x78 patch.o
 .debug_aranges
                0x00000450       0x28 printf.o
 .debug_aranges
                0x00000478       0x30 rel.o
 .debug_aranges
                0x000004a8       0x30 ug.o
 .debug_aranges
                0x000004d8       0x50 util.o
 .debug_aranges
                0x00000528       0x20 aaa.o
 .debug_aranges
                0x00000548       0x20 aji.o
 .debug_aranges
                0x00000568       0x20 bom.o
 .debug_aranges
                0x00000588       0x20 dou.o
 .debug_aranges
                0x000005a8       0x20 eki.o
 .debug_aranges
                0x000005c8       0x20 end.o
 .debug_aranges
                0x000005e8       0x20 gon.o
 .debug_aranges
                0x00000608       0x28 gor_00.o
 .debug_aranges
                0x00000630       0x20 gor_01.o
 .debug_aranges
                0x00000650       0x20 gor_02.o
 .debug_aranges
                0x00000670       0x20 gor_03.o
 .debug_aranges
                0x00000690       0x20 gor_04.o
 .debug_aranges
                0x000006b0       0x20 gor_misc.o
 .debug_aranges
                0x000006d0       0x20 gra.o
 .debug_aranges
                0x000006f0       0x20 hei.o
 .debug_aranges
                0x00000710       0x20 hom.o
 .debug_aranges
                0x00000730       0x20 jin.o
 .debug_aranges
                0x00000750       0x20 kpa.o
 .debug_aranges
                0x00000770       0x20 las.o
 .debug_aranges
                0x00000790       0x30 main.o
 .debug_aranges
                0x000007c0       0x20 moo.o
 .debug_aranges
                0x000007e0       0x20 mri.o
 .debug_aranges
                0x00000800       0x20 muj.o
 .debug_aranges
                0x00000820       0x20 nok.o
 .debug_aranges
                0x00000840       0x20 pik.o
 .debug_aranges
                0x00000860       0x20 rsh.o
 .debug_aranges
                0x00000880       0x30 tik.o
 .debug_aranges
                0x000008b0       0x20 tou.o
 .debug_aranges
                0x000008d0       0x20 tou2.o
 .debug_aranges
                0x000008f0       0x20 usu.o
 .debug_aranges
                0x00000910       0x20 win.o

.debug_pubnames
 *(.debug_pubnames)

.debug_info     0x00000000    0x50bd4
 *(.debug_info)
 .debug_info    0x00000000     0x4600 OWR.o
 .debug_info    0x00004600      0x3fb StateManager.o
 .debug_info    0x000049fb      0xf16 common.o
 .debug_info    0x00005911     0x257c con_mario.o
 .debug_info    0x00007e8d     0x228d con_perf.o
 .debug_info    0x0000a11a     0x21fe con_seq.o
 .debug_info    0x0000c318     0x4086 console.o
 .debug_info    0x0001039e      0x394 cxx.o
 .debug_info    0x00010732     0x44b0 errorHandling.o
 .debug_info    0x00014be2     0x2342 gamePatches.o
 .debug_info    0x00016f24      0xfaf keyboard.o
 .debug_info    0x00017ed3     0x3edd mod.o
 .debug_info    0x0001bdb0     0x15c5 patch.o
 .debug_info    0x0001d375      0x61f printf.o
 .debug_info    0x0001d994       0xf3 rel.o
 .debug_info    0x0001da87      0x8d5 ug.o
 .debug_info    0x0001e35c      0x9d3 util.o
 .debug_info    0x0001ed2f     0x1168 aaa.o
 .debug_info    0x0001fe97     0x1cf7 aji.o
 .debug_info    0x00021b8e     0x1280 bom.o
 .debug_info    0x00022e0e     0x126c dou.o
 .debug_info    0x0002407a     0x1836 eki.o
 .debug_info    0x000258b0     0x1158 end.o
 .debug_info    0x00026a08     0x1280 gon.o
 .debug_info    0x00027c88     0x2104 gor_00.o
 .debug_info    0x00029d8c     0x1929 gor_01.o
 .debug_info    0x0002b6b5     0x1c69 gor_02.o
 .debug_info    0x0002d31e     0x18fa gor_03.o
 .debug_info    0x0002ec18     0x11ae gor_04.o
 .debug_info    0x0002fdc6     0x1faa gor_misc.o
 .debug_info    0x00031d70     0x165a gra.o
 .debug_info    0x000333ca     0x16fa hei.o
 .debug_info    0x00034ac4     0x11b8 hom.o
 .debug_info    0x00035c7c     0x1280 jin.o
 .debug_info    0x00036efc     0x11a4 kpa.o
 .debug_info    0x000380a0     0x1320 las.o
 .debug_info    0x000393c0     0x22af main.o
 .debug_info    0x0003b66f     0x166c moo.o
 .debug_info    0x0003ccdb     0x21b7 mri.o
 .debug_info    0x0003ee92     0x290f muj.o
 .debug_info    0x000417a1     0x1b5c nok.o
 .debug_info    0x000432fd     0x1ae2 pik.o
 .debug_info    0x00044ddf     0x2094 rsh.o
 .debug_info    0x00046e73     0x2734 tik.o
 .debug_info    0x000495a7     0x2066 tou.o
 .debug_info    0x0004b60d     0x1280 tou2.o
 .debug_info    0x0004c88d     0x2a2a usu.o
 .debug_info    0x0004f2b7     0x191d win.o

.debug_abbrev   0x00000000     0x8e0e
 *(.debug_abbrev)
 .debug_abbrev  0x00000000      0x890 OWR.o
 .debug_abbrev  0x00000890      0x1ee StateManager.o
 .debug_abbrev  0x00000a7e      0x21a common.o
 .debug_abbrev  0x00000c98      0x60d con_mario.o
 .debug_abbrev  0x000012a5      0x66c con_perf.o
 .debug_abbrev  0x00001911      0x668 con_seq.o
 .debug_abbrev  0x00001f79      0x9a6 console.o
 .debug_abbrev  0x0000291f      0x170 cxx.o
 .debug_abbrev  0x00002a8f      0x768 errorHandling.o
 .debug_abbrev  0x000031f7      0x484 gamePatches.o
 .debug_abbrev  0x0000367b      0x36e keyboard.o
 .debug_abbrev  0x000039e9      0x80b mod.o
 .debug_abbrev  0x000041f4      0x2bd patch.o
 .debug_abbrev  0x000044b1      0x256 printf.o
 .debug_abbrev  0x00004707       0xeb rel.o
 .debug_abbrev  0x000047f2      0x230 ug.o
 .debug_abbrev  0x00004a22      0x20f util.o
 .debug_abbrev  0x00004c31      0x183 aaa.o
 .debug_abbrev  0x00004db4      0x24a aji.o
 .debug_abbrev  0x00004ffe      0x183 bom.o
 .debug_abbrev  0x00005181      0x183 dou.o
 .debug_abbrev  0x00005304      0x219 eki.o
 .debug_abbrev  0x0000551d      0x180 end.o
 .debug_abbrev  0x0000569d      0x183 gon.o
 .debug_abbrev  0x00005820      0x27e gor_00.o
 .debug_abbrev  0x00005a9e      0x253 gor_01.o
 .debug_abbrev  0x00005cf1      0x27a gor_02.o
 .debug_abbrev  0x00005f6b      0x23c gor_03.o
 .debug_abbrev  0x000061a7      0x183 gor_04.o
 .debug_abbrev  0x0000632a      0x2d7 gor_misc.o
 .debug_abbrev  0x00006601      0x202 gra.o
 .debug_abbrev  0x00006803      0x225 hei.o
 .debug_abbrev  0x00006a28      0x183 hom.o
 .debug_abbrev  0x00006bab      0x183 jin.o
 .debug_abbrev  0x00006d2e      0x183 kpa.o
 .debug_abbrev  0x00006eb1      0x183 las.o
 .debug_abbrev  0x00007034      0x2ba main.o
 .debug_abbrev  0x000072ee      0x21d moo.o
 .debug_abbrev  0x0000750b      0x246 mri.o
 .debug_abbrev  0x00007751      0x28d muj.o
 .debug_abbrev  0x000079de      0x238 nok.o
 .debug_abbrev  0x00007c16      0x239 pik.o
 .debug_abbrev  0x00007e4f      0x235 rsh.o
 .debug_abbrev  0x00008084      0x4d7 tik.o
 .debug_abbrev  0x0000855b      0x279 tou.o
 .debug_abbrev  0x000087d4      0x183 tou2.o
 .debug_abbrev  0x00008957      0x271 usu.o
 .debug_abbrev  0x00008bc8      0x246 win.o

.debug_line     0x00000000    0x1aea3
 *(.debug_line)
 .debug_line    0x00000000      0xef4 OWR.o
 .debug_line    0x00000ef4      0x2c8 StateManager.o
 .debug_line    0x000011bc      0x39d common.o
 .debug_line    0x00001559      0x4e0 con_mario.o
 .debug_line    0x00001a39      0x72f con_perf.o
 .debug_line    0x00002168      0x5b6 con_seq.o
 .debug_line    0x0000271e     0x1fdd console.o
 .debug_line    0x000046fb      0x1c9 cxx.o
 .debug_line    0x000048c4     0x12a6 errorHandling.o
 .debug_line    0x00005b6a      0x62c gamePatches.o
 .debug_line    0x00006196      0xcb4 keyboard.o
 .debug_line    0x00006e4a      0x810 mod.o
 .debug_line    0x0000765a      0x80c patch.o
 .debug_line    0x00007e66      0x2b2 printf.o
 .debug_line    0x00008118      0x226 rel.o
 .debug_line    0x0000833e      0x4ad ug.o
 .debug_line    0x000087eb      0x4b0 util.o
 .debug_line    0x00008c9b      0x33c aaa.o
 .debug_line    0x00008fd7      0xf32 aji.o
 .debug_line    0x00009f09      0x7aa bom.o
 .debug_line    0x0000a6b3      0x784 dou.o
 .debug_line    0x0000ae37      0x690 eki.o
 .debug_line    0x0000b4c7      0x315 end.o
 .debug_line    0x0000b7dc      0x75c gon.o
 .debug_line    0x0000bf38      0x934 gor_00.o
 .debug_line    0x0000c86c      0x733 gor_01.o
 .debug_line    0x0000cf9f      0x72b gor_02.o
 .debug_line    0x0000d6ca      0x8fd gor_03.o
 .debug_line    0x0000dfc7      0x4d3 gor_04.o
 .debug_line    0x0000e49a      0x4a5 gor_misc.o
 .debug_line    0x0000e93f      0x592 gra.o
 .debug_line    0x0000eed1      0x5fa hei.o
 .debug_line    0x0000f4cb      0x461 hom.o
 .debug_line    0x0000f92c      0x72c jin.o
 .debug_line    0x00010058      0x3b0 kpa.o
 .debug_line    0x00010408      0x97d las.o
 .debug_line    0x00010d85      0xc09 main.o
 .debug_line    0x0001198e      0x3d0 moo.o
 .debug_line    0x00011d5e     0x1387 mri.o
 .debug_line    0x000130e5      0xfd5 muj.o
 .debug_line    0x000140ba      0x63d nok.o
 .debug_line    0x000146f7      0x9c9 pik.o
 .debug_line    0x000150c0     0x184c rsh.o
 .debug_line    0x0001690c      0xbc8 tik.o
 .debug_line    0x000174d4     0x1d77 tou.o
 .debug_line    0x0001924b      0x805 tou2.o
 .debug_line    0x00019a50      0xda5 usu.o
 .debug_line    0x0001a7f5      0x6ae win.o

.debug_frame
 *(.debug_frame)

.debug_str      0x00000000    0x60add
 *(.debug_str)
 .debug_str     0x00000000     0x342d OWR.o
 .debug_str     0x0000342d      0x376 StateManager.o
 .debug_str     0x000037a3     0x13e4 common.o
 .debug_str     0x00004b87     0x1a5e con_mario.o
 .debug_str     0x000065e5     0x16a5 con_perf.o
 .debug_str     0x00007c8a     0x17ab con_seq.o
 .debug_str     0x00009435     0x1a83 console.o
 .debug_str     0x0000aeb8      0x34e cxx.o
 .debug_str     0x0000b206     0x2099 errorHandling.o
 .debug_str     0x0000d29f     0x1945 gamePatches.o
 .debug_str     0x0000ebe4      0x955 keyboard.o
 .debug_str     0x0000f539     0x376c mod.o
 .debug_str     0x00012ca5      0x6eb patch.o
 .debug_str     0x00013390      0x468 printf.o
 .debug_str     0x000137f8      0x191 rel.o
 .debug_str     0x00013989      0x39b ug.o
 .debug_str     0x00013d24      0x654 util.o
 .debug_str     0x00014378     0x1f05 aaa.o
 .debug_str     0x0001627d     0x2945 aji.o
 .debug_str     0x00018bc2     0x2102 bom.o
 .debug_str     0x0001acc4     0x20d2 dou.o
 .debug_str     0x0001cd96     0x25cd eki.o
 .debug_str     0x0001f363     0x1eff end.o
 .debug_str     0x00021262     0x20b7 gon.o
 .debug_str     0x00023319     0x2a8d gor_00.o
 .debug_str     0x00025da6     0x24ad gor_01.o
 .debug_str     0x00028253     0x28a7 gor_02.o
 .debug_str     0x0002aafa     0x26af gor_03.o
 .debug_str     0x0002d1a9     0x1f7e gor_04.o
 .debug_str     0x0002f127     0x34ac gor_misc.o
 .debug_str     0x000325d3     0x236d gra.o
 .debug_str     0x00034940     0x23db hei.o
 .debug_str     0x00036d1b     0x1f9a hom.o
 .debug_str     0x00038cb5     0x20c0 jin.o
 .debug_str     0x0003ad75     0x1f55 kpa.o
 .debug_str     0x0003ccca     0x21a0 las.o
 .debug_str     0x0003ee6a     0x2d93 main.o
 .debug_str     0x00041bfd     0x2309 moo.o
 .debug_str     0x00043f06     0x2e11 mri.o
 .debug_str     0x00046d17     0x3dd3 muj.o
 .debug_str     0x0004aaea     0x2665 nok.o
 .debug_str     0x0004d14f     0x26b5 pik.o
 .debug_str     0x0004f804     0x2cf3 rsh.o
 .debug_str     0x000524f7     0x33f3 tik.o
 .debug_str     0x000558ea     0x2eb0 tou.o
 .debug_str     0x0005879a     0x20e0 tou2.o
 .debug_str     0x0005a87a     0x3d0c usu.o
 .debug_str     0x0005e586     0x2557 win.o

.debug_loc
 *(.debug_loc)

.debug_macinfo
 *(.debug_macinfo)

.debug_weaknames
 *(.debug_weaknames)

.debug_funcnames
 *(.debug_funcnames)

.debug_typenames
 *(.debug_typenames)

.debug_varnames
 *(.debug_varnames)
                0x00000000                        __isIPL = 0x0
                0x0002e500                        __stack_addr = ((((__bss_start + SIZEOF (.bss)) + 0x20000) + 0x7) & 0xfffffffffffffff8)
                0x0000e500                        __stack_end = (__bss_start + SIZEOF (.bss))
                0x00032500                        __intrstack_addr = (__stack_addr + 0x4000)
                0x0002e500                        __intrstack_end = __stack_addr
                0x00032500                        __Arena1Lo = ((__intrstack_addr + 0x1f) & 0xffffffffffffffe0)
                0x817feff0                        __Arena1Hi = 0x817feff0
                0x817ff000                        __gxregs = ((__Arena1Hi + 0x1f) & 0xffffffffffffffe0)
                [!provide]                        PROVIDE (__stack = 0x817feff0)
                [!provide]                        PROVIDE (__isIPL = __isIPL)
                [!provide]                        PROVIDE (__stack_addr = __stack_addr)
                [!provide]                        PROVIDE (__stack_end = __stack_end)
                [!provide]                        PROVIDE (__intrstack_addr = __intrstack_addr)
                [!provide]                        PROVIDE (__intrstack_end = __intrstack_end)
                [!provide]                        PROVIDE (__Arena1Lo = __Arena1Lo)
                [!provide]                        PROVIDE (__Arena1Hi = __Arena1Hi)
                [!provide]                        PROVIDE (__gxregs = __gxregs)
LOAD H:/GhidraProjects/TTYDAP/TTYDAP/rel/source/cxx.ld
                0x0000e338                        _ctors_start = ADDR (.ctors)
                0x0000e360                        _ctors_end = (_ctors_start + SIZEOF (.ctors))
                0x0000e360                        _dtors_start = ADDR (.dtors)
                0x0000e380                        _dtors_end = (_dtors_start + SIZEOF (.dtors))
LOAD OWR.o
LOAD StateManager.o
LOAD common.o
LOAD con_mario.o
LOAD con_perf.o
LOAD con_seq.o
LOAD console.o
LOAD cxx.o
LOAD errorHandling.o
LOAD gamePatches.o
LOAD keyboard.o
LOAD mod.o
LOAD patch.o
LOAD printf.o
LOAD rel.o
LOAD ug.o
LOAD util.o
LOAD aaa.o
LOAD aji.o
LOAD bom.o
LOAD dou.o
LOAD eki.o
LOAD end.o
LOAD gon.o
LOAD gor_00.o
LOAD gor_01.o
LOAD gor_02.o
LOAD gor_03.o
LOAD gor_04.o
LOAD gor_misc.o
LOAD gra.o
LOAD hei.o
LOAD hom.o
LOAD jin.o
LOAD kpa.o
LOAD las.o
LOAD main.o
LOAD moo.o
LOAD mri.o
LOAD muj.o
LOAD nok.o
LOAD pik.o
LOAD rsh.o
LOAD tik.o
LOAD tou.o
LOAD tou2.o
LOAD usu.o
LOAD win.o
LOAD CrashScreenDecrementYPos.o
LOAD FixBlooperCrash1.o
LOAD FixBlooperCrash2.o
LOAD asm_main.o
LOAD patch_ih.o
LOAD C:/devkitPro/devkitPPC/bin/../lib/gcc/powerpc-eabi/13.1.0\libgcc.a
OUTPUT(H:/GhidraProjects/TTYDAP/TTYDAP/rel/rel.us.elf elf32-powerpc)

.debug_loclists
                0x00000000     0x66b7
 .debug_loclists
                0x00000000      0xacb OWR.o
 .debug_loclists
                0x00000acb       0x2f StateManager.o
 .debug_loclists
                0x00000afa      0x151 common.o
 .debug_loclists
                0x00000c4b       0xa9 con_mario.o
 .debug_loclists
                0x00000cf4      0x36b con_perf.o
 .debug_loclists
                0x0000105f       0xf8 con_seq.o
 .debug_loclists
                0x00001157     0x1cf7 console.o
 .debug_loclists
                0x00002e4e       0x54 cxx.o
 .debug_loclists
                0x00002ea2     0x11cb errorHandling.o
 .debug_loclists
                0x0000406d      0x1fb gamePatches.o
 .debug_loclists
                0x00004268      0x886 keyboard.o
 .debug_loclists
                0x00004aee      0x1c0 mod.o
 .debug_loclists
                0x00004cae      0xc5e patch.o
 .debug_loclists
                0x0000590c      0x2ae printf.o
 .debug_loclists
                0x00005bba      0x2cd ug.o
 .debug_loclists
                0x00005e87      0x241 util.o
 .debug_loclists
                0x000060c8       0x29 aaa.o
 .debug_loclists
                0x000060f1       0x2a aji.o
 .debug_loclists
                0x0000611b       0x2a bom.o
 .debug_loclists
                0x00006145       0x2a dou.o
 .debug_loclists
                0x0000616f       0x2a eki.o
 .debug_loclists
                0x00006199       0x2c gon.o
 .debug_loclists
                0x000061c5       0x2c gor_00.o
 .debug_loclists
                0x000061f1       0x2a gor_01.o
 .debug_loclists
                0x0000621b       0x2a gor_02.o
 .debug_loclists
                0x00006245       0x2c gor_03.o
 .debug_loclists
                0x00006271       0x2a gor_04.o
 .debug_loclists
                0x0000629b       0x2a gor_misc.o
 .debug_loclists
                0x000062c5       0x2a gra.o
 .debug_loclists
                0x000062ef       0x2a hei.o
 .debug_loclists
                0x00006319       0x2a hom.o
 .debug_loclists
                0x00006343       0x2a jin.o
 .debug_loclists
                0x0000636d       0x2a kpa.o
 .debug_loclists
                0x00006397       0x2a las.o
 .debug_loclists
                0x000063c1       0x2a moo.o
 .debug_loclists
                0x000063eb       0x2a mri.o
 .debug_loclists
                0x00006415       0x2a muj.o
 .debug_loclists
                0x0000643f       0x2a nok.o
 .debug_loclists
                0x00006469       0x2a pik.o
 .debug_loclists
                0x00006493       0x2c rsh.o
 .debug_loclists
                0x000064bf      0x14e tik.o
 .debug_loclists
                0x0000660d       0x2c tou.o
 .debug_loclists
                0x00006639       0x2a tou2.o
 .debug_loclists
                0x00006663       0x2a usu.o
 .debug_loclists
                0x0000668d       0x2a win.o

.debug_rnglists
                0x00000000     0x1a66
 .debug_rnglists
                0x00000000      0x1bf OWR.o
 .debug_rnglists
                0x000001bf       0x4f StateManager.o
 .debug_rnglists
                0x0000020e       0x43 common.o
 .debug_rnglists
                0x00000251       0x95 con_mario.o
 .debug_rnglists
                0x000002e6      0x135 con_perf.o
 .debug_rnglists
                0x0000041b       0xc4 con_seq.o
 .debug_rnglists
                0x000004df      0x72d console.o
 .debug_rnglists
                0x00000c0c       0x25 cxx.o
 .debug_rnglists
                0x00000c31      0x352 errorHandling.o
 .debug_rnglists
                0x00000f83       0x75 gamePatches.o
 .debug_rnglists
                0x00000ff8      0x315 keyboard.o
 .debug_rnglists
                0x0000130d       0xbc mod.o
 .debug_rnglists
                0x000013c9      0x23d patch.o
 .debug_rnglists
                0x00001606       0x2c printf.o
 .debug_rnglists
                0x00001632       0x47 rel.o
 .debug_rnglists
                0x00001679       0x73 ug.o
 .debug_rnglists
                0x000016ec       0x45 util.o
 .debug_rnglists
                0x00001731       0x13 aaa.o
 .debug_rnglists
                0x00001744       0x14 aji.o
 .debug_rnglists
                0x00001758       0x14 bom.o
 .debug_rnglists
                0x0000176c       0x14 dou.o
 .debug_rnglists
                0x00001780       0x14 eki.o
 .debug_rnglists
                0x00001794       0x13 end.o
 .debug_rnglists
                0x000017a7       0x14 gon.o
 .debug_rnglists
                0x000017bb       0x1a gor_00.o
 .debug_rnglists
                0x000017d5       0x14 gor_01.o
 .debug_rnglists
                0x000017e9       0x14 gor_02.o
 .debug_rnglists
                0x000017fd       0x14 gor_03.o
 .debug_rnglists
                0x00001811       0x14 gor_04.o
 .debug_rnglists
                0x00001825       0x2c gor_misc.o
 .debug_rnglists
                0x00001851       0x14 gra.o
 .debug_rnglists
                0x00001865       0x14 hei.o
 .debug_rnglists
                0x00001879       0x14 hom.o
 .debug_rnglists
                0x0000188d       0x14 jin.o
 .debug_rnglists
                0x000018a1       0x14 kpa.o
 .debug_rnglists
                0x000018b5       0x14 las.o
 .debug_rnglists
                0x000018c9       0x92 main.o
 .debug_rnglists
                0x0000195b       0x14 moo.o
 .debug_rnglists
                0x0000196f       0x14 mri.o
 .debug_rnglists
                0x00001983       0x14 muj.o
 .debug_rnglists
                0x00001997       0x14 nok.o
 .debug_rnglists
                0x000019ab       0x14 pik.o
 .debug_rnglists
                0x000019bf       0x14 rsh.o
 .debug_rnglists
                0x000019d3       0x43 tik.o
 .debug_rnglists
                0x00001a16       0x14 tou.o
 .debug_rnglists
                0x00001a2a       0x14 tou2.o
 .debug_rnglists
                0x00001a3e       0x14 usu.o
 .debug_rnglists
                0x00001a52       0x14 win.o