Archive member included to satisfy reference by file (symbol)

C:/devkitPro/devkitPPC/bin/../lib/gcc/powerpc-eabi/13.1.0\libgcc.a(_divdi3.o)
                              console.o (__divdi3)

Discarded input sections

 .text          0x00000000        0x0 OWR.o
 .data          0x00000000        0x0 OWR.o
 .bss           0x00000000        0x0 OWR.o
 .text._Z13strcpy_StringPcPKc
                0x00000000        0x4 OWR.o
 .text._ZN3mod3owr3OWR6LZTestEv
                0x00000000       0x48 OWR.o
 .text._ZN3mod3owr3OWR11NewFileInitEv
                0x00000000        0x4 OWR.o
 .bss._ZN3mod3owr22g_itemEntry_trampolineE
                0x00000000        0x4 OWR.o
 .bss._ZN3mod3owr6gStateE
                0x00000000        0x4 OWR.o
 .text          0x00000000        0x0 StateManager.o
 .data          0x00000000        0x0 StateManager.o
 .bss           0x00000000        0x0 StateManager.o
 .text._ZN3mod3owr12StateManager4InitEv
                0x00000000       0x34 StateManager.o
 .text          0x00000000        0x0 common.o
 .data          0x00000000        0x0 common.o
 .bss           0x00000000        0x0 common.o
 .text._ZN3mod6common14GetCurrentAreaEv
                0x00000000       0x1c common.o
 .text._ZN3mod6common13GetCurrentMapEv
                0x00000000       0x1c common.o
 .text._ZN3mod6common11GetFilenameEv
                0x00000000       0x1c common.o
 .text._ZN3mod6common16GetStorySequenceEv
                0x00000000       0x24 common.o
 .text._ZN3mod6common14GetPitSequenceEv
                0x00000000       0x2c common.o
 .text._ZN3mod6common17GetSavedFlagValueEi
                0x00000000       0x44 common.o
 .text._ZN3mod6common21HasKeyItemInInventoryEs
                0x00000000       0x60 common.o
 .text._ZN3mod6common25GetBattleWindowDataOffsetEv
                0x00000000       0x1c common.o
 .text._ZN3mod6common21GetStatusWindowHeightEv
                0x00000000       0x28 common.o
 .data._ZN3mod6common29kUnknownStatusWindowStructPtrE
                0x00000000        0x4 common.o
 .data._ZN3mod6common10kBattlePtrE
                0x00000000        0x4 common.o
 .data._ZN3mod6common9kPouchPtrE
                0x00000000        0x4 common.o
 .data._ZN3mod6common12kSaveDataPtrE
                0x00000000        0x4 common.o
 .rodata._ZN3mod6common32kUltraHammerChestDespawnIdOffsetE
                0x00000000        0x4 common.o
 .rodata._ZN3mod6common27kObjectCollectionExprOffsetE
                0x00000000        0x4 common.o
 .rodata._ZN3mod6common27kObjectChestScriptPtrOffsetE
                0x00000000        0x4 common.o
 .rodata._ZN3mod6common33kMujModuleFlavioDesiredItemOffsetE
                0x00000000        0x4 common.o
 .rodata._ZN3mod6common36kJinModuleAtomicBooItemGswfSetOffsetE
                0x00000000        0x4 common.o
 .rodata._ZN3mod6common39kJinModuleAtomicBooItemObjectFlagOffsetE
                0x00000000        0x4 common.o
 .rodata._ZN3mod6common32kPitModuleCharlietonChanceOffsetE
                0x00000000        0x4 common.o
 .rodata._ZN3mod6common22kPitModuleNpcArrOffsetE
                0x00000000        0x4 common.o
 .rodata._ZN3mod6common23kSavedWordFlagBaseValueE
                0x00000000        0x4 common.o
 .data._ZN3mod6common20kPiantaParlorItemArrE
                0x00000000        0x4 common.o
 .data._ZN3mod6common21kPitCharlietonItemArrE
                0x00000000        0x4 common.o
 .data._ZN3mod6common12kHowzItemArrE
                0x00000000        0x4 common.o
 .data._ZN3mod6common18kCharlietonItemArrE
                0x00000000        0x4 common.o
 .data._ZN3mod6common14kDazzleItemArrE
                0x00000000        0x4 common.o
 .data._ZN3mod6common20kSuperguardFramesArrE
                0x00000000        0x4 common.o
 .data._ZN3mod6common15kGuardFramesArrE
                0x00000000        0x4 common.o
 .data._ZN3mod6common25kSuperChargePartnerParamsE
                0x00000000        0x4 common.o
 .data._ZN3mod6common18kSuperChargeParamsE
                0x00000000        0x4 common.o
 .data._ZN3mod6common19kPiercingBlowParamsE
                0x00000000        0x4 common.o
 .data._ZN3mod6common18kHammerThrowParamsE
                0x00000000        0x4 common.o
 .data._ZN3mod6common17kKoopaCurseParamsE
                0x00000000        0x4 common.o
 .data._ZN3mod6common15kTradeOffParamsE
                0x00000000        0x4 common.o
 .data._ZN3mod6common17kGulpRecoilParamsE
                0x00000000        0x4 common.o
 .data._ZN3mod6common24kUltraHammerRecoilParamsE
                0x00000000        0x4 common.o
 .data._ZN3mod6common24kSuperHammerRecoilParamsE
                0x00000000        0x4 common.o
 .data._ZN3mod6common8kNextMapE
                0x00000000        0x4 common.o
 .rodata.cst4   0x00000000        0x4 common.o
 .text          0x00000000        0x0 con_mario.o
 .data          0x00000000        0x0 con_mario.o
 .bss           0x00000000        0x0 con_mario.o
 .text          0x00000000        0x0 con_perf.o
[...]
Memory Configuration

Name             Origin             Length             Attributes
*default*        0x00000000         0xffffffff

Linker script and memory map

                0x80003100                        . = 0x80003100

.init
 *crt0.o(*.init)
 *(.init)

.plt
 *(.plt)

.interp
 *(.interp)

.hash
 *(.hash)

.dynsym
 *(.dynsym)

.dynstr
 *(.dynstr)

.gnu.version
 *(.gnu.version)

.gnu.version_d
 *(.gnu.version_d)

.gnu.version_r
 *(.gnu.version_r)

.rel.init
 *(.rel.init)

.rela.init
 *(.rela.init)

.rel.text
 *(.rel.text .rel.text.* .rel.gnu.linkonce.t.*)

.rela.text
 *(.rela.text .rela.text.* .rela.gnu.linkonce.t.*)

.rel.fini
 *(.rel.fini)

.rela.fini
 *(.rela.fini)

.rel.rodata
 *(.rel.rodata .rel.rodata.* .rel.gnu.linkonce.r.*)

.rela.rodata
 *(.rela.rodata .rela.rodata.* .rela.gnu.linkonce.r.*)

.rel.data
 *(.rel.data .rel.data.* .rel.gnu.linkonce.d.*)

.rela.data
 *(.rela.data .rela.data.* .rela.gnu.linkonce.d.*)

.rel.tdata
 *(.rel.tdata .rel.tdata.* .rel.gnu.linkonce.td.*)

.rela.tdata
 *(.rela.tdata .rela.tdata.* .rela.gnu.linkonce.td.*)

.rel.tbss
 *(.rel.tbss .rel.tbss.* .rel.gnu.linkonce.tb.*)

.rela.tbss
 *(.rela.tbss .rela.tbss.* .rela.gnu.linkonce.tb.*)

.rel.ctors
 *(.rel.ctors)

.rela.ctors
 *(.rela.ctors)

.rel.dtors
 *(.rel.dtors)

.rela.dtors
 *(.rela.dtors)

.rel.got
 *(.rel.got)

.rela.got
 *(.rela.got)

.rela.got1
 *(.rela.got1)

.rela.got2
 *(.rela.got2)

.rel.sdata
 *(.rel.sdata .rel.sdata.* .rel.gnu.linkonce.s.*)

.rela.sdata
 *(.rela.sdata .rela.sdata.* .rela.gnu.linkonce.s.*)

.rel.sbss
 *(.rel.sbss .rel.sbss.* .rel.gnu.linkonce.sb.*)

.rela.sbss
 *(.rela.sbss .rela.sbss.* .rel.gnu.linkonce.sb.*)

.rel.sdata2
 *(.rel.sdata2 .rel.sdata2.* .rel.gnu.linkonce.s2.*)

.rela.sdata2
 *(.rela.sdata2 .rela.sdata2.* .rela.gnu.linkonce.s2.*)

.rel.sbss2
 *(.rel.sbss2 .rel.sbss2.* .rel.gnu.linkonce.sb2.*)

.rela.sbss2
 *(.rela.sbss2 .rela.sbss2.* .rela.gnu.linkonce.sb2.*)

.rel.bss
 *(.rel.bss .rel.bss.* .rel.gnu.linkonce.b.*)

.rela.bss
 *(.rela.bss .rela.bss.* .rela.gnu.linkonce.b.*)

.rel.plt
 *(.rel.plt)

.rela.plt
 *(.rela.plt)

.text           0x80003100     0xe160
 *(.text)
 .text          0x80003100        0x8 FixBlooperCrash1.o
                0x80003100                asmFixBlooperCrash1
 .text          0x80003108       0x14 FixBlooperCrash2.o
                0x80003108                asmFixBlooperCrash2
 .text          0x8000311c      0x244 asm_main.o
                0x8000311c                bMapGXArrInject
                0x80003128                bMapGXArrInjectReturn
                0x8000312c                bMapGXArrIncrement
                0x80003134                bMapGXArrIncrementReturn
                0x80003138                bMapGXChSplit
                0x80003144                bMapGXChSplitReturn
                0x80003148                bWinLogArrInject
                0x80003154                bWinLogArrInjectReturn
                0x80003158                bWinLogArrIncrement
                0x80003160                bWinLogArrIncrementReturn
                0x80003164                bChapterClearCheck
                0x800031ac                bJohoyaSeqAddition
                0x800031e4                bPrintPartyAddErrorFix
                0x80003220                bPrintPartyAddErrorFixReturn
                0x80003224                bPrintPartyErrorFix
                0x80003260                bPrintPartyErrorFixReturn
                0x80003264                bKururingFloorCapture
                0x8000326c                bKururingFloorCaptureReturn
                0x80003270                bKururingFloorRelease
                0x80003278                bKururingFloorReleaseReturn
                0x8000327c                bPowerupblkCapture
                0x80003294                bPowerupblkCaptureReturn
                0x80003298                bPowerupblkRelease
                0x800032a0                bPowerupblkReleaseReturn
                0x800032a4                win_log_mapGX_arr
 *(.text.*)
 *fill*         0x80003360        0x0 00000000
 .text._ZZN3mod3owr3OWR4InitEvENUlvE_4_FUNEv
                0x80003360       0x10 OWR.o
 .text._ZZN3mod3owr3OWR4InitEvENUlPKcE_4_FUNES3_
                0x80003370       0x9c OWR.o
 .text._ZN3mod3owr3OWRC2Ev
                0x8000340c        0x4 OWR.o
                0x8000340c                _ZN3mod3owr3OWRC1Ev
                0x8000340c                _ZN3mod3owr3OWRC2Ev
 .text._ZN3mod3owr3OWR12SequenceInitEv
                0x80003410      0x1e4 OWR.o
                0x80003410                _ZN3mod3owr3OWR12SequenceInitEv
 .text._ZN3mod3owr3OWR4InitEv
                0x800035f4      0x134 OWR.o
                0x800035f4                _ZN3mod3owr3OWR4InitEv
 .text._ZN3mod3owr3OWR6UpdateEv
                0x80003728       0x4c OWR.o
                0x80003728                _ZN3mod3owr3OWR6UpdateEv
 .text._ZN3mod3owr3OWR4DrawEv
                0x80003774        0x4 OWR.o
                0x80003774                _ZN3mod3owr3OWR4DrawEv
 .text._ZN3mod3owr3OWR14OnModuleLoadedEPN2gc6OSLink12OSModuleInfoE
                0x80003778       0xd4 OWR.o
                0x80003778                _ZN3mod3owr3OWR14OnModuleLoadedEPN2gc6OSLink12OSModuleInfoE
 .text._ZZN3mod3owr3OWR4InitEvENUlPN2gc6OSLink12OSModuleInfoEPvE_4_FUNES5_S6_
                0x8000384c       0x84 OWR.o
 .text._ZN3mod3owr3OWR10DrawStringEPKcffjf
                0x800038d0       0xfc OWR.o
                0x800038d0                _ZN3mod3owr3OWR10DrawStringEPKcffjf
 .text.startup._GLOBAL__sub_I__Z13strcpy_StringPcPKc
                0x800039cc       0x14 OWR.o
 .text._ZN3mod3owr12StateManagerC2Ev
                0x800039e0       0x48 StateManager.o
                0x800039e0                _ZN3mod3owr12StateManagerC2Ev
                0x800039e0                _ZN3mod3owr12StateManagerC1Ev
 .text._ZN3modL13mod_if_func22Ev
                0x80003a28       0x54 con_mario.o
 .text.startup._GLOBAL__sub_I__ZN3mod13mario_set_posE
                0x80003a7c       0x88 con_mario.o
 .text._ZN3modL13mod_if_func46Ev
                0x80003b04      0x19c con_perf.o
 .text._ZN3modL13mod_if_func29Ev
                0x80003ca0       0xbc con_perf.o
 .text.startup._GLOBAL__sub_I__ZN3mod15perf_fake_spikeE
                0x80003d5c       0xd4 con_perf.o
 .text._ZZN3modL13mod_if_func16EvENUlPN4ttyd6seqdrv7SeqInfoEE_4_FUNES3_
                0x80003e30       0x44 con_seq.o
 .text._ZN3modL13mod_if_func16Ev
                0x80003e74       0x74 con_seq.o
 .text.startup._GLOBAL__sub_I__ZN3mod13seq_logo_skipE
                0x80003ee8       0x8c con_seq.o
 .text._ZN3mod13ConsoleSystem4initEv
                0x80003f74       0x38 console.o
                0x80003f74                _ZN3mod13ConsoleSystem4initEv
 .text._ZN3mod13ConsoleSystem8logColorEPKcN2gc6color4E
                0x80003fac      0x2a8 console.o
                0x80003fac                _ZN3mod13ConsoleSystem8logColorEPKcN2gc6color4E
 .text._ZN3mod13ConsoleSystem7logInfoEPKcz
                0x80004254       0xb8 console.o
                0x80004254                _ZN3mod13ConsoleSystem7logInfoEPKcz
 .text._ZN3mod7CC_findEPKc
                0x8000430c      0x12c console.o
                0x8000430c                _ZN3mod7CC_findEPKc
 .text._ZN3mod13ConsoleSystem10logWarningEPKcz
                0x80004438       0xbc console.o
                0x80004438                _ZN3mod13ConsoleSystem10logWarningEPKcz
 .text._ZN3mod13ConsoleSystem8logErrorEPKcz
                0x800044f4       0xbc console.o
                0x800044f4                _ZN3mod13ConsoleSystem8logErrorEPKcz
 .text._ZN3mod13ConsoleSystem7overlayEPKcz
                0x800045b0       0xd0 console.o
                0x800045b0                _ZN3mod13ConsoleSystem7overlayEPKcz
 .text._ZN3mod13ConsoleSystem8drawLineEiPKcN2gc6color4E
                0x80004680      0x15c console.o
                0x80004680                _ZN3mod13ConsoleSystem8drawLineEiPKcN2gc6color4E
 .text._ZN3mod13ConsoleSystem14processCommandEPKc
                0x800047dc      0x288 console.o
                0x800047dc                _ZN3mod13ConsoleSystem14processCommandEPKc
 .text._ZN3mod13ConsoleSystem12updatePromptEv
                0x80004a64      0x974 console.o
                0x80004a64                _ZN3mod13ConsoleSystem12updatePromptEv
 .text._ZN3mod13ConsoleSystem14updateUsbGeckoEv.part.0
                0x800053d8      0x19c console.o
 .text._ZN3mod13ConsoleSystem6updateEv
                0x80005574       0x70 console.o
                0x80005574                _ZN3mod13ConsoleSystem6updateEv
 .text._ZN3mod13ConsoleSystem4dispEv
                0x800055e4      0x5f0 console.o
                0x800055e4                _ZN3mod13ConsoleSystem4dispEv
 .text._ZZN3mod13ConsoleSystem6updateEvENUlN4ttyd7dispdrv8CameraIdEPvE_4_FUNES3_S4_
                0x80005bd4        0x8 console.o
 .text.startup._GLOBAL__sub_I__ZN3mod10ConCommand6sFirstE
                0x80005bdc      0x1ac console.o
 .text._Znwj    0x80005d88        0xc cxx.o
                0x80005d88                _Znwj
 .text._Znaj    0x80005d94        0xc cxx.o
                0x80005d94                _Znaj
 .text._ZdaPv   0x80005da0        0xc cxx.o
                0x80005da0                _ZdaPv
 .text._Z10checkHeapsv
                0x80005dac      0x560 errorHandling.o
                0x80005dac                _Z10checkHeapsv
 .text._Z17drawErrorMessagesv
                0x8000630c      0x234 errorHandling.o
                0x8000630c                _Z17drawErrorMessagesv
 .text._Z25checkForNpcNameToPtrErrorPKc
                0x80006540       0x90 errorHandling.o
                0x80006540                _Z25checkForNpcNameToPtrErrorPKc
 .text._Z24preventAnimPoseMainCrashi
                0x800065d0       0x54 errorHandling.o
                0x800065d0                _Z24preventAnimPoseMainCrashi
 .text.startup._GLOBAL__sub_I_npcNameToPtrErrorInfo
                0x80006624       0x1c errorHandling.o
 .text.exit._GLOBAL__sub_D_npcNameToPtrErrorInfo
                0x80006640       0x14 errorHandling.o
 .text._ZL22fixPouchInitMemoryLeakij
                0x80006654       0x60 gamePatches.o
 .text._ZL12autoMashTextN2gc3pad5PadIdE
                0x800066b4       0x54 gamePatches.o
 .text._ZL14fixMapProblemsv
                0x80006708      0x12c gamePatches.o
 .text.cFixBlooperCrash1
                0x80006834       0x4c gamePatches.o
                0x80006834                cFixBlooperCrash1
 .text._Z14applyGameFixesv
                0x80006880       0x68 gamePatches.o
                0x80006880                _Z14applyGameFixesv
 .text._Z23applyVariousGamePatchesv
                0x800068e8       0xdc gamePatches.o
                0x800068e8                _Z23applyVariousGamePatchesv
 .text._ZN3mod8KeyboardC2Ei
                0x800069c4       0x84 keyboard.o
                0x800069c4                _ZN3mod8KeyboardC2Ei
                0x800069c4                _ZN3mod8KeyboardC1Ei
 .text._ZN3mod8Keyboard6updateEv
                0x80006a48      0x59c keyboard.o
                0x80006a48                _ZN3mod8Keyboard6updateEv
 .text._ZZN3mod3Mod4initEvENUlvE0_4_FUNEv
                0x80006fe4        0x4 mod.o
 .text._ZZN3mod3Mod11updateEarlyEvENUlN4ttyd7dispdrv8CameraIdEPvE_4_FUNES3_S4_
                0x80006fe8       0x30 mod.o
 .text._ZZN3mod3Mod4initEvENUlvE_4_FUNEv
                0x80007018       0x98 mod.o
 .text._ZN3mod3ModC2Ev
                0x800070b0       0xa0 mod.o
                0x800070b0                _ZN3mod3ModC2Ev
                0x800070b0                _ZN3mod3ModC1Ev
 .text._ZN3mod3Mod4initEv
                0x80007150      0x194 mod.o
                0x80007150                _ZN3mod3Mod4initEv
 .text.startup._ZN3mod4mainEv
                0x800072e4       0x38 mod.o
                0x800072e4                _ZN3mod4mainEv
 .text._ZN3mod5patch17clear_DC_IC_CacheEPvj
                0x8000731c       0x40 patch.o
                0x8000731c                _ZN3mod5patch17clear_DC_IC_CacheEPvj
 .text._ZN3mod5patch11writeBranchEPvS1_
                0x8000735c       0x4c patch.o
                0x8000735c                _ZN3mod5patch11writeBranchEPvS1_
 .text._ZN3mod5patch14writeEvtBranchEPiPKib
                0x800073a8       0x1c patch.o
                0x800073a8                _ZN3mod5patch14writeEvtBranchEPiPKib
 .text._ZN3mod5patch13writeBranchBLEPvS1_
                0x800073c4       0x50 patch.o
                0x800073c4                _ZN3mod5patch13writeBranchBLEPvS1_
 .text._ZN3mod5patch10writePatchEPvPKvj
                0x80007414       0x7c patch.o
                0x80007414                _ZN3mod5patch10writePatchEPvPKvj
 .text._ZN3mod5patch10writePatchEPvj
                0x80007490       0x6c patch.o
                0x80007490                _ZN3mod5patch10writePatchEPvj
 .text._ZN3mod5patch15writeBranchPairEPvS1_S1_
                0x800074fc       0x80 patch.o
                0x800074fc                _ZN3mod5patch15writeBranchPairEPvS1_S1_
 .text.snprintf
                0x8000757c       0xe4 printf.o
                0x8000757c                snprintf
 .text._prolog  0x80007660       0xac rel.o
                0x80007660                _prolog
 .text._epilog  0x8000770c       0xac rel.o
                0x8000770c                _epilog
 .text._unresolved
                0x800077b8        0x4 rel.o
                0x800077b8                _unresolved
 .text._ZN3mod7ugProbeEi
                0x800077bc      0x110 ug.o
                0x800077bc                _ZN3mod7ugProbeEi
 .text._ZN3mod6ugSendEiPKvi
                0x800078cc      0x12c ug.o
                0x800078cc                _ZN3mod6ugSendEiPKvi
 .text._ZN3mod6ugRecvEiPvi
                0x800079f8      0x124 ug.o
                0x800079f8                _ZN3mod6ugRecvEiPvi
 .text.strstr   0x80007b1c       0xf0 util.o
                0x80007b1c                strstr
 .text._ZN3mod4util26checkButtonComboEveryFrameEj
                0x80007c0c       0x40 util.o
                0x80007c0c                _ZN3mod4util26checkButtonComboEveryFrameEj
 .text._ZN3mod4util10ptrIsValidEPv
                0x80007c4c       0x30 util.o
                0x80007c4c                _ZN3mod4util10ptrIsValidEPv
 .text._ZN3mod4util10intToFloatEi
                0x80007c7c       0x30 util.o
                0x80007c7c                _ZN3mod4util10intToFloatEi
 .text._ZN3mod4util25getTextMultilineIncrementEPKcfj
                0x80007cac       0x58 util.o
                0x80007cac                _ZN3mod4util25getTextMultilineIncrementEPKcfj
 .text._Z15ApplyAaaPatchesPN2gc6OSLink12OSModuleInfoE
                0x80007d04       0x50 aaa.o
                0x80007d04                _Z15ApplyAaaPatchesPN2gc6OSLink12OSModuleInfoE
 .text._Z15ApplyAjiPatchesPN2gc6OSLink12OSModuleInfoE
                0x80007d54      0x8ac aji.o
                0x80007d54                _Z15ApplyAjiPatchesPN2gc6OSLink12OSModuleInfoE
 .text._Z15ApplyBomPatchesPN2gc6OSLink12OSModuleInfoE
                0x80008600      0x32c bom.o
                0x80008600                _Z15ApplyBomPatchesPN2gc6OSLink12OSModuleInfoE
 .text._Z15ApplyDouPatchesPN2gc6OSLink12OSModuleInfoE
                0x8000892c      0x30c dou.o
                0x8000892c                _Z15ApplyDouPatchesPN2gc6OSLink12OSModuleInfoE
 .text._Z15ApplyEkiPatchesPN2gc6OSLink12OSModuleInfoE
                0x80008c38      0x280 eki.o
                0x80008c38                _Z15ApplyEkiPatchesPN2gc6OSLink12OSModuleInfoE
 .text._Z15ApplyEndPatchesPN2gc6OSLink12OSModuleInfoE
                0x80008eb8       0x30 end.o
                0x80008eb8                _Z15ApplyEndPatchesPN2gc6OSLink12OSModuleInfoE
 .text._Z15ApplyGonPatchesPN2gc6OSLink12OSModuleInfoE
                0x80008ee8      0x354 gon.o
                0x80008ee8                _Z15ApplyGonPatchesPN2gc6OSLink12OSModuleInfoE
 .text._Z17ApplyGor00PatchesPN2gc6OSLink12OSModuleInfoE
                0x8000923c      0x624 gor_00.o
                0x8000923c                _Z17ApplyGor00PatchesPN2gc6OSLink12OSModuleInfoE
 .text.startup._GLOBAL__sub_I__Z17ApplyGor00PatchesPN2gc6OSLink12OSModuleInfoE
                0x80009860       0x14 gor_00.o
 .text._Z17ApplyGor01PatchesPN2gc6OSLink12OSModuleInfoE
                0x80009874      0x444 gor_01.o
                0x80009874                _Z17ApplyGor01PatchesPN2gc6OSLink12OSModuleInfoE
 .text._Z17ApplyGor02PatchesPN2gc6OSLink12OSModuleInfoE
                0x80009cb8      0x450 gor_02.o
                0x80009cb8                _Z17ApplyGor02PatchesPN2gc6OSLink12OSModuleInfoE
 .text._Z17ApplyGor03PatchesPN2gc6OSLink12OSModuleInfoE
                0x8000a108      0x4d8 gor_03.o
                0x8000a108                _Z17ApplyGor03PatchesPN2gc6OSLink12OSModuleInfoE
 .text._Z17ApplyGor04PatchesPN2gc6OSLink12OSModuleInfoE
                0x8000a5e0      0x17c gor_04.o
                0x8000a5e0                _Z17ApplyGor04PatchesPN2gc6OSLink12OSModuleInfoE
 .text._Z19ApplyGorMiscPatchesPN2gc6OSLink12OSModuleInfoE
                0x8000a75c      0x140 gor_misc.o
                0x8000a75c                _Z19ApplyGorMiscPatchesPN2gc6OSLink12OSModuleInfoE
 .text._Z15ApplyGraPatchesPN2gc6OSLink12OSModuleInfoE
                0x8000a89c      0x22c gra.o
                0x8000a89c                _Z15ApplyGraPatchesPN2gc6OSLink12OSModuleInfoE
 .text._Z15ApplyHeiPatchesPN2gc6OSLink12OSModuleInfoE
                0x8000aac8      0x244 hei.o
                0x8000aac8                _Z15ApplyHeiPatchesPN2gc6OSLink12OSModuleInfoE
 .text._Z15ApplyHomPatchesPN2gc6OSLink12OSModuleInfoE
                0x8000ad0c      0x140 hom.o
                0x8000ad0c                _Z15ApplyHomPatchesPN2gc6OSLink12OSModuleInfoE
 .text._Z15ApplyJinPatchesPN2gc6OSLink12OSModuleInfoE
                0x8000ae4c      0x324 jin.o
                0x8000ae4c                _Z15ApplyJinPatchesPN2gc6OSLink12OSModuleInfoE
 .text._Z15ApplyKpaPatchesPN2gc6OSLink12OSModuleInfoE
                0x8000b170       0xe4 kpa.o
                0x8000b170                _Z15ApplyKpaPatchesPN2gc6OSLink12OSModuleInfoE
 .text._Z24ApplyMainAssemblyPatchesv
                0x8000b254      0x56c main.o
                0x8000b254                _Z24ApplyMainAssemblyPatchesv
 .text._Z22ApplyMainScriptPatchesv
                0x8000b7c0      0x1e8 main.o
                0x8000b7c0                _Z22ApplyMainScriptPatchesv
 .text._Z15ApplyMriPatchesPN2gc6OSLink12OSModuleInfoE
                0x8000b9a8      0xc14 mri.o
                0x8000b9a8                _Z15ApplyMriPatchesPN2gc6OSLink12OSModuleInfoE
 .text._Z15ApplyMujPatchesPN2gc6OSLink12OSModuleInfoE
                0x8000c5bc      0x9f8 muj.o
                0x8000c5bc                _Z15ApplyMujPatchesPN2gc6OSLink12OSModuleInfoE
 .text._Z15ApplyNokPatchesPN2gc6OSLink12OSModuleInfoE
                0x8000cfb4      0x390 nok.o
                0x8000cfb4                _Z15ApplyNokPatchesPN2gc6OSLink12OSModuleInfoE
 .text._Z15ApplyPikPatchesPN2gc6OSLink12OSModuleInfoE
                0x8000d344      0x518 pik.o
                0x8000d344                _Z15ApplyPikPatchesPN2gc6OSLink12OSModuleInfoE
 .text._Z15ApplyRshPatchesPN2gc6OSLink12OSModuleInfoE
                0x8000d85c      0xed0 rsh.o
                0x8000d85c                _Z15ApplyRshPatchesPN2gc6OSLink12OSModuleInfoE
 .text._Z18checkChapterClearsPN4ttyd6evtmgr8EvtEntryEb
                0x8000e72c       0x8c tik.o
                0x8000e72c                _Z18checkChapterClearsPN4ttyd6evtmgr8EvtEntryEb
 .text._Z15ApplyTikPatchesPN2gc6OSLink12OSModuleInfoE
                0x8000e7b8      0x5c0 tik.o
                0x8000e7b8                _Z15ApplyTikPatchesPN2gc6OSLink12OSModuleInfoE
 .text._Z15ApplyTouPatchesPN2gc6OSLink12OSModuleInfoE
                0x8000ed78     0x1138 tou.o
                0x8000ed78                _Z15ApplyTouPatchesPN2gc6OSLink12OSModuleInfoE
 .text._Z16ApplyTou2PatchesPN2gc6OSLink12OSModuleInfoE
                0x8000feb0      0x384 tou2.o
                0x8000feb0                _Z16ApplyTou2PatchesPN2gc6OSLink12OSModuleInfoE
 .text._Z15ApplyUsuPatchesPN2gc6OSLink12OSModuleInfoE
                0x80010234      0x8fc usu.o
                0x80010234                _Z15ApplyUsuPatchesPN2gc6OSLink12OSModuleInfoE
 .text._Z15ApplyWinPatchesPN2gc6OSLink12OSModuleInfoE
                0x80010b30      0x32c win.o
                0x80010b30                _Z15ApplyWinPatchesPN2gc6OSLink12OSModuleInfoE
 .text.__divdi3
                0x80010e5c      0x3ec C:/devkitPro/devkitPPC/bin/../lib/gcc/powerpc-eabi/13.1.0\libgcc.a(_divdi3.o)
                0x80010e5c                __divdi3
 *(.gnu.warning)
 *(.gnu.linkonce.t.*)
                0x80011260                        . = ALIGN (0x20)
 *fill*         0x80011248       0x18 00000000

.text._ZN3mod13mario_set_posMUlPKcE_4_FUNES2_
                0x00000000       0x6c
 .text._ZN3mod13mario_set_posMUlPKcE_4_FUNES2_
                0x00000000       0x6c con_mario.o
                0x00000000                _ZN3mod13mario_set_posMUlPKcE_4_FUNES2_
                0x00000000                _ZN3mod13mario_set_posMUlPKcE_4_FUNES1_

.text._ZN3mod15perf_fake_spikeMUlPKcE_4_FUNES2_
                0x00000000       0xa8
 .text._ZN3mod15perf_fake_spikeMUlPKcE_4_FUNES2_
                0x00000000       0xa8 con_perf.o
                0x00000000                _ZN3mod15perf_fake_spikeMUlPKcE_4_FUNES1_
                0x00000000                _ZN3mod15perf_fake_spikeMUlPKcE_4_FUNES2_

.text._ZN3mod14seq_change_mapMUlPKcE_4_FUNES2_
                0x00000000       0xf0
 .text._ZN3mod14seq_change_mapMUlPKcE_4_FUNES2_
                0x00000000       0xf0 con_seq.o
                0x00000000                _ZN3mod14seq_change_mapMUlPKcE_4_FUNES2_
                0x00000000                _ZN3mod14seq_change_mapMUlPKcE_4_FUNES1_

.text._ZN3mod8con_monoMUlPNS_9ConIntVarEiE_4_FUNES2_i
                0x00000000       0x3c
 .text._ZN3mod8con_monoMUlPNS_9ConIntVarEiE_4_FUNES2_i
                0x00000000       0x3c console.o
                0x00000000                _ZN3mod8con_monoMUlPNS_9ConIntVarEiE_4_FUNES1_i
                0x00000000                _ZN3mod8con_monoMUlPNS_9ConIntVarEiE_4_FUNES2_i

.fini           0x0000003c        0x4
 *(.fini)
                0x00000040                        . = ALIGN (0x20)
 *fill*         0x0000003c        0x4 00000000
                [!provide]                        PROVIDE (__etext = .)
                [!provide]                        PROVIDE (_etext = .)
                [!provide]                        PROVIDE (etext = .)

.rodata         0x00000040     0xbf54
 *(.rodata)
 *(.rodata.*)
 .rodata._ZZN3mod3owr3OWR4InitEvENUlPKcE_4_FUNES3_.str1.4
                0x00000040       0x79 OWR.o
 *fill*         0x000000b9        0x3 
 .rodata._ZN3mod3owr3OWR6LZTestEv.str1.4
                0x000000bc        0x7 OWR.o
 *fill*         0x000000c3        0x1 
 .rodata._ZN3mod3owr3OWR14OnModuleLoadedEPN2gc6OSLink12OSModuleInfoE
                0x000000c4       0x74 OWR.o
 .rodata.cst4   0x00000138        0x4 OWR.o
 .rodata._ZN3mod13mario_set_posMUlPKcE_4_FUNES2_.str1.4
                0x0000013c        0x9 con_mario.o
 *fill*         0x00000145        0x3 
 .rodata._ZN3modL13mod_if_func22Ev.str1.4
                0x00000148       0x20 con_mario.o
 .rodata._GLOBAL__sub_I__ZN3mod13mario_set_posE.str1.4
                0x00000168       0x1f con_mario.o
 *fill*         0x00000187        0x1 
 .rodata._ZN3modL13mod_if_func46Ev.str1.4
                0x00000188       0x5e con_perf.o
 *fill*         0x000001e6        0x2 
 .rodata._ZN3mod15perf_fake_spikeMUlPKcE_4_FUNES2_.str1.4
                0x000001e8        0x4 con_perf.o
 .rodata._ZN3modL13mod_if_func29Ev.str1.4
                0x000001ec       0x1c con_perf.o
 .rodata._GLOBAL__sub_I__ZN3mod15perf_fake_spikeE.str1.4
                0x00000208       0x2b con_perf.o
 *fill*         0x00000233        0x1 
 .rodata.cst4   0x00000234       0x14 con_perf.o
 .rodata._ZN3mod14seq_change_mapMUlPKcE_4_FUNES2_.str1.4
                0x00000248       0x20 con_seq.o
 .rodata._GLOBAL__sub_I__ZN3mod13seq_logo_skipE.str1.4
                0x00000268       0x1f con_seq.o
 *fill*         0x00000287        0x1 
 .rodata._ZN3mod13ConsoleSystem8logColorEPKcN2gc6color4E.str1.4
                0x00000288       0x83 console.o
 *fill*         0x0000030b        0x1 
 .rodata._ZN3mod7CC_findEPKc.str1.4
                0x0000030c       0x21 console.o
 *fill*         0x0000032d        0x3 
 .rodata._ZN3mod13ConsoleSystem14processCommandEPKc.str1.4
                0x00000330       0x2e console.o
 *fill*         0x0000035e        0x2 
 .rodata._ZN3mod13ConsoleSystem12updatePromptEv
                0x00000360      0x6c0 console.o
 .rodata._ZN3mod13ConsoleSystem14updateUsbGeckoEv.part.0.str1.4
                0x00000a20       0x75 console.o
 *fill*         0x00000a95        0x3 
 .rodata._ZN3mod13ConsoleSystem4dispEv.str1.4
                0x00000a98       0x16 console.o
 *fill*         0x00000aae        0x2 
 .rodata._GLOBAL__sub_I__ZN3mod10ConCommand6sFirstE.str1.4
                0x00000ab0       0x8d console.o
 .rodata._ZZN3mod13ConsoleSystem4dispEvE12kPromptColor
                0x00000b3d        0x4 console.o
 *fill*         0x00000b41        0x3 
 .rodata.cst4   0x00000b44        0x8 console.o
 .rodata._ZN21NpcNameToPtrErrorInfo16drawErrorMessageEv.str1.4
                0x00000b4c       0x1f errorHandling.o
 *fill*         0x00000b6b        0x1 
 .rodata._ZN21AnimPoseMainErrorInfo16drawErrorMessageEv.str1.4
                0x00000b6c       0x1f errorHandling.o
 *fill*         0x00000b8b        0x1 
 .rodata._Z10checkHeapsv.str1.4
                0x00000b8c       0x88 errorHandling.o
 .rodata.cst4   0x00000c14       0x10 errorHandling.o
 .rodata._ZL14fixMapProblemsv.str1.4
                0x00000c24       0x23 gamePatches.o
 *fill*         0x00000c47        0x1 
 .rodata.cst4   0x00000c48        0x4 mod.o
 .rodata.cst4   0x00000c4c        0x8 util.o
 .rodata._ZL20aji_17_init_evt_hook
                0x00000c54       0x10 aji.o
 .rodata._ZL19aji_17_init_evt_evt
                0x00000c64       0x4c aji.o
 .rodata._ZL20aji_10_init_evt_hook
                0x00000cb0       0x10 aji.o
 .rodata.str1.4
                0x00000cc0       0x43 aji.o
 *fill*         0x00000d03        0x1 
 .rodata._ZL19aji_10_init_evt_evt
                0x00000d04      0x284 aji.o
 .rodata._ZL18teshita3_init_hook
                0x00000f88       0x10 aji.o
 .rodata._ZL17teshita3_init_evt
                0x00000f98       0xc0 aji.o
 .rodata._ZL18teshita2_init_hook
                0x00001058       0x10 aji.o
 .rodata._ZL17teshita2_init_evt
                0x00001068       0xc0 aji.o
 .rodata._ZL20peach_evt_ele_2_hook
                0x00001128       0x24 aji.o
 .rodata._ZL19peach_evt_ele_2_evt
                0x0000114c       0x6c aji.o
 .rodata._ZL20aji_00_init_evt_hook
                0x000011b8       0x10 aji.o
 .rodata._ZL19aji_00_init_evt_evt
                0x000011c8       0x5c aji.o
 .rodata._ZL4npc4
                0x00001224       0x13 aji.o
 *fill*         0x00001237        0x1 
 .rodata._ZL4npc3
                0x00001238        0x7 aji.o
 *fill*         0x0000123f        0x1 
 .rodata._ZL4npc2
                0x00001240        0xf aji.o
 *fill*         0x0000124f        0x1 
 .rodata._ZL4npc1
                0x00001250        0x7 aji.o
 *fill*         0x00001257        0x1 
 .rodata._ZL12evt_elv_hook
                0x00001258       0x28 eki.o
 .rodata.str1.4
                0x00001280       0x30 eki.o
 .rodata._ZL11evt_elv_evt
                0x000012b0      0x104 eki.o
 .rodata._ZL21gor_00_init_evt2_hook
                0x000013b4       0x10 gor_00.o
 .rodata._ZL21gor_00_init_evt1_hook
                0x000013c4       0x10 gor_00.o
 .rodata.str1.4
                0x000013d4      0x2ce gor_00.o
 *fill*         0x000016a2        0x2 
 .rodata._ZL16gor_00_init_evt1
                0x000016a4      0x1f8 gor_00.o
 .rodata._ZL18korutesu_init_hook
                0x0000189c       0x10 gor_00.o
 .rodata._ZL17korutesu_init_evt
                0x000018ac       0x58 gor_00.o
 .rodata._ZL20suifubomb_b_talk_evt
                0x00001904       0xd4 gor_00.o
 .rodata._ZL21suifubomb_b_regl_hook
                0x000019d8       0x10 gor_00.o
 .rodata._ZL20suifubomb_b_regl_evt
                0x000019e8      0x120 gor_00.o
 .rodata._ZL20suifubomb_a_talk_evt
                0x00001b08      0x150 gor_00.o
 .rodata._ZL21suifubomb_a_regl_hook
                0x00001c58       0x10 gor_00.o
 .rodata._ZL20suifubomb_a_regl_evt
                0x00001c68       0x90 gor_00.o
 .rodata._ZL21suifubomb_a_init_hook
                0x00001cf8       0x10 gor_00.o
 .rodata._ZL20suifubomb_a_init_evt
                0x00001d08       0xc8 gor_00.o
 .rodata._ZL16suifu_b_talk_evt
                0x00001dd0       0xd4 gor_00.o
 .rodata._ZL20luigi_npcEnt_00_hook
                0x00001ea4       0x10 gor_00.o
 .rodata._ZL19luigi_npcEnt_00_evt
                0x00001eb4       0x80 gor_00.o
 .rodata._ZL18luigi_init_00_hook
                0x00001f34       0x10 gor_00.o
 .rodata._ZL17luigi_init_00_evt
                0x00001f44       0x50 gor_00.o
 .rodata._ZL16mokorim_init_evt
                0x00001f94       0x30 gor_00.o
 .rodata._ZL17suifu_b_init_hook
                0x00001fc4       0x10 gor_00.o
 .rodata._ZL16suifu_b_init_evt
                0x00001fd4       0xc8 gor_00.o
 .rodata._ZL17suifu_a_regl_hook
                0x0000209c       0x10 gor_00.o
 .rodata._ZL16suifu_a_regl_evt
                0x000020ac       0x80 gor_00.o
 .rodata._ZL16suifu_a_talk_evt
                0x0000212c       0xd4 gor_00.o
 .rodata._ZL19odoodo_ani_talk_evt
                0x00002200       0x20 gor_00.o
 .rodata._ZL15odoodo_talk_evt
                0x00002220      0x128 gor_00.o
 .rodata._ZL16odoodo_regl_hook
                0x00002348       0x10 gor_00.o
 .rodata._ZL15odoodo_regl_evt
                0x00002358       0x94 gor_00.o
 .rodata._ZL15odoodo_init_evt
                0x000023ec      0x114 gor_00.o
 .rodata._ZL17garawaru_talk_evt
                0x00002500       0xb8 gor_00.o
 .rodata._ZL18garawaru_regl_hook
                0x000025b8       0x10 gor_00.o
 .rodata._ZL17garawaru_regl_evt
                0x000025c8      0x120 gor_00.o
 .rodata._ZL18garawaru_init_hook
                0x000026e8       0x10 gor_00.o
 .rodata._ZL17garawaru_init_evt
                0x000026f8      0x140 gor_00.o
 .rodata._ZL7npcEnt2
                0x00002838        0x9 gor_00.o
 *fill*         0x00002841        0x3 
 .rodata._ZL6npcEnt
                0x00002844        0x9 gor_00.o
 *fill*         0x0000284d        0x3 
 .rodata.str1.4
                0x00002850       0xb2 gor_01.o
 *fill*         0x00002902        0x2 
 .rodata._ZL15bomhei_talk_evt
                0x00002904       0x20 gor_01.o
 .rodata._ZL16chusan2_talk_evt
                0x00002924       0x20 gor_01.o
 .rodata._ZL16chusan1_talk_evt
                0x00002944       0x20 gor_01.o
 .rodata._ZL16kuribo3_talk_evt
                0x00002964       0x20 gor_01.o
 .rodata._ZL16kuribo2_talk_evt
                0x00002984       0x20 gor_01.o
 .rodata._ZL16kuribo1_talk_evt
                0x000029a4       0x20 gor_01.o
 .rodata._ZL15roten2_talk_evt
                0x000029c4       0x20 gor_01.o
 .rodata._ZL15roten1_talk_evt
                0x000029e4       0x20 gor_01.o
 .rodata._ZL19shoptender_talk_evt
                0x00002a04       0x20 gor_01.o
 .rodata._ZL15kinoji_talk_evt
                0x00002a24       0x20 gor_01.o
 .rodata._ZL19bottakuru_init_hook
                0x00002a44       0x10 gor_01.o
 .rodata._ZL18bottakuru_init_evt
                0x00002a54       0x70 gor_01.o
 .rodata._ZL18marco_init_01_hook
                0x00002ac4       0x10 gor_01.o
 .rodata._ZL17marco_init_01_evt
                0x00002ad4       0x40 gor_01.o
 .rodata._ZL20badgemaster_talk_evt
                0x00002b14       0x20 gor_01.o
 .rodata._ZL15luigi_init_hook
                0x00002b34        0xc gor_02.o
 .rodata.str1.4
                0x00002b40      0x276 gor_02.o
 *fill*         0x00002db6        0x2 
 .rodata._ZL14luigi_init_evt
                0x00002db8       0x4c gor_02.o
 .rodata._ZL20tozokudan2_talk_hook
                0x00002e04        0xc gor_02.o
 .rodata._ZL19tozokudan2_talk_evt
                0x00002e10      0x160 gor_02.o
 .rodata._ZL20tozokudan1_talk_hook
                0x00002f70        0xc gor_02.o
 .rodata._ZL19tozokudan1_talk_evt
                0x00002f7c      0x160 gor_02.o
 .rodata._ZL20kurihakase_init_hook
                0x000030dc       0x10 gor_02.o
 .rodata._ZL19kurihakase_init_evt
                0x000030ec      0x294 gor_02.o
 .rodata._ZL19kurihakase_talk_evt
                0x00003380      0x2cc gor_02.o
 .rodata._ZL22evt_door_02_open_hook2
                0x0000364c       0x10 gor_02.o
 .rodata._ZL21evt_door_02_open_evt2
                0x0000365c       0xc4 gor_02.o
 .rodata._ZL21evt_door_02_open_hook
                0x00003720       0x10 gor_02.o
 .rodata._ZL20evt_door_02_open_evt
                0x00003730      0x188 gor_02.o
 .rodata._ZL21gor_02_init_evt2_hook
                0x000038b8       0x10 gor_02.o
 .rodata._ZL16gor_02_init_evt2
                0x000038c8       0xcc gor_02.o
 .rodata._ZL21gor_02_init_evt1_hook
                0x00003994       0x10 gor_02.o
 .rodata._ZL16gor_02_init_evt1
                0x000039a4      0x138 gor_02.o
 .rodata._ZL16borodo2_talk_evt
                0x00003adc       0x20 gor_02.o
 .rodata._ZL16borodo1_talk_evt
                0x00003afc       0x20 gor_02.o
 .rodata._ZL15roten3_talk_evt
                0x00003b1c       0x20 gor_02.o
 .rodata._ZL16chusan3_talk_evt
                0x00003b3c       0x20 gor_02.o
 .rodata._ZL16kuribo4_talk_evt
                0x00003b5c       0x20 gor_02.o
 .rodata._ZL20gor_03_init_evt_hook
                0x00003b7c       0x10 gor_03.o
 .rodata.str1.4
                0x00003b8c      0x129 gor_03.o
 *fill*         0x00003cb5        0x3 
 .rodata._ZL19gor_03_init_evt_evt
                0x00003cb8      0x160 gor_03.o
 .rodata._ZL16maffia3_talk_evt
                0x00003e18       0x20 gor_03.o
 .rodata._ZL16maffia2_talk_evt
                0x00003e38      0x140 gor_03.o
 .rodata._ZL16maffia1_talk_evt
                0x00003f78      0x140 gor_03.o
 .rodata._ZL26maffiaboss_casino_talk_evt
                0x000040b8       0x20 gor_03.o
 .rodata._ZL26maffiaboss_talk_common_evt
                0x000040d8      0x120 gor_03.o
 .rodata.str1.4
                0x000041f8        0x7 gor_misc.o
 *fill*         0x000041ff        0x1 
 .rodata._ZL9party_evt
                0x00004200       0x5c gor_misc.o
 .rodata.str1.4
                0x0000425c       0x18 gra.o
 .rodata._ZL17evt_machibuse_evt
                0x00004274       0x4c gra.o
 .rodata._ZL8doopliss
                0x000042c0        0xb gra.o
 *fill*         0x000042cb        0x1 
 .rodata.str1.4
                0x000042cc        0x7 hei.o
 *fill*         0x000042d3        0x1 
 .rodata._ZL9party_evt
                0x000042d4       0x5c hei.o
 .rodata._ZL20mri_09_init_evt_hook
                0x00004330       0x10 mri.o
 .rodata.str1.4
                0x00004340      0x19f mri.o
 *fill*         0x000044df        0x1 
 .rodata._ZL19mri_09_init_evt_evt
                0x000044e0      0x14c mri.o
 .rodata._ZL20mri_04_init_evt_hook
                0x0000462c       0x10 mri.o
 .rodata._ZL19mri_04_init_evt_evt
                0x0000463c       0x30 mri.o
 .rodata._ZL16bero_custom_hook
                0x0000466c       0x10 mri.o
 .rodata._ZL15bero_custom_evt
                0x0000467c       0x44 mri.o
 .rodata._ZL21mri_01_init_evt_hook2
                0x000046c0       0x10 mri.o
 .rodata._ZL19mri_01_init_evt_evt
                0x000046d0       0x30 mri.o
 .rodata._ZL18puniinfo_talk_hook
                0x00004700       0x10 mri.o
 .rodata._ZL20mri_03_init_evt_hook
                0x00004710       0x14 mri.o
 .rodata._ZL22mri_03_init_evt_switch
                0x00004724       0x9c mri.o
 .rodata._ZL20mri_01_init_evt_hook
                0x000047c0       0x14 mri.o
 .rodata._ZL22mri_01_init_evt_switch
                0x000047d4       0xb0 mri.o
 .rodata._ZL23mri_sister_init_01_hook
                0x00004884       0x10 mri.o
 .rodata._ZL22mri_sister_init_01_evt
                0x00004894       0xa8 mri.o
 .rodata._ZL16puni_2_init_hook
                0x0000493c       0x10 mri.o
 .rodata._ZL15puni_2_init_evt
                0x0000494c       0x78 mri.o
 .rodata._ZL16puni_1_talk_hook
                0x000049c4       0x10 mri.o
 .rodata._ZL15puni_1_talk_evt
                0x000049d4       0xb0 mri.o
 .rodata._ZL16puni_1_init_hook
                0x00004a84       0x10 mri.o
 .rodata._ZL15puni_1_init_evt
                0x00004a94       0x78 mri.o
 .rodata._ZL15elder_talk_hook
                0x00004b0c       0x10 mri.o
 .rodata._ZL14elder_talk_evt
                0x00004b1c       0xb8 mri.o
 .rodata._ZL22mri_elder_init_01_hook
                0x00004bd4       0x10 mri.o
 .rodata._ZL21mri_elder_init_01_evt
                0x00004be4       0xcc mri.o
 .rodata._ZL22mri_rival_init_01_hook
                0x00004cb0       0x10 mri.o
 .rodata._ZL21mri_rival_init_01_evt
                0x00004cc0       0xa8 mri.o
 .rodata._ZL18guide_init_01_hook
                0x00004d68       0x10 mri.o
 .rodata._ZL17guide_init_01_evt
                0x00004d78       0x8c mri.o
 .rodata._ZL15guide_talk_hook
                0x00004e04       0x10 mri.o
 .rodata._ZL14guide_talk_evt
                0x00004e14       0x98 mri.o
 .rodata._ZL18guide_init_00_hook
                0x00004eac       0x10 mri.o
 .rodata._ZL17guide_init_00_evt
                0x00004ebc      0x150 mri.o
 .rodata.str1.4
                0x0000500c      0x3e8 muj.o
 .rodata._ZL9party_evt
                0x000053f4       0x5c muj.o
 .rodata._ZL17koburon_dead_hook
                0x00005450      0x158 muj.o
 .rodata._ZL16koburon_dead_evt
                0x000055a8      0x238 muj.o
 .rodata._ZL20muj_01_init_evt_hook
                0x000057e0       0x14 muj.o
 .rodata._ZL19muj_01_init_evt_evt
                0x000057f4       0x50 muj.o
 .rodata._ZL21borosuifu_b_talk_hook
                0x00005844       0x10 muj.o
 .rodata._ZL20borosuifu_b_talk_evt
                0x00005854       0xf8 muj.o
 .rodata._ZL21borosuifu_a_talk_hook
                0x0000594c       0x10 muj.o
 .rodata._ZL20borosuifu_a_talk_evt
                0x0000595c       0xf8 muj.o
 .rodata._ZL24suifu_d_talk_muj_01_hook
                0x00005a54       0x10 muj.o
 .rodata._ZL23suifu_d_talk_muj_01_evt
                0x00005a64       0xf8 muj.o
 .rodata._ZL20suifu_bomb_talk_hook
                0x00005b5c       0x10 muj.o
 .rodata._ZL19suifu_bomb_talk_evt
                0x00005b6c       0xf4 muj.o
 .rodata._ZL20suifu_bomb_init_hook
                0x00005c60       0x10 muj.o
 .rodata._ZL19suifu_bomb_init_evt
                0x00005c70       0x30 muj.o
 .rodata._ZL24suifu_a_talk_muj_01_hook
                0x00005ca0       0x10 muj.o
 .rodata._ZL23suifu_a_talk_muj_01_evt
                0x00005cb0       0xf4 muj.o
 .rodata._ZL24suifu_a_init_muj_01_hook
                0x00005da4       0x10 muj.o
 .rodata._ZL23suifu_a_init_muj_01_evt
                0x00005db4       0x30 muj.o
 .rodata._ZL23odoodo_init_muj_01_hook
                0x00005de4       0x10 muj.o
 .rodata._ZL22odoodo_init_muj_01_evt
                0x00005df4       0x30 muj.o
 .rodata._ZL23megane_init_muj_01_hook
                0x00005e24       0x10 muj.o
 .rodata._ZL22megane_init_muj_01_evt
                0x00005e34       0x30 muj.o
 .rodata._ZL22marco_init_muj_01_hook
                0x00005e64       0x10 muj.o
 .rodata._ZL21marco_init_muj_01_evt
                0x00005e74       0xcc muj.o
 .rodata._ZL25garawaru_talk_muj_01_hook
                0x00005f40       0x10 muj.o
 .rodata._ZL24garawaru_talk_muj_01_evt
                0x00005f50      0x4b4 muj.o
 .rodata._ZL25garawaru_init_muj_01_hook
                0x00006404       0x10 muj.o
 .rodata._ZL24garawaru_init_muj_01_evt
                0x00006414      0x11c muj.o
 .rodata._ZL20muj_00_init_evt_hook
                0x00006530       0x44 muj.o
 .rodata._ZL21muj_00_init_evt_evt_2
                0x00006574       0x70 muj.o
 .rodata._ZL19muj_00_init_evt_evt
                0x000065e4       0x40 muj.o
 .rodata._ZL22peton_talk_muj_00_hook
                0x00006624       0x10 muj.o
 .rodata._ZL21peton_talk_muj_00_evt
                0x00006634       0x8c muj.o
 .rodata._ZL21mony_talk_muj_00_hook
                0x000066c0       0x10 muj.o
 .rodata._ZL20mony_talk_muj_00_evt
                0x000066d0       0x8c muj.o
 .rodata._ZL17nokorin_talk_hook
                0x0000675c       0x10 nok.o
 .rodata.str1.4
                0x0000676c      0x4ee nok.o
 *fill*         0x00006c5a        0x2 
 .rodata._ZL16nokorin_talk_evt
                0x00006c5c      0x2f4 nok.o
 .rodata._ZL19boss_noko_talk_hook
                0x00006f50       0x10 nok.o
 .rodata._ZL18boss_noko_talk_evt
                0x00006f60      0x164 nok.o
 .rodata._ZL20nokonoko_K_talk_hook
                0x000070c4       0x10 nok.o
 .rodata._ZL19nokonoko_K_talk_evt
                0x000070d4       0xd4 nok.o
 .rodata._ZL18nokopapa_talk_hook
                0x000071a8       0x10 nok.o
 .rodata._ZL17nokopapa_talk_evt
                0x000071b8      0x128 nok.o
 .rodata._ZL16monban_talk_hook
                0x000072e0       0x10 nok.o
 .rodata._ZL15monban_talk_evt
                0x000072f0      0x11c nok.o
 .rodata._ZL20nokonoko_I_talk_hook
                0x0000740c       0x10 nok.o
 .rodata._ZL19nokonoko_I_talk_evt
                0x0000741c       0xd4 nok.o
 .rodata._ZL20nokonoko_H_talk_hook
                0x000074f0       0x10 nok.o
 .rodata._ZL19nokonoko_H_talk_evt
                0x00007500       0xfc nok.o
 .rodata._ZL20nokonoko_G_talk_hook
                0x000075fc       0x10 nok.o
 .rodata._ZL19nokonoko_G_talk_evt
                0x0000760c       0xd4 nok.o
 .rodata._ZL15talk_white_hook
                0x000076e0       0x10 nok.o
 .rodata._ZL14talk_white_evt
                0x000076f0       0xa4 nok.o
 .rodata._ZL15init_white_hook
                0x00007794       0x10 nok.o
 .rodata._ZL14init_white_evt
                0x000077a4       0x44 nok.o
 .rodata._ZL20nokonoko_F_talk_hook
                0x000077e8       0x10 nok.o
 .rodata._ZL19nokonoko_F_talk_evt
                0x000077f8       0xd4 nok.o
 .rodata._ZL20nokonoko_D_talk_hook
                0x000078cc       0x10 nok.o
 .rodata._ZL19nokonoko_D_talk_evt
                0x000078dc       0xfc nok.o
 .rodata._ZL20nokonoko_C_talk_hook
                0x000079d8       0x10 nok.o
 .rodata._ZL19nokonoko_C_talk_evt
                0x000079e8       0xd4 nok.o
 .rodata._ZL20nokonoko_B_talk_hook
                0x00007abc       0x10 nok.o
 .rodata._ZL19nokonoko_B_talk_evt
                0x00007acc       0xd4 nok.o
 .rodata._ZL20nokonoko_A_talk_hook
                0x00007ba0       0x10 nok.o
 .rodata._ZL19nokonoko_A_talk_evt
                0x00007bb0      0x10c nok.o
 .rodata._ZL14evt_daiza_hook
                0x00007cbc       0x1c pik.o
 .rodata.str1.4
                0x00007cd8      0x142 pik.o
 *fill*         0x00007e1a        0x2 
 .rodata._ZL13evt_daiza_evt
                0x00007e1c       0x5c pik.o
 .rodata._ZL18pik_evt_powan_hook
                0x00007e78       0x28 pik.o
 .rodata._ZL17pik_evt_powan_evt
                0x00007ea0       0x94 pik.o
 .rodata._ZL16takun6_talk_hook
                0x00007f34       0x10 pik.o
 .rodata._ZL15takun6_talk_evt
                0x00007f44       0x78 pik.o
 .rodata._ZL16takun5_talk_hook
                0x00007fbc       0x10 pik.o
 .rodata._ZL15takun5_talk_evt
                0x00007fcc       0x78 pik.o
 .rodata._ZL16takun4_talk_hook
                0x00008044       0x10 pik.o
 .rodata._ZL15takun4_talk_evt
                0x00008054       0xb4 pik.o
 .rodata._ZL18miyageya_talk_hook
                0x00008108       0x28 pik.o
 .rodata._ZL17miyageya_talk_evt
                0x00008130      0x114 pik.o
 .rodata._ZL28talk_madam_ring_return_hook2
                0x00008244       0x10 rsh.o
 .rodata._ZL28talk_madam_ring_return_hook1
                0x00008254       0x10 rsh.o
 .rodata._ZL26talk_madam_ring_return_evt
                0x00008264       0x78 rsh.o
 .rodata._ZL16init_konari_hook
                0x000082dc       0x10 rsh.o
 .rodata._ZL14init_papa_hook
                0x000082ec       0x10 rsh.o
 .rodata.str1.4
                0x000082fc      0x1d5 rsh.o
 *fill*         0x000084d1        0x3 
 .rodata._ZL15init_konari_evt
                0x000084d4       0x9c rsh.o
 .rodata._ZL15init_powan_hook
                0x00008570       0x10 rsh.o
 .rodata._ZL14init_powan_evt
                0x00008580       0xec rsh.o
 .rodata._ZL19talk_waitless_hook2
                0x0000866c       0x10 rsh.o
 .rodata._ZL19talk_waitless_hook1
                0x0000867c       0x10 rsh.o
 .rodata._ZL17talk_waitless_evt
                0x0000868c       0x78 rsh.o
 .rodata._ZL21rsh_01_init_evt_hook2
                0x00008704       0x10 rsh.o
 .rodata._ZL19rsh_01_init_evt_evt
                0x00008714       0x8c rsh.o
 .rodata._ZL20rsh_00_init_evt_hook
                0x000087a0       0x10 rsh.o
 .rodata._ZL19rsh_00_init_evt_evt
                0x000087b0       0xb8 rsh.o
 .rodata._ZL20rsh_04_init_evt_hook
                0x00008868       0x10 rsh.o
 .rodata._ZL20rsh_03_init_evt_hook
                0x00008878       0x10 rsh.o
 .rodata._ZL20rsh_02_init_evt_hook
                0x00008888       0x10 rsh.o
 .rodata._ZL21rsh_01_init_evt_hook1
                0x00008898       0x10 rsh.o
 .rodata._ZL19rsh_04_init_evt_evt
                0x000088a8       0xa4 rsh.o
 .rodata._ZL26rsh_03_init_evt_music_hook
                0x0000894c       0x10 rsh.o
 .rodata._ZL21rsh_03_init_evt_music
                0x0000895c      0x1f8 rsh.o
 .rodata._ZL26rsh_02_init_evt_music_hook
                0x00008b54       0x10 rsh.o
 .rodata._ZL21rsh_02_init_evt_music
                0x00008b64      0x270 rsh.o
 .rodata._ZL26rsh_01_init_evt_music_hook
                0x00008dd4       0x10 rsh.o
 .rodata._ZL21rsh_01_init_evt_music
                0x00008de4      0x1f8 rsh.o
 .rodata._ZL26rsh_00_init_evt_music_hook
                0x00008fdc       0x10 rsh.o
 .rodata._ZL21rsh_00_init_evt_music
                0x00008fec      0x1f8 rsh.o
 .rodata._ZL26rsh_04_init_evt_music_hook
                0x000091e4       0x10 rsh.o
 .rodata._ZL21rsh_04_init_evt_music
                0x000091f4      0x1f8 rsh.o
 .rodata._ZL20rsh_06_init_evt_hook
                0x000093ec       0x10 rsh.o
 .rodata._ZL19rsh_06_init_evt_evt
                0x000093fc      0x178 rsh.o
 .rodata._ZL21tik_05_init_evt_hook2
                0x00009574       0x14 tik.o
 .rodata.str1.4
                0x00009588      0x227 tik.o
 *fill*         0x000097af        0x1 
 .rodata._ZL20tik_05_init_evt_evt2
                0x000097b0       0xd4 tik.o
 .rodata._ZL24tik_kurihakase_init_hook
                0x00009884       0x10 tik.o
 .rodata._ZL23tik_kurihakase_init_evt
                0x00009894       0x7c tik.o
 .rodata._ZL18master_2_talk_hook
                0x00009910       0x10 tik.o
 .rodata._ZL17master_2_talk_evt
                0x00009920      0x180 tik.o
 .rodata._ZL17borodo4_talk_hook
                0x00009aa0       0x10 tik.o
 .rodata._ZL16borodo4_talk_evt
                0x00009ab0      0x180 tik.o
 .rodata._ZL17borodo3_talk_hook
                0x00009c30       0x10 tik.o
 .rodata._ZL16borodo3_talk_evt
                0x00009c40      0x180 tik.o
 .rodata._ZL17chusan4_talk_hook
                0x00009dc0       0x10 tik.o
 .rodata._ZL16chusan4_talk_evt
                0x00009dd0      0x180 tik.o
 .rodata._ZL17kuribo5_talk_hook
                0x00009f50       0x10 tik.o
 .rodata._ZL16kuribo5_talk_evt
                0x00009f60      0x180 tik.o
 .rodata.str1.4
                0x0000a0e0       0x64 tou.o
 .rodata._ZL9party_evt
                0x0000a144       0x5c tou.o
 .rodata._ZL20tou_04_init_evt_hook
                0x0000a1a0       0x10 tou.o
 .rodata._ZL19tou_04_init_evt_evt
                0x0000a1b0       0x78 tou.o
 .rodata._ZL14yoshi_gswf_evt
                0x0000a228       0x14 tou.o
 .rodata._ZL15jolene_egg_hook
                0x0000a23c       0x10 tou.o
 .rodata._ZL14jolene_egg_evt
                0x0000a24c      0x220 tou.o
 .rodata._ZL16talk_sakaba_hook
                0x0000a46c       0x10 tou.o
 .rodata._ZL15talk_sakaba_evt
                0x0000a47c       0x84 tou.o
 .rodata._ZL6jolene
                0x0000a500        0xb tou.o
 *fill*         0x0000a50b        0x1 
 .rodata.str1.4
                0x0000a50c      0x4bc usu.o
 .rodata._ZL9party_evt
                0x0000a9c8       0x5c usu.o
 .rodata._ZL23village_chief_init_hook
                0x0000aa24        0xc usu.o
 .rodata._ZL22village_chief_init_evt
                0x0000aa30       0x58 usu.o
 .rodata._ZL27village_chief_pig_init_hook
                0x0000aa88        0xc usu.o
 .rodata._ZL26village_chief_pig_init_evt
                0x0000aa94       0x70 usu.o
 .rodata._ZL23village_chief_talk_hook
                0x0000ab04        0xc usu.o
 .rodata._ZL22village_chief_talk_evt
                0x0000ab10      0x1c8 usu.o
 .rodata._ZL20gatekeeper_init_hook
                0x0000acd8        0xc usu.o
 .rodata._ZL19gatekeeper_init_evt
                0x0000ace4       0x9c usu.o
 .rodata._ZL24gatekeeper_pig_init_hook
                0x0000ad80        0xc usu.o
 .rodata._ZL23gatekeeper_pig_init_evt
                0x0000ad8c       0x88 usu.o
 .rodata._ZL20gatekeeper_talk_hook
                0x0000ae14        0xc usu.o
 .rodata._ZL19gatekeeper_talk_evt
                0x0000ae20      0x114 usu.o
 .rodata._ZL20usu_00_init_evt_hook
                0x0000af34       0x10 usu.o
 .rodata._ZL19usu_00_init_evt_evt
                0x0000af44       0x5c usu.o
 .rodata._ZL20shop_woman_talk_hook
                0x0000afa0       0x10 usu.o
 .rodata._ZL19shop_woman_talk_evt
                0x0000afb0       0x78 usu.o
 .rodata._ZL18shop_man_talk_hook
                0x0000b028       0x10 usu.o
 .rodata._ZL17shop_man_talk_evt
                0x0000b038       0x78 usu.o
 .rodata._ZL19villagerJ_talk_hook
                0x0000b0b0       0x10 usu.o
 .rodata._ZL18villagerJ_talk_evt
                0x0000b0c0      0x104 usu.o
 .rodata._ZL19villagerI_talk_hook
                0x0000b1c4       0x10 usu.o
 .rodata._ZL18villagerI_talk_evt
                0x0000b1d4      0x104 usu.o
 .rodata._ZL19villagerH_talk_hook
                0x0000b2d8       0x10 usu.o
 .rodata._ZL18villagerH_talk_evt
                0x0000b2e8       0xd0 usu.o
 .rodata._ZL19villagerG_talk_hook
                0x0000b3b8       0x10 usu.o
 .rodata._ZL18villagerG_talk_evt
                0x0000b3c8       0xf0 usu.o
 .rodata._ZL19villagerF_talk_hook
                0x0000b4b8       0x10 usu.o
 .rodata._ZL18villagerF_talk_evt
                0x0000b4c8       0xf0 usu.o
 .rodata._ZL19villagerK_talk_hook
                0x0000b5b8       0x10 usu.o
 .rodata._ZL18villagerK_talk_evt
                0x0000b5c8      0x130 usu.o
 .rodata._ZL19villagerE_talk_hook
                0x0000b6f8       0x10 usu.o
 .rodata._ZL18villagerE_talk_evt
                0x0000b708      0x130 usu.o
 .rodata._ZL19villagerD_talk_hook
                0x0000b838       0x10 usu.o
 .rodata._ZL18villagerD_talk_evt
                0x0000b848      0x194 usu.o
 .rodata._ZL19villagerC_talk_hook
                0x0000b9dc       0x10 usu.o
 .rodata._ZL18villagerC_talk_evt
                0x0000b9ec       0xfc usu.o
 .rodata._ZL19villagerB_talk_hook
                0x0000bae8       0x10 usu.o
 .rodata._ZL18villagerB_talk_evt
                0x0000baf8       0xfc usu.o
 .rodata._ZL19villagerA_talk_hook
                0x0000bbf4       0x10 usu.o
 .rodata._ZL18villagerA_talk_evt
                0x0000bc04      0x130 usu.o
 .rodata._ZL19villagerA_init_hook
                0x0000bd34       0x10 usu.o
 .rodata._ZL18villagerA_init_evt
                0x0000bd44       0x6c usu.o
 .rodata._ZL5mayor
                0x0000bdb0        0x5 usu.o
 *fill*         0x0000bdb5        0x3 
 .rodata._ZL9mayor_pig
                0x0000bdb8        0x9 usu.o
 *fill*         0x0000bdc1        0x3 
 .rodata._ZL8doopliss
                0x0000bdc4        0xb usu.o
 *fill*         0x0000bdcf        0x1 
 .rodata._ZL10gatekeeper
                0x0000bdd0        0x5 usu.o
 *fill*         0x0000bdd5        0x3 
 .rodata._ZL14gatekeeper_pig
                0x0000bdd8        0x9 usu.o
 *fill*         0x0000bde1        0x3 
 .rodata._ZL12usuVillagerA
                0x0000bde4        0x7 usu.o
 *fill*         0x0000bdeb        0x1 
 .rodata.str1.4
                0x0000bdec       0x1c win.o
 .rodata._ZL9party_evt
                0x0000be08       0x5c win.o
 .rodata._ZL20win_00_init_evt_hook
                0x0000be64       0x10 win.o
 .rodata._ZL19win_00_init_evt_evt
                0x0000be74       0x30 win.o
 .rodata._ZL16majorin_init_evt
                0x0000bea4       0x30 win.o
 .rodata._ZL16maririn_init_evt
                0x0000bed4       0x30 win.o
 .rodata._ZL20win_vivian_init_hook
                0x0000bf04       0x10 win.o
 .rodata._ZL19win_vivian_init_evt
                0x0000bf14       0x80 win.o
 *(.gnu.linkonce.r.*)

.rodata1
 *(.rodata1)

.sdata2         0x0000bf94        0x0
                [!provide]                        PROVIDE (_SDA2_BASE_ = .)
 *(.sdata2)
 *(.sdata2.*)
 *(.gnu.linkonce.s2.*)

.sbss2
 *(.sbss2)
 *(.sbss2.*)
 *(.gnu.linkonce.sb2.*)
                0x0000bf94                        . = ALIGN (0x4)
                [!provide]                        PROVIDE (__preinit_array_start = .)

.preinit_array
 *(.preinit_array)
                [!provide]                        PROVIDE (__preinit_array_end = .)
                [!provide]                        PROVIDE (__init_array_start = .)

.init_array
 *(.init_array)
                [!provide]                        PROVIDE (__init_array_end = .)
                [!provide]                        PROVIDE (__fini_array_start = .)

.fini_array
 *(.fini_array)
                [!provide]                        PROVIDE (__fini_array_end = .)

.data           0x0000bf94      0x2ec
 *(.data)
 *(.data.*)
 .data.GSWF_ARR_SIZE
                0x0000bf94        0x2 OWR.o
                0x0000bf94                GSWF_ARR_SIZE
 *fill*         0x0000bf96        0x2 
 .data.GSWF_ARR
                0x0000bf98       0x14 OWR.o
                0x0000bf98                GSWF_ARR
 .data._ZN3mod6common12kItemDataArrE
                0x0000bfac        0x4 common.o
                0x0000bfac                _ZN3mod6common12kItemDataArrE
 .data.errorTextPosY
                0x0000bfb0        0x4 errorHandling.o
                0x0000bfb0                errorTextPosY
 .data._ZL16gor_00_init_evt2
                0x0000bfb4      0x2bc gor_00.o
 *(.gnu.linkonce.d.*)
                0x0000c280                        . = ALIGN (0x20)
 *fill*         0x0000c270       0x10 

.data1
 *(.data1)

.tdata
 *(.tdata .tdata.* .gnu.linkonce.td.*)

.tbss
 *(.tbss .tbss.* .gnu.linkonce.tb.*)
 *(.tcommon)

.eh_frame       0x0000c280     0x1994
 *(.eh_frame)
 .eh_frame      0x0000c280      0x1c4 OWR.o
                                0x214 (size before relaxing)
 .eh_frame      0x0000c444       0x28 StateManager.o
                                 0x3c (size before relaxing)
 .eh_frame      0x0000c46c        0x0 common.o
                                 0xc8 (size before relaxing)
 .eh_frame      0x0000c46c       0x70 con_mario.o
 .eh_frame      0x0000c4dc       0xa4 con_perf.o
 .eh_frame      0x0000c580       0xac con_seq.o
 .eh_frame      0x0000c62c      0x46c console.o
                                0x4bc (size before relaxing)
 .eh_frame      0x0000ca98       0x50 cxx.o
                                 0x64 (size before relaxing)
 .eh_frame      0x0000cae8      0x158 errorHandling.o
                                0x1e0 (size before relaxing)
 .eh_frame      0x0000cc40      0x120 gamePatches.o
 .eh_frame      0x0000cd60       0x84 keyboard.o
                                0x110 (size before relaxing)
 .eh_frame      0x0000cde4       0xf8 mod.o
                                0x148 (size before relaxing)
 .eh_frame      0x0000cedc      0x114 patch.o
                                0x1cc (size before relaxing)
 .eh_frame      0x0000cff0       0x50 printf.o
                                 0x8c (size before relaxing)
 .eh_frame      0x0000d040       0x90 rel.o
 .eh_frame      0x0000d0d0       0xbc ug.o
 .eh_frame      0x0000d18c       0xb8 util.o
                                0x110 (size before relaxing)
 .eh_frame      0x0000d244       0x28 aaa.o
 .eh_frame      0x0000d26c       0x78 aji.o
 .eh_frame      0x0000d2e4       0x40 bom.o
 .eh_frame      0x0000d324       0x40 dou.o
 .eh_frame      0x0000d364       0x40 eki.o
 .eh_frame      0x0000d3a4       0x28 end.o
 .eh_frame      0x0000d3cc       0x3c gon.o
 .eh_frame      0x0000d408       0x7c gor_00.o
 .eh_frame      0x0000d484       0x50 gor_01.o
 .eh_frame      0x0000d4d4       0x60 gor_02.o
 .eh_frame      0x0000d534       0x64 gor_03.o
 .eh_frame      0x0000d598       0x38 gor_04.o
 .eh_frame      0x0000d5d0       0x3c gor_misc.o
 .eh_frame      0x0000d60c       0x48 gra.o
 .eh_frame      0x0000d654       0x3c hei.o
 .eh_frame      0x0000d690       0x38 hom.o
 .eh_frame      0x0000d6c8       0x40 jin.o
 .eh_frame      0x0000d708       0x30 kpa.o
 .eh_frame      0x0000d738        0x0 las.o
                                 0x40 (size before relaxing)
 .eh_frame      0x0000d738       0x6c main.o
 .eh_frame      0x0000d7a4        0x0 moo.o
                                 0x30 (size before relaxing)
 .eh_frame      0x0000d7a4       0x74 mri.o
 .eh_frame      0x0000d818       0x78 muj.o
 .eh_frame      0x0000d890       0x54 nok.o
 .eh_frame      0x0000d8e4       0x60 pik.o
 .eh_frame      0x0000d944       0x70 rsh.o
 .eh_frame      0x0000d9b4       0xa0 tik.o
                                 0xdc (size before relaxing)
 .eh_frame      0x0000da54       0x70 tou.o
 .eh_frame      0x0000dac4       0x40 tou2.o
 .eh_frame      0x0000db04       0x74 usu.o
 .eh_frame      0x0000db78       0x60 win.o
 .eh_frame      0x0000dbd8       0x3c C:/devkitPro/devkitPPC/bin/../lib/gcc/powerpc-eabi/13.1.0\libgcc.a(_divdi3.o)

.gcc_except_table
 *(.gcc_except_table)

.fixup
 *(.fixup)

.got1
 *(.got1)

.got2
 *(.got2)

.dynamic
 *(.dynamic)

.ctors          0x0000dc14       0x2c
 *crtbegin.o(.ctors)
 *(EXCLUDE_FILE(*crtend.o) .ctors)
 .ctors         0x0000dc14        0x4 OWR.o
 .ctors         0x0000dc18        0x4 con_mario.o
 .ctors         0x0000dc1c        0x4 con_perf.o
 .ctors         0x0000dc20        0x4 con_seq.o
 .ctors         0x0000dc24        0x4 console.o
 .ctors         0x0000dc28        0x4 errorHandling.o
 .ctors         0x0000dc2c        0x4 gor_00.o
 *(SORT_BY_NAME(.ctors.*))
 *(.ctors)
                0x0000dc40                        . = ALIGN (0x20)
 *fill*         0x0000dc30       0x10 

.dtors          0x0000dc40       0x20
 *crtbegin.o(.dtors)
 *(EXCLUDE_FILE(*crtend.o) .dtors)
 .dtors         0x0000dc40        0x4 errorHandling.o
 *(SORT_BY_NAME(.dtors.*))
 *(.dtors)
                0x0000dc60                        . = ALIGN (0x20)
 *fill*         0x0000dc44       0x1c 

.jcr
 *(.jcr)

.got
 *(.got.plt)
 *(.got)

.sdata          0x0000dc60        0x0
                [!provide]                        PROVIDE (_SDA_BASE_ = .)
 *(.sdata)
 *(.sdata.*)
 *(.gnu.linkonce.s.*)
                0x0000dc60                        . = ALIGN (0x20)
                0x0000dc60                        _edata = .
                [!provide]                        PROVIDE (edata = .)

.sbss           0x0000dc60        0x0
                0x0000dc60                        __sbss_start = .
                [!provide]                        PROVIDE (__sbss_start = .)
                [!provide]                        PROVIDE (___sbss_start = .)
 *(.dynsbss)
 *(.sbss)
 *(.sbss.*)
 *(.gnu.linkonce.sb.*)
 *(.scommon)
                [!provide]                        PROVIDE (__sbss_end = .)
                [!provide]                        PROVIDE (___sbss_end = .)
                0x0000dc60                        . = ALIGN (0x20)
                0x0000dc60                        __sbss_end = .

.bss            0x0000dc60      0x180
                0x0000dc60                        __bss_start = .
                [!provide]                        PROVIDE (__bss_start = .)
 *(.dynbss)
 *(.bss)
 *(.bss.*)
 .bss._ZN3mod3owr22g_msgSearch_trampolineE
                0x0000dc60        0x4 OWR.o
                0x0000dc60                _ZN3mod3owr22g_msgSearch_trampolineE
 .bss._ZN3mod3owr25g_stg0_00_init_trampolineE
                0x0000dc64        0x4 OWR.o
                0x0000dc64                _ZN3mod3owr25g_stg0_00_init_trampolineE
 .bss._ZN3mod3owr19g_OSLink_trampolineE
                0x0000dc68        0x4 OWR.o
                0x0000dc68                _ZN3mod3owr19g_OSLink_trampolineE
 .bss._ZN3mod3owr5gSelfE
                0x0000dc6c        0x4 OWR.o
                0x0000dc6c                _ZN3mod3owr5gSelfE
 .bss._ZN3mod3owr7item_dbE
                0x0000dc70        0x4 OWR.o
                0x0000dc70                _ZN3mod3owr7item_dbE
 .bss.gState    0x0000dc74        0x4 StateManager.o
                0x0000dc74                gState
 .bss._ZN3modL12mod_if_obj22E
                0x0000dc78        0x8 con_mario.o
 .bss._ZN3mod14mario_show_posE
                0x0000dc80       0x10 con_mario.o
                0x0000dc80                _ZN3mod14mario_show_posE
 .bss._ZN3mod13mario_set_posE
                0x0000dc90        0xc con_mario.o
                0x0000dc90                _ZN3mod13mario_set_posE
 .bss._ZN3modL12mod_if_obj46E
                0x0000dc9c        0x8 con_perf.o
 .bss._ZN3mod14mem_debug_heapE
                0x0000dca4       0x10 con_perf.o
                0x0000dca4                _ZN3mod14mem_debug_heapE
 .bss._ZN3modL12mod_if_obj29E
                0x0000dcb4        0x8 con_perf.o
 .bss._ZN3mod9perf_showE
                0x0000dcbc       0x10 con_perf.o
                0x0000dcbc                _ZN3mod9perf_showE
 .bss._ZN3mod15perf_fake_spikeE
                0x0000dccc        0xc con_perf.o
                0x0000dccc                _ZN3mod15perf_fake_spikeE
 .bss._ZN3mod14seq_change_mapE
                0x0000dcd8        0xc con_seq.o
                0x0000dcd8                _ZN3mod14seq_change_mapE
 .bss._ZN3modL12mod_if_obj16E
                0x0000dce4        0x8 con_seq.o
 .bss._ZN3mod24gTrampoline_seq_logoMainE
                0x0000dcec        0x4 con_seq.o
                0x0000dcec                _ZN3mod24gTrampoline_seq_logoMainE
 .bss._ZN3mod13seq_logo_skipE
                0x0000dcf0       0x10 con_seq.o
                0x0000dcf0                _ZN3mod13seq_logo_skipE
 .bss._ZN3mod4findE
                0x0000dd00        0xc console.o
                0x0000dd00                _ZN3mod4findE
 .bss._ZN3mod11con_ug_chanE
                0x0000dd0c       0x10 console.o
                0x0000dd0c                _ZN3mod11con_ug_chanE
 .bss._ZN3mod11con_ug_modeE
                0x0000dd1c       0x10 console.o
                0x0000dd1c                _ZN3mod11con_ug_modeE
 .bss._ZN3mod21con_log_fade_durationE
                0x0000dd2c       0x10 console.o
                0x0000dd2c                _ZN3mod21con_log_fade_durationE
 .bss._ZN3mod18con_log_fade_startE
                0x0000dd3c       0x10 console.o
                0x0000dd3c                _ZN3mod18con_log_fade_startE
 .bss._ZN3mod12con_log_fadeE
                0x0000dd4c       0x10 console.o
                0x0000dd4c                _ZN3mod12con_log_fadeE
 .bss._ZN3mod13con_log_levelE
                0x0000dd5c       0x10 console.o
                0x0000dd5c                _ZN3mod13con_log_levelE
 .bss._ZN3mod11con_rainbowE
                0x0000dd6c       0x10 console.o
                0x0000dd6c                _ZN3mod11con_rainbowE
 .bss._ZN3mod8con_monoE
                0x0000dd7c       0x10 console.o
                0x0000dd7c                _ZN3mod8con_monoE
 .bss._ZN3mod8con_showE
                0x0000dd8c       0x10 console.o
                0x0000dd8c                _ZN3mod8con_showE
 .bss._ZN3mod8gConsoleE
                0x0000dd9c        0x4 console.o
                0x0000dd9c                _ZN3mod8gConsoleE
 .bss._ZN3mod9ConIntVar6sFirstE
                0x0000dda0        0x4 console.o
                0x0000dda0                _ZN3mod9ConIntVar6sFirstE
 .bss._ZN3mod10ConCommand6sFirstE
                0x0000dda4        0x4 console.o
                0x0000dda4                _ZN3mod10ConCommand6sFirstE
 .bss.g_animPoseMain_trampoline
                0x0000dda8        0x4 errorHandling.o
                0x0000dda8                g_animPoseMain_trampoline
 .bss.g_npcNameToPtr_trampoline
                0x0000ddac        0x4 errorHandling.o
                0x0000ddac                g_npcNameToPtr_trampoline
 .bss.heapCorruptionInfo
                0x0000ddb0        0x8 errorHandling.o
                0x0000ddb0                heapCorruptionInfo
 .bss.animPoseMainErrorInfo
                0x0000ddb8        0x4 errorHandling.o
                0x0000ddb8                animPoseMainErrorInfo
 .bss.npcNameToPtrErrorInfo
                0x0000ddbc        0x4 errorHandling.o
                0x0000ddbc                npcNameToPtrErrorInfo
 .bss._ZN3mod4gModE
                0x0000ddc0        0x4 mod.o
                0x0000ddc0                _ZN3mod4gModE
 .bss._ZN17ModUpdateFunction6sFirstE
                0x0000ddc4        0x4 mod.o
                0x0000ddc4                _ZN17ModUpdateFunction6sFirstE
 .bss._ZN15ModInitFunction6sFirstE
                0x0000ddc8        0x4 mod.o
                0x0000ddc8                _ZN15ModInitFunction6sFirstE
 *(.gnu.linkonce.b.*)
 *(COMMON)
                0x0000dde0                        . = ALIGN (0x20)
 *fill*         0x0000ddcc       0x14 
                [!provide]                        PROVIDE (__bss_end = .)
                0x0000dde0                        __bss_end = .
                0x0000dde0                        _end = .
                [!provide]                        PROVIDE (end = .)

.bss._ZZNK3mod14seq_change_mapMUlPKcE_clES2_E8beroName
                0x00000000       0x20
 .bss._ZZNK3mod14seq_change_mapMUlPKcE_clES2_E8beroName
                0x00000000       0x20 con_seq.o
                0x00000000                _ZZNK3mod14seq_change_mapMUlPKcE_clES1_E8beroName
                0x00000000                _ZZNK3mod14seq_change_mapMUlPKcE_clES2_E8beroName

.bss._ZZNK3mod14seq_change_mapMUlPKcE_clES2_E7mapName
                0x00000000       0x20
 .bss._ZZNK3mod14seq_change_mapMUlPKcE_clES2_E7mapName
                0x00000000       0x20 con_seq.o
                0x00000000                _ZZNK3mod14seq_change_mapMUlPKcE_clES2_E7mapName
                0x00000000                _ZZNK3mod14seq_change_mapMUlPKcE_clES1_E7mapName

.stab
 *(.stab)

.stabstr
 *(.stabstr)

.stab.excl
 *(.stab.excl)

.stab.exclstr
 *(.stab.exclstr)

.stab.index
 *(.stab.index)

.stab.indexstr
 *(.stab.indexstr)

.comment        0x00000000      0x6e4
 *(.comment)
 .comment       0x00000000       0x24 OWR.o
 .comment       0x00000024       0x24 StateManager.o
 .comment       0x00000048       0x24 common.o
 .comment       0x0000006c       0x24 con_mario.o
 .comment       0x00000090       0x24 con_perf.o
 .comment       0x000000b4       0x24 con_seq.o
 .comment       0x000000d8       0x24 console.o
 .comment       0x000000fc       0x24 cxx.o
 .comment       0x00000120       0x24 errorHandling.o
 .comment       0x00000144       0x24 gamePatches.o
 .comment       0x00000168       0x24 keyboard.o
 .comment       0x0000018c       0x24 mod.o
 .comment       0x000001b0       0x24 patch.o
 .comment       0x000001d4       0x24 printf.o
 .comment       0x000001f8       0x24 rel.o
 .comment       0x0000021c       0x24 ug.o
 .comment       0x00000240       0x24 util.o
 .comment       0x00000264       0x24 aaa.o
 .comment       0x00000288       0x24 aji.o
 .comment       0x000002ac       0x24 bom.o
 .comment       0x000002d0       0x24 dou.o
 .comment       0x000002f4       0x24 eki.o
 .comment       0x00000318       0x24 end.o
 .comment       0x0000033c       0x24 gon.o
 .comment       0x00000360       0x24 gor_00.o
 .comment       0x00000384       0x24 gor_01.o
 .comment       0x000003a8       0x24 gor_02.o
 .comment       0x000003cc       0x24 gor_03.o
 .comment       0x000003f0       0x24 gor_04.o
 .comment       0x00000414       0x24 gor_misc.o
 .comment       0x00000438       0x24 gra.o
 .comment       0x0000045c       0x24 hei.o
 .comment       0x00000480       0x24 hom.o
 .comment       0x000004a4       0x24 jin.o
 .comment       0x000004c8       0x24 kpa.o
 .comment       0x000004ec       0x24 las.o
 .comment       0x00000510       0x24 main.o
 .comment       0x00000534       0x24 moo.o
 .comment       0x00000558       0x24 mri.o
 .comment       0x0000057c       0x24 muj.o
 .comment       0x000005a0       0x24 nok.o
 .comment       0x000005c4       0x24 pik.o
 .comment       0x000005e8       0x24 rsh.o
 .comment       0x0000060c       0x24 tik.o
 .comment       0x00000630       0x24 tou.o
 .comment       0x00000654       0x24 tou2.o
 .comment       0x00000678       0x24 usu.o
 .comment       0x0000069c       0x24 win.o
 .comment       0x000006c0       0x24 C:/devkitPro/devkitPPC/bin/../lib/gcc/powerpc-eabi/13.1.0\libgcc.a(_divdi3.o)

.gnu.attributes
                0x00000000       0x10
 .gnu.attributes
                0x00000000       0x10 OWR.o
 .gnu.attributes
                0x00000010       0x10 common.o
 .gnu.attributes
                0x00000020       0x10 con_mario.o
 .gnu.attributes
                0x00000030       0x10 con_perf.o
 .gnu.attributes
                0x00000040       0x10 console.o
 .gnu.attributes
                0x00000050       0x10 errorHandling.o
 .gnu.attributes
                0x00000060       0x10 mod.o
 .gnu.attributes
                0x00000070       0x10 printf.o
 .gnu.attributes
                0x00000080       0x10 util.o

.group          0x00000000        0xc
 .group         0x00000000        0xc con_mario.o

.group          0x00000000        0xc
 .group         0x00000000        0xc con_perf.o

.group          0x00000000        0xc
 .group         0x00000000        0xc con_seq.o

.group          0x00000000        0x8
 .group         0x00000000        0x8 con_seq.o

.group          0x00000000        0x8
 .group         0x00000000        0x8 con_seq.o

.group          0x00000000        0xc
 .group         0x00000000        0xc console.o

.debug
 *(.debug)

.line
 *(.line)

.debug_srcinfo
 *(.debug_srcinfo)

.debug_sfnames
 *(.debug_sfnames)

.debug_aranges  0x00000000      0x928
 *(.debug_aranges)
 .debug_aranges
                0x00000000       0x88 OWR.o
 .debug_aranges
                0x00000088       0x28 StateManager.o
 .debug_aranges
                0x000000b0       0x60 common.o
 .debug_aranges
                0x00000110       0x30 con_mario.o
 .debug_aranges
                0x00000140       0x38 con_perf.o
 .debug_aranges
                0x00000178       0x38 con_seq.o
 .debug_aranges
                0x000001b0       0xb0 console.o
 .debug_aranges
                0x00000260       0x38 cxx.o
 .debug_aranges
                0x00000298       0x60 errorHandling.o
 .debug_aranges
                0x000002f8       0x48 gamePatches.o
 .debug_aranges
                0x00000340       0x40 keyboard.o
 .debug_aranges
                0x00000380       0x58 mod.o
 .debug_aranges
                0x000003d8       0x78 patch.o
 .debug_aranges
                0x00000450       0x28 printf.o
 .debug_aranges
                0x00000478       0x30 rel.o
 .debug_aranges
                0x000004a8       0x30 ug.o
 .debug_aranges
                0x000004d8       0x50 util.o
 .debug_aranges
                0x00000528       0x20 aaa.o
 .debug_aranges
                0x00000548       0x20 aji.o
 .debug_aranges
                0x00000568       0x20 bom.o
 .debug_aranges
                0x00000588       0x20 dou.o
 .debug_aranges
                0x000005a8       0x20 eki.o
 .debug_aranges
                0x000005c8       0x20 end.o
 .debug_aranges
                0x000005e8       0x20 gon.o
 .debug_aranges
                0x00000608       0x28 gor_00.o
 .debug_aranges
                0x00000630       0x20 gor_01.o
 .debug_aranges
                0x00000650       0x20 gor_02.o
 .debug_aranges
                0x00000670       0x20 gor_03.o
 .debug_aranges
                0x00000690       0x20 gor_04.o
 .debug_aranges
                0x000006b0       0x20 gor_misc.o
 .debug_aranges
                0x000006d0       0x20 gra.o
 .debug_aranges
                0x000006f0       0x20 hei.o
 .debug_aranges
                0x00000710       0x20 hom.o
 .debug_aranges
                0x00000730       0x20 jin.o
 .debug_aranges
                0x00000750       0x20 kpa.o
 .debug_aranges
                0x00000770       0x20 las.o
 .debug_aranges
                0x00000790       0x28 main.o
 .debug_aranges
                0x000007b8       0x20 moo.o
 .debug_aranges
                0x000007d8       0x20 mri.o
 .debug_aranges
                0x000007f8       0x20 muj.o
 .debug_aranges
                0x00000818       0x20 nok.o
 .debug_aranges
                0x00000838       0x20 pik.o
 .debug_aranges
                0x00000858       0x20 rsh.o
 .debug_aranges
                0x00000878       0x30 tik.o
 .debug_aranges
                0x000008a8       0x20 tou.o
 .debug_aranges
                0x000008c8       0x20 tou2.o
 .debug_aranges
                0x000008e8       0x20 usu.o
 .debug_aranges
                0x00000908       0x20 win.o

.debug_pubnames
 *(.debug_pubnames)

.debug_info     0x00000000    0x4cce1
 *(.debug_info)
 .debug_info    0x00000000     0x4169 OWR.o
 .debug_info    0x00004169      0x3fb StateManager.o
 .debug_info    0x00004564      0xf16 common.o
 .debug_info    0x0000547a     0x257c con_mario.o
 .debug_info    0x000079f6     0x228d con_perf.o
 .debug_info    0x00009c83     0x21fe con_seq.o
 .debug_info    0x0000be81     0x4086 console.o
 .debug_info    0x0000ff07      0x394 cxx.o
 .debug_info    0x0001029b     0x44b0 errorHandling.o
 .debug_info    0x0001474b     0x2342 gamePatches.o
 .debug_info    0x00016a8d      0xfaf keyboard.o
 .debug_info    0x00017a3c     0x3edd mod.o
 .debug_info    0x0001b919     0x15c5 patch.o
 .debug_info    0x0001cede      0x61f printf.o
 .debug_info    0x0001d4fd       0xf3 rel.o
 .debug_info    0x0001d5f0      0x8d5 ug.o
 .debug_info    0x0001dec5      0x9d3 util.o
 .debug_info    0x0001e898     0x1156 aaa.o
 .debug_info    0x0001f9ee     0x1ce5 aji.o
 .debug_info    0x000216d3     0x1264 bom.o
 .debug_info    0x00022937     0x125a dou.o
 .debug_info    0x00023b91     0x1824 eki.o
 .debug_info    0x000253b5     0x1146 end.o
 .debug_info    0x000264fb     0x126e gon.o
 .debug_info    0x00027769     0x2104 gor_00.o
 .debug_info    0x0002986d     0x1933 gor_01.o
 .debug_info    0x0002b1a0     0x1c57 gor_02.o
 .debug_info    0x0002cdf7     0x18e8 gor_03.o
 .debug_info    0x0002e6df     0x119c gor_04.o
 .debug_info    0x0002f87b     0x16a5 gor_misc.o
 .debug_info    0x00030f20     0x1648 gra.o
 .debug_info    0x00032568     0x168c hei.o
 .debug_info    0x00033bf4     0x11a6 hom.o
 .debug_info    0x00034d9a     0x126e jin.o
 .debug_info    0x00036008     0x1192 kpa.o
 .debug_info    0x0003719a     0x130e las.o
 .debug_info    0x000384a8      0x89e main.o
 .debug_info    0x00038d46     0x165a moo.o
 .debug_info    0x0003a3a0     0x219b mri.o
 .debug_info    0x0003c53b     0x2030 muj.o
 .debug_info    0x0003e56b     0x1b4a nok.o
 .debug_info    0x000400b5     0x19c1 pik.o
 .debug_info    0x00041a76     0x1f7b rsh.o
 .debug_info    0x000439f1     0x2722 tik.o
 .debug_info    0x00046113     0x2022 tou.o
 .debug_info    0x00048135     0x126e tou2.o
 .debug_info    0x000493a3     0x2115 usu.o
 .debug_info    0x0004b4b8     0x1829 win.o

.debug_abbrev   0x00000000     0x8c10
 *(.debug_abbrev)
 .debug_abbrev  0x00000000      0x862 OWR.o
 .debug_abbrev  0x00000862      0x1ee StateManager.o
 .debug_abbrev  0x00000a50      0x21a common.o
 .debug_abbrev  0x00000c6a      0x60d con_mario.o
 .debug_abbrev  0x00001277      0x66c con_perf.o
 .debug_abbrev  0x000018e3      0x668 con_seq.o
 .debug_abbrev  0x00001f4b      0x9a6 console.o
 .debug_abbrev  0x000028f1      0x170 cxx.o
 .debug_abbrev  0x00002a61      0x768 errorHandling.o
 .debug_abbrev  0x000031c9      0x484 gamePatches.o
 .debug_abbrev  0x0000364d      0x36e keyboard.o
 .debug_abbrev  0x000039bb      0x80b mod.o
 .debug_abbrev  0x000041c6      0x2bd patch.o
 .debug_abbrev  0x00004483      0x256 printf.o
 .debug_abbrev  0x000046d9       0xeb rel.o
 .debug_abbrev  0x000047c4      0x230 ug.o
 .debug_abbrev  0x000049f4      0x20f util.o
 .debug_abbrev  0x00004c03      0x183 aaa.o
 .debug_abbrev  0x00004d86      0x24a aji.o
 .debug_abbrev  0x00004fd0      0x183 bom.o
 .debug_abbrev  0x00005153      0x183 dou.o
 .debug_abbrev  0x000052d6      0x219 eki.o
 .debug_abbrev  0x000054ef      0x180 end.o
 .debug_abbrev  0x0000566f      0x183 gon.o
 .debug_abbrev  0x000057f2      0x27e gor_00.o
 .debug_abbrev  0x00005a70      0x253 gor_01.o
 .debug_abbrev  0x00005cc3      0x27a gor_02.o
 .debug_abbrev  0x00005f3d      0x23c gor_03.o
 .debug_abbrev  0x00006179      0x183 gor_04.o
 .debug_abbrev  0x000062fc      0x29a gor_misc.o
 .debug_abbrev  0x00006596      0x202 gra.o
 .debug_abbrev  0x00006798      0x21a hei.o
 .debug_abbrev  0x000069b2      0x183 hom.o
 .debug_abbrev  0x00006b35      0x183 jin.o
 .debug_abbrev  0x00006cb8      0x183 kpa.o
 .debug_abbrev  0x00006e3b      0x183 las.o
 .debug_abbrev  0x00006fbe      0x1bb main.o
 .debug_abbrev  0x00007179      0x21d moo.o
 .debug_abbrev  0x00007396      0x246 mri.o
 .debug_abbrev  0x000075dc      0x252 muj.o
 .debug_abbrev  0x0000782e      0x238 nok.o
 .debug_abbrev  0x00007a66      0x23a pik.o
 .debug_abbrev  0x00007ca0      0x237 rsh.o
 .debug_abbrev  0x00007ed7      0x4d7 tik.o
 .debug_abbrev  0x000083ae      0x26c tou.o
 .debug_abbrev  0x0000861a      0x183 tou2.o
 .debug_abbrev  0x0000879d      0x236 usu.o
 .debug_abbrev  0x000089d3      0x23d win.o

.debug_line     0x00000000    0x1a809
 *(.debug_line)
 .debug_line    0x00000000      0xce9 OWR.o
 .debug_line    0x00000ce9      0x2c8 StateManager.o
 .debug_line    0x00000fb1      0x39d common.o
 .debug_line    0x0000134e      0x4e0 con_mario.o
 .debug_line    0x0000182e      0x72f con_perf.o
 .debug_line    0x00001f5d      0x5b6 con_seq.o
 .debug_line    0x00002513     0x1fdd console.o
 .debug_line    0x000044f0      0x1c9 cxx.o
 .debug_line    0x000046b9     0x12a6 errorHandling.o
 .debug_line    0x0000595f      0x62c gamePatches.o
 .debug_line    0x00005f8b      0xcb4 keyboard.o
 .debug_line    0x00006c3f      0x810 mod.o
 .debug_line    0x0000744f      0x80c patch.o
 .debug_line    0x00007c5b      0x2b2 printf.o
 .debug_line    0x00007f0d      0x226 rel.o
 .debug_line    0x00008133      0x4ad ug.o
 .debug_line    0x000085e0      0x4b0 util.o
 .debug_line    0x00008a90      0x33c aaa.o
 .debug_line    0x00008dcc      0xefa aji.o
 .debug_line    0x00009cc6      0x784 bom.o
 .debug_line    0x0000a44a      0x76c dou.o
 .debug_line    0x0000abb6      0x690 eki.o
 .debug_line    0x0000b246      0x315 end.o
 .debug_line    0x0000b55b      0x75c gon.o
 .debug_line    0x0000bcb7      0x934 gor_00.o
 .debug_line    0x0000c5eb      0x735 gor_01.o
 .debug_line    0x0000cd20      0x72b gor_02.o
 .debug_line    0x0000d44b      0x8fd gor_03.o
 .debug_line    0x0000dd48      0x4d3 gor_04.o
 .debug_line    0x0000e21b      0x495 gor_misc.o
 .debug_line    0x0000e6b0      0x592 gra.o
 .debug_line    0x0000ec42      0x5ff hei.o
 .debug_line    0x0000f241      0x461 hom.o
 .debug_line    0x0000f6a2      0x72c jin.o
 .debug_line    0x0000fdce      0x3b0 kpa.o
 .debug_line    0x0001017e      0x95f las.o
 .debug_line    0x00010add      0x9f1 main.o
 .debug_line    0x000114ce      0x3d0 moo.o
 .debug_line    0x0001189e     0x135b mri.o
 .debug_line    0x00012bf9      0xfb3 muj.o
 .debug_line    0x00013bac      0x63d nok.o
 .debug_line    0x000141e9      0x987 pik.o
 .debug_line    0x00014b70     0x1815 rsh.o
 .debug_line    0x00016385      0xbc8 tik.o
 .debug_line    0x00016f4d     0x1cf8 tou.o
 .debug_line    0x00018c45      0x805 tou2.o
 .debug_line    0x0001944a      0xd30 usu.o
 .debug_line    0x0001a17a      0x68f win.o

.debug_frame
 *(.debug_frame)

.debug_str      0x00000000    0x5abac
 *(.debug_str)
 .debug_str     0x00000000     0x335f OWR.o
 .debug_str     0x0000335f      0x376 StateManager.o
 .debug_str     0x000036d5     0x13e4 common.o
 .debug_str     0x00004ab9     0x1a5e con_mario.o
 .debug_str     0x00006517     0x16a5 con_perf.o
 .debug_str     0x00007bbc     0x17ab con_seq.o
 .debug_str     0x00009367     0x1a83 console.o
 .debug_str     0x0000adea      0x34e cxx.o
 .debug_str     0x0000b138     0x2093 errorHandling.o
 .debug_str     0x0000d1cb     0x1945 gamePatches.o
 .debug_str     0x0000eb10      0x955 keyboard.o
 .debug_str     0x0000f465     0x3766 mod.o
 .debug_str     0x00012bcb      0x6eb patch.o
 .debug_str     0x000132b6      0x468 printf.o
 .debug_str     0x0001371e      0x191 rel.o
 .debug_str     0x000138af      0x39b ug.o
 .debug_str     0x00013c4a      0x654 util.o
 .debug_str     0x0001429e     0x1ee3 aaa.o
 .debug_str     0x00016181     0x2923 aji.o
 .debug_str     0x00018aa4     0x20cc bom.o
 .debug_str     0x0001ab70     0x20b0 dou.o
 .debug_str     0x0001cc20     0x25ab eki.o
 .debug_str     0x0001f1cb     0x1edd end.o
 .debug_str     0x000210a8     0x2095 gon.o
 .debug_str     0x0002313d     0x2a8d gor_00.o
 .debug_str     0x00025bca     0x24be gor_01.o
 .debug_str     0x00028088     0x2885 gor_02.o
 .debug_str     0x0002a90d     0x268d gor_03.o
 .debug_str     0x0002cf9a     0x1f5c gor_04.o
 .debug_str     0x0002eef6     0x2356 gor_misc.o
 .debug_str     0x0003124c     0x234b gra.o
 .debug_str     0x00033597     0x2374 hei.o
 .debug_str     0x0003590b     0x1f78 hom.o
 .debug_str     0x00037883     0x209e jin.o
 .debug_str     0x00039921     0x1f33 kpa.o
 .debug_str     0x0003b854     0x217e las.o
 .debug_str     0x0003d9d2      0x929 main.o
 .debug_str     0x0003e2fb     0x22e7 moo.o
 .debug_str     0x000405e2     0x2ddb mri.o
 .debug_str     0x000433bd     0x2c9f muj.o
 .debug_str     0x0004605c     0x2643 nok.o
 .debug_str     0x0004869f     0x25bd pik.o
 .debug_str     0x0004ac5c     0x2c0d rsh.o
 .debug_str     0x0004d869     0x33cb tik.o
 .debug_str     0x00050c34     0x2e55 tou.o
 .debug_str     0x00053a89     0x20be tou2.o
 .debug_str     0x00055b47     0x2bc3 usu.o
 .debug_str     0x0005870a     0x24a2 win.o

.debug_loc
 *(.debug_loc)

.debug_macinfo
 *(.debug_macinfo)

.debug_weaknames
 *(.debug_weaknames)

.debug_funcnames
 *(.debug_funcnames)

.debug_typenames
 *(.debug_typenames)

.debug_varnames
 *(.debug_varnames)
                0x00000000                        __isIPL = 0x0
                0x0002dde0                        __stack_addr = ((((__bss_start + SIZEOF (.bss)) + 0x20000) + 0x7) & 0xfffffffffffffff8)
                0x0000dde0                        __stack_end = (__bss_start + SIZEOF (.bss))
                0x00031de0                        __intrstack_addr = (__stack_addr + 0x4000)
                0x0002dde0                        __intrstack_end = __stack_addr
                0x00031de0                        __Arena1Lo = ((__intrstack_addr + 0x1f) & 0xffffffffffffffe0)
                0x817feff0                        __Arena1Hi = 0x817feff0
                0x817ff000                        __gxregs = ((__Arena1Hi + 0x1f) & 0xffffffffffffffe0)
                [!provide]                        PROVIDE (__stack = 0x817feff0)
                [!provide]                        PROVIDE (__isIPL = __isIPL)
                [!provide]                        PROVIDE (__stack_addr = __stack_addr)
                [!provide]                        PROVIDE (__stack_end = __stack_end)
                [!provide]                        PROVIDE (__intrstack_addr = __intrstack_addr)
                [!provide]                        PROVIDE (__intrstack_end = __intrstack_end)
                [!provide]                        PROVIDE (__Arena1Lo = __Arena1Lo)
                [!provide]                        PROVIDE (__Arena1Hi = __Arena1Hi)
                [!provide]                        PROVIDE (__gxregs = __gxregs)
LOAD H:/GhidraProjects/TTYDAP/TTYDAP/rel/source/cxx.ld
                0x0000dc14                        _ctors_start = ADDR (.ctors)
                0x0000dc40                        _ctors_end = (_ctors_start + SIZEOF (.ctors))
                0x0000dc40                        _dtors_start = ADDR (.dtors)
                0x0000dc60                        _dtors_end = (_dtors_start + SIZEOF (.dtors))
LOAD OWR.o
LOAD StateManager.o
LOAD common.o
LOAD con_mario.o
LOAD con_perf.o
LOAD con_seq.o
LOAD console.o
LOAD cxx.o
LOAD errorHandling.o
LOAD gamePatches.o
LOAD keyboard.o
LOAD mod.o
LOAD patch.o
LOAD printf.o
LOAD rel.o
LOAD ug.o
LOAD util.o
LOAD aaa.o
LOAD aji.o
LOAD bom.o
LOAD dou.o
LOAD eki.o
LOAD end.o
LOAD gon.o
LOAD gor_00.o
LOAD gor_01.o
LOAD gor_02.o
LOAD gor_03.o
LOAD gor_04.o
LOAD gor_misc.o
LOAD gra.o
LOAD hei.o
LOAD hom.o
LOAD jin.o
LOAD kpa.o
LOAD las.o
LOAD main.o
LOAD moo.o
LOAD mri.o
LOAD muj.o
LOAD nok.o
LOAD pik.o
LOAD rsh.o
LOAD tik.o
LOAD tou.o
LOAD tou2.o
LOAD usu.o
LOAD win.o
LOAD CrashScreenDecrementYPos.o
LOAD FixBlooperCrash1.o
LOAD FixBlooperCrash2.o
LOAD asm_main.o
LOAD patch_ih.o
LOAD C:/devkitPro/devkitPPC/bin/../lib/gcc/powerpc-eabi/13.1.0\libgcc.a
OUTPUT(H:/GhidraProjects/TTYDAP/TTYDAP/rel/rel.us.elf elf32-powerpc)

.debug_loclists
                0x00000000     0x627b
 .debug_loclists
                0x00000000      0x68d OWR.o
 .debug_loclists
                0x0000068d       0x2f StateManager.o
 .debug_loclists
                0x000006bc      0x151 common.o
 .debug_loclists
                0x0000080d       0xa9 con_mario.o
 .debug_loclists
                0x000008b6      0x36b con_perf.o
 .debug_loclists
                0x00000c21       0xf8 con_seq.o
 .debug_loclists
                0x00000d19     0x1cf7 console.o
 .debug_loclists
                0x00002a10       0x54 cxx.o
 .debug_loclists
                0x00002a64     0x11cb errorHandling.o
 .debug_loclists
                0x00003c2f      0x1fb gamePatches.o
 .debug_loclists
                0x00003e2a      0x886 keyboard.o
 .debug_loclists
                0x000046b0      0x1c0 mod.o
 .debug_loclists
                0x00004870      0xc5e patch.o
 .debug_loclists
                0x000054ce      0x2ae printf.o
 .debug_loclists
                0x0000577c      0x2cd ug.o
 .debug_loclists
                0x00005a49      0x241 util.o
 .debug_loclists
                0x00005c8a       0x29 aaa.o
 .debug_loclists
                0x00005cb3       0x2a aji.o
 .debug_loclists
                0x00005cdd       0x2a bom.o
 .debug_loclists
                0x00005d07       0x2a dou.o
 .debug_loclists
                0x00005d31       0x2a eki.o
 .debug_loclists
                0x00005d5b       0x2c gon.o
 .debug_loclists
                0x00005d87       0x2c gor_00.o
 .debug_loclists
                0x00005db3       0x2a gor_01.o
 .debug_loclists
                0x00005ddd       0x2a gor_02.o
 .debug_loclists
                0x00005e07       0x2c gor_03.o
 .debug_loclists
                0x00005e33       0x2a gor_04.o
 .debug_loclists
                0x00005e5d       0x2a gor_misc.o
 .debug_loclists
                0x00005e87       0x2a gra.o
 .debug_loclists
                0x00005eb1       0x2a hei.o
 .debug_loclists
                0x00005edb       0x2a hom.o
 .debug_loclists
                0x00005f05       0x2a jin.o
 .debug_loclists
                0x00005f2f       0x2a kpa.o
 .debug_loclists
                0x00005f59       0x2a las.o
 .debug_loclists
                0x00005f83       0x2a moo.o
 .debug_loclists
                0x00005fad       0x2a mri.o
 .debug_loclists
                0x00005fd7       0x2a muj.o
 .debug_loclists
                0x00006001       0x2a nok.o
 .debug_loclists
                0x0000602b       0x2c pik.o
 .debug_loclists
                0x00006057       0x2c rsh.o
 .debug_loclists
                0x00006083      0x14e tik.o
 .debug_loclists
                0x000061d1       0x2c tou.o
 .debug_loclists
                0x000061fd       0x2a tou2.o
 .debug_loclists
                0x00006227       0x2a usu.o
 .debug_loclists
                0x00006251       0x2a win.o

.debug_rnglists
                0x00000000     0x19db
 .debug_rnglists
                0x00000000      0x13b OWR.o
 .debug_rnglists
                0x0000013b       0x4f StateManager.o
 .debug_rnglists
                0x0000018a       0x43 common.o
 .debug_rnglists
                0x000001cd       0x95 con_mario.o
 .debug_rnglists
                0x00000262      0x135 con_perf.o
 .debug_rnglists
                0x00000397       0xc4 con_seq.o
 .debug_rnglists
                0x0000045b      0x72d console.o
 .debug_rnglists
                0x00000b88       0x25 cxx.o
 .debug_rnglists
                0x00000bad      0x352 errorHandling.o
 .debug_rnglists
                0x00000eff       0x75 gamePatches.o
 .debug_rnglists
                0x00000f74      0x315 keyboard.o
 .debug_rnglists
                0x00001289       0xbc mod.o
 .debug_rnglists
                0x00001345      0x23d patch.o
 .debug_rnglists
                0x00001582       0x2c printf.o
 .debug_rnglists
                0x000015ae       0x47 rel.o
 .debug_rnglists
                0x000015f5       0x73 ug.o
 .debug_rnglists
                0x00001668       0x45 util.o
 .debug_rnglists
                0x000016ad       0x13 aaa.o
 .debug_rnglists
                0x000016c0       0x14 aji.o
 .debug_rnglists
                0x000016d4       0x14 bom.o
 .debug_rnglists
                0x000016e8       0x14 dou.o
 .debug_rnglists
                0x000016fc       0x14 eki.o
 .debug_rnglists
                0x00001710       0x13 end.o
 .debug_rnglists
                0x00001723       0x14 gon.o
 .debug_rnglists
                0x00001737       0x1a gor_00.o
 .debug_rnglists
                0x00001751       0x14 gor_01.o
 .debug_rnglists
                0x00001765       0x14 gor_02.o
 .debug_rnglists
                0x00001779       0x14 gor_03.o
 .debug_rnglists
                0x0000178d       0x14 gor_04.o
 .debug_rnglists
                0x000017a1       0x2c gor_misc.o
 .debug_rnglists
                0x000017cd       0x14 gra.o
 .debug_rnglists
                0x000017e1       0x14 hei.o
 .debug_rnglists
                0x000017f5       0x14 hom.o
 .debug_rnglists
                0x00001809       0x14 jin.o
 .debug_rnglists
                0x0000181d       0x14 kpa.o
 .debug_rnglists
                0x00001831       0x14 las.o
 .debug_rnglists
                0x00001845       0x8b main.o
 .debug_rnglists
                0x000018d0       0x14 moo.o
 .debug_rnglists
                0x000018e4       0x14 mri.o
 .debug_rnglists
                0x000018f8       0x14 muj.o
 .debug_rnglists
                0x0000190c       0x14 nok.o
 .debug_rnglists
                0x00001920       0x14 pik.o
 .debug_rnglists
                0x00001934       0x14 rsh.o
 .debug_rnglists
                0x00001948       0x43 tik.o
 .debug_rnglists
                0x0000198b       0x14 tou.o
 .debug_rnglists
                0x0000199f       0x14 tou2.o
 .debug_rnglists
                0x000019b3       0x14 usu.o
 .debug_rnglists
                0x000019c7       0x14 win.o
