Archive member included to satisfy reference by file (symbol)

C:/devkitPro/devkitPPC/bin/../lib/gcc/powerpc-eabi/13.1.0\libgcc.a(_divdi3.o)
                              console.o (__divdi3)

Discarded input sections

 .text          0x00000000        0x0 OWR.o
 .data          0x00000000        0x0 OWR.o
 .bss           0x00000000        0x0 OWR.o
 .text._Z13strcpy_StringPcPKc
                0x00000000        0x4 OWR.o
 .text._ZN3mod3owr3OWR12SequenceInitEv
                0x00000000       0x3c OWR.o
 .text._ZN3mod3owr3OWR6LZTestEv
                0x00000000       0x48 OWR.o
 .text._ZN3mod3owr3OWR11NewFileInitEv
                0x00000000        0x4 OWR.o
 .text._ZN3mod3owr3OWR10DrawStringEPKciijf
                0x00000000       0xb0 OWR.o
 .bss._ZN3mod3owr22g_itemEntry_trampolineE
                0x00000000        0x4 OWR.o
 .rodata.cst4   0x00000000        0x4 OWR.o
 .text          0x00000000        0x0 StateManager.o
 .data          0x00000000        0x0 StateManager.o
 .bss           0x00000000        0x0 StateManager.o
 .debug_line    0x00000000        0x0 StateManager.o
 .debug_str     0x00000000      0x123 StateManager.o
 .comment       0x00000000       0x24 StateManager.o
 .text          0x00000000        0x0 common.o
 .data          0x00000000        0x0 common.o
 .bss           0x00000000        0x0 common.o
 .text._ZN3mod6common14GetCurrentAreaEv
                0x00000000       0x1c common.o
 .text._ZN3mod6common13GetCurrentMapEv
                0x00000000       0x1c common.o
 .text._ZN3mod6common11GetFilenameEv
                0x00000000       0x1c common.o
 .text._ZN3mod6common16GetStorySequenceEv
                0x00000000       0x24 common.o
 .text._ZN3mod6common14GetPitSequenceEv
                0x00000000       0x2c common.o
 .text._ZN3mod6common17GetSavedFlagValueEi
                0x00000000       0x44 common.o
 .text._ZN3mod6common21HasKeyItemInInventoryEs
                0x00000000       0x60 common.o
 .text._ZN3mod6common25GetBattleWindowDataOffsetEv
                0x00000000       0x1c common.o
 .text._ZN3mod6common21GetStatusWindowHeightEv
                0x00000000       0x28 common.o
 .data._ZN3mod6common29kUnknownStatusWindowStructPtrE
                0x00000000        0x4 common.o
 .data._ZN3mod6common10kBattlePtrE
                0x00000000        0x4 common.o
 .data._ZN3mod6common9kPouchPtrE
                0x00000000        0x4 common.o
 .data._ZN3mod6common12kSaveDataPtrE
                0x00000000        0x4 common.o
 .rodata._ZN3mod6common32kUltraHammerChestDespawnIdOffsetE
                0x00000000        0x4 common.o
 .rodata._ZN3mod6common27kObjectCollectionExprOffsetE
                0x00000000        0x4 common.o
 .rodata._ZN3mod6common27kObjectChestScriptPtrOffsetE
                0x00000000        0x4 common.o
 .rodata._ZN3mod6common33kMujModuleFlavioDesiredItemOffsetE
                0x00000000        0x4 common.o
 .rodata._ZN3mod6common36kJinModuleAtomicBooItemGswfSetOffsetE
                0x00000000        0x4 common.o
 .rodata._ZN3mod6common39kJinModuleAtomicBooItemObjectFlagOffsetE
                0x00000000        0x4 common.o
 .rodata._ZN3mod6common32kPitModuleCharlietonChanceOffsetE
                0x00000000        0x4 common.o
 .rodata._ZN3mod6common22kPitModuleNpcArrOffsetE
                0x00000000        0x4 common.o
 .rodata._ZN3mod6common23kSavedWordFlagBaseValueE
                0x00000000        0x4 common.o
 .data._ZN3mod6common20kPiantaParlorItemArrE
                0x00000000        0x4 common.o
 .data._ZN3mod6common21kPitCharlietonItemArrE
                0x00000000        0x4 common.o
 .data._ZN3mod6common12kHowzItemArrE
                0x00000000        0x4 common.o
 .data._ZN3mod6common18kCharlietonItemArrE
                0x00000000        0x4 common.o
 .data._ZN3mod6common14kDazzleItemArrE
                0x00000000        0x4 common.o
 .data._ZN3mod6common20kSuperguardFramesArrE
                0x00000000        0x4 common.o
 .data._ZN3mod6common15kGuardFramesArrE
                0x00000000        0x4 common.o
 .data._ZN3mod6common25kSuperChargePartnerParamsE
                0x00000000        0x4 common.o
 .data._ZN3mod6common18kSuperChargeParamsE
                0x00000000        0x4 common.o
 .data._ZN3mod6common19kPiercingBlowParamsE
                0x00000000        0x4 common.o
 .data._ZN3mod6common18kHammerThrowParamsE
                0x00000000        0x4 common.o
 .data._ZN3mod6common17kKoopaCurseParamsE
                0x00000000        0x4 common.o
 .data._ZN3mod6common15kTradeOffParamsE
                0x00000000        0x4 common.o
 .data._ZN3mod6common17kGulpRecoilParamsE
                0x00000000        0x4 common.o
 .data._ZN3mod6common24kUltraHammerRecoilParamsE
                0x00000000        0x4 common.o
 .data._ZN3mod6common24kSuperHammerRecoilParamsE
                0x00000000        0x4 common.o
 .data._ZN3mod6common8kNextMapE
                0x00000000        0x4 common.o
 .rodata.cst4   0x00000000        0x4 common.o
 .text          0x00000000        0x0 con_mario.o
 .data          0x00000000        0x0 con_mario.o
 .bss           0x00000000        0x0 con_mario.o
 .text          0x00000000        0x0 con_perf.o
 .data          0x00000000        0x0 con_perf.o
 .bss           0x00000000        0x0 con_perf.o
 .text          0x00000000        0x0 con_seq.o
 .data          0x00000000        0x0 con_seq.o
 .bss           0x00000000        0x0 con_seq.o
 .text          0x00000000        0x0 console.o
 .data          0x00000000        0x0 console.o
 .bss           0x00000000        0x0 console.o
 .text._ZN3mod13ConsoleSystem8logDebugEPKcz
                0x00000000       0xbc console.o
 .text._ZN3mod13ConsoleSystem12setMonospaceEb
                0x00000000       0x30 console.o
 .text._ZN3mod13ConsoleSystem14updateUsbGeckoEv
                0x00000000       0x14 console.o
 .text          0x00000000        0x0 cxx.o
 .data          0x00000000        0x0 cxx.o
 .bss           0x00000000        0x0 cxx.o
 .text._ZdlPv   0x00000000        0xc cxx.o
 .text._ZdaPv   0x00000000        0xc cxx.o
 .text          0x00000000        0x0 keyboard.o
 .data          0x00000000        0x0 keyboard.o
 .bss           0x00000000        0x0 keyboard.o
 .text._ZN3mod8Keyboard10setChannelEi
                0x00000000       0xc4 keyboard.o
 .text._ZN3mod8Keyboard7connectEv
                0x00000000       0x78 keyboard.o
 .text._ZN3mod8Keyboard10disconnectEv
                0x00000000       0x4c keyboard.o
 .text          0x00000000        0x0 mod.o
 .data          0x00000000        0x0 mod.o
 .bss           0x00000000        0x0 mod.o
 .text._ZN3mod3ModC2Ev
                0x00000000       0xa0 mod.o
 .text._ZN3mod3Mod11updateEarlyEv
                0x00000000       0x90 mod.o
 .text._ZN3mod3Mod4drawEv
                0x00000000        0x8 mod.o
 .text          0x00000000        0x0 patch.o
 .data          0x00000000        0x0 patch.o
 .bss           0x00000000        0x0 patch.o
 .text._ZN3mod5patch21writeStandardBranchesEPvPFvvES3_
                0x00000000       0x80 patch.o
 .text._ZN3mod5patch15replaceEvtInstrEPit
                0x00000000        0x8 patch.o
 .text._ZN3mod5patch14writeEvtBranchEPiPKib
                0x00000000       0x1c patch.o
 .text._ZN3mod5patch13writeBranchBLEPvS1_
                0x00000000       0x50 patch.o
 .text._ZN3mod5patch15writeBranchMainEPvS1_j
                0x00000000       0x48 patch.o
 .text._ZN3mod5patch10writePatchEPvPKvS3_
                0x00000000       0x7c patch.o
 .text._ZN3mod5patch10writePatchEPvj
                0x00000000       0x6c patch.o
 .text._ZN3mod5patch15writeBranchPairEPvS1_S1_S1_
                0x00000000       0x88 patch.o
 .text._ZN3mod5patch15writeBranchPairEPvS1_S1_
                0x00000000       0x80 patch.o
 .text          0x00000000        0x0 rel.o
 .data          0x00000000        0x0 rel.o
 .bss           0x00000000        0x0 rel.o
 .text          0x00000000        0x0 ug.o
 .data          0x00000000        0x0 ug.o
 .bss           0x00000000        0x0 ug.o
 .text          0x00000000        0x0 util.o
 .data          0x00000000        0x0 util.o
 .bss           0x00000000        0x0 util.o
 .text          0x00000000        0x0 aaa.o
 .data          0x00000000        0x0 aaa.o
 .bss           0x00000000        0x0 aaa.o
 .text          0x00000000        0x0 aji.o
 .data          0x00000000        0x0 aji.o
 .bss           0x00000000        0x0 aji.o
 .text          0x00000000        0x0 bom.o
 .data          0x00000000        0x0 bom.o
 .bss           0x00000000        0x0 bom.o
 .text          0x00000000        0x0 dou.o
 .data          0x00000000        0x0 dou.o
 .bss           0x00000000        0x0 dou.o
 .text          0x00000000        0x0 eki.o
 .data          0x00000000        0x0 eki.o
 .bss           0x00000000        0x0 eki.o
 .text          0x00000000        0x0 end.o
 .data          0x00000000        0x0 end.o
 .bss           0x00000000        0x0 end.o
 .text          0x00000000        0x0 gon.o
 .data          0x00000000        0x0 gon.o
 .bss           0x00000000        0x0 gon.o
 .text          0x00000000        0x0 gor_00.o
 .data          0x00000000        0x0 gor_00.o
 .bss           0x00000000        0x0 gor_00.o
 .text._Z17ApplyGor00PatchesPN2gc6OSLink12OSModuleInfoE
                0x00000000      0x644 gor_00.o
 .rodata._ZL21gor_00_init_evt2_hook
                0x00000000       0x14 gor_00.o
 .rodata._ZL21gor_00_init_evt1_hook
                0x00000000       0x14 gor_00.o
 .rodata._ZL16gor_00_init_evt1
                0x00000000      0x1f8 gor_00.o
 .rodata._ZL18korutesu_init_hook
                0x00000000       0x10 gor_00.o
 .rodata._ZL17korutesu_init_evt
                0x00000000       0x58 gor_00.o
 .rodata._ZL20suifubomb_b_talk_evt
                0x00000000       0xd4 gor_00.o
 .rodata._ZL21suifubomb_b_regl_hook
                0x00000000       0x10 gor_00.o
 .rodata._ZL20suifubomb_b_regl_evt
                0x00000000      0x120 gor_00.o
 .rodata._ZL20suifubomb_a_talk_evt
                0x00000000      0x150 gor_00.o
 .rodata._ZL21suifubomb_a_regl_hook
                0x00000000       0x10 gor_00.o
 .rodata._ZL20suifubomb_a_regl_evt
                0x00000000       0x90 gor_00.o
 .rodata._ZL21suifubomb_a_init_hook
                0x00000000       0x10 gor_00.o
 .rodata._ZL20suifubomb_a_init_evt
                0x00000000       0xc8 gor_00.o
 .rodata._ZL16suifu_b_talk_evt
                0x00000000       0xd4 gor_00.o
 .rodata._ZL17suifu_b_init_hook
                0x00000000       0x10 gor_00.o
 .rodata._ZL16suifu_b_init_evt
                0x00000000       0xc8 gor_00.o
 .rodata._ZL17suifu_a_regl_hook
                0x00000000       0x10 gor_00.o
 .rodata._ZL16suifu_a_regl_evt
                0x00000000       0x80 gor_00.o
 .rodata._ZL16suifu_a_talk_evt
                0x00000000       0xd4 gor_00.o
 .rodata._ZL19odoodo_ani_talk_evt
                0x00000000       0x20 gor_00.o
 .rodata._ZL15odoodo_talk_evt
                0x00000000       0xfc gor_00.o
 .rodata._ZL16odoodo_regl_hook
                0x00000000       0x10 gor_00.o
 .rodata._ZL15odoodo_regl_evt
                0x00000000       0x94 gor_00.o
 .rodata._ZL15odoodo_init_evt
                0x00000000      0x114 gor_00.o
 .rodata._ZL17garawaru_talk_evt
                0x00000000       0xb8 gor_00.o
 .rodata._ZL18garawaru_regl_hook
                0x00000000       0x10 gor_00.o
 .rodata._ZL17garawaru_regl_evt
                0x00000000      0x120 gor_00.o
 .rodata._ZL18garawaru_init_hook
                0x00000000       0x10 gor_00.o
 .rodata._ZL17garawaru_init_evt
                0x00000000      0x140 gor_00.o
 .text          0x00000000        0x0 gor_01.o
 .data          0x00000000        0x0 gor_01.o
 .bss           0x00000000        0x0 gor_01.o
 .text._Z17ApplyGor01PatchesPN2gc6OSLink12OSModuleInfoE
                0x00000000      0x420 gor_01.o
 .rodata.str1.4
                0x00000000       0xb2 gor_01.o
 .rodata._ZL15bomhei_talk_evt
                0x00000000       0x20 gor_01.o
 .rodata._ZL16chusan2_talk_evt
                0x00000000       0x20 gor_01.o
 .rodata._ZL16chusan1_talk_evt
                0x00000000       0x20 gor_01.o
 .rodata._ZL16kuribo3_talk_evt
                0x00000000       0x20 gor_01.o
 .rodata._ZL16kuribo2_talk_evt
                0x00000000       0x20 gor_01.o
 .rodata._ZL16kuribo1_talk_evt
                0x00000000       0x20 gor_01.o
 .rodata._ZL15roten2_talk_evt
                0x00000000       0x20 gor_01.o
 .rodata._ZL15roten1_talk_evt
                0x00000000       0x20 gor_01.o
 .rodata._ZL19shoptender_talk_evt
                0x00000000       0x20 gor_01.o
 .rodata._ZL15kinoji_talk_evt
                0x00000000       0x20 gor_01.o
 .rodata._ZL20badgemaster_talk_evt
                0x00000000       0x20 gor_01.o
 .text          0x00000000        0x0 gor_02.o
 .data          0x00000000        0x0 gor_02.o
 .bss           0x00000000        0x0 gor_02.o
 .rodata._Z17ApplyGor02PatchesPN2gc6OSLink12OSModuleInfoE.str1.4
                0x00000000        0x3 gor_02.o
 .text._Z17ApplyGor02PatchesPN2gc6OSLink12OSModuleInfoE
                0x00000000      0x4c8 gor_02.o
 .rodata.str1.4
                0x00000000      0x14e gor_02.o
 .rodata._ZL19kurihakase_talk_evt
                0x00000000      0x2cc gor_02.o
 .rodata._ZL21evt_door_02_open_hook
                0x00000000       0x14 gor_02.o
 .rodata._ZL20evt_door_02_open_evt
                0x00000000      0x188 gor_02.o
 .rodata._ZL16gor_02_init_evt1
                0x00000000      0x138 gor_02.o
 .rodata._ZL16borodo2_talk_evt
                0x00000000       0x20 gor_02.o
 .rodata._ZL16borodo1_talk_evt
                0x00000000       0x20 gor_02.o
 .rodata._ZL15roten3_talk_evt
                0x00000000       0x20 gor_02.o
 .rodata._ZL16chusan3_talk_evt
                0x00000000       0x20 gor_02.o
 .rodata._ZL16kuribo4_talk_evt
                0x00000000       0x20 gor_02.o
 .text          0x00000000        0x0 gor_03.o
 .data          0x00000000        0x0 gor_03.o
 .bss           0x00000000        0x0 gor_03.o
 .text._Z17ApplyGor03PatchesPN2gc6OSLink12OSModuleInfoE
                0x00000000      0x4e4 gor_03.o
 .rodata.str1.4
                0x00000000       0xf9 gor_03.o
 .rodata._ZL16maffia3_talk_evt
                0x00000000       0x20 gor_03.o
 .rodata._ZL16maffia2_talk_evt
                0x00000000      0x140 gor_03.o
 .rodata._ZL16maffia1_talk_evt
                0x00000000      0x140 gor_03.o
 .rodata._ZL26maffiaboss_casino_talk_evt
                0x00000000       0x20 gor_03.o
 .rodata._ZL26maffiaboss_talk_common_evt
                0x00000000      0x120 gor_03.o
 .text          0x00000000        0x0 gor_04.o
 .data          0x00000000        0x0 gor_04.o
 .bss           0x00000000        0x0 gor_04.o
 .text._Z17ApplyGor04PatchesPN2gc6OSLink12OSModuleInfoE
                0x00000000      0x170 gor_04.o
 .text          0x00000000        0x0 gor_misc.o
 .data          0x00000000        0x0 gor_misc.o
 .bss           0x00000000        0x0 gor_misc.o
 .text._Z19ApplyGorMiscPatchesPN2gc6OSLink12OSModuleInfoE
                0x00000000       0xc8 gor_misc.o
 .text          0x00000000        0x0 gra.o
 .data          0x00000000        0x0 gra.o
 .bss           0x00000000        0x0 gra.o
 .text          0x00000000        0x0 hei.o
 .data          0x00000000        0x0 hei.o
 .bss           0x00000000        0x0 hei.o
 .text          0x00000000        0x0 hom.o
 .data          0x00000000        0x0 hom.o
 .bss           0x00000000        0x0 hom.o
 .text          0x00000000        0x0 jin.o
 .data          0x00000000        0x0 jin.o
 .bss           0x00000000        0x0 jin.o
 .text          0x00000000        0x0 kpa.o
 .data          0x00000000        0x0 kpa.o
 .bss           0x00000000        0x0 kpa.o
 .text          0x00000000        0x0 las.o
 .data          0x00000000        0x0 las.o
 .bss           0x00000000        0x0 las.o
 .text._Z15ApplyLasPatchesPN2gc6OSLink12OSModuleInfoE
                0x00000000      0x4b4 las.o
 .text          0x00000000        0x0 moo.o
 .data          0x00000000        0x0 moo.o
 .bss           0x00000000        0x0 moo.o
 .text._Z15ApplyMooPatchesPN2gc6OSLink12OSModuleInfoE
                0x00000000       0xac moo.o
 .rodata._ZL20moo_04_init_evt_hook
                0x00000000       0x28 moo.o
 .rodata._ZL19moo_04_init_evt_evt
                0x00000000      0x144 moo.o
 .text          0x00000000        0x0 mri.o
 .data          0x00000000        0x0 mri.o
 .bss           0x00000000        0x0 mri.o
 .text          0x00000000        0x0 muj.o
 .data          0x00000000        0x0 muj.o
 .bss           0x00000000        0x0 muj.o
 .text          0x00000000        0x0 nok.o
 .data          0x00000000        0x0 nok.o
 .bss           0x00000000        0x0 nok.o
 .text          0x00000000        0x0 pik.o
 .data          0x00000000        0x0 pik.o
 .bss           0x00000000        0x0 pik.o
 .text          0x00000000        0x0 rsh.o
 .data          0x00000000        0x0 rsh.o
 .bss           0x00000000        0x0 rsh.o
 .text          0x00000000        0x0 tik.o
 .data          0x00000000        0x0 tik.o
 .bss           0x00000000        0x0 tik.o
 .text._Z24checkChapterRequirementsPN4ttyd6evtmgr8EvtEntryEb
                0x00000000       0xac tik.o
 .text          0x00000000        0x0 tou.o
 .data          0x00000000        0x0 tou.o
 .bss           0x00000000        0x0 tou.o
 .text          0x00000000        0x0 tou2.o
 .data          0x00000000        0x0 tou2.o
 .bss           0x00000000        0x0 tou2.o
 .text          0x00000000        0x0 usu.o
 .data          0x00000000        0x0 usu.o
 .bss           0x00000000        0x0 usu.o
 .text          0x00000000        0x0 win.o
 .data          0x00000000        0x0 win.o
 .bss           0x00000000        0x0 win.o
 .text          0x00000000       0x7c patch_ih.o
 .data          0x00000000        0x0 patch_ih.o
 .bss           0x00000000        0x0 patch_ih.o
 .text          0x00000000        0x0 C:/devkitPro/devkitPPC/bin/../lib/gcc/powerpc-eabi/13.1.0\libgcc.a(_divdi3.o)
 .data          0x00000000        0x0 C:/devkitPro/devkitPPC/bin/../lib/gcc/powerpc-eabi/13.1.0\libgcc.a(_divdi3.o)
 .bss           0x00000000        0x0 C:/devkitPro/devkitPPC/bin/../lib/gcc/powerpc-eabi/13.1.0\libgcc.a(_divdi3.o)

Memory Configuration

Name             Origin             Length             Attributes
*default*        0x00000000         0xffffffff

Linker script and memory map

                0x80003100                        . = 0x80003100

.init
 *crt0.o(*.init)
 *(.init)

.plt
 *(.plt)

.interp
 *(.interp)

.hash
 *(.hash)

.dynsym
 *(.dynsym)

.dynstr
 *(.dynstr)

.gnu.version
 *(.gnu.version)

.gnu.version_d
 *(.gnu.version_d)

.gnu.version_r
 *(.gnu.version_r)

.rel.init
 *(.rel.init)

.rela.init
 *(.rela.init)

.rel.text
 *(.rel.text .rel.text.* .rel.gnu.linkonce.t.*)

.rela.text
 *(.rela.text .rela.text.* .rela.gnu.linkonce.t.*)

.rel.fini
 *(.rel.fini)

.rela.fini
 *(.rela.fini)

.rel.rodata
 *(.rel.rodata .rel.rodata.* .rel.gnu.linkonce.r.*)

.rela.rodata
 *(.rela.rodata .rela.rodata.* .rela.gnu.linkonce.r.*)

.rel.data
 *(.rel.data .rel.data.* .rel.gnu.linkonce.d.*)

.rela.data
 *(.rela.data .rela.data.* .rela.gnu.linkonce.d.*)

.rel.tdata
 *(.rel.tdata .rel.tdata.* .rel.gnu.linkonce.td.*)

.rela.tdata
 *(.rela.tdata .rela.tdata.* .rela.gnu.linkonce.td.*)

.rel.tbss
 *(.rel.tbss .rel.tbss.* .rel.gnu.linkonce.tb.*)

.rela.tbss
 *(.rela.tbss .rela.tbss.* .rela.gnu.linkonce.tb.*)

.rel.ctors
 *(.rel.ctors)

.rela.ctors
 *(.rela.ctors)

.rel.dtors
 *(.rel.dtors)

.rela.dtors
 *(.rela.dtors)

.rel.got
 *(.rel.got)

.rela.got
 *(.rela.got)

.rela.got1
 *(.rela.got1)

.rela.got2
 *(.rela.got2)

.rel.sdata
 *(.rel.sdata .rel.sdata.* .rel.gnu.linkonce.s.*)

.rela.sdata
 *(.rela.sdata .rela.sdata.* .rela.gnu.linkonce.s.*)

.rel.sbss
 *(.rel.sbss .rel.sbss.* .rel.gnu.linkonce.sb.*)

.rela.sbss
 *(.rela.sbss .rela.sbss.* .rel.gnu.linkonce.sb.*)

.rel.sdata2
 *(.rel.sdata2 .rel.sdata2.* .rel.gnu.linkonce.s2.*)

.rela.sdata2
 *(.rela.sdata2 .rela.sdata2.* .rela.gnu.linkonce.s2.*)

.rel.sbss2
 *(.rel.sbss2 .rel.sbss2.* .rel.gnu.linkonce.sb2.*)

.rela.sbss2
 *(.rela.sbss2 .rela.sbss2.* .rela.gnu.linkonce.sb2.*)

.rel.bss
 *(.rel.bss .rel.bss.* .rel.gnu.linkonce.b.*)

.rela.bss
 *(.rela.bss .rela.bss.* .rela.gnu.linkonce.b.*)

.rel.plt
 *(.rel.plt)

.rela.plt
 *(.rela.plt)

.text           0x80003100     0xab80
 *(.text)
 *(.text.*)
 .text._ZZN3mod3owr3OWR4InitEvENUlvE_4_FUNEv
                0x80003100       0x10 OWR.o
 .text._ZN3mod3owr3OWR12SequenceInitEv.part.0
                0x80003110       0xe8 OWR.o
 .text._ZN3mod3owr3OWRC2Ev
                0x800031f8        0xc OWR.o
                0x800031f8                _ZN3mod3owr3OWRC1Ev
                0x800031f8                _ZN3mod3owr3OWRC2Ev
 .text._ZN3mod3owr3OWR4InitEv
                0x80003204      0x144 OWR.o
                0x80003204                _ZN3mod3owr3OWR4InitEv
 .text._ZN3mod3owr3OWR6UpdateEv
                0x80003348       0x5c OWR.o
                0x80003348                _ZN3mod3owr3OWR6UpdateEv
 .text._ZN3mod3owr3OWR4DrawEv
                0x800033a4        0x4 OWR.o
                0x800033a4                _ZN3mod3owr3OWR4DrawEv
 .text._ZN3mod3owr3OWR14OnModuleLoadedEPN2gc6OSLink12OSModuleInfoE
                0x800033a8      0x1dc OWR.o
                0x800033a8                _ZN3mod3owr3OWR14OnModuleLoadedEPN2gc6OSLink12OSModuleInfoE
 .text._ZZN3mod3owr3OWR4InitEvENUlPN2gc6OSLink12OSModuleInfoEPvE_4_FUNES5_S6_
                0x80003584       0x84 OWR.o
 .text.startup._GLOBAL__sub_I__Z13strcpy_StringPcPKc
                0x80003608       0x14 OWR.o
 .text._ZN3modL13mod_if_func22Ev
                0x8000361c       0x54 con_mario.o
 .text.startup._GLOBAL__sub_I__ZN3mod13mario_set_posE
                0x80003670       0x88 con_mario.o
 .text._ZN3modL13mod_if_func46Ev
                0x800036f8      0x19c con_perf.o
 .text._ZN3modL13mod_if_func29Ev
                0x80003894       0xbc con_perf.o
 .text.startup._GLOBAL__sub_I__ZN3mod15perf_fake_spikeE
                0x80003950       0xd4 con_perf.o
 .text._ZZN3modL13mod_if_func16EvENUlPN4ttyd6seqdrv7SeqInfoEE_4_FUNES3_
                0x80003a24       0x44 con_seq.o
 .text._ZN3modL13mod_if_func16Ev
                0x80003a68       0x74 con_seq.o
 .text.startup._GLOBAL__sub_I__ZN3mod13seq_logo_skipE
                0x80003adc       0x8c con_seq.o
 .text._ZN3mod13ConsoleSystem4initEv
                0x80003b68       0x38 console.o
                0x80003b68                _ZN3mod13ConsoleSystem4initEv
 .text._ZN3mod13ConsoleSystem8logColorEPKcN2gc6color4E
                0x80003ba0      0x2a8 console.o
                0x80003ba0                _ZN3mod13ConsoleSystem8logColorEPKcN2gc6color4E
 .text._ZN3mod13ConsoleSystem7logInfoEPKcz
                0x80003e48       0xb8 console.o
                0x80003e48                _ZN3mod13ConsoleSystem7logInfoEPKcz
 .text._ZN3mod7CC_findEPKc
                0x80003f00      0x12c console.o
                0x80003f00                _ZN3mod7CC_findEPKc
 .text._ZN3mod13ConsoleSystem10logWarningEPKcz
                0x8000402c       0xbc console.o
                0x8000402c                _ZN3mod13ConsoleSystem10logWarningEPKcz
 .text._ZN3mod13ConsoleSystem8logErrorEPKcz
                0x800040e8       0xbc console.o
                0x800040e8                _ZN3mod13ConsoleSystem8logErrorEPKcz
 .text._ZN3mod13ConsoleSystem7overlayEPKcz
                0x800041a4       0xd0 console.o
                0x800041a4                _ZN3mod13ConsoleSystem7overlayEPKcz
 .text._ZN3mod13ConsoleSystem8drawLineEiPKcN2gc6color4E
                0x80004274      0x15c console.o
                0x80004274                _ZN3mod13ConsoleSystem8drawLineEiPKcN2gc6color4E
 .text._ZN3mod13ConsoleSystem14processCommandEPKc
                0x800043d0      0x288 console.o
                0x800043d0                _ZN3mod13ConsoleSystem14processCommandEPKc
 .text._ZN3mod13ConsoleSystem12updatePromptEv
                0x80004658      0x974 console.o
                0x80004658                _ZN3mod13ConsoleSystem12updatePromptEv
 .text._ZN3mod13ConsoleSystem14updateUsbGeckoEv.part.0
                0x80004fcc      0x19c console.o
 .text._ZN3mod13ConsoleSystem6updateEv
                0x80005168       0x70 console.o
                0x80005168                _ZN3mod13ConsoleSystem6updateEv
 .text._ZN3mod13ConsoleSystem4dispEv
                0x800051d8      0x5f0 console.o
                0x800051d8                _ZN3mod13ConsoleSystem4dispEv
 .text._ZZN3mod13ConsoleSystem6updateEvENUlN4ttyd7dispdrv8CameraIdEPvE_4_FUNES3_S4_
                0x800057c8        0x8 console.o
 .text.startup._GLOBAL__sub_I__ZN3mod10ConCommand6sFirstE
                0x800057d0      0x1ac console.o
 .text._Znwj    0x8000597c        0xc cxx.o
                0x8000597c                _Znwj
 .text._Znaj    0x80005988        0xc cxx.o
                0x80005988                _Znaj
 .text._ZN3mod8KeyboardC2Ei
                0x80005994       0x84 keyboard.o
                0x80005994                _ZN3mod8KeyboardC2Ei
                0x80005994                _ZN3mod8KeyboardC1Ei
 .text._ZN3mod8Keyboard6updateEv
                0x80005a18      0x59c keyboard.o
                0x80005a18                _ZN3mod8Keyboard6updateEv
 .text._ZZN3mod3Mod4initEvENUlvE0_4_FUNEv
                0x80005fb4        0x4 mod.o
 .text._ZZN3mod3Mod11updateEarlyEvENUlN4ttyd7dispdrv8CameraIdEPvE_4_FUNES3_S4_
                0x80005fb8        0x8 mod.o
 .text._ZZN3mod3Mod4initEvENUlvE_4_FUNEv
                0x80005fc0       0x94 mod.o
 .text._ZN3mod3Mod4initEv
                0x80006054       0xfc mod.o
                0x80006054                _ZN3mod3Mod4initEv
 .text.startup._ZN3mod4mainEv
                0x80006150       0xb0 mod.o
                0x80006150                _ZN3mod4mainEv
 .text._ZN3mod5patch17clear_DC_IC_CacheEPvj
                0x80006200       0x40 patch.o
                0x80006200                _ZN3mod5patch17clear_DC_IC_CacheEPvj
 .text._ZN3mod5patch11writeBranchEPvS1_
                0x80006240       0x4c patch.o
                0x80006240                _ZN3mod5patch11writeBranchEPvS1_
 .text._ZN3mod5patch10writePatchEPvPKvj
                0x8000628c       0x7c patch.o
                0x8000628c                _ZN3mod5patch10writePatchEPvPKvj
 .text._prolog  0x80006308       0xac rel.o
                0x80006308                _prolog
 .text._epilog  0x800063b4       0xac rel.o
                0x800063b4                _epilog
 .text._unresolved
                0x80006460        0x4 rel.o
                0x80006460                _unresolved
 .text._ZN3mod7ugProbeEi
                0x80006464      0x110 ug.o
                0x80006464                _ZN3mod7ugProbeEi
 .text._ZN3mod6ugSendEiPKvi
                0x80006574      0x12c ug.o
                0x80006574                _ZN3mod6ugSendEiPKvi
 .text._ZN3mod6ugRecvEiPvi
                0x800066a0      0x124 ug.o
                0x800066a0                _ZN3mod6ugRecvEiPvi
 .text.strstr   0x800067c4       0xf0 util.o
                0x800067c4                strstr
 .text._Z15ApplyAaaPatchesPN2gc6OSLink12OSModuleInfoE
                0x800068b4       0x50 aaa.o
                0x800068b4                _Z15ApplyAaaPatchesPN2gc6OSLink12OSModuleInfoE
 .text._Z15ApplyAjiPatchesPN2gc6OSLink12OSModuleInfoE
                0x80006904      0x8a0 aji.o
                0x80006904                _Z15ApplyAjiPatchesPN2gc6OSLink12OSModuleInfoE
 .text._Z15ApplyBomPatchesPN2gc6OSLink12OSModuleInfoE
                0x800071a4      0x2fc bom.o
                0x800071a4                _Z15ApplyBomPatchesPN2gc6OSLink12OSModuleInfoE
 .text._Z15ApplyDouPatchesPN2gc6OSLink12OSModuleInfoE
                0x800074a0      0x304 dou.o
                0x800074a0                _Z15ApplyDouPatchesPN2gc6OSLink12OSModuleInfoE
 .text._Z15ApplyEkiPatchesPN2gc6OSLink12OSModuleInfoE
                0x800077a4      0x270 eki.o
                0x800077a4                _Z15ApplyEkiPatchesPN2gc6OSLink12OSModuleInfoE
 .text._Z15ApplyEndPatchesPN2gc6OSLink12OSModuleInfoE
                0x80007a14       0x30 end.o
                0x80007a14                _Z15ApplyEndPatchesPN2gc6OSLink12OSModuleInfoE
 .text._Z15ApplyGonPatchesPN2gc6OSLink12OSModuleInfoE
                0x80007a44      0x35c gon.o
                0x80007a44                _Z15ApplyGonPatchesPN2gc6OSLink12OSModuleInfoE
 .text.startup._GLOBAL__sub_I__Z17ApplyGor00PatchesPN2gc6OSLink12OSModuleInfoE
                0x80007da0       0x1c gor_00.o
 .text._Z15ApplyGraPatchesPN2gc6OSLink12OSModuleInfoE
                0x80007dbc      0x22c gra.o
                0x80007dbc                _Z15ApplyGraPatchesPN2gc6OSLink12OSModuleInfoE
 .text._Z15ApplyHeiPatchesPN2gc6OSLink12OSModuleInfoE
                0x80007fe8      0x224 hei.o
                0x80007fe8                _Z15ApplyHeiPatchesPN2gc6OSLink12OSModuleInfoE
 .text._Z15ApplyHomPatchesPN2gc6OSLink12OSModuleInfoE
                0x8000820c      0x140 hom.o
                0x8000820c                _Z15ApplyHomPatchesPN2gc6OSLink12OSModuleInfoE
 .text._Z15ApplyJinPatchesPN2gc6OSLink12OSModuleInfoE
                0x8000834c      0x2e8 jin.o
                0x8000834c                _Z15ApplyJinPatchesPN2gc6OSLink12OSModuleInfoE
 .text._Z15ApplyKpaPatchesPN2gc6OSLink12OSModuleInfoE
                0x80008634       0xe4 kpa.o
                0x80008634                _Z15ApplyKpaPatchesPN2gc6OSLink12OSModuleInfoE
 .text._Z15ApplyMriPatchesPN2gc6OSLink12OSModuleInfoE
                0x80008718      0xb8c mri.o
                0x80008718                _Z15ApplyMriPatchesPN2gc6OSLink12OSModuleInfoE
 .text.startup._GLOBAL__sub_I__Z15ApplyMriPatchesPN2gc6OSLink12OSModuleInfoE
                0x800092a4       0x14 mri.o
 .text._Z15ApplyMujPatchesPN2gc6OSLink12OSModuleInfoE
                0x800092b8      0x9b0 muj.o
                0x800092b8                _Z15ApplyMujPatchesPN2gc6OSLink12OSModuleInfoE
 .text.startup._GLOBAL__sub_I__Z15ApplyMujPatchesPN2gc6OSLink12OSModuleInfoE
                0x80009c68       0x30 muj.o
 .text._Z15ApplyNokPatchesPN2gc6OSLink12OSModuleInfoE
                0x80009c98      0x370 nok.o
                0x80009c98                _Z15ApplyNokPatchesPN2gc6OSLink12OSModuleInfoE
 .text._Z15ApplyPikPatchesPN2gc6OSLink12OSModuleInfoE
                0x8000a008      0x534 pik.o
                0x8000a008                _Z15ApplyPikPatchesPN2gc6OSLink12OSModuleInfoE
 .text._Z15ApplyRshPatchesPN2gc6OSLink12OSModuleInfoE
                0x8000a53c      0xf70 rsh.o
                0x8000a53c                _Z15ApplyRshPatchesPN2gc6OSLink12OSModuleInfoE
 .text._Z15ApplyTikPatchesPN2gc6OSLink12OSModuleInfoE
                0x8000b4ac      0x5c0 tik.o
                0x8000b4ac                _Z15ApplyTikPatchesPN2gc6OSLink12OSModuleInfoE
 .text._Z15ApplyTouPatchesPN2gc6OSLink12OSModuleInfoE
                0x8000ba6c      0xfb8 tou.o
                0x8000ba6c                _Z15ApplyTouPatchesPN2gc6OSLink12OSModuleInfoE
 .text._Z16ApplyTou2PatchesPN2gc6OSLink12OSModuleInfoE
                0x8000ca24      0x2e8 tou2.o
                0x8000ca24                _Z16ApplyTou2PatchesPN2gc6OSLink12OSModuleInfoE
 .text._Z15ApplyUsuPatchesPN2gc6OSLink12OSModuleInfoE
                0x8000cd0c      0x8a8 usu.o
                0x8000cd0c                _Z15ApplyUsuPatchesPN2gc6OSLink12OSModuleInfoE
 .text._Z15ApplyWinPatchesPN2gc6OSLink12OSModuleInfoE
                0x8000d5b4      0x2cc win.o
                0x8000d5b4                _Z15ApplyWinPatchesPN2gc6OSLink12OSModuleInfoE
 .text.__divdi3
                0x8000d880      0x3ec C:/devkitPro/devkitPPC/bin/../lib/gcc/powerpc-eabi/13.1.0\libgcc.a(_divdi3.o)
                0x8000d880                __divdi3
 *(.gnu.warning)
 *(.gnu.linkonce.t.*)
                0x8000dc80                        . = ALIGN (0x20)
 *fill*         0x8000dc6c       0x14 00000000

.text._ZN3mod13mario_set_posMUlPKcE_4_FUNES2_
                0x00000000       0x6c
 .text._ZN3mod13mario_set_posMUlPKcE_4_FUNES2_
                0x00000000       0x6c con_mario.o
                0x00000000                _ZN3mod13mario_set_posMUlPKcE_4_FUNES2_
                0x00000000                _ZN3mod13mario_set_posMUlPKcE_4_FUNES1_

.text._ZN3mod15perf_fake_spikeMUlPKcE_4_FUNES2_
                0x00000000       0xa8
 .text._ZN3mod15perf_fake_spikeMUlPKcE_4_FUNES2_
                0x00000000       0xa8 con_perf.o
                0x00000000                _ZN3mod15perf_fake_spikeMUlPKcE_4_FUNES1_
                0x00000000                _ZN3mod15perf_fake_spikeMUlPKcE_4_FUNES2_

.text._ZN3mod14seq_change_mapMUlPKcE_4_FUNES2_
                0x00000000       0xf0
 .text._ZN3mod14seq_change_mapMUlPKcE_4_FUNES2_
                0x00000000       0xf0 con_seq.o
                0x00000000                _ZN3mod14seq_change_mapMUlPKcE_4_FUNES2_
                0x00000000                _ZN3mod14seq_change_mapMUlPKcE_4_FUNES1_

.text._ZN3mod8con_monoMUlPNS_9ConIntVarEiE_4_FUNES2_i
                0x00000000       0x3c
 .text._ZN3mod8con_monoMUlPNS_9ConIntVarEiE_4_FUNES2_i
                0x00000000       0x3c console.o
                0x00000000                _ZN3mod8con_monoMUlPNS_9ConIntVarEiE_4_FUNES1_i
                0x00000000                _ZN3mod8con_monoMUlPNS_9ConIntVarEiE_4_FUNES2_i

.fini           0x0000003c        0x4
 *(.fini)
                0x00000040                        . = ALIGN (0x20)
 *fill*         0x0000003c        0x4 00000000
                [!provide]                        PROVIDE (__etext = .)
                [!provide]                        PROVIDE (_etext = .)
                [!provide]                        PROVIDE (etext = .)

.rodata         0x00000040     0x79e8
 *(.rodata)
 *(.rodata.*)
 .rodata._ZN3mod3owr3OWR6LZTestEv.str1.4
                0x00000040        0x7 OWR.o
 *fill*         0x00000047        0x1 
 .rodata._ZN3mod3owr3OWR14OnModuleLoadedEPN2gc6OSLink12OSModuleInfoE
                0x00000048       0x74 OWR.o
 .rodata._ZN3mod13mario_set_posMUlPKcE_4_FUNES2_.str1.4
                0x000000bc        0x9 con_mario.o
 *fill*         0x000000c5        0x3 
 .rodata._ZN3modL13mod_if_func22Ev.str1.4
                0x000000c8       0x20 con_mario.o
 .rodata._GLOBAL__sub_I__ZN3mod13mario_set_posE.str1.4
                0x000000e8       0x1f con_mario.o
 *fill*         0x00000107        0x1 
 .rodata._ZN3modL13mod_if_func46Ev.str1.4
                0x00000108       0x5e con_perf.o
 *fill*         0x00000166        0x2 
 .rodata._ZN3mod15perf_fake_spikeMUlPKcE_4_FUNES2_.str1.4
                0x00000168        0x4 con_perf.o
 .rodata._ZN3modL13mod_if_func29Ev.str1.4
                0x0000016c       0x1c con_perf.o
 .rodata._GLOBAL__sub_I__ZN3mod15perf_fake_spikeE.str1.4
                0x00000188       0x2b con_perf.o
 *fill*         0x000001b3        0x1 
 .rodata.cst4   0x000001b4       0x14 con_perf.o
 .rodata._ZN3mod14seq_change_mapMUlPKcE_4_FUNES2_.str1.4
                0x000001c8       0x20 con_seq.o
 .rodata._GLOBAL__sub_I__ZN3mod13seq_logo_skipE.str1.4
                0x000001e8       0x1f con_seq.o
 *fill*         0x00000207        0x1 
 .rodata._ZN3mod13ConsoleSystem8logColorEPKcN2gc6color4E.str1.4
                0x00000208       0x83 console.o
 *fill*         0x0000028b        0x1 
 .rodata._ZN3mod7CC_findEPKc.str1.4
                0x0000028c       0x21 console.o
 *fill*         0x000002ad        0x3 
 .rodata._ZN3mod13ConsoleSystem14processCommandEPKc.str1.4
                0x000002b0       0x2e console.o
 *fill*         0x000002de        0x2 
 .rodata._ZN3mod13ConsoleSystem12updatePromptEv
                0x000002e0      0x6c0 console.o
 .rodata._ZN3mod13ConsoleSystem14updateUsbGeckoEv.part.0.str1.4
                0x000009a0       0x75 console.o
 *fill*         0x00000a15        0x3 
 .rodata._ZN3mod13ConsoleSystem4dispEv.str1.4
                0x00000a18       0x16 console.o
 *fill*         0x00000a2e        0x2 
 .rodata._GLOBAL__sub_I__ZN3mod10ConCommand6sFirstE.str1.4
                0x00000a30       0x8d console.o
 .rodata._ZZN3mod13ConsoleSystem4dispEvE12kPromptColor
                0x00000abd        0x4 console.o
 *fill*         0x00000ac1        0x3 
 .rodata.cst4   0x00000ac4        0x8 console.o
 .rodata.cst4   0x00000acc        0x4 mod.o
 .rodata._ZL20aji_17_init_evt_hook
                0x00000ad0       0x14 aji.o
 .rodata._ZL19aji_17_init_evt_evt
                0x00000ae4       0x4c aji.o
 .rodata._ZL20aji_10_init_evt_hook
                0x00000b30       0x14 aji.o
 .rodata.str1.4
                0x00000b44       0x43 aji.o
 *fill*         0x00000b87        0x1 
 .rodata._ZL19aji_10_init_evt_evt
                0x00000b88      0x284 aji.o
 .rodata._ZL18teshita3_init_hook
                0x00000e0c       0x10 aji.o
 .rodata._ZL17teshita3_init_evt
                0x00000e1c       0xc0 aji.o
 .rodata._ZL18teshita2_init_hook
                0x00000edc       0x10 aji.o
 .rodata._ZL17teshita2_init_evt
                0x00000eec       0xc0 aji.o
 .rodata._ZL20peach_evt_ele_2_hook
                0x00000fac       0x14 aji.o
 .rodata._ZL19peach_evt_ele_2_evt
                0x00000fc0       0x6c aji.o
 .rodata._ZL20aji_00_init_evt_hook
                0x0000102c       0x10 aji.o
 .rodata._ZL19aji_00_init_evt_evt
                0x0000103c       0x5c aji.o
 .rodata._ZL4npc4
                0x00001098       0x13 aji.o
 *fill*         0x000010ab        0x1 
 .rodata._ZL4npc3
                0x000010ac        0x7 aji.o
 *fill*         0x000010b3        0x1 
 .rodata._ZL4npc2
                0x000010b4        0xf aji.o
 *fill*         0x000010c3        0x1 
 .rodata._ZL4npc1
                0x000010c4        0x7 aji.o
 *fill*         0x000010cb        0x1 
 .rodata.str1.4
                0x000010cc      0x2aa gor_00.o
 *fill*         0x00001376        0x2 
 .rodata.str1.4
                0x00001378       0x18 gra.o
 .rodata._ZL18evt_machibuse_evt1
                0x00001390       0x50 gra.o
 .rodata._ZL8doopliss
                0x000013e0        0xb gra.o
 *fill*         0x000013eb        0x1 
 .rodata._ZL18puniinfo_talk_hook
                0x000013ec       0x10 mri.o
 .rodata._ZL20mri_03_init_evt_hook
                0x000013fc       0x14 mri.o
 .rodata.str1.4
                0x00001410      0x10b mri.o
 *fill*         0x0000151b        0x1 
 .rodata._ZL22mri_03_init_evt_switch
                0x0000151c       0x9c mri.o
 .rodata._ZL20mri_01_init_evt_hook
                0x000015b8       0x14 mri.o
 .rodata._ZL22mri_01_init_evt_switch
                0x000015cc       0xb0 mri.o
 .rodata._ZL23mri_sister_init_01_hook
                0x0000167c       0x10 mri.o
 .rodata._ZL22mri_sister_init_01_evt
                0x0000168c       0xa8 mri.o
 .rodata._ZL16puni_2_init_hook
                0x00001734       0x10 mri.o
 .rodata._ZL15puni_2_init_evt
                0x00001744       0x78 mri.o
 .rodata._ZL16puni_1_talk_hook
                0x000017bc       0x10 mri.o
 .rodata._ZL15puni_1_talk_evt
                0x000017cc       0xb0 mri.o
 .rodata._ZL16puni_1_init_hook
                0x0000187c       0x10 mri.o
 .rodata._ZL15puni_1_init_evt
                0x0000188c       0x78 mri.o
 .rodata._ZL15elder_talk_hook
                0x00001904       0x10 mri.o
 .rodata._ZL22mri_elder_init_01_hook
                0x00001914       0x10 mri.o
 .rodata._ZL21mri_elder_init_01_evt
                0x00001924       0xcc mri.o
 .rodata._ZL22mri_rival_init_01_hook
                0x000019f0       0x10 mri.o
 .rodata._ZL21mri_rival_init_01_evt
                0x00001a00       0xa8 mri.o
 .rodata._ZL18guide_init_01_hook
                0x00001aa8       0x10 mri.o
 .rodata._ZL17guide_init_01_evt
                0x00001ab8       0x8c mri.o
 .rodata._ZL15guide_talk_hook
                0x00001b44       0x10 mri.o
 .rodata._ZL14guide_talk_evt
                0x00001b54       0x98 mri.o
 .rodata._ZL18guide_init_00_hook
                0x00001bec       0x10 mri.o
 .rodata._ZL17guide_init_00_evt
                0x00001bfc      0x150 mri.o
 .rodata._ZL21borosuifu_b_talk_hook
                0x00001d4c       0x10 muj.o
 .rodata.str1.4
                0x00001d5c      0x368 muj.o
 .rodata._ZL20borosuifu_b_talk_evt
                0x000020c4      0x130 muj.o
 .rodata._ZL21borosuifu_a_talk_hook
                0x000021f4       0x10 muj.o
 .rodata._ZL20borosuifu_a_talk_evt
                0x00002204      0x130 muj.o
 .rodata._ZL24suifu_d_talk_muj_01_hook
                0x00002334       0x10 muj.o
 .rodata._ZL23suifu_d_talk_muj_01_evt
                0x00002344      0x130 muj.o
 .rodata._ZL20suifu_bomb_talk_hook
                0x00002474       0x10 muj.o
 .rodata._ZL19suifu_bomb_talk_evt
                0x00002484       0xf0 muj.o
 .rodata._ZL20suifu_bomb_init_hook
                0x00002574       0x10 muj.o
 .rodata._ZL19suifu_bomb_init_evt
                0x00002584       0x40 muj.o
 .rodata._ZL24suifu_a_talk_muj_01_hook
                0x000025c4       0x10 muj.o
 .rodata._ZL23suifu_a_talk_muj_01_evt
                0x000025d4       0xf0 muj.o
 .rodata._ZL24suifu_a_init_muj_01_hook
                0x000026c4       0x10 muj.o
 .rodata._ZL23suifu_a_init_muj_01_evt
                0x000026d4       0x40 muj.o
 .rodata._ZL23odoodo_init_muj_01_hook
                0x00002714       0x10 muj.o
 .rodata._ZL22odoodo_init_muj_01_evt
                0x00002724       0x40 muj.o
 .rodata._ZL23megane_init_muj_01_hook
                0x00002764       0x10 muj.o
 .rodata._ZL22megane_init_muj_01_evt
                0x00002774       0x40 muj.o
 .rodata._ZL22marco_init_muj_01_hook
                0x000027b4       0x10 muj.o
 .rodata._ZL21marco_init_muj_01_evt
                0x000027c4       0x9c muj.o
 .rodata._ZL25garawaru_talk_muj_01_hook
                0x00002860       0x10 muj.o
 .rodata._ZL24garawaru_talk_muj_01_evt
                0x00002870      0x4b0 muj.o
 .rodata._ZL25garawaru_init_muj_01_hook
                0x00002d20       0x10 muj.o
 .rodata._ZL24garawaru_init_muj_01_evt
                0x00002d30       0xe0 muj.o
 .rodata._ZL20muj_00_init_evt_hook
                0x00002e10       0x58 muj.o
 .rodata._ZL19muj_00_init_evt_evt
                0x00002e68       0x3c muj.o
 .rodata._ZL22peton_talk_muj_00_hook
                0x00002ea4       0x10 muj.o
 .rodata._ZL21peton_talk_muj_00_evt
                0x00002eb4       0x8c muj.o
 .rodata._ZL21mony_talk_muj_00_hook
                0x00002f40       0x10 muj.o
 .rodata._ZL20mony_talk_muj_00_evt
                0x00002f50       0x8c muj.o
 .rodata._ZL17nokorin_talk_hook
                0x00002fdc       0x10 nok.o
 .rodata.str1.4
                0x00002fec      0x45e nok.o
 *fill*         0x0000344a        0x2 
 .rodata._ZL16nokorin_talk_evt
                0x0000344c      0x180 nok.o
 .rodata._ZL19boss_noko_talk_hook
                0x000035cc       0x10 nok.o
 .rodata._ZL18boss_noko_talk_evt
                0x000035dc      0x164 nok.o
 .rodata._ZL20nokonoko_K_talk_hook
                0x00003740       0x10 nok.o
 .rodata._ZL19nokonoko_K_talk_evt
                0x00003750       0xd0 nok.o
 .rodata._ZL18nokopapa_talk_hook
                0x00003820       0x10 nok.o
 .rodata._ZL17nokopapa_talk_evt
                0x00003830      0x128 nok.o
 .rodata._ZL16monban_talk_hook
                0x00003958       0x10 nok.o
 .rodata._ZL15monban_talk_evt
                0x00003968      0x110 nok.o
 .rodata._ZL20nokonoko_I_talk_hook
                0x00003a78       0x10 nok.o
 .rodata._ZL19nokonoko_I_talk_evt
                0x00003a88       0xd0 nok.o
 .rodata._ZL20nokonoko_H_talk_hook
                0x00003b58       0x10 nok.o
 .rodata._ZL19nokonoko_H_talk_evt
                0x00003b68       0xf8 nok.o
 .rodata._ZL20nokonoko_G_talk_hook
                0x00003c60       0x10 nok.o
 .rodata._ZL19nokonoko_G_talk_evt
                0x00003c70       0xd0 nok.o
 .rodata._ZL15talk_white_hook
                0x00003d40       0x10 nok.o
 .rodata._ZL14talk_white_evt
                0x00003d50       0xa8 nok.o
 .rodata._ZL15init_white_hook
                0x00003df8       0x10 nok.o
 .rodata._ZL14init_white_evt
                0x00003e08       0x44 nok.o
 .rodata._ZL20nokonoko_F_talk_hook
                0x00003e4c       0x10 nok.o
 .rodata._ZL19nokonoko_F_talk_evt
                0x00003e5c       0xd0 nok.o
 .rodata._ZL20nokonoko_D_talk_hook
                0x00003f2c       0x10 nok.o
 .rodata._ZL19nokonoko_D_talk_evt
                0x00003f3c       0xf8 nok.o
 .rodata._ZL20nokonoko_C_talk_hook
                0x00004034       0x10 nok.o
 .rodata._ZL19nokonoko_C_talk_evt
                0x00004044       0xd0 nok.o
 .rodata._ZL20nokonoko_B_talk_hook
                0x00004114       0x10 nok.o
 .rodata._ZL19nokonoko_B_talk_evt
                0x00004124       0xd0 nok.o
 .rodata._ZL20nokonoko_A_talk_hook
                0x000041f4       0x10 nok.o
 .rodata._ZL19nokonoko_A_talk_evt
                0x00004204       0xfc nok.o
 .rodata._ZL14evt_daiza_hook
                0x00004300       0x1c pik.o
 .rodata.str1.4
                0x0000431c      0x142 pik.o
 *fill*         0x0000445e        0x2 
 .rodata._ZL13evt_daiza_evt
                0x00004460       0x5c pik.o
 .rodata._ZL18pik_evt_powan_hook
                0x000044bc       0x28 pik.o
 .rodata._ZL17pik_evt_powan_evt
                0x000044e4       0x80 pik.o
 .rodata._ZL16takun6_talk_hook
                0x00004564       0x10 pik.o
 .rodata._ZL15takun6_talk_evt
                0x00004574       0x78 pik.o
 .rodata._ZL16takun5_talk_hook
                0x000045ec       0x10 pik.o
 .rodata._ZL15takun5_talk_evt
                0x000045fc       0x78 pik.o
 .rodata._ZL16takun4_talk_hook
                0x00004674       0x10 pik.o
 .rodata._ZL15takun4_talk_evt
                0x00004684       0xb4 pik.o
 .rodata._ZL18miyageya_talk_hook
                0x00004738       0x28 pik.o
 .rodata._ZL17miyageya_talk_evt
                0x00004760      0x114 pik.o
 .rodata._ZL27talk_madam_ring_return_hook
                0x00004874       0x14 rsh.o
 .rodata._ZL26talk_madam_ring_return_evt
                0x00004888       0x78 rsh.o
 .rodata._ZL16init_konari_hook
                0x00004900       0x14 rsh.o
 .rodata.str1.4
                0x00004914      0x1d5 rsh.o
 *fill*         0x00004ae9        0x3 
 .rodata._ZL15init_konari_evt
                0x00004aec       0x9c rsh.o
 .rodata._ZL15init_powan_hook
                0x00004b88       0x14 rsh.o
 .rodata._ZL14init_powan_evt
                0x00004b9c       0xec rsh.o
 .rodata._ZL18talk_waitless_hook
                0x00004c88       0x14 rsh.o
 .rodata._ZL17talk_waitless_evt
                0x00004c9c       0x78 rsh.o
 .rodata._ZL20rsh_01_init_evt_hook
                0x00004d14       0x14 rsh.o
 .rodata._ZL19rsh_01_init_evt_evt
                0x00004d28       0x80 rsh.o
 .rodata._ZL20rsh_00_init_evt_hook
                0x00004da8       0x14 rsh.o
 .rodata._ZL19rsh_00_init_evt_evt
                0x00004dbc       0xb8 rsh.o
 .rodata._ZL20rsh_04_init_evt_hook
                0x00004e74       0x14 rsh.o
 .rodata._ZL19rsh_04_init_evt_evt
                0x00004e88       0xa4 rsh.o
 .rodata._ZL26rsh_03_init_evt_music_hook
                0x00004f2c       0x10 rsh.o
 .rodata._ZL21rsh_03_init_evt_music
                0x00004f3c      0x1f8 rsh.o
 .rodata._ZL26rsh_02_init_evt_music_hook
                0x00005134       0x10 rsh.o
 .rodata._ZL21rsh_02_init_evt_music
                0x00005144      0x270 rsh.o
 .rodata._ZL26rsh_01_init_evt_music_hook
                0x000053b4       0x10 rsh.o
 .rodata._ZL21rsh_01_init_evt_music
                0x000053c4      0x1f8 rsh.o
 .rodata._ZL26rsh_00_init_evt_music_hook
                0x000055bc       0x10 rsh.o
 .rodata._ZL21rsh_00_init_evt_music
                0x000055cc      0x1f8 rsh.o
 .rodata._ZL26rsh_04_init_evt_music_hook
                0x000057c4       0x10 rsh.o
 .rodata._ZL21rsh_04_init_evt_music
                0x000057d4      0x1f8 rsh.o
 .rodata._ZL20rsh_06_init_evt_hook
                0x000059cc       0x10 rsh.o
 .rodata._ZL19rsh_06_init_evt_evt
                0x000059dc      0x178 rsh.o
 .rodata._ZL21tik_05_init_evt_hook2
                0x00005b54       0x14 tik.o
 .rodata.str1.4
                0x00005b68      0x227 tik.o
 *fill*         0x00005d8f        0x1 
 .rodata._ZL20tik_05_init_evt_evt2
                0x00005d90       0xd4 tik.o
 .rodata._ZL24tik_kurihakase_init_hook
                0x00005e64       0x10 tik.o
 .rodata._ZL23tik_kurihakase_init_evt
                0x00005e74       0x7c tik.o
 .rodata._ZL18master_2_talk_hook
                0x00005ef0       0x10 tik.o
 .rodata._ZL17master_2_talk_evt
                0x00005f00      0x180 tik.o
 .rodata._ZL17borodo4_talk_hook
                0x00006080       0x10 tik.o
 .rodata._ZL16borodo4_talk_evt
                0x00006090      0x180 tik.o
 .rodata._ZL17borodo3_talk_hook
                0x00006210       0x10 tik.o
 .rodata._ZL16borodo3_talk_evt
                0x00006220      0x180 tik.o
 .rodata._ZL17chusan4_talk_hook
                0x000063a0       0x10 tik.o
 .rodata._ZL16chusan4_talk_evt
                0x000063b0      0x180 tik.o
 .rodata._ZL17kuribo5_talk_hook
                0x00006530       0x10 tik.o
 .rodata._ZL16kuribo5_talk_evt
                0x00006540      0x180 tik.o
 .rodata._ZL16talk_sakaba_hook
                0x000066c0       0x10 tou.o
 .rodata.str1.4
                0x000066d0       0x28 tou.o
 .rodata._ZL15talk_sakaba_evt
                0x000066f8       0x84 tou.o
 .rodata._ZL20shop_woman_talk_hook
                0x0000677c       0x10 usu.o
 .rodata.str1.4
                0x0000678c      0x400 usu.o
 .rodata._ZL19shop_woman_talk_evt
                0x00006b8c       0x78 usu.o
 .rodata._ZL18shop_man_talk_hook
                0x00006c04       0x10 usu.o
 .rodata._ZL17shop_man_talk_evt
                0x00006c14       0x78 usu.o
 .rodata._ZL19villagerJ_talk_hook
                0x00006c8c       0x10 usu.o
 .rodata._ZL18villagerJ_talk_evt
                0x00006c9c      0x104 usu.o
 .rodata._ZL19villagerI_talk_hook
                0x00006da0       0x10 usu.o
 .rodata._ZL18villagerI_talk_evt
                0x00006db0      0x104 usu.o
 .rodata._ZL19villagerH_talk_hook
                0x00006eb4       0x10 usu.o
 .rodata._ZL18villagerH_talk_evt
                0x00006ec4       0xd0 usu.o
 .rodata._ZL19villagerG_talk_hook
                0x00006f94       0x10 usu.o
 .rodata._ZL18villagerG_talk_evt
                0x00006fa4       0xf0 usu.o
 .rodata._ZL19villagerF_talk_hook
                0x00007094       0x10 usu.o
 .rodata._ZL18villagerF_talk_evt
                0x000070a4       0xf0 usu.o
 .rodata._ZL19villagerK_talk_hook
                0x00007194       0x10 usu.o
 .rodata._ZL18villagerK_talk_evt
                0x000071a4      0x130 usu.o
 .rodata._ZL19villagerE_talk_hook
                0x000072d4       0x10 usu.o
 .rodata._ZL18villagerE_talk_evt
                0x000072e4      0x130 usu.o
 .rodata._ZL19villagerD_talk_hook
                0x00007414       0x10 usu.o
 .rodata._ZL18villagerD_talk_evt
                0x00007424      0x194 usu.o
 .rodata._ZL19villagerC_talk_hook
                0x000075b8       0x10 usu.o
 .rodata._ZL18villagerC_talk_evt
                0x000075c8       0xfc usu.o
 .rodata._ZL19villagerB_talk_hook
                0x000076c4       0x10 usu.o
 .rodata._ZL18villagerB_talk_evt
                0x000076d4       0xfc usu.o
 .rodata._ZL19villagerA_talk_hook
                0x000077d0       0x10 usu.o
 .rodata._ZL18villagerA_talk_evt
                0x000077e0      0x130 usu.o
 .rodata._ZL19villagerA_init_hook
                0x00007910       0x10 usu.o
 .rodata._ZL18villagerA_init_evt
                0x00007920       0x6c usu.o
 .rodata._ZL12usuVillagerA
                0x0000798c        0x7 usu.o
 *fill*         0x00007993        0x1 
 .rodata.str1.4
                0x00007994        0x3 win.o
 *fill*         0x00007997        0x1 
 .rodata._ZL16majorin_init_evt
                0x00007998       0x30 win.o
 .rodata._ZL16maririn_init_evt
                0x000079c8       0x30 win.o
 .rodata._ZL15vivian_init_evt
                0x000079f8       0x30 win.o
 *(.gnu.linkonce.r.*)

.rodata1
 *(.rodata1)

.sdata2         0x00007a28        0x0
                [!provide]                        PROVIDE (_SDA2_BASE_ = .)
 *(.sdata2)
 *(.sdata2.*)
 *(.gnu.linkonce.s2.*)

.sbss2
 *(.sbss2)
 *(.sbss2.*)
 *(.gnu.linkonce.sb2.*)
                0x00007a28                        . = ALIGN (0x4)
                [!provide]                        PROVIDE (__preinit_array_start = .)

.preinit_array
 *(.preinit_array)
                [!provide]                        PROVIDE (__preinit_array_end = .)
                [!provide]                        PROVIDE (__init_array_start = .)

.init_array
 *(.init_array)
                [!provide]                        PROVIDE (__init_array_end = .)
                [!provide]                        PROVIDE (__fini_array_start = .)

.fini_array
 *(.fini_array)
                [!provide]                        PROVIDE (__fini_array_end = .)

.data           0x00007a28      0x3f8
 *(.data)
 *(.data.*)
 .data.GSWF_ARR_SIZE
                0x00007a28        0x2 OWR.o
                0x00007a28                GSWF_ARR_SIZE
 *fill*         0x00007a2a        0x2 
 .data.GSWF_ARR
                0x00007a2c       0x14 OWR.o
                0x00007a2c                GSWF_ARR
 .data._ZN3mod6common12kItemDataArrE
                0x00007a40        0x4 common.o
                0x00007a40                _ZN3mod6common12kItemDataArrE
 .data._ZL16gor_00_init_evt2
                0x00007a44      0x2a8 gor_00.o
 .data._ZL14elder_talk_evt
                0x00007cec       0xb8 mri.o
 .data._ZL21muj_00_init_evt_evt_2
                0x00007da4       0x70 muj.o
 *(.gnu.linkonce.d.*)
                0x00007e20                        . = ALIGN (0x20)
 *fill*         0x00007e14        0xc 

.data1
 *(.data1)

.tdata
 *(.tdata .tdata.* .gnu.linkonce.td.*)

.tbss
 *(.tbss .tbss.* .gnu.linkonce.tb.*)
 *(.tcommon)

.eh_frame       0x00007e20     0x1250
 *(.eh_frame)
 .eh_frame      0x00007e20      0x14c OWR.o
                                0x1fc (size before relaxing)
 .eh_frame      0x00007f6c        0x0 common.o
                                 0xc8 (size before relaxing)
 .eh_frame      0x00007f6c       0x70 con_mario.o
 .eh_frame      0x00007fdc       0xa4 con_perf.o
 .eh_frame      0x00008080       0xac con_seq.o
 .eh_frame      0x0000812c      0x46c console.o
                                0x4bc (size before relaxing)
 .eh_frame      0x00008598       0x3c cxx.o
                                 0x64 (size before relaxing)
 .eh_frame      0x000085d4       0x84 keyboard.o
                                0x110 (size before relaxing)
 .eh_frame      0x00008658       0xb8 mod.o
                                0x120 (size before relaxing)
 .eh_frame      0x00008710       0x90 patch.o
                                0x1cc (size before relaxing)
 .eh_frame      0x000087a0       0x90 rel.o
 .eh_frame      0x00008830       0xbc ug.o
 .eh_frame      0x000088ec       0x3c util.o
 .eh_frame      0x00008928       0x28 aaa.o
 .eh_frame      0x00008950       0x78 aji.o
 .eh_frame      0x000089c8       0x40 bom.o
 .eh_frame      0x00008a08       0x40 dou.o
 .eh_frame      0x00008a48       0x3c eki.o
 .eh_frame      0x00008a84       0x28 end.o
 .eh_frame      0x00008aac       0x3c gon.o
 .eh_frame      0x00008ae8       0x28 gor_00.o
                                 0x7c (size before relaxing)
 .eh_frame      0x00008b10        0x0 gor_01.o
                                 0x58 (size before relaxing)
 .eh_frame      0x00008b10        0x0 gor_02.o
                                 0x60 (size before relaxing)
 .eh_frame      0x00008b10        0x0 gor_03.o
                                 0x64 (size before relaxing)
 .eh_frame      0x00008b10        0x0 gor_04.o
                                 0x38 (size before relaxing)
 .eh_frame      0x00008b10        0x0 gor_misc.o
                                 0x34 (size before relaxing)
 .eh_frame      0x00008b10       0x48 gra.o
 .eh_frame      0x00008b58       0x3c hei.o
 .eh_frame      0x00008b94       0x38 hom.o
 .eh_frame      0x00008bcc       0x40 jin.o
 .eh_frame      0x00008c0c       0x30 kpa.o
 .eh_frame      0x00008c3c        0x0 las.o
                                 0x40 (size before relaxing)
 .eh_frame      0x00008c3c        0x0 moo.o
                                 0x30 (size before relaxing)
 .eh_frame      0x00008c3c       0x74 mri.o
 .eh_frame      0x00008cb0       0x88 muj.o
 .eh_frame      0x00008d38       0x4c nok.o
 .eh_frame      0x00008d84       0x60 pik.o
 .eh_frame      0x00008de4       0x78 rsh.o
 .eh_frame      0x00008e5c       0x74 tik.o
                                 0xa4 (size before relaxing)
 .eh_frame      0x00008ed0       0x68 tou.o
 .eh_frame      0x00008f38       0x40 tou2.o
 .eh_frame      0x00008f78       0x78 usu.o
 .eh_frame      0x00008ff0       0x44 win.o
 .eh_frame      0x00009034       0x3c C:/devkitPro/devkitPPC/bin/../lib/gcc/powerpc-eabi/13.1.0\libgcc.a(_divdi3.o)

.gcc_except_table
 *(.gcc_except_table)

.fixup
 *(.fixup)

.got1
 *(.got1)

.got2
 *(.got2)

.dynamic
 *(.dynamic)

.ctors          0x00009070       0x30
 *crtbegin.o(.ctors)
 *(EXCLUDE_FILE(*crtend.o) .ctors)
 .ctors         0x00009070        0x4 OWR.o
 .ctors         0x00009074        0x4 con_mario.o
 .ctors         0x00009078        0x4 con_perf.o
 .ctors         0x0000907c        0x4 con_seq.o
 .ctors         0x00009080        0x4 console.o
 .ctors         0x00009084        0x4 gor_00.o
 .ctors         0x00009088        0x4 mri.o
 .ctors         0x0000908c        0x4 muj.o
 *(SORT_BY_NAME(.ctors.*))
 *(.ctors)
                0x000090a0                        . = ALIGN (0x20)
 *fill*         0x00009090       0x10 

.dtors          0x000090a0        0x0
 *crtbegin.o(.dtors)
 *(EXCLUDE_FILE(*crtend.o) .dtors)
 *(SORT_BY_NAME(.dtors.*))
 *(.dtors)
                0x000090a0                        . = ALIGN (0x20)

.jcr
 *(.jcr)

.got
 *(.got.plt)
 *(.got)

.sdata          0x000090a0        0x0
                [!provide]                        PROVIDE (_SDA_BASE_ = .)
 *(.sdata)
 *(.sdata.*)
 *(.gnu.linkonce.s.*)
                0x000090a0                        . = ALIGN (0x20)
                0x000090a0                        _edata = .
                [!provide]                        PROVIDE (edata = .)

.sbss           0x000090a0        0x0
                0x000090a0                        __sbss_start = .
                [!provide]                        PROVIDE (__sbss_start = .)
                [!provide]                        PROVIDE (___sbss_start = .)
 *(.dynsbss)
 *(.sbss)
 *(.sbss.*)
 *(.gnu.linkonce.sb.*)
 *(.scommon)
                [!provide]                        PROVIDE (__sbss_end = .)
                [!provide]                        PROVIDE (___sbss_end = .)
                0x000090a0                        . = ALIGN (0x20)
                0x000090a0                        __sbss_end = .

.bss            0x000090a0      0x160
                0x000090a0                        __bss_start = .
                [!provide]                        PROVIDE (__bss_start = .)
 *(.dynbss)
 *(.bss)
 *(.bss.*)
 .bss._ZN3mod3owr25g_stg0_00_init_trampolineE
                0x000090a0        0x4 OWR.o
                0x000090a0                _ZN3mod3owr25g_stg0_00_init_trampolineE
 .bss._ZN3mod3owr19g_OSLink_trampolineE
                0x000090a4        0x4 OWR.o
                0x000090a4                _ZN3mod3owr19g_OSLink_trampolineE
 .bss._ZN3mod3owr5gSelfE
                0x000090a8        0x4 OWR.o
                0x000090a8                _ZN3mod3owr5gSelfE
 .bss._ZN3mod3owr7item_dbE
                0x000090ac        0x4 OWR.o
                0x000090ac                _ZN3mod3owr7item_dbE
 .bss._ZN3modL12mod_if_obj22E
                0x000090b0        0x8 con_mario.o
 .bss._ZN3mod14mario_show_posE
                0x000090b8       0x10 con_mario.o
                0x000090b8                _ZN3mod14mario_show_posE
 .bss._ZN3mod13mario_set_posE
                0x000090c8        0xc con_mario.o
                0x000090c8                _ZN3mod13mario_set_posE
 .bss._ZN3modL12mod_if_obj46E
                0x000090d4        0x8 con_perf.o
 .bss._ZN3mod14mem_debug_heapE
                0x000090dc       0x10 con_perf.o
                0x000090dc                _ZN3mod14mem_debug_heapE
 .bss._ZN3modL12mod_if_obj29E
                0x000090ec        0x8 con_perf.o
 .bss._ZN3mod9perf_showE
                0x000090f4       0x10 con_perf.o
                0x000090f4                _ZN3mod9perf_showE
 .bss._ZN3mod15perf_fake_spikeE
                0x00009104        0xc con_perf.o
                0x00009104                _ZN3mod15perf_fake_spikeE
 .bss._ZN3mod14seq_change_mapE
                0x00009110        0xc con_seq.o
                0x00009110                _ZN3mod14seq_change_mapE
 .bss._ZN3modL12mod_if_obj16E
                0x0000911c        0x8 con_seq.o
 .bss._ZN3mod24gTrampoline_seq_logoMainE
                0x00009124        0x4 con_seq.o
                0x00009124                _ZN3mod24gTrampoline_seq_logoMainE
 .bss._ZN3mod13seq_logo_skipE
                0x00009128       0x10 con_seq.o
                0x00009128                _ZN3mod13seq_logo_skipE
 .bss._ZN3mod4findE
                0x00009138        0xc console.o
                0x00009138                _ZN3mod4findE
 .bss._ZN3mod11con_ug_chanE
                0x00009144       0x10 console.o
                0x00009144                _ZN3mod11con_ug_chanE
 .bss._ZN3mod11con_ug_modeE
                0x00009154       0x10 console.o
                0x00009154                _ZN3mod11con_ug_modeE
 .bss._ZN3mod21con_log_fade_durationE
                0x00009164       0x10 console.o
                0x00009164                _ZN3mod21con_log_fade_durationE
 .bss._ZN3mod18con_log_fade_startE
                0x00009174       0x10 console.o
                0x00009174                _ZN3mod18con_log_fade_startE
 .bss._ZN3mod12con_log_fadeE
                0x00009184       0x10 console.o
                0x00009184                _ZN3mod12con_log_fadeE
 .bss._ZN3mod13con_log_levelE
                0x00009194       0x10 console.o
                0x00009194                _ZN3mod13con_log_levelE
 .bss._ZN3mod11con_rainbowE
                0x000091a4       0x10 console.o
                0x000091a4                _ZN3mod11con_rainbowE
 .bss._ZN3mod8con_monoE
                0x000091b4       0x10 console.o
                0x000091b4                _ZN3mod8con_monoE
 .bss._ZN3mod8con_showE
                0x000091c4       0x10 console.o
                0x000091c4                _ZN3mod8con_showE
 .bss._ZN3mod8gConsoleE
                0x000091d4        0x4 console.o
                0x000091d4                _ZN3mod8gConsoleE
 .bss._ZN3mod9ConIntVar6sFirstE
                0x000091d8        0x4 console.o
                0x000091d8                _ZN3mod9ConIntVar6sFirstE
 .bss._ZN3mod10ConCommand6sFirstE
                0x000091dc        0x4 console.o
                0x000091dc                _ZN3mod10ConCommand6sFirstE
 .bss._ZN3mod4gModE
                0x000091e0        0x4 mod.o
                0x000091e0                _ZN3mod4gModE
 .bss._ZN17ModUpdateFunction6sFirstE
                0x000091e4        0x4 mod.o
                0x000091e4                _ZN17ModUpdateFunction6sFirstE
 .bss._ZN15ModInitFunction6sFirstE
                0x000091e8        0x4 mod.o
                0x000091e8                _ZN15ModInitFunction6sFirstE
 *(.gnu.linkonce.b.*)
 *(COMMON)
                0x00009200                        . = ALIGN (0x20)
 *fill*         0x000091ec       0x14 
                [!provide]                        PROVIDE (__bss_end = .)
                0x00009200                        __bss_end = .
                0x00009200                        _end = .
                [!provide]                        PROVIDE (end = .)

.bss._ZZNK3mod14seq_change_mapMUlPKcE_clES2_E8beroName
                0x00000000       0x20
 .bss._ZZNK3mod14seq_change_mapMUlPKcE_clES2_E8beroName
                0x00000000       0x20 con_seq.o
                0x00000000                _ZZNK3mod14seq_change_mapMUlPKcE_clES1_E8beroName
                0x00000000                _ZZNK3mod14seq_change_mapMUlPKcE_clES2_E8beroName

.bss._ZZNK3mod14seq_change_mapMUlPKcE_clES2_E7mapName
                0x00000000       0x20
 .bss._ZZNK3mod14seq_change_mapMUlPKcE_clES2_E7mapName
                0x00000000       0x20 con_seq.o
                0x00000000                _ZZNK3mod14seq_change_mapMUlPKcE_clES2_E7mapName
                0x00000000                _ZZNK3mod14seq_change_mapMUlPKcE_clES1_E7mapName

.stab
 *(.stab)

.stabstr
 *(.stabstr)

.stab.excl
 *(.stab.excl)

.stab.exclstr
 *(.stab.exclstr)

.stab.index
 *(.stab.index)

.stab.indexstr
 *(.stab.indexstr)

.comment        0x00000000      0x630
 *(.comment)
 .comment       0x00000000       0x24 OWR.o
 .comment       0x00000024       0x24 common.o
 .comment       0x00000048       0x24 con_mario.o
 .comment       0x0000006c       0x24 con_perf.o
 .comment       0x00000090       0x24 con_seq.o
 .comment       0x000000b4       0x24 console.o
 .comment       0x000000d8       0x24 cxx.o
 .comment       0x000000fc       0x24 keyboard.o
 .comment       0x00000120       0x24 mod.o
 .comment       0x00000144       0x24 patch.o
 .comment       0x00000168       0x24 rel.o
 .comment       0x0000018c       0x24 ug.o
 .comment       0x000001b0       0x24 util.o
 .comment       0x000001d4       0x24 aaa.o
 .comment       0x000001f8       0x24 aji.o
 .comment       0x0000021c       0x24 bom.o
 .comment       0x00000240       0x24 dou.o
 .comment       0x00000264       0x24 eki.o
 .comment       0x00000288       0x24 end.o
 .comment       0x000002ac       0x24 gon.o
 .comment       0x000002d0       0x24 gor_00.o
 .comment       0x000002f4       0x24 gor_01.o
 .comment       0x00000318       0x24 gor_02.o
 .comment       0x0000033c       0x24 gor_03.o
 .comment       0x00000360       0x24 gor_04.o
 .comment       0x00000384       0x24 gor_misc.o
 .comment       0x000003a8       0x24 gra.o
 .comment       0x000003cc       0x24 hei.o
 .comment       0x000003f0       0x24 hom.o
 .comment       0x00000414       0x24 jin.o
 .comment       0x00000438       0x24 kpa.o
 .comment       0x0000045c       0x24 las.o
 .comment       0x00000480       0x24 moo.o
 .comment       0x000004a4       0x24 mri.o
 .comment       0x000004c8       0x24 muj.o
 .comment       0x000004ec       0x24 nok.o
 .comment       0x00000510       0x24 pik.o
 .comment       0x00000534       0x24 rsh.o
 .comment       0x00000558       0x24 tik.o
 .comment       0x0000057c       0x24 tou.o
 .comment       0x000005a0       0x24 tou2.o
 .comment       0x000005c4       0x24 usu.o
 .comment       0x000005e8       0x24 win.o
 .comment       0x0000060c       0x24 C:/devkitPro/devkitPPC/bin/../lib/gcc/powerpc-eabi/13.1.0\libgcc.a(_divdi3.o)

.gnu.attributes
                0x00000000       0x10
 .gnu.attributes
                0x00000000       0x10 OWR.o
 .gnu.attributes
                0x00000010       0x10 common.o
 .gnu.attributes
                0x00000020       0x10 con_mario.o
 .gnu.attributes
                0x00000030       0x10 con_perf.o
 .gnu.attributes
                0x00000040       0x10 console.o
 .gnu.attributes
                0x00000050       0x10 mod.o

.group          0x00000000        0xc
 .group         0x00000000        0xc con_mario.o

.group          0x00000000        0xc
 .group         0x00000000        0xc con_perf.o

.group          0x00000000        0xc
 .group         0x00000000        0xc con_seq.o

.group          0x00000000        0x8
 .group         0x00000000        0x8 con_seq.o

.group          0x00000000        0x8
 .group         0x00000000        0x8 con_seq.o

.group          0x00000000        0xc
 .group         0x00000000        0xc console.o

.debug
 *(.debug)

.line
 *(.line)

.debug_srcinfo
 *(.debug_srcinfo)

.debug_sfnames
 *(.debug_sfnames)

.debug_aranges  0x00000000      0x7e0
 *(.debug_aranges)
 .debug_aranges
                0x00000000       0x88 OWR.o
 .debug_aranges
                0x00000088       0x60 common.o
 .debug_aranges
                0x000000e8       0x30 con_mario.o
 .debug_aranges
                0x00000118       0x38 con_perf.o
 .debug_aranges
                0x00000150       0x38 con_seq.o
 .debug_aranges
                0x00000188       0xb0 console.o
 .debug_aranges
                0x00000238       0x38 cxx.o
 .debug_aranges
                0x00000270       0x40 keyboard.o
 .debug_aranges
                0x000002b0       0x58 mod.o
 .debug_aranges
                0x00000308       0x78 patch.o
 .debug_aranges
                0x00000380       0x30 rel.o
 .debug_aranges
                0x000003b0       0x30 ug.o
 .debug_aranges
                0x000003e0       0x20 util.o
 .debug_aranges
                0x00000400       0x20 aaa.o
 .debug_aranges
                0x00000420       0x20 aji.o
 .debug_aranges
                0x00000440       0x20 bom.o
 .debug_aranges
                0x00000460       0x20 dou.o
 .debug_aranges
                0x00000480       0x20 eki.o
 .debug_aranges
                0x000004a0       0x20 end.o
 .debug_aranges
                0x000004c0       0x20 gon.o
 .debug_aranges
                0x000004e0       0x28 gor_00.o
 .debug_aranges
                0x00000508       0x20 gor_01.o
 .debug_aranges
                0x00000528       0x20 gor_02.o
 .debug_aranges
                0x00000548       0x20 gor_03.o
 .debug_aranges
                0x00000568       0x20 gor_04.o
 .debug_aranges
                0x00000588       0x20 gor_misc.o
 .debug_aranges
                0x000005a8       0x20 gra.o
 .debug_aranges
                0x000005c8       0x20 hei.o
 .debug_aranges
                0x000005e8       0x20 hom.o
 .debug_aranges
                0x00000608       0x20 jin.o
 .debug_aranges
                0x00000628       0x20 kpa.o
 .debug_aranges
                0x00000648       0x20 las.o
 .debug_aranges
                0x00000668       0x20 moo.o
 .debug_aranges
                0x00000688       0x28 mri.o
 .debug_aranges
                0x000006b0       0x28 muj.o
 .debug_aranges
                0x000006d8       0x20 nok.o
 .debug_aranges
                0x000006f8       0x20 pik.o
 .debug_aranges
                0x00000718       0x20 rsh.o
 .debug_aranges
                0x00000738       0x28 tik.o
 .debug_aranges
                0x00000760       0x20 tou.o
 .debug_aranges
                0x00000780       0x20 tou2.o
 .debug_aranges
                0x000007a0       0x20 usu.o
 .debug_aranges
                0x000007c0       0x20 win.o

.debug_pubnames
 *(.debug_pubnames)

.debug_info     0x00000000    0x40be6
 *(.debug_info)
 .debug_info    0x00000000     0x38aa OWR.o
 .debug_info    0x000038aa      0xf16 common.o
 .debug_info    0x000047c0     0x2574 con_mario.o
 .debug_info    0x00006d34     0x2289 con_perf.o
 .debug_info    0x00008fbd     0x21f6 con_seq.o
 .debug_info    0x0000b1b3     0x4086 console.o
 .debug_info    0x0000f239      0x394 cxx.o
 .debug_info    0x0000f5cd      0xfaf keyboard.o
 .debug_info    0x0001057c     0x33f4 mod.o
 .debug_info    0x00013970     0x15c5 patch.o
 .debug_info    0x00014f35       0xf3 rel.o
 .debug_info    0x00015028      0x8d5 ug.o
 .debug_info    0x000158fd      0x693 util.o
 .debug_info    0x00015f90     0x1120 aaa.o
 .debug_info    0x000170b0     0x1c98 aji.o
 .debug_info    0x00018d48     0x121a bom.o
 .debug_info    0x00019f62     0x1224 dou.o
 .debug_info    0x0001b186     0x11d4 eki.o
 .debug_info    0x0001c35a     0x1110 end.o
 .debug_info    0x0001d46a     0x1238 gon.o
 .debug_info    0x0001e6a2     0x1f66 gor_00.o
 .debug_info    0x00020608     0x17c4 gor_01.o
 .debug_info    0x00021dcc     0x18fa gor_02.o
 .debug_info    0x000236c6     0x176a gor_03.o
 .debug_info    0x00024e30     0x1166 gor_04.o
 .debug_info    0x00025f96     0x1120 gor_misc.o
 .debug_info    0x000270b6     0x15fe gra.o
 .debug_info    0x000286b4     0x11d4 hei.o
 .debug_info    0x00029888     0x1170 hom.o
 .debug_info    0x0002a9f8     0x122e jin.o
 .debug_info    0x0002bc26     0x115c kpa.o
 .debug_info    0x0002cd82     0x12d8 las.o
 .debug_info    0x0002e05a     0x1624 moo.o
 .debug_info    0x0002f67e     0x1f2a mri.o
 .debug_info    0x000315a8     0x1d8a muj.o
 .debug_info    0x00033332     0x1aa2 nok.o
 .debug_info    0x00034dd4     0x198b pik.o
 .debug_info    0x0003675f     0x1f21 rsh.o
 .debug_info    0x00038680     0x2568 tik.o
 .debug_info    0x0003abe8     0x1b0d tou.o
 .debug_info    0x0003c6f5     0x11e8 tou2.o
 .debug_info    0x0003d8dd     0x1c8a usu.o
 .debug_info    0x0003f567     0x167f win.o

.debug_abbrev   0x00000000     0x74fa
 *(.debug_abbrev)
 .debug_abbrev  0x00000000      0x842 OWR.o
 .debug_abbrev  0x00000842      0x21a common.o
 .debug_abbrev  0x00000a5c      0x600 con_mario.o
 .debug_abbrev  0x0000105c      0x65d con_perf.o
 .debug_abbrev  0x000016b9      0x668 con_seq.o
 .debug_abbrev  0x00001d21      0x9a8 console.o
 .debug_abbrev  0x000026c9      0x170 cxx.o
 .debug_abbrev  0x00002839      0x36e keyboard.o
 .debug_abbrev  0x00002ba7      0x7a7 mod.o
 .debug_abbrev  0x0000334e      0x2bd patch.o
 .debug_abbrev  0x0000360b       0xeb rel.o
 .debug_abbrev  0x000036f6      0x230 ug.o
 .debug_abbrev  0x00003926      0x12d util.o
 .debug_abbrev  0x00003a53      0x183 aaa.o
 .debug_abbrev  0x00003bd6      0x24a aji.o
 .debug_abbrev  0x00003e20      0x183 bom.o
 .debug_abbrev  0x00003fa3      0x183 dou.o
 .debug_abbrev  0x00004126      0x183 eki.o
 .debug_abbrev  0x000042a9      0x180 end.o
 .debug_abbrev  0x00004429      0x183 gon.o
 .debug_abbrev  0x000045ac      0x26a gor_00.o
 .debug_abbrev  0x00004816      0x20e gor_01.o
 .debug_abbrev  0x00004a24      0x237 gor_02.o
 .debug_abbrev  0x00004c5b      0x20e gor_03.o
 .debug_abbrev  0x00004e69      0x183 gor_04.o
 .debug_abbrev  0x00004fec      0x183 gor_misc.o
 .debug_abbrev  0x0000516f      0x202 gra.o
 .debug_abbrev  0x00005371      0x183 hei.o
 .debug_abbrev  0x000054f4      0x183 hom.o
 .debug_abbrev  0x00005677      0x183 jin.o
 .debug_abbrev  0x000057fa      0x183 kpa.o
 .debug_abbrev  0x0000597d      0x183 las.o
 .debug_abbrev  0x00005b00      0x21d moo.o
 .debug_abbrev  0x00005d1d      0x27b mri.o
 .debug_abbrev  0x00005f98      0x273 muj.o
 .debug_abbrev  0x0000620b      0x237 nok.o
 .debug_abbrev  0x00006442      0x23a pik.o
 .debug_abbrev  0x0000667c      0x237 rsh.o
 .debug_abbrev  0x000068b3      0x47c tik.o
 .debug_abbrev  0x00006d2f      0x203 tou.o
 .debug_abbrev  0x00006f32      0x183 tou2.o
 .debug_abbrev  0x000070b5      0x237 usu.o
 .debug_abbrev  0x000072ec      0x20e win.o

.debug_line     0x00000000    0x179d5
 *(.debug_line)
 .debug_line    0x00000000      0xcd2 OWR.o
 .debug_line    0x00000cd2      0x39d common.o
 .debug_line    0x0000106f      0x4e0 con_mario.o
 .debug_line    0x0000154f      0x737 con_perf.o
 .debug_line    0x00001c86      0x5b4 con_seq.o
 .debug_line    0x0000223a     0x1fdd console.o
 .debug_line    0x00004217      0x1c9 cxx.o
 .debug_line    0x000043e0      0xcb4 keyboard.o
 .debug_line    0x00005094      0x79d mod.o
 .debug_line    0x00005831      0x80c patch.o
 .debug_line    0x0000603d      0x226 rel.o
 .debug_line    0x00006263      0x4ad ug.o
 .debug_line    0x00006710      0x2cc util.o
 .debug_line    0x000069dc      0x33c aaa.o
 .debug_line    0x00006d18      0xee4 aji.o
 .debug_line    0x00007bfc      0x789 bom.o
 .debug_line    0x00008385      0x75c dou.o
 .debug_line    0x00008ae1      0x679 eki.o
 .debug_line    0x0000915a      0x315 end.o
 .debug_line    0x0000946f      0x730 gon.o
 .debug_line    0x00009b9f      0x965 gor_00.o
 .debug_line    0x0000a504      0x6f0 gor_01.o
 .debug_line    0x0000abf4      0x87d gor_02.o
 .debug_line    0x0000b471      0x8d4 gor_03.o
 .debug_line    0x0000bd45      0x4fe gor_04.o
 .debug_line    0x0000c243      0x3c5 gor_misc.o
 .debug_line    0x0000c608      0x571 gra.o
 .debug_line    0x0000cb79      0x5bc hei.o
 .debug_line    0x0000d135      0x461 hom.o
 .debug_line    0x0000d596      0x6d8 jin.o
 .debug_line    0x0000dc6e      0x3b0 kpa.o
 .debug_line    0x0000e01e      0x95f las.o
 .debug_line    0x0000e97d      0x3d0 moo.o
 .debug_line    0x0000ed4d     0x13e7 mri.o
 .debug_line    0x00010134      0xf19 muj.o
 .debug_line    0x0001104d      0x61a nok.o
 .debug_line    0x00011667      0x9b2 pik.o
 .debug_line    0x00012019     0x1925 rsh.o
 .debug_line    0x0001393e      0xadf tik.o
 .debug_line    0x0001441d     0x19fe tou.o
 .debug_line    0x00015e1b      0x795 tou2.o
 .debug_line    0x000165b0      0xe02 usu.o
 .debug_line    0x000173b2      0x623 win.o

.debug_frame
 *(.debug_frame)

.debug_str      0x00000000    0x51fdb
 *(.debug_str)
 .debug_str     0x00000000     0x2ed9 OWR.o
 .debug_str     0x00002ed9     0x13e4 common.o
 .debug_str     0x000042bd     0x1a59 con_mario.o
 .debug_str     0x00005d16     0x16a5 con_perf.o
 .debug_str     0x000073bb     0x17a6 con_seq.o
 .debug_str     0x00008b61     0x1a83 console.o
 .debug_str     0x0000a5e4      0x34e cxx.o
 .debug_str     0x0000a932      0x955 keyboard.o
 .debug_str     0x0000b287     0x2d81 mod.o
 .debug_str     0x0000e008      0x6eb patch.o
 .debug_str     0x0000e6f3      0x191 rel.o
 .debug_str     0x0000e884      0x39b ug.o
 .debug_str     0x0000ec1f      0x3eb util.o
 .debug_str     0x0000f00a     0x1e72 aaa.o
 .debug_str     0x00010e7c     0x289a aji.o
 .debug_str     0x00013716     0x2035 bom.o
 .debug_str     0x0001574b     0x203f dou.o
 .debug_str     0x0001778a     0x1f67 eki.o
 .debug_str     0x000196f1     0x1e6c end.o
 .debug_str     0x0001b55d     0x2018 gon.o
 .debug_str     0x0001d575     0x2966 gor_00.o
 .debug_str     0x0001fedb     0x233b gor_01.o
 .debug_str     0x00022216     0x2532 gor_02.o
 .debug_str     0x00024748     0x2445 gor_03.o
 .debug_str     0x00026b8d     0x1eeb gor_04.o
 .debug_str     0x00028a78     0x1e84 gor_misc.o
 .debug_str     0x0002a8fc     0x22b4 gra.o
 .debug_str     0x0002cbb0     0x1f6c hei.o
 .debug_str     0x0002eb1c     0x1f07 hom.o
 .debug_str     0x00030a23     0x2016 jin.o
 .debug_str     0x00032a39     0x1ec2 kpa.o
 .debug_str     0x000348fb     0x210d las.o
 .debug_str     0x00036a08     0x2276 moo.o
 .debug_str     0x00038c7e     0x2bac mri.o
 .debug_str     0x0003b82a     0x2aa0 muj.o
 .debug_str     0x0003e2ca     0x2580 nok.o
 .debug_str     0x0004084a     0x254c pik.o
 .debug_str     0x00042d96     0x2b06 rsh.o
 .debug_str     0x0004589c     0x3283 tik.o
 .debug_str     0x00048b1f     0x294e tou.o
 .debug_str     0x0004b46d     0x1f8a tou2.o
 .debug_str     0x0004d3f7     0x28cb usu.o
 .debug_str     0x0004fcc2     0x2319 win.o

.debug_loc
 *(.debug_loc)

.debug_macinfo
 *(.debug_macinfo)

.debug_weaknames
 *(.debug_weaknames)

.debug_funcnames
 *(.debug_funcnames)

.debug_typenames
 *(.debug_typenames)

.debug_varnames
 *(.debug_varnames)
                0x00000000                        __isIPL = 0x0
                0x00029200                        __stack_addr = ((((__bss_start + SIZEOF (.bss)) + 0x20000) + 0x7) & 0xfffffffffffffff8)
                0x00009200                        __stack_end = (__bss_start + SIZEOF (.bss))
                0x0002d200                        __intrstack_addr = (__stack_addr + 0x4000)
                0x00029200                        __intrstack_end = __stack_addr
                0x0002d200                        __Arena1Lo = ((__intrstack_addr + 0x1f) & 0xffffffffffffffe0)
                0x817feff0                        __Arena1Hi = 0x817feff0
                0x817ff000                        __gxregs = ((__Arena1Hi + 0x1f) & 0xffffffffffffffe0)
                [!provide]                        PROVIDE (__stack = 0x817feff0)
                [!provide]                        PROVIDE (__isIPL = __isIPL)
                [!provide]                        PROVIDE (__stack_addr = __stack_addr)
                [!provide]                        PROVIDE (__stack_end = __stack_end)
                [!provide]                        PROVIDE (__intrstack_addr = __intrstack_addr)
                [!provide]                        PROVIDE (__intrstack_end = __intrstack_end)
                [!provide]                        PROVIDE (__Arena1Lo = __Arena1Lo)
                [!provide]                        PROVIDE (__Arena1Hi = __Arena1Hi)
                [!provide]                        PROVIDE (__gxregs = __gxregs)
LOAD H:/GhidraProjects/TTYDAP/TTYDAP/rel/source/cxx.ld
                0x00009070                        _ctors_start = ADDR (.ctors)
                0x000090a0                        _ctors_end = (_ctors_start + SIZEOF (.ctors))
                0x000090a0                        _dtors_start = ADDR (.dtors)
                0x000090a0                        _dtors_end = (_dtors_start + SIZEOF (.dtors))
LOAD OWR.o
LOAD StateManager.o
LOAD common.o
LOAD con_mario.o
LOAD con_perf.o
LOAD con_seq.o
LOAD console.o
LOAD cxx.o
LOAD keyboard.o
LOAD mod.o
LOAD patch.o
LOAD rel.o
LOAD ug.o
LOAD util.o
LOAD aaa.o
LOAD aji.o
LOAD bom.o
LOAD dou.o
LOAD eki.o
LOAD end.o
LOAD gon.o
LOAD gor_00.o
LOAD gor_01.o
LOAD gor_02.o
LOAD gor_03.o
LOAD gor_04.o
LOAD gor_misc.o
LOAD gra.o
LOAD hei.o
LOAD hom.o
LOAD jin.o
LOAD kpa.o
LOAD las.o
LOAD moo.o
LOAD mri.o
LOAD muj.o
LOAD nok.o
LOAD pik.o
LOAD rsh.o
LOAD tik.o
LOAD tou.o
LOAD tou2.o
LOAD usu.o
LOAD win.o
LOAD patch_ih.o
LOAD C:/devkitPro/devkitPPC/bin/../lib/gcc/powerpc-eabi/13.1.0\libgcc.a
OUTPUT(H:/GhidraProjects/TTYDAP/TTYDAP/rel/rel.us.elf elf32-powerpc)

.debug_loclists
                0x00000000     0x4eee
 .debug_loclists
                0x00000000      0xbc6 OWR.o
 .debug_loclists
                0x00000bc6      0x151 common.o
 .debug_loclists
                0x00000d17       0xa9 con_mario.o
 .debug_loclists
                0x00000dc0      0x36b con_perf.o
 .debug_loclists
                0x0000112b       0xf8 con_seq.o
 .debug_loclists
                0x00001223     0x1cf7 console.o
 .debug_loclists
                0x00002f1a       0x54 cxx.o
 .debug_loclists
                0x00002f6e      0x886 keyboard.o
 .debug_loclists
                0x000037f4      0x1b8 mod.o
 .debug_loclists
                0x000039ac      0xc5e patch.o
 .debug_loclists
                0x0000460a      0x2cd ug.o
 .debug_loclists
                0x000048d7       0xd6 util.o
 .debug_loclists
                0x000049ad       0x29 aaa.o
 .debug_loclists
                0x000049d6       0x2a aji.o
 .debug_loclists
                0x00004a00       0x2a bom.o
 .debug_loclists
                0x00004a2a       0x2a dou.o
 .debug_loclists
                0x00004a54       0x2a eki.o
 .debug_loclists
                0x00004a7e       0x2a gon.o
 .debug_loclists
                0x00004aa8       0x2c gor_00.o
 .debug_loclists
                0x00004ad4       0x2a gor_01.o
 .debug_loclists
                0x00004afe       0x2a gor_02.o
 .debug_loclists
                0x00004b28       0x2a gor_03.o
 .debug_loclists
                0x00004b52       0x2a gor_04.o
 .debug_loclists
                0x00004b7c       0x2a gor_misc.o
 .debug_loclists
                0x00004ba6       0x2a gra.o
 .debug_loclists
                0x00004bd0       0x2a hei.o
 .debug_loclists
                0x00004bfa       0x2a hom.o
 .debug_loclists
                0x00004c24       0x2a jin.o
 .debug_loclists
                0x00004c4e       0x2a kpa.o
 .debug_loclists
                0x00004c78       0x2a las.o
 .debug_loclists
                0x00004ca2       0x2a moo.o
 .debug_loclists
                0x00004ccc       0x2a mri.o
 .debug_loclists
                0x00004cf6       0x2c muj.o
 .debug_loclists
                0x00004d22       0x2a nok.o
 .debug_loclists
                0x00004d4c       0x2c pik.o
 .debug_loclists
                0x00004d78       0x2c rsh.o
 .debug_loclists
                0x00004da4       0xa2 tik.o
 .debug_loclists
                0x00004e46       0x2a tou.o
 .debug_loclists
                0x00004e70       0x2a tou2.o
 .debug_loclists
                0x00004e9a       0x2a usu.o
 .debug_loclists
                0x00004ec4       0x2a win.o

.debug_rnglists
                0x00000000     0x14e4
 .debug_rnglists
                0x00000000      0x138 OWR.o
 .debug_rnglists
                0x00000138       0x43 common.o
 .debug_rnglists
                0x0000017b       0x95 con_mario.o
 .debug_rnglists
                0x00000210      0x135 con_perf.o
 .debug_rnglists
                0x00000345       0xc4 con_seq.o
 .debug_rnglists
                0x00000409      0x72d console.o
 .debug_rnglists
                0x00000b36       0x25 cxx.o
 .debug_rnglists
                0x00000b5b      0x315 keyboard.o
 .debug_rnglists
                0x00000e70       0xde mod.o
 .debug_rnglists
                0x00000f4e      0x23d patch.o
 .debug_rnglists
                0x0000118b       0x47 rel.o
 .debug_rnglists
                0x000011d2       0x73 ug.o
 .debug_rnglists
                0x00001245       0x21 util.o
 .debug_rnglists
                0x00001266       0x13 aaa.o
 .debug_rnglists
                0x00001279       0x14 aji.o
 .debug_rnglists
                0x0000128d       0x14 bom.o
 .debug_rnglists
                0x000012a1       0x14 dou.o
 .debug_rnglists
                0x000012b5       0x14 eki.o
 .debug_rnglists
                0x000012c9       0x13 end.o
 .debug_rnglists
                0x000012dc       0x14 gon.o
 .debug_rnglists
                0x000012f0       0x1a gor_00.o
 .debug_rnglists
                0x0000130a       0x14 gor_01.o
 .debug_rnglists
                0x0000131e       0x14 gor_02.o
 .debug_rnglists
                0x00001332       0x14 gor_03.o
 .debug_rnglists
                0x00001346       0x14 gor_04.o
 .debug_rnglists
                0x0000135a       0x14 gor_misc.o
 .debug_rnglists
                0x0000136e       0x14 gra.o
 .debug_rnglists
                0x00001382       0x14 hei.o
 .debug_rnglists
                0x00001396       0x14 hom.o
 .debug_rnglists
                0x000013aa       0x14 jin.o
 .debug_rnglists
                0x000013be       0x14 kpa.o
 .debug_rnglists
                0x000013d2       0x14 las.o
 .debug_rnglists
                0x000013e6       0x14 moo.o
 .debug_rnglists
                0x000013fa       0x1a mri.o
 .debug_rnglists
                0x00001414       0x1a muj.o
 .debug_rnglists
                0x0000142e       0x14 nok.o
 .debug_rnglists
                0x00001442       0x14 pik.o
 .debug_rnglists
                0x00001456       0x14 rsh.o
 .debug_rnglists
                0x0000146a       0x2a tik.o
 .debug_rnglists
                0x00001494       0x14 tou.o
 .debug_rnglists
                0x000014a8       0x14 tou2.o
 .debug_rnglists
                0x000014bc       0x14 usu.o
 .debug_rnglists
                0x000014d0       0x14 win.o
