Archive member included to satisfy reference by file (symbol)

C:/devkitPro/devkitPPC/bin/../lib/gcc/powerpc-eabi/13.1.0\libgcc.a(_divdi3.o)
                              console.o (__divdi3)

Discarded input sections

 .text          0x00000000        0x0 OWR.o
 .data          0x00000000        0x0 OWR.o
 .bss           0x00000000        0x0 OWR.o
 .text._Z13strcpy_StringPcPKc
                0x00000000        0x4 OWR.o
 .text._ZN3mod3owr3OWR12SequenceInitEv
                0x00000000       0xe4 OWR.o
 .text._ZN3mod3owr3OWR6LZTestEv
                0x00000000       0x48 OWR.o
 .text._ZN3mod3owr3OWR11NewFileInitEv
                0x00000000        0x4 OWR.o
 .text._ZN3mod3owr3OWR10DrawStringEPKciijf
                0x00000000       0xb0 OWR.o
 .bss._ZN3mod3owr22g_itemEntry_trampolineE
                0x00000000        0x4 OWR.o
 .rodata.cst4   0x00000000        0x4 OWR.o
 .text          0x00000000        0x0 common.o
 .data          0x00000000        0x0 common.o
 .bss           0x00000000        0x0 common.o
 .text._ZN3mod6common14GetCurrentAreaEv
                0x00000000       0x1c common.o
 .text._ZN3mod6common13GetCurrentMapEv
                0x00000000       0x1c common.o
 .text._ZN3mod6common11GetFilenameEv
                0x00000000       0x1c common.o
 .text._ZN3mod6common16GetStorySequenceEv
                0x00000000       0x24 common.o
 .text._ZN3mod6common14GetPitSequenceEv
                0x00000000       0x2c common.o
 .text._ZN3mod6common17GetSavedFlagValueEi
                0x00000000       0x44 common.o
 .text._ZN3mod6common21HasKeyItemInInventoryEs
                0x00000000       0x60 common.o
 .text._ZN3mod6common25GetBattleWindowDataOffsetEv
                0x00000000       0x1c common.o
 .text._ZN3mod6common21GetStatusWindowHeightEv
                0x00000000       0x28 common.o
 .data._ZN3mod6common29kUnknownStatusWindowStructPtrE
                0x00000000        0x4 common.o
 .data._ZN3mod6common10kBattlePtrE
                0x00000000        0x4 common.o
 .data._ZN3mod6common9kPouchPtrE
                0x00000000        0x4 common.o
 .data._ZN3mod6common12kSaveDataPtrE
                0x00000000        0x4 common.o
 .rodata._ZN3mod6common32kUltraHammerChestDespawnIdOffsetE
                0x00000000        0x4 common.o
 .rodata._ZN3mod6common27kObjectCollectionExprOffsetE
                0x00000000        0x4 common.o
 .rodata._ZN3mod6common27kObjectChestScriptPtrOffsetE
                0x00000000        0x4 common.o
 .rodata._ZN3mod6common33kMujModuleFlavioDesiredItemOffsetE
                0x00000000        0x4 common.o
 .rodata._ZN3mod6common36kJinModuleAtomicBooItemGswfSetOffsetE
                0x00000000        0x4 common.o
 .rodata._ZN3mod6common39kJinModuleAtomicBooItemObjectFlagOffsetE
                0x00000000        0x4 common.o
 .rodata._ZN3mod6common32kPitModuleCharlietonChanceOffsetE
                0x00000000        0x4 common.o
 .rodata._ZN3mod6common22kPitModuleNpcArrOffsetE
                0x00000000        0x4 common.o
 .rodata._ZN3mod6common23kSavedWordFlagBaseValueE
                0x00000000        0x4 common.o
 .data._ZN3mod6common20kPiantaParlorItemArrE
                0x00000000        0x4 common.o
 .data._ZN3mod6common21kPitCharlietonItemArrE
                0x00000000        0x4 common.o
 .data._ZN3mod6common12kHowzItemArrE
                0x00000000        0x4 common.o
 .data._ZN3mod6common18kCharlietonItemArrE
                0x00000000        0x4 common.o
 .data._ZN3mod6common14kDazzleItemArrE
                0x00000000        0x4 common.o
 .data._ZN3mod6common20kSuperguardFramesArrE
                0x00000000        0x4 common.o
 .data._ZN3mod6common15kGuardFramesArrE
                0x00000000        0x4 common.o
 .data._ZN3mod6common25kSuperChargePartnerParamsE
                0x00000000        0x4 common.o
 .data._ZN3mod6common18kSuperChargeParamsE
                0x00000000        0x4 common.o
 .data._ZN3mod6common19kPiercingBlowParamsE
                0x00000000        0x4 common.o
 .data._ZN3mod6common18kHammerThrowParamsE
                0x00000000        0x4 common.o
 .data._ZN3mod6common17kKoopaCurseParamsE
                0x00000000        0x4 common.o
 .data._ZN3mod6common15kTradeOffParamsE
                0x00000000        0x4 common.o
 .data._ZN3mod6common17kGulpRecoilParamsE
                0x00000000        0x4 common.o
 .data._ZN3mod6common24kUltraHammerRecoilParamsE
                0x00000000        0x4 common.o
 .data._ZN3mod6common24kSuperHammerRecoilParamsE
                0x00000000        0x4 common.o
 .data._ZN3mod6common8kNextMapE
                0x00000000        0x4 common.o
 .rodata.cst4   0x00000000        0x4 common.o
 .text          0x00000000        0x0 con_mario.o
 .data          0x00000000        0x0 con_mario.o
 .bss           0x00000000        0x0 con_mario.o
 .text          0x00000000        0x0 con_perf.o
 .data          0x00000000        0x0 con_perf.o
 .bss           0x00000000        0x0 con_perf.o
 .text          0x00000000        0x0 con_seq.o
 .data          0x00000000        0x0 con_seq.o
 .bss           0x00000000        0x0 con_seq.o
 .text          0x00000000        0x0 console.o
 .data          0x00000000        0x0 console.o
 .bss           0x00000000        0x0 console.o
 .text._ZN3mod13ConsoleSystem8logDebugEPKcz
                0x00000000       0xbc console.o
 .text._ZN3mod13ConsoleSystem12setMonospaceEb
                0x00000000       0x30 console.o
 .text._ZN3mod13ConsoleSystem14updateUsbGeckoEv
                0x00000000       0x14 console.o
 .text          0x00000000        0x0 cxx.o
 .data          0x00000000        0x0 cxx.o
 .bss           0x00000000        0x0 cxx.o
 .text._ZdlPv   0x00000000        0xc cxx.o
 .text._ZdaPv   0x00000000        0xc cxx.o
 .text          0x00000000        0x0 keyboard.o
 .data          0x00000000        0x0 keyboard.o
 .bss           0x00000000        0x0 keyboard.o
 .text._ZN3mod8Keyboard10setChannelEi
                0x00000000       0xc4 keyboard.o
 .text._ZN3mod8Keyboard7connectEv
                0x00000000       0x78 keyboard.o
 .text._ZN3mod8Keyboard10disconnectEv
                0x00000000       0x4c keyboard.o
 .text          0x00000000        0x0 mod.o
 .data          0x00000000        0x0 mod.o
 .bss           0x00000000        0x0 mod.o
 .text._ZN3mod3ModC2Ev
                0x00000000       0x9c mod.o
 .text._ZN3mod3Mod11updateEarlyEv
                0x00000000       0x90 mod.o
 .text._ZN3mod3Mod4drawEv
                0x00000000        0x8 mod.o
 .text          0x00000000        0x0 patch.o
 .data          0x00000000        0x0 patch.o
 .bss           0x00000000        0x0 patch.o
 .text._ZN3mod5patch21writeStandardBranchesEPvPFvvES3_
                0x00000000       0x80 patch.o
 .text._ZN3mod5patch15replaceEvtInstrEPit
                0x00000000        0x8 patch.o
 .text._ZN3mod5patch14writeEvtBranchEPiPKib
                0x00000000       0x1c patch.o
 .text._ZN3mod5patch13writeBranchBLEPvS1_
                0x00000000       0x50 patch.o
 .text._ZN3mod5patch15writeBranchMainEPvS1_j
                0x00000000       0x48 patch.o
 .text._ZN3mod5patch10writePatchEPvPKvS3_
                0x00000000       0x7c patch.o
 .text._ZN3mod5patch10writePatchEPvj
                0x00000000       0x6c patch.o
 .text._ZN3mod5patch15writeBranchPairEPvS1_S1_S1_
                0x00000000       0x88 patch.o
 .text._ZN3mod5patch15writeBranchPairEPvS1_S1_
                0x00000000       0x80 patch.o
 .text          0x00000000        0x0 rel.o
 .data          0x00000000        0x0 rel.o
 .bss           0x00000000        0x0 rel.o
 .text          0x00000000        0x0 ug.o
 .data          0x00000000        0x0 ug.o
 .bss           0x00000000        0x0 ug.o
 .text          0x00000000        0x0 util.o
 .data          0x00000000        0x0 util.o
 .bss           0x00000000        0x0 util.o
 .text          0x00000000        0x0 gon.o
 .data          0x00000000        0x0 gon.o
 .bss           0x00000000        0x0 gon.o
 .text          0x00000000        0x0 gor_00.o
 .data          0x00000000        0x0 gor_00.o
 .bss           0x00000000        0x0 gor_00.o
 .text          0x00000000        0x0 gor_01.o
 .data          0x00000000        0x0 gor_01.o
 .bss           0x00000000        0x0 gor_01.o
 .text          0x00000000        0x0 gor_02.o
 .data          0x00000000        0x0 gor_02.o
 .bss           0x00000000        0x0 gor_02.o
 .text          0x00000000        0x0 gor_03.o
 .data          0x00000000        0x0 gor_03.o
 .bss           0x00000000        0x0 gor_03.o
 .text          0x00000000        0x0 gor_04.o
 .data          0x00000000        0x0 gor_04.o
 .bss           0x00000000        0x0 gor_04.o
 .text          0x00000000        0x0 gor_misc.o
 .data          0x00000000        0x0 gor_misc.o
 .bss           0x00000000        0x0 gor_misc.o
 .text          0x00000000        0x0 hei.o
 .data          0x00000000        0x0 hei.o
 .bss           0x00000000        0x0 hei.o
 .text          0x00000000        0x0 nok.o
 .data          0x00000000        0x0 nok.o
 .bss           0x00000000        0x0 nok.o
 .text          0x00000000       0x7c patch_ih.o
 .data          0x00000000        0x0 patch_ih.o
 .bss           0x00000000        0x0 patch_ih.o
 .text          0x00000000        0x0 C:/devkitPro/devkitPPC/bin/../lib/gcc/powerpc-eabi/13.1.0\libgcc.a(_divdi3.o)
 .data          0x00000000        0x0 C:/devkitPro/devkitPPC/bin/../lib/gcc/powerpc-eabi/13.1.0\libgcc.a(_divdi3.o)
 .bss           0x00000000        0x0 C:/devkitPro/devkitPPC/bin/../lib/gcc/powerpc-eabi/13.1.0\libgcc.a(_divdi3.o)

Memory Configuration

Name             Origin             Length             Attributes
*default*        0x00000000         0xffffffff

Linker script and memory map

                0x80003100                        . = 0x80003100

.init
 *crt0.o(*.init)
 *(.init)

.plt
 *(.plt)

.interp
 *(.interp)

.hash
 *(.hash)

.dynsym
 *(.dynsym)

.dynstr
 *(.dynstr)

.gnu.version
 *(.gnu.version)

.gnu.version_d
 *(.gnu.version_d)

.gnu.version_r
 *(.gnu.version_r)

.rel.init
 *(.rel.init)

.rela.init
 *(.rela.init)

.rel.text
 *(.rel.text .rel.text.* .rel.gnu.linkonce.t.*)

.rela.text
 *(.rela.text .rela.text.* .rela.gnu.linkonce.t.*)

.rel.fini
 *(.rel.fini)

.rela.fini
 *(.rela.fini)

.rel.rodata
 *(.rel.rodata .rel.rodata.* .rel.gnu.linkonce.r.*)

.rela.rodata
 *(.rela.rodata .rela.rodata.* .rela.gnu.linkonce.r.*)

.rel.data
 *(.rel.data .rel.data.* .rel.gnu.linkonce.d.*)

.rela.data
 *(.rela.data .rela.data.* .rela.gnu.linkonce.d.*)

.rel.tdata
 *(.rel.tdata .rel.tdata.* .rel.gnu.linkonce.td.*)

.rela.tdata
 *(.rela.tdata .rela.tdata.* .rela.gnu.linkonce.td.*)

.rel.tbss
 *(.rel.tbss .rel.tbss.* .rel.gnu.linkonce.tb.*)

.rela.tbss
 *(.rela.tbss .rela.tbss.* .rela.gnu.linkonce.tb.*)

.rel.ctors
 *(.rel.ctors)

.rela.ctors
 *(.rela.ctors)

.rel.dtors
 *(.rel.dtors)

.rela.dtors
 *(.rela.dtors)

.rel.got
 *(.rel.got)

.rela.got
 *(.rela.got)

.rela.got1
 *(.rela.got1)

.rela.got2
 *(.rela.got2)

.rel.sdata
 *(.rel.sdata .rel.sdata.* .rel.gnu.linkonce.s.*)

.rela.sdata
 *(.rela.sdata .rela.sdata.* .rela.gnu.linkonce.s.*)

.rel.sbss
 *(.rel.sbss .rel.sbss.* .rel.gnu.linkonce.sb.*)

.rela.sbss
 *(.rela.sbss .rela.sbss.* .rel.gnu.linkonce.sb.*)

.rel.sdata2
 *(.rel.sdata2 .rel.sdata2.* .rel.gnu.linkonce.s2.*)

.rela.sdata2
 *(.rela.sdata2 .rela.sdata2.* .rela.gnu.linkonce.s2.*)

.rel.sbss2
 *(.rel.sbss2 .rel.sbss2.* .rel.gnu.linkonce.sb2.*)

.rela.sbss2
 *(.rela.sbss2 .rela.sbss2.* .rela.gnu.linkonce.sb2.*)

.rel.bss
 *(.rel.bss .rel.bss.* .rel.gnu.linkonce.b.*)

.rela.bss
 *(.rela.bss .rela.bss.* .rela.gnu.linkonce.b.*)

.rel.plt
 *(.rel.plt)

.rela.plt
 *(.rela.plt)

.text           0x80003100     0x5640
 *(.text)
 *(.text.*)
 .text._ZZN3mod3owr3OWR4InitEvENUlvE_4_FUNEv
                0x80003100       0x10 OWR.o
 .text._ZN3mod3owr3OWRC2Ev
                0x80003110        0x4 OWR.o
                0x80003110                _ZN3mod3owr3OWRC1Ev
                0x80003110                _ZN3mod3owr3OWRC2Ev
 .text._ZN3mod3owr3OWR4InitEv
                0x80003114      0x144 OWR.o
                0x80003114                _ZN3mod3owr3OWR4InitEv
 .text._ZN3mod3owr3OWR6UpdateEv
                0x80003258      0x110 OWR.o
                0x80003258                _ZN3mod3owr3OWR6UpdateEv
 .text._ZN3mod3owr3OWR4DrawEv
                0x80003368        0x4 OWR.o
                0x80003368                _ZN3mod3owr3OWR4DrawEv
 .text._ZN3mod3owr3OWR14OnModuleLoadedEPN2gc6OSLink12OSModuleInfoE
                0x8000336c      0x108 OWR.o
                0x8000336c                _ZN3mod3owr3OWR14OnModuleLoadedEPN2gc6OSLink12OSModuleInfoE
 .text._ZZN3mod3owr3OWR4InitEvENUlPN2gc6OSLink12OSModuleInfoEPvE_4_FUNES5_S6_
                0x80003474       0x84 OWR.o
 .text.startup._GLOBAL__sub_I__Z13strcpy_StringPcPKc
                0x800034f8       0x14 OWR.o
 .text._ZN3modL13mod_if_func22Ev
                0x8000350c       0x54 con_mario.o
 .text.startup._GLOBAL__sub_I__ZN3mod13mario_set_posE
                0x80003560       0x88 con_mario.o
 .text._ZN3modL13mod_if_func46Ev
                0x800035e8      0x19c con_perf.o
 .text._ZN3modL13mod_if_func29Ev
                0x80003784       0xbc con_perf.o
 .text.startup._GLOBAL__sub_I__ZN3mod15perf_fake_spikeE
                0x80003840       0xd4 con_perf.o
 .text._ZZN3modL13mod_if_func16EvENUlPN4ttyd6seqdrv7SeqInfoEE_4_FUNES3_
                0x80003914       0x44 con_seq.o
 .text._ZN3modL13mod_if_func16Ev
                0x80003958       0x74 con_seq.o
 .text.startup._GLOBAL__sub_I__ZN3mod13seq_logo_skipE
                0x800039cc       0x8c con_seq.o
 .text._ZN3mod13ConsoleSystem4initEv
                0x80003a58       0x38 console.o
                0x80003a58                _ZN3mod13ConsoleSystem4initEv
 .text._ZN3mod13ConsoleSystem8logColorEPKcN2gc6color4E
                0x80003a90      0x2a8 console.o
                0x80003a90                _ZN3mod13ConsoleSystem8logColorEPKcN2gc6color4E
 .text._ZN3mod13ConsoleSystem7logInfoEPKcz
                0x80003d38       0xb8 console.o
                0x80003d38                _ZN3mod13ConsoleSystem7logInfoEPKcz
 .text._ZN3mod7CC_findEPKc
                0x80003df0      0x12c console.o
                0x80003df0                _ZN3mod7CC_findEPKc
 .text._ZN3mod13ConsoleSystem10logWarningEPKcz
                0x80003f1c       0xbc console.o
                0x80003f1c                _ZN3mod13ConsoleSystem10logWarningEPKcz
 .text._ZN3mod13ConsoleSystem8logErrorEPKcz
                0x80003fd8       0xbc console.o
                0x80003fd8                _ZN3mod13ConsoleSystem8logErrorEPKcz
 .text._ZN3mod13ConsoleSystem7overlayEPKcz
                0x80004094       0xd0 console.o
                0x80004094                _ZN3mod13ConsoleSystem7overlayEPKcz
 .text._ZN3mod13ConsoleSystem8drawLineEiPKcN2gc6color4E
                0x80004164      0x15c console.o
                0x80004164                _ZN3mod13ConsoleSystem8drawLineEiPKcN2gc6color4E
 .text._ZN3mod13ConsoleSystem14processCommandEPKc
                0x800042c0      0x288 console.o
                0x800042c0                _ZN3mod13ConsoleSystem14processCommandEPKc
 .text._ZN3mod13ConsoleSystem12updatePromptEv
                0x80004548      0x974 console.o
                0x80004548                _ZN3mod13ConsoleSystem12updatePromptEv
 .text._ZN3mod13ConsoleSystem14updateUsbGeckoEv.part.0
                0x80004ebc      0x19c console.o
 .text._ZN3mod13ConsoleSystem6updateEv
                0x80005058       0x70 console.o
                0x80005058                _ZN3mod13ConsoleSystem6updateEv
 .text._ZN3mod13ConsoleSystem4dispEv
                0x800050c8      0x5f0 console.o
                0x800050c8                _ZN3mod13ConsoleSystem4dispEv
 .text._ZZN3mod13ConsoleSystem6updateEvENUlN4ttyd7dispdrv8CameraIdEPvE_4_FUNES3_S4_
                0x800056b8        0x8 console.o
 .text.startup._GLOBAL__sub_I__ZN3mod10ConCommand6sFirstE
                0x800056c0      0x1ac console.o
 .text._Znwj    0x8000586c        0xc cxx.o
                0x8000586c                _Znwj
 .text._Znaj    0x80005878        0xc cxx.o
                0x80005878                _Znaj
 .text._ZN3mod8KeyboardC2Ei
                0x80005884       0x84 keyboard.o
                0x80005884                _ZN3mod8KeyboardC2Ei
                0x80005884                _ZN3mod8KeyboardC1Ei
 .text._ZN3mod8Keyboard6updateEv
                0x80005908      0x59c keyboard.o
                0x80005908                _ZN3mod8Keyboard6updateEv
 .text._ZZN3mod3Mod4initEvENUlvE0_4_FUNEv
                0x80005ea4        0x4 mod.o
 .text._ZZN3mod3Mod11updateEarlyEvENUlN4ttyd7dispdrv8CameraIdEPvE_4_FUNES3_S4_
                0x80005ea8        0x8 mod.o
 .text._ZZN3mod3Mod4initEvENUlvE_4_FUNEv
                0x80005eb0       0x94 mod.o
 .text._ZN3mod3Mod4initEv
                0x80005f44       0xfc mod.o
                0x80005f44                _ZN3mod3Mod4initEv
 .text.startup._ZN3mod4mainEv
                0x80006040       0xa8 mod.o
                0x80006040                _ZN3mod4mainEv
 .text._ZN3mod5patch17clear_DC_IC_CacheEPvj
                0x800060e8       0x40 patch.o
                0x800060e8                _ZN3mod5patch17clear_DC_IC_CacheEPvj
 .text._ZN3mod5patch11writeBranchEPvS1_
                0x80006128       0x4c patch.o
                0x80006128                _ZN3mod5patch11writeBranchEPvS1_
 .text._ZN3mod5patch10writePatchEPvPKvj
                0x80006174       0x7c patch.o
                0x80006174                _ZN3mod5patch10writePatchEPvPKvj
 .text._prolog  0x800061f0       0xac rel.o
                0x800061f0                _prolog
 .text._epilog  0x8000629c       0xac rel.o
                0x8000629c                _epilog
 .text._unresolved
                0x80006348        0x4 rel.o
                0x80006348                _unresolved
 .text._ZN3mod7ugProbeEi
                0x8000634c      0x110 ug.o
                0x8000634c                _ZN3mod7ugProbeEi
 .text._ZN3mod6ugSendEiPKvi
                0x8000645c      0x12c ug.o
                0x8000645c                _ZN3mod6ugSendEiPKvi
 .text._ZN3mod6ugRecvEiPvi
                0x80006588      0x124 ug.o
                0x80006588                _ZN3mod6ugRecvEiPvi
 .text.strstr   0x800066ac       0xf0 util.o
                0x800066ac                strstr
 .text._Z15ApplyGonPatchesPN2gc6OSLink12OSModuleInfoE
                0x8000679c        0x4 gon.o
                0x8000679c                _Z15ApplyGonPatchesPN2gc6OSLink12OSModuleInfoE
 .text._Z17ApplyGor00PatchesPN2gc6OSLink12OSModuleInfoE
                0x800067a0      0x5fc gor_00.o
                0x800067a0                _Z17ApplyGor00PatchesPN2gc6OSLink12OSModuleInfoE
 .text.startup._GLOBAL__sub_I__Z17ApplyGor00PatchesPN2gc6OSLink12OSModuleInfoE
                0x80006d9c       0x1c gor_00.o
 .text._Z17ApplyGor01PatchesPN2gc6OSLink12OSModuleInfoE
                0x80006db8      0x420 gor_01.o
                0x80006db8                _Z17ApplyGor01PatchesPN2gc6OSLink12OSModuleInfoE
 .text._Z17ApplyGor02PatchesPN2gc6OSLink12OSModuleInfoE
                0x800071d8      0x4c8 gor_02.o
                0x800071d8                _Z17ApplyGor02PatchesPN2gc6OSLink12OSModuleInfoE
 .text._Z17ApplyGor03PatchesPN2gc6OSLink12OSModuleInfoE
                0x800076a0      0x4d4 gor_03.o
                0x800076a0                _Z17ApplyGor03PatchesPN2gc6OSLink12OSModuleInfoE
 .text._Z17ApplyGor04PatchesPN2gc6OSLink12OSModuleInfoE
                0x80007b74      0x170 gor_04.o
                0x80007b74                _Z17ApplyGor04PatchesPN2gc6OSLink12OSModuleInfoE
 .text._Z19ApplyGorMiscPatchesPN2gc6OSLink12OSModuleInfoE
                0x80007ce4       0xc8 gor_misc.o
                0x80007ce4                _Z19ApplyGorMiscPatchesPN2gc6OSLink12OSModuleInfoE
 .text._Z15ApplyHeiPatchesPN2gc6OSLink12OSModuleInfoE
                0x80007dac      0x228 hei.o
                0x80007dac                _Z15ApplyHeiPatchesPN2gc6OSLink12OSModuleInfoE
 .text._Z15ApplyNokPatchesPN2gc6OSLink12OSModuleInfoE
                0x80007fd4      0x370 nok.o
                0x80007fd4                _Z15ApplyNokPatchesPN2gc6OSLink12OSModuleInfoE
 .text.__divdi3
                0x80008344      0x3ec C:/devkitPro/devkitPPC/bin/../lib/gcc/powerpc-eabi/13.1.0\libgcc.a(_divdi3.o)
                0x80008344                __divdi3
 *(.gnu.warning)
 *(.gnu.linkonce.t.*)
                0x80008740                        . = ALIGN (0x20)
 *fill*         0x80008730       0x10 00000000

.text._ZN3mod13mario_set_posMUlPKcE_4_FUNES2_
                0x00000000       0x6c
 .text._ZN3mod13mario_set_posMUlPKcE_4_FUNES2_
                0x00000000       0x6c con_mario.o
                0x00000000                _ZN3mod13mario_set_posMUlPKcE_4_FUNES2_
                0x00000000                _ZN3mod13mario_set_posMUlPKcE_4_FUNES1_

.text._ZN3mod15perf_fake_spikeMUlPKcE_4_FUNES2_
                0x00000000       0xa8
 .text._ZN3mod15perf_fake_spikeMUlPKcE_4_FUNES2_
                0x00000000       0xa8 con_perf.o
                0x00000000                _ZN3mod15perf_fake_spikeMUlPKcE_4_FUNES1_
                0x00000000                _ZN3mod15perf_fake_spikeMUlPKcE_4_FUNES2_

.text._ZN3mod14seq_change_mapMUlPKcE_4_FUNES2_
                0x00000000       0xf0
 .text._ZN3mod14seq_change_mapMUlPKcE_4_FUNES2_
                0x00000000       0xf0 con_seq.o
                0x00000000                _ZN3mod14seq_change_mapMUlPKcE_4_FUNES2_
                0x00000000                _ZN3mod14seq_change_mapMUlPKcE_4_FUNES1_

.text._ZN3mod8con_monoMUlPNS_9ConIntVarEiE_4_FUNES2_i
                0x00000000       0x3c
 .text._ZN3mod8con_monoMUlPNS_9ConIntVarEiE_4_FUNES2_i
                0x00000000       0x3c console.o
                0x00000000                _ZN3mod8con_monoMUlPNS_9ConIntVarEiE_4_FUNES1_i
                0x00000000                _ZN3mod8con_monoMUlPNS_9ConIntVarEiE_4_FUNES2_i

.fini           0x0000003c        0x4
 *(.fini)
                0x00000040                        . = ALIGN (0x20)
 *fill*         0x0000003c        0x4 00000000
                [!provide]                        PROVIDE (__etext = .)
                [!provide]                        PROVIDE (_etext = .)
                [!provide]                        PROVIDE (etext = .)

.rodata         0x00000040     0x3e68
 *(.rodata)
 *(.rodata.*)
 .rodata._ZN3mod3owr3OWR6LZTestEv.str1.4
                0x00000040        0x7 OWR.o
 *fill*         0x00000047        0x1 
 .rodata._ZN3mod13mario_set_posMUlPKcE_4_FUNES2_.str1.4
                0x00000048        0x9 con_mario.o
 *fill*         0x00000051        0x3 
 .rodata._ZN3modL13mod_if_func22Ev.str1.4
                0x00000054       0x20 con_mario.o
 .rodata._GLOBAL__sub_I__ZN3mod13mario_set_posE.str1.4
                0x00000074       0x1f con_mario.o
 *fill*         0x00000093        0x1 
 .rodata._ZN3modL13mod_if_func46Ev.str1.4
                0x00000094       0x5e con_perf.o
 *fill*         0x000000f2        0x2 
 .rodata._ZN3mod15perf_fake_spikeMUlPKcE_4_FUNES2_.str1.4
                0x000000f4        0x4 con_perf.o
 .rodata._ZN3modL13mod_if_func29Ev.str1.4
                0x000000f8       0x1c con_perf.o
 .rodata._GLOBAL__sub_I__ZN3mod15perf_fake_spikeE.str1.4
                0x00000114       0x2b con_perf.o
 *fill*         0x0000013f        0x1 
 .rodata.cst4   0x00000140       0x14 con_perf.o
 .rodata._ZN3mod14seq_change_mapMUlPKcE_4_FUNES2_.str1.4
                0x00000154       0x20 con_seq.o
 .rodata._GLOBAL__sub_I__ZN3mod13seq_logo_skipE.str1.4
                0x00000174       0x1f con_seq.o
 *fill*         0x00000193        0x1 
 .rodata._ZN3mod13ConsoleSystem8logColorEPKcN2gc6color4E.str1.4
                0x00000194       0x83 console.o
 *fill*         0x00000217        0x1 
 .rodata._ZN3mod7CC_findEPKc.str1.4
                0x00000218       0x21 console.o
 *fill*         0x00000239        0x3 
 .rodata._ZN3mod13ConsoleSystem14processCommandEPKc.str1.4
                0x0000023c       0x2e console.o
 *fill*         0x0000026a        0x2 
 .rodata._ZN3mod13ConsoleSystem12updatePromptEv
                0x0000026c      0x6c0 console.o
 .rodata._ZN3mod13ConsoleSystem14updateUsbGeckoEv.part.0.str1.4
                0x0000092c       0x75 console.o
 *fill*         0x000009a1        0x3 
 .rodata._ZN3mod13ConsoleSystem4dispEv.str1.4
                0x000009a4       0x16 console.o
 *fill*         0x000009ba        0x2 
 .rodata._GLOBAL__sub_I__ZN3mod10ConCommand6sFirstE.str1.4
                0x000009bc       0x8d console.o
 .rodata._ZZN3mod13ConsoleSystem4dispEvE12kPromptColor
                0x00000a49        0x4 console.o
 *fill*         0x00000a4d        0x3 
 .rodata.cst4   0x00000a50        0x8 console.o
 .rodata.cst4   0x00000a58        0x4 mod.o
 .rodata.str1.4
                0x00000a5c      0x2ea gor_00.o
 *fill*         0x00000d46        0x2 
 .rodata._ZL16gor_00_init_evt1
                0x00000d48      0x1f8 gor_00.o
 .rodata._ZL18korutesu_init_hook
                0x00000f40       0x10 gor_00.o
 .rodata._ZL17korutesu_init_evt
                0x00000f50       0x58 gor_00.o
 .rodata._ZL20suifubomb_b_talk_evt
                0x00000fa8       0xf4 gor_00.o
 .rodata._ZL21suifubomb_b_regl_hook
                0x0000109c       0x10 gor_00.o
 .rodata._ZL20suifubomb_b_regl_evt
                0x000010ac      0x110 gor_00.o
 .rodata._ZL20suifubomb_a_talk_evt
                0x000011bc      0x170 gor_00.o
 .rodata._ZL21suifubomb_a_regl_hook
                0x0000132c       0x10 gor_00.o
 .rodata._ZL20suifubomb_a_regl_evt
                0x0000133c       0x90 gor_00.o
 .rodata._ZL21suifubomb_a_init_hook
                0x000013cc       0x10 gor_00.o
 .rodata._ZL20suifubomb_a_init_evt
                0x000013dc       0xc8 gor_00.o
 .rodata._ZL16suifu_b_talk_evt
                0x000014a4       0xf4 gor_00.o
 .rodata._ZL17suifu_b_init_hook
                0x00001598       0x10 gor_00.o
 .rodata._ZL16suifu_b_init_evt
                0x000015a8       0xc8 gor_00.o
 .rodata._ZL16suifu_a_talk_evt
                0x00001670       0xf4 gor_00.o
 .rodata._ZL19odoodo_ani_talk_evt
                0x00001764       0x20 gor_00.o
 .rodata._ZL15odoodo_talk_evt
                0x00001784       0xfc gor_00.o
 .rodata._ZL16odoodo_regl_hook
                0x00001880       0x10 gor_00.o
 .rodata._ZL15odoodo_regl_evt
                0x00001890       0x90 gor_00.o
 .rodata._ZL15odoodo_init_evt
                0x00001920       0xb8 gor_00.o
 .rodata._ZL17garawaru_talk_evt
                0x000019d8       0xb8 gor_00.o
 .rodata._ZL18garawaru_regl_hook
                0x00001a90       0x10 gor_00.o
 .rodata._ZL17garawaru_regl_evt
                0x00001aa0      0x110 gor_00.o
 .rodata._ZL18garawaru_init_hook
                0x00001bb0       0x10 gor_00.o
 .rodata._ZL17garawaru_init_evt
                0x00001bc0      0x140 gor_00.o
 .rodata.str1.4
                0x00001d00       0xb2 gor_01.o
 *fill*         0x00001db2        0x2 
 .rodata._ZL15bomhei_talk_evt
                0x00001db4       0x20 gor_01.o
 .rodata._ZL16chusan2_talk_evt
                0x00001dd4       0x20 gor_01.o
 .rodata._ZL16chusan1_talk_evt
                0x00001df4       0x20 gor_01.o
 .rodata._ZL16kuribo3_talk_evt
                0x00001e14       0x20 gor_01.o
 .rodata._ZL16kuribo2_talk_evt
                0x00001e34       0x20 gor_01.o
 .rodata._ZL16kuribo1_talk_evt
                0x00001e54       0x20 gor_01.o
 .rodata._ZL15roten2_talk_evt
                0x00001e74       0x20 gor_01.o
 .rodata._ZL15roten1_talk_evt
                0x00001e94       0x20 gor_01.o
 .rodata._ZL19shoptender_talk_evt
                0x00001eb4       0x20 gor_01.o
 .rodata._ZL15kinoji_talk_evt
                0x00001ed4       0x20 gor_01.o
 .rodata._ZL20badgemaster_talk_evt
                0x00001ef4       0x20 gor_01.o
 .rodata._Z17ApplyGor02PatchesPN2gc6OSLink12OSModuleInfoE.str1.4
                0x00001f14        0x3 gor_02.o
 *fill*         0x00001f17        0x1 
 .rodata.str1.4
                0x00001f18      0x14e gor_02.o
 *fill*         0x00002066        0x2 
 .rodata._ZL19kurihakase_talk_evt
                0x00002068      0x2cc gor_02.o
 .rodata._ZL21evt_door_02_open_hook
                0x00002334       0x14 gor_02.o
 .rodata._ZL20evt_door_02_open_evt
                0x00002348      0x188 gor_02.o
 .rodata._ZL16gor_02_init_evt1
                0x000024d0      0x138 gor_02.o
 .rodata._ZL16borodo2_talk_evt
                0x00002608       0x20 gor_02.o
 .rodata._ZL16borodo1_talk_evt
                0x00002628       0x20 gor_02.o
 .rodata._ZL15roten3_talk_evt
                0x00002648       0x20 gor_02.o
 .rodata._ZL16chusan3_talk_evt
                0x00002668       0x20 gor_02.o
 .rodata._ZL16kuribo4_talk_evt
                0x00002688       0x20 gor_02.o
 .rodata.str1.4
                0x000026a8       0xf9 gor_03.o
 *fill*         0x000027a1        0x3 
 .rodata._ZL16maffia3_talk_evt
                0x000027a4       0x20 gor_03.o
 .rodata._ZL16maffia2_talk_evt
                0x000027c4      0x140 gor_03.o
 .rodata._ZL16maffia1_talk_evt
                0x00002904      0x140 gor_03.o
 .rodata._ZL26maffiaboss_casino_talk_evt
                0x00002a44       0x20 gor_03.o
 .rodata._ZL26maffiaboss_talk_common_evt
                0x00002a64      0x120 gor_03.o
 .rodata._ZL17nokorin_talk_hook
                0x00002b84       0x10 nok.o
 .rodata.str1.4
                0x00002b94      0x45e nok.o
 *fill*         0x00002ff2        0x2 
 .rodata._ZL16nokorin_talk_evt
                0x00002ff4      0x180 nok.o
 .rodata._ZL19boss_noko_talk_hook
                0x00003174       0x10 nok.o
 .rodata._ZL18boss_noko_talk_evt
                0x00003184      0x164 nok.o
 .rodata._ZL20nokonoko_K_talk_hook
                0x000032e8       0x10 nok.o
 .rodata._ZL19nokonoko_K_talk_evt
                0x000032f8       0xd0 nok.o
 .rodata._ZL18nokopapa_talk_hook
                0x000033c8       0x10 nok.o
 .rodata._ZL17nokopapa_talk_evt
                0x000033d8      0x128 nok.o
 .rodata._ZL16monban_talk_hook
                0x00003500       0x10 nok.o
 .rodata._ZL15monban_talk_evt
                0x00003510      0x110 nok.o
 .rodata._ZL20nokonoko_I_talk_hook
                0x00003620       0x10 nok.o
 .rodata._ZL19nokonoko_I_talk_evt
                0x00003630       0xd0 nok.o
 .rodata._ZL20nokonoko_H_talk_hook
                0x00003700       0x10 nok.o
 .rodata._ZL19nokonoko_H_talk_evt
                0x00003710       0xf8 nok.o
 .rodata._ZL20nokonoko_G_talk_hook
                0x00003808       0x10 nok.o
 .rodata._ZL19nokonoko_G_talk_evt
                0x00003818       0xd0 nok.o
 .rodata._ZL15talk_white_hook
                0x000038e8       0x10 nok.o
 .rodata._ZL14talk_white_evt
                0x000038f8       0xa8 nok.o
 .rodata._ZL15init_white_hook
                0x000039a0       0x10 nok.o
 .rodata._ZL14init_white_evt
                0x000039b0       0x44 nok.o
 .rodata._ZL20nokonoko_F_talk_hook
                0x000039f4       0x10 nok.o
 .rodata._ZL19nokonoko_F_talk_evt
                0x00003a04       0xd0 nok.o
 .rodata._ZL20nokonoko_D_talk_hook
                0x00003ad4       0x10 nok.o
 .rodata._ZL19nokonoko_D_talk_evt
                0x00003ae4       0xf8 nok.o
 .rodata._ZL20nokonoko_C_talk_hook
                0x00003bdc       0x10 nok.o
 .rodata._ZL19nokonoko_C_talk_evt
                0x00003bec       0xd0 nok.o
 .rodata._ZL20nokonoko_B_talk_hook
                0x00003cbc       0x10 nok.o
 .rodata._ZL19nokonoko_B_talk_evt
                0x00003ccc       0xd0 nok.o
 .rodata._ZL20nokonoko_A_talk_hook
                0x00003d9c       0x10 nok.o
 .rodata._ZL19nokonoko_A_talk_evt
                0x00003dac       0xfc nok.o
 *(.gnu.linkonce.r.*)

.rodata1
 *(.rodata1)

.sdata2         0x00003ea8        0x0
                [!provide]                        PROVIDE (_SDA2_BASE_ = .)
 *(.sdata2)
 *(.sdata2.*)
 *(.gnu.linkonce.s2.*)

.sbss2
 *(.sbss2)
 *(.sbss2.*)
 *(.gnu.linkonce.sb2.*)
                0x00003ea8                        . = ALIGN (0x4)
                [!provide]                        PROVIDE (__preinit_array_start = .)

.preinit_array
 *(.preinit_array)
                [!provide]                        PROVIDE (__preinit_array_end = .)
                [!provide]                        PROVIDE (__init_array_start = .)

.init_array
 *(.init_array)
                [!provide]                        PROVIDE (__init_array_end = .)
                [!provide]                        PROVIDE (__fini_array_start = .)

.fini_array
 *(.fini_array)
                [!provide]                        PROVIDE (__fini_array_end = .)

.data           0x00003ea8      0x2d8
 *(.data)
 *(.data.*)
 .data.GSWF_ARR_SIZE
                0x00003ea8        0x2 OWR.o
                0x00003ea8                GSWF_ARR_SIZE
 *fill*         0x00003eaa        0x2 
 .data.GSWF_ARR
                0x00003eac       0x14 OWR.o
                0x00003eac                GSWF_ARR
 .data._ZN3mod6common12kItemDataArrE
                0x00003ec0        0x4 common.o
                0x00003ec0                _ZN3mod6common12kItemDataArrE
 .data._ZL16gor_00_init_evt2
                0x00003ec4      0x2a8 gor_00.o
 *(.gnu.linkonce.d.*)
                0x00004180                        . = ALIGN (0x20)
 *fill*         0x0000416c       0x14 

.data1
 *(.data1)

.tdata
 *(.tdata .tdata.* .gnu.linkonce.td.*)

.tbss
 *(.tbss .tbss.* .gnu.linkonce.tb.*)
 *(.tcommon)

.eh_frame       0x00004180      0xdd4
 *(.eh_frame)
 .eh_frame      0x00004180      0x130 OWR.o
                                0x1f0 (size before relaxing)
 .eh_frame      0x000042b0        0x0 common.o
                                 0xc8 (size before relaxing)
 .eh_frame      0x000042b0       0x70 con_mario.o
 .eh_frame      0x00004320       0xa4 con_perf.o
 .eh_frame      0x000043c4       0xac con_seq.o
 .eh_frame      0x00004470      0x46c console.o
                                0x4bc (size before relaxing)
 .eh_frame      0x000048dc       0x3c cxx.o
                                 0x64 (size before relaxing)
 .eh_frame      0x00004918       0x84 keyboard.o
                                0x110 (size before relaxing)
 .eh_frame      0x0000499c       0xb8 mod.o
                                0x120 (size before relaxing)
 .eh_frame      0x00004a54       0x90 patch.o
                                0x1cc (size before relaxing)
 .eh_frame      0x00004ae4       0x90 rel.o
 .eh_frame      0x00004b74       0xbc ug.o
 .eh_frame      0x00004c30       0x3c util.o
 .eh_frame      0x00004c6c       0x28 gon.o
 .eh_frame      0x00004c94       0x70 gor_00.o
 .eh_frame      0x00004d04       0x58 gor_01.o
 .eh_frame      0x00004d5c       0x60 gor_02.o
 .eh_frame      0x00004dbc       0x68 gor_03.o
 .eh_frame      0x00004e24       0x38 gor_04.o
 .eh_frame      0x00004e5c       0x34 gor_misc.o
 .eh_frame      0x00004e90       0x3c hei.o
 .eh_frame      0x00004ecc       0x4c nok.o
 .eh_frame      0x00004f18       0x3c C:/devkitPro/devkitPPC/bin/../lib/gcc/powerpc-eabi/13.1.0\libgcc.a(_divdi3.o)

.gcc_except_table
 *(.gcc_except_table)

.fixup
 *(.fixup)

.got1
 *(.got1)

.got2
 *(.got2)

.dynamic
 *(.dynamic)

.ctors          0x00004f54       0x2c
 *crtbegin.o(.ctors)
 *(EXCLUDE_FILE(*crtend.o) .ctors)
 .ctors         0x00004f54        0x4 OWR.o
 .ctors         0x00004f58        0x4 con_mario.o
 .ctors         0x00004f5c        0x4 con_perf.o
 .ctors         0x00004f60        0x4 con_seq.o
 .ctors         0x00004f64        0x4 console.o
 .ctors         0x00004f68        0x4 gor_00.o
 *(SORT_BY_NAME(.ctors.*))
 *(.ctors)
                0x00004f80                        . = ALIGN (0x20)
 *fill*         0x00004f6c       0x14 

.dtors          0x00004f80        0x0
 *crtbegin.o(.dtors)
 *(EXCLUDE_FILE(*crtend.o) .dtors)
 *(SORT_BY_NAME(.dtors.*))
 *(.dtors)
                0x00004f80                        . = ALIGN (0x20)

.jcr
 *(.jcr)

.got
 *(.got.plt)
 *(.got)

.sdata          0x00004f80        0x0
                [!provide]                        PROVIDE (_SDA_BASE_ = .)
 *(.sdata)
 *(.sdata.*)
 *(.gnu.linkonce.s.*)
                0x00004f80                        . = ALIGN (0x20)
                0x00004f80                        _edata = .
                [!provide]                        PROVIDE (edata = .)

.sbss           0x00004f80        0x0
                0x00004f80                        __sbss_start = .
                [!provide]                        PROVIDE (__sbss_start = .)
                [!provide]                        PROVIDE (___sbss_start = .)
 *(.dynsbss)
 *(.sbss)
 *(.sbss.*)
 *(.gnu.linkonce.sb.*)
 *(.scommon)
                [!provide]                        PROVIDE (__sbss_end = .)
                [!provide]                        PROVIDE (___sbss_end = .)
                0x00004f80                        . = ALIGN (0x20)
                0x00004f80                        __sbss_end = .

.bss            0x00004f80      0x160
                0x00004f80                        __bss_start = .
                [!provide]                        PROVIDE (__bss_start = .)
 *(.dynbss)
 *(.bss)
 *(.bss.*)
 .bss._ZN3mod3owr25g_stg0_00_init_trampolineE
                0x00004f80        0x4 OWR.o
                0x00004f80                _ZN3mod3owr25g_stg0_00_init_trampolineE
 .bss._ZN3mod3owr19g_OSLink_trampolineE
                0x00004f84        0x4 OWR.o
                0x00004f84                _ZN3mod3owr19g_OSLink_trampolineE
 .bss._ZN3mod3owr5gSelfE
                0x00004f88        0x4 OWR.o
                0x00004f88                _ZN3mod3owr5gSelfE
 .bss._ZN3mod3owr7item_dbE
                0x00004f8c        0x4 OWR.o
                0x00004f8c                _ZN3mod3owr7item_dbE
 .bss._ZN3modL12mod_if_obj22E
                0x00004f90        0x8 con_mario.o
 .bss._ZN3mod14mario_show_posE
                0x00004f98       0x10 con_mario.o
                0x00004f98                _ZN3mod14mario_show_posE
 .bss._ZN3mod13mario_set_posE
                0x00004fa8        0xc con_mario.o
                0x00004fa8                _ZN3mod13mario_set_posE
 .bss._ZN3modL12mod_if_obj46E
                0x00004fb4        0x8 con_perf.o
 .bss._ZN3mod14mem_debug_heapE
                0x00004fbc       0x10 con_perf.o
                0x00004fbc                _ZN3mod14mem_debug_heapE
 .bss._ZN3modL12mod_if_obj29E
                0x00004fcc        0x8 con_perf.o
 .bss._ZN3mod9perf_showE
                0x00004fd4       0x10 con_perf.o
                0x00004fd4                _ZN3mod9perf_showE
 .bss._ZN3mod15perf_fake_spikeE
                0x00004fe4        0xc con_perf.o
                0x00004fe4                _ZN3mod15perf_fake_spikeE
 .bss._ZN3mod14seq_change_mapE
                0x00004ff0        0xc con_seq.o
                0x00004ff0                _ZN3mod14seq_change_mapE
 .bss._ZN3modL12mod_if_obj16E
                0x00004ffc        0x8 con_seq.o
 .bss._ZN3mod24gTrampoline_seq_logoMainE
                0x00005004        0x4 con_seq.o
                0x00005004                _ZN3mod24gTrampoline_seq_logoMainE
 .bss._ZN3mod13seq_logo_skipE
                0x00005008       0x10 con_seq.o
                0x00005008                _ZN3mod13seq_logo_skipE
 .bss._ZN3mod4findE
                0x00005018        0xc console.o
                0x00005018                _ZN3mod4findE
 .bss._ZN3mod11con_ug_chanE
                0x00005024       0x10 console.o
                0x00005024                _ZN3mod11con_ug_chanE
 .bss._ZN3mod11con_ug_modeE
                0x00005034       0x10 console.o
                0x00005034                _ZN3mod11con_ug_modeE
 .bss._ZN3mod21con_log_fade_durationE
                0x00005044       0x10 console.o
                0x00005044                _ZN3mod21con_log_fade_durationE
 .bss._ZN3mod18con_log_fade_startE
                0x00005054       0x10 console.o
                0x00005054                _ZN3mod18con_log_fade_startE
 .bss._ZN3mod12con_log_fadeE
                0x00005064       0x10 console.o
                0x00005064                _ZN3mod12con_log_fadeE
 .bss._ZN3mod13con_log_levelE
                0x00005074       0x10 console.o
                0x00005074                _ZN3mod13con_log_levelE
 .bss._ZN3mod11con_rainbowE
                0x00005084       0x10 console.o
                0x00005084                _ZN3mod11con_rainbowE
 .bss._ZN3mod8con_monoE
                0x00005094       0x10 console.o
                0x00005094                _ZN3mod8con_monoE
 .bss._ZN3mod8con_showE
                0x000050a4       0x10 console.o
                0x000050a4                _ZN3mod8con_showE
 .bss._ZN3mod8gConsoleE
                0x000050b4        0x4 console.o
                0x000050b4                _ZN3mod8gConsoleE
 .bss._ZN3mod9ConIntVar6sFirstE
                0x000050b8        0x4 console.o
                0x000050b8                _ZN3mod9ConIntVar6sFirstE
 .bss._ZN3mod10ConCommand6sFirstE
                0x000050bc        0x4 console.o
                0x000050bc                _ZN3mod10ConCommand6sFirstE
 .bss._ZN3mod4gModE
                0x000050c0        0x4 mod.o
                0x000050c0                _ZN3mod4gModE
 .bss._ZN17ModUpdateFunction6sFirstE
                0x000050c4        0x4 mod.o
                0x000050c4                _ZN17ModUpdateFunction6sFirstE
 .bss._ZN15ModInitFunction6sFirstE
                0x000050c8        0x4 mod.o
                0x000050c8                _ZN15ModInitFunction6sFirstE
 *(.gnu.linkonce.b.*)
 *(COMMON)
                0x000050e0                        . = ALIGN (0x20)
 *fill*         0x000050cc       0x14 
                [!provide]                        PROVIDE (__bss_end = .)
                0x000050e0                        __bss_end = .
                0x000050e0                        _end = .
                [!provide]                        PROVIDE (end = .)

.bss._ZZNK3mod14seq_change_mapMUlPKcE_clES2_E8beroName
                0x00000000       0x20
 .bss._ZZNK3mod14seq_change_mapMUlPKcE_clES2_E8beroName
                0x00000000       0x20 con_seq.o
                0x00000000                _ZZNK3mod14seq_change_mapMUlPKcE_clES1_E8beroName
                0x00000000                _ZZNK3mod14seq_change_mapMUlPKcE_clES2_E8beroName

.bss._ZZNK3mod14seq_change_mapMUlPKcE_clES2_E7mapName
                0x00000000       0x20
 .bss._ZZNK3mod14seq_change_mapMUlPKcE_clES2_E7mapName
                0x00000000       0x20 con_seq.o
                0x00000000                _ZZNK3mod14seq_change_mapMUlPKcE_clES2_E7mapName
                0x00000000                _ZZNK3mod14seq_change_mapMUlPKcE_clES1_E7mapName

.stab
 *(.stab)

.stabstr
 *(.stabstr)

.stab.excl
 *(.stab.excl)

.stab.exclstr
 *(.stab.exclstr)

.stab.index
 *(.stab.index)

.stab.indexstr
 *(.stab.indexstr)

.comment        0x00000000      0x33c
 *(.comment)
 .comment       0x00000000       0x24 OWR.o
 .comment       0x00000024       0x24 common.o
 .comment       0x00000048       0x24 con_mario.o
 .comment       0x0000006c       0x24 con_perf.o
 .comment       0x00000090       0x24 con_seq.o
 .comment       0x000000b4       0x24 console.o
 .comment       0x000000d8       0x24 cxx.o
 .comment       0x000000fc       0x24 keyboard.o
 .comment       0x00000120       0x24 mod.o
 .comment       0x00000144       0x24 patch.o
 .comment       0x00000168       0x24 rel.o
 .comment       0x0000018c       0x24 ug.o
 .comment       0x000001b0       0x24 util.o
 .comment       0x000001d4       0x24 gon.o
 .comment       0x000001f8       0x24 gor_00.o
 .comment       0x0000021c       0x24 gor_01.o
 .comment       0x00000240       0x24 gor_02.o
 .comment       0x00000264       0x24 gor_03.o
 .comment       0x00000288       0x24 gor_04.o
 .comment       0x000002ac       0x24 gor_misc.o
 .comment       0x000002d0       0x24 hei.o
 .comment       0x000002f4       0x24 nok.o
 .comment       0x00000318       0x24 C:/devkitPro/devkitPPC/bin/../lib/gcc/powerpc-eabi/13.1.0\libgcc.a(_divdi3.o)

.gnu.attributes
                0x00000000       0x10
 .gnu.attributes
                0x00000000       0x10 OWR.o
 .gnu.attributes
                0x00000010       0x10 common.o
 .gnu.attributes
                0x00000020       0x10 con_mario.o
 .gnu.attributes
                0x00000030       0x10 con_perf.o
 .gnu.attributes
                0x00000040       0x10 console.o
 .gnu.attributes
                0x00000050       0x10 mod.o

.group          0x00000000        0xc
 .group         0x00000000        0xc con_mario.o

.group          0x00000000        0xc
 .group         0x00000000        0xc con_perf.o

.group          0x00000000        0xc
 .group         0x00000000        0xc con_seq.o

.group          0x00000000        0x8
 .group         0x00000000        0x8 con_seq.o

.group          0x00000000        0x8
 .group         0x00000000        0x8 con_seq.o

.group          0x00000000        0xc
 .group         0x00000000        0xc console.o

.debug
 *(.debug)

.line
 *(.line)

.debug_srcinfo
 *(.debug_srcinfo)

.debug_sfnames
 *(.debug_sfnames)

.debug_aranges  0x00000000      0x520
 *(.debug_aranges)
 .debug_aranges
                0x00000000       0x80 OWR.o
 .debug_aranges
                0x00000080       0x60 common.o
 .debug_aranges
                0x000000e0       0x30 con_mario.o
 .debug_aranges
                0x00000110       0x38 con_perf.o
 .debug_aranges
                0x00000148       0x38 con_seq.o
 .debug_aranges
                0x00000180       0xb0 console.o
 .debug_aranges
                0x00000230       0x38 cxx.o
 .debug_aranges
                0x00000268       0x40 keyboard.o
 .debug_aranges
                0x000002a8       0x58 mod.o
 .debug_aranges
                0x00000300       0x78 patch.o
 .debug_aranges
                0x00000378       0x30 rel.o
 .debug_aranges
                0x000003a8       0x30 ug.o
 .debug_aranges
                0x000003d8       0x20 util.o
 .debug_aranges
                0x000003f8       0x20 gon.o
 .debug_aranges
                0x00000418       0x28 gor_00.o
 .debug_aranges
                0x00000440       0x20 gor_01.o
 .debug_aranges
                0x00000460       0x20 gor_02.o
 .debug_aranges
                0x00000480       0x20 gor_03.o
 .debug_aranges
                0x000004a0       0x20 gor_04.o
 .debug_aranges
                0x000004c0       0x20 gor_misc.o
 .debug_aranges
                0x000004e0       0x20 hei.o
 .debug_aranges
                0x00000500       0x20 nok.o

.debug_pubnames
 *(.debug_pubnames)

.debug_info     0x00000000    0x21ccc
 *(.debug_info)
 .debug_info    0x00000000     0x35be OWR.o
 .debug_info    0x000035be      0xf16 common.o
 .debug_info    0x000044d4     0x2576 con_mario.o
 .debug_info    0x00006a4a     0x2289 con_perf.o
 .debug_info    0x00008cd3     0x21f8 con_seq.o
 .debug_info    0x0000aecb     0x4086 console.o
 .debug_info    0x0000ef51      0x394 cxx.o
 .debug_info    0x0000f2e5      0xfaf keyboard.o
 .debug_info    0x00010294     0x32f9 mod.o
 .debug_info    0x0001358d     0x15c5 patch.o
 .debug_info    0x00014b52       0xf3 rel.o
 .debug_info    0x00014c45      0x8d5 ug.o
 .debug_info    0x0001551a      0x693 util.o
 .debug_info    0x00015bad     0x103d gon.o
 .debug_info    0x00016bea     0x1e98 gor_00.o
 .debug_info    0x00018a82     0x1722 gor_01.o
 .debug_info    0x0001a1a4     0x1846 gor_02.o
 .debug_info    0x0001b9ea     0x16b6 gor_03.o
 .debug_info    0x0001d0a0     0x10b2 gor_04.o
 .debug_info    0x0001e152     0x106c gor_misc.o
 .debug_info    0x0001f1be     0x1120 hei.o
 .debug_info    0x000202de     0x19ee nok.o

.debug_abbrev   0x00000000     0x4aa4
 *(.debug_abbrev)
 .debug_abbrev  0x00000000      0x7b2 OWR.o
 .debug_abbrev  0x000007b2      0x21a common.o
 .debug_abbrev  0x000009cc      0x5ff con_mario.o
 .debug_abbrev  0x00000fcb      0x65d con_perf.o
 .debug_abbrev  0x00001628      0x667 con_seq.o
 .debug_abbrev  0x00001c8f      0x9a8 console.o
 .debug_abbrev  0x00002637      0x170 cxx.o
 .debug_abbrev  0x000027a7      0x36e keyboard.o
 .debug_abbrev  0x00002b15      0x78b mod.o
 .debug_abbrev  0x000032a0      0x2bd patch.o
 .debug_abbrev  0x0000355d       0xeb rel.o
 .debug_abbrev  0x00003648      0x230 ug.o
 .debug_abbrev  0x00003878      0x12d util.o
 .debug_abbrev  0x000039a5      0x15d gon.o
 .debug_abbrev  0x00003b02      0x28f gor_00.o
 .debug_abbrev  0x00003d91      0x20e gor_01.o
 .debug_abbrev  0x00003f9f      0x237 gor_02.o
 .debug_abbrev  0x000041d6      0x20e gor_03.o
 .debug_abbrev  0x000043e4      0x183 gor_04.o
 .debug_abbrev  0x00004567      0x183 gor_misc.o
 .debug_abbrev  0x000046ea      0x183 hei.o
 .debug_abbrev  0x0000486d      0x237 nok.o

.debug_line     0x00000000     0xa14e
 *(.debug_line)
 .debug_line    0x00000000      0xb6b OWR.o
 .debug_line    0x00000b6b      0x39d common.o
 .debug_line    0x00000f08      0x4ce con_mario.o
 .debug_line    0x000013d6      0x725 con_perf.o
 .debug_line    0x00001afb      0x5a2 con_seq.o
 .debug_line    0x0000209d     0x1fdd console.o
 .debug_line    0x0000407a      0x1c9 cxx.o
 .debug_line    0x00004243      0xcb4 keyboard.o
 .debug_line    0x00004ef7      0x732 mod.o
 .debug_line    0x00005629      0x80c patch.o
 .debug_line    0x00005e35      0x226 rel.o
 .debug_line    0x0000605b      0x4ad ug.o
 .debug_line    0x00006508      0x2cc util.o
 .debug_line    0x000067d4      0x2f0 gon.o
 .debug_line    0x00006ac4      0x982 gor_00.o
 .debug_line    0x00007446      0x6f0 gor_01.o
 .debug_line    0x00007b36      0x87d gor_02.o
 .debug_line    0x000083b3      0x8fc gor_03.o
 .debug_line    0x00008caf      0x500 gor_04.o
 .debug_line    0x000091af      0x3c5 gor_misc.o
 .debug_line    0x00009574      0x5c0 hei.o
 .debug_line    0x00009b34      0x61a nok.o

.debug_frame
 *(.debug_frame)

.debug_str      0x00000000    0x21660
 *(.debug_str)
 .debug_str     0x00000000     0x2b47 OWR.o
 .debug_str     0x00002b47     0x13e4 common.o
 .debug_str     0x00003f2b     0x1a59 con_mario.o
 .debug_str     0x00005984     0x16a5 con_perf.o
 .debug_str     0x00007029     0x17a6 con_seq.o
 .debug_str     0x000087cf     0x1a83 console.o
 .debug_str     0x0000a252      0x34e cxx.o
 .debug_str     0x0000a5a0      0x955 keyboard.o
 .debug_str     0x0000aef5     0x2d04 mod.o
 .debug_str     0x0000dbf9      0x6eb patch.o
 .debug_str     0x0000e2e4      0x191 rel.o
 .debug_str     0x0000e475      0x39b ug.o
 .debug_str     0x0000e810      0x3eb util.o
 .debug_str     0x0000ebfb     0x1ce3 gon.o
 .debug_str     0x000108de     0x27fb gor_00.o
 .debug_str     0x000130d9     0x21fe gor_01.o
 .debug_str     0x000152d7     0x23d3 gor_02.o
 .debug_str     0x000176aa     0x22e6 gor_03.o
 .debug_str     0x00019990     0x1d81 gor_04.o
 .debug_str     0x0001b711     0x1d25 gor_misc.o
 .debug_str     0x0001d436     0x1e09 hei.o
 .debug_str     0x0001f23f     0x2421 nok.o

.debug_loc
 *(.debug_loc)

.debug_macinfo
 *(.debug_macinfo)

.debug_weaknames
 *(.debug_weaknames)

.debug_funcnames
 *(.debug_funcnames)

.debug_typenames
 *(.debug_typenames)

.debug_varnames
 *(.debug_varnames)
                0x00000000                        __isIPL = 0x0
                0x000250e0                        __stack_addr = ((((__bss_start + SIZEOF (.bss)) + 0x20000) + 0x7) & 0xfffffffffffffff8)
                0x000050e0                        __stack_end = (__bss_start + SIZEOF (.bss))
                0x000290e0                        __intrstack_addr = (__stack_addr + 0x4000)
                0x000250e0                        __intrstack_end = __stack_addr
                0x000290e0                        __Arena1Lo = ((__intrstack_addr + 0x1f) & 0xffffffffffffffe0)
                0x817feff0                        __Arena1Hi = 0x817feff0
                0x817ff000                        __gxregs = ((__Arena1Hi + 0x1f) & 0xffffffffffffffe0)
                [!provide]                        PROVIDE (__stack = 0x817feff0)
                [!provide]                        PROVIDE (__isIPL = __isIPL)
                [!provide]                        PROVIDE (__stack_addr = __stack_addr)
                [!provide]                        PROVIDE (__stack_end = __stack_end)
                [!provide]                        PROVIDE (__intrstack_addr = __intrstack_addr)
                [!provide]                        PROVIDE (__intrstack_end = __intrstack_end)
                [!provide]                        PROVIDE (__Arena1Lo = __Arena1Lo)
                [!provide]                        PROVIDE (__Arena1Hi = __Arena1Hi)
                [!provide]                        PROVIDE (__gxregs = __gxregs)
LOAD H:/GhidraProjects/TTYDAP/TTYDAP/rel/source/cxx.ld
                0x00004f54                        _ctors_start = ADDR (.ctors)
                0x00004f80                        _ctors_end = (_ctors_start + SIZEOF (.ctors))
                0x00004f80                        _dtors_start = ADDR (.dtors)
                0x00004f80                        _dtors_end = (_dtors_start + SIZEOF (.dtors))
LOAD OWR.o
LOAD common.o
LOAD con_mario.o
LOAD con_perf.o
LOAD con_seq.o
LOAD console.o
LOAD cxx.o
LOAD keyboard.o
LOAD mod.o
LOAD patch.o
LOAD rel.o
LOAD ug.o
LOAD util.o
LOAD gon.o
LOAD gor_00.o
LOAD gor_01.o
LOAD gor_02.o
LOAD gor_03.o
LOAD gor_04.o
LOAD gor_misc.o
LOAD hei.o
LOAD nok.o
LOAD patch_ih.o
LOAD C:/devkitPro/devkitPPC/bin/../lib/gcc/powerpc-eabi/13.1.0\libgcc.a
OUTPUT(H:/GhidraProjects/TTYDAP/TTYDAP/rel/rel.us.elf elf32-powerpc)

.debug_loclists
                0x00000000     0x4630
 .debug_loclists
                0x00000000      0x75d OWR.o
 .debug_loclists
                0x0000075d      0x151 common.o
 .debug_loclists
                0x000008ae       0xa9 con_mario.o
 .debug_loclists
                0x00000957      0x36b con_perf.o
 .debug_loclists
                0x00000cc2       0xf8 con_seq.o
 .debug_loclists
                0x00000dba     0x1cf7 console.o
 .debug_loclists
                0x00002ab1       0x54 cxx.o
 .debug_loclists
                0x00002b05      0x886 keyboard.o
 .debug_loclists
                0x0000338b      0x154 mod.o
 .debug_loclists
                0x000034df      0xc5e patch.o
 .debug_loclists
                0x0000413d      0x2cd ug.o
 .debug_loclists
                0x0000440a       0xd6 util.o
 .debug_loclists
                0x000044e0       0x2a gor_00.o
 .debug_loclists
                0x0000450a       0x2a gor_01.o
 .debug_loclists
                0x00004534       0x2a gor_02.o
 .debug_loclists
                0x0000455e       0x2a gor_03.o
 .debug_loclists
                0x00004588       0x2a gor_04.o
 .debug_loclists
                0x000045b2       0x2a gor_misc.o
 .debug_loclists
                0x000045dc       0x2a hei.o
 .debug_loclists
                0x00004606       0x2a nok.o

.debug_rnglists
                0x00000000     0x132b
 .debug_rnglists
                0x00000000      0x15d OWR.o
 .debug_rnglists
                0x0000015d       0x43 common.o
 .debug_rnglists
                0x000001a0       0x95 con_mario.o
 .debug_rnglists
                0x00000235      0x135 con_perf.o
 .debug_rnglists
                0x0000036a       0xc4 con_seq.o
 .debug_rnglists
                0x0000042e      0x72d console.o
 .debug_rnglists
                0x00000b5b       0x25 cxx.o
 .debug_rnglists
                0x00000b80      0x315 keyboard.o
 .debug_rnglists
                0x00000e95       0xc5 mod.o
 .debug_rnglists
                0x00000f5a      0x23d patch.o
 .debug_rnglists
                0x00001197       0x47 rel.o
 .debug_rnglists
                0x000011de       0x73 ug.o
 .debug_rnglists
                0x00001251       0x21 util.o
 .debug_rnglists
                0x00001272       0x13 gon.o
 .debug_rnglists
                0x00001285       0x1a gor_00.o
 .debug_rnglists
                0x0000129f       0x14 gor_01.o
 .debug_rnglists
                0x000012b3       0x14 gor_02.o
 .debug_rnglists
                0x000012c7       0x14 gor_03.o
 .debug_rnglists
                0x000012db       0x14 gor_04.o
 .debug_rnglists
                0x000012ef       0x14 gor_misc.o
 .debug_rnglists
                0x00001303       0x14 hei.o
 .debug_rnglists
                0x00001317       0x14 nok.o
