Archive member included to satisfy reference by file (symbol)

C:/devkitPro/devkitPPC/bin/../lib/gcc/powerpc-eabi/13.1.0\libgcc.a(_divdi3.o)
                              console.o (__divdi3)

Discarded input sections

 .text          0x00000000        0x0 OWR.o
 .data          0x00000000        0x0 OWR.o
 .bss           0x00000000        0x0 OWR.o
 .text._Z13strcpy_StringPcPKc
                0x00000000        0x4 OWR.o
 .text._ZN3mod3owr3OWR12SequenceInitEv
                0x00000000       0xc8 OWR.o
 .text._ZN3mod3owr3OWR6LZTestEv
                0x00000000       0x48 OWR.o
 .text._ZN3mod3owr3OWR11NewFileInitEv
                0x00000000        0x4 OWR.o
 .text._ZN3mod3owr3OWR14OnModuleLoadedEPN2gc6OSLink12OSModuleInfoE
                0x00000000       0xd0 OWR.o
 .text._ZN3mod3owr3OWR10DrawStringEPKciijf
                0x00000000       0xb0 OWR.o
 .bss._ZN3mod3owr22g_itemEntry_trampolineE
                0x00000000        0x4 OWR.o
 .rodata.cst4   0x00000000        0x4 OWR.o
 .text          0x00000000        0x0 common.o
 .data          0x00000000        0x0 common.o
 .bss           0x00000000        0x0 common.o
 .text._ZN3mod6common14GetCurrentAreaEv
                0x00000000       0x1c common.o
 .text._ZN3mod6common13GetCurrentMapEv
                0x00000000       0x1c common.o
 .text._ZN3mod6common11GetFilenameEv
                0x00000000       0x1c common.o
 .text._ZN3mod6common16GetStorySequenceEv
                0x00000000       0x24 common.o
 .text._ZN3mod6common14GetPitSequenceEv
                0x00000000       0x2c common.o
 .text._ZN3mod6common17GetSavedFlagValueEi
                0x00000000       0x44 common.o
 .text._ZN3mod6common21HasKeyItemInInventoryEs
                0x00000000       0x60 common.o
 .text._ZN3mod6common25GetBattleWindowDataOffsetEv
                0x00000000       0x1c common.o
 .text._ZN3mod6common21GetStatusWindowHeightEv
                0x00000000       0x28 common.o
 .data._ZN3mod6common29kUnknownStatusWindowStructPtrE
                0x00000000        0x4 common.o
 .data._ZN3mod6common10kBattlePtrE
                0x00000000        0x4 common.o
 .data._ZN3mod6common9kPouchPtrE
                0x00000000        0x4 common.o
 .data._ZN3mod6common12kSaveDataPtrE
                0x00000000        0x4 common.o
 .rodata._ZN3mod6common32kUltraHammerChestDespawnIdOffsetE
                0x00000000        0x4 common.o
 .rodata._ZN3mod6common27kObjectCollectionExprOffsetE
                0x00000000        0x4 common.o
 .rodata._ZN3mod6common27kObjectChestScriptPtrOffsetE
                0x00000000        0x4 common.o
 .rodata._ZN3mod6common33kMujModuleFlavioDesiredItemOffsetE
                0x00000000        0x4 common.o
 .rodata._ZN3mod6common36kJinModuleAtomicBooItemGswfSetOffsetE
                0x00000000        0x4 common.o
 .rodata._ZN3mod6common39kJinModuleAtomicBooItemObjectFlagOffsetE
                0x00000000        0x4 common.o
 .rodata._ZN3mod6common32kPitModuleCharlietonChanceOffsetE
                0x00000000        0x4 common.o
 .rodata._ZN3mod6common22kPitModuleNpcArrOffsetE
                0x00000000        0x4 common.o
 .rodata._ZN3mod6common23kSavedWordFlagBaseValueE
                0x00000000        0x4 common.o
 .data._ZN3mod6common20kPiantaParlorItemArrE
                0x00000000        0x4 common.o
 .data._ZN3mod6common21kPitCharlietonItemArrE
                0x00000000        0x4 common.o
 .data._ZN3mod6common12kHowzItemArrE
                0x00000000        0x4 common.o
 .data._ZN3mod6common18kCharlietonItemArrE
                0x00000000        0x4 common.o
 .data._ZN3mod6common14kDazzleItemArrE
                0x00000000        0x4 common.o
 .data._ZN3mod6common20kSuperguardFramesArrE
                0x00000000        0x4 common.o
 .data._ZN3mod6common15kGuardFramesArrE
                0x00000000        0x4 common.o
 .data._ZN3mod6common25kSuperChargePartnerParamsE
                0x00000000        0x4 common.o
 .data._ZN3mod6common18kSuperChargeParamsE
                0x00000000        0x4 common.o
 .data._ZN3mod6common19kPiercingBlowParamsE
                0x00000000        0x4 common.o
 .data._ZN3mod6common18kHammerThrowParamsE
                0x00000000        0x4 common.o
 .data._ZN3mod6common17kKoopaCurseParamsE
                0x00000000        0x4 common.o
 .data._ZN3mod6common15kTradeOffParamsE
                0x00000000        0x4 common.o
 .data._ZN3mod6common17kGulpRecoilParamsE
                0x00000000        0x4 common.o
 .data._ZN3mod6common24kUltraHammerRecoilParamsE
                0x00000000        0x4 common.o
 .data._ZN3mod6common24kSuperHammerRecoilParamsE
                0x00000000        0x4 common.o
 .data._ZN3mod6common8kNextMapE
                0x00000000        0x4 common.o
 .rodata.cst4   0x00000000        0x4 common.o
 .text          0x00000000        0x0 con_mario.o
 .data          0x00000000        0x0 con_mario.o
 .bss           0x00000000        0x0 con_mario.o
 .text          0x00000000        0x0 con_perf.o
 .data          0x00000000        0x0 con_perf.o
 .bss           0x00000000        0x0 con_perf.o
 .text          0x00000000        0x0 con_seq.o
 .data          0x00000000        0x0 con_seq.o
 .bss           0x00000000        0x0 con_seq.o
 .text          0x00000000        0x0 console.o
 .data          0x00000000        0x0 console.o
 .bss           0x00000000        0x0 console.o
 .text._ZN3mod13ConsoleSystem8logDebugEPKcz
                0x00000000       0xbc console.o
 .text._ZN3mod13ConsoleSystem12setMonospaceEb
                0x00000000       0x30 console.o
 .text._ZN3mod13ConsoleSystem14updateUsbGeckoEv
                0x00000000       0x14 console.o
 .text          0x00000000        0x0 cxx.o
 .data          0x00000000        0x0 cxx.o
 .bss           0x00000000        0x0 cxx.o
 .text._ZdlPv   0x00000000        0xc cxx.o
 .text._ZdaPv   0x00000000        0xc cxx.o
 .text          0x00000000        0x0 gor.o
 .data          0x00000000        0x0 gor.o
 .bss           0x00000000        0x0 gor.o
 .text          0x00000000        0x0 keyboard.o
 .data          0x00000000        0x0 keyboard.o
 .bss           0x00000000        0x0 keyboard.o
 .text._ZN3mod8Keyboard10setChannelEi
                0x00000000       0xc4 keyboard.o
 .text._ZN3mod8Keyboard7connectEv
                0x00000000       0x78 keyboard.o
 .text._ZN3mod8Keyboard10disconnectEv
                0x00000000       0x4c keyboard.o
 .text          0x00000000        0x0 mod.o
 .data          0x00000000        0x0 mod.o
 .bss           0x00000000        0x0 mod.o
 .text._ZN3mod3ModC2Ev
                0x00000000       0x9c mod.o
 .text._ZN3mod3Mod11updateEarlyEv
                0x00000000       0x90 mod.o
 .text._ZN3mod3Mod4drawEv
                0x00000000        0x8 mod.o
 .text          0x00000000        0x0 patch.o
 .data          0x00000000        0x0 patch.o
 .bss           0x00000000        0x0 patch.o
 .text._ZN3mod5patch21writeStandardBranchesEPvPFvvES3_
                0x00000000       0x80 patch.o
 .text._ZN3mod5patch15replaceEvtInstrEPit
                0x00000000        0x8 patch.o
 .text._ZN3mod5patch14writeEvtBranchEPiPKib
                0x00000000       0x1c patch.o
 .text._ZN3mod5patch13writeBranchBLEPvS1_
                0x00000000       0x50 patch.o
 .text._ZN3mod5patch15writeBranchMainEPvS1_j
                0x00000000       0x48 patch.o
 .text._ZN3mod5patch10writePatchEPvPKvS3_
                0x00000000       0x7c patch.o
 .text._ZN3mod5patch10writePatchEPvj
                0x00000000       0x6c patch.o
 .text._ZN3mod5patch15writeBranchPairEPvS1_S1_S1_
                0x00000000       0x88 patch.o
 .text._ZN3mod5patch15writeBranchPairEPvS1_S1_
                0x00000000       0x80 patch.o
 .text          0x00000000        0x0 patches_gor1.o
 .data          0x00000000        0x0 patches_gor1.o
 .bss           0x00000000        0x0 patches_gor1.o
 .text          0x00000000        0x0 rel.o
 .data          0x00000000        0x0 rel.o
 .bss           0x00000000        0x0 rel.o
 .text          0x00000000        0x0 ug.o
 .data          0x00000000        0x0 ug.o
 .bss           0x00000000        0x0 ug.o
 .text          0x00000000        0x0 util.o
 .data          0x00000000        0x0 util.o
 .bss           0x00000000        0x0 util.o
 .text          0x00000000       0x7c patch_ih.o
 .data          0x00000000        0x0 patch_ih.o
 .bss           0x00000000        0x0 patch_ih.o
 .text          0x00000000        0x0 C:/devkitPro/devkitPPC/bin/../lib/gcc/powerpc-eabi/13.1.0\libgcc.a(_divdi3.o)
 .data          0x00000000        0x0 C:/devkitPro/devkitPPC/bin/../lib/gcc/powerpc-eabi/13.1.0\libgcc.a(_divdi3.o)
 .bss           0x00000000        0x0 C:/devkitPro/devkitPPC/bin/../lib/gcc/powerpc-eabi/13.1.0\libgcc.a(_divdi3.o)

Memory Configuration

Name             Origin             Length             Attributes
*default*        0x00000000         0xffffffff

Linker script and memory map

                0x80003100                        . = 0x80003100

.init
 *crt0.o(*.init)
 *(.init)

.plt
 *(.plt)

.interp
 *(.interp)

.hash
 *(.hash)

.dynsym
 *(.dynsym)

.dynstr
 *(.dynstr)

.gnu.version
 *(.gnu.version)

.gnu.version_d
 *(.gnu.version_d)

.gnu.version_r
 *(.gnu.version_r)

.rel.init
 *(.rel.init)

.rela.init
 *(.rela.init)

.rel.text
 *(.rel.text .rel.text.* .rel.gnu.linkonce.t.*)

.rela.text
 *(.rela.text .rela.text.* .rela.gnu.linkonce.t.*)

.rel.fini
 *(.rel.fini)

.rela.fini
 *(.rela.fini)

.rel.rodata
 *(.rel.rodata .rel.rodata.* .rel.gnu.linkonce.r.*)

.rela.rodata
 *(.rela.rodata .rela.rodata.* .rela.gnu.linkonce.r.*)

.rel.data
 *(.rel.data .rel.data.* .rel.gnu.linkonce.d.*)

.rela.data
 *(.rela.data .rela.data.* .rela.gnu.linkonce.d.*)

.rel.tdata
 *(.rel.tdata .rel.tdata.* .rel.gnu.linkonce.td.*)

.rela.tdata
 *(.rela.tdata .rela.tdata.* .rela.gnu.linkonce.td.*)

.rel.tbss
 *(.rel.tbss .rel.tbss.* .rel.gnu.linkonce.tb.*)

.rela.tbss
 *(.rela.tbss .rela.tbss.* .rela.gnu.linkonce.tb.*)

.rel.ctors
 *(.rel.ctors)

.rela.ctors
 *(.rela.ctors)

.rel.dtors
 *(.rel.dtors)

.rela.dtors
 *(.rela.dtors)

.rel.got
 *(.rel.got)

.rela.got
 *(.rela.got)

.rela.got1
 *(.rela.got1)

.rela.got2
 *(.rela.got2)

.rel.sdata
 *(.rel.sdata .rel.sdata.* .rel.gnu.linkonce.s.*)

.rela.sdata
 *(.rela.sdata .rela.sdata.* .rela.gnu.linkonce.s.*)

.rel.sbss
 *(.rel.sbss .rel.sbss.* .rel.gnu.linkonce.sb.*)

.rela.sbss
 *(.rela.sbss .rela.sbss.* .rel.gnu.linkonce.sb.*)

.rel.sdata2
 *(.rel.sdata2 .rel.sdata2.* .rel.gnu.linkonce.s2.*)

.rela.sdata2
 *(.rela.sdata2 .rela.sdata2.* .rela.gnu.linkonce.s2.*)

.rel.sbss2
 *(.rel.sbss2 .rel.sbss2.* .rel.gnu.linkonce.sb2.*)

.rela.sbss2
 *(.rela.sbss2 .rela.sbss2.* .rela.gnu.linkonce.sb2.*)

.rel.bss
 *(.rel.bss .rel.bss.* .rel.gnu.linkonce.b.*)

.rela.bss
 *(.rela.bss .rela.bss.* .rela.gnu.linkonce.b.*)

.rel.plt
 *(.rel.plt)

.rela.plt
 *(.rela.plt)

.text           0x80003100     0x3f60
 *(.text)
 *(.text.*)
 .text._ZZN3mod3owr3OWR4InitEvENUlvE_4_FUNEv
                0x80003100       0x10 OWR.o
 .text._ZZN3mod3owr3OWR4InitEvENUlPN2gc6OSLink12OSModuleInfoEPvE_4_FUNES5_S6_
                0x80003110       0xf4 OWR.o
 .text._ZN3mod3owr3OWRC2Ev
                0x80003204        0x4 OWR.o
                0x80003204                _ZN3mod3owr3OWRC1Ev
                0x80003204                _ZN3mod3owr3OWRC2Ev
 .text._ZN3mod3owr3OWR4InitEv
                0x80003208      0x144 OWR.o
                0x80003208                _ZN3mod3owr3OWR4InitEv
 .text._ZN3mod3owr3OWR6UpdateEv
                0x8000334c       0xf4 OWR.o
                0x8000334c                _ZN3mod3owr3OWR6UpdateEv
 .text._ZN3mod3owr3OWR4DrawEv
                0x80003440        0x4 OWR.o
                0x80003440                _ZN3mod3owr3OWR4DrawEv
 .text.startup._GLOBAL__sub_I__Z13strcpy_StringPcPKc
                0x80003444       0x14 OWR.o
 .text._ZN3modL13mod_if_func22Ev
                0x80003458       0x54 con_mario.o
 .text.startup._GLOBAL__sub_I__ZN3mod13mario_set_posE
                0x800034ac       0x88 con_mario.o
 .text._ZN3modL13mod_if_func46Ev
                0x80003534      0x19c con_perf.o
 .text._ZN3modL13mod_if_func29Ev
                0x800036d0       0xbc con_perf.o
 .text.startup._GLOBAL__sub_I__ZN3mod15perf_fake_spikeE
                0x8000378c       0xd4 con_perf.o
 .text._ZZN3modL13mod_if_func16EvENUlPN4ttyd6seqdrv7SeqInfoEE_4_FUNES3_
                0x80003860       0x44 con_seq.o
 .text._ZN3modL13mod_if_func16Ev
                0x800038a4       0x74 con_seq.o
 .text.startup._GLOBAL__sub_I__ZN3mod13seq_logo_skipE
                0x80003918       0x8c con_seq.o
 .text._ZN3mod13ConsoleSystem4initEv
                0x800039a4       0x38 console.o
                0x800039a4                _ZN3mod13ConsoleSystem4initEv
 .text._ZN3mod13ConsoleSystem8logColorEPKcN2gc6color4E
                0x800039dc      0x2a8 console.o
                0x800039dc                _ZN3mod13ConsoleSystem8logColorEPKcN2gc6color4E
 .text._ZN3mod13ConsoleSystem7logInfoEPKcz
                0x80003c84       0xb8 console.o
                0x80003c84                _ZN3mod13ConsoleSystem7logInfoEPKcz
 .text._ZN3mod7CC_findEPKc
                0x80003d3c      0x12c console.o
                0x80003d3c                _ZN3mod7CC_findEPKc
 .text._ZN3mod13ConsoleSystem10logWarningEPKcz
                0x80003e68       0xbc console.o
                0x80003e68                _ZN3mod13ConsoleSystem10logWarningEPKcz
 .text._ZN3mod13ConsoleSystem8logErrorEPKcz
                0x80003f24       0xbc console.o
                0x80003f24                _ZN3mod13ConsoleSystem8logErrorEPKcz
 .text._ZN3mod13ConsoleSystem7overlayEPKcz
                0x80003fe0       0xd0 console.o
                0x80003fe0                _ZN3mod13ConsoleSystem7overlayEPKcz
 .text._ZN3mod13ConsoleSystem8drawLineEiPKcN2gc6color4E
                0x800040b0      0x15c console.o
                0x800040b0                _ZN3mod13ConsoleSystem8drawLineEiPKcN2gc6color4E
 .text._ZN3mod13ConsoleSystem14processCommandEPKc
                0x8000420c      0x288 console.o
                0x8000420c                _ZN3mod13ConsoleSystem14processCommandEPKc
 .text._ZN3mod13ConsoleSystem12updatePromptEv
                0x80004494      0x974 console.o
                0x80004494                _ZN3mod13ConsoleSystem12updatePromptEv
 .text._ZN3mod13ConsoleSystem14updateUsbGeckoEv.part.0
                0x80004e08      0x19c console.o
 .text._ZN3mod13ConsoleSystem6updateEv
                0x80004fa4       0x70 console.o
                0x80004fa4                _ZN3mod13ConsoleSystem6updateEv
 .text._ZN3mod13ConsoleSystem4dispEv
                0x80005014      0x5f0 console.o
                0x80005014                _ZN3mod13ConsoleSystem4dispEv
 .text._ZZN3mod13ConsoleSystem6updateEvENUlN4ttyd7dispdrv8CameraIdEPvE_4_FUNES3_S4_
                0x80005604        0x8 console.o
 .text.startup._GLOBAL__sub_I__ZN3mod10ConCommand6sFirstE
                0x8000560c      0x1ac console.o
 .text._Znwj    0x800057b8        0xc cxx.o
                0x800057b8                _Znwj
 .text._Znaj    0x800057c4        0xc cxx.o
                0x800057c4                _Znaj
 .text._Z15ApplyGorPatchesPN2gc6OSLink12OSModuleInfoE
                0x800057d0      0x550 gor.o
                0x800057d0                _Z15ApplyGorPatchesPN2gc6OSLink12OSModuleInfoE
 .text._ZN3mod8KeyboardC2Ei
                0x80005d20       0x84 keyboard.o
                0x80005d20                _ZN3mod8KeyboardC2Ei
                0x80005d20                _ZN3mod8KeyboardC1Ei
 .text._ZN3mod8Keyboard6updateEv
                0x80005da4      0x59c keyboard.o
                0x80005da4                _ZN3mod8Keyboard6updateEv
 .text._ZZN3mod3Mod4initEvENUlvE0_4_FUNEv
                0x80006340        0x4 mod.o
 .text._ZZN3mod3Mod11updateEarlyEvENUlN4ttyd7dispdrv8CameraIdEPvE_4_FUNES3_S4_
                0x80006344        0x8 mod.o
 .text._ZZN3mod3Mod4initEvENUlvE_4_FUNEv
                0x8000634c       0x94 mod.o
 .text._ZN3mod3Mod4initEv
                0x800063e0       0xfc mod.o
                0x800063e0                _ZN3mod3Mod4initEv
 .text.startup._ZN3mod4mainEv
                0x800064dc       0xa8 mod.o
                0x800064dc                _ZN3mod4mainEv
 .text._ZN3mod5patch17clear_DC_IC_CacheEPvj
                0x80006584       0x40 patch.o
                0x80006584                _ZN3mod5patch17clear_DC_IC_CacheEPvj
 .text._ZN3mod5patch11writeBranchEPvS1_
                0x800065c4       0x4c patch.o
                0x800065c4                _ZN3mod5patch11writeBranchEPvS1_
 .text._ZN3mod5patch10writePatchEPvPKvj
                0x80006610       0x7c patch.o
                0x80006610                _ZN3mod5patch10writePatchEPvPKvj
 .text._Z9DoPatchesPN2gc6OSLink12OSModuleInfoE
                0x8000668c       0x24 patches_gor1.o
                0x8000668c                _Z9DoPatchesPN2gc6OSLink12OSModuleInfoE
 .text._prolog  0x800066b0       0xac rel.o
                0x800066b0                _prolog
 .text._epilog  0x8000675c       0xac rel.o
                0x8000675c                _epilog
 .text._unresolved
                0x80006808        0x4 rel.o
                0x80006808                _unresolved
 .text._ZN3mod7ugProbeEi
                0x8000680c      0x110 ug.o
                0x8000680c                _ZN3mod7ugProbeEi
 .text._ZN3mod6ugSendEiPKvi
                0x8000691c      0x12c ug.o
                0x8000691c                _ZN3mod6ugSendEiPKvi
 .text._ZN3mod6ugRecvEiPvi
                0x80006a48      0x124 ug.o
                0x80006a48                _ZN3mod6ugRecvEiPvi
 .text.strstr   0x80006b6c       0xf0 util.o
                0x80006b6c                strstr
 .text.__divdi3
                0x80006c5c      0x3ec C:/devkitPro/devkitPPC/bin/../lib/gcc/powerpc-eabi/13.1.0\libgcc.a(_divdi3.o)
                0x80006c5c                __divdi3
 *(.gnu.warning)
 *(.gnu.linkonce.t.*)
                0x80007060                        . = ALIGN (0x20)
 *fill*         0x80007048       0x18 00000000

.text._ZN3mod13mario_set_posMUlPKcE_4_FUNES2_
                0x00000000       0x6c
 .text._ZN3mod13mario_set_posMUlPKcE_4_FUNES2_
                0x00000000       0x6c con_mario.o
                0x00000000                _ZN3mod13mario_set_posMUlPKcE_4_FUNES2_
                0x00000000                _ZN3mod13mario_set_posMUlPKcE_4_FUNES1_

.text._ZN3mod15perf_fake_spikeMUlPKcE_4_FUNES2_
                0x00000000       0xa8
 .text._ZN3mod15perf_fake_spikeMUlPKcE_4_FUNES2_
                0x00000000       0xa8 con_perf.o
                0x00000000                _ZN3mod15perf_fake_spikeMUlPKcE_4_FUNES1_
                0x00000000                _ZN3mod15perf_fake_spikeMUlPKcE_4_FUNES2_

.text._ZN3mod14seq_change_mapMUlPKcE_4_FUNES2_
                0x00000000       0xf0
 .text._ZN3mod14seq_change_mapMUlPKcE_4_FUNES2_
                0x00000000       0xf0 con_seq.o
                0x00000000                _ZN3mod14seq_change_mapMUlPKcE_4_FUNES2_
                0x00000000                _ZN3mod14seq_change_mapMUlPKcE_4_FUNES1_

.text._ZN3mod8con_monoMUlPNS_9ConIntVarEiE_4_FUNES2_i
                0x00000000       0x3c
 .text._ZN3mod8con_monoMUlPNS_9ConIntVarEiE_4_FUNES2_i
                0x00000000       0x3c console.o
                0x00000000                _ZN3mod8con_monoMUlPNS_9ConIntVarEiE_4_FUNES1_i
                0x00000000                _ZN3mod8con_monoMUlPNS_9ConIntVarEiE_4_FUNES2_i

.fini           0x0000003c        0x4
 *(.fini)
                0x00000040                        . = ALIGN (0x20)
 *fill*         0x0000003c        0x4 00000000
                [!provide]                        PROVIDE (__etext = .)
                [!provide]                        PROVIDE (_etext = .)
                [!provide]                        PROVIDE (etext = .)

.rodata         0x00000040     0x1a74
 *(.rodata)
 *(.rodata.*)
 .rodata._ZN3mod3owr3OWR6LZTestEv.str1.4
                0x00000040        0x7 OWR.o
 *fill*         0x00000047        0x1 
 .rodata._ZN3mod13mario_set_posMUlPKcE_4_FUNES2_.str1.4
                0x00000048        0x9 con_mario.o
 *fill*         0x00000051        0x3 
 .rodata._ZN3modL13mod_if_func22Ev.str1.4
                0x00000054       0x20 con_mario.o
 .rodata._GLOBAL__sub_I__ZN3mod13mario_set_posE.str1.4
                0x00000074       0x1f con_mario.o
 *fill*         0x00000093        0x1 
 .rodata._ZN3modL13mod_if_func46Ev.str1.4
                0x00000094       0x5e con_perf.o
 *fill*         0x000000f2        0x2 
 .rodata._ZN3mod15perf_fake_spikeMUlPKcE_4_FUNES2_.str1.4
                0x000000f4        0x4 con_perf.o
 .rodata._ZN3modL13mod_if_func29Ev.str1.4
                0x000000f8       0x1c con_perf.o
 .rodata._GLOBAL__sub_I__ZN3mod15perf_fake_spikeE.str1.4
                0x00000114       0x2b con_perf.o
 *fill*         0x0000013f        0x1 
 .rodata.cst4   0x00000140       0x14 con_perf.o
 .rodata._ZN3mod14seq_change_mapMUlPKcE_4_FUNES2_.str1.4
                0x00000154       0x20 con_seq.o
 .rodata._GLOBAL__sub_I__ZN3mod13seq_logo_skipE.str1.4
                0x00000174       0x1f con_seq.o
 *fill*         0x00000193        0x1 
 .rodata._ZN3mod13ConsoleSystem8logColorEPKcN2gc6color4E.str1.4
                0x00000194       0x83 console.o
 *fill*         0x00000217        0x1 
 .rodata._ZN3mod7CC_findEPKc.str1.4
                0x00000218       0x21 console.o
 *fill*         0x00000239        0x3 
 .rodata._ZN3mod13ConsoleSystem14processCommandEPKc.str1.4
                0x0000023c       0x2e console.o
 *fill*         0x0000026a        0x2 
 .rodata._ZN3mod13ConsoleSystem12updatePromptEv
                0x0000026c      0x6c0 console.o
 .rodata._ZN3mod13ConsoleSystem14updateUsbGeckoEv.part.0.str1.4
                0x0000092c       0x75 console.o
 *fill*         0x000009a1        0x3 
 .rodata._ZN3mod13ConsoleSystem4dispEv.str1.4
                0x000009a4       0x16 console.o
 *fill*         0x000009ba        0x2 
 .rodata._GLOBAL__sub_I__ZN3mod10ConCommand6sFirstE.str1.4
                0x000009bc       0x8d console.o
 .rodata._ZZN3mod13ConsoleSystem4dispEvE12kPromptColor
                0x00000a49        0x4 console.o
 *fill*         0x00000a4d        0x3 
 .rodata.cst4   0x00000a50        0x8 console.o
 .rodata._ZL18korutesu_init_hook
                0x00000a58       0x10 gor.o
 .rodata.str1.4
                0x00000a68      0x262 gor.o
 *fill*         0x00000cca        0x2 
 .rodata._ZL17korutesu_init_evt
                0x00000ccc       0x58 gor.o
 .rodata._ZL20suifubomb_b_talk_evt
                0x00000d24       0xf4 gor.o
 .rodata._ZL21suifubomb_b_regl_hook
                0x00000e18       0x10 gor.o
 .rodata._ZL20suifubomb_b_regl_evt
                0x00000e28      0x110 gor.o
 .rodata._ZL20suifubomb_a_talk_evt
                0x00000f38      0x170 gor.o
 .rodata._ZL21suifubomb_a_regl_hook
                0x000010a8       0x10 gor.o
 .rodata._ZL20suifubomb_a_regl_evt
                0x000010b8       0x90 gor.o
 .rodata._ZL21suifubomb_a_init_hook
                0x00001148       0x10 gor.o
 .rodata._ZL20suifubomb_a_init_evt
                0x00001158       0xc8 gor.o
 .rodata._ZL16suifu_b_talk_evt
                0x00001220       0xf4 gor.o
 .rodata._ZL17suifu_b_init_hook
                0x00001314       0x10 gor.o
 .rodata._ZL16suifu_b_init_evt
                0x00001324       0xc8 gor.o
 .rodata._ZL16suifu_a_talk_evt
                0x000013ec       0xf4 gor.o
 .rodata._ZL19odoodo_ani_talk_evt
                0x000014e0       0x20 gor.o
 .rodata._ZL15odoodo_talk_evt
                0x00001500       0xfc gor.o
 .rodata._ZL16odoodo_regl_hook
                0x000015fc       0x10 gor.o
 .rodata._ZL15odoodo_regl_evt
                0x0000160c       0x90 gor.o
 .rodata._ZL15odoodo_init_evt
                0x0000169c       0xb8 gor.o
 .rodata._ZL17garawaru_talk_evt
                0x00001754       0xb8 gor.o
 .rodata._ZL18garawaru_regl_hook
                0x0000180c       0x10 gor.o
 .rodata._ZL17garawaru_regl_evt
                0x0000181c      0x110 gor.o
 .rodata._ZL18garawaru_init_hook
                0x0000192c       0x10 gor.o
 .rodata._ZL17garawaru_init_evt
                0x0000193c      0x140 gor.o
 .rodata.cst4   0x00001a7c        0x4 mod.o
 .rodata.str1.4
                0x00001a80        0x8 patches_gor1.o
 .rodata._ZL11gor_01_init
                0x00001a88       0x2c patches_gor1.o
 *(.gnu.linkonce.r.*)

.rodata1
 *(.rodata1)

.sdata2         0x00001ab4        0x0
                [!provide]                        PROVIDE (_SDA2_BASE_ = .)
 *(.sdata2)
 *(.sdata2.*)
 *(.gnu.linkonce.s2.*)

.sbss2
 *(.sbss2)
 *(.sbss2.*)
 *(.gnu.linkonce.sb2.*)
                0x00001ab4                        . = ALIGN (0x4)
                [!provide]                        PROVIDE (__preinit_array_start = .)

.preinit_array
 *(.preinit_array)
                [!provide]                        PROVIDE (__preinit_array_end = .)
                [!provide]                        PROVIDE (__init_array_start = .)

.init_array
 *(.init_array)
                [!provide]                        PROVIDE (__init_array_end = .)
                [!provide]                        PROVIDE (__fini_array_start = .)

.fini_array
 *(.fini_array)
                [!provide]                        PROVIDE (__fini_array_end = .)

.data           0x00001ab4       0x2c
 *(.data)
 *(.data.*)
 .data.GSWF_ARR_SIZE
                0x00001ab4        0x2 OWR.o
                0x00001ab4                GSWF_ARR_SIZE
 *fill*         0x00001ab6        0x2 
 .data.GSWF_ARR
                0x00001ab8       0x10 OWR.o
                0x00001ab8                GSWF_ARR
 .data._ZN3mod6common12kItemDataArrE
                0x00001ac8        0x4 common.o
                0x00001ac8                _ZN3mod6common12kItemDataArrE
 *(.gnu.linkonce.d.*)
                0x00001ae0                        . = ALIGN (0x20)
 *fill*         0x00001acc       0x14 

.data1
 *(.data1)

.tdata
 *(.tdata .tdata.* .gnu.linkonce.td.*)

.tbss
 *(.tbss .tbss.* .gnu.linkonce.tb.*)
 *(.tcommon)

.eh_frame       0x00001ae0      0xb6c
 *(.eh_frame)
 .eh_frame      0x00001ae0       0xf4 OWR.o
                                0x1e4 (size before relaxing)
 .eh_frame      0x00001bd4        0x0 common.o
                                 0xc8 (size before relaxing)
 .eh_frame      0x00001bd4       0x70 con_mario.o
 .eh_frame      0x00001c44       0xa4 con_perf.o
 .eh_frame      0x00001ce8       0xac con_seq.o
 .eh_frame      0x00001d94      0x46c console.o
                                0x4bc (size before relaxing)
 .eh_frame      0x00002200       0x3c cxx.o
                                 0x64 (size before relaxing)
 .eh_frame      0x0000223c       0x58 gor.o
 .eh_frame      0x00002294       0x84 keyboard.o
                                0x110 (size before relaxing)
 .eh_frame      0x00002318       0xb8 mod.o
                                0x120 (size before relaxing)
 .eh_frame      0x000023d0       0x90 patch.o
                                0x1cc (size before relaxing)
 .eh_frame      0x00002460       0x28 patches_gor1.o
 .eh_frame      0x00002488       0x90 rel.o
 .eh_frame      0x00002518       0xbc ug.o
 .eh_frame      0x000025d4       0x3c util.o
 .eh_frame      0x00002610       0x3c C:/devkitPro/devkitPPC/bin/../lib/gcc/powerpc-eabi/13.1.0\libgcc.a(_divdi3.o)

.gcc_except_table
 *(.gcc_except_table)

.fixup
 *(.fixup)

.got1
 *(.got1)

.got2
 *(.got2)

.dynamic
 *(.dynamic)

.ctors          0x0000264c       0x14
 *crtbegin.o(.ctors)
 *(EXCLUDE_FILE(*crtend.o) .ctors)
 .ctors         0x0000264c        0x4 OWR.o
 .ctors         0x00002650        0x4 con_mario.o
 .ctors         0x00002654        0x4 con_perf.o
 .ctors         0x00002658        0x4 con_seq.o
 .ctors         0x0000265c        0x4 console.o
 *(SORT_BY_NAME(.ctors.*))
 *(.ctors)
                0x00002660                        . = ALIGN (0x20)

.dtors          0x00002660        0x0
 *crtbegin.o(.dtors)
 *(EXCLUDE_FILE(*crtend.o) .dtors)
 *(SORT_BY_NAME(.dtors.*))
 *(.dtors)
                0x00002660                        . = ALIGN (0x20)

.jcr
 *(.jcr)

.got
 *(.got.plt)
 *(.got)

.sdata          0x00002660        0x0
                [!provide]                        PROVIDE (_SDA_BASE_ = .)
 *(.sdata)
 *(.sdata.*)
 *(.gnu.linkonce.s.*)
                0x00002660                        . = ALIGN (0x20)
                0x00002660                        _edata = .
                [!provide]                        PROVIDE (edata = .)

.sbss           0x00002660        0x0
                0x00002660                        __sbss_start = .
                [!provide]                        PROVIDE (__sbss_start = .)
                [!provide]                        PROVIDE (___sbss_start = .)
 *(.dynsbss)
 *(.sbss)
 *(.sbss.*)
 *(.gnu.linkonce.sb.*)
 *(.scommon)
                [!provide]                        PROVIDE (__sbss_end = .)
                [!provide]                        PROVIDE (___sbss_end = .)
                0x00002660                        . = ALIGN (0x20)
                0x00002660                        __sbss_end = .

.bss            0x00002660      0x160
                0x00002660                        __bss_start = .
                [!provide]                        PROVIDE (__bss_start = .)
 *(.dynbss)
 *(.bss)
 *(.bss.*)
 .bss._ZN3mod3owr25g_stg0_00_init_trampolineE
                0x00002660        0x4 OWR.o
                0x00002660                _ZN3mod3owr25g_stg0_00_init_trampolineE
 .bss._ZN3mod3owr19g_OSLink_trampolineE
                0x00002664        0x4 OWR.o
                0x00002664                _ZN3mod3owr19g_OSLink_trampolineE
 .bss._ZN3mod3owr5gSelfE
                0x00002668        0x4 OWR.o
                0x00002668                _ZN3mod3owr5gSelfE
 .bss._ZN3mod3owr7item_dbE
                0x0000266c        0x4 OWR.o
                0x0000266c                _ZN3mod3owr7item_dbE
 .bss._ZN3modL12mod_if_obj22E
                0x00002670        0x8 con_mario.o
 .bss._ZN3mod14mario_show_posE
                0x00002678       0x10 con_mario.o
                0x00002678                _ZN3mod14mario_show_posE
 .bss._ZN3mod13mario_set_posE
                0x00002688        0xc con_mario.o
                0x00002688                _ZN3mod13mario_set_posE
 .bss._ZN3modL12mod_if_obj46E
                0x00002694        0x8 con_perf.o
 .bss._ZN3mod14mem_debug_heapE
                0x0000269c       0x10 con_perf.o
                0x0000269c                _ZN3mod14mem_debug_heapE
 .bss._ZN3modL12mod_if_obj29E
                0x000026ac        0x8 con_perf.o
 .bss._ZN3mod9perf_showE
                0x000026b4       0x10 con_perf.o
                0x000026b4                _ZN3mod9perf_showE
 .bss._ZN3mod15perf_fake_spikeE
                0x000026c4        0xc con_perf.o
                0x000026c4                _ZN3mod15perf_fake_spikeE
 .bss._ZN3mod14seq_change_mapE
                0x000026d0        0xc con_seq.o
                0x000026d0                _ZN3mod14seq_change_mapE
 .bss._ZN3modL12mod_if_obj16E
                0x000026dc        0x8 con_seq.o
 .bss._ZN3mod24gTrampoline_seq_logoMainE
                0x000026e4        0x4 con_seq.o
                0x000026e4                _ZN3mod24gTrampoline_seq_logoMainE
 .bss._ZN3mod13seq_logo_skipE
                0x000026e8       0x10 con_seq.o
                0x000026e8                _ZN3mod13seq_logo_skipE
 .bss._ZN3mod4findE
                0x000026f8        0xc console.o
                0x000026f8                _ZN3mod4findE
 .bss._ZN3mod11con_ug_chanE
                0x00002704       0x10 console.o
                0x00002704                _ZN3mod11con_ug_chanE
 .bss._ZN3mod11con_ug_modeE
                0x00002714       0x10 console.o
                0x00002714                _ZN3mod11con_ug_modeE
 .bss._ZN3mod21con_log_fade_durationE
                0x00002724       0x10 console.o
                0x00002724                _ZN3mod21con_log_fade_durationE
 .bss._ZN3mod18con_log_fade_startE
                0x00002734       0x10 console.o
                0x00002734                _ZN3mod18con_log_fade_startE
 .bss._ZN3mod12con_log_fadeE
                0x00002744       0x10 console.o
                0x00002744                _ZN3mod12con_log_fadeE
 .bss._ZN3mod13con_log_levelE
                0x00002754       0x10 console.o
                0x00002754                _ZN3mod13con_log_levelE
 .bss._ZN3mod11con_rainbowE
                0x00002764       0x10 console.o
                0x00002764                _ZN3mod11con_rainbowE
 .bss._ZN3mod8con_monoE
                0x00002774       0x10 console.o
                0x00002774                _ZN3mod8con_monoE
 .bss._ZN3mod8con_showE
                0x00002784       0x10 console.o
                0x00002784                _ZN3mod8con_showE
 .bss._ZN3mod8gConsoleE
                0x00002794        0x4 console.o
                0x00002794                _ZN3mod8gConsoleE
 .bss._ZN3mod9ConIntVar6sFirstE
                0x00002798        0x4 console.o
                0x00002798                _ZN3mod9ConIntVar6sFirstE
 .bss._ZN3mod10ConCommand6sFirstE
                0x0000279c        0x4 console.o
                0x0000279c                _ZN3mod10ConCommand6sFirstE
 .bss._ZN3mod4gModE
                0x000027a0        0x4 mod.o
                0x000027a0                _ZN3mod4gModE
 .bss._ZN17ModUpdateFunction6sFirstE
                0x000027a4        0x4 mod.o
                0x000027a4                _ZN17ModUpdateFunction6sFirstE
 .bss._ZN15ModInitFunction6sFirstE
                0x000027a8        0x4 mod.o
                0x000027a8                _ZN15ModInitFunction6sFirstE
 *(.gnu.linkonce.b.*)
 *(COMMON)
                0x000027c0                        . = ALIGN (0x20)
 *fill*         0x000027ac       0x14 
                [!provide]                        PROVIDE (__bss_end = .)
                0x000027c0                        __bss_end = .
                0x000027c0                        _end = .
                [!provide]                        PROVIDE (end = .)

.bss._ZZNK3mod14seq_change_mapMUlPKcE_clES2_E8beroName
                0x00000000       0x20
 .bss._ZZNK3mod14seq_change_mapMUlPKcE_clES2_E8beroName
                0x00000000       0x20 con_seq.o
                0x00000000                _ZZNK3mod14seq_change_mapMUlPKcE_clES1_E8beroName
                0x00000000                _ZZNK3mod14seq_change_mapMUlPKcE_clES2_E8beroName

.bss._ZZNK3mod14seq_change_mapMUlPKcE_clES2_E7mapName
                0x00000000       0x20
 .bss._ZZNK3mod14seq_change_mapMUlPKcE_clES2_E7mapName
                0x00000000       0x20 con_seq.o
                0x00000000                _ZZNK3mod14seq_change_mapMUlPKcE_clES2_E7mapName
                0x00000000                _ZZNK3mod14seq_change_mapMUlPKcE_clES1_E7mapName

.stab
 *(.stab)

.stabstr
 *(.stabstr)

.stab.excl
 *(.stab.excl)

.stab.exclstr
 *(.stab.exclstr)

.stab.index
 *(.stab.index)

.stab.indexstr
 *(.stab.indexstr)

.comment        0x00000000      0x240
 *(.comment)
 .comment       0x00000000       0x24 OWR.o
 .comment       0x00000024       0x24 common.o
 .comment       0x00000048       0x24 con_mario.o
 .comment       0x0000006c       0x24 con_perf.o
 .comment       0x00000090       0x24 con_seq.o
 .comment       0x000000b4       0x24 console.o
 .comment       0x000000d8       0x24 cxx.o
 .comment       0x000000fc       0x24 gor.o
 .comment       0x00000120       0x24 keyboard.o
 .comment       0x00000144       0x24 mod.o
 .comment       0x00000168       0x24 patch.o
 .comment       0x0000018c       0x24 patches_gor1.o
 .comment       0x000001b0       0x24 rel.o
 .comment       0x000001d4       0x24 ug.o
 .comment       0x000001f8       0x24 util.o
 .comment       0x0000021c       0x24 C:/devkitPro/devkitPPC/bin/../lib/gcc/powerpc-eabi/13.1.0\libgcc.a(_divdi3.o)

.gnu.attributes
                0x00000000       0x10
 .gnu.attributes
                0x00000000       0x10 OWR.o
 .gnu.attributes
                0x00000010       0x10 common.o
 .gnu.attributes
                0x00000020       0x10 con_mario.o
 .gnu.attributes
                0x00000030       0x10 con_perf.o
 .gnu.attributes
                0x00000040       0x10 console.o
 .gnu.attributes
                0x00000050       0x10 mod.o

.group          0x00000000        0xc
 .group         0x00000000        0xc con_mario.o

.group          0x00000000        0xc
 .group         0x00000000        0xc con_perf.o

.group          0x00000000        0xc
 .group         0x00000000        0xc con_seq.o

.group          0x00000000        0x8
 .group         0x00000000        0x8 con_seq.o

.group          0x00000000        0x8
 .group         0x00000000        0x8 con_seq.o

.group          0x00000000        0xc
 .group         0x00000000        0xc console.o

.debug
 *(.debug)

.line
 *(.line)

.debug_srcinfo
 *(.debug_srcinfo)

.debug_sfnames
 *(.debug_sfnames)

.debug_aranges  0x00000000      0x438
 *(.debug_aranges)
 .debug_aranges
                0x00000000       0x80 OWR.o
 .debug_aranges
                0x00000080       0x60 common.o
 .debug_aranges
                0x000000e0       0x30 con_mario.o
 .debug_aranges
                0x00000110       0x38 con_perf.o
 .debug_aranges
                0x00000148       0x38 con_seq.o
 .debug_aranges
                0x00000180       0xb0 console.o
 .debug_aranges
                0x00000230       0x38 cxx.o
 .debug_aranges
                0x00000268       0x20 gor.o
 .debug_aranges
                0x00000288       0x40 keyboard.o
 .debug_aranges
                0x000002c8       0x58 mod.o
 .debug_aranges
                0x00000320       0x78 patch.o
 .debug_aranges
                0x00000398       0x20 patches_gor1.o
 .debug_aranges
                0x000003b8       0x30 rel.o
 .debug_aranges
                0x000003e8       0x30 ug.o
 .debug_aranges
                0x00000418       0x20 util.o

.debug_pubnames
 *(.debug_pubnames)

.debug_info     0x00000000    0x185a1
 *(.debug_info)
 .debug_info    0x00000000     0x33c9 OWR.o
 .debug_info    0x000033c9      0xf16 common.o
 .debug_info    0x000042df     0x2576 con_mario.o
 .debug_info    0x00006855     0x2289 con_perf.o
 .debug_info    0x00008ade     0x21f8 con_seq.o
 .debug_info    0x0000acd6     0x4086 console.o
 .debug_info    0x0000ed5c      0x394 cxx.o
 .debug_info    0x0000f0f0     0x19bb gor.o
 .debug_info    0x00010aab      0xfaf keyboard.o
 .debug_info    0x00011a5a     0x32f9 mod.o
 .debug_info    0x00014d53     0x15c5 patch.o
 .debug_info    0x00016318     0x122e patches_gor1.o
 .debug_info    0x00017546       0xf3 rel.o
 .debug_info    0x00017639      0x8d5 ug.o
 .debug_info    0x00017f0e      0x693 util.o

.debug_abbrev   0x00000000     0x3e13
 *(.debug_abbrev)
 .debug_abbrev  0x00000000      0x78c OWR.o
 .debug_abbrev  0x0000078c      0x21a common.o
 .debug_abbrev  0x000009a6      0x5ff con_mario.o
 .debug_abbrev  0x00000fa5      0x65d con_perf.o
 .debug_abbrev  0x00001602      0x667 con_seq.o
 .debug_abbrev  0x00001c69      0x9a8 console.o
 .debug_abbrev  0x00002611      0x170 cxx.o
 .debug_abbrev  0x00002781      0x26f gor.o
 .debug_abbrev  0x000029f0      0x36e keyboard.o
 .debug_abbrev  0x00002d5e      0x78b mod.o
 .debug_abbrev  0x000034e9      0x2bd patch.o
 .debug_abbrev  0x000037a6      0x225 patches_gor1.o
 .debug_abbrev  0x000039cb       0xeb rel.o
 .debug_abbrev  0x00003ab6      0x230 ug.o
 .debug_abbrev  0x00003ce6      0x12d util.o

.debug_line     0x00000000     0x72e2
 *(.debug_line)
 .debug_line    0x00000000      0xc41 OWR.o
 .debug_line    0x00000c41      0x39d common.o
 .debug_line    0x00000fde      0x4ce con_mario.o
 .debug_line    0x000014ac      0x725 con_perf.o
 .debug_line    0x00001bd1      0x5a2 con_seq.o
 .debug_line    0x00002173     0x1fdd console.o
 .debug_line    0x00004150      0x1c9 cxx.o
 .debug_line    0x00004319      0x7ee gor.o
 .debug_line    0x00004b07      0xcb4 keyboard.o
 .debug_line    0x000057bb      0x732 mod.o
 .debug_line    0x00005eed      0x80c patch.o
 .debug_line    0x000066f9      0x24a patches_gor1.o
 .debug_line    0x00006943      0x226 rel.o
 .debug_line    0x00006b69      0x4ad ug.o
 .debug_line    0x00007016      0x2cc util.o

.debug_frame
 *(.debug_frame)

.debug_str      0x00000000    0x123c3
 *(.debug_str)
 .debug_str     0x00000000     0x2873 OWR.o
 .debug_str     0x00002873     0x13e4 common.o
 .debug_str     0x00003c57     0x1a59 con_mario.o
 .debug_str     0x000056b0     0x16a5 con_perf.o
 .debug_str     0x00006d55     0x17a6 con_seq.o
 .debug_str     0x000084fb     0x1a83 console.o
 .debug_str     0x00009f7e      0x34e cxx.o
 .debug_str     0x0000a2cc     0x2142 gor.o
 .debug_str     0x0000c40e      0x955 keyboard.o
 .debug_str     0x0000cd63     0x2d04 mod.o
 .debug_str     0x0000fa67      0x6eb patch.o
 .debug_str     0x00010152     0x195a patches_gor1.o
 .debug_str     0x00011aac      0x191 rel.o
 .debug_str     0x00011c3d      0x39b ug.o
 .debug_str     0x00011fd8      0x3eb util.o

.debug_loc
 *(.debug_loc)

.debug_macinfo
 *(.debug_macinfo)

.debug_weaknames
 *(.debug_weaknames)

.debug_funcnames
 *(.debug_funcnames)

.debug_typenames
 *(.debug_typenames)

.debug_varnames
 *(.debug_varnames)
                0x00000000                        __isIPL = 0x0
                0x000227c0                        __stack_addr = ((((__bss_start + SIZEOF (.bss)) + 0x20000) + 0x7) & 0xfffffffffffffff8)
                0x000027c0                        __stack_end = (__bss_start + SIZEOF (.bss))
                0x000267c0                        __intrstack_addr = (__stack_addr + 0x4000)
                0x000227c0                        __intrstack_end = __stack_addr
                0x000267c0                        __Arena1Lo = ((__intrstack_addr + 0x1f) & 0xffffffffffffffe0)
                0x817feff0                        __Arena1Hi = 0x817feff0
                0x817ff000                        __gxregs = ((__Arena1Hi + 0x1f) & 0xffffffffffffffe0)
                [!provide]                        PROVIDE (__stack = 0x817feff0)
                [!provide]                        PROVIDE (__isIPL = __isIPL)
                [!provide]                        PROVIDE (__stack_addr = __stack_addr)
                [!provide]                        PROVIDE (__stack_end = __stack_end)
                [!provide]                        PROVIDE (__intrstack_addr = __intrstack_addr)
                [!provide]                        PROVIDE (__intrstack_end = __intrstack_end)
                [!provide]                        PROVIDE (__Arena1Lo = __Arena1Lo)
                [!provide]                        PROVIDE (__Arena1Hi = __Arena1Hi)
                [!provide]                        PROVIDE (__gxregs = __gxregs)
LOAD H:/GhidraProjects/TTYDAP/TTYDAP/rel/source/cxx.ld
                0x0000264c                        _ctors_start = ADDR (.ctors)
                0x00002660                        _ctors_end = (_ctors_start + SIZEOF (.ctors))
                0x00002660                        _dtors_start = ADDR (.dtors)
                0x00002660                        _dtors_end = (_dtors_start + SIZEOF (.dtors))
LOAD OWR.o
LOAD common.o
LOAD con_mario.o
LOAD con_perf.o
LOAD con_seq.o
LOAD console.o
LOAD cxx.o
LOAD gor.o
LOAD keyboard.o
LOAD mod.o
LOAD patch.o
LOAD patches_gor1.o
LOAD rel.o
LOAD ug.o
LOAD util.o
LOAD patch_ih.o
LOAD C:/devkitPro/devkitPPC/bin/../lib/gcc/powerpc-eabi/13.1.0\libgcc.a
OUTPUT(H:/GhidraProjects/TTYDAP/TTYDAP/rel/rel.us.elf elf32-powerpc)

.debug_loclists
                0x00000000     0x46ea
 .debug_loclists
                0x00000000      0x914 OWR.o
 .debug_loclists
                0x00000914      0x151 common.o
 .debug_loclists
                0x00000a65       0xa9 con_mario.o
 .debug_loclists
                0x00000b0e      0x36b con_perf.o
 .debug_loclists
                0x00000e79       0xf8 con_seq.o
 .debug_loclists
                0x00000f71     0x1cf7 console.o
 .debug_loclists
                0x00002c68       0x54 cxx.o
 .debug_loclists
                0x00002cbc       0x2a gor.o
 .debug_loclists
                0x00002ce6      0x886 keyboard.o
 .debug_loclists
                0x0000356c      0x154 mod.o
 .debug_loclists
                0x000036c0      0xc5e patch.o
 .debug_loclists
                0x0000431e       0x29 patches_gor1.o
 .debug_loclists
                0x00004347      0x2cd ug.o
 .debug_loclists
                0x00004614       0xd6 util.o

.debug_rnglists
                0x00000000     0x12f4
 .debug_rnglists
                0x00000000      0x1b8 OWR.o
 .debug_rnglists
                0x000001b8       0x43 common.o
 .debug_rnglists
                0x000001fb       0x95 con_mario.o
 .debug_rnglists
                0x00000290      0x135 con_perf.o
 .debug_rnglists
                0x000003c5       0xc4 con_seq.o
 .debug_rnglists
                0x00000489      0x72d console.o
 .debug_rnglists
                0x00000bb6       0x25 cxx.o
 .debug_rnglists
                0x00000bdb       0x14 gor.o
 .debug_rnglists
                0x00000bef      0x315 keyboard.o
 .debug_rnglists
                0x00000f04       0xc5 mod.o
 .debug_rnglists
                0x00000fc9      0x23d patch.o
 .debug_rnglists
                0x00001206       0x13 patches_gor1.o
 .debug_rnglists
                0x00001219       0x47 rel.o
 .debug_rnglists
                0x00001260       0x73 ug.o
 .debug_rnglists
                0x000012d3       0x21 util.o
