Archive member included to satisfy reference by file (symbol)

C:/devkitPro/devkitPPC/bin/../lib/gcc/powerpc-eabi/13.1.0\libgcc.a(_divdi3.o)
                              console.o (__divdi3)

Discarded input sections

 .text          0x00000000        0x0 OWR.o
 .data          0x00000000        0x0 OWR.o
 .bss           0x00000000        0x0 OWR.o
 .text._Z13strcpy_StringPcPKc
                0x00000000        0x4 OWR.o
 .text._ZN3mod3owr3OWR6LZTestEv
                0x00000000       0x48 OWR.o
 .text._ZN3mod3owr3OWR11NewFileInitEv
                0x00000000        0x4 OWR.o
 .text._ZN3mod3owr3OWR10DrawStringEPKciijf
                0x00000000       0xb0 OWR.o
 .bss._ZN3mod3owr22g_itemEntry_trampolineE
                0x00000000        0x4 OWR.o
 .rodata.cst4   0x00000000        0x4 OWR.o
 .text          0x00000000        0x0 StateManager.o
 .data          0x00000000        0x0 StateManager.o
 .bss           0x00000000        0x0 StateManager.o
 .debug_line    0x00000000        0x0 StateManager.o
 .debug_str     0x00000000      0x123 StateManager.o
 .comment       0x00000000       0x24 StateManager.o
 .text          0x00000000        0x0 common.o
 .data          0x00000000        0x0 common.o
 .bss           0x00000000        0x0 common.o
 .text._ZN3mod6common14GetCurrentAreaEv
                0x00000000       0x1c common.o
 .text._ZN3mod6common13GetCurrentMapEv
                0x00000000       0x1c common.o
 .text._ZN3mod6common11GetFilenameEv
                0x00000000       0x1c common.o
 .text._ZN3mod6common16GetStorySequenceEv
                0x00000000       0x24 common.o
 .text._ZN3mod6common14GetPitSequenceEv
                0x00000000       0x2c common.o
 .text._ZN3mod6common17GetSavedFlagValueEi
                0x00000000       0x44 common.o
 .text._ZN3mod6common21HasKeyItemInInventoryEs
                0x00000000       0x60 common.o
 .text._ZN3mod6common25GetBattleWindowDataOffsetEv
                0x00000000       0x1c common.o
 .text._ZN3mod6common21GetStatusWindowHeightEv
                0x00000000       0x28 common.o
 .data._ZN3mod6common29kUnknownStatusWindowStructPtrE
                0x00000000        0x4 common.o
 .data._ZN3mod6common10kBattlePtrE
                0x00000000        0x4 common.o
 .data._ZN3mod6common9kPouchPtrE
                0x00000000        0x4 common.o
 .data._ZN3mod6common12kSaveDataPtrE
                0x00000000        0x4 common.o
 .rodata._ZN3mod6common32kUltraHammerChestDespawnIdOffsetE
                0x00000000        0x4 common.o
 .rodata._ZN3mod6common27kObjectCollectionExprOffsetE
                0x00000000        0x4 common.o
 .rodata._ZN3mod6common27kObjectChestScriptPtrOffsetE
                0x00000000        0x4 common.o
 .rodata._ZN3mod6common33kMujModuleFlavioDesiredItemOffsetE
                0x00000000        0x4 common.o
 .rodata._ZN3mod6common36kJinModuleAtomicBooItemGswfSetOffsetE
                0x00000000        0x4 common.o
 .rodata._ZN3mod6common39kJinModuleAtomicBooItemObjectFlagOffsetE
                0x00000000        0x4 common.o
 .rodata._ZN3mod6common32kPitModuleCharlietonChanceOffsetE
                0x00000000        0x4 common.o
 .rodata._ZN3mod6common22kPitModuleNpcArrOffsetE
                0x00000000        0x4 common.o
 .rodata._ZN3mod6common23kSavedWordFlagBaseValueE
                0x00000000        0x4 common.o
 .data._ZN3mod6common20kPiantaParlorItemArrE
                0x00000000        0x4 common.o
 .data._ZN3mod6common21kPitCharlietonItemArrE
                0x00000000        0x4 common.o
 .data._ZN3mod6common12kHowzItemArrE
                0x00000000        0x4 common.o
 .data._ZN3mod6common18kCharlietonItemArrE
                0x00000000        0x4 common.o
 .data._ZN3mod6common14kDazzleItemArrE
                0x00000000        0x4 common.o
 .data._ZN3mod6common20kSuperguardFramesArrE
                0x00000000        0x4 common.o
 .data._ZN3mod6common15kGuardFramesArrE
                0x00000000        0x4 common.o
 .data._ZN3mod6common25kSuperChargePartnerParamsE
                0x00000000        0x4 common.o
 .data._ZN3mod6common18kSuperChargeParamsE
                0x00000000        0x4 common.o
 .data._ZN3mod6common19kPiercingBlowParamsE
                0x00000000        0x4 common.o
 .data._ZN3mod6common18kHammerThrowParamsE
                0x00000000        0x4 common.o
 .data._ZN3mod6common17kKoopaCurseParamsE
                0x00000000        0x4 common.o
 .data._ZN3mod6common15kTradeOffParamsE
                0x00000000        0x4 common.o
 .data._ZN3mod6common17kGulpRecoilParamsE
                0x00000000        0x4 common.o
 .data._ZN3mod6common24kUltraHammerRecoilParamsE
                0x00000000        0x4 common.o
 .data._ZN3mod6common24kSuperHammerRecoilParamsE
                0x00000000        0x4 common.o
 .data._ZN3mod6common8kNextMapE
                0x00000000        0x4 common.o
 .rodata.cst4   0x00000000        0x4 common.o
 .text          0x00000000        0x0 con_mario.o
 .data          0x00000000        0x0 con_mario.o
 .bss           0x00000000        0x0 con_mario.o
 .text          0x00000000        0x0 con_perf.o
 .data          0x00000000        0x0 con_perf.o
 .bss           0x00000000        0x0 con_perf.o
 .text          0x00000000        0x0 con_seq.o
 .data          0x00000000        0x0 con_seq.o
 .bss           0x00000000        0x0 con_seq.o
 .text          0x00000000        0x0 console.o
 .data          0x00000000        0x0 console.o
 .bss           0x00000000        0x0 console.o
 .text._ZN3mod13ConsoleSystem8logDebugEPKcz
                0x00000000       0xbc console.o
 .text._ZN3mod13ConsoleSystem12setMonospaceEb
                0x00000000       0x30 console.o
 .text._ZN3mod13ConsoleSystem14updateUsbGeckoEv
                0x00000000       0x14 console.o
 .text          0x00000000        0x0 cxx.o
 .data          0x00000000        0x0 cxx.o
 .bss           0x00000000        0x0 cxx.o
 .text._ZdlPv   0x00000000        0xc cxx.o
 .text._ZdaPv   0x00000000        0xc cxx.o
 .text          0x00000000        0x0 keyboard.o
 .data          0x00000000        0x0 keyboard.o
 .bss           0x00000000        0x0 keyboard.o
 .text._ZN3mod8Keyboard10setChannelEi
                0x00000000       0xc4 keyboard.o
 .text._ZN3mod8Keyboard7connectEv
                0x00000000       0x78 keyboard.o
 .text._ZN3mod8Keyboard10disconnectEv
                0x00000000       0x4c keyboard.o
 .text          0x00000000        0x0 mod.o
 .data          0x00000000        0x0 mod.o
 .bss           0x00000000        0x0 mod.o
 .text._ZN3mod3ModC2Ev
                0x00000000       0xa0 mod.o
 .text._ZN3mod3Mod11updateEarlyEv
                0x00000000       0x90 mod.o
 .text._ZN3mod3Mod4drawEv
                0x00000000        0x8 mod.o
 .text          0x00000000        0x0 patch.o
 .data          0x00000000        0x0 patch.o
 .bss           0x00000000        0x0 patch.o
 .text._ZN3mod5patch21writeStandardBranchesEPvPFvvES3_
                0x00000000       0x80 patch.o
 .text._ZN3mod5patch15replaceEvtInstrEPit
                0x00000000        0x8 patch.o
 .text._ZN3mod5patch14writeEvtBranchEPiPKib
                0x00000000       0x1c patch.o
 .text._ZN3mod5patch15writeBranchMainEPvS1_j
                0x00000000       0x48 patch.o
 .text._ZN3mod5patch10writePatchEPvPKvS3_
                0x00000000       0x7c patch.o
 .text._ZN3mod5patch10writePatchEPvj
                0x00000000       0x6c patch.o
 .text._ZN3mod5patch15writeBranchPairEPvS1_S1_S1_
                0x00000000       0x88 patch.o
 .text          0x00000000        0x0 rel.o
 .data          0x00000000        0x0 rel.o
 .bss           0x00000000        0x0 rel.o
 .text          0x00000000        0x0 ug.o
 .data          0x00000000        0x0 ug.o
 .bss           0x00000000        0x0 ug.o
 .text          0x00000000        0x0 util.o
 .data          0x00000000        0x0 util.o
 .bss           0x00000000        0x0 util.o
 .text          0x00000000        0x0 aaa.o
 .data          0x00000000        0x0 aaa.o
 .bss           0x00000000        0x0 aaa.o
 .text          0x00000000        0x0 aji.o
 .data          0x00000000        0x0 aji.o
 .bss           0x00000000        0x0 aji.o
 .text          0x00000000        0x0 bom.o
 .data          0x00000000        0x0 bom.o
 .bss           0x00000000        0x0 bom.o
 .text          0x00000000        0x0 dou.o
 .data          0x00000000        0x0 dou.o
 .bss           0x00000000        0x0 dou.o
 .text          0x00000000        0x0 eki.o
 .data          0x00000000        0x0 eki.o
 .bss           0x00000000        0x0 eki.o
 .text          0x00000000        0x0 end.o
 .data          0x00000000        0x0 end.o
 .bss           0x00000000        0x0 end.o
 .text          0x00000000        0x0 gon.o
 .data          0x00000000        0x0 gon.o
 .bss           0x00000000        0x0 gon.o
 .text          0x00000000        0x0 gor_00.o
 .data          0x00000000        0x0 gor_00.o
 .bss           0x00000000        0x0 gor_00.o
 .text          0x00000000        0x0 gor_01.o
 .data          0x00000000        0x0 gor_01.o
 .bss           0x00000000        0x0 gor_01.o
 .text          0x00000000        0x0 gor_02.o
 .data          0x00000000        0x0 gor_02.o
 .bss           0x00000000        0x0 gor_02.o
 .text          0x00000000        0x0 gor_03.o
 .data          0x00000000        0x0 gor_03.o
 .bss           0x00000000        0x0 gor_03.o
 .text          0x00000000        0x0 gor_04.o
 .data          0x00000000        0x0 gor_04.o
 .bss           0x00000000        0x0 gor_04.o
 .text          0x00000000        0x0 gor_misc.o
 .data          0x00000000        0x0 gor_misc.o
 .bss           0x00000000        0x0 gor_misc.o
 .text          0x00000000        0x0 gra.o
 .data          0x00000000        0x0 gra.o
 .bss           0x00000000        0x0 gra.o
 .text          0x00000000        0x0 hei.o
 .data          0x00000000        0x0 hei.o
 .bss           0x00000000        0x0 hei.o
 .text          0x00000000        0x0 hom.o
 .data          0x00000000        0x0 hom.o
 .bss           0x00000000        0x0 hom.o
 .text          0x00000000        0x0 jin.o
 .data          0x00000000        0x0 jin.o
 .bss           0x00000000        0x0 jin.o
 .text          0x00000000        0x0 kpa.o
 .data          0x00000000        0x0 kpa.o
 .bss           0x00000000        0x0 kpa.o
 .text          0x00000000        0x0 las.o
 .data          0x00000000        0x0 las.o
 .bss           0x00000000        0x0 las.o
 .text._Z15ApplyLasPatchesPN2gc6OSLink12OSModuleInfoE
                0x00000000      0x4b4 las.o
 .text          0x00000000        0x0 main.o
 .data          0x00000000        0x0 main.o
 .bss           0x00000000        0x0 main.o
 .text          0x00000000        0x0 moo.o
 .data          0x00000000        0x0 moo.o
 .bss           0x00000000        0x0 moo.o
 .text._Z15ApplyMooPatchesPN2gc6OSLink12OSModuleInfoE
                0x00000000       0xac moo.o
 .rodata._ZL20moo_04_init_evt_hook
                0x00000000       0x28 moo.o
 .rodata._ZL19moo_04_init_evt_evt
                0x00000000      0x144 moo.o
 .text          0x00000000        0x0 mri.o
 .data          0x00000000        0x0 mri.o
 .bss           0x00000000        0x0 mri.o
 .text          0x00000000        0x0 muj.o
 .data          0x00000000        0x0 muj.o
 .bss           0x00000000        0x0 muj.o
 .text          0x00000000        0x0 nok.o
 .data          0x00000000        0x0 nok.o
 .bss           0x00000000        0x0 nok.o
 .text          0x00000000        0x0 pik.o
 .data          0x00000000        0x0 pik.o
 .bss           0x00000000        0x0 pik.o
 .text          0x00000000        0x0 rsh.o
 .data          0x00000000        0x0 rsh.o
 .bss           0x00000000        0x0 rsh.o
 .text          0x00000000        0x0 tik.o
 .data          0x00000000        0x0 tik.o
 .bss           0x00000000        0x0 tik.o
 .text._Z24checkChapterRequirementsPN4ttyd6evtmgr8EvtEntryEb
                0x00000000       0xac tik.o
 .text          0x00000000        0x0 tou.o
 .data          0x00000000        0x0 tou.o
 .bss           0x00000000        0x0 tou.o
 .text          0x00000000        0x0 tou2.o
 .data          0x00000000        0x0 tou2.o
 .bss           0x00000000        0x0 tou2.o
 .text          0x00000000        0x0 usu.o
 .data          0x00000000        0x0 usu.o
 .bss           0x00000000        0x0 usu.o
 .text          0x00000000        0x0 win.o
 .data          0x00000000        0x0 win.o
 .bss           0x00000000        0x0 win.o
 .data          0x00000000        0x0 asm_main.o
 .bss           0x00000000        0x0 asm_main.o
 .text          0x00000000       0x7c patch_ih.o
 .data          0x00000000        0x0 patch_ih.o
 .bss           0x00000000        0x0 patch_ih.o
 .text          0x00000000        0x0 C:/devkitPro/devkitPPC/bin/../lib/gcc/powerpc-eabi/13.1.0\libgcc.a(_divdi3.o)
 .data          0x00000000        0x0 C:/devkitPro/devkitPPC/bin/../lib/gcc/powerpc-eabi/13.1.0\libgcc.a(_divdi3.o)
 .bss           0x00000000        0x0 C:/devkitPro/devkitPPC/bin/../lib/gcc/powerpc-eabi/13.1.0\libgcc.a(_divdi3.o)

Memory Configuration

Name             Origin             Length             Attributes
*default*        0x00000000         0xffffffff

Linker script and memory map

                0x80003100                        . = 0x80003100

.init
 *crt0.o(*.init)
 *(.init)

.plt
 *(.plt)

.interp
 *(.interp)

.hash
 *(.hash)

.dynsym
 *(.dynsym)

.dynstr
 *(.dynstr)

.gnu.version
 *(.gnu.version)

.gnu.version_d
 *(.gnu.version_d)

.gnu.version_r
 *(.gnu.version_r)

.rel.init
 *(.rel.init)

.rela.init
 *(.rela.init)

.rel.text
 *(.rel.text .rel.text.* .rel.gnu.linkonce.t.*)

.rela.text
 *(.rela.text .rela.text.* .rela.gnu.linkonce.t.*)

.rel.fini
 *(.rel.fini)

.rela.fini
 *(.rela.fini)

.rel.rodata
 *(.rel.rodata .rel.rodata.* .rel.gnu.linkonce.r.*)

.rela.rodata
 *(.rela.rodata .rela.rodata.* .rela.gnu.linkonce.r.*)

.rel.data
 *(.rel.data .rel.data.* .rel.gnu.linkonce.d.*)

.rela.data
 *(.rela.data .rela.data.* .rela.gnu.linkonce.d.*)

.rel.tdata
 *(.rel.tdata .rel.tdata.* .rel.gnu.linkonce.td.*)

.rela.tdata
 *(.rela.tdata .rela.tdata.* .rela.gnu.linkonce.td.*)

.rel.tbss
 *(.rel.tbss .rel.tbss.* .rel.gnu.linkonce.tb.*)

.rela.tbss
 *(.rela.tbss .rela.tbss.* .rela.gnu.linkonce.tb.*)

.rel.ctors
 *(.rel.ctors)

.rela.ctors
 *(.rela.ctors)

.rel.dtors
 *(.rel.dtors)

.rela.dtors
 *(.rela.dtors)

.rel.got
 *(.rel.got)

.rela.got
 *(.rela.got)

.rela.got1
 *(.rela.got1)

.rela.got2
 *(.rela.got2)

.rel.sdata
 *(.rel.sdata .rel.sdata.* .rel.gnu.linkonce.s.*)

.rela.sdata
 *(.rela.sdata .rela.sdata.* .rela.gnu.linkonce.s.*)

.rel.sbss
 *(.rel.sbss .rel.sbss.* .rel.gnu.linkonce.sb.*)

.rela.sbss
 *(.rela.sbss .rela.sbss.* .rel.gnu.linkonce.sb.*)

.rel.sdata2
 *(.rel.sdata2 .rel.sdata2.* .rel.gnu.linkonce.s2.*)

.rela.sdata2
 *(.rela.sdata2 .rela.sdata2.* .rela.gnu.linkonce.s2.*)

.rel.sbss2
 *(.rel.sbss2 .rel.sbss2.* .rel.gnu.linkonce.sb2.*)

.rela.sbss2
 *(.rela.sbss2 .rela.sbss2.* .rela.gnu.linkonce.sb2.*)

.rel.bss
 *(.rel.bss .rel.bss.* .rel.gnu.linkonce.b.*)

.rela.bss
 *(.rela.bss .rela.bss.* .rela.gnu.linkonce.b.*)

.rel.plt
 *(.rel.plt)

.rela.plt
 *(.rela.plt)

.text           0x80003100     0xce40
 *(.text)
 .text          0x80003100      0x204 asm_main.o
                0x80003100                bMapGXArrInject
                0x8000310c                bMapGXArrInjectReturn
                0x80003110                bMapGXArrIncrement
                0x80003118                bMapGXArrIncrementReturn
                0x8000311c                bMapGXChSplit
                0x80003128                bMapGXChSplitReturn
                0x8000312c                bWinLogArrInject
                0x80003138                bWinLogArrInjectReturn
                0x8000313c                bWinLogArrIncrement
                0x80003144                bWinLogArrIncrementReturn
                0x80003148                bChapterClearCheck
                0x80003190                bJohoyaSeqAddition
                0x800031c8                bPrintPartyAddErrorFix
                0x80003204                bPrintPartyAddErrorFixReturn
                0x80003208                bPrintPartyErrorFix
                0x80003244                bPrintPartyErrorFixReturn
                0x80003248                win_log_mapGX_arr
 *(.text.*)
 *fill*         0x80003304        0x0 00000000
 .text._ZZN3mod3owr3OWR4InitEvENUlvE_4_FUNEv
                0x80003304       0x10 OWR.o
 .text._ZN3mod3owr3OWRC2Ev
                0x80003314        0xc OWR.o
                0x80003314                _ZN3mod3owr3OWRC1Ev
                0x80003314                _ZN3mod3owr3OWRC2Ev
 .text._ZN3mod3owr3OWR12SequenceInitEv
                0x80003320      0x19c OWR.o
                0x80003320                _ZN3mod3owr3OWR12SequenceInitEv
 .text._ZN3mod3owr3OWR4InitEv
                0x800034bc       0xec OWR.o
                0x800034bc                _ZN3mod3owr3OWR4InitEv
 .text._ZN3mod3owr3OWR6UpdateEv
                0x800035a8       0x4c OWR.o
                0x800035a8                _ZN3mod3owr3OWR6UpdateEv
 .text._ZN3mod3owr3OWR4DrawEv
                0x800035f4        0x4 OWR.o
                0x800035f4                _ZN3mod3owr3OWR4DrawEv
 .text._ZN3mod3owr3OWR14OnModuleLoadedEPN2gc6OSLink12OSModuleInfoE
                0x800035f8       0xd4 OWR.o
                0x800035f8                _ZN3mod3owr3OWR14OnModuleLoadedEPN2gc6OSLink12OSModuleInfoE
 .text._ZZN3mod3owr3OWR4InitEvENUlPN2gc6OSLink12OSModuleInfoEPvE_4_FUNES5_S6_
                0x800036cc       0x84 OWR.o
 .text.startup._GLOBAL__sub_I__Z13strcpy_StringPcPKc
                0x80003750       0x14 OWR.o
 .text._ZN3modL13mod_if_func22Ev
                0x80003764       0x54 con_mario.o
 .text.startup._GLOBAL__sub_I__ZN3mod13mario_set_posE
                0x800037b8       0x88 con_mario.o
 .text._ZN3modL13mod_if_func46Ev
                0x80003840      0x19c con_perf.o
 .text._ZN3modL13mod_if_func29Ev
                0x800039dc       0xbc con_perf.o
 .text.startup._GLOBAL__sub_I__ZN3mod15perf_fake_spikeE
                0x80003a98       0xd4 con_perf.o
 .text._ZZN3modL13mod_if_func16EvENUlPN4ttyd6seqdrv7SeqInfoEE_4_FUNES3_
                0x80003b6c       0x44 con_seq.o
 .text._ZN3modL13mod_if_func16Ev
                0x80003bb0       0x74 con_seq.o
 .text.startup._GLOBAL__sub_I__ZN3mod13seq_logo_skipE
                0x80003c24       0x8c con_seq.o
 .text._ZN3mod13ConsoleSystem4initEv
                0x80003cb0       0x38 console.o
                0x80003cb0                _ZN3mod13ConsoleSystem4initEv
 .text._ZN3mod13ConsoleSystem8logColorEPKcN2gc6color4E
                0x80003ce8      0x2a8 console.o
                0x80003ce8                _ZN3mod13ConsoleSystem8logColorEPKcN2gc6color4E
 .text._ZN3mod13ConsoleSystem7logInfoEPKcz
                0x80003f90       0xb8 console.o
                0x80003f90                _ZN3mod13ConsoleSystem7logInfoEPKcz
 .text._ZN3mod7CC_findEPKc
                0x80004048      0x12c console.o
                0x80004048                _ZN3mod7CC_findEPKc
 .text._ZN3mod13ConsoleSystem10logWarningEPKcz
                0x80004174       0xbc console.o
                0x80004174                _ZN3mod13ConsoleSystem10logWarningEPKcz
 .text._ZN3mod13ConsoleSystem8logErrorEPKcz
                0x80004230       0xbc console.o
                0x80004230                _ZN3mod13ConsoleSystem8logErrorEPKcz
 .text._ZN3mod13ConsoleSystem7overlayEPKcz
                0x800042ec       0xd0 console.o
                0x800042ec                _ZN3mod13ConsoleSystem7overlayEPKcz
 .text._ZN3mod13ConsoleSystem8drawLineEiPKcN2gc6color4E
                0x800043bc      0x15c console.o
                0x800043bc                _ZN3mod13ConsoleSystem8drawLineEiPKcN2gc6color4E
 .text._ZN3mod13ConsoleSystem14processCommandEPKc
                0x80004518      0x288 console.o
                0x80004518                _ZN3mod13ConsoleSystem14processCommandEPKc
 .text._ZN3mod13ConsoleSystem12updatePromptEv
                0x800047a0      0x974 console.o
                0x800047a0                _ZN3mod13ConsoleSystem12updatePromptEv
 .text._ZN3mod13ConsoleSystem14updateUsbGeckoEv.part.0
                0x80005114      0x19c console.o
 .text._ZN3mod13ConsoleSystem6updateEv
                0x800052b0       0x70 console.o
                0x800052b0                _ZN3mod13ConsoleSystem6updateEv
 .text._ZN3mod13ConsoleSystem4dispEv
                0x80005320      0x5f0 console.o
                0x80005320                _ZN3mod13ConsoleSystem4dispEv
 .text._ZZN3mod13ConsoleSystem6updateEvENUlN4ttyd7dispdrv8CameraIdEPvE_4_FUNES3_S4_
                0x80005910        0x8 console.o
 .text.startup._GLOBAL__sub_I__ZN3mod10ConCommand6sFirstE
                0x80005918      0x1ac console.o
 .text._Znwj    0x80005ac4        0xc cxx.o
                0x80005ac4                _Znwj
 .text._Znaj    0x80005ad0        0xc cxx.o
                0x80005ad0                _Znaj
 .text._ZN3mod8KeyboardC2Ei
                0x80005adc       0x84 keyboard.o
                0x80005adc                _ZN3mod8KeyboardC2Ei
                0x80005adc                _ZN3mod8KeyboardC1Ei
 .text._ZN3mod8Keyboard6updateEv
                0x80005b60      0x59c keyboard.o
                0x80005b60                _ZN3mod8Keyboard6updateEv
 .text._ZZN3mod3Mod4initEvENUlvE0_4_FUNEv
                0x800060fc        0x4 mod.o
 .text._ZZN3mod3Mod11updateEarlyEvENUlN4ttyd7dispdrv8CameraIdEPvE_4_FUNES3_S4_
                0x80006100        0x8 mod.o
 .text._ZZN3mod3Mod4initEvENUlvE_4_FUNEv
                0x80006108       0x94 mod.o
 .text._ZN3mod3Mod4initEv
                0x8000619c       0xfc mod.o
                0x8000619c                _ZN3mod3Mod4initEv
 .text.startup._ZN3mod4mainEv
                0x80006298       0xb0 mod.o
                0x80006298                _ZN3mod4mainEv
 .text._ZN3mod5patch17clear_DC_IC_CacheEPvj
                0x80006348       0x40 patch.o
                0x80006348                _ZN3mod5patch17clear_DC_IC_CacheEPvj
 .text._ZN3mod5patch11writeBranchEPvS1_
                0x80006388       0x4c patch.o
                0x80006388                _ZN3mod5patch11writeBranchEPvS1_
 .text._ZN3mod5patch13writeBranchBLEPvS1_
                0x800063d4       0x50 patch.o
                0x800063d4                _ZN3mod5patch13writeBranchBLEPvS1_
 .text._ZN3mod5patch10writePatchEPvPKvj
                0x80006424       0x7c patch.o
                0x80006424                _ZN3mod5patch10writePatchEPvPKvj
 .text._ZN3mod5patch15writeBranchPairEPvS1_S1_
                0x800064a0       0x80 patch.o
                0x800064a0                _ZN3mod5patch15writeBranchPairEPvS1_S1_
 .text._prolog  0x80006520       0xac rel.o
                0x80006520                _prolog
 .text._epilog  0x800065cc       0xac rel.o
                0x800065cc                _epilog
 .text._unresolved
                0x80006678        0x4 rel.o
                0x80006678                _unresolved
 .text._ZN3mod7ugProbeEi
                0x8000667c      0x110 ug.o
                0x8000667c                _ZN3mod7ugProbeEi
 .text._ZN3mod6ugSendEiPKvi
                0x8000678c      0x12c ug.o
                0x8000678c                _ZN3mod6ugSendEiPKvi
 .text._ZN3mod6ugRecvEiPvi
                0x800068b8      0x124 ug.o
                0x800068b8                _ZN3mod6ugRecvEiPvi
 .text.strstr   0x800069dc       0xf0 util.o
                0x800069dc                strstr
 .text._Z15ApplyAaaPatchesPN2gc6OSLink12OSModuleInfoE
                0x80006acc       0x50 aaa.o
                0x80006acc                _Z15ApplyAaaPatchesPN2gc6OSLink12OSModuleInfoE
 .text._Z15ApplyAjiPatchesPN2gc6OSLink12OSModuleInfoE
                0x80006b1c      0x8ac aji.o
                0x80006b1c                _Z15ApplyAjiPatchesPN2gc6OSLink12OSModuleInfoE
 .text._Z15ApplyBomPatchesPN2gc6OSLink12OSModuleInfoE
                0x800073c8      0x32c bom.o
                0x800073c8                _Z15ApplyBomPatchesPN2gc6OSLink12OSModuleInfoE
 .text._Z15ApplyDouPatchesPN2gc6OSLink12OSModuleInfoE
                0x800076f4      0x30c dou.o
                0x800076f4                _Z15ApplyDouPatchesPN2gc6OSLink12OSModuleInfoE
 .text._Z15ApplyEkiPatchesPN2gc6OSLink12OSModuleInfoE
                0x80007a00      0x270 eki.o
                0x80007a00                _Z15ApplyEkiPatchesPN2gc6OSLink12OSModuleInfoE
 .text._Z15ApplyEndPatchesPN2gc6OSLink12OSModuleInfoE
                0x80007c70       0x30 end.o
                0x80007c70                _Z15ApplyEndPatchesPN2gc6OSLink12OSModuleInfoE
 .text._Z15ApplyGonPatchesPN2gc6OSLink12OSModuleInfoE
                0x80007ca0      0x354 gon.o
                0x80007ca0                _Z15ApplyGonPatchesPN2gc6OSLink12OSModuleInfoE
 .text._Z17ApplyGor00PatchesPN2gc6OSLink12OSModuleInfoE
                0x80007ff4      0x624 gor_00.o
                0x80007ff4                _Z17ApplyGor00PatchesPN2gc6OSLink12OSModuleInfoE
 .text.startup._GLOBAL__sub_I__Z17ApplyGor00PatchesPN2gc6OSLink12OSModuleInfoE
                0x80008618       0x14 gor_00.o
 .text._Z17ApplyGor01PatchesPN2gc6OSLink12OSModuleInfoE
                0x8000862c      0x43c gor_01.o
                0x8000862c                _Z17ApplyGor01PatchesPN2gc6OSLink12OSModuleInfoE
 .text._Z17ApplyGor02PatchesPN2gc6OSLink12OSModuleInfoE
                0x80008a68      0x4d8 gor_02.o
                0x80008a68                _Z17ApplyGor02PatchesPN2gc6OSLink12OSModuleInfoE
 .text._Z17ApplyGor03PatchesPN2gc6OSLink12OSModuleInfoE
                0x80008f40      0x4e4 gor_03.o
                0x80008f40                _Z17ApplyGor03PatchesPN2gc6OSLink12OSModuleInfoE
 .text._Z17ApplyGor04PatchesPN2gc6OSLink12OSModuleInfoE
                0x80009424      0x170 gor_04.o
                0x80009424                _Z17ApplyGor04PatchesPN2gc6OSLink12OSModuleInfoE
 .text._Z19ApplyGorMiscPatchesPN2gc6OSLink12OSModuleInfoE
                0x80009594      0x118 gor_misc.o
                0x80009594                _Z19ApplyGorMiscPatchesPN2gc6OSLink12OSModuleInfoE
 .text._Z15ApplyGraPatchesPN2gc6OSLink12OSModuleInfoE
                0x800096ac      0x218 gra.o
                0x800096ac                _Z15ApplyGraPatchesPN2gc6OSLink12OSModuleInfoE
 .text._Z15ApplyHeiPatchesPN2gc6OSLink12OSModuleInfoE
                0x800098c4      0x230 hei.o
                0x800098c4                _Z15ApplyHeiPatchesPN2gc6OSLink12OSModuleInfoE
 .text._Z15ApplyHomPatchesPN2gc6OSLink12OSModuleInfoE
                0x80009af4      0x140 hom.o
                0x80009af4                _Z15ApplyHomPatchesPN2gc6OSLink12OSModuleInfoE
 .text._Z15ApplyJinPatchesPN2gc6OSLink12OSModuleInfoE
                0x80009c34      0x314 jin.o
                0x80009c34                _Z15ApplyJinPatchesPN2gc6OSLink12OSModuleInfoE
 .text._Z15ApplyKpaPatchesPN2gc6OSLink12OSModuleInfoE
                0x80009f48       0xe4 kpa.o
                0x80009f48                _Z15ApplyKpaPatchesPN2gc6OSLink12OSModuleInfoE
 .text._Z24ApplyMainAssemblyPatchesv
                0x8000a02c      0x4d0 main.o
                0x8000a02c                _Z24ApplyMainAssemblyPatchesv
 .text._Z22ApplyMainScriptPatchesv
                0x8000a4fc      0x1e8 main.o
                0x8000a4fc                _Z22ApplyMainScriptPatchesv
 .text._Z15ApplyMriPatchesPN2gc6OSLink12OSModuleInfoE
                0x8000a6e4      0xc14 mri.o
                0x8000a6e4                _Z15ApplyMriPatchesPN2gc6OSLink12OSModuleInfoE
 .text._Z15ApplyMujPatchesPN2gc6OSLink12OSModuleInfoE
                0x8000b2f8      0x998 muj.o
                0x8000b2f8                _Z15ApplyMujPatchesPN2gc6OSLink12OSModuleInfoE
 .text._Z15ApplyNokPatchesPN2gc6OSLink12OSModuleInfoE
                0x8000bc90      0x390 nok.o
                0x8000bc90                _Z15ApplyNokPatchesPN2gc6OSLink12OSModuleInfoE
 .text._Z15ApplyPikPatchesPN2gc6OSLink12OSModuleInfoE
                0x8000c020      0x534 pik.o
                0x8000c020                _Z15ApplyPikPatchesPN2gc6OSLink12OSModuleInfoE
 .text._Z15ApplyRshPatchesPN2gc6OSLink12OSModuleInfoE
                0x8000c554      0xf90 rsh.o
                0x8000c554                _Z15ApplyRshPatchesPN2gc6OSLink12OSModuleInfoE
 .text._Z18checkChapterClearsPN4ttyd6evtmgr8EvtEntryEb
                0x8000d4e4       0x84 tik.o
                0x8000d4e4                _Z18checkChapterClearsPN4ttyd6evtmgr8EvtEntryEb
 .text._Z15ApplyTikPatchesPN2gc6OSLink12OSModuleInfoE
                0x8000d568      0x5c0 tik.o
                0x8000d568                _Z15ApplyTikPatchesPN2gc6OSLink12OSModuleInfoE
 .text._Z15ApplyTouPatchesPN2gc6OSLink12OSModuleInfoE
                0x8000db28     0x1064 tou.o
                0x8000db28                _Z15ApplyTouPatchesPN2gc6OSLink12OSModuleInfoE
 .text._Z16ApplyTou2PatchesPN2gc6OSLink12OSModuleInfoE
                0x8000eb8c      0x384 tou2.o
                0x8000eb8c                _Z16ApplyTou2PatchesPN2gc6OSLink12OSModuleInfoE
 .text._Z15ApplyUsuPatchesPN2gc6OSLink12OSModuleInfoE
                0x8000ef10      0x91c usu.o
                0x8000ef10                _Z15ApplyUsuPatchesPN2gc6OSLink12OSModuleInfoE
 .text._Z15ApplyWinPatchesPN2gc6OSLink12OSModuleInfoE
                0x8000f82c      0x318 win.o
                0x8000f82c                _Z15ApplyWinPatchesPN2gc6OSLink12OSModuleInfoE
 .text.__divdi3
                0x8000fb44      0x3ec C:/devkitPro/devkitPPC/bin/../lib/gcc/powerpc-eabi/13.1.0\libgcc.a(_divdi3.o)
                0x8000fb44                __divdi3
 *(.gnu.warning)
 *(.gnu.linkonce.t.*)
                0x8000ff40                        . = ALIGN (0x20)
 *fill*         0x8000ff30       0x10 00000000

.text._ZN3mod13mario_set_posMUlPKcE_4_FUNES2_
                0x00000000       0x6c
 .text._ZN3mod13mario_set_posMUlPKcE_4_FUNES2_
                0x00000000       0x6c con_mario.o
                0x00000000                _ZN3mod13mario_set_posMUlPKcE_4_FUNES2_
                0x00000000                _ZN3mod13mario_set_posMUlPKcE_4_FUNES1_

.text._ZN3mod15perf_fake_spikeMUlPKcE_4_FUNES2_
                0x00000000       0xa8
 .text._ZN3mod15perf_fake_spikeMUlPKcE_4_FUNES2_
                0x00000000       0xa8 con_perf.o
                0x00000000                _ZN3mod15perf_fake_spikeMUlPKcE_4_FUNES1_
                0x00000000                _ZN3mod15perf_fake_spikeMUlPKcE_4_FUNES2_

.text._ZN3mod14seq_change_mapMUlPKcE_4_FUNES2_
                0x00000000       0xf0
 .text._ZN3mod14seq_change_mapMUlPKcE_4_FUNES2_
                0x00000000       0xf0 con_seq.o
                0x00000000                _ZN3mod14seq_change_mapMUlPKcE_4_FUNES2_
                0x00000000                _ZN3mod14seq_change_mapMUlPKcE_4_FUNES1_

.text._ZN3mod8con_monoMUlPNS_9ConIntVarEiE_4_FUNES2_i
                0x00000000       0x3c
 .text._ZN3mod8con_monoMUlPNS_9ConIntVarEiE_4_FUNES2_i
                0x00000000       0x3c console.o
                0x00000000                _ZN3mod8con_monoMUlPNS_9ConIntVarEiE_4_FUNES1_i
                0x00000000                _ZN3mod8con_monoMUlPNS_9ConIntVarEiE_4_FUNES2_i

.fini           0x0000003c        0x4
 *(.fini)
                0x00000040                        . = ALIGN (0x20)
 *fill*         0x0000003c        0x4 00000000
                [!provide]                        PROVIDE (__etext = .)
                [!provide]                        PROVIDE (_etext = .)
                [!provide]                        PROVIDE (etext = .)

.rodata         0x00000040     0xa358
 *(.rodata)
 *(.rodata.*)
 .rodata._ZN3mod3owr3OWR6LZTestEv.str1.4
                0x00000040        0x7 OWR.o
 *fill*         0x00000047        0x1 
 .rodata._ZN3mod3owr3OWR14OnModuleLoadedEPN2gc6OSLink12OSModuleInfoE
                0x00000048       0x74 OWR.o
 .rodata._ZN3mod13mario_set_posMUlPKcE_4_FUNES2_.str1.4
                0x000000bc        0x9 con_mario.o
 *fill*         0x000000c5        0x3 
 .rodata._ZN3modL13mod_if_func22Ev.str1.4
                0x000000c8       0x20 con_mario.o
 .rodata._GLOBAL__sub_I__ZN3mod13mario_set_posE.str1.4
                0x000000e8       0x1f con_mario.o
 *fill*         0x00000107        0x1 
 .rodata._ZN3modL13mod_if_func46Ev.str1.4
                0x00000108       0x5e con_perf.o
 *fill*         0x00000166        0x2 
 .rodata._ZN3mod15perf_fake_spikeMUlPKcE_4_FUNES2_.str1.4
                0x00000168        0x4 con_perf.o
 .rodata._ZN3modL13mod_if_func29Ev.str1.4
                0x0000016c       0x1c con_perf.o
 .rodata._GLOBAL__sub_I__ZN3mod15perf_fake_spikeE.str1.4
                0x00000188       0x2b con_perf.o
 *fill*         0x000001b3        0x1 
 .rodata.cst4   0x000001b4       0x14 con_perf.o
 .rodata._ZN3mod14seq_change_mapMUlPKcE_4_FUNES2_.str1.4
                0x000001c8       0x20 con_seq.o
 .rodata._GLOBAL__sub_I__ZN3mod13seq_logo_skipE.str1.4
                0x000001e8       0x1f con_seq.o
 *fill*         0x00000207        0x1 
 .rodata._ZN3mod13ConsoleSystem8logColorEPKcN2gc6color4E.str1.4
                0x00000208       0x83 console.o
 *fill*         0x0000028b        0x1 
 .rodata._ZN3mod7CC_findEPKc.str1.4
                0x0000028c       0x21 console.o
 *fill*         0x000002ad        0x3 
 .rodata._ZN3mod13ConsoleSystem14processCommandEPKc.str1.4
                0x000002b0       0x2e console.o
 *fill*         0x000002de        0x2 
 .rodata._ZN3mod13ConsoleSystem12updatePromptEv
                0x000002e0      0x6c0 console.o
 .rodata._ZN3mod13ConsoleSystem14updateUsbGeckoEv.part.0.str1.4
                0x000009a0       0x75 console.o
 *fill*         0x00000a15        0x3 
 .rodata._ZN3mod13ConsoleSystem4dispEv.str1.4
                0x00000a18       0x16 console.o
 *fill*         0x00000a2e        0x2 
 .rodata._GLOBAL__sub_I__ZN3mod10ConCommand6sFirstE.str1.4
                0x00000a30       0x8d console.o
 .rodata._ZZN3mod13ConsoleSystem4dispEvE12kPromptColor
                0x00000abd        0x4 console.o
 *fill*         0x00000ac1        0x3 
 .rodata.cst4   0x00000ac4        0x8 console.o
 .rodata.cst4   0x00000acc        0x4 mod.o
 .rodata._ZL20aji_17_init_evt_hook
                0x00000ad0       0x10 aji.o
 .rodata._ZL19aji_17_init_evt_evt
                0x00000ae0       0x4c aji.o
 .rodata._ZL20aji_10_init_evt_hook
                0x00000b2c       0x10 aji.o
 .rodata.str1.4
                0x00000b3c       0x43 aji.o
 *fill*         0x00000b7f        0x1 
 .rodata._ZL19aji_10_init_evt_evt
                0x00000b80      0x284 aji.o
 .rodata._ZL18teshita3_init_hook
                0x00000e04       0x10 aji.o
 .rodata._ZL17teshita3_init_evt
                0x00000e14       0xc0 aji.o
 .rodata._ZL18teshita2_init_hook
                0x00000ed4       0x10 aji.o
 .rodata._ZL17teshita2_init_evt
                0x00000ee4       0xc0 aji.o
 .rodata._ZL20peach_evt_ele_2_hook
                0x00000fa4       0x24 aji.o
 .rodata._ZL19peach_evt_ele_2_evt
                0x00000fc8       0x6c aji.o
 .rodata._ZL20aji_00_init_evt_hook
                0x00001034       0x10 aji.o
 .rodata._ZL19aji_00_init_evt_evt
                0x00001044       0x5c aji.o
 .rodata._ZL4npc4
                0x000010a0       0x13 aji.o
 *fill*         0x000010b3        0x1 
 .rodata._ZL4npc3
                0x000010b4        0x7 aji.o
 *fill*         0x000010bb        0x1 
 .rodata._ZL4npc2
                0x000010bc        0xf aji.o
 *fill*         0x000010cb        0x1 
 .rodata._ZL4npc1
                0x000010cc        0x7 aji.o
 *fill*         0x000010d3        0x1 
 .rodata._ZL21gor_00_init_evt2_hook
                0x000010d4       0x10 gor_00.o
 .rodata._ZL21gor_00_init_evt1_hook
                0x000010e4       0x10 gor_00.o
 .rodata.str1.4
                0x000010f4      0x2ce gor_00.o
 *fill*         0x000013c2        0x2 
 .rodata._ZL16gor_00_init_evt1
                0x000013c4      0x1f8 gor_00.o
 .rodata._ZL18korutesu_init_hook
                0x000015bc       0x10 gor_00.o
 .rodata._ZL17korutesu_init_evt
                0x000015cc       0x58 gor_00.o
 .rodata._ZL20suifubomb_b_talk_evt
                0x00001624       0xd4 gor_00.o
 .rodata._ZL21suifubomb_b_regl_hook
                0x000016f8       0x10 gor_00.o
 .rodata._ZL20suifubomb_b_regl_evt
                0x00001708      0x120 gor_00.o
 .rodata._ZL20suifubomb_a_talk_evt
                0x00001828      0x150 gor_00.o
 .rodata._ZL21suifubomb_a_regl_hook
                0x00001978       0x10 gor_00.o
 .rodata._ZL20suifubomb_a_regl_evt
                0x00001988       0x90 gor_00.o
 .rodata._ZL21suifubomb_a_init_hook
                0x00001a18       0x10 gor_00.o
 .rodata._ZL20suifubomb_a_init_evt
                0x00001a28       0xc8 gor_00.o
 .rodata._ZL16suifu_b_talk_evt
                0x00001af0       0xd4 gor_00.o
 .rodata._ZL20luigi_npcEnt_00_hook
                0x00001bc4       0x10 gor_00.o
 .rodata._ZL19luigi_npcEnt_00_evt
                0x00001bd4       0x80 gor_00.o
 .rodata._ZL18luigi_init_00_hook
                0x00001c54       0x10 gor_00.o
 .rodata._ZL17luigi_init_00_evt
                0x00001c64       0x50 gor_00.o
 .rodata._ZL16mokorim_init_evt
                0x00001cb4       0x30 gor_00.o
 .rodata._ZL17suifu_b_init_hook
                0x00001ce4       0x10 gor_00.o
 .rodata._ZL16suifu_b_init_evt
                0x00001cf4       0xc8 gor_00.o
 .rodata._ZL17suifu_a_regl_hook
                0x00001dbc       0x10 gor_00.o
 .rodata._ZL16suifu_a_regl_evt
                0x00001dcc       0x80 gor_00.o
 .rodata._ZL16suifu_a_talk_evt
                0x00001e4c       0xd4 gor_00.o
 .rodata._ZL19odoodo_ani_talk_evt
                0x00001f20       0x20 gor_00.o
 .rodata._ZL15odoodo_talk_evt
                0x00001f40      0x128 gor_00.o
 .rodata._ZL16odoodo_regl_hook
                0x00002068       0x10 gor_00.o
 .rodata._ZL15odoodo_regl_evt
                0x00002078       0x94 gor_00.o
 .rodata._ZL15odoodo_init_evt
                0x0000210c      0x114 gor_00.o
 .rodata._ZL17garawaru_talk_evt
                0x00002220       0xb8 gor_00.o
 .rodata._ZL18garawaru_regl_hook
                0x000022d8       0x10 gor_00.o
 .rodata._ZL17garawaru_regl_evt
                0x000022e8      0x120 gor_00.o
 .rodata._ZL18garawaru_init_hook
                0x00002408       0x10 gor_00.o
 .rodata._ZL17garawaru_init_evt
                0x00002418      0x140 gor_00.o
 .rodata._ZL7npcEnt2
                0x00002558        0x9 gor_00.o
 *fill*         0x00002561        0x3 
 .rodata._ZL6npcEnt
                0x00002564        0x9 gor_00.o
 *fill*         0x0000256d        0x3 
 .rodata.str1.4
                0x00002570       0xb2 gor_01.o
 *fill*         0x00002622        0x2 
 .rodata._ZL15bomhei_talk_evt
                0x00002624       0x20 gor_01.o
 .rodata._ZL16chusan2_talk_evt
                0x00002644       0x20 gor_01.o
 .rodata._ZL16chusan1_talk_evt
                0x00002664       0x20 gor_01.o
 .rodata._ZL16kuribo3_talk_evt
                0x00002684       0x20 gor_01.o
 .rodata._ZL16kuribo2_talk_evt
                0x000026a4       0x20 gor_01.o
 .rodata._ZL16kuribo1_talk_evt
                0x000026c4       0x20 gor_01.o
 .rodata._ZL15roten2_talk_evt
                0x000026e4       0x20 gor_01.o
 .rodata._ZL15roten1_talk_evt
                0x00002704       0x20 gor_01.o
 .rodata._ZL19shoptender_talk_evt
                0x00002724       0x20 gor_01.o
 .rodata._ZL15kinoji_talk_evt
                0x00002744       0x20 gor_01.o
 .rodata._ZL19bottakuru_init_hook
                0x00002764       0x10 gor_01.o
 .rodata._ZL18bottakuru_init_evt
                0x00002774       0x70 gor_01.o
 .rodata._ZL18marco_init_01_hook
                0x000027e4       0x10 gor_01.o
 .rodata._ZL17marco_init_01_evt
                0x000027f4       0x40 gor_01.o
 .rodata._ZL20badgemaster_talk_evt
                0x00002834       0x20 gor_01.o
 .rodata._Z17ApplyGor02PatchesPN2gc6OSLink12OSModuleInfoE.str1.4
                0x00002854        0x3 gor_02.o
 *fill*         0x00002857        0x1 
 .rodata.str1.4
                0x00002858      0x14e gor_02.o
 *fill*         0x000029a6        0x2 
 .rodata._ZL19kurihakase_talk_evt
                0x000029a8      0x2cc gor_02.o
 .rodata._ZL21evt_door_02_open_hook
                0x00002c74       0x14 gor_02.o
 .rodata._ZL20evt_door_02_open_evt
                0x00002c88      0x188 gor_02.o
 .rodata._ZL21gor_02_init_evt2_hook
                0x00002e10       0x14 gor_02.o
 .rodata._ZL16gor_02_init_evt2
                0x00002e24       0xcc gor_02.o
 .rodata._ZL21gor_02_init_evt1_hook
                0x00002ef0       0x14 gor_02.o
 .rodata._ZL16gor_02_init_evt1
                0x00002f04      0x138 gor_02.o
 .rodata._ZL16borodo2_talk_evt
                0x0000303c       0x20 gor_02.o
 .rodata._ZL16borodo1_talk_evt
                0x0000305c       0x20 gor_02.o
 .rodata._ZL15roten3_talk_evt
                0x0000307c       0x20 gor_02.o
 .rodata._ZL16chusan3_talk_evt
                0x0000309c       0x20 gor_02.o
 .rodata._ZL16kuribo4_talk_evt
                0x000030bc       0x20 gor_02.o
 .rodata.str1.4
                0x000030dc       0xf9 gor_03.o
 *fill*         0x000031d5        0x3 
 .rodata._ZL16maffia3_talk_evt
                0x000031d8       0x20 gor_03.o
 .rodata._ZL16maffia2_talk_evt
                0x000031f8      0x140 gor_03.o
 .rodata._ZL16maffia1_talk_evt
                0x00003338      0x140 gor_03.o
 .rodata._ZL26maffiaboss_casino_talk_evt
                0x00003478       0x20 gor_03.o
 .rodata._ZL26maffiaboss_talk_common_evt
                0x00003498      0x120 gor_03.o
 .rodata.str1.4
                0x000035b8       0x18 gra.o
 .rodata._ZL17evt_machibuse_evt
                0x000035d0       0x4c gra.o
 .rodata._ZL8doopliss
                0x0000361c        0xb gra.o
 *fill*         0x00003627        0x1 
 .rodata._ZL20mri_09_init_evt_hook
                0x00003628       0x10 mri.o
 .rodata.str1.4
                0x00003638      0x19f mri.o
 *fill*         0x000037d7        0x1 
 .rodata._ZL19mri_09_init_evt_evt
                0x000037d8      0x14c mri.o
 .rodata._ZL20mri_04_init_evt_hook
                0x00003924       0x10 mri.o
 .rodata._ZL19mri_04_init_evt_evt
                0x00003934       0x30 mri.o
 .rodata._ZL16bero_custom_hook
                0x00003964       0x10 mri.o
 .rodata._ZL15bero_custom_evt
                0x00003974       0x44 mri.o
 .rodata._ZL21mri_01_init_evt_hook2
                0x000039b8       0x10 mri.o
 .rodata._ZL19mri_01_init_evt_evt
                0x000039c8       0x30 mri.o
 .rodata._ZL18puniinfo_talk_hook
                0x000039f8       0x10 mri.o
 .rodata._ZL20mri_03_init_evt_hook
                0x00003a08       0x14 mri.o
 .rodata._ZL22mri_03_init_evt_switch
                0x00003a1c       0x9c mri.o
 .rodata._ZL20mri_01_init_evt_hook
                0x00003ab8       0x14 mri.o
 .rodata._ZL22mri_01_init_evt_switch
                0x00003acc       0xb0 mri.o
 .rodata._ZL23mri_sister_init_01_hook
                0x00003b7c       0x10 mri.o
 .rodata._ZL22mri_sister_init_01_evt
                0x00003b8c       0xa8 mri.o
 .rodata._ZL16puni_2_init_hook
                0x00003c34       0x10 mri.o
 .rodata._ZL15puni_2_init_evt
                0x00003c44       0x78 mri.o
 .rodata._ZL16puni_1_talk_hook
                0x00003cbc       0x10 mri.o
 .rodata._ZL15puni_1_talk_evt
                0x00003ccc       0xb0 mri.o
 .rodata._ZL16puni_1_init_hook
                0x00003d7c       0x10 mri.o
 .rodata._ZL15puni_1_init_evt
                0x00003d8c       0x78 mri.o
 .rodata._ZL15elder_talk_hook
                0x00003e04       0x10 mri.o
 .rodata._ZL14elder_talk_evt
                0x00003e14       0xb8 mri.o
 .rodata._ZL22mri_elder_init_01_hook
                0x00003ecc       0x10 mri.o
 .rodata._ZL21mri_elder_init_01_evt
                0x00003edc       0xcc mri.o
 .rodata._ZL22mri_rival_init_01_hook
                0x00003fa8       0x10 mri.o
 .rodata._ZL21mri_rival_init_01_evt
                0x00003fb8       0xa8 mri.o
 .rodata._ZL18guide_init_01_hook
                0x00004060       0x10 mri.o
 .rodata._ZL17guide_init_01_evt
                0x00004070       0x8c mri.o
 .rodata._ZL15guide_talk_hook
                0x000040fc       0x10 mri.o
 .rodata._ZL14guide_talk_evt
                0x0000410c       0x98 mri.o
 .rodata._ZL18guide_init_00_hook
                0x000041a4       0x10 mri.o
 .rodata._ZL17guide_init_00_evt
                0x000041b4      0x150 mri.o
 .rodata._ZL20muj_01_init_evt_hook
                0x00004304       0x14 muj.o
 .rodata._ZL19muj_01_init_evt_evt
                0x00004318       0x50 muj.o
 .rodata._ZL21borosuifu_b_talk_hook
                0x00004368       0x10 muj.o
 .rodata.str1.4
                0x00004378      0x384 muj.o
 .rodata._ZL20borosuifu_b_talk_evt
                0x000046fc       0xf8 muj.o
 .rodata._ZL21borosuifu_a_talk_hook
                0x000047f4       0x10 muj.o
 .rodata._ZL20borosuifu_a_talk_evt
                0x00004804       0xf8 muj.o
 .rodata._ZL24suifu_d_talk_muj_01_hook
                0x000048fc       0x10 muj.o
 .rodata._ZL23suifu_d_talk_muj_01_evt
                0x0000490c       0xf8 muj.o
 .rodata._ZL20suifu_bomb_talk_hook
                0x00004a04       0x10 muj.o
 .rodata._ZL19suifu_bomb_talk_evt
                0x00004a14       0xf4 muj.o
 .rodata._ZL20suifu_bomb_init_hook
                0x00004b08       0x10 muj.o
 .rodata._ZL19suifu_bomb_init_evt
                0x00004b18       0x30 muj.o
 .rodata._ZL24suifu_a_talk_muj_01_hook
                0x00004b48       0x10 muj.o
 .rodata._ZL23suifu_a_talk_muj_01_evt
                0x00004b58       0xf4 muj.o
 .rodata._ZL24suifu_a_init_muj_01_hook
                0x00004c4c       0x10 muj.o
 .rodata._ZL23suifu_a_init_muj_01_evt
                0x00004c5c       0x30 muj.o
 .rodata._ZL23odoodo_init_muj_01_hook
                0x00004c8c       0x10 muj.o
 .rodata._ZL22odoodo_init_muj_01_evt
                0x00004c9c       0x30 muj.o
 .rodata._ZL23megane_init_muj_01_hook
                0x00004ccc       0x10 muj.o
 .rodata._ZL22megane_init_muj_01_evt
                0x00004cdc       0x30 muj.o
 .rodata._ZL22marco_init_muj_01_hook
                0x00004d0c       0x10 muj.o
 .rodata._ZL21marco_init_muj_01_evt
                0x00004d1c       0xcc muj.o
 .rodata._ZL25garawaru_talk_muj_01_hook
                0x00004de8       0x10 muj.o
 .rodata._ZL24garawaru_talk_muj_01_evt
                0x00004df8      0x4b4 muj.o
 .rodata._ZL25garawaru_init_muj_01_hook
                0x000052ac       0x10 muj.o
 .rodata._ZL24garawaru_init_muj_01_evt
                0x000052bc      0x11c muj.o
 .rodata._ZL20muj_00_init_evt_hook
                0x000053d8       0x44 muj.o
 .rodata._ZL21muj_00_init_evt_evt_2
                0x0000541c       0x70 muj.o
 .rodata._ZL19muj_00_init_evt_evt
                0x0000548c       0x40 muj.o
 .rodata._ZL22peton_talk_muj_00_hook
                0x000054cc       0x10 muj.o
 .rodata._ZL21peton_talk_muj_00_evt
                0x000054dc       0x8c muj.o
 .rodata._ZL21mony_talk_muj_00_hook
                0x00005568       0x10 muj.o
 .rodata._ZL20mony_talk_muj_00_evt
                0x00005578       0x8c muj.o
 .rodata._ZL17nokorin_talk_hook
                0x00005604       0x10 nok.o
 .rodata.str1.4
                0x00005614      0x4ee nok.o
 *fill*         0x00005b02        0x2 
 .rodata._ZL16nokorin_talk_evt
                0x00005b04      0x2f4 nok.o
 .rodata._ZL19boss_noko_talk_hook
                0x00005df8       0x10 nok.o
 .rodata._ZL18boss_noko_talk_evt
                0x00005e08      0x164 nok.o
 .rodata._ZL20nokonoko_K_talk_hook
                0x00005f6c       0x10 nok.o
 .rodata._ZL19nokonoko_K_talk_evt
                0x00005f7c       0xd4 nok.o
 .rodata._ZL18nokopapa_talk_hook
                0x00006050       0x10 nok.o
 .rodata._ZL17nokopapa_talk_evt
                0x00006060      0x128 nok.o
 .rodata._ZL16monban_talk_hook
                0x00006188       0x10 nok.o
 .rodata._ZL15monban_talk_evt
                0x00006198      0x11c nok.o
 .rodata._ZL20nokonoko_I_talk_hook
                0x000062b4       0x10 nok.o
 .rodata._ZL19nokonoko_I_talk_evt
                0x000062c4       0xd4 nok.o
 .rodata._ZL20nokonoko_H_talk_hook
                0x00006398       0x10 nok.o
 .rodata._ZL19nokonoko_H_talk_evt
                0x000063a8       0xfc nok.o
 .rodata._ZL20nokonoko_G_talk_hook
                0x000064a4       0x10 nok.o
 .rodata._ZL19nokonoko_G_talk_evt
                0x000064b4       0xd4 nok.o
 .rodata._ZL15talk_white_hook
                0x00006588       0x10 nok.o
 .rodata._ZL14talk_white_evt
                0x00006598       0xa4 nok.o
 .rodata._ZL15init_white_hook
                0x0000663c       0x10 nok.o
 .rodata._ZL14init_white_evt
                0x0000664c       0x44 nok.o
 .rodata._ZL20nokonoko_F_talk_hook
                0x00006690       0x10 nok.o
 .rodata._ZL19nokonoko_F_talk_evt
                0x000066a0       0xd4 nok.o
 .rodata._ZL20nokonoko_D_talk_hook
                0x00006774       0x10 nok.o
 .rodata._ZL19nokonoko_D_talk_evt
                0x00006784       0xfc nok.o
 .rodata._ZL20nokonoko_C_talk_hook
                0x00006880       0x10 nok.o
 .rodata._ZL19nokonoko_C_talk_evt
                0x00006890       0xd4 nok.o
 .rodata._ZL20nokonoko_B_talk_hook
                0x00006964       0x10 nok.o
 .rodata._ZL19nokonoko_B_talk_evt
                0x00006974       0xd4 nok.o
 .rodata._ZL20nokonoko_A_talk_hook
                0x00006a48       0x10 nok.o
 .rodata._ZL19nokonoko_A_talk_evt
                0x00006a58      0x10c nok.o
 .rodata._ZL14evt_daiza_hook
                0x00006b64       0x1c pik.o
 .rodata.str1.4
                0x00006b80      0x142 pik.o
 *fill*         0x00006cc2        0x2 
 .rodata._ZL13evt_daiza_evt
                0x00006cc4       0x5c pik.o
 .rodata._ZL18pik_evt_powan_hook
                0x00006d20       0x28 pik.o
 .rodata._ZL17pik_evt_powan_evt
                0x00006d48       0x80 pik.o
 .rodata._ZL16takun6_talk_hook
                0x00006dc8       0x10 pik.o
 .rodata._ZL15takun6_talk_evt
                0x00006dd8       0x78 pik.o
 .rodata._ZL16takun5_talk_hook
                0x00006e50       0x10 pik.o
 .rodata._ZL15takun5_talk_evt
                0x00006e60       0x78 pik.o
 .rodata._ZL16takun4_talk_hook
                0x00006ed8       0x10 pik.o
 .rodata._ZL15takun4_talk_evt
                0x00006ee8       0xb4 pik.o
 .rodata._ZL18miyageya_talk_hook
                0x00006f9c       0x28 pik.o
 .rodata._ZL17miyageya_talk_evt
                0x00006fc4      0x114 pik.o
 .rodata._ZL27talk_madam_ring_return_hook
                0x000070d8       0x14 rsh.o
 .rodata._ZL26talk_madam_ring_return_evt
                0x000070ec       0x78 rsh.o
 .rodata._ZL16init_konari_hook
                0x00007164       0x14 rsh.o
 .rodata.str1.4
                0x00007178      0x1d5 rsh.o
 *fill*         0x0000734d        0x3 
 .rodata._ZL15init_konari_evt
                0x00007350       0x9c rsh.o
 .rodata._ZL15init_powan_hook
                0x000073ec       0x14 rsh.o
 .rodata._ZL14init_powan_evt
                0x00007400       0xec rsh.o
 .rodata._ZL18talk_waitless_hook
                0x000074ec       0x14 rsh.o
 .rodata._ZL17talk_waitless_evt
                0x00007500       0x78 rsh.o
 .rodata._ZL20rsh_01_init_evt_hook
                0x00007578       0x14 rsh.o
 .rodata._ZL19rsh_01_init_evt_evt
                0x0000758c       0x80 rsh.o
 .rodata._ZL20rsh_00_init_evt_hook
                0x0000760c       0x14 rsh.o
 .rodata._ZL19rsh_00_init_evt_evt
                0x00007620       0xb8 rsh.o
 .rodata._ZL20rsh_04_init_evt_hook
                0x000076d8       0x14 rsh.o
 .rodata._ZL19rsh_04_init_evt_evt
                0x000076ec       0xa4 rsh.o
 .rodata._ZL26rsh_03_init_evt_music_hook
                0x00007790       0x10 rsh.o
 .rodata._ZL21rsh_03_init_evt_music
                0x000077a0      0x1f8 rsh.o
 .rodata._ZL26rsh_02_init_evt_music_hook
                0x00007998       0x10 rsh.o
 .rodata._ZL21rsh_02_init_evt_music
                0x000079a8      0x270 rsh.o
 .rodata._ZL26rsh_01_init_evt_music_hook
                0x00007c18       0x10 rsh.o
 .rodata._ZL21rsh_01_init_evt_music
                0x00007c28      0x1f8 rsh.o
 .rodata._ZL26rsh_00_init_evt_music_hook
                0x00007e20       0x10 rsh.o
 .rodata._ZL21rsh_00_init_evt_music
                0x00007e30      0x1f8 rsh.o
 .rodata._ZL26rsh_04_init_evt_music_hook
                0x00008028       0x10 rsh.o
 .rodata._ZL21rsh_04_init_evt_music
                0x00008038      0x1f8 rsh.o
 .rodata._ZL20rsh_06_init_evt_hook
                0x00008230       0x10 rsh.o
 .rodata._ZL19rsh_06_init_evt_evt
                0x00008240      0x178 rsh.o
 .rodata._ZL21tik_05_init_evt_hook2
                0x000083b8       0x14 tik.o
 .rodata.str1.4
                0x000083cc      0x227 tik.o
 *fill*         0x000085f3        0x1 
 .rodata._ZL20tik_05_init_evt_evt2
                0x000085f4       0xd4 tik.o
 .rodata._ZL24tik_kurihakase_init_hook
                0x000086c8       0x10 tik.o
 .rodata._ZL23tik_kurihakase_init_evt
                0x000086d8       0x7c tik.o
 .rodata._ZL18master_2_talk_hook
                0x00008754       0x10 tik.o
 .rodata._ZL17master_2_talk_evt
                0x00008764      0x180 tik.o
 .rodata._ZL17borodo4_talk_hook
                0x000088e4       0x10 tik.o
 .rodata._ZL16borodo4_talk_evt
                0x000088f4      0x180 tik.o
 .rodata._ZL17borodo3_talk_hook
                0x00008a74       0x10 tik.o
 .rodata._ZL16borodo3_talk_evt
                0x00008a84      0x180 tik.o
 .rodata._ZL17chusan4_talk_hook
                0x00008c04       0x10 tik.o
 .rodata._ZL16chusan4_talk_evt
                0x00008c14      0x180 tik.o
 .rodata._ZL17kuribo5_talk_hook
                0x00008d94       0x10 tik.o
 .rodata._ZL16kuribo5_talk_evt
                0x00008da4      0x180 tik.o
 .rodata._ZL16talk_sakaba_hook
                0x00008f24       0x10 tou.o
 .rodata.str1.4
                0x00008f34       0x28 tou.o
 .rodata._ZL15talk_sakaba_evt
                0x00008f5c       0x84 tou.o
 .rodata._ZL20usu_00_init_evt_hook
                0x00008fe0       0x10 usu.o
 .rodata._ZL19usu_00_init_evt_evt
                0x00008ff0       0x4c usu.o
 .rodata._ZL20shop_woman_talk_hook
                0x0000903c       0x10 usu.o
 .rodata.str1.4
                0x0000904c      0x400 usu.o
 .rodata._ZL19shop_woman_talk_evt
                0x0000944c       0x78 usu.o
 .rodata._ZL18shop_man_talk_hook
                0x000094c4       0x10 usu.o
 .rodata._ZL17shop_man_talk_evt
                0x000094d4       0x78 usu.o
 .rodata._ZL19villagerJ_talk_hook
                0x0000954c       0x10 usu.o
 .rodata._ZL18villagerJ_talk_evt
                0x0000955c      0x104 usu.o
 .rodata._ZL19villagerI_talk_hook
                0x00009660       0x10 usu.o
 .rodata._ZL18villagerI_talk_evt
                0x00009670      0x104 usu.o
 .rodata._ZL19villagerH_talk_hook
                0x00009774       0x10 usu.o
 .rodata._ZL18villagerH_talk_evt
                0x00009784       0xd0 usu.o
 .rodata._ZL19villagerG_talk_hook
                0x00009854       0x10 usu.o
 .rodata._ZL18villagerG_talk_evt
                0x00009864       0xf0 usu.o
 .rodata._ZL19villagerF_talk_hook
                0x00009954       0x10 usu.o
 .rodata._ZL18villagerF_talk_evt
                0x00009964       0xf0 usu.o
 .rodata._ZL19villagerK_talk_hook
                0x00009a54       0x10 usu.o
 .rodata._ZL18villagerK_talk_evt
                0x00009a64      0x130 usu.o
 .rodata._ZL19villagerE_talk_hook
                0x00009b94       0x10 usu.o
 .rodata._ZL18villagerE_talk_evt
                0x00009ba4      0x130 usu.o
 .rodata._ZL19villagerD_talk_hook
                0x00009cd4       0x10 usu.o
 .rodata._ZL18villagerD_talk_evt
                0x00009ce4      0x194 usu.o
 .rodata._ZL19villagerC_talk_hook
                0x00009e78       0x10 usu.o
 .rodata._ZL18villagerC_talk_evt
                0x00009e88       0xfc usu.o
 .rodata._ZL19villagerB_talk_hook
                0x00009f84       0x10 usu.o
 .rodata._ZL18villagerB_talk_evt
                0x00009f94       0xfc usu.o
 .rodata._ZL19villagerA_talk_hook
                0x0000a090       0x10 usu.o
 .rodata._ZL18villagerA_talk_evt
                0x0000a0a0      0x130 usu.o
 .rodata._ZL19villagerA_init_hook
                0x0000a1d0       0x10 usu.o
 .rodata._ZL18villagerA_init_evt
                0x0000a1e0       0x6c usu.o
 .rodata._ZL12usuVillagerA
                0x0000a24c        0x7 usu.o
 *fill*         0x0000a253        0x1 
 .rodata._ZL20win_00_init_evt_hook
                0x0000a254       0x10 win.o
 .rodata._ZL19win_00_init_evt_evt
                0x0000a264       0x30 win.o
 .rodata.str1.4
                0x0000a294       0x14 win.o
 .rodata._ZL16majorin_init_evt
                0x0000a2a8       0x30 win.o
 .rodata._ZL16maririn_init_evt
                0x0000a2d8       0x30 win.o
 .rodata._ZL20win_vivian_init_hook
                0x0000a308       0x10 win.o
 .rodata._ZL19win_vivian_init_evt
                0x0000a318       0x80 win.o
 *(.gnu.linkonce.r.*)

.rodata1
 *(.rodata1)

.sdata2         0x0000a398        0x0
                [!provide]                        PROVIDE (_SDA2_BASE_ = .)
 *(.sdata2)
 *(.sdata2.*)
 *(.gnu.linkonce.s2.*)

.sbss2
 *(.sbss2)
 *(.sbss2.*)
 *(.gnu.linkonce.sb2.*)
                0x0000a398                        . = ALIGN (0x4)
                [!provide]                        PROVIDE (__preinit_array_start = .)

.preinit_array
 *(.preinit_array)
                [!provide]                        PROVIDE (__preinit_array_end = .)
                [!provide]                        PROVIDE (__init_array_start = .)

.init_array
 *(.init_array)
                [!provide]                        PROVIDE (__init_array_end = .)
                [!provide]                        PROVIDE (__fini_array_start = .)

.fini_array
 *(.fini_array)
                [!provide]                        PROVIDE (__fini_array_end = .)

.data           0x0000a398      0x2e8
 *(.data)
 *(.data.*)
 .data.GSWF_ARR_SIZE
                0x0000a398        0x2 OWR.o
                0x0000a398                GSWF_ARR_SIZE
 *fill*         0x0000a39a        0x2 
 .data.GSWF_ARR
                0x0000a39c       0x14 OWR.o
                0x0000a39c                GSWF_ARR
 .data._ZN3mod6common12kItemDataArrE
                0x0000a3b0        0x4 common.o
                0x0000a3b0                _ZN3mod6common12kItemDataArrE
 .data._ZL16gor_00_init_evt2
                0x0000a3b4      0x2bc gor_00.o
 *(.gnu.linkonce.d.*)
                0x0000a680                        . = ALIGN (0x20)
 *fill*         0x0000a670       0x10 

.data1
 *(.data1)

.tdata
 *(.tdata .tdata.* .gnu.linkonce.td.*)

.tbss
 *(.tbss .tbss.* .gnu.linkonce.tb.*)
 *(.tcommon)

.eh_frame       0x0000a680     0x1510
 *(.eh_frame)
 .eh_frame      0x0000a680      0x138 OWR.o
                                0x1c0 (size before relaxing)
 .eh_frame      0x0000a7b8        0x0 common.o
                                 0xc8 (size before relaxing)
 .eh_frame      0x0000a7b8       0x70 con_mario.o
 .eh_frame      0x0000a828       0xa4 con_perf.o
 .eh_frame      0x0000a8cc       0xac con_seq.o
 .eh_frame      0x0000a978      0x46c console.o
                                0x4bc (size before relaxing)
 .eh_frame      0x0000ade4       0x3c cxx.o
                                 0x64 (size before relaxing)
 .eh_frame      0x0000ae20       0x84 keyboard.o
                                0x110 (size before relaxing)
 .eh_frame      0x0000aea4       0xb8 mod.o
                                0x120 (size before relaxing)
 .eh_frame      0x0000af5c       0xd8 patch.o
                                0x1cc (size before relaxing)
 .eh_frame      0x0000b034       0x90 rel.o
 .eh_frame      0x0000b0c4       0xbc ug.o
 .eh_frame      0x0000b180       0x3c util.o
 .eh_frame      0x0000b1bc       0x28 aaa.o
 .eh_frame      0x0000b1e4       0x78 aji.o
 .eh_frame      0x0000b25c       0x40 bom.o
 .eh_frame      0x0000b29c       0x40 dou.o
 .eh_frame      0x0000b2dc       0x3c eki.o
 .eh_frame      0x0000b318       0x28 end.o
 .eh_frame      0x0000b340       0x3c gon.o
 .eh_frame      0x0000b37c       0x7c gor_00.o
 .eh_frame      0x0000b3f8       0x54 gor_01.o
 .eh_frame      0x0000b44c       0x64 gor_02.o
 .eh_frame      0x0000b4b0       0x64 gor_03.o
 .eh_frame      0x0000b514       0x38 gor_04.o
 .eh_frame      0x0000b54c       0x34 gor_misc.o
 .eh_frame      0x0000b580       0x48 gra.o
 .eh_frame      0x0000b5c8       0x3c hei.o
 .eh_frame      0x0000b604       0x38 hom.o
 .eh_frame      0x0000b63c       0x40 jin.o
 .eh_frame      0x0000b67c       0x30 kpa.o
 .eh_frame      0x0000b6ac        0x0 las.o
                                 0x40 (size before relaxing)
 .eh_frame      0x0000b6ac       0x6c main.o
 .eh_frame      0x0000b718        0x0 moo.o
                                 0x30 (size before relaxing)
 .eh_frame      0x0000b718       0x74 mri.o
 .eh_frame      0x0000b78c       0x74 muj.o
 .eh_frame      0x0000b800       0x54 nok.o
 .eh_frame      0x0000b854       0x60 pik.o
 .eh_frame      0x0000b8b4       0x78 rsh.o
 .eh_frame      0x0000b92c       0xa0 tik.o
                                 0xd0 (size before relaxing)
 .eh_frame      0x0000b9cc       0x70 tou.o
 .eh_frame      0x0000ba3c       0x40 tou2.o
 .eh_frame      0x0000ba7c       0x78 usu.o
 .eh_frame      0x0000baf4       0x60 win.o
 .eh_frame      0x0000bb54       0x3c C:/devkitPro/devkitPPC/bin/../lib/gcc/powerpc-eabi/13.1.0\libgcc.a(_divdi3.o)

.gcc_except_table
 *(.gcc_except_table)

.fixup
 *(.fixup)

.got1
 *(.got1)

.got2
 *(.got2)

.dynamic
 *(.dynamic)

.ctors          0x0000bb90       0x30
 *crtbegin.o(.ctors)
 *(EXCLUDE_FILE(*crtend.o) .ctors)
 .ctors         0x0000bb90        0x4 OWR.o
 .ctors         0x0000bb94        0x4 con_mario.o
 .ctors         0x0000bb98        0x4 con_perf.o
 .ctors         0x0000bb9c        0x4 con_seq.o
 .ctors         0x0000bba0        0x4 console.o
 .ctors         0x0000bba4        0x4 gor_00.o
 *(SORT_BY_NAME(.ctors.*))
 *(.ctors)
                0x0000bbc0                        . = ALIGN (0x20)
 *fill*         0x0000bba8       0x18 

.dtors          0x0000bbc0        0x0
 *crtbegin.o(.dtors)
 *(EXCLUDE_FILE(*crtend.o) .dtors)
 *(SORT_BY_NAME(.dtors.*))
 *(.dtors)
                0x0000bbc0                        . = ALIGN (0x20)

.jcr
 *(.jcr)

.got
 *(.got.plt)
 *(.got)

.sdata          0x0000bbc0        0x0
                [!provide]                        PROVIDE (_SDA_BASE_ = .)
 *(.sdata)
 *(.sdata.*)
 *(.gnu.linkonce.s.*)
                0x0000bbc0                        . = ALIGN (0x20)
                0x0000bbc0                        _edata = .
                [!provide]                        PROVIDE (edata = .)

.sbss           0x0000bbc0        0x0
                0x0000bbc0                        __sbss_start = .
                [!provide]                        PROVIDE (__sbss_start = .)
                [!provide]                        PROVIDE (___sbss_start = .)
 *(.dynsbss)
 *(.sbss)
 *(.sbss.*)
 *(.gnu.linkonce.sb.*)
 *(.scommon)
                [!provide]                        PROVIDE (__sbss_end = .)
                [!provide]                        PROVIDE (___sbss_end = .)
                0x0000bbc0                        . = ALIGN (0x20)
                0x0000bbc0                        __sbss_end = .

.bss            0x0000bbc0      0x160
                0x0000bbc0                        __bss_start = .
                [!provide]                        PROVIDE (__bss_start = .)
 *(.dynbss)
 *(.bss)
 *(.bss.*)
 .bss._ZN3mod3owr25g_stg0_00_init_trampolineE
                0x0000bbc0        0x4 OWR.o
                0x0000bbc0                _ZN3mod3owr25g_stg0_00_init_trampolineE
 .bss._ZN3mod3owr19g_OSLink_trampolineE
                0x0000bbc4        0x4 OWR.o
                0x0000bbc4                _ZN3mod3owr19g_OSLink_trampolineE
 .bss._ZN3mod3owr5gSelfE
                0x0000bbc8        0x4 OWR.o
                0x0000bbc8                _ZN3mod3owr5gSelfE
 .bss._ZN3mod3owr7item_dbE
                0x0000bbcc        0x4 OWR.o
                0x0000bbcc                _ZN3mod3owr7item_dbE
 .bss._ZN3modL12mod_if_obj22E
                0x0000bbd0        0x8 con_mario.o
 .bss._ZN3mod14mario_show_posE
                0x0000bbd8       0x10 con_mario.o
                0x0000bbd8                _ZN3mod14mario_show_posE
 .bss._ZN3mod13mario_set_posE
                0x0000bbe8        0xc con_mario.o
                0x0000bbe8                _ZN3mod13mario_set_posE
 .bss._ZN3modL12mod_if_obj46E
                0x0000bbf4        0x8 con_perf.o
 .bss._ZN3mod14mem_debug_heapE
                0x0000bbfc       0x10 con_perf.o
                0x0000bbfc                _ZN3mod14mem_debug_heapE
 .bss._ZN3modL12mod_if_obj29E
                0x0000bc0c        0x8 con_perf.o
 .bss._ZN3mod9perf_showE
                0x0000bc14       0x10 con_perf.o
                0x0000bc14                _ZN3mod9perf_showE
 .bss._ZN3mod15perf_fake_spikeE
                0x0000bc24        0xc con_perf.o
                0x0000bc24                _ZN3mod15perf_fake_spikeE
 .bss._ZN3mod14seq_change_mapE
                0x0000bc30        0xc con_seq.o
                0x0000bc30                _ZN3mod14seq_change_mapE
 .bss._ZN3modL12mod_if_obj16E
                0x0000bc3c        0x8 con_seq.o
 .bss._ZN3mod24gTrampoline_seq_logoMainE
                0x0000bc44        0x4 con_seq.o
                0x0000bc44                _ZN3mod24gTrampoline_seq_logoMainE
 .bss._ZN3mod13seq_logo_skipE
                0x0000bc48       0x10 con_seq.o
                0x0000bc48                _ZN3mod13seq_logo_skipE
 .bss._ZN3mod4findE
                0x0000bc58        0xc console.o
                0x0000bc58                _ZN3mod4findE
 .bss._ZN3mod11con_ug_chanE
                0x0000bc64       0x10 console.o
                0x0000bc64                _ZN3mod11con_ug_chanE
 .bss._ZN3mod11con_ug_modeE
                0x0000bc74       0x10 console.o
                0x0000bc74                _ZN3mod11con_ug_modeE
 .bss._ZN3mod21con_log_fade_durationE
                0x0000bc84       0x10 console.o
                0x0000bc84                _ZN3mod21con_log_fade_durationE
 .bss._ZN3mod18con_log_fade_startE
                0x0000bc94       0x10 console.o
                0x0000bc94                _ZN3mod18con_log_fade_startE
 .bss._ZN3mod12con_log_fadeE
                0x0000bca4       0x10 console.o
                0x0000bca4                _ZN3mod12con_log_fadeE
 .bss._ZN3mod13con_log_levelE
                0x0000bcb4       0x10 console.o
                0x0000bcb4                _ZN3mod13con_log_levelE
 .bss._ZN3mod11con_rainbowE
                0x0000bcc4       0x10 console.o
                0x0000bcc4                _ZN3mod11con_rainbowE
 .bss._ZN3mod8con_monoE
                0x0000bcd4       0x10 console.o
                0x0000bcd4                _ZN3mod8con_monoE
 .bss._ZN3mod8con_showE
                0x0000bce4       0x10 console.o
                0x0000bce4                _ZN3mod8con_showE
 .bss._ZN3mod8gConsoleE
                0x0000bcf4        0x4 console.o
                0x0000bcf4                _ZN3mod8gConsoleE
 .bss._ZN3mod9ConIntVar6sFirstE
                0x0000bcf8        0x4 console.o
                0x0000bcf8                _ZN3mod9ConIntVar6sFirstE
 .bss._ZN3mod10ConCommand6sFirstE
                0x0000bcfc        0x4 console.o
                0x0000bcfc                _ZN3mod10ConCommand6sFirstE
 .bss._ZN3mod4gModE
                0x0000bd00        0x4 mod.o
                0x0000bd00                _ZN3mod4gModE
 .bss._ZN17ModUpdateFunction6sFirstE
                0x0000bd04        0x4 mod.o
                0x0000bd04                _ZN17ModUpdateFunction6sFirstE
 .bss._ZN15ModInitFunction6sFirstE
                0x0000bd08        0x4 mod.o
                0x0000bd08                _ZN15ModInitFunction6sFirstE
 *(.gnu.linkonce.b.*)
 *(COMMON)
                0x0000bd20                        . = ALIGN (0x20)
 *fill*         0x0000bd0c       0x14 
                [!provide]                        PROVIDE (__bss_end = .)
                0x0000bd20                        __bss_end = .
                0x0000bd20                        _end = .
                [!provide]                        PROVIDE (end = .)

.bss._ZZNK3mod14seq_change_mapMUlPKcE_clES2_E8beroName
                0x00000000       0x20
 .bss._ZZNK3mod14seq_change_mapMUlPKcE_clES2_E8beroName
                0x00000000       0x20 con_seq.o
                0x00000000                _ZZNK3mod14seq_change_mapMUlPKcE_clES1_E8beroName
                0x00000000                _ZZNK3mod14seq_change_mapMUlPKcE_clES2_E8beroName

.bss._ZZNK3mod14seq_change_mapMUlPKcE_clES2_E7mapName
                0x00000000       0x20
 .bss._ZZNK3mod14seq_change_mapMUlPKcE_clES2_E7mapName
                0x00000000       0x20 con_seq.o
                0x00000000                _ZZNK3mod14seq_change_mapMUlPKcE_clES2_E7mapName
                0x00000000                _ZZNK3mod14seq_change_mapMUlPKcE_clES1_E7mapName

.stab
 *(.stab)

.stabstr
 *(.stabstr)

.stab.excl
 *(.stab.excl)

.stab.exclstr
 *(.stab.exclstr)

.stab.index
 *(.stab.index)

.stab.indexstr
 *(.stab.indexstr)

.comment        0x00000000      0x654
 *(.comment)
 .comment       0x00000000       0x24 OWR.o
 .comment       0x00000024       0x24 common.o
 .comment       0x00000048       0x24 con_mario.o
 .comment       0x0000006c       0x24 con_perf.o
 .comment       0x00000090       0x24 con_seq.o
 .comment       0x000000b4       0x24 console.o
 .comment       0x000000d8       0x24 cxx.o
 .comment       0x000000fc       0x24 keyboard.o
 .comment       0x00000120       0x24 mod.o
 .comment       0x00000144       0x24 patch.o
 .comment       0x00000168       0x24 rel.o
 .comment       0x0000018c       0x24 ug.o
 .comment       0x000001b0       0x24 util.o
 .comment       0x000001d4       0x24 aaa.o
 .comment       0x000001f8       0x24 aji.o
 .comment       0x0000021c       0x24 bom.o
 .comment       0x00000240       0x24 dou.o
 .comment       0x00000264       0x24 eki.o
 .comment       0x00000288       0x24 end.o
 .comment       0x000002ac       0x24 gon.o
 .comment       0x000002d0       0x24 gor_00.o
 .comment       0x000002f4       0x24 gor_01.o
 .comment       0x00000318       0x24 gor_02.o
 .comment       0x0000033c       0x24 gor_03.o
 .comment       0x00000360       0x24 gor_04.o
 .comment       0x00000384       0x24 gor_misc.o
 .comment       0x000003a8       0x24 gra.o
 .comment       0x000003cc       0x24 hei.o
 .comment       0x000003f0       0x24 hom.o
 .comment       0x00000414       0x24 jin.o
 .comment       0x00000438       0x24 kpa.o
 .comment       0x0000045c       0x24 las.o
 .comment       0x00000480       0x24 main.o
 .comment       0x000004a4       0x24 moo.o
 .comment       0x000004c8       0x24 mri.o
 .comment       0x000004ec       0x24 muj.o
 .comment       0x00000510       0x24 nok.o
 .comment       0x00000534       0x24 pik.o
 .comment       0x00000558       0x24 rsh.o
 .comment       0x0000057c       0x24 tik.o
 .comment       0x000005a0       0x24 tou.o
 .comment       0x000005c4       0x24 tou2.o
 .comment       0x000005e8       0x24 usu.o
 .comment       0x0000060c       0x24 win.o
 .comment       0x00000630       0x24 C:/devkitPro/devkitPPC/bin/../lib/gcc/powerpc-eabi/13.1.0\libgcc.a(_divdi3.o)

.gnu.attributes
                0x00000000       0x10
 .gnu.attributes
                0x00000000       0x10 OWR.o
 .gnu.attributes
                0x00000010       0x10 common.o
 .gnu.attributes
                0x00000020       0x10 con_mario.o
 .gnu.attributes
                0x00000030       0x10 con_perf.o
 .gnu.attributes
                0x00000040       0x10 console.o
 .gnu.attributes
                0x00000050       0x10 mod.o

.group          0x00000000        0xc
 .group         0x00000000        0xc con_mario.o

.group          0x00000000        0xc
 .group         0x00000000        0xc con_perf.o

.group          0x00000000        0xc
 .group         0x00000000        0xc con_seq.o

.group          0x00000000        0x8
 .group         0x00000000        0x8 con_seq.o

.group          0x00000000        0x8
 .group         0x00000000        0x8 con_seq.o

.group          0x00000000        0xc
 .group         0x00000000        0xc console.o

.debug
 *(.debug)

.line
 *(.line)

.debug_srcinfo
 *(.debug_srcinfo)

.debug_sfnames
 *(.debug_sfnames)

.debug_aranges  0x00000000      0x7f8
 *(.debug_aranges)
 .debug_aranges
                0x00000000       0x80 OWR.o
 .debug_aranges
                0x00000080       0x60 common.o
 .debug_aranges
                0x000000e0       0x30 con_mario.o
 .debug_aranges
                0x00000110       0x38 con_perf.o
 .debug_aranges
                0x00000148       0x38 con_seq.o
 .debug_aranges
                0x00000180       0xb0 console.o
 .debug_aranges
                0x00000230       0x38 cxx.o
 .debug_aranges
                0x00000268       0x40 keyboard.o
 .debug_aranges
                0x000002a8       0x58 mod.o
 .debug_aranges
                0x00000300       0x78 patch.o
 .debug_aranges
                0x00000378       0x30 rel.o
 .debug_aranges
                0x000003a8       0x30 ug.o
 .debug_aranges
                0x000003d8       0x20 util.o
 .debug_aranges
                0x000003f8       0x20 aaa.o
 .debug_aranges
                0x00000418       0x20 aji.o
 .debug_aranges
                0x00000438       0x20 bom.o
 .debug_aranges
                0x00000458       0x20 dou.o
 .debug_aranges
                0x00000478       0x20 eki.o
 .debug_aranges
                0x00000498       0x20 end.o
 .debug_aranges
                0x000004b8       0x20 gon.o
 .debug_aranges
                0x000004d8       0x28 gor_00.o
 .debug_aranges
                0x00000500       0x20 gor_01.o
 .debug_aranges
                0x00000520       0x20 gor_02.o
 .debug_aranges
                0x00000540       0x20 gor_03.o
 .debug_aranges
                0x00000560       0x20 gor_04.o
 .debug_aranges
                0x00000580       0x20 gor_misc.o
 .debug_aranges
                0x000005a0       0x20 gra.o
 .debug_aranges
                0x000005c0       0x20 hei.o
 .debug_aranges
                0x000005e0       0x20 hom.o
 .debug_aranges
                0x00000600       0x20 jin.o
 .debug_aranges
                0x00000620       0x20 kpa.o
 .debug_aranges
                0x00000640       0x20 las.o
 .debug_aranges
                0x00000660       0x28 main.o
 .debug_aranges
                0x00000688       0x20 moo.o
 .debug_aranges
                0x000006a8       0x20 mri.o
 .debug_aranges
                0x000006c8       0x20 muj.o
 .debug_aranges
                0x000006e8       0x20 nok.o
 .debug_aranges
                0x00000708       0x20 pik.o
 .debug_aranges
                0x00000728       0x20 rsh.o
 .debug_aranges
                0x00000748       0x30 tik.o
 .debug_aranges
                0x00000778       0x20 tou.o
 .debug_aranges
                0x00000798       0x20 tou2.o
 .debug_aranges
                0x000007b8       0x20 usu.o
 .debug_aranges
                0x000007d8       0x20 win.o

.debug_pubnames
 *(.debug_pubnames)

.debug_info     0x00000000    0x41c1f
 *(.debug_info)
 .debug_info    0x00000000     0x398f OWR.o
 .debug_info    0x0000398f      0xf16 common.o
 .debug_info    0x000048a5     0x2574 con_mario.o
 .debug_info    0x00006e19     0x2289 con_perf.o
 .debug_info    0x000090a2     0x21f6 con_seq.o
 .debug_info    0x0000b298     0x4086 console.o
 .debug_info    0x0000f31e      0x394 cxx.o
 .debug_info    0x0000f6b2      0xfaf keyboard.o
 .debug_info    0x00010661     0x33f4 mod.o
 .debug_info    0x00013a55     0x15c5 patch.o
 .debug_info    0x0001501a       0xf3 rel.o
 .debug_info    0x0001510d      0x8d5 ug.o
 .debug_info    0x000159e2      0x693 util.o
 .debug_info    0x00016075     0x1120 aaa.o
 .debug_info    0x00017195     0x1caf aji.o
 .debug_info    0x00018e44     0x122e bom.o
 .debug_info    0x0001a072     0x1224 dou.o
 .debug_info    0x0001b296     0x11d4 eki.o
 .debug_info    0x0001c46a     0x1110 end.o
 .debug_info    0x0001d57a     0x1238 gon.o
 .debug_info    0x0001e7b2     0x20ce gor_00.o
 .debug_info    0x00020880     0x18fd gor_01.o
 .debug_info    0x0002217d     0x1968 gor_02.o
 .debug_info    0x00023ae5     0x176a gor_03.o
 .debug_info    0x0002524f     0x1166 gor_04.o
 .debug_info    0x000263b5     0x116f gor_misc.o
 .debug_info    0x00027524     0x1608 gra.o
 .debug_info    0x00028b2c     0x11d4 hei.o
 .debug_info    0x00029d00     0x1170 hom.o
 .debug_info    0x0002ae70     0x1238 jin.o
 .debug_info    0x0002c0a8     0x115c kpa.o
 .debug_info    0x0002d204     0x12d8 las.o
 .debug_info    0x0002e4dc      0x663 main.o
 .debug_info    0x0002eb3f     0x1624 moo.o
 .debug_info    0x00030163     0x212f mri.o
 .debug_info    0x00032292     0x1de1 muj.o
 .debug_info    0x00034073     0x1b14 nok.o
 .debug_info    0x00035b87     0x198b pik.o
 .debug_info    0x00037512     0x1f2c rsh.o
 .debug_info    0x0003943e     0x260e tik.o
 .debug_info    0x0003ba4c     0x1b67 tou.o
 .debug_info    0x0003d5b3     0x1238 tou2.o
 .debug_info    0x0003e7eb     0x1d02 usu.o
 .debug_info    0x000404ed     0x1732 win.o

.debug_abbrev   0x00000000     0x76b6
 *(.debug_abbrev)
 .debug_abbrev  0x00000000      0x831 OWR.o
 .debug_abbrev  0x00000831      0x21a common.o
 .debug_abbrev  0x00000a4b      0x600 con_mario.o
 .debug_abbrev  0x0000104b      0x65d con_perf.o
 .debug_abbrev  0x000016a8      0x668 con_seq.o
 .debug_abbrev  0x00001d10      0x9a8 console.o
 .debug_abbrev  0x000026b8      0x170 cxx.o
 .debug_abbrev  0x00002828      0x36e keyboard.o
 .debug_abbrev  0x00002b96      0x7a7 mod.o
 .debug_abbrev  0x0000333d      0x2bd patch.o
 .debug_abbrev  0x000035fa       0xeb rel.o
 .debug_abbrev  0x000036e5      0x230 ug.o
 .debug_abbrev  0x00003915      0x12d util.o
 .debug_abbrev  0x00003a42      0x183 aaa.o
 .debug_abbrev  0x00003bc5      0x24a aji.o
 .debug_abbrev  0x00003e0f      0x183 bom.o
 .debug_abbrev  0x00003f92      0x183 dou.o
 .debug_abbrev  0x00004115      0x183 eki.o
 .debug_abbrev  0x00004298      0x180 end.o
 .debug_abbrev  0x00004418      0x183 gon.o
 .debug_abbrev  0x0000459b      0x27e gor_00.o
 .debug_abbrev  0x00004819      0x253 gor_01.o
 .debug_abbrev  0x00004a6c      0x237 gor_02.o
 .debug_abbrev  0x00004ca3      0x20e gor_03.o
 .debug_abbrev  0x00004eb1      0x183 gor_04.o
 .debug_abbrev  0x00005034      0x1ba gor_misc.o
 .debug_abbrev  0x000051ee      0x202 gra.o
 .debug_abbrev  0x000053f0      0x183 hei.o
 .debug_abbrev  0x00005573      0x183 hom.o
 .debug_abbrev  0x000056f6      0x183 jin.o
 .debug_abbrev  0x00005879      0x183 kpa.o
 .debug_abbrev  0x000059fc      0x183 las.o
 .debug_abbrev  0x00005b7f      0x148 main.o
 .debug_abbrev  0x00005cc7      0x21d moo.o
 .debug_abbrev  0x00005ee4      0x246 mri.o
 .debug_abbrev  0x0000612a      0x23f muj.o
 .debug_abbrev  0x00006369      0x238 nok.o
 .debug_abbrev  0x000065a1      0x23a pik.o
 .debug_abbrev  0x000067db      0x237 rsh.o
 .debug_abbrev  0x00006a12      0x4af tik.o
 .debug_abbrev  0x00006ec1      0x203 tou.o
 .debug_abbrev  0x000070c4      0x183 tou2.o
 .debug_abbrev  0x00007247      0x237 usu.o
 .debug_abbrev  0x0000747e      0x238 win.o

.debug_line     0x00000000    0x1865c
 *(.debug_line)
 .debug_line    0x00000000      0xb57 OWR.o
 .debug_line    0x00000b57      0x39d common.o
 .debug_line    0x00000ef4      0x4e0 con_mario.o
 .debug_line    0x000013d4      0x737 con_perf.o
 .debug_line    0x00001b0b      0x5b4 con_seq.o
 .debug_line    0x000020bf     0x1fdd console.o
 .debug_line    0x0000409c      0x1c9 cxx.o
 .debug_line    0x00004265      0xcb4 keyboard.o
 .debug_line    0x00004f19      0x79d mod.o
 .debug_line    0x000056b6      0x80c patch.o
 .debug_line    0x00005ec2      0x226 rel.o
 .debug_line    0x000060e8      0x4ad ug.o
 .debug_line    0x00006595      0x2cc util.o
 .debug_line    0x00006861      0x33c aaa.o
 .debug_line    0x00006b9d      0xef4 aji.o
 .debug_line    0x00007a91      0x782 bom.o
 .debug_line    0x00008213      0x76c dou.o
 .debug_line    0x0000897f      0x679 eki.o
 .debug_line    0x00008ff8      0x315 end.o
 .debug_line    0x0000930d      0x75c gon.o
 .debug_line    0x00009a69      0x934 gor_00.o
 .debug_line    0x0000a39d      0x71b gor_01.o
 .debug_line    0x0000aab8      0x833 gor_02.o
 .debug_line    0x0000b2eb      0x8d4 gor_03.o
 .debug_line    0x0000bbbf      0x4fe gor_04.o
 .debug_line    0x0000c0bd      0x45c gor_misc.o
 .debug_line    0x0000c519      0x57e gra.o
 .debug_line    0x0000ca97      0x5c4 hei.o
 .debug_line    0x0000d05b      0x461 hom.o
 .debug_line    0x0000d4bc      0x6fd jin.o
 .debug_line    0x0000dbb9      0x3b0 kpa.o
 .debug_line    0x0000df69      0x95f las.o
 .debug_line    0x0000e8c8      0x8bf main.o
 .debug_line    0x0000f187      0x3d0 moo.o
 .debug_line    0x0000f557     0x135b mri.o
 .debug_line    0x000108b2      0xfc4 muj.o
 .debug_line    0x00011876      0x63d nok.o
 .debug_line    0x00011eb3      0x9b2 pik.o
 .debug_line    0x00012865     0x193e rsh.o
 .debug_line    0x000141a3      0xba2 tik.o
 .debug_line    0x00014d45     0x1bd5 tou.o
 .debug_line    0x0001691a      0x805 tou2.o
 .debug_line    0x0001711f      0xee5 usu.o
 .debug_line    0x00018004      0x658 win.o

.debug_frame
 *(.debug_frame)

.debug_str      0x00000000    0x5317d
 *(.debug_str)
 .debug_str     0x00000000     0x3148 OWR.o
 .debug_str     0x00003148     0x13e4 common.o
 .debug_str     0x0000452c     0x1a59 con_mario.o
 .debug_str     0x00005f85     0x16a5 con_perf.o
 .debug_str     0x0000762a     0x17a6 con_seq.o
 .debug_str     0x00008dd0     0x1a83 console.o
 .debug_str     0x0000a853      0x34e cxx.o
 .debug_str     0x0000aba1      0x955 keyboard.o
 .debug_str     0x0000b4f6     0x2d81 mod.o
 .debug_str     0x0000e277      0x6eb patch.o
 .debug_str     0x0000e962      0x191 rel.o
 .debug_str     0x0000eaf3      0x39b ug.o
 .debug_str     0x0000ee8e      0x3eb util.o
 .debug_str     0x0000f279     0x1e72 aaa.o
 .debug_str     0x000110eb     0x28b2 aji.o
 .debug_str     0x0001399d     0x2053 bom.o
 .debug_str     0x000159f0     0x203f dou.o
 .debug_str     0x00017a2f     0x1f67 eki.o
 .debug_str     0x00019996     0x1e6c end.o
 .debug_str     0x0001b802     0x2024 gon.o
 .debug_str     0x0001d826     0x2a1c gor_00.o
 .debug_str     0x00020242     0x244d gor_01.o
 .debug_str     0x0002268f     0x256f gor_02.o
 .debug_str     0x00024bfe     0x2445 gor_03.o
 .debug_str     0x00027043     0x1eeb gor_04.o
 .debug_str     0x00028f2e     0x1f00 gor_misc.o
 .debug_str     0x0002ae2e     0x22ca gra.o
 .debug_str     0x0002d0f8     0x1f6c hei.o
 .debug_str     0x0002f064     0x1f07 hom.o
 .debug_str     0x00030f6b     0x202d jin.o
 .debug_str     0x00032f98     0x1ec2 kpa.o
 .debug_str     0x00034e5a     0x210d las.o
 .debug_str     0x00036f67      0x7c9 main.o
 .debug_str     0x00037730     0x2276 moo.o
 .debug_str     0x000399a6     0x2d03 mri.o
 .debug_str     0x0003c6a9     0x2a80 muj.o
 .debug_str     0x0003f129     0x25d2 nok.o
 .debug_str     0x000416fb     0x254c pik.o
 .debug_str     0x00043c47     0x2b11 rsh.o
 .debug_str     0x00046758     0x32e9 tik.o
 .debug_str     0x00049a41     0x2a1c tou.o
 .debug_str     0x0004c45d     0x204d tou2.o
 .debug_str     0x0004e4aa     0x293f usu.o
 .debug_str     0x00050de9     0x2394 win.o

.debug_loc
 *(.debug_loc)

.debug_macinfo
 *(.debug_macinfo)

.debug_weaknames
 *(.debug_weaknames)

.debug_funcnames
 *(.debug_funcnames)

.debug_typenames
 *(.debug_typenames)

.debug_varnames
 *(.debug_varnames)
                0x00000000                        __isIPL = 0x0
                0x0002bd20                        __stack_addr = ((((__bss_start + SIZEOF (.bss)) + 0x20000) + 0x7) & 0xfffffffffffffff8)
                0x0000bd20                        __stack_end = (__bss_start + SIZEOF (.bss))
                0x0002fd20                        __intrstack_addr = (__stack_addr + 0x4000)
                0x0002bd20                        __intrstack_end = __stack_addr
                0x0002fd20                        __Arena1Lo = ((__intrstack_addr + 0x1f) & 0xffffffffffffffe0)
                0x817feff0                        __Arena1Hi = 0x817feff0
                0x817ff000                        __gxregs = ((__Arena1Hi + 0x1f) & 0xffffffffffffffe0)
                [!provide]                        PROVIDE (__stack = 0x817feff0)
                [!provide]                        PROVIDE (__isIPL = __isIPL)
                [!provide]                        PROVIDE (__stack_addr = __stack_addr)
                [!provide]                        PROVIDE (__stack_end = __stack_end)
                [!provide]                        PROVIDE (__intrstack_addr = __intrstack_addr)
                [!provide]                        PROVIDE (__intrstack_end = __intrstack_end)
                [!provide]                        PROVIDE (__Arena1Lo = __Arena1Lo)
                [!provide]                        PROVIDE (__Arena1Hi = __Arena1Hi)
                [!provide]                        PROVIDE (__gxregs = __gxregs)
LOAD H:/GhidraProjects/TTYDAP/TTYDAP/rel/source/cxx.ld
                0x0000bb90                        _ctors_start = ADDR (.ctors)
                0x0000bbc0                        _ctors_end = (_ctors_start + SIZEOF (.ctors))
                0x0000bbc0                        _dtors_start = ADDR (.dtors)
                0x0000bbc0                        _dtors_end = (_dtors_start + SIZEOF (.dtors))
LOAD OWR.o
LOAD StateManager.o
LOAD common.o
LOAD con_mario.o
LOAD con_perf.o
LOAD con_seq.o
LOAD console.o
LOAD cxx.o
LOAD keyboard.o
LOAD mod.o
LOAD patch.o
LOAD rel.o
LOAD ug.o
LOAD util.o
LOAD aaa.o
LOAD aji.o
LOAD bom.o
LOAD dou.o
LOAD eki.o
LOAD end.o
LOAD gon.o
LOAD gor_00.o
LOAD gor_01.o
LOAD gor_02.o
LOAD gor_03.o
LOAD gor_04.o
LOAD gor_misc.o
LOAD gra.o
LOAD hei.o
LOAD hom.o
LOAD jin.o
LOAD kpa.o
LOAD las.o
LOAD main.o
LOAD moo.o
LOAD mri.o
LOAD muj.o
LOAD nok.o
LOAD pik.o
LOAD rsh.o
LOAD tik.o
LOAD tou.o
LOAD tou2.o
LOAD usu.o
LOAD win.o
LOAD asm_main.o
LOAD patch_ih.o
LOAD C:/devkitPro/devkitPPC/bin/../lib/gcc/powerpc-eabi/13.1.0\libgcc.a
OUTPUT(H:/GhidraProjects/TTYDAP/TTYDAP/rel/rel.us.elf elf32-powerpc)

.debug_loclists
                0x00000000     0x48f9
 .debug_loclists
                0x00000000      0x563 OWR.o
 .debug_loclists
                0x00000563      0x151 common.o
 .debug_loclists
                0x000006b4       0xa9 con_mario.o
 .debug_loclists
                0x0000075d      0x36b con_perf.o
 .debug_loclists
                0x00000ac8       0xf8 con_seq.o
 .debug_loclists
                0x00000bc0     0x1cf7 console.o
 .debug_loclists
                0x000028b7       0x54 cxx.o
 .debug_loclists
                0x0000290b      0x886 keyboard.o
 .debug_loclists
                0x00003191      0x1b8 mod.o
 .debug_loclists
                0x00003349      0xc5e patch.o
 .debug_loclists
                0x00003fa7      0x2cd ug.o
 .debug_loclists
                0x00004274       0xd6 util.o
 .debug_loclists
                0x0000434a       0x29 aaa.o
 .debug_loclists
                0x00004373       0x2a aji.o
 .debug_loclists
                0x0000439d       0x2a bom.o
 .debug_loclists
                0x000043c7       0x2a dou.o
 .debug_loclists
                0x000043f1       0x2a eki.o
 .debug_loclists
                0x0000441b       0x2c gon.o
 .debug_loclists
                0x00004447       0x2c gor_00.o
 .debug_loclists
                0x00004473       0x2a gor_01.o
 .debug_loclists
                0x0000449d       0x2a gor_02.o
 .debug_loclists
                0x000044c7       0x2a gor_03.o
 .debug_loclists
                0x000044f1       0x2a gor_04.o
 .debug_loclists
                0x0000451b       0x2c gor_misc.o
 .debug_loclists
                0x00004547       0x2a gra.o
 .debug_loclists
                0x00004571       0x2a hei.o
 .debug_loclists
                0x0000459b       0x2a hom.o
 .debug_loclists
                0x000045c5       0x2a jin.o
 .debug_loclists
                0x000045ef       0x2a kpa.o
 .debug_loclists
                0x00004619       0x2a las.o
 .debug_loclists
                0x00004643       0x2a moo.o
 .debug_loclists
                0x0000466d       0x2a mri.o
 .debug_loclists
                0x00004697       0x2c muj.o
 .debug_loclists
                0x000046c3       0x2a nok.o
 .debug_loclists
                0x000046ed       0x2c pik.o
 .debug_loclists
                0x00004719       0x2c rsh.o
 .debug_loclists
                0x00004745      0x10a tik.o
 .debug_loclists
                0x0000484f       0x2c tou.o
 .debug_loclists
                0x0000487b       0x2a tou2.o
 .debug_loclists
                0x000048a5       0x2a usu.o
 .debug_loclists
                0x000048cf       0x2a win.o

.debug_rnglists
                0x00000000     0x1497
 .debug_rnglists
                0x00000000       0xc3 OWR.o
 .debug_rnglists
                0x000000c3       0x43 common.o
 .debug_rnglists
                0x00000106       0x95 con_mario.o
 .debug_rnglists
                0x0000019b      0x135 con_perf.o
 .debug_rnglists
                0x000002d0       0xc4 con_seq.o
 .debug_rnglists
                0x00000394      0x72d console.o
 .debug_rnglists
                0x00000ac1       0x25 cxx.o
 .debug_rnglists
                0x00000ae6      0x315 keyboard.o
 .debug_rnglists
                0x00000dfb       0xde mod.o
 .debug_rnglists
                0x00000ed9      0x23d patch.o
 .debug_rnglists
                0x00001116       0x47 rel.o
 .debug_rnglists
                0x0000115d       0x73 ug.o
 .debug_rnglists
                0x000011d0       0x21 util.o
 .debug_rnglists
                0x000011f1       0x13 aaa.o
 .debug_rnglists
                0x00001204       0x14 aji.o
 .debug_rnglists
                0x00001218       0x14 bom.o
 .debug_rnglists
                0x0000122c       0x14 dou.o
 .debug_rnglists
                0x00001240       0x14 eki.o
 .debug_rnglists
                0x00001254       0x13 end.o
 .debug_rnglists
                0x00001267       0x14 gon.o
 .debug_rnglists
                0x0000127b       0x1a gor_00.o
 .debug_rnglists
                0x00001295       0x14 gor_01.o
 .debug_rnglists
                0x000012a9       0x14 gor_02.o
 .debug_rnglists
                0x000012bd       0x14 gor_03.o
 .debug_rnglists
                0x000012d1       0x14 gor_04.o
 .debug_rnglists
                0x000012e5       0x14 gor_misc.o
 .debug_rnglists
                0x000012f9       0x14 gra.o
 .debug_rnglists
                0x0000130d       0x14 hei.o
 .debug_rnglists
                0x00001321       0x14 hom.o
 .debug_rnglists
                0x00001335       0x14 jin.o
 .debug_rnglists
                0x00001349       0x14 kpa.o
 .debug_rnglists
                0x0000135d       0x14 las.o
 .debug_rnglists
                0x00001371       0x1b main.o
 .debug_rnglists
                0x0000138c       0x14 moo.o
 .debug_rnglists
                0x000013a0       0x14 mri.o
 .debug_rnglists
                0x000013b4       0x14 muj.o
 .debug_rnglists
                0x000013c8       0x14 nok.o
 .debug_rnglists
                0x000013dc       0x14 pik.o
 .debug_rnglists
                0x000013f0       0x14 rsh.o
 .debug_rnglists
                0x00001404       0x43 tik.o
 .debug_rnglists
                0x00001447       0x14 tou.o
 .debug_rnglists
                0x0000145b       0x14 tou2.o
 .debug_rnglists
                0x0000146f       0x14 usu.o
 .debug_rnglists
                0x00001483       0x14 win.o
