Archive member included to satisfy reference by file (symbol)

C:/devkitPro/devkitPPC/bin/../lib/gcc/powerpc-eabi/13.1.0\libgcc.a(_divdi3.o)
                              console.o (__divdi3)

Discarded input sections

 .text          0x00000000        0x0 OWR.o
 .data          0x00000000        0x0 OWR.o
 .bss           0x00000000        0x0 OWR.o
 .text._Z13strcpy_StringPcPKc
                0x00000000        0x4 OWR.o
 .text._ZN3mod3owr3OWR12SequenceInitEv
                0x00000000       0x3c OWR.o
 .text._ZN3mod3owr3OWR6LZTestEv
                0x00000000       0x48 OWR.o
 .text._ZN3mod3owr3OWR11NewFileInitEv
                0x00000000        0x4 OWR.o
 .text._ZN3mod3owr3OWR10DrawStringEPKciijf
                0x00000000       0xb0 OWR.o
 .bss._ZN3mod3owr22g_itemEntry_trampolineE
                0x00000000        0x4 OWR.o
 .rodata.cst4   0x00000000        0x4 OWR.o
 .text          0x00000000        0x0 StateManager.o
 .data          0x00000000        0x0 StateManager.o
 .bss           0x00000000        0x0 StateManager.o
 .debug_line    0x00000000        0x0 StateManager.o
 .debug_str     0x00000000      0x123 StateManager.o
 .comment       0x00000000       0x24 StateManager.o
 .text          0x00000000        0x0 common.o
 .data          0x00000000        0x0 common.o
 .bss           0x00000000        0x0 common.o
 .text._ZN3mod6common14GetCurrentAreaEv
                0x00000000       0x1c common.o
 .text._ZN3mod6common13GetCurrentMapEv
                0x00000000       0x1c common.o
 .text._ZN3mod6common11GetFilenameEv
                0x00000000       0x1c common.o
 .text._ZN3mod6common16GetStorySequenceEv
                0x00000000       0x24 common.o
 .text._ZN3mod6common14GetPitSequenceEv
                0x00000000       0x2c common.o
 .text._ZN3mod6common17GetSavedFlagValueEi
                0x00000000       0x44 common.o
 .text._ZN3mod6common21HasKeyItemInInventoryEs
                0x00000000       0x60 common.o
 .text._ZN3mod6common25GetBattleWindowDataOffsetEv
                0x00000000       0x1c common.o
 .text._ZN3mod6common21GetStatusWindowHeightEv
                0x00000000       0x28 common.o
 .data._ZN3mod6common29kUnknownStatusWindowStructPtrE
                0x00000000        0x4 common.o
 .data._ZN3mod6common10kBattlePtrE
                0x00000000        0x4 common.o
 .data._ZN3mod6common9kPouchPtrE
                0x00000000        0x4 common.o
 .data._ZN3mod6common12kSaveDataPtrE
                0x00000000        0x4 common.o
 .rodata._ZN3mod6common32kUltraHammerChestDespawnIdOffsetE
                0x00000000        0x4 common.o
 .rodata._ZN3mod6common27kObjectCollectionExprOffsetE
                0x00000000        0x4 common.o
 .rodata._ZN3mod6common27kObjectChestScriptPtrOffsetE
                0x00000000        0x4 common.o
 .rodata._ZN3mod6common33kMujModuleFlavioDesiredItemOffsetE
                0x00000000        0x4 common.o
 .rodata._ZN3mod6common36kJinModuleAtomicBooItemGswfSetOffsetE
                0x00000000        0x4 common.o
 .rodata._ZN3mod6common39kJinModuleAtomicBooItemObjectFlagOffsetE
                0x00000000        0x4 common.o
 .rodata._ZN3mod6common32kPitModuleCharlietonChanceOffsetE
                0x00000000        0x4 common.o
 .rodata._ZN3mod6common22kPitModuleNpcArrOffsetE
                0x00000000        0x4 common.o
 .rodata._ZN3mod6common23kSavedWordFlagBaseValueE
                0x00000000        0x4 common.o
 .data._ZN3mod6common20kPiantaParlorItemArrE
                0x00000000        0x4 common.o
 .data._ZN3mod6common21kPitCharlietonItemArrE
                0x00000000        0x4 common.o
 .data._ZN3mod6common12kHowzItemArrE
                0x00000000        0x4 common.o
 .data._ZN3mod6common18kCharlietonItemArrE
                0x00000000        0x4 common.o
 .data._ZN3mod6common14kDazzleItemArrE
                0x00000000        0x4 common.o
 .data._ZN3mod6common20kSuperguardFramesArrE
                0x00000000        0x4 common.o
 .data._ZN3mod6common15kGuardFramesArrE
                0x00000000        0x4 common.o
 .data._ZN3mod6common25kSuperChargePartnerParamsE
                0x00000000        0x4 common.o
 .data._ZN3mod6common18kSuperChargeParamsE
                0x00000000        0x4 common.o
 .data._ZN3mod6common19kPiercingBlowParamsE
                0x00000000        0x4 common.o
 .data._ZN3mod6common18kHammerThrowParamsE
                0x00000000        0x4 common.o
 .data._ZN3mod6common17kKoopaCurseParamsE
                0x00000000        0x4 common.o
 .data._ZN3mod6common15kTradeOffParamsE
                0x00000000        0x4 common.o
 .data._ZN3mod6common17kGulpRecoilParamsE
                0x00000000        0x4 common.o
 .data._ZN3mod6common24kUltraHammerRecoilParamsE
                0x00000000        0x4 common.o
 .data._ZN3mod6common24kSuperHammerRecoilParamsE
                0x00000000        0x4 common.o
 .data._ZN3mod6common8kNextMapE
                0x00000000        0x4 common.o
 .rodata.cst4   0x00000000        0x4 common.o
 .text          0x00000000        0x0 con_mario.o
 .data          0x00000000        0x0 con_mario.o
 .bss           0x00000000        0x0 con_mario.o
 .text          0x00000000        0x0 con_perf.o
 .data          0x00000000        0x0 con_perf.o
 .bss           0x00000000        0x0 con_perf.o
 .text          0x00000000        0x0 con_seq.o
 .data          0x00000000        0x0 con_seq.o
 .bss           0x00000000        0x0 con_seq.o
 .text          0x00000000        0x0 console.o
 .data          0x00000000        0x0 console.o
 .bss           0x00000000        0x0 console.o
 .text._ZN3mod13ConsoleSystem8logDebugEPKcz
                0x00000000       0xbc console.o
 .text._ZN3mod13ConsoleSystem12setMonospaceEb
                0x00000000       0x30 console.o
 .text._ZN3mod13ConsoleSystem14updateUsbGeckoEv
                0x00000000       0x14 console.o
 .text          0x00000000        0x0 cxx.o
 .data          0x00000000        0x0 cxx.o
 .bss           0x00000000        0x0 cxx.o
 .text._ZdlPv   0x00000000        0xc cxx.o
 .text._ZdaPv   0x00000000        0xc cxx.o
 .text          0x00000000        0x0 keyboard.o
 .data          0x00000000        0x0 keyboard.o
 .bss           0x00000000        0x0 keyboard.o
 .text._ZN3mod8Keyboard10setChannelEi
                0x00000000       0xc4 keyboard.o
 .text._ZN3mod8Keyboard7connectEv
                0x00000000       0x78 keyboard.o
 .text._ZN3mod8Keyboard10disconnectEv
                0x00000000       0x4c keyboard.o
 .text          0x00000000        0x0 mod.o
 .data          0x00000000        0x0 mod.o
 .bss           0x00000000        0x0 mod.o
 .text._ZN3mod3ModC2Ev
                0x00000000       0xa0 mod.o
 .text._ZN3mod3Mod11updateEarlyEv
                0x00000000       0x90 mod.o
 .text._ZN3mod3Mod4drawEv
                0x00000000        0x8 mod.o
 .text          0x00000000        0x0 patch.o
 .data          0x00000000        0x0 patch.o
 .bss           0x00000000        0x0 patch.o
 .text._ZN3mod5patch21writeStandardBranchesEPvPFvvES3_
                0x00000000       0x80 patch.o
 .text._ZN3mod5patch15replaceEvtInstrEPit
                0x00000000        0x8 patch.o
 .text._ZN3mod5patch14writeEvtBranchEPiPKib
                0x00000000       0x1c patch.o
 .text._ZN3mod5patch15writeBranchMainEPvS1_j
                0x00000000       0x48 patch.o
 .text._ZN3mod5patch10writePatchEPvPKvS3_
                0x00000000       0x7c patch.o
 .text._ZN3mod5patch10writePatchEPvj
                0x00000000       0x6c patch.o
 .text._ZN3mod5patch15writeBranchPairEPvS1_S1_S1_
                0x00000000       0x88 patch.o
 .text          0x00000000        0x0 rel.o
 .data          0x00000000        0x0 rel.o
 .bss           0x00000000        0x0 rel.o
 .text          0x00000000        0x0 ug.o
 .data          0x00000000        0x0 ug.o
 .bss           0x00000000        0x0 ug.o
 .text          0x00000000        0x0 util.o
 .data          0x00000000        0x0 util.o
 .bss           0x00000000        0x0 util.o
 .text          0x00000000        0x0 aaa.o
 .data          0x00000000        0x0 aaa.o
 .bss           0x00000000        0x0 aaa.o
 .text          0x00000000        0x0 aji.o
 .data          0x00000000        0x0 aji.o
 .bss           0x00000000        0x0 aji.o
 .text          0x00000000        0x0 bom.o
 .data          0x00000000        0x0 bom.o
 .bss           0x00000000        0x0 bom.o
 .text          0x00000000        0x0 dou.o
 .data          0x00000000        0x0 dou.o
 .bss           0x00000000        0x0 dou.o
 .text          0x00000000        0x0 eki.o
 .data          0x00000000        0x0 eki.o
 .bss           0x00000000        0x0 eki.o
 .text          0x00000000        0x0 end.o
 .data          0x00000000        0x0 end.o
 .bss           0x00000000        0x0 end.o
 .text          0x00000000        0x0 gon.o
 .data          0x00000000        0x0 gon.o
 .bss           0x00000000        0x0 gon.o
 .text          0x00000000        0x0 gor_00.o
 .data          0x00000000        0x0 gor_00.o
 .bss           0x00000000        0x0 gor_00.o
 .text          0x00000000        0x0 gor_01.o
 .data          0x00000000        0x0 gor_01.o
 .bss           0x00000000        0x0 gor_01.o
 .text          0x00000000        0x0 gor_02.o
 .data          0x00000000        0x0 gor_02.o
 .bss           0x00000000        0x0 gor_02.o
 .text          0x00000000        0x0 gor_03.o
 .data          0x00000000        0x0 gor_03.o
 .bss           0x00000000        0x0 gor_03.o
 .text          0x00000000        0x0 gor_04.o
 .data          0x00000000        0x0 gor_04.o
 .bss           0x00000000        0x0 gor_04.o
 .text          0x00000000        0x0 gor_misc.o
 .data          0x00000000        0x0 gor_misc.o
 .bss           0x00000000        0x0 gor_misc.o
 .text          0x00000000        0x0 gra.o
 .data          0x00000000        0x0 gra.o
 .bss           0x00000000        0x0 gra.o
 .text          0x00000000        0x0 hei.o
 .data          0x00000000        0x0 hei.o
 .bss           0x00000000        0x0 hei.o
 .text          0x00000000        0x0 hom.o
 .data          0x00000000        0x0 hom.o
 .bss           0x00000000        0x0 hom.o
 .text          0x00000000        0x0 jin.o
 .data          0x00000000        0x0 jin.o
 .bss           0x00000000        0x0 jin.o
 .text          0x00000000        0x0 kpa.o
 .data          0x00000000        0x0 kpa.o
 .bss           0x00000000        0x0 kpa.o
 .text          0x00000000        0x0 las.o
 .data          0x00000000        0x0 las.o
 .bss           0x00000000        0x0 las.o
 .text._Z15ApplyLasPatchesPN2gc6OSLink12OSModuleInfoE
                0x00000000      0x4b4 las.o
 .text          0x00000000        0x0 main.o
 .data          0x00000000        0x0 main.o
 .bss           0x00000000        0x0 main.o
 .text          0x00000000        0x0 moo.o
 .data          0x00000000        0x0 moo.o
 .bss           0x00000000        0x0 moo.o
 .text._Z15ApplyMooPatchesPN2gc6OSLink12OSModuleInfoE
                0x00000000       0xac moo.o
 .rodata._ZL20moo_04_init_evt_hook
                0x00000000       0x28 moo.o
 .rodata._ZL19moo_04_init_evt_evt
                0x00000000      0x144 moo.o
 .text          0x00000000        0x0 mri.o
 .data          0x00000000        0x0 mri.o
 .bss           0x00000000        0x0 mri.o
 .text          0x00000000        0x0 muj.o
 .data          0x00000000        0x0 muj.o
 .bss           0x00000000        0x0 muj.o
 .text          0x00000000        0x0 nok.o
 .data          0x00000000        0x0 nok.o
 .bss           0x00000000        0x0 nok.o
 .text          0x00000000        0x0 pik.o
 .data          0x00000000        0x0 pik.o
 .bss           0x00000000        0x0 pik.o
 .text          0x00000000        0x0 rsh.o
 .data          0x00000000        0x0 rsh.o
 .bss           0x00000000        0x0 rsh.o
 .text          0x00000000        0x0 tik.o
 .data          0x00000000        0x0 tik.o
 .bss           0x00000000        0x0 tik.o
 .text._Z24checkChapterRequirementsPN4ttyd6evtmgr8EvtEntryEb
                0x00000000       0xdc tik.o
 .text          0x00000000        0x0 tou.o
 .data          0x00000000        0x0 tou.o
 .bss           0x00000000        0x0 tou.o
 .text          0x00000000        0x0 tou2.o
 .data          0x00000000        0x0 tou2.o
 .bss           0x00000000        0x0 tou2.o
 .text          0x00000000        0x0 usu.o
 .data          0x00000000        0x0 usu.o
 .bss           0x00000000        0x0 usu.o
 .text          0x00000000        0x0 win.o
 .data          0x00000000        0x0 win.o
 .bss           0x00000000        0x0 win.o
 .data          0x00000000        0x0 asm_main.o
 .bss           0x00000000        0x0 asm_main.o
 .text          0x00000000       0x7c patch_ih.o
 .data          0x00000000        0x0 patch_ih.o
 .bss           0x00000000        0x0 patch_ih.o
 .text          0x00000000        0x0 C:/devkitPro/devkitPPC/bin/../lib/gcc/powerpc-eabi/13.1.0\libgcc.a(_divdi3.o)
 .data          0x00000000        0x0 C:/devkitPro/devkitPPC/bin/../lib/gcc/powerpc-eabi/13.1.0\libgcc.a(_divdi3.o)
 .bss           0x00000000        0x0 C:/devkitPro/devkitPPC/bin/../lib/gcc/powerpc-eabi/13.1.0\libgcc.a(_divdi3.o)

Memory Configuration

Name             Origin             Length             Attributes
*default*        0x00000000         0xffffffff

Linker script and memory map

                0x80003100                        . = 0x80003100

.init
 *crt0.o(*.init)
 *(.init)

.plt
 *(.plt)

.interp
 *(.interp)

.hash
 *(.hash)

.dynsym
 *(.dynsym)

.dynstr
 *(.dynstr)

.gnu.version
 *(.gnu.version)

.gnu.version_d
 *(.gnu.version_d)

.gnu.version_r
 *(.gnu.version_r)

.rel.init
 *(.rel.init)

.rela.init
 *(.rela.init)

.rel.text
 *(.rel.text .rel.text.* .rel.gnu.linkonce.t.*)

.rela.text
 *(.rela.text .rela.text.* .rela.gnu.linkonce.t.*)

.rel.fini
 *(.rel.fini)

.rela.fini
 *(.rela.fini)

.rel.rodata
 *(.rel.rodata .rel.rodata.* .rel.gnu.linkonce.r.*)

.rela.rodata
 *(.rela.rodata .rela.rodata.* .rela.gnu.linkonce.r.*)

.rel.data
 *(.rel.data .rel.data.* .rel.gnu.linkonce.d.*)

.rela.data
 *(.rela.data .rela.data.* .rela.gnu.linkonce.d.*)

.rel.tdata
 *(.rel.tdata .rel.tdata.* .rel.gnu.linkonce.td.*)

.rela.tdata
 *(.rela.tdata .rela.tdata.* .rela.gnu.linkonce.td.*)

.rel.tbss
 *(.rel.tbss .rel.tbss.* .rel.gnu.linkonce.tb.*)

.rela.tbss
 *(.rela.tbss .rela.tbss.* .rela.gnu.linkonce.tb.*)

.rel.ctors
 *(.rel.ctors)

.rela.ctors
 *(.rela.ctors)

.rel.dtors
 *(.rel.dtors)

.rela.dtors
 *(.rela.dtors)

.rel.got
 *(.rel.got)

.rela.got
 *(.rela.got)

.rela.got1
 *(.rela.got1)

.rela.got2
 *(.rela.got2)

.rel.sdata
 *(.rel.sdata .rel.sdata.* .rel.gnu.linkonce.s.*)

.rela.sdata
 *(.rela.sdata .rela.sdata.* .rela.gnu.linkonce.s.*)

.rel.sbss
 *(.rel.sbss .rel.sbss.* .rel.gnu.linkonce.sb.*)

.rela.sbss
 *(.rela.sbss .rela.sbss.* .rel.gnu.linkonce.sb.*)

.rel.sdata2
 *(.rel.sdata2 .rel.sdata2.* .rel.gnu.linkonce.s2.*)

.rela.sdata2
 *(.rela.sdata2 .rela.sdata2.* .rela.gnu.linkonce.s2.*)

.rel.sbss2
 *(.rel.sbss2 .rel.sbss2.* .rel.gnu.linkonce.sb2.*)

.rela.sbss2
 *(.rela.sbss2 .rela.sbss2.* .rela.gnu.linkonce.sb2.*)

.rel.bss
 *(.rel.bss .rel.bss.* .rel.gnu.linkonce.b.*)

.rela.bss
 *(.rela.bss .rela.bss.* .rela.gnu.linkonce.b.*)

.rel.plt
 *(.rel.plt)

.rela.plt
 *(.rela.plt)

.text           0x80003100     0xcfe0
 *(.text)
 .text          0x80003100      0x204 asm_main.o
                0x80003100                bMapGXArrInject
                0x8000310c                bMapGXArrInjectReturn
                0x80003110                bMapGXArrIncrement
                0x80003118                bMapGXArrIncrementReturn
                0x8000311c                bMapGXChSplit
                0x80003128                bMapGXChSplitReturn
                0x8000312c                bWinLogArrInject
                0x80003138                bWinLogArrInjectReturn
                0x8000313c                bWinLogArrIncrement
                0x80003144                bWinLogArrIncrementReturn
                0x80003148                bChapterClearCheck
                0x80003190                bJohoyaSeqAddition
                0x800031c8                bPrintPartyAddErrorFix
                0x80003204                bPrintPartyAddErrorFixReturn
                0x80003208                bPrintPartyErrorFix
                0x80003244                bPrintPartyErrorFixReturn
                0x80003248                win_log_mapGX_arr
 *(.text.*)
 *fill*         0x80003304        0x0 00000000
 .text._ZZN3mod3owr3OWR4InitEvENUlvE_4_FUNEv
                0x80003304       0x10 OWR.o
 .text._ZN3mod3owr3OWR12SequenceInitEv.part.0
                0x80003314      0x198 OWR.o
 .text._ZZN3mod3owr3OWR4InitEvENUlPKcE_4_FUNES3_
                0x800034ac       0x9c OWR.o
 .text._ZN3mod3owr3OWRC2Ev
                0x80003548        0xc OWR.o
                0x80003548                _ZN3mod3owr3OWRC1Ev
                0x80003548                _ZN3mod3owr3OWRC2Ev
 .text._ZN3mod3owr3OWR4InitEv
                0x80003554      0x134 OWR.o
                0x80003554                _ZN3mod3owr3OWR4InitEv
 .text._ZN3mod3owr3OWR6UpdateEv
                0x80003688       0x5c OWR.o
                0x80003688                _ZN3mod3owr3OWR6UpdateEv
 .text._ZN3mod3owr3OWR4DrawEv
                0x800036e4        0x4 OWR.o
                0x800036e4                _ZN3mod3owr3OWR4DrawEv
 .text._ZN3mod3owr3OWR14OnModuleLoadedEPN2gc6OSLink12OSModuleInfoE
                0x800036e8       0xd4 OWR.o
                0x800036e8                _ZN3mod3owr3OWR14OnModuleLoadedEPN2gc6OSLink12OSModuleInfoE
 .text._ZZN3mod3owr3OWR4InitEvENUlPN2gc6OSLink12OSModuleInfoEPvE_4_FUNES5_S6_
                0x800037bc       0x84 OWR.o
 .text.startup._GLOBAL__sub_I__Z13strcpy_StringPcPKc
                0x80003840       0x14 OWR.o
 .text._ZN3modL13mod_if_func22Ev
                0x80003854       0x54 con_mario.o
 .text.startup._GLOBAL__sub_I__ZN3mod13mario_set_posE
                0x800038a8       0x88 con_mario.o
 .text._ZN3modL13mod_if_func46Ev
                0x80003930      0x19c con_perf.o
 .text._ZN3modL13mod_if_func29Ev
                0x80003acc       0xbc con_perf.o
 .text.startup._GLOBAL__sub_I__ZN3mod15perf_fake_spikeE
                0x80003b88       0xd4 con_perf.o
 .text._ZZN3modL13mod_if_func16EvENUlPN4ttyd6seqdrv7SeqInfoEE_4_FUNES3_
                0x80003c5c       0x44 con_seq.o
 .text._ZN3modL13mod_if_func16Ev
                0x80003ca0       0x74 con_seq.o
 .text.startup._GLOBAL__sub_I__ZN3mod13seq_logo_skipE
                0x80003d14       0x8c con_seq.o
 .text._ZN3mod13ConsoleSystem4initEv
                0x80003da0       0x38 console.o
                0x80003da0                _ZN3mod13ConsoleSystem4initEv
 .text._ZN3mod13ConsoleSystem8logColorEPKcN2gc6color4E
                0x80003dd8      0x2a8 console.o
                0x80003dd8                _ZN3mod13ConsoleSystem8logColorEPKcN2gc6color4E
 .text._ZN3mod13ConsoleSystem7logInfoEPKcz
                0x80004080       0xb8 console.o
                0x80004080                _ZN3mod13ConsoleSystem7logInfoEPKcz
 .text._ZN3mod7CC_findEPKc
                0x80004138      0x12c console.o
                0x80004138                _ZN3mod7CC_findEPKc
 .text._ZN3mod13ConsoleSystem10logWarningEPKcz
                0x80004264       0xbc console.o
                0x80004264                _ZN3mod13ConsoleSystem10logWarningEPKcz
 .text._ZN3mod13ConsoleSystem8logErrorEPKcz
                0x80004320       0xbc console.o
                0x80004320                _ZN3mod13ConsoleSystem8logErrorEPKcz
 .text._ZN3mod13ConsoleSystem7overlayEPKcz
                0x800043dc       0xd0 console.o
                0x800043dc                _ZN3mod13ConsoleSystem7overlayEPKcz
 .text._ZN3mod13ConsoleSystem8drawLineEiPKcN2gc6color4E
                0x800044ac      0x15c console.o
                0x800044ac                _ZN3mod13ConsoleSystem8drawLineEiPKcN2gc6color4E
 .text._ZN3mod13ConsoleSystem14processCommandEPKc
                0x80004608      0x288 console.o
                0x80004608                _ZN3mod13ConsoleSystem14processCommandEPKc
 .text._ZN3mod13ConsoleSystem12updatePromptEv
                0x80004890      0x974 console.o
                0x80004890                _ZN3mod13ConsoleSystem12updatePromptEv
 .text._ZN3mod13ConsoleSystem14updateUsbGeckoEv.part.0
                0x80005204      0x19c console.o
 .text._ZN3mod13ConsoleSystem6updateEv
                0x800053a0       0x70 console.o
                0x800053a0                _ZN3mod13ConsoleSystem6updateEv
 .text._ZN3mod13ConsoleSystem4dispEv
                0x80005410      0x5f0 console.o
                0x80005410                _ZN3mod13ConsoleSystem4dispEv
 .text._ZZN3mod13ConsoleSystem6updateEvENUlN4ttyd7dispdrv8CameraIdEPvE_4_FUNES3_S4_
                0x80005a00        0x8 console.o
 .text.startup._GLOBAL__sub_I__ZN3mod10ConCommand6sFirstE
                0x80005a08      0x1ac console.o
 .text._Znwj    0x80005bb4        0xc cxx.o
                0x80005bb4                _Znwj
 .text._Znaj    0x80005bc0        0xc cxx.o
                0x80005bc0                _Znaj
 .text._ZN3mod8KeyboardC2Ei
                0x80005bcc       0x84 keyboard.o
                0x80005bcc                _ZN3mod8KeyboardC2Ei
                0x80005bcc                _ZN3mod8KeyboardC1Ei
 .text._ZN3mod8Keyboard6updateEv
                0x80005c50      0x59c keyboard.o
                0x80005c50                _ZN3mod8Keyboard6updateEv
 .text._ZZN3mod3Mod4initEvENUlvE0_4_FUNEv
                0x800061ec        0x4 mod.o
 .text._ZZN3mod3Mod11updateEarlyEvENUlN4ttyd7dispdrv8CameraIdEPvE_4_FUNES3_S4_
                0x800061f0        0x8 mod.o
 .text._ZZN3mod3Mod4initEvENUlvE_4_FUNEv
                0x800061f8       0x94 mod.o
 .text._ZN3mod3Mod4initEv
                0x8000628c       0xfc mod.o
                0x8000628c                _ZN3mod3Mod4initEv
 .text.startup._ZN3mod4mainEv
                0x80006388       0xb0 mod.o
                0x80006388                _ZN3mod4mainEv
 .text._ZN3mod5patch17clear_DC_IC_CacheEPvj
                0x80006438       0x40 patch.o
                0x80006438                _ZN3mod5patch17clear_DC_IC_CacheEPvj
 .text._ZN3mod5patch11writeBranchEPvS1_
                0x80006478       0x4c patch.o
                0x80006478                _ZN3mod5patch11writeBranchEPvS1_
 .text._ZN3mod5patch13writeBranchBLEPvS1_
                0x800064c4       0x50 patch.o
                0x800064c4                _ZN3mod5patch13writeBranchBLEPvS1_
 .text._ZN3mod5patch10writePatchEPvPKvj
                0x80006514       0x7c patch.o
                0x80006514                _ZN3mod5patch10writePatchEPvPKvj
 .text._ZN3mod5patch15writeBranchPairEPvS1_S1_
                0x80006590       0x80 patch.o
                0x80006590                _ZN3mod5patch15writeBranchPairEPvS1_S1_
 .text._prolog  0x80006610       0xac rel.o
                0x80006610                _prolog
 .text._epilog  0x800066bc       0xac rel.o
                0x800066bc                _epilog
 .text._unresolved
                0x80006768        0x4 rel.o
                0x80006768                _unresolved
 .text._ZN3mod7ugProbeEi
                0x8000676c      0x110 ug.o
                0x8000676c                _ZN3mod7ugProbeEi
 .text._ZN3mod6ugSendEiPKvi
                0x8000687c      0x12c ug.o
                0x8000687c                _ZN3mod6ugSendEiPKvi
 .text._ZN3mod6ugRecvEiPvi
                0x800069a8      0x124 ug.o
                0x800069a8                _ZN3mod6ugRecvEiPvi
 .text.strstr   0x80006acc       0xf0 util.o
                0x80006acc                strstr
 .text._Z15ApplyAaaPatchesPN2gc6OSLink12OSModuleInfoE
                0x80006bbc       0x50 aaa.o
                0x80006bbc                _Z15ApplyAaaPatchesPN2gc6OSLink12OSModuleInfoE
 .text._Z15ApplyAjiPatchesPN2gc6OSLink12OSModuleInfoE
                0x80006c0c      0x8ac aji.o
                0x80006c0c                _Z15ApplyAjiPatchesPN2gc6OSLink12OSModuleInfoE
 .text._Z15ApplyBomPatchesPN2gc6OSLink12OSModuleInfoE
                0x800074b8      0x32c bom.o
                0x800074b8                _Z15ApplyBomPatchesPN2gc6OSLink12OSModuleInfoE
 .text._Z15ApplyDouPatchesPN2gc6OSLink12OSModuleInfoE
                0x800077e4      0x30c dou.o
                0x800077e4                _Z15ApplyDouPatchesPN2gc6OSLink12OSModuleInfoE
 .text._Z15ApplyEkiPatchesPN2gc6OSLink12OSModuleInfoE
                0x80007af0      0x270 eki.o
                0x80007af0                _Z15ApplyEkiPatchesPN2gc6OSLink12OSModuleInfoE
 .text._Z15ApplyEndPatchesPN2gc6OSLink12OSModuleInfoE
                0x80007d60       0x30 end.o
                0x80007d60                _Z15ApplyEndPatchesPN2gc6OSLink12OSModuleInfoE
 .text._Z15ApplyGonPatchesPN2gc6OSLink12OSModuleInfoE
                0x80007d90      0x354 gon.o
                0x80007d90                _Z15ApplyGonPatchesPN2gc6OSLink12OSModuleInfoE
 .text._Z17ApplyGor00PatchesPN2gc6OSLink12OSModuleInfoE
                0x800080e4      0x624 gor_00.o
                0x800080e4                _Z17ApplyGor00PatchesPN2gc6OSLink12OSModuleInfoE
 .text.startup._GLOBAL__sub_I__Z17ApplyGor00PatchesPN2gc6OSLink12OSModuleInfoE
                0x80008708       0x14 gor_00.o
 .text._Z17ApplyGor01PatchesPN2gc6OSLink12OSModuleInfoE
                0x8000871c      0x43c gor_01.o
                0x8000871c                _Z17ApplyGor01PatchesPN2gc6OSLink12OSModuleInfoE
 .text._Z17ApplyGor02PatchesPN2gc6OSLink12OSModuleInfoE
                0x80008b58      0x4d8 gor_02.o
                0x80008b58                _Z17ApplyGor02PatchesPN2gc6OSLink12OSModuleInfoE
 .text._Z17ApplyGor03PatchesPN2gc6OSLink12OSModuleInfoE
                0x80009030      0x4e4 gor_03.o
                0x80009030                _Z17ApplyGor03PatchesPN2gc6OSLink12OSModuleInfoE
 .text._Z17ApplyGor04PatchesPN2gc6OSLink12OSModuleInfoE
                0x80009514      0x170 gor_04.o
                0x80009514                _Z17ApplyGor04PatchesPN2gc6OSLink12OSModuleInfoE
 .text._Z19ApplyGorMiscPatchesPN2gc6OSLink12OSModuleInfoE
                0x80009684      0x118 gor_misc.o
                0x80009684                _Z19ApplyGorMiscPatchesPN2gc6OSLink12OSModuleInfoE
 .text._Z15ApplyGraPatchesPN2gc6OSLink12OSModuleInfoE
                0x8000979c      0x218 gra.o
                0x8000979c                _Z15ApplyGraPatchesPN2gc6OSLink12OSModuleInfoE
 .text._Z15ApplyHeiPatchesPN2gc6OSLink12OSModuleInfoE
                0x800099b4      0x230 hei.o
                0x800099b4                _Z15ApplyHeiPatchesPN2gc6OSLink12OSModuleInfoE
 .text._Z15ApplyHomPatchesPN2gc6OSLink12OSModuleInfoE
                0x80009be4      0x140 hom.o
                0x80009be4                _Z15ApplyHomPatchesPN2gc6OSLink12OSModuleInfoE
 .text._Z15ApplyJinPatchesPN2gc6OSLink12OSModuleInfoE
                0x80009d24      0x314 jin.o
                0x80009d24                _Z15ApplyJinPatchesPN2gc6OSLink12OSModuleInfoE
 .text._Z15ApplyKpaPatchesPN2gc6OSLink12OSModuleInfoE
                0x8000a038       0xe4 kpa.o
                0x8000a038                _Z15ApplyKpaPatchesPN2gc6OSLink12OSModuleInfoE
 .text._Z24ApplyMainAssemblyPatchesv
                0x8000a11c      0x4d0 main.o
                0x8000a11c                _Z24ApplyMainAssemblyPatchesv
 .text._Z22ApplyMainScriptPatchesv
                0x8000a5ec      0x1e8 main.o
                0x8000a5ec                _Z22ApplyMainScriptPatchesv
 .text._Z15ApplyMriPatchesPN2gc6OSLink12OSModuleInfoE
                0x8000a7d4      0xc14 mri.o
                0x8000a7d4                _Z15ApplyMriPatchesPN2gc6OSLink12OSModuleInfoE
 .text._Z15ApplyMujPatchesPN2gc6OSLink12OSModuleInfoE
                0x8000b3e8      0x998 muj.o
                0x8000b3e8                _Z15ApplyMujPatchesPN2gc6OSLink12OSModuleInfoE
 .text._Z15ApplyNokPatchesPN2gc6OSLink12OSModuleInfoE
                0x8000bd80      0x390 nok.o
                0x8000bd80                _Z15ApplyNokPatchesPN2gc6OSLink12OSModuleInfoE
 .text._Z15ApplyPikPatchesPN2gc6OSLink12OSModuleInfoE
                0x8000c110      0x534 pik.o
                0x8000c110                _Z15ApplyPikPatchesPN2gc6OSLink12OSModuleInfoE
 .text._Z15ApplyRshPatchesPN2gc6OSLink12OSModuleInfoE
                0x8000c644      0xf90 rsh.o
                0x8000c644                _Z15ApplyRshPatchesPN2gc6OSLink12OSModuleInfoE
 .text._Z18checkChapterClearsPN4ttyd6evtmgr8EvtEntryEb
                0x8000d5d4       0x8c tik.o
                0x8000d5d4                _Z18checkChapterClearsPN4ttyd6evtmgr8EvtEntryEb
 .text._Z15ApplyTikPatchesPN2gc6OSLink12OSModuleInfoE
                0x8000d660      0x5c0 tik.o
                0x8000d660                _Z15ApplyTikPatchesPN2gc6OSLink12OSModuleInfoE
 .text._Z15ApplyTouPatchesPN2gc6OSLink12OSModuleInfoE
                0x8000dc20     0x1128 tou.o
                0x8000dc20                _Z15ApplyTouPatchesPN2gc6OSLink12OSModuleInfoE
 .text._Z16ApplyTou2PatchesPN2gc6OSLink12OSModuleInfoE
                0x8000ed48      0x384 tou2.o
                0x8000ed48                _Z16ApplyTou2PatchesPN2gc6OSLink12OSModuleInfoE
 .text._Z15ApplyUsuPatchesPN2gc6OSLink12OSModuleInfoE
                0x8000f0cc      0x90c usu.o
                0x8000f0cc                _Z15ApplyUsuPatchesPN2gc6OSLink12OSModuleInfoE
 .text._Z15ApplyWinPatchesPN2gc6OSLink12OSModuleInfoE
                0x8000f9d8      0x318 win.o
                0x8000f9d8                _Z15ApplyWinPatchesPN2gc6OSLink12OSModuleInfoE
 .text.__divdi3
                0x8000fcf0      0x3ec C:/devkitPro/devkitPPC/bin/../lib/gcc/powerpc-eabi/13.1.0\libgcc.a(_divdi3.o)
                0x8000fcf0                __divdi3
 *(.gnu.warning)
 *(.gnu.linkonce.t.*)
                0x800100e0                        . = ALIGN (0x20)
 *fill*         0x800100dc        0x4 00000000

.text._ZN3mod13mario_set_posMUlPKcE_4_FUNES2_
                0x00000000       0x6c
 .text._ZN3mod13mario_set_posMUlPKcE_4_FUNES2_
                0x00000000       0x6c con_mario.o
                0x00000000                _ZN3mod13mario_set_posMUlPKcE_4_FUNES2_
                0x00000000                _ZN3mod13mario_set_posMUlPKcE_4_FUNES1_

.text._ZN3mod15perf_fake_spikeMUlPKcE_4_FUNES2_
                0x00000000       0xa8
 .text._ZN3mod15perf_fake_spikeMUlPKcE_4_FUNES2_
                0x00000000       0xa8 con_perf.o
                0x00000000                _ZN3mod15perf_fake_spikeMUlPKcE_4_FUNES1_
                0x00000000                _ZN3mod15perf_fake_spikeMUlPKcE_4_FUNES2_

.text._ZN3mod14seq_change_mapMUlPKcE_4_FUNES2_
                0x00000000       0xf0
 .text._ZN3mod14seq_change_mapMUlPKcE_4_FUNES2_
                0x00000000       0xf0 con_seq.o
                0x00000000                _ZN3mod14seq_change_mapMUlPKcE_4_FUNES2_
                0x00000000                _ZN3mod14seq_change_mapMUlPKcE_4_FUNES1_

.text._ZN3mod8con_monoMUlPNS_9ConIntVarEiE_4_FUNES2_i
                0x00000000       0x3c
 .text._ZN3mod8con_monoMUlPNS_9ConIntVarEiE_4_FUNES2_i
                0x00000000       0x3c console.o
                0x00000000                _ZN3mod8con_monoMUlPNS_9ConIntVarEiE_4_FUNES1_i
                0x00000000                _ZN3mod8con_monoMUlPNS_9ConIntVarEiE_4_FUNES2_i

.fini           0x0000003c        0x4
 *(.fini)
                0x00000040                        . = ALIGN (0x20)
 *fill*         0x0000003c        0x4 00000000
                [!provide]                        PROVIDE (__etext = .)
                [!provide]                        PROVIDE (_etext = .)
                [!provide]                        PROVIDE (etext = .)

.rodata         0x00000040     0xa6e0
 *(.rodata)
 *(.rodata.*)
 .rodata._ZZN3mod3owr3OWR4InitEvENUlPKcE_4_FUNES3_.str1.4
                0x00000040       0x79 OWR.o
 *fill*         0x000000b9        0x3 
 .rodata._ZN3mod3owr3OWR6LZTestEv.str1.4
                0x000000bc        0x7 OWR.o
 *fill*         0x000000c3        0x1 
 .rodata._ZN3mod3owr3OWR14OnModuleLoadedEPN2gc6OSLink12OSModuleInfoE
                0x000000c4       0x74 OWR.o
 .rodata._ZN3mod13mario_set_posMUlPKcE_4_FUNES2_.str1.4
                0x00000138        0x9 con_mario.o
 *fill*         0x00000141        0x3 
 .rodata._ZN3modL13mod_if_func22Ev.str1.4
                0x00000144       0x20 con_mario.o
 .rodata._GLOBAL__sub_I__ZN3mod13mario_set_posE.str1.4
                0x00000164       0x1f con_mario.o
 *fill*         0x00000183        0x1 
 .rodata._ZN3modL13mod_if_func46Ev.str1.4
                0x00000184       0x5e con_perf.o
 *fill*         0x000001e2        0x2 
 .rodata._ZN3mod15perf_fake_spikeMUlPKcE_4_FUNES2_.str1.4
                0x000001e4        0x4 con_perf.o
 .rodata._ZN3modL13mod_if_func29Ev.str1.4
                0x000001e8       0x1c con_perf.o
 .rodata._GLOBAL__sub_I__ZN3mod15perf_fake_spikeE.str1.4
                0x00000204       0x2b con_perf.o
 *fill*         0x0000022f        0x1 
 .rodata.cst4   0x00000230       0x14 con_perf.o
 .rodata._ZN3mod14seq_change_mapMUlPKcE_4_FUNES2_.str1.4
                0x00000244       0x20 con_seq.o
 .rodata._GLOBAL__sub_I__ZN3mod13seq_logo_skipE.str1.4
                0x00000264       0x1f con_seq.o
 *fill*         0x00000283        0x1 
 .rodata._ZN3mod13ConsoleSystem8logColorEPKcN2gc6color4E.str1.4
                0x00000284       0x83 console.o
 *fill*         0x00000307        0x1 
 .rodata._ZN3mod7CC_findEPKc.str1.4
                0x00000308       0x21 console.o
 *fill*         0x00000329        0x3 
 .rodata._ZN3mod13ConsoleSystem14processCommandEPKc.str1.4
                0x0000032c       0x2e console.o
 *fill*         0x0000035a        0x2 
 .rodata._ZN3mod13ConsoleSystem12updatePromptEv
                0x0000035c      0x6c0 console.o
 .rodata._ZN3mod13ConsoleSystem14updateUsbGeckoEv.part.0.str1.4
                0x00000a1c       0x75 console.o
 *fill*         0x00000a91        0x3 
 .rodata._ZN3mod13ConsoleSystem4dispEv.str1.4
                0x00000a94       0x16 console.o
 *fill*         0x00000aaa        0x2 
 .rodata._GLOBAL__sub_I__ZN3mod10ConCommand6sFirstE.str1.4
                0x00000aac       0x8d console.o
 .rodata._ZZN3mod13ConsoleSystem4dispEvE12kPromptColor
                0x00000b39        0x4 console.o
 *fill*         0x00000b3d        0x3 
 .rodata.cst4   0x00000b40        0x8 console.o
 .rodata.cst4   0x00000b48        0x4 mod.o
 .rodata._ZL20aji_17_init_evt_hook
                0x00000b4c       0x10 aji.o
 .rodata._ZL19aji_17_init_evt_evt
                0x00000b5c       0x4c aji.o
 .rodata._ZL20aji_10_init_evt_hook
                0x00000ba8       0x10 aji.o
 .rodata.str1.4
                0x00000bb8       0x43 aji.o
 *fill*         0x00000bfb        0x1 
 .rodata._ZL19aji_10_init_evt_evt
                0x00000bfc      0x284 aji.o
 .rodata._ZL18teshita3_init_hook
                0x00000e80       0x10 aji.o
 .rodata._ZL17teshita3_init_evt
                0x00000e90       0xc0 aji.o
 .rodata._ZL18teshita2_init_hook
                0x00000f50       0x10 aji.o
 .rodata._ZL17teshita2_init_evt
                0x00000f60       0xc0 aji.o
 .rodata._ZL20peach_evt_ele_2_hook
                0x00001020       0x24 aji.o
 .rodata._ZL19peach_evt_ele_2_evt
                0x00001044       0x6c aji.o
 .rodata._ZL20aji_00_init_evt_hook
                0x000010b0       0x10 aji.o
 .rodata._ZL19aji_00_init_evt_evt
                0x000010c0       0x5c aji.o
 .rodata._ZL4npc4
                0x0000111c       0x13 aji.o
 *fill*         0x0000112f        0x1 
 .rodata._ZL4npc3
                0x00001130        0x7 aji.o
 *fill*         0x00001137        0x1 
 .rodata._ZL4npc2
                0x00001138        0xf aji.o
 *fill*         0x00001147        0x1 
 .rodata._ZL4npc1
                0x00001148        0x7 aji.o
 *fill*         0x0000114f        0x1 
 .rodata._ZL21gor_00_init_evt2_hook
                0x00001150       0x10 gor_00.o
 .rodata._ZL21gor_00_init_evt1_hook
                0x00001160       0x10 gor_00.o
 .rodata.str1.4
                0x00001170      0x2ce gor_00.o
 *fill*         0x0000143e        0x2 
 .rodata._ZL16gor_00_init_evt1
                0x00001440      0x1f8 gor_00.o
 .rodata._ZL18korutesu_init_hook
                0x00001638       0x10 gor_00.o
 .rodata._ZL17korutesu_init_evt
                0x00001648       0x58 gor_00.o
 .rodata._ZL20suifubomb_b_talk_evt
                0x000016a0       0xd4 gor_00.o
 .rodata._ZL21suifubomb_b_regl_hook
                0x00001774       0x10 gor_00.o
 .rodata._ZL20suifubomb_b_regl_evt
                0x00001784      0x120 gor_00.o
 .rodata._ZL20suifubomb_a_talk_evt
                0x000018a4      0x150 gor_00.o
 .rodata._ZL21suifubomb_a_regl_hook
                0x000019f4       0x10 gor_00.o
 .rodata._ZL20suifubomb_a_regl_evt
                0x00001a04       0x90 gor_00.o
 .rodata._ZL21suifubomb_a_init_hook
                0x00001a94       0x10 gor_00.o
 .rodata._ZL20suifubomb_a_init_evt
                0x00001aa4       0xc8 gor_00.o
 .rodata._ZL16suifu_b_talk_evt
                0x00001b6c       0xd4 gor_00.o
 .rodata._ZL20luigi_npcEnt_00_hook
                0x00001c40       0x10 gor_00.o
 .rodata._ZL19luigi_npcEnt_00_evt
                0x00001c50       0x80 gor_00.o
 .rodata._ZL18luigi_init_00_hook
                0x00001cd0       0x10 gor_00.o
 .rodata._ZL17luigi_init_00_evt
                0x00001ce0       0x50 gor_00.o
 .rodata._ZL16mokorim_init_evt
                0x00001d30       0x30 gor_00.o
 .rodata._ZL17suifu_b_init_hook
                0x00001d60       0x10 gor_00.o
 .rodata._ZL16suifu_b_init_evt
                0x00001d70       0xc8 gor_00.o
 .rodata._ZL17suifu_a_regl_hook
                0x00001e38       0x10 gor_00.o
 .rodata._ZL16suifu_a_regl_evt
                0x00001e48       0x80 gor_00.o
 .rodata._ZL16suifu_a_talk_evt
                0x00001ec8       0xd4 gor_00.o
 .rodata._ZL19odoodo_ani_talk_evt
                0x00001f9c       0x20 gor_00.o
 .rodata._ZL15odoodo_talk_evt
                0x00001fbc      0x128 gor_00.o
 .rodata._ZL16odoodo_regl_hook
                0x000020e4       0x10 gor_00.o
 .rodata._ZL15odoodo_regl_evt
                0x000020f4       0x94 gor_00.o
 .rodata._ZL15odoodo_init_evt
                0x00002188      0x114 gor_00.o
 .rodata._ZL17garawaru_talk_evt
                0x0000229c       0xb8 gor_00.o
 .rodata._ZL18garawaru_regl_hook
                0x00002354       0x10 gor_00.o
 .rodata._ZL17garawaru_regl_evt
                0x00002364      0x120 gor_00.o
 .rodata._ZL18garawaru_init_hook
                0x00002484       0x10 gor_00.o
 .rodata._ZL17garawaru_init_evt
                0x00002494      0x140 gor_00.o
 .rodata._ZL7npcEnt2
                0x000025d4        0x9 gor_00.o
 *fill*         0x000025dd        0x3 
 .rodata._ZL6npcEnt
                0x000025e0        0x9 gor_00.o
 *fill*         0x000025e9        0x3 
 .rodata.str1.4
                0x000025ec       0xb2 gor_01.o
 *fill*         0x0000269e        0x2 
 .rodata._ZL15bomhei_talk_evt
                0x000026a0       0x20 gor_01.o
 .rodata._ZL16chusan2_talk_evt
                0x000026c0       0x20 gor_01.o
 .rodata._ZL16chusan1_talk_evt
                0x000026e0       0x20 gor_01.o
 .rodata._ZL16kuribo3_talk_evt
                0x00002700       0x20 gor_01.o
 .rodata._ZL16kuribo2_talk_evt
                0x00002720       0x20 gor_01.o
 .rodata._ZL16kuribo1_talk_evt
                0x00002740       0x20 gor_01.o
 .rodata._ZL15roten2_talk_evt
                0x00002760       0x20 gor_01.o
 .rodata._ZL15roten1_talk_evt
                0x00002780       0x20 gor_01.o
 .rodata._ZL19shoptender_talk_evt
                0x000027a0       0x20 gor_01.o
 .rodata._ZL15kinoji_talk_evt
                0x000027c0       0x20 gor_01.o
 .rodata._ZL19bottakuru_init_hook
                0x000027e0       0x10 gor_01.o
 .rodata._ZL18bottakuru_init_evt
                0x000027f0       0x70 gor_01.o
 .rodata._ZL18marco_init_01_hook
                0x00002860       0x10 gor_01.o
 .rodata._ZL17marco_init_01_evt
                0x00002870       0x40 gor_01.o
 .rodata._ZL20badgemaster_talk_evt
                0x000028b0       0x20 gor_01.o
 .rodata._Z17ApplyGor02PatchesPN2gc6OSLink12OSModuleInfoE.str1.4
                0x000028d0        0x3 gor_02.o
 *fill*         0x000028d3        0x1 
 .rodata.str1.4
                0x000028d4      0x14e gor_02.o
 *fill*         0x00002a22        0x2 
 .rodata._ZL19kurihakase_talk_evt
                0x00002a24      0x2cc gor_02.o
 .rodata._ZL21evt_door_02_open_hook
                0x00002cf0       0x14 gor_02.o
 .rodata._ZL20evt_door_02_open_evt
                0x00002d04      0x188 gor_02.o
 .rodata._ZL21gor_02_init_evt2_hook
                0x00002e8c       0x14 gor_02.o
 .rodata._ZL16gor_02_init_evt2
                0x00002ea0       0xcc gor_02.o
 .rodata._ZL21gor_02_init_evt1_hook
                0x00002f6c       0x14 gor_02.o
 .rodata._ZL16gor_02_init_evt1
                0x00002f80      0x138 gor_02.o
 .rodata._ZL16borodo2_talk_evt
                0x000030b8       0x20 gor_02.o
 .rodata._ZL16borodo1_talk_evt
                0x000030d8       0x20 gor_02.o
 .rodata._ZL15roten3_talk_evt
                0x000030f8       0x20 gor_02.o
 .rodata._ZL16chusan3_talk_evt
                0x00003118       0x20 gor_02.o
 .rodata._ZL16kuribo4_talk_evt
                0x00003138       0x20 gor_02.o
 .rodata.str1.4
                0x00003158       0xf9 gor_03.o
 *fill*         0x00003251        0x3 
 .rodata._ZL16maffia3_talk_evt
                0x00003254       0x20 gor_03.o
 .rodata._ZL16maffia2_talk_evt
                0x00003274      0x140 gor_03.o
 .rodata._ZL16maffia1_talk_evt
                0x000033b4      0x140 gor_03.o
 .rodata._ZL26maffiaboss_casino_talk_evt
                0x000034f4       0x20 gor_03.o
 .rodata._ZL26maffiaboss_talk_common_evt
                0x00003514      0x120 gor_03.o
 .rodata.str1.4
                0x00003634       0x18 gra.o
 .rodata._ZL17evt_machibuse_evt
                0x0000364c       0x4c gra.o
 .rodata._ZL8doopliss
                0x00003698        0xb gra.o
 *fill*         0x000036a3        0x1 
 .rodata._ZL20mri_09_init_evt_hook
                0x000036a4       0x10 mri.o
 .rodata.str1.4
                0x000036b4      0x19f mri.o
 *fill*         0x00003853        0x1 
 .rodata._ZL19mri_09_init_evt_evt
                0x00003854      0x14c mri.o
 .rodata._ZL20mri_04_init_evt_hook
                0x000039a0       0x10 mri.o
 .rodata._ZL19mri_04_init_evt_evt
                0x000039b0       0x30 mri.o
 .rodata._ZL16bero_custom_hook
                0x000039e0       0x10 mri.o
 .rodata._ZL15bero_custom_evt
                0x000039f0       0x44 mri.o
 .rodata._ZL21mri_01_init_evt_hook2
                0x00003a34       0x10 mri.o
 .rodata._ZL19mri_01_init_evt_evt
                0x00003a44       0x30 mri.o
 .rodata._ZL18puniinfo_talk_hook
                0x00003a74       0x10 mri.o
 .rodata._ZL20mri_03_init_evt_hook
                0x00003a84       0x14 mri.o
 .rodata._ZL22mri_03_init_evt_switch
                0x00003a98       0x9c mri.o
 .rodata._ZL20mri_01_init_evt_hook
                0x00003b34       0x14 mri.o
 .rodata._ZL22mri_01_init_evt_switch
                0x00003b48       0xb0 mri.o
 .rodata._ZL23mri_sister_init_01_hook
                0x00003bf8       0x10 mri.o
 .rodata._ZL22mri_sister_init_01_evt
                0x00003c08       0xa8 mri.o
 .rodata._ZL16puni_2_init_hook
                0x00003cb0       0x10 mri.o
 .rodata._ZL15puni_2_init_evt
                0x00003cc0       0x78 mri.o
 .rodata._ZL16puni_1_talk_hook
                0x00003d38       0x10 mri.o
 .rodata._ZL15puni_1_talk_evt
                0x00003d48       0xb0 mri.o
 .rodata._ZL16puni_1_init_hook
                0x00003df8       0x10 mri.o
 .rodata._ZL15puni_1_init_evt
                0x00003e08       0x78 mri.o
 .rodata._ZL15elder_talk_hook
                0x00003e80       0x10 mri.o
 .rodata._ZL14elder_talk_evt
                0x00003e90       0xb8 mri.o
 .rodata._ZL22mri_elder_init_01_hook
                0x00003f48       0x10 mri.o
 .rodata._ZL21mri_elder_init_01_evt
                0x00003f58       0xcc mri.o
 .rodata._ZL22mri_rival_init_01_hook
                0x00004024       0x10 mri.o
 .rodata._ZL21mri_rival_init_01_evt
                0x00004034       0xa8 mri.o
 .rodata._ZL18guide_init_01_hook
                0x000040dc       0x10 mri.o
 .rodata._ZL17guide_init_01_evt
                0x000040ec       0x8c mri.o
 .rodata._ZL15guide_talk_hook
                0x00004178       0x10 mri.o
 .rodata._ZL14guide_talk_evt
                0x00004188       0x98 mri.o
 .rodata._ZL18guide_init_00_hook
                0x00004220       0x10 mri.o
 .rodata._ZL17guide_init_00_evt
                0x00004230      0x150 mri.o
 .rodata._ZL20muj_01_init_evt_hook
                0x00004380       0x14 muj.o
 .rodata._ZL19muj_01_init_evt_evt
                0x00004394       0x50 muj.o
 .rodata._ZL21borosuifu_b_talk_hook
                0x000043e4       0x10 muj.o
 .rodata.str1.4
                0x000043f4      0x384 muj.o
 .rodata._ZL20borosuifu_b_talk_evt
                0x00004778       0xf8 muj.o
 .rodata._ZL21borosuifu_a_talk_hook
                0x00004870       0x10 muj.o
 .rodata._ZL20borosuifu_a_talk_evt
                0x00004880       0xf8 muj.o
 .rodata._ZL24suifu_d_talk_muj_01_hook
                0x00004978       0x10 muj.o
 .rodata._ZL23suifu_d_talk_muj_01_evt
                0x00004988       0xf8 muj.o
 .rodata._ZL20suifu_bomb_talk_hook
                0x00004a80       0x10 muj.o
 .rodata._ZL19suifu_bomb_talk_evt
                0x00004a90       0xf4 muj.o
 .rodata._ZL20suifu_bomb_init_hook
                0x00004b84       0x10 muj.o
 .rodata._ZL19suifu_bomb_init_evt
                0x00004b94       0x30 muj.o
 .rodata._ZL24suifu_a_talk_muj_01_hook
                0x00004bc4       0x10 muj.o
 .rodata._ZL23suifu_a_talk_muj_01_evt
                0x00004bd4       0xf4 muj.o
 .rodata._ZL24suifu_a_init_muj_01_hook
                0x00004cc8       0x10 muj.o
 .rodata._ZL23suifu_a_init_muj_01_evt
                0x00004cd8       0x30 muj.o
 .rodata._ZL23odoodo_init_muj_01_hook
                0x00004d08       0x10 muj.o
 .rodata._ZL22odoodo_init_muj_01_evt
                0x00004d18       0x30 muj.o
 .rodata._ZL23megane_init_muj_01_hook
                0x00004d48       0x10 muj.o
 .rodata._ZL22megane_init_muj_01_evt
                0x00004d58       0x30 muj.o
 .rodata._ZL22marco_init_muj_01_hook
                0x00004d88       0x10 muj.o
 .rodata._ZL21marco_init_muj_01_evt
                0x00004d98       0xcc muj.o
 .rodata._ZL25garawaru_talk_muj_01_hook
                0x00004e64       0x10 muj.o
 .rodata._ZL24garawaru_talk_muj_01_evt
                0x00004e74      0x4b4 muj.o
 .rodata._ZL25garawaru_init_muj_01_hook
                0x00005328       0x10 muj.o
 .rodata._ZL24garawaru_init_muj_01_evt
                0x00005338      0x11c muj.o
 .rodata._ZL20muj_00_init_evt_hook
                0x00005454       0x44 muj.o
 .rodata._ZL21muj_00_init_evt_evt_2
                0x00005498       0x70 muj.o
 .rodata._ZL19muj_00_init_evt_evt
                0x00005508       0x40 muj.o
 .rodata._ZL22peton_talk_muj_00_hook
                0x00005548       0x10 muj.o
 .rodata._ZL21peton_talk_muj_00_evt
                0x00005558       0x8c muj.o
 .rodata._ZL21mony_talk_muj_00_hook
                0x000055e4       0x10 muj.o
 .rodata._ZL20mony_talk_muj_00_evt
                0x000055f4       0x8c muj.o
 .rodata._ZL17nokorin_talk_hook
                0x00005680       0x10 nok.o
 .rodata.str1.4
                0x00005690      0x4ee nok.o
 *fill*         0x00005b7e        0x2 
 .rodata._ZL16nokorin_talk_evt
                0x00005b80      0x2f4 nok.o
 .rodata._ZL19boss_noko_talk_hook
                0x00005e74       0x10 nok.o
 .rodata._ZL18boss_noko_talk_evt
                0x00005e84      0x164 nok.o
 .rodata._ZL20nokonoko_K_talk_hook
                0x00005fe8       0x10 nok.o
 .rodata._ZL19nokonoko_K_talk_evt
                0x00005ff8       0xd4 nok.o
 .rodata._ZL18nokopapa_talk_hook
                0x000060cc       0x10 nok.o
 .rodata._ZL17nokopapa_talk_evt
                0x000060dc      0x128 nok.o
 .rodata._ZL16monban_talk_hook
                0x00006204       0x10 nok.o
 .rodata._ZL15monban_talk_evt
                0x00006214      0x11c nok.o
 .rodata._ZL20nokonoko_I_talk_hook
                0x00006330       0x10 nok.o
 .rodata._ZL19nokonoko_I_talk_evt
                0x00006340       0xd4 nok.o
 .rodata._ZL20nokonoko_H_talk_hook
                0x00006414       0x10 nok.o
 .rodata._ZL19nokonoko_H_talk_evt
                0x00006424       0xfc nok.o
 .rodata._ZL20nokonoko_G_talk_hook
                0x00006520       0x10 nok.o
 .rodata._ZL19nokonoko_G_talk_evt
                0x00006530       0xd4 nok.o
 .rodata._ZL15talk_white_hook
                0x00006604       0x10 nok.o
 .rodata._ZL14talk_white_evt
                0x00006614       0xa4 nok.o
 .rodata._ZL15init_white_hook
                0x000066b8       0x10 nok.o
 .rodata._ZL14init_white_evt
                0x000066c8       0x44 nok.o
 .rodata._ZL20nokonoko_F_talk_hook
                0x0000670c       0x10 nok.o
 .rodata._ZL19nokonoko_F_talk_evt
                0x0000671c       0xd4 nok.o
 .rodata._ZL20nokonoko_D_talk_hook
                0x000067f0       0x10 nok.o
 .rodata._ZL19nokonoko_D_talk_evt
                0x00006800       0xfc nok.o
 .rodata._ZL20nokonoko_C_talk_hook
                0x000068fc       0x10 nok.o
 .rodata._ZL19nokonoko_C_talk_evt
                0x0000690c       0xd4 nok.o
 .rodata._ZL20nokonoko_B_talk_hook
                0x000069e0       0x10 nok.o
 .rodata._ZL19nokonoko_B_talk_evt
                0x000069f0       0xd4 nok.o
 .rodata._ZL20nokonoko_A_talk_hook
                0x00006ac4       0x10 nok.o
 .rodata._ZL19nokonoko_A_talk_evt
                0x00006ad4      0x10c nok.o
 .rodata._ZL14evt_daiza_hook
                0x00006be0       0x1c pik.o
 .rodata.str1.4
                0x00006bfc      0x142 pik.o
 *fill*         0x00006d3e        0x2 
 .rodata._ZL13evt_daiza_evt
                0x00006d40       0x5c pik.o
 .rodata._ZL18pik_evt_powan_hook
                0x00006d9c       0x28 pik.o
 .rodata._ZL17pik_evt_powan_evt
                0x00006dc4       0x80 pik.o
 .rodata._ZL16takun6_talk_hook
                0x00006e44       0x10 pik.o
 .rodata._ZL15takun6_talk_evt
                0x00006e54       0x78 pik.o
 .rodata._ZL16takun5_talk_hook
                0x00006ecc       0x10 pik.o
 .rodata._ZL15takun5_talk_evt
                0x00006edc       0x78 pik.o
 .rodata._ZL16takun4_talk_hook
                0x00006f54       0x10 pik.o
 .rodata._ZL15takun4_talk_evt
                0x00006f64       0xb4 pik.o
 .rodata._ZL18miyageya_talk_hook
                0x00007018       0x28 pik.o
 .rodata._ZL17miyageya_talk_evt
                0x00007040      0x114 pik.o
 .rodata._ZL27talk_madam_ring_return_hook
                0x00007154       0x14 rsh.o
 .rodata._ZL26talk_madam_ring_return_evt
                0x00007168       0x78 rsh.o
 .rodata._ZL16init_konari_hook
                0x000071e0       0x14 rsh.o
 .rodata.str1.4
                0x000071f4      0x1d5 rsh.o
 *fill*         0x000073c9        0x3 
 .rodata._ZL15init_konari_evt
                0x000073cc       0x9c rsh.o
 .rodata._ZL15init_powan_hook
                0x00007468       0x14 rsh.o
 .rodata._ZL14init_powan_evt
                0x0000747c       0xec rsh.o
 .rodata._ZL18talk_waitless_hook
                0x00007568       0x14 rsh.o
 .rodata._ZL17talk_waitless_evt
                0x0000757c       0x78 rsh.o
 .rodata._ZL20rsh_01_init_evt_hook
                0x000075f4       0x14 rsh.o
 .rodata._ZL19rsh_01_init_evt_evt
                0x00007608       0x80 rsh.o
 .rodata._ZL20rsh_00_init_evt_hook
                0x00007688       0x14 rsh.o
 .rodata._ZL19rsh_00_init_evt_evt
                0x0000769c       0xb8 rsh.o
 .rodata._ZL20rsh_04_init_evt_hook
                0x00007754       0x14 rsh.o
 .rodata._ZL19rsh_04_init_evt_evt
                0x00007768       0xa4 rsh.o
 .rodata._ZL26rsh_03_init_evt_music_hook
                0x0000780c       0x10 rsh.o
 .rodata._ZL21rsh_03_init_evt_music
                0x0000781c      0x1f8 rsh.o
 .rodata._ZL26rsh_02_init_evt_music_hook
                0x00007a14       0x10 rsh.o
 .rodata._ZL21rsh_02_init_evt_music
                0x00007a24      0x270 rsh.o
 .rodata._ZL26rsh_01_init_evt_music_hook
                0x00007c94       0x10 rsh.o
 .rodata._ZL21rsh_01_init_evt_music
                0x00007ca4      0x1f8 rsh.o
 .rodata._ZL26rsh_00_init_evt_music_hook
                0x00007e9c       0x10 rsh.o
 .rodata._ZL21rsh_00_init_evt_music
                0x00007eac      0x1f8 rsh.o
 .rodata._ZL26rsh_04_init_evt_music_hook
                0x000080a4       0x10 rsh.o
 .rodata._ZL21rsh_04_init_evt_music
                0x000080b4      0x1f8 rsh.o
 .rodata._ZL20rsh_06_init_evt_hook
                0x000082ac       0x10 rsh.o
 .rodata._ZL19rsh_06_init_evt_evt
                0x000082bc      0x178 rsh.o
 .rodata._ZL21tik_05_init_evt_hook2
                0x00008434       0x14 tik.o
 .rodata.str1.4
                0x00008448      0x227 tik.o
 *fill*         0x0000866f        0x1 
 .rodata._ZL20tik_05_init_evt_evt2
                0x00008670       0xd4 tik.o
 .rodata._ZL24tik_kurihakase_init_hook
                0x00008744       0x10 tik.o
 .rodata._ZL23tik_kurihakase_init_evt
                0x00008754       0x7c tik.o
 .rodata._ZL18master_2_talk_hook
                0x000087d0       0x10 tik.o
 .rodata._ZL17master_2_talk_evt
                0x000087e0      0x180 tik.o
 .rodata._ZL17borodo4_talk_hook
                0x00008960       0x10 tik.o
 .rodata._ZL16borodo4_talk_evt
                0x00008970      0x180 tik.o
 .rodata._ZL17borodo3_talk_hook
                0x00008af0       0x10 tik.o
 .rodata._ZL16borodo3_talk_evt
                0x00008b00      0x180 tik.o
 .rodata._ZL17chusan4_talk_hook
                0x00008c80       0x10 tik.o
 .rodata._ZL16chusan4_talk_evt
                0x00008c90      0x180 tik.o
 .rodata._ZL17kuribo5_talk_hook
                0x00008e10       0x10 tik.o
 .rodata._ZL16kuribo5_talk_evt
                0x00008e20      0x180 tik.o
 .rodata._ZL20tou_04_init_evt_hook
                0x00008fa0       0x10 tou.o
 .rodata._ZL19tou_04_init_evt_evt
                0x00008fb0       0x78 tou.o
 .rodata._ZL14yoshi_gswf_evt
                0x00009028       0x14 tou.o
 .rodata._ZL15jolene_egg_hook
                0x0000903c       0x10 tou.o
 .rodata.str1.4
                0x0000904c       0x5c tou.o
 .rodata._ZL14jolene_egg_evt
                0x000090a8      0x220 tou.o
 .rodata._ZL16talk_sakaba_hook
                0x000092c8       0x10 tou.o
 .rodata._ZL15talk_sakaba_evt
                0x000092d8       0x84 tou.o
 .rodata._ZL6jolene
                0x0000935c        0xb tou.o
 *fill*         0x00009367        0x1 
 .rodata._ZL20usu_00_init_evt_hook
                0x00009368       0x10 usu.o
 .rodata._ZL19usu_00_init_evt_evt
                0x00009378       0x4c usu.o
 .rodata._ZL20shop_woman_talk_hook
                0x000093c4       0x10 usu.o
 .rodata.str1.4
                0x000093d4      0x400 usu.o
 .rodata._ZL19shop_woman_talk_evt
                0x000097d4       0x78 usu.o
 .rodata._ZL18shop_man_talk_hook
                0x0000984c       0x10 usu.o
 .rodata._ZL17shop_man_talk_evt
                0x0000985c       0x78 usu.o
 .rodata._ZL19villagerJ_talk_hook
                0x000098d4       0x10 usu.o
 .rodata._ZL18villagerJ_talk_evt
                0x000098e4      0x104 usu.o
 .rodata._ZL19villagerI_talk_hook
                0x000099e8       0x10 usu.o
 .rodata._ZL18villagerI_talk_evt
                0x000099f8      0x104 usu.o
 .rodata._ZL19villagerH_talk_hook
                0x00009afc       0x10 usu.o
 .rodata._ZL18villagerH_talk_evt
                0x00009b0c       0xd0 usu.o
 .rodata._ZL19villagerG_talk_hook
                0x00009bdc       0x10 usu.o
 .rodata._ZL18villagerG_talk_evt
                0x00009bec       0xf0 usu.o
 .rodata._ZL19villagerF_talk_hook
                0x00009cdc       0x10 usu.o
 .rodata._ZL18villagerF_talk_evt
                0x00009cec       0xf0 usu.o
 .rodata._ZL19villagerK_talk_hook
                0x00009ddc       0x10 usu.o
 .rodata._ZL18villagerK_talk_evt
                0x00009dec      0x130 usu.o
 .rodata._ZL19villagerE_talk_hook
                0x00009f1c       0x10 usu.o
 .rodata._ZL18villagerE_talk_evt
                0x00009f2c      0x130 usu.o
 .rodata._ZL19villagerD_talk_hook
                0x0000a05c       0x10 usu.o
 .rodata._ZL18villagerD_talk_evt
                0x0000a06c      0x194 usu.o
 .rodata._ZL19villagerC_talk_hook
                0x0000a200       0x10 usu.o
 .rodata._ZL18villagerC_talk_evt
                0x0000a210       0xfc usu.o
 .rodata._ZL19villagerB_talk_hook
                0x0000a30c       0x10 usu.o
 .rodata._ZL18villagerB_talk_evt
                0x0000a31c       0xfc usu.o
 .rodata._ZL19villagerA_talk_hook
                0x0000a418       0x10 usu.o
 .rodata._ZL18villagerA_talk_evt
                0x0000a428      0x130 usu.o
 .rodata._ZL19villagerA_init_hook
                0x0000a558       0x10 usu.o
 .rodata._ZL18villagerA_init_evt
                0x0000a568       0x6c usu.o
 .rodata._ZL12usuVillagerA
                0x0000a5d4        0x7 usu.o
 *fill*         0x0000a5db        0x1 
 .rodata._ZL20win_00_init_evt_hook
                0x0000a5dc       0x10 win.o
 .rodata._ZL19win_00_init_evt_evt
                0x0000a5ec       0x30 win.o
 .rodata.str1.4
                0x0000a61c       0x14 win.o
 .rodata._ZL16majorin_init_evt
                0x0000a630       0x30 win.o
 .rodata._ZL16maririn_init_evt
                0x0000a660       0x30 win.o
 .rodata._ZL20win_vivian_init_hook
                0x0000a690       0x10 win.o
 .rodata._ZL19win_vivian_init_evt
                0x0000a6a0       0x80 win.o
 *(.gnu.linkonce.r.*)

.rodata1
 *(.rodata1)

.sdata2         0x0000a720        0x0
                [!provide]                        PROVIDE (_SDA2_BASE_ = .)
 *(.sdata2)
 *(.sdata2.*)
 *(.gnu.linkonce.s2.*)

.sbss2
 *(.sbss2)
 *(.sbss2.*)
 *(.gnu.linkonce.sb2.*)
                0x0000a720                        . = ALIGN (0x4)
                [!provide]                        PROVIDE (__preinit_array_start = .)

.preinit_array
 *(.preinit_array)
                [!provide]                        PROVIDE (__preinit_array_end = .)
                [!provide]                        PROVIDE (__init_array_start = .)

.init_array
 *(.init_array)
                [!provide]                        PROVIDE (__init_array_end = .)
                [!provide]                        PROVIDE (__fini_array_start = .)

.fini_array
 *(.fini_array)
                [!provide]                        PROVIDE (__fini_array_end = .)

.data           0x0000a720      0x2e0
 *(.data)
 *(.data.*)
 .data.GSWF_ARR_SIZE
                0x0000a720        0x2 OWR.o
                0x0000a720                GSWF_ARR_SIZE
 *fill*         0x0000a722        0x2 
 .data.GSWF_ARR
                0x0000a724       0x14 OWR.o
                0x0000a724                GSWF_ARR
 .data._ZN3mod6common12kItemDataArrE
                0x0000a738        0x4 common.o
                0x0000a738                _ZN3mod6common12kItemDataArrE
 .data._ZL16gor_00_init_evt2
                0x0000a73c      0x2bc gor_00.o
 *(.gnu.linkonce.d.*)
                0x0000aa00                        . = ALIGN (0x20)
 *fill*         0x0000a9f8        0x8 

.data1
 *(.data1)

.tdata
 *(.tdata .tdata.* .gnu.linkonce.td.*)

.tbss
 *(.tbss .tbss.* .gnu.linkonce.tb.*)
 *(.tcommon)

.eh_frame       0x0000aa00     0x1548
 *(.eh_frame)
 .eh_frame      0x0000aa00      0x170 OWR.o
                                0x220 (size before relaxing)
 .eh_frame      0x0000ab70        0x0 common.o
                                 0xc8 (size before relaxing)
 .eh_frame      0x0000ab70       0x70 con_mario.o
 .eh_frame      0x0000abe0       0xa4 con_perf.o
 .eh_frame      0x0000ac84       0xac con_seq.o
 .eh_frame      0x0000ad30      0x46c console.o
                                0x4bc (size before relaxing)
 .eh_frame      0x0000b19c       0x3c cxx.o
                                 0x64 (size before relaxing)
 .eh_frame      0x0000b1d8       0x84 keyboard.o
                                0x110 (size before relaxing)
 .eh_frame      0x0000b25c       0xb8 mod.o
                                0x120 (size before relaxing)
 .eh_frame      0x0000b314       0xd8 patch.o
                                0x1cc (size before relaxing)
 .eh_frame      0x0000b3ec       0x90 rel.o
 .eh_frame      0x0000b47c       0xbc ug.o
 .eh_frame      0x0000b538       0x3c util.o
 .eh_frame      0x0000b574       0x28 aaa.o
 .eh_frame      0x0000b59c       0x78 aji.o
 .eh_frame      0x0000b614       0x40 bom.o
 .eh_frame      0x0000b654       0x40 dou.o
 .eh_frame      0x0000b694       0x3c eki.o
 .eh_frame      0x0000b6d0       0x28 end.o
 .eh_frame      0x0000b6f8       0x3c gon.o
 .eh_frame      0x0000b734       0x7c gor_00.o
 .eh_frame      0x0000b7b0       0x54 gor_01.o
 .eh_frame      0x0000b804       0x64 gor_02.o
 .eh_frame      0x0000b868       0x64 gor_03.o
 .eh_frame      0x0000b8cc       0x38 gor_04.o
 .eh_frame      0x0000b904       0x34 gor_misc.o
 .eh_frame      0x0000b938       0x48 gra.o
 .eh_frame      0x0000b980       0x3c hei.o
 .eh_frame      0x0000b9bc       0x38 hom.o
 .eh_frame      0x0000b9f4       0x40 jin.o
 .eh_frame      0x0000ba34       0x30 kpa.o
 .eh_frame      0x0000ba64        0x0 las.o
                                 0x40 (size before relaxing)
 .eh_frame      0x0000ba64       0x6c main.o
 .eh_frame      0x0000bad0        0x0 moo.o
                                 0x30 (size before relaxing)
 .eh_frame      0x0000bad0       0x74 mri.o
 .eh_frame      0x0000bb44       0x74 muj.o
 .eh_frame      0x0000bbb8       0x54 nok.o
 .eh_frame      0x0000bc0c       0x60 pik.o
 .eh_frame      0x0000bc6c       0x78 rsh.o
 .eh_frame      0x0000bce4       0xa0 tik.o
                                 0xdc (size before relaxing)
 .eh_frame      0x0000bd84       0x70 tou.o
 .eh_frame      0x0000bdf4       0x40 tou2.o
 .eh_frame      0x0000be34       0x78 usu.o
 .eh_frame      0x0000beac       0x60 win.o
 .eh_frame      0x0000bf0c       0x3c C:/devkitPro/devkitPPC/bin/../lib/gcc/powerpc-eabi/13.1.0\libgcc.a(_divdi3.o)

.gcc_except_table
 *(.gcc_except_table)

.fixup
 *(.fixup)

.got1
 *(.got1)

.got2
 *(.got2)

.dynamic
 *(.dynamic)

.ctors          0x0000bf48       0x18
 *crtbegin.o(.ctors)
 *(EXCLUDE_FILE(*crtend.o) .ctors)
 .ctors         0x0000bf48        0x4 OWR.o
 .ctors         0x0000bf4c        0x4 con_mario.o
 .ctors         0x0000bf50        0x4 con_perf.o
 .ctors         0x0000bf54        0x4 con_seq.o
 .ctors         0x0000bf58        0x4 console.o
 .ctors         0x0000bf5c        0x4 gor_00.o
 *(SORT_BY_NAME(.ctors.*))
 *(.ctors)
                0x0000bf60                        . = ALIGN (0x20)
 *fill*         0x0000bf60        0x0 

.dtors          0x0000bf60        0x0
 *crtbegin.o(.dtors)
 *(EXCLUDE_FILE(*crtend.o) .dtors)
 *(SORT_BY_NAME(.dtors.*))
 *(.dtors)
                0x0000bf60                        . = ALIGN (0x20)

.jcr
 *(.jcr)

.got
 *(.got.plt)
 *(.got)

.sdata          0x0000bf60        0x0
                [!provide]                        PROVIDE (_SDA_BASE_ = .)
 *(.sdata)
 *(.sdata.*)
 *(.gnu.linkonce.s.*)
                0x0000bf60                        . = ALIGN (0x20)
                0x0000bf60                        _edata = .
                [!provide]                        PROVIDE (edata = .)

.sbss           0x0000bf60        0x0
                0x0000bf60                        __sbss_start = .
                [!provide]                        PROVIDE (__sbss_start = .)
                [!provide]                        PROVIDE (___sbss_start = .)
 *(.dynsbss)
 *(.sbss)
 *(.sbss.*)
 *(.gnu.linkonce.sb.*)
 *(.scommon)
                [!provide]                        PROVIDE (__sbss_end = .)
                [!provide]                        PROVIDE (___sbss_end = .)
                0x0000bf60                        . = ALIGN (0x20)
                0x0000bf60                        __sbss_end = .

.bss            0x0000bf60      0x160
                0x0000bf60                        __bss_start = .
                [!provide]                        PROVIDE (__bss_start = .)
 *(.dynbss)
 *(.bss)
 *(.bss.*)
 .bss._ZN3mod3owr22g_msgSearch_trampolineE
                0x0000bf60        0x4 OWR.o
                0x0000bf60                _ZN3mod3owr22g_msgSearch_trampolineE
 .bss._ZN3mod3owr25g_stg0_00_init_trampolineE
                0x0000bf64        0x4 OWR.o
                0x0000bf64                _ZN3mod3owr25g_stg0_00_init_trampolineE
 .bss._ZN3mod3owr19g_OSLink_trampolineE
                0x0000bf68        0x4 OWR.o
                0x0000bf68                _ZN3mod3owr19g_OSLink_trampolineE
 .bss._ZN3mod3owr5gSelfE
                0x0000bf6c        0x4 OWR.o
                0x0000bf6c                _ZN3mod3owr5gSelfE
 .bss._ZN3mod3owr7item_dbE
                0x0000bf70        0x4 OWR.o
                0x0000bf70                _ZN3mod3owr7item_dbE
 .bss._ZN3modL12mod_if_obj22E
                0x0000bf74        0x8 con_mario.o
 .bss._ZN3mod14mario_show_posE
                0x0000bf7c       0x10 con_mario.o
                0x0000bf7c                _ZN3mod14mario_show_posE
 .bss._ZN3mod13mario_set_posE
                0x0000bf8c        0xc con_mario.o
                0x0000bf8c                _ZN3mod13mario_set_posE
 .bss._ZN3modL12mod_if_obj46E
                0x0000bf98        0x8 con_perf.o
 .bss._ZN3mod14mem_debug_heapE
                0x0000bfa0       0x10 con_perf.o
                0x0000bfa0                _ZN3mod14mem_debug_heapE
 .bss._ZN3modL12mod_if_obj29E
                0x0000bfb0        0x8 con_perf.o
 .bss._ZN3mod9perf_showE
                0x0000bfb8       0x10 con_perf.o
                0x0000bfb8                _ZN3mod9perf_showE
 .bss._ZN3mod15perf_fake_spikeE
                0x0000bfc8        0xc con_perf.o
                0x0000bfc8                _ZN3mod15perf_fake_spikeE
 .bss._ZN3mod14seq_change_mapE
                0x0000bfd4        0xc con_seq.o
                0x0000bfd4                _ZN3mod14seq_change_mapE
 .bss._ZN3modL12mod_if_obj16E
                0x0000bfe0        0x8 con_seq.o
 .bss._ZN3mod24gTrampoline_seq_logoMainE
                0x0000bfe8        0x4 con_seq.o
                0x0000bfe8                _ZN3mod24gTrampoline_seq_logoMainE
 .bss._ZN3mod13seq_logo_skipE
                0x0000bfec       0x10 con_seq.o
                0x0000bfec                _ZN3mod13seq_logo_skipE
 .bss._ZN3mod4findE
                0x0000bffc        0xc console.o
                0x0000bffc                _ZN3mod4findE
 .bss._ZN3mod11con_ug_chanE
                0x0000c008       0x10 console.o
                0x0000c008                _ZN3mod11con_ug_chanE
 .bss._ZN3mod11con_ug_modeE
                0x0000c018       0x10 console.o
                0x0000c018                _ZN3mod11con_ug_modeE
 .bss._ZN3mod21con_log_fade_durationE
                0x0000c028       0x10 console.o
                0x0000c028                _ZN3mod21con_log_fade_durationE
 .bss._ZN3mod18con_log_fade_startE
                0x0000c038       0x10 console.o
                0x0000c038                _ZN3mod18con_log_fade_startE
 .bss._ZN3mod12con_log_fadeE
                0x0000c048       0x10 console.o
                0x0000c048                _ZN3mod12con_log_fadeE
 .bss._ZN3mod13con_log_levelE
                0x0000c058       0x10 console.o
                0x0000c058                _ZN3mod13con_log_levelE
 .bss._ZN3mod11con_rainbowE
                0x0000c068       0x10 console.o
                0x0000c068                _ZN3mod11con_rainbowE
 .bss._ZN3mod8con_monoE
                0x0000c078       0x10 console.o
                0x0000c078                _ZN3mod8con_monoE
 .bss._ZN3mod8con_showE
                0x0000c088       0x10 console.o
                0x0000c088                _ZN3mod8con_showE
 .bss._ZN3mod8gConsoleE
                0x0000c098        0x4 console.o
                0x0000c098                _ZN3mod8gConsoleE
 .bss._ZN3mod9ConIntVar6sFirstE
                0x0000c09c        0x4 console.o
                0x0000c09c                _ZN3mod9ConIntVar6sFirstE
 .bss._ZN3mod10ConCommand6sFirstE
                0x0000c0a0        0x4 console.o
                0x0000c0a0                _ZN3mod10ConCommand6sFirstE
 .bss._ZN3mod4gModE
                0x0000c0a4        0x4 mod.o
                0x0000c0a4                _ZN3mod4gModE
 .bss._ZN17ModUpdateFunction6sFirstE
                0x0000c0a8        0x4 mod.o
                0x0000c0a8                _ZN17ModUpdateFunction6sFirstE
 .bss._ZN15ModInitFunction6sFirstE
                0x0000c0ac        0x4 mod.o
                0x0000c0ac                _ZN15ModInitFunction6sFirstE
 *(.gnu.linkonce.b.*)
 *(COMMON)
                0x0000c0c0                        . = ALIGN (0x20)
 *fill*         0x0000c0b0       0x10 
                [!provide]                        PROVIDE (__bss_end = .)
                0x0000c0c0                        __bss_end = .
                0x0000c0c0                        _end = .
                [!provide]                        PROVIDE (end = .)

.bss._ZZNK3mod14seq_change_mapMUlPKcE_clES2_E8beroName
                0x00000000       0x20
 .bss._ZZNK3mod14seq_change_mapMUlPKcE_clES2_E8beroName
                0x00000000       0x20 con_seq.o
                0x00000000                _ZZNK3mod14seq_change_mapMUlPKcE_clES1_E8beroName
                0x00000000                _ZZNK3mod14seq_change_mapMUlPKcE_clES2_E8beroName

.bss._ZZNK3mod14seq_change_mapMUlPKcE_clES2_E7mapName
                0x00000000       0x20
 .bss._ZZNK3mod14seq_change_mapMUlPKcE_clES2_E7mapName
                0x00000000       0x20 con_seq.o
                0x00000000                _ZZNK3mod14seq_change_mapMUlPKcE_clES2_E7mapName
                0x00000000                _ZZNK3mod14seq_change_mapMUlPKcE_clES1_E7mapName

.stab
 *(.stab)

.stabstr
 *(.stabstr)

.stab.excl
 *(.stab.excl)

.stab.exclstr
 *(.stab.exclstr)

.stab.index
 *(.stab.index)

.stab.indexstr
 *(.stab.indexstr)

.comment        0x00000000      0x654
 *(.comment)
 .comment       0x00000000       0x24 OWR.o
 .comment       0x00000024       0x24 common.o
 .comment       0x00000048       0x24 con_mario.o
 .comment       0x0000006c       0x24 con_perf.o
 .comment       0x00000090       0x24 con_seq.o
 .comment       0x000000b4       0x24 console.o
 .comment       0x000000d8       0x24 cxx.o
 .comment       0x000000fc       0x24 keyboard.o
 .comment       0x00000120       0x24 mod.o
 .comment       0x00000144       0x24 patch.o
 .comment       0x00000168       0x24 rel.o
 .comment       0x0000018c       0x24 ug.o
 .comment       0x000001b0       0x24 util.o
 .comment       0x000001d4       0x24 aaa.o
 .comment       0x000001f8       0x24 aji.o
 .comment       0x0000021c       0x24 bom.o
 .comment       0x00000240       0x24 dou.o
 .comment       0x00000264       0x24 eki.o
 .comment       0x00000288       0x24 end.o
 .comment       0x000002ac       0x24 gon.o
 .comment       0x000002d0       0x24 gor_00.o
 .comment       0x000002f4       0x24 gor_01.o
 .comment       0x00000318       0x24 gor_02.o
 .comment       0x0000033c       0x24 gor_03.o
 .comment       0x00000360       0x24 gor_04.o
 .comment       0x00000384       0x24 gor_misc.o
 .comment       0x000003a8       0x24 gra.o
 .comment       0x000003cc       0x24 hei.o
 .comment       0x000003f0       0x24 hom.o
 .comment       0x00000414       0x24 jin.o
 .comment       0x00000438       0x24 kpa.o
 .comment       0x0000045c       0x24 las.o
 .comment       0x00000480       0x24 main.o
 .comment       0x000004a4       0x24 moo.o
 .comment       0x000004c8       0x24 mri.o
 .comment       0x000004ec       0x24 muj.o
 .comment       0x00000510       0x24 nok.o
 .comment       0x00000534       0x24 pik.o
 .comment       0x00000558       0x24 rsh.o
 .comment       0x0000057c       0x24 tik.o
 .comment       0x000005a0       0x24 tou.o
 .comment       0x000005c4       0x24 tou2.o
 .comment       0x000005e8       0x24 usu.o
 .comment       0x0000060c       0x24 win.o
 .comment       0x00000630       0x24 C:/devkitPro/devkitPPC/bin/../lib/gcc/powerpc-eabi/13.1.0\libgcc.a(_divdi3.o)

.gnu.attributes
                0x00000000       0x10
 .gnu.attributes
                0x00000000       0x10 OWR.o
 .gnu.attributes
                0x00000010       0x10 common.o
 .gnu.attributes
                0x00000020       0x10 con_mario.o
 .gnu.attributes
                0x00000030       0x10 con_perf.o
 .gnu.attributes
                0x00000040       0x10 console.o
 .gnu.attributes
                0x00000050       0x10 mod.o

.group          0x00000000        0xc
 .group         0x00000000        0xc con_mario.o

.group          0x00000000        0xc
 .group         0x00000000        0xc con_perf.o

.group          0x00000000        0xc
 .group         0x00000000        0xc con_seq.o

.group          0x00000000        0x8
 .group         0x00000000        0x8 con_seq.o

.group          0x00000000        0x8
 .group         0x00000000        0x8 con_seq.o

.group          0x00000000        0xc
 .group         0x00000000        0xc console.o

.debug
 *(.debug)

.line
 *(.line)

.debug_srcinfo
 *(.debug_srcinfo)

.debug_sfnames
 *(.debug_sfnames)

.debug_aranges  0x00000000      0x808
 *(.debug_aranges)
 .debug_aranges
                0x00000000       0x90 OWR.o
 .debug_aranges
                0x00000090       0x60 common.o
 .debug_aranges
                0x000000f0       0x30 con_mario.o
 .debug_aranges
                0x00000120       0x38 con_perf.o
 .debug_aranges
                0x00000158       0x38 con_seq.o
 .debug_aranges
                0x00000190       0xb0 console.o
 .debug_aranges
                0x00000240       0x38 cxx.o
 .debug_aranges
                0x00000278       0x40 keyboard.o
 .debug_aranges
                0x000002b8       0x58 mod.o
 .debug_aranges
                0x00000310       0x78 patch.o
 .debug_aranges
                0x00000388       0x30 rel.o
 .debug_aranges
                0x000003b8       0x30 ug.o
 .debug_aranges
                0x000003e8       0x20 util.o
 .debug_aranges
                0x00000408       0x20 aaa.o
 .debug_aranges
                0x00000428       0x20 aji.o
 .debug_aranges
                0x00000448       0x20 bom.o
 .debug_aranges
                0x00000468       0x20 dou.o
 .debug_aranges
                0x00000488       0x20 eki.o
 .debug_aranges
                0x000004a8       0x20 end.o
 .debug_aranges
                0x000004c8       0x20 gon.o
 .debug_aranges
                0x000004e8       0x28 gor_00.o
 .debug_aranges
                0x00000510       0x20 gor_01.o
 .debug_aranges
                0x00000530       0x20 gor_02.o
 .debug_aranges
                0x00000550       0x20 gor_03.o
 .debug_aranges
                0x00000570       0x20 gor_04.o
 .debug_aranges
                0x00000590       0x20 gor_misc.o
 .debug_aranges
                0x000005b0       0x20 gra.o
 .debug_aranges
                0x000005d0       0x20 hei.o
 .debug_aranges
                0x000005f0       0x20 hom.o
 .debug_aranges
                0x00000610       0x20 jin.o
 .debug_aranges
                0x00000630       0x20 kpa.o
 .debug_aranges
                0x00000650       0x20 las.o
 .debug_aranges
                0x00000670       0x28 main.o
 .debug_aranges
                0x00000698       0x20 moo.o
 .debug_aranges
                0x000006b8       0x20 mri.o
 .debug_aranges
                0x000006d8       0x20 muj.o
 .debug_aranges
                0x000006f8       0x20 nok.o
 .debug_aranges
                0x00000718       0x20 pik.o
 .debug_aranges
                0x00000738       0x20 rsh.o
 .debug_aranges
                0x00000758       0x30 tik.o
 .debug_aranges
                0x00000788       0x20 tou.o
 .debug_aranges
                0x000007a8       0x20 tou2.o
 .debug_aranges
                0x000007c8       0x20 usu.o
 .debug_aranges
                0x000007e8       0x20 win.o

.debug_pubnames
 *(.debug_pubnames)

.debug_info     0x00000000    0x42792
 *(.debug_info)
 .debug_info    0x00000000     0x3cbe OWR.o
 .debug_info    0x00003cbe      0xf16 common.o
 .debug_info    0x00004bd4     0x2574 con_mario.o
 .debug_info    0x00007148     0x2289 con_perf.o
 .debug_info    0x000093d1     0x21f6 con_seq.o
 .debug_info    0x0000b5c7     0x4086 console.o
 .debug_info    0x0000f64d      0x394 cxx.o
 .debug_info    0x0000f9e1      0xfaf keyboard.o
 .debug_info    0x00010990     0x33f4 mod.o
 .debug_info    0x00013d84     0x15c5 patch.o
 .debug_info    0x00015349       0xf3 rel.o
 .debug_info    0x0001543c      0x8d5 ug.o
 .debug_info    0x00015d11      0x693 util.o
 .debug_info    0x000163a4     0x1144 aaa.o
 .debug_info    0x000174e8     0x1cd3 aji.o
 .debug_info    0x000191bb     0x1252 bom.o
 .debug_info    0x0001a40d     0x1248 dou.o
 .debug_info    0x0001b655     0x11f8 eki.o
 .debug_info    0x0001c84d     0x1134 end.o
 .debug_info    0x0001d981     0x125c gon.o
 .debug_info    0x0001ebdd     0x20f2 gor_00.o
 .debug_info    0x00020ccf     0x1921 gor_01.o
 .debug_info    0x000225f0     0x198c gor_02.o
 .debug_info    0x00023f7c     0x178e gor_03.o
 .debug_info    0x0002570a     0x118a gor_04.o
 .debug_info    0x00026894     0x1193 gor_misc.o
 .debug_info    0x00027a27     0x162c gra.o
 .debug_info    0x00029053     0x11f8 hei.o
 .debug_info    0x0002a24b     0x1194 hom.o
 .debug_info    0x0002b3df     0x125c jin.o
 .debug_info    0x0002c63b     0x1180 kpa.o
 .debug_info    0x0002d7bb     0x12fc las.o
 .debug_info    0x0002eab7      0x663 main.o
 .debug_info    0x0002f11a     0x1648 moo.o
 .debug_info    0x00030762     0x2153 mri.o
 .debug_info    0x000328b5     0x1e05 muj.o
 .debug_info    0x000346ba     0x1b38 nok.o
 .debug_info    0x000361f2     0x19af pik.o
 .debug_info    0x00037ba1     0x1f50 rsh.o
 .debug_info    0x00039af1     0x26a3 tik.o
 .debug_info    0x0003c194     0x1f26 tou.o
 .debug_info    0x0003e0ba     0x125c tou2.o
 .debug_info    0x0003f316     0x1d26 usu.o
 .debug_info    0x0004103c     0x1756 win.o

.debug_abbrev   0x00000000     0x774b
 *(.debug_abbrev)
 .debug_abbrev  0x00000000      0x84b OWR.o
 .debug_abbrev  0x0000084b      0x21a common.o
 .debug_abbrev  0x00000a65      0x600 con_mario.o
 .debug_abbrev  0x00001065      0x65d con_perf.o
 .debug_abbrev  0x000016c2      0x668 con_seq.o
 .debug_abbrev  0x00001d2a      0x9a8 console.o
 .debug_abbrev  0x000026d2      0x170 cxx.o
 .debug_abbrev  0x00002842      0x36e keyboard.o
 .debug_abbrev  0x00002bb0      0x7a7 mod.o
 .debug_abbrev  0x00003357      0x2bd patch.o
 .debug_abbrev  0x00003614       0xeb rel.o
 .debug_abbrev  0x000036ff      0x230 ug.o
 .debug_abbrev  0x0000392f      0x12d util.o
 .debug_abbrev  0x00003a5c      0x183 aaa.o
 .debug_abbrev  0x00003bdf      0x24a aji.o
 .debug_abbrev  0x00003e29      0x183 bom.o
 .debug_abbrev  0x00003fac      0x183 dou.o
 .debug_abbrev  0x0000412f      0x183 eki.o
 .debug_abbrev  0x000042b2      0x180 end.o
 .debug_abbrev  0x00004432      0x183 gon.o
 .debug_abbrev  0x000045b5      0x27e gor_00.o
 .debug_abbrev  0x00004833      0x253 gor_01.o
 .debug_abbrev  0x00004a86      0x237 gor_02.o
 .debug_abbrev  0x00004cbd      0x20e gor_03.o
 .debug_abbrev  0x00004ecb      0x183 gor_04.o
 .debug_abbrev  0x0000504e      0x1ba gor_misc.o
 .debug_abbrev  0x00005208      0x202 gra.o
 .debug_abbrev  0x0000540a      0x183 hei.o
 .debug_abbrev  0x0000558d      0x183 hom.o
 .debug_abbrev  0x00005710      0x183 jin.o
 .debug_abbrev  0x00005893      0x183 kpa.o
 .debug_abbrev  0x00005a16      0x183 las.o
 .debug_abbrev  0x00005b99      0x148 main.o
 .debug_abbrev  0x00005ce1      0x21d moo.o
 .debug_abbrev  0x00005efe      0x246 mri.o
 .debug_abbrev  0x00006144      0x23f muj.o
 .debug_abbrev  0x00006383      0x238 nok.o
 .debug_abbrev  0x000065bb      0x23a pik.o
 .debug_abbrev  0x000067f5      0x237 rsh.o
 .debug_abbrev  0x00006a2c      0x4c1 tik.o
 .debug_abbrev  0x00006eed      0x26c tou.o
 .debug_abbrev  0x00007159      0x183 tou2.o
 .debug_abbrev  0x000072dc      0x237 usu.o
 .debug_abbrev  0x00007513      0x238 win.o

.debug_line     0x00000000    0x1885c
 *(.debug_line)
 .debug_line    0x00000000      0xc86 OWR.o
 .debug_line    0x00000c86      0x39d common.o
 .debug_line    0x00001023      0x4e0 con_mario.o
 .debug_line    0x00001503      0x737 con_perf.o
 .debug_line    0x00001c3a      0x5b4 con_seq.o
 .debug_line    0x000021ee     0x1fdd console.o
 .debug_line    0x000041cb      0x1c9 cxx.o
 .debug_line    0x00004394      0xcb4 keyboard.o
 .debug_line    0x00005048      0x79d mod.o
 .debug_line    0x000057e5      0x80c patch.o
 .debug_line    0x00005ff1      0x226 rel.o
 .debug_line    0x00006217      0x4ad ug.o
 .debug_line    0x000066c4      0x2cc util.o
 .debug_line    0x00006990      0x33c aaa.o
 .debug_line    0x00006ccc      0xef4 aji.o
 .debug_line    0x00007bc0      0x782 bom.o
 .debug_line    0x00008342      0x76c dou.o
 .debug_line    0x00008aae      0x679 eki.o
 .debug_line    0x00009127      0x315 end.o
 .debug_line    0x0000943c      0x75c gon.o
 .debug_line    0x00009b98      0x934 gor_00.o
 .debug_line    0x0000a4cc      0x71b gor_01.o
 .debug_line    0x0000abe7      0x833 gor_02.o
 .debug_line    0x0000b41a      0x8d4 gor_03.o
 .debug_line    0x0000bcee      0x4fe gor_04.o
 .debug_line    0x0000c1ec      0x45c gor_misc.o
 .debug_line    0x0000c648      0x57e gra.o
 .debug_line    0x0000cbc6      0x5c4 hei.o
 .debug_line    0x0000d18a      0x461 hom.o
 .debug_line    0x0000d5eb      0x6fd jin.o
 .debug_line    0x0000dce8      0x3b0 kpa.o
 .debug_line    0x0000e098      0x95f las.o
 .debug_line    0x0000e9f7      0x8bf main.o
 .debug_line    0x0000f2b6      0x3d0 moo.o
 .debug_line    0x0000f686     0x135b mri.o
 .debug_line    0x000109e1      0xfc4 muj.o
 .debug_line    0x000119a5      0x63d nok.o
 .debug_line    0x00011fe2      0x9b2 pik.o
 .debug_line    0x00012994     0x193e rsh.o
 .debug_line    0x000142d2      0xbbe tik.o
 .debug_line    0x00014e90     0x1d31 tou.o
 .debug_line    0x00016bc1      0x805 tou2.o
 .debug_line    0x000173c6      0xe3e usu.o
 .debug_line    0x00018204      0x658 win.o

.debug_frame
 *(.debug_frame)

.debug_str      0x00000000    0x53e67
 *(.debug_str)
 .debug_str     0x00000000     0x31f9 OWR.o
 .debug_str     0x000031f9     0x13e4 common.o
 .debug_str     0x000045dd     0x1a59 con_mario.o
 .debug_str     0x00006036     0x16a5 con_perf.o
 .debug_str     0x000076db     0x17a6 con_seq.o
 .debug_str     0x00008e81     0x1a83 console.o
 .debug_str     0x0000a904      0x34e cxx.o
 .debug_str     0x0000ac52      0x955 keyboard.o
 .debug_str     0x0000b5a7     0x2d81 mod.o
 .debug_str     0x0000e328      0x6eb patch.o
 .debug_str     0x0000ea13      0x191 rel.o
 .debug_str     0x0000eba4      0x39b ug.o
 .debug_str     0x0000ef3f      0x3eb util.o
 .debug_str     0x0000f32a     0x1ec1 aaa.o
 .debug_str     0x000111eb     0x2901 aji.o
 .debug_str     0x00013aec     0x20a2 bom.o
 .debug_str     0x00015b8e     0x208e dou.o
 .debug_str     0x00017c1c     0x1fb6 eki.o
 .debug_str     0x00019bd2     0x1ebb end.o
 .debug_str     0x0001ba8d     0x2073 gon.o
 .debug_str     0x0001db00     0x2a6b gor_00.o
 .debug_str     0x0002056b     0x249c gor_01.o
 .debug_str     0x00022a07     0x25be gor_02.o
 .debug_str     0x00024fc5     0x2494 gor_03.o
 .debug_str     0x00027459     0x1f3a gor_04.o
 .debug_str     0x00029393     0x1f4f gor_misc.o
 .debug_str     0x0002b2e2     0x2319 gra.o
 .debug_str     0x0002d5fb     0x1fbb hei.o
 .debug_str     0x0002f5b6     0x1f56 hom.o
 .debug_str     0x0003150c     0x207c jin.o
 .debug_str     0x00033588     0x1f11 kpa.o
 .debug_str     0x00035499     0x215c las.o
 .debug_str     0x000375f5      0x7c9 main.o
 .debug_str     0x00037dbe     0x22c5 moo.o
 .debug_str     0x0003a083     0x2d52 mri.o
 .debug_str     0x0003cdd5     0x2acf muj.o
 .debug_str     0x0003f8a4     0x2621 nok.o
 .debug_str     0x00041ec5     0x259b pik.o
 .debug_str     0x00044460     0x2b60 rsh.o
 .debug_str     0x00046fc0     0x334f tik.o
 .debug_str     0x0004a30f     0x2d4b tou.o
 .debug_str     0x0004d05a     0x209c tou2.o
 .debug_str     0x0004f0f6     0x298e usu.o
 .debug_str     0x00051a84     0x23e3 win.o

.debug_loc
 *(.debug_loc)

.debug_macinfo
 *(.debug_macinfo)

.debug_weaknames
 *(.debug_weaknames)

.debug_funcnames
 *(.debug_funcnames)

.debug_typenames
 *(.debug_typenames)

.debug_varnames
 *(.debug_varnames)
                0x00000000                        __isIPL = 0x0
                0x0002c0c0                        __stack_addr = ((((__bss_start + SIZEOF (.bss)) + 0x20000) + 0x7) & 0xfffffffffffffff8)
                0x0000c0c0                        __stack_end = (__bss_start + SIZEOF (.bss))
                0x000300c0                        __intrstack_addr = (__stack_addr + 0x4000)
                0x0002c0c0                        __intrstack_end = __stack_addr
                0x000300c0                        __Arena1Lo = ((__intrstack_addr + 0x1f) & 0xffffffffffffffe0)
                0x817feff0                        __Arena1Hi = 0x817feff0
                0x817ff000                        __gxregs = ((__Arena1Hi + 0x1f) & 0xffffffffffffffe0)
                [!provide]                        PROVIDE (__stack = 0x817feff0)
                [!provide]                        PROVIDE (__isIPL = __isIPL)
                [!provide]                        PROVIDE (__stack_addr = __stack_addr)
                [!provide]                        PROVIDE (__stack_end = __stack_end)
                [!provide]                        PROVIDE (__intrstack_addr = __intrstack_addr)
                [!provide]                        PROVIDE (__intrstack_end = __intrstack_end)
                [!provide]                        PROVIDE (__Arena1Lo = __Arena1Lo)
                [!provide]                        PROVIDE (__Arena1Hi = __Arena1Hi)
                [!provide]                        PROVIDE (__gxregs = __gxregs)
LOAD H:/GhidraProjects/TTYDAP/TTYDAP/rel/source/cxx.ld
                0x0000bf48                        _ctors_start = ADDR (.ctors)
                0x0000bf60                        _ctors_end = (_ctors_start + SIZEOF (.ctors))
                0x0000bf60                        _dtors_start = ADDR (.dtors)
                0x0000bf60                        _dtors_end = (_dtors_start + SIZEOF (.dtors))
LOAD OWR.o
LOAD StateManager.o
LOAD common.o
LOAD con_mario.o
LOAD con_perf.o
LOAD con_seq.o
LOAD console.o
LOAD cxx.o
LOAD keyboard.o
LOAD mod.o
LOAD patch.o
LOAD rel.o
LOAD ug.o
LOAD util.o
LOAD aaa.o
LOAD aji.o
LOAD bom.o
LOAD dou.o
LOAD eki.o
LOAD end.o
LOAD gon.o
LOAD gor_00.o
LOAD gor_01.o
LOAD gor_02.o
LOAD gor_03.o
LOAD gor_04.o
LOAD gor_misc.o
LOAD gra.o
LOAD hei.o
LOAD hom.o
LOAD jin.o
LOAD kpa.o
LOAD las.o
LOAD main.o
LOAD moo.o
LOAD mri.o
LOAD muj.o
LOAD nok.o
LOAD pik.o
LOAD rsh.o
LOAD tik.o
LOAD tou.o
LOAD tou2.o
LOAD usu.o
LOAD win.o
LOAD asm_main.o
LOAD patch_ih.o
LOAD C:/devkitPro/devkitPPC/bin/../lib/gcc/powerpc-eabi/13.1.0\libgcc.a
OUTPUT(H:/GhidraProjects/TTYDAP/TTYDAP/rel/rel.us.elf elf32-powerpc)

.debug_loclists
                0x00000000     0x4986
 .debug_loclists
                0x00000000      0x5ac OWR.o
 .debug_loclists
                0x000005ac      0x151 common.o
 .debug_loclists
                0x000006fd       0xa9 con_mario.o
 .debug_loclists
                0x000007a6      0x36b con_perf.o
 .debug_loclists
                0x00000b11       0xf8 con_seq.o
 .debug_loclists
                0x00000c09     0x1cf7 console.o
 .debug_loclists
                0x00002900       0x54 cxx.o
 .debug_loclists
                0x00002954      0x886 keyboard.o
 .debug_loclists
                0x000031da      0x1b8 mod.o
 .debug_loclists
                0x00003392      0xc5e patch.o
 .debug_loclists
                0x00003ff0      0x2cd ug.o
 .debug_loclists
                0x000042bd       0xd6 util.o
 .debug_loclists
                0x00004393       0x29 aaa.o
 .debug_loclists
                0x000043bc       0x2a aji.o
 .debug_loclists
                0x000043e6       0x2a bom.o
 .debug_loclists
                0x00004410       0x2a dou.o
 .debug_loclists
                0x0000443a       0x2a eki.o
 .debug_loclists
                0x00004464       0x2c gon.o
 .debug_loclists
                0x00004490       0x2c gor_00.o
 .debug_loclists
                0x000044bc       0x2a gor_01.o
 .debug_loclists
                0x000044e6       0x2a gor_02.o
 .debug_loclists
                0x00004510       0x2a gor_03.o
 .debug_loclists
                0x0000453a       0x2a gor_04.o
 .debug_loclists
                0x00004564       0x2c gor_misc.o
 .debug_loclists
                0x00004590       0x2a gra.o
 .debug_loclists
                0x000045ba       0x2a hei.o
 .debug_loclists
                0x000045e4       0x2a hom.o
 .debug_loclists
                0x0000460e       0x2a jin.o
 .debug_loclists
                0x00004638       0x2a kpa.o
 .debug_loclists
                0x00004662       0x2a las.o
 .debug_loclists
                0x0000468c       0x2a moo.o
 .debug_loclists
                0x000046b6       0x2a mri.o
 .debug_loclists
                0x000046e0       0x2c muj.o
 .debug_loclists
                0x0000470c       0x2a nok.o
 .debug_loclists
                0x00004736       0x2c pik.o
 .debug_loclists
                0x00004762       0x2c rsh.o
 .debug_loclists
                0x0000478e      0x14e tik.o
 .debug_loclists
                0x000048dc       0x2c tou.o
 .debug_loclists
                0x00004908       0x2a tou2.o
 .debug_loclists
                0x00004932       0x2a usu.o
 .debug_loclists
                0x0000495c       0x2a win.o

.debug_rnglists
                0x00000000     0x14f0
 .debug_rnglists
                0x00000000      0x11c OWR.o
 .debug_rnglists
                0x0000011c       0x43 common.o
 .debug_rnglists
                0x0000015f       0x95 con_mario.o
 .debug_rnglists
                0x000001f4      0x135 con_perf.o
 .debug_rnglists
                0x00000329       0xc4 con_seq.o
 .debug_rnglists
                0x000003ed      0x72d console.o
 .debug_rnglists
                0x00000b1a       0x25 cxx.o
 .debug_rnglists
                0x00000b3f      0x315 keyboard.o
 .debug_rnglists
                0x00000e54       0xde mod.o
 .debug_rnglists
                0x00000f32      0x23d patch.o
 .debug_rnglists
                0x0000116f       0x47 rel.o
 .debug_rnglists
                0x000011b6       0x73 ug.o
 .debug_rnglists
                0x00001229       0x21 util.o
 .debug_rnglists
                0x0000124a       0x13 aaa.o
 .debug_rnglists
                0x0000125d       0x14 aji.o
 .debug_rnglists
                0x00001271       0x14 bom.o
 .debug_rnglists
                0x00001285       0x14 dou.o
 .debug_rnglists
                0x00001299       0x14 eki.o
 .debug_rnglists
                0x000012ad       0x13 end.o
 .debug_rnglists
                0x000012c0       0x14 gon.o
 .debug_rnglists
                0x000012d4       0x1a gor_00.o
 .debug_rnglists
                0x000012ee       0x14 gor_01.o
 .debug_rnglists
                0x00001302       0x14 gor_02.o
 .debug_rnglists
                0x00001316       0x14 gor_03.o
 .debug_rnglists
                0x0000132a       0x14 gor_04.o
 .debug_rnglists
                0x0000133e       0x14 gor_misc.o
 .debug_rnglists
                0x00001352       0x14 gra.o
 .debug_rnglists
                0x00001366       0x14 hei.o
 .debug_rnglists
                0x0000137a       0x14 hom.o
 .debug_rnglists
                0x0000138e       0x14 jin.o
 .debug_rnglists
                0x000013a2       0x14 kpa.o
 .debug_rnglists
                0x000013b6       0x14 las.o
 .debug_rnglists
                0x000013ca       0x1b main.o
 .debug_rnglists
                0x000013e5       0x14 moo.o
 .debug_rnglists
                0x000013f9       0x14 mri.o
 .debug_rnglists
                0x0000140d       0x14 muj.o
 .debug_rnglists
                0x00001421       0x14 nok.o
 .debug_rnglists
                0x00001435       0x14 pik.o
 .debug_rnglists
                0x00001449       0x14 rsh.o
 .debug_rnglists
                0x0000145d       0x43 tik.o
 .debug_rnglists
                0x000014a0       0x14 tou.o
 .debug_rnglists
                0x000014b4       0x14 tou2.o
 .debug_rnglists
                0x000014c8       0x14 usu.o
 .debug_rnglists
                0x000014dc       0x14 win.o
