
Discarded input sections

 .text          0x00000000        0x0 OWR.o
 .data          0x00000000        0x0 OWR.o
 .bss           0x00000000        0x0 OWR.o
 .bss._ZN3mod3owr25g_stg0_00_init_trampolineE
                0x00000000        0x4 OWR.o
 .bss._ZN3mod3owr22g_itemEntry_trampolineE
                0x00000000        0x4 OWR.o
 .text          0x00000000        0x0 StateManager.o
 .data          0x00000000        0x0 StateManager.o
 .bss           0x00000000        0x0 StateManager.o
 .text._ZN3mod3owr12StateManager4InitEv
                0x00000000       0x18 StateManager.o
 .text          0x00000000        0x0 common.o
 .data          0x00000000        0x0 common.o
 .bss           0x00000000        0x0 common.o
 .text._ZN3mod6common14GetCurrentAreaEv
                0x00000000       0x1c common.o
 .text._ZN3mod6common13GetCurrentMapEv
                0x00000000       0x1c common.o
 .text._ZN3mod6common11GetFilenameEv
                0x00000000       0x1c common.o
 .text._ZN3mod6common16GetStorySequenceEv
                0x00000000       0x20 common.o
 .text._ZN3mod6common14GetPitSequenceEv
                0x00000000       0x24 common.o
 .text._ZN3mod6common17GetSavedFlagValueEi
                0x00000000       0x40 common.o
 .text._ZN3mod6common21HasKeyItemInInventoryEs
                0x00000000       0x3c common.o
 .text._ZN3mod6common25GetBattleWindowDataOffsetEv
                0x00000000       0x1c common.o
 .text._ZN3mod6common21GetStatusWindowHeightEv
                0x00000000       0x24 common.o
 .data._ZN3mod6common29kUnknownStatusWindowStructPtrE
                0x00000000        0x4 common.o
 .data._ZN3mod6common10kBattlePtrE
                0x00000000        0x4 common.o
 .data._ZN3mod6common9kPouchPtrE
                0x00000000        0x4 common.o
 .data._ZN3mod6common12kSaveDataPtrE
                0x00000000        0x4 common.o
 .rodata._ZN3mod6common32kUltraHammerChestDespawnIdOffsetE
                0x00000000        0x4 common.o
 .rodata._ZN3mod6common27kObjectCollectionExprOffsetE
                0x00000000        0x4 common.o
 .rodata._ZN3mod6common27kObjectChestScriptPtrOffsetE
                0x00000000        0x4 common.o
 .rodata._ZN3mod6common33kMujModuleFlavioDesiredItemOffsetE
                0x00000000        0x4 common.o
 .rodata._ZN3mod6common36kJinModuleAtomicBooItemGswfSetOffsetE
                0x00000000        0x4 common.o
 .rodata._ZN3mod6common39kJinModuleAtomicBooItemObjectFlagOffsetE
                0x00000000        0x4 common.o
 .rodata._ZN3mod6common32kPitModuleCharlietonChanceOffsetE
                0x00000000        0x4 common.o
 .rodata._ZN3mod6common22kPitModuleNpcArrOffsetE
                0x00000000        0x4 common.o
 .rodata._ZN3mod6common23kSavedWordFlagBaseValueE
                0x00000000        0x4 common.o
 .data._ZN3mod6common20kPiantaParlorItemArrE
                0x00000000        0x4 common.o
 .data._ZN3mod6common21kPitCharlietonItemArrE
                0x00000000        0x4 common.o
 .data._ZN3mod6common12kHowzItemArrE
                0x00000000        0x4 common.o
 .data._ZN3mod6common18kCharlietonItemArrE
                0x00000000        0x4 common.o
 .data._ZN3mod6common14kDazzleItemArrE
                0x00000000        0x4 common.o
 .data._ZN3mod6common20kSuperguardFramesArrE
                0x00000000        0x4 common.o
 .data._ZN3mod6common15kGuardFramesArrE
                0x00000000        0x4 common.o
 .data._ZN3mod6common25kSuperChargePartnerParamsE
                0x00000000        0x4 common.o
 .data._ZN3mod6common18kSuperChargeParamsE
                0x00000000        0x4 common.o
 .data._ZN3mod6common19kPiercingBlowParamsE
                0x00000000        0x4 common.o
 .data._ZN3mod6common18kHammerThrowParamsE
                0x00000000        0x4 common.o
 .data._ZN3mod6common17kKoopaCurseParamsE
                0x00000000        0x4 common.o
 .data._ZN3mod6common15kTradeOffParamsE
                0x00000000        0x4 common.o
 .data._ZN3mod6common17kGulpRecoilParamsE
                0x00000000        0x4 common.o
 .data._ZN3mod6common24kUltraHammerRecoilParamsE
                0x00000000        0x4 common.o
 .data._ZN3mod6common24kSuperHammerRecoilParamsE
                0x00000000        0x4 common.o
 .data._ZN3mod6common8kNextMapE
                0x00000000        0x4 common.o
 .rodata.cst4   0x00000000        0x4 common.o
 .text          0x00000000        0x0 con_mario.o
 .data          0x00000000        0x0 con_mario.o
 .bss           0x00000000        0x0 con_mario.o
 .text          0x00000000        0x0 con_perf.o
 .data          0x00000000        0x0 con_perf.o
 .bss           0x00000000        0x0 con_perf.o
 .text          0x00000000        0x0 con_seq.o
 .data          0x00000000        0x0 con_seq.o
 .bss           0x00000000        0x0 con_seq.o
 .text          0x00000000        0x0 console.o
 .data          0x00000000        0x0 console.o
 .bss           0x00000000        0x0 console.o
[...]
Memory Configuration

Name             Origin             Length             Attributes
*default*        0x00000000         0xffffffff

Linker script and memory map

                0x80003100                        . = 0x80003100

.init
 *crt0.o(*.init)
 *(.init)

.plt
 *(.plt)

.interp
 *(.interp)

.hash
 *(.hash)

.dynsym
 *(.dynsym)

.dynstr
 *(.dynstr)

.gnu.version
 *(.gnu.version)

.gnu.version_d
 *(.gnu.version_d)

.gnu.version_r
 *(.gnu.version_r)

.rel.init
 *(.rel.init)

.rela.init
 *(.rela.init)

.rel.text
 *(.rel.text .rel.text.* .rel.gnu.linkonce.t.*)

.rela.text
 *(.rela.text .rela.text.* .rela.gnu.linkonce.t.*)

.rel.fini
 *(.rel.fini)

.rela.fini
 *(.rela.fini)

.rel.rodata
 *(.rel.rodata .rel.rodata.* .rel.gnu.linkonce.r.*)

.rela.rodata
 *(.rela.rodata .rela.rodata.* .rela.gnu.linkonce.r.*)

.rel.data
 *(.rel.data .rel.data.* .rel.gnu.linkonce.d.*)

.rela.data
 *(.rela.data .rela.data.* .rela.gnu.linkonce.d.*)

.rel.tdata
 *(.rel.tdata .rel.tdata.* .rel.gnu.linkonce.td.*)

.rela.tdata
 *(.rela.tdata .rela.tdata.* .rela.gnu.linkonce.td.*)

.rel.tbss
 *(.rel.tbss .rel.tbss.* .rel.gnu.linkonce.tb.*)

.rela.tbss
 *(.rela.tbss .rela.tbss.* .rela.gnu.linkonce.tb.*)

.rel.ctors
 *(.rel.ctors)

.rela.ctors
 *(.rela.ctors)

.rel.dtors
 *(.rel.dtors)

.rela.dtors
 *(.rela.dtors)

.rel.got
 *(.rel.got)

.rela.got
 *(.rela.got)

.rela.got1
 *(.rela.got1)

.rela.got2
 *(.rela.got2)

.rel.sdata
 *(.rel.sdata .rel.sdata.* .rel.gnu.linkonce.s.*)

.rela.sdata
 *(.rela.sdata .rela.sdata.* .rela.gnu.linkonce.s.*)

.rel.sbss
 *(.rel.sbss .rel.sbss.* .rel.gnu.linkonce.sb.*)

.rela.sbss
 *(.rela.sbss .rela.sbss.* .rel.gnu.linkonce.sb.*)

.rel.sdata2
 *(.rel.sdata2 .rel.sdata2.* .rel.gnu.linkonce.s2.*)

.rela.sdata2
 *(.rela.sdata2 .rela.sdata2.* .rela.gnu.linkonce.s2.*)

.rel.sbss2
 *(.rel.sbss2 .rel.sbss2.* .rel.gnu.linkonce.sb2.*)

.rela.sbss2
 *(.rela.sbss2 .rela.sbss2.* .rela.gnu.linkonce.sb2.*)

.rel.bss
 *(.rel.bss .rel.bss.* .rel.gnu.linkonce.b.*)

.rela.bss
 *(.rela.bss .rela.bss.* .rela.gnu.linkonce.b.*)

.rel.plt
 *(.rel.plt)

.rela.plt
 *(.rela.plt)

.text           0x80003100     0xd900
 *(.text)
 .text          0x80003100        0x8 FixBlooperCrash1.o
                0x80003100                asmFixBlooperCrash1
 .text          0x80003108       0x14 FixBlooperCrash2.o
                0x80003108                asmFixBlooperCrash2
 .text          0x8000311c       0x10 PreventDiaryTextboxSelection.o
                0x8000311c                asmPreventDiaryTextboxSelection
 .text          0x8000312c      0x2c0 asm_main.o
                0x8000312c                bMapGXArrInject
                0x80003138                bMapGXArrInjectReturn
                0x8000313c                bMapGXArrIncrement
                0x80003144                bMapGXArrIncrementReturn
                0x80003148                bMapGXChSplit
                0x80003154                bMapGXChSplitReturn
                0x80003158                bWinLogArrInject
                0x80003164                bWinLogArrInjectReturn
                0x80003168                bWinLogArrIncrement
                0x80003170                bWinLogArrIncrementReturn
                0x80003174                bChapterClearCheck
                0x800031bc                bJohoyaSeqAddition
                0x800031f4                bPrintPartyAddErrorFix
                0x80003230                bPrintPartyAddErrorFixReturn
                0x80003234                bPrintPartyErrorFix
                0x80003270                bPrintPartyErrorFixReturn
                0x80003274                bKururingFloorCapture
                0x8000327c                bKururingFloorCaptureReturn
                0x80003280                bKururingFloorRelease
                0x80003288                bKururingFloorReleaseReturn
                0x8000328c                bPowerupblkCapture
                0x800032a4                bPowerupblkCaptureReturn
                0x800032a8                bPowerupblkRelease
                0x800032b0                bPowerupblkReleaseReturn
                0x800032b4                bPeachPointer
                0x8000330c                breakfastValueRestore
                0x8000332c                bPeachReturn
                0x80003330                win_log_mapGX_arr
 .text          0x800033ec       0x58 restfpr_x.o
                0x800033ec                _restfpr_14_x
                0x800033f0                _restfpr_15_x
                0x800033f4                _restfpr_16_x
                0x800033f8                _restfpr_17_x
                0x800033fc                _restfpr_18_x
                0x80003400                _restfpr_19_x
                0x80003404                _restfpr_20_x
                0x80003408                _restfpr_21_x
                0x8000340c                _restfpr_22_x
                0x80003410                _restfpr_23_x
                0x80003414                _restfpr_24_x
                0x80003418                _restfpr_25_x
                0x8000341c                _restfpr_26_x
                0x80003420                _restfpr_27_x
                0x80003424                _restfpr_28_x
                0x80003428                _restfpr_29_x
                0x8000342c                _restfpr_30_x
                0x80003430                _restfpr_31_x
 .text          0x80003444       0x58 restgpr_x.o
                0x80003444                _restgpr_14_x
                0x80003448                _restgpr_15_x
                0x8000344c                _restgpr_16_x
                0x80003450                _restgpr_17_x
                0x80003454                _restgpr_18_x
                0x80003458                _restgpr_19_x
                0x8000345c                _restgpr_20_x
                0x80003460                _restgpr_21_x
                0x80003464                _restgpr_22_x
                0x80003468                _restgpr_23_x
                0x8000346c                _restgpr_24_x
                0x80003470                _restgpr_25_x
                0x80003474                _restgpr_26_x
                0x80003478                _restgpr_27_x
                0x8000347c                _restgpr_28_x
                0x80003480                _restgpr_29_x
                0x80003484                _restgpr_30_x
                0x80003488                _restgpr_31_x
 *(.text.*)
 *fill*         0x8000349c        0x0 00000000
 .text._ZZN3mod3owr3OWR4InitEvENUlPN4ttyd6evtmgr8EvtEntryEbE_4_FUNES5_b
                0x8000349c       0x6c OWR.o
 .text._ZZN3mod3owr3OWR4InitEvENUlPN4ttyd5party10PartyEntryEfffE_4_FUNES5_fff
                0x80003508       0x98 OWR.o
 .text._ZZN3mod3owr3OWR4InitEvENUliE0_4_FUNEi
                0x800035a0       0xc8 OWR.o
 .text._ZZN3mod3owr3OWR4InitEvENUliE_4_FUNEi
                0x80003668      0x1ec OWR.o
 .text._ZZN3mod3owr3OWR4InitEvENUlPKcE_4_FUNES3_
                0x80003854      0x558 OWR.o
 .text._ZZN3mod3owr3OWR4InitEvENUlN4ttyd6seqdrv8SeqIndexEPKcS6_E_4_FUNES4_S6_S6_
                0x80003dac       0xa0 OWR.o
 .text._ZN3mod3owr3OWRC2Ev
                0x80003e4c        0x4 OWR.o
                0x80003e4c                _ZN3mod3owr3OWRC1Ev
                0x80003e4c                _ZN3mod3owr3OWRC2Ev
 .text._ZN3mod3owr3OWR12SequenceInitEv
                0x80003e50       0xe4 OWR.o
                0x80003e50                _ZN3mod3owr3OWR12SequenceInitEv
 .text._ZN3mod3owr13checkIfInGameEv
                0x80003f34       0x64 OWR.o
                0x80003f34                _ZN3mod3owr13checkIfInGameEv
 .text._ZN3mod3owr3OWR12HomewardWarpEv
                0x80003f98       0x84 OWR.o
                0x80003f98                _ZN3mod3owr3OWR12HomewardWarpEv
 .text._ZN3mod3owr3OWR12RecieveItemsEv
                0x8000401c       0x5c OWR.o
                0x8000401c                _ZN3mod3owr3OWR12RecieveItemsEv
 .text._ZN3mod3owr3OWR4InitEv
                0x80004078      0x22c OWR.o
                0x80004078                _ZN3mod3owr3OWR4InitEv
 .text._ZN3mod3owr3OWR6UpdateEv
                0x800042a4       0x38 OWR.o
                0x800042a4                _ZN3mod3owr3OWR6UpdateEv
 .text._ZN3mod3owr3OWR14OnModuleLoadedEP12OSModuleInfo
                0x800042dc       0x98 OWR.o
                0x800042dc                _ZN3mod3owr3OWR14OnModuleLoadedEP12OSModuleInfo
 .text._ZZN3mod3owr3OWR4InitEvENUlP12OSModuleInfoPvE_4_FUNES3_S4_
                0x80004374       0x54 OWR.o
 .text._ZN3mod3owr3OWR10DrawStringEPKcffjf
                0x800043c8       0xc8 OWR.o
                0x800043c8                _ZN3mod3owr3OWR10DrawStringEPKcffjf
 .text.startup._GLOBAL__sub_I__ZN3mod3owr7item_dbE
                0x80004490       0x14 OWR.o
 .text._ZN3mod3owr12StateManagerC2Ev
                0x800044a4       0x18 StateManager.o
                0x800044a4                _ZN3mod3owr12StateManagerC2Ev
                0x800044a4                _ZN3mod3owr12StateManagerC1Ev
 .text._ZN3modL13mod_if_func24Ev
                0x800044bc       0x54 con_mario.o
 .text.startup._GLOBAL__sub_I__ZN3mod13mario_set_posE
                0x80004510       0x88 con_mario.o
 .text._ZN3modL13mod_if_func51Ev
                0x80004598      0x158 con_perf.o
 .text._ZN3modL13mod_if_func34Ev
                0x800046f0       0xbc con_perf.o
 .text.startup._GLOBAL__sub_I__ZN3mod15perf_fake_spikeE
                0x800047ac       0xc4 con_perf.o
 .text._ZN3modL13mod_if_func16Ev
                0x80004870       0x60 con_seq.o
 .text._ZZN3modL13mod_if_func16EvENUlPN4ttyd6seqdrv7SeqInfoEE_4_FUNES3_
                0x800048d0       0x34 con_seq.o
 .text.startup._GLOBAL__sub_I__ZN3mod13seq_logo_skipE
                0x80004904       0x8c con_seq.o
 .text._ZN3mod13ConsoleSystem8logColorEPKcN2gc6color4E
                0x80004990      0x1e4 console.o
                0x80004990                _ZN3mod13ConsoleSystem8logColorEPKcN2gc6color4E
 .text._ZN3mod13ConsoleSystem7logInfoEPKcz
                0x80004b74       0xac console.o
                0x80004b74                _ZN3mod13ConsoleSystem7logInfoEPKcz
 .text._ZN3mod7CC_findEPKc
                0x80004c20       0xe8 console.o
                0x80004c20                _ZN3mod7CC_findEPKc
 .text._ZN3mod13ConsoleSystem10logWarningEPKcz
                0x80004d08       0xb0 console.o
                0x80004d08                _ZN3mod13ConsoleSystem10logWarningEPKcz
 .text._ZN3mod13ConsoleSystem8logErrorEPKcz
                0x80004db8       0xb0 console.o
                0x80004db8                _ZN3mod13ConsoleSystem8logErrorEPKcz
 .text._ZN3mod13ConsoleSystem7overlayEPKcz
                0x80004e68       0xbc console.o
                0x80004e68                _ZN3mod13ConsoleSystem7overlayEPKcz
 .text._ZN3mod13ConsoleSystem12setMonospaceEb
                0x80004f24       0x24 console.o
                0x80004f24                _ZN3mod13ConsoleSystem12setMonospaceEb
 .text._ZN3mod13ConsoleSystem4initEv
                0x80004f48       0x14 console.o
                0x80004f48                _ZN3mod13ConsoleSystem4initEv
 .text._ZN3mod13ConsoleSystem8drawLineEiPKcN2gc6color4E
                0x80004f5c      0x130 console.o
                0x80004f5c                _ZN3mod13ConsoleSystem8drawLineEiPKcN2gc6color4E
 .text._ZN3mod13ConsoleSystem14processCommandEPKc
                0x8000508c      0x1e4 console.o
                0x8000508c                _ZN3mod13ConsoleSystem14processCommandEPKc
 .text._ZN3mod13ConsoleSystem12updatePromptEv
                0x80005270      0x2f0 console.o
                0x80005270                _ZN3mod13ConsoleSystem12updatePromptEv
 .text._ZN3mod13ConsoleSystem14updateUsbGeckoEv
                0x80005560      0x128 console.o
                0x80005560                _ZN3mod13ConsoleSystem14updateUsbGeckoEv
 .text._ZN3mod13ConsoleSystem6updateEv
                0x80005688       0x68 console.o
                0x80005688                _ZN3mod13ConsoleSystem6updateEv
 .text._ZN3mod13ConsoleSystem4dispEv
                0x800056f0      0x368 console.o
                0x800056f0                _ZN3mod13ConsoleSystem4dispEv
 .text._ZZN3mod13ConsoleSystem6updateEvENUlN4ttyd7dispdrv8CameraIdEPvE_4_FUNES3_S4_
                0x80005a58        0x8 console.o
 .text.startup._GLOBAL__sub_I__ZN3mod10ConCommand6sFirstE
                0x80005a60      0x17c console.o
 .text._Znwj    0x80005bdc        0xc cxx.o
                0x80005bdc                _Znwj
 .text._Znaj    0x80005be8        0x4 cxx.o
                0x80005be8                _Znaj
 .text._ZdlPv   0x80005bec        0xc cxx.o
                0x80005bec                _ZdlPv
 .text._ZdaPv   0x80005bf8        0x4 cxx.o
                0x80005bf8                _ZdaPv
 .text._ZL27checkIndividualStandardHeapPKN2gc2os9ChunkInfoE
                0x80005bfc       0x64 errorHandling.o
 .text._ZL24checkIndividualSmartHeapPKN4ttyd6memory19SmartAllocationDataE
                0x80005c60       0x64 errorHandling.o
 .text._ZL22checkIndividualMapHeapPKN4ttyd6memory13MapAllocEntryE
                0x80005cc4       0x50 errorHandling.o
 .text._ZL21initStandardHeapErrorPKvib
                0x80005d14       0x94 errorHandling.o
 .text._ZL18initSmartHeapErrorPKvb
                0x80005da8       0x8c errorHandling.o
 .text._ZL16initMapHeapErrorPKvtb
                0x80005e34       0xa4 errorHandling.o
 .text._ZN18HeapCorruptionInfo10drawBufferEv
                0x80005ed8       0x98 errorHandling.o
                0x80005ed8                _ZN18HeapCorruptionInfo10drawBufferEv
 .text._ZN21NpcNameToPtrErrorInfo16drawErrorMessageEv
                0x80005f70       0x9c errorHandling.o
                0x80005f70                _ZN21NpcNameToPtrErrorInfo16drawErrorMessageEv
 .text._ZN21AnimPoseMainErrorInfo16drawErrorMessageEv
                0x8000600c       0x9c errorHandling.o
                0x8000600c                _ZN21AnimPoseMainErrorInfo16drawErrorMessageEv
 .text._Z10checkHeapsv
                0x800060a8      0x110 errorHandling.o
                0x800060a8                _Z10checkHeapsv
 .text._Z17drawErrorMessagesv
                0x800061b8       0x74 errorHandling.o
                0x800061b8                _Z17drawErrorMessagesv
 .text._Z25checkForNpcNameToPtrErrorPKc
                0x8000622c       0x6c errorHandling.o
                0x8000622c                _Z25checkForNpcNameToPtrErrorPKc
 .text._Z24preventAnimPoseMainCrashi
                0x80006298       0x54 errorHandling.o
                0x80006298                _Z24preventAnimPoseMainCrashi
 .text.startup._GLOBAL__sub_I_npcNameToPtrErrorInfo
                0x800062ec       0x1c errorHandling.o
 .text.exit._GLOBAL__sub_D_npcNameToPtrErrorInfo
                0x80006308       0x14 errorHandling.o
 .text._ZL22fixPouchInitMemoryLeakij
                0x8000631c       0x4c gamePatches.o
 .text._ZL12autoMashTextN2gc3pad5PadIdE
                0x80006368       0x48 gamePatches.o
 .text._ZL14fixMapProblemsv
                0x800063b0       0xe8 gamePatches.o
 .text.cFixBlooperCrash1
                0x80006498       0x38 gamePatches.o
                0x80006498                cFixBlooperCrash1
 .text.cPreventDiaryTextboxOptionSelection
                0x800064d0       0x58 gamePatches.o
                0x800064d0                cPreventDiaryTextboxOptionSelection
 .text._Z14applyGameFixesv
                0x80006528       0x68 gamePatches.o
                0x80006528                _Z14applyGameFixesv
 .text._Z23applyVariousGamePatchesv
                0x80006590       0xf0 gamePatches.o
                0x80006590                _Z23applyVariousGamePatchesv
 .text._ZN3mod8Keyboard7connectEv
                0x80006680       0x58 keyboard.o
                0x80006680                _ZN3mod8Keyboard7connectEv
 .text._ZN3mod8KeyboardC2Ei
                0x800066d8       0x20 keyboard.o
                0x800066d8                _ZN3mod8KeyboardC2Ei
                0x800066d8                _ZN3mod8KeyboardC1Ei
 .text._ZN3mod8Keyboard10disconnectEv
                0x800066f8       0x40 keyboard.o
                0x800066f8                _ZN3mod8Keyboard10disconnectEv
 .text._ZN3mod8Keyboard6updateEv
                0x80006738      0x1d4 keyboard.o
                0x80006738                _ZN3mod8Keyboard6updateEv
 .text._ZZN3mod3Mod4initEvENUlvE0_4_FUNEv
                0x8000690c        0x4 mod.o
 .text._ZZN3mod3Mod11updateEarlyEvENUlN4ttyd7dispdrv8CameraIdEPvE_4_FUNES3_S4_
                0x80006910        0x4 mod.o
 .text._ZN3mod3ModC2Ev
                0x80006914       0x90 mod.o
                0x80006914                _ZN3mod3ModC2Ev
                0x80006914                _ZN3mod3ModC1Ev
 .text._ZN3mod3Mod4initEv
                0x800069a4      0x188 mod.o
                0x800069a4                _ZN3mod3Mod4initEv
 .text.startup._ZN3mod4mainEv
                0x80006b2c       0x38 mod.o
                0x80006b2c                _ZN3mod4mainEv
 .text._ZN3mod3Mod11updateEarlyEv
                0x80006b64       0x8c mod.o
                0x80006b64                _ZN3mod3Mod11updateEarlyEv
 .text._ZZN3mod3Mod4initEvENUlvE_4_FUNEv
                0x80006bf0        0xc mod.o
 .text._ZN3mod5patch17clear_DC_IC_CacheEPvj
                0x80006bfc       0x3c patch.o
                0x80006bfc                _ZN3mod5patch17clear_DC_IC_CacheEPvj
 .text._ZN3mod5patch14writeEvtBranchEPiPKib
                0x80006c38       0x1c patch.o
                0x80006c38                _ZN3mod5patch14writeEvtBranchEPiPKib
 .text._ZN3mod5patch15writeBranchMainEPvS1_j
                0x80006c54       0x18 patch.o
                0x80006c54                _ZN3mod5patch15writeBranchMainEPvS1_j
 .text._ZN3mod5patch11writeBranchEPvS1_
                0x80006c6c        0x8 patch.o
                0x80006c6c                _ZN3mod5patch11writeBranchEPvS1_
 .text._ZN3mod5patch13writeBranchBLEPvS1_
                0x80006c74        0xc patch.o
                0x80006c74                _ZN3mod5patch13writeBranchBLEPvS1_
 .text._ZN3mod5patch10writePatchEPvPKvj
                0x80006c80       0x5c patch.o
                0x80006c80                _ZN3mod5patch10writePatchEPvPKvj
 .text._ZN3mod5patch10writePatchEPvj
                0x80006cdc       0x2c patch.o
                0x80006cdc                _ZN3mod5patch10writePatchEPvj
 .text._ZN3mod5patch15writeBranchPairEPvS1_S1_
                0x80006d08       0x3c patch.o
                0x80006d08                _ZN3mod5patch15writeBranchPairEPvS1_S1_
 .text._ZN3mod5patch17writeIntWithCacheEPvj
                0x80006d44        0xc patch.o
                0x80006d44                _ZN3mod5patch17writeIntWithCacheEPvj
 .text.vsnprintf
                0x80006d50       0x70 printf.o
                0x80006d50                vsnprintf
 .text.snprintf
                0x80006dc0       0x7c printf.o
                0x80006dc0                snprintf
 .text._prolog  0x80006e3c       0x5c rel.o
                0x80006e3c                _prolog
 .text._epilog  0x80006e98       0x4c rel.o
                0x80006e98                _epilog
 .text._unresolved
                0x80006ee4        0x4 rel.o
                0x80006ee4                _unresolved
 .text._ZN3modL10ugTransferEiPvib
                0x80006ee8      0x124 ug.o
 .text._ZN3mod7ugProbeEi
                0x8000700c       0xf8 ug.o
                0x8000700c                _ZN3mod7ugProbeEi
 .text._ZN3mod6ugSendEiPKvi
                0x80007104        0x8 ug.o
                0x80007104                _ZN3mod6ugSendEiPKvi
 .text._ZN3mod6ugRecvEiPvi
                0x8000710c        0x8 ug.o
                0x8000710c                _ZN3mod6ugRecvEiPvi
 .text.strstr   0x80007114       0x90 util.o
                0x80007114                strstr
 .text._ZN3mod4util16checkButtonComboEj
                0x800071a4       0x4c util.o
                0x800071a4                _ZN3mod4util16checkButtonComboEj
 .text._ZN3mod4util26checkButtonComboEveryFrameEj
                0x800071f0       0x34 util.o
                0x800071f0                _ZN3mod4util26checkButtonComboEveryFrameEj
 .text._ZN3mod4util10ptrIsValidEPv
                0x80007224       0x30 util.o
                0x80007224                _ZN3mod4util10ptrIsValidEPv
 .text._ZN3mod4util10intToFloatEi
                0x80007254       0x30 util.o
                0x80007254                _ZN3mod4util10intToFloatEi
 .text._ZN3mod4util25getTextMultilineIncrementEPKcfj
                0x80007284       0x4c util.o
                0x80007284                _ZN3mod4util25getTextMultilineIncrementEPKcfj
 .text._Z15ApplyAaaPatchesv
                0x800072d0       0x50 aaa.o
                0x800072d0                _Z15ApplyAaaPatchesv
 .text._Z15ApplyAjiPatchesv
                0x80007320      0x83c aji.o
                0x80007320                _Z15ApplyAjiPatchesv
 .text._Z15ApplyBomPatchesv
                0x80007b5c      0x300 bom.o
                0x80007b5c                _Z15ApplyBomPatchesv
 .text._Z15ApplyDouPatchesv
                0x80007e5c      0x2f0 dou.o
                0x80007e5c                _Z15ApplyDouPatchesv
 .text._Z15ApplyEkiPatchesv
                0x8000814c      0x254 eki.o
                0x8000814c                _Z15ApplyEkiPatchesv
 .text._Z15ApplyEndPatchesv
                0x800083a0       0x30 end.o
                0x800083a0                _Z15ApplyEndPatchesv
 .text._Z15ApplyGonPatchesv
                0x800083d0      0x35c gon.o
                0x800083d0                _Z15ApplyGonPatchesv
 .text._Z17ApplyGor00Patchesv
                0x8000872c      0x5b0 gor_00.o
                0x8000872c                _Z17ApplyGor00Patchesv
 .text.startup._GLOBAL__sub_I__Z17ApplyGor00Patchesv
                0x80008cdc       0x14 gor_00.o
 .text._Z17ApplyGor01Patchesv
                0x80008cf0      0x404 gor_01.o
                0x80008cf0                _Z17ApplyGor01Patchesv
 .text._Z17ApplyGor02Patchesv
                0x800090f4      0x400 gor_02.o
                0x800090f4                _Z17ApplyGor02Patchesv
 .text._Z17ApplyGor03Patchesv
                0x800094f4      0x47c gor_03.o
                0x800094f4                _Z17ApplyGor03Patchesv
 .text._Z17ApplyGor04Patchesv
                0x80009970      0x1d8 gor_04.o
                0x80009970                _Z17ApplyGor04Patchesv
 .text._Z19ApplyGorMiscPatchesv
                0x80009b48      0x14c gor_misc.o
                0x80009b48                _Z19ApplyGorMiscPatchesv
 .text._Z15ApplyGorPatchesv
                0x80009c94       0x30 gor_misc.o
                0x80009c94                _Z15ApplyGorPatchesv
 .text._Z15ApplyGraPatchesv
                0x80009cc4      0x200 gra.o
                0x80009cc4                _Z15ApplyGraPatchesv
 .text._Z15ApplyHeiPatchesv
                0x80009ec4      0x294 hei.o
                0x80009ec4                _Z15ApplyHeiPatchesv
 .text._Z15ApplyHomPatchesv
                0x8000a158      0x140 hom.o
                0x8000a158                _Z15ApplyHomPatchesv
 .text._Z15ApplyJinPatchesv
                0x8000a298      0x348 jin.o
                0x8000a298                _Z15ApplyJinPatchesv
 .text._Z15ApplyKpaPatchesv
                0x8000a5e0       0xd0 kpa.o
                0x8000a5e0                _Z15ApplyKpaPatchesv
 .text._Z15ApplyLasPatchesv
                0x8000a6b0      0x4f0 las.o
                0x8000a6b0                _Z15ApplyLasPatchesv
 .text._Z24ApplyMainAssemblyPatchesv
                0x8000aba0      0x8e8 main.o
                0x8000aba0                _Z24ApplyMainAssemblyPatchesv
 .text._Z22ApplyMainScriptPatchesv
                0x8000b488      0x1d4 main.o
                0x8000b488                _Z22ApplyMainScriptPatchesv
 .text._Z25ApplyItemDataTablePatchesv
                0x8000b65c      0x15c main.o
                0x8000b65c                _Z25ApplyItemDataTablePatchesv
 .text._Z15ApplyMriPatchesv
                0x8000b7b8      0xbbc mri.o
                0x8000b7b8                _Z15ApplyMriPatchesv
 .text._Z15ApplyMujPatchesv
                0x8000c374      0xa2c muj.o
                0x8000c374                _Z15ApplyMujPatchesv
 .text._Z15ApplyNokPatchesv
                0x8000cda0      0x36c nok.o
                0x8000cda0                _Z15ApplyNokPatchesv
 .text._Z15ApplyPikPatchesv
                0x8000d10c      0x51c pik.o
                0x8000d10c                _Z15ApplyPikPatchesv
 .text._Z15ApplyRshPatchesv
                0x8000d628      0xe20 rsh.o
                0x8000d628                _Z15ApplyRshPatchesv
 .text._Z24checkChapterRequirementsPN4ttyd6evtmgr8EvtEntryEb
                0x8000e448       0x7c tik.o
                0x8000e448                _Z24checkChapterRequirementsPN4ttyd6evtmgr8EvtEntryEb
 .text._Z18checkChapterClearsPN4ttyd6evtmgr8EvtEntryEb
                0x8000e4c4       0x5c tik.o
                0x8000e4c4                _Z18checkChapterClearsPN4ttyd6evtmgr8EvtEntryEb
 .text._Z15ApplyTikPatchesv
                0x8000e520      0x578 tik.o
                0x8000e520                _Z15ApplyTikPatchesv
 .text._Z15ApplyTouPatchesv
                0x8000ea98     0x10a8 tou.o
                0x8000ea98                _Z15ApplyTouPatchesv
 .text._Z16ApplyTou2Patchesv
                0x8000fb40      0x34c tou2.o
                0x8000fb40                _Z16ApplyTou2Patchesv
 .text._Z15ApplyUsuPatchesv
                0x8000fe8c      0x884 usu.o
                0x8000fe8c                _Z15ApplyUsuPatchesv
 .text._Z15ApplyWinPatchesv
                0x80010710      0x2e4 win.o
                0x80010710                _Z15ApplyWinPatchesv
 *(.gnu.warning)
 *(.gnu.linkonce.t.*)
                0x80010a00                        . = ALIGN (0x20)
 *fill*         0x800109f4        0xc 00000000

.text._ZN3mod13mario_set_posMUlPKcE_4_FUNES2_
                0x00000000       0x5c
 .text._ZN3mod13mario_set_posMUlPKcE_4_FUNES2_
                0x00000000       0x5c con_mario.o
                0x00000000                _ZN3mod13mario_set_posMUlPKcE_4_FUNES2_
                0x00000000                _ZN3mod13mario_set_posMUlPKcE_4_FUNES1_

.text._ZN3mod15perf_fake_spikeMUlPKcE_4_FUNES2_
                0x00000000       0x7c
 .text._ZN3mod15perf_fake_spikeMUlPKcE_4_FUNES2_
                0x00000000       0x7c con_perf.o
                0x00000000                _ZN3mod15perf_fake_spikeMUlPKcE_4_FUNES1_
                0x00000000                _ZN3mod15perf_fake_spikeMUlPKcE_4_FUNES2_

.text._ZN3mod14seq_change_mapMUlPKcE_4_FUNES2_
                0x00000000       0xc4
 .text._ZN3mod14seq_change_mapMUlPKcE_4_FUNES2_
                0x00000000       0xc4 con_seq.o
                0x00000000                _ZN3mod14seq_change_mapMUlPKcE_4_FUNES2_
                0x00000000                _ZN3mod14seq_change_mapMUlPKcE_4_FUNES1_

.text._ZN3mod8con_monoMUlPNS_9ConIntVarEiE_4_FUNES2_i
                0x00000000       0x18
 .text._ZN3mod8con_monoMUlPNS_9ConIntVarEiE_4_FUNES2_i
                0x00000000       0x18 console.o
                0x00000000                _ZN3mod8con_monoMUlPNS_9ConIntVarEiE_4_FUNES1_i
                0x00000000                _ZN3mod8con_monoMUlPNS_9ConIntVarEiE_4_FUNES2_i

.text._ZN18HeapCorruptionInfo10initBufferEv
                0x00000000       0x34
 .text._ZN18HeapCorruptionInfo10initBufferEv
                0x00000000       0x34 errorHandling.o
                0x00000000                _ZN18HeapCorruptionInfo10initBufferEv

.fini           0x00000034        0xc
 *(.fini)
                0x00000040                        . = ALIGN (0x20)
 *fill*         0x00000034        0xc 00000000
                [!provide]                        PROVIDE (__etext = .)
                [!provide]                        PROVIDE (_etext = .)
                [!provide]                        PROVIDE (etext = .)

.rodata         0x00000040     0xc86d
 *(.rodata)
 *(.rodata.*)
 .rodata._ZZN3mod3owr3OWR4InitEvENUliE_4_FUNEi
                0x00000040       0x10 OWR.o
 .rodata._ZZN3mod3owr3OWR4InitEvENUlPKcE_4_FUNES3_.str1.1
                0x00000050      0x455 OWR.o
 .rodata._ZZN3mod3owr3OWR4InitEvENUlN4ttyd6seqdrv8SeqIndexEPKcS6_E_4_FUNES4_S6_S6_.str1.1
                0x000004a5        0x7 OWR.o
 .rodata._ZN3mod3owr3OWR14OnModuleLoadedEP12OSModuleInfo
                0x000004ac       0x70 OWR.o
 .rodata._ZL8GSWF_ARR
                0x0000051c       0x1e OWR.o
 *fill*         0x0000053a        0x2 
 .rodata.cst4   0x0000053c        0x4 OWR.o
 .rodata._ZN3mod13mario_set_posMUlPKcE_4_FUNES2_.str1.1
                0x00000540        0x9 con_mario.o
 .rodata._ZN3modL13mod_if_func24Ev.str1.1
                0x00000549       0x20 con_mario.o
 .rodata._GLOBAL__sub_I__ZN3mod13mario_set_posE.str1.1
                0x00000569       0x1d con_mario.o
 .rodata._ZN3modL13mod_if_func51Ev.str1.1
                0x00000586       0x5b con_perf.o
 .rodata._ZN3mod15perf_fake_spikeMUlPKcE_4_FUNES2_.str1.1
                0x000005e1        0x3 con_perf.o
 .rodata._ZN3modL13mod_if_func34Ev.str1.1
                0x000005e4       0x1c con_perf.o
 .rodata._GLOBAL__sub_I__ZN3mod15perf_fake_spikeE.str1.1
                0x00000600       0x29 con_perf.o
 *fill*         0x00000629        0x3 
 .rodata.cst4   0x0000062c       0x10 con_perf.o
 .rodata._ZN3mod14seq_change_mapMUlPKcE_4_FUNES2_.str1.1
                0x0000063c       0x1e con_seq.o
 .rodata._GLOBAL__sub_I__ZN3mod13seq_logo_skipE.str1.1
                0x0000065a       0x1d con_seq.o
 .rodata._ZN3mod13ConsoleSystem8logColorEPKcN2gc6color4E.str1.1
                0x00000677       0x80 console.o
 .rodata._ZN3mod7CC_findEPKc.str1.1
                0x000006f7       0x1d console.o
 .rodata._ZN3mod13ConsoleSystem14processCommandEPKc.str1.1
                0x00000714       0x28 console.o
 .rodata._ZN3mod13ConsoleSystem14updateUsbGeckoEv.str1.1
                0x0000073c       0x74 console.o
 .rodata._ZN3mod13ConsoleSystem4dispEv.str1.1
                0x000007b0       0x16 console.o
 .rodata._GLOBAL__sub_I__ZN3mod10ConCommand6sFirstE.str1.1
                0x000007c6       0x7f console.o
 .rodata._ZZN3mod13ConsoleSystem4dispEvE12kPromptColor
                0x00000845        0x4 console.o
 *fill*         0x00000849        0x3 
 .rodata.cst4   0x0000084c        0x8 console.o
 .rodata._ZL21initStandardHeapErrorPKvib.str1.1
                0x00000854       0x30 errorHandling.o
 .rodata._ZL18initSmartHeapErrorPKvb.str1.1
                0x00000884       0x23 errorHandling.o
 .rodata._ZL16initMapHeapErrorPKvtb.str1.1
                0x000008a7       0x2b errorHandling.o
 .rodata._ZN21NpcNameToPtrErrorInfo16drawErrorMessageEv.str1.1
                0x000008d2       0x1f errorHandling.o
 .rodata._ZN21AnimPoseMainErrorInfo16drawErrorMessageEv.str1.1
                0x000008f1       0x1f errorHandling.o
 .rodata.cst4   0x00000910       0x10 errorHandling.o
 .rodata._ZL14fixMapProblemsv.str1.1
                0x00000920       0x1e gamePatches.o
 .rodata.cPreventDiaryTextboxOptionSelection.str1.1
                0x0000093e       0x19 gamePatches.o
 *fill*         0x00000957        0x1 
 .rodata.cst4   0x00000958        0x4 mod.o
 .rodata.cst4   0x0000095c        0x8 util.o
 .rodata._ZL20aji_17_init_evt_hook
                0x00000964       0x10 aji.o
 .rodata._ZL19aji_17_init_evt_evt
                0x00000974       0x4c aji.o
 .rodata._ZL20aji_10_init_evt_hook
                0x000009c0       0x10 aji.o
 .rodata.str1.1
                0x000009d0       0x37 aji.o
 *fill*         0x00000a07        0x1 
 .rodata._ZL19aji_10_init_evt_evt
                0x00000a08      0x288 aji.o
 .rodata._ZL18teshita3_init_hook
                0x00000c90       0x10 aji.o
 .rodata._ZL17teshita3_init_evt
                0x00000ca0       0xc0 aji.o
 .rodata._ZL18teshita2_init_hook
                0x00000d60       0x10 aji.o
 .rodata._ZL17teshita2_init_evt
                0x00000d70       0xc0 aji.o
 .rodata._ZL20peach_evt_ele_2_hook
                0x00000e30       0x24 aji.o
 .rodata._ZL19peach_evt_ele_2_evt
                0x00000e54       0x6c aji.o
 .rodata._ZL20aji_00_init_evt_hook
                0x00000ec0       0x10 aji.o
 .rodata._ZL19aji_00_init_evt_evt
                0x00000ed0       0x5c aji.o
 .rodata._ZL4npc4
                0x00000f2c       0x13 aji.o
 *fill*         0x00000f3f        0x1 
 .rodata._ZL4npc3
                0x00000f40        0x7 aji.o
 *fill*         0x00000f47        0x1 
 .rodata._ZL4npc2
                0x00000f48        0xf aji.o
 *fill*         0x00000f57        0x1 
 .rodata._ZL4npc1
                0x00000f58        0x7 aji.o
 .rodata.str1.1
                0x00000f5f       0x12 dou.o
 *fill*         0x00000f71        0x3 
 .rodata._ZL20peramajin_after_item
                0x00000f74       0x9c dou.o
 .rodata._ZL12evt_elv_hook
                0x00001010       0x28 eki.o
 .rodata.str1.1
                0x00001038       0x2f eki.o
 *fill*         0x00001067        0x1 
 .rodata._ZL11evt_elv_evt
                0x00001068      0x104 eki.o
 .rodata.str1.1
                0x0000116c        0xb gon.o
 *fill*         0x00001177        0x1 
 .rodata._ZL19gon_evt_majin2_item
                0x00001178       0xd0 gon.o
 .rodata._ZL21gor_00_init_evt2_hook
                0x00001248       0x10 gor_00.o
 .rodata._ZL21gor_00_init_evt1_hook
                0x00001258       0x10 gor_00.o
 .rodata.str1.1
                0x00001268      0x25e gor_00.o
 *fill*         0x000014c6        0x2 
 .rodata._ZL16gor_00_init_evt1
                0x000014c8      0x1f8 gor_00.o
 .rodata._ZL18korutesu_init_hook
                0x000016c0       0x10 gor_00.o
 .rodata._ZL17korutesu_init_evt
                0x000016d0       0x58 gor_00.o
 .rodata._ZL20suifubomb_b_talk_evt
                0x00001728       0xd4 gor_00.o
 .rodata._ZL21suifubomb_b_regl_hook
                0x000017fc       0x10 gor_00.o
 .rodata._ZL20suifubomb_b_regl_evt
                0x0000180c      0x120 gor_00.o
 .rodata._ZL20suifubomb_a_talk_evt
                0x0000192c      0x150 gor_00.o
 .rodata._ZL21suifubomb_a_regl_hook
                0x00001a7c       0x10 gor_00.o
 .rodata._ZL20suifubomb_a_regl_evt
                0x00001a8c       0x90 gor_00.o
 .rodata._ZL21suifubomb_a_init_hook
                0x00001b1c       0x10 gor_00.o
 .rodata._ZL20suifubomb_a_init_evt
                0x00001b2c       0xc8 gor_00.o
 .rodata._ZL16suifu_b_talk_evt
                0x00001bf4       0xd4 gor_00.o
 .rodata._ZL20luigi_npcEnt_00_hook
                0x00001cc8       0x10 gor_00.o
 .rodata._ZL19luigi_npcEnt_00_evt
                0x00001cd8       0x80 gor_00.o
 .rodata._ZL18luigi_init_00_hook
                0x00001d58       0x10 gor_00.o
 .rodata._ZL17luigi_init_00_evt
                0x00001d68       0x50 gor_00.o
 .rodata._ZL16mokorim_init_evt
                0x00001db8       0x30 gor_00.o
 .rodata._ZL17suifu_b_init_hook
                0x00001de8       0x10 gor_00.o
 .rodata._ZL16suifu_b_init_evt
                0x00001df8       0xc8 gor_00.o
 .rodata._ZL17suifu_a_regl_hook
                0x00001ec0       0x10 gor_00.o
 .rodata._ZL16suifu_a_regl_evt
                0x00001ed0       0x80 gor_00.o
 .rodata._ZL16suifu_a_talk_evt
                0x00001f50       0xd4 gor_00.o
 .rodata._ZL19odoodo_ani_talk_evt
                0x00002024       0x20 gor_00.o
 .rodata._ZL15odoodo_talk_evt
                0x00002044      0x128 gor_00.o
 .rodata._ZL16odoodo_regl_hook
                0x0000216c       0x10 gor_00.o
 .rodata._ZL15odoodo_regl_evt
                0x0000217c       0x94 gor_00.o
 .rodata._ZL16odoodo_init_hook
                0x00002210       0x10 gor_00.o
 .rodata._ZL15odoodo_init_evt
                0x00002220      0x114 gor_00.o
 .rodata._ZL17garawaru_talk_evt
                0x00002334       0xb8 gor_00.o
 .rodata._ZL18garawaru_regl_hook
                0x000023ec       0x10 gor_00.o
 .rodata._ZL17garawaru_regl_evt
                0x000023fc      0x120 gor_00.o
 .rodata._ZL18garawaru_init_hook
                0x0000251c       0x10 gor_00.o
 .rodata._ZL17garawaru_init_evt
                0x0000252c      0x140 gor_00.o
 .rodata._ZL7npcEnt2
                0x0000266c        0x9 gor_00.o
 *fill*         0x00002675        0x3 
 .rodata._ZL6npcEnt
                0x00002678        0x9 gor_00.o
 .rodata.str1.1
                0x00002681       0x9f gor_01.o
 .rodata._ZL15bomhei_talk_evt
                0x00002720       0x20 gor_01.o
 .rodata._ZL16chusan2_talk_evt
                0x00002740       0x20 gor_01.o
 .rodata._ZL16chusan1_talk_evt
                0x00002760       0x20 gor_01.o
 .rodata._ZL16kuribo3_talk_evt
                0x00002780       0x20 gor_01.o
 .rodata._ZL16kuribo2_talk_evt
                0x000027a0       0x20 gor_01.o
 .rodata._ZL16kuribo1_talk_evt
                0x000027c0       0x20 gor_01.o
 .rodata._ZL15roten2_talk_evt
                0x000027e0       0x20 gor_01.o
 .rodata._ZL15roten1_talk_evt
                0x00002800       0x20 gor_01.o
 .rodata._ZL19shoptender_talk_evt
                0x00002820       0x20 gor_01.o
 .rodata._ZL15kinoji_talk_evt
                0x00002840       0x20 gor_01.o
 .rodata._ZL19bottakuru_init_hook
                0x00002860       0x10 gor_01.o
 .rodata._ZL18bottakuru_init_evt
                0x00002870       0x70 gor_01.o
 .rodata._ZL18marco_init_01_hook
                0x000028e0       0x10 gor_01.o
 .rodata._ZL17marco_init_01_evt
                0x000028f0       0x40 gor_01.o
 .rodata._ZL20badgemaster_talk_evt
                0x00002930       0x20 gor_01.o
 .rodata._ZL15luigi_init_hook
                0x00002950       0x10 gor_02.o
 .rodata.str1.1
                0x00002960      0x22d gor_02.o
 *fill*         0x00002b8d        0x3 
 .rodata._ZL14luigi_init_evt
                0x00002b90       0x4c gor_02.o
 .rodata._ZL20tozokudan2_talk_hook
                0x00002bdc        0xc gor_02.o
 .rodata._ZL19tozokudan2_talk_evt
                0x00002be8      0x160 gor_02.o
 .rodata._ZL20tozokudan1_talk_hook
                0x00002d48        0xc gor_02.o
 .rodata._ZL19tozokudan1_talk_evt
                0x00002d54      0x160 gor_02.o
 .rodata._ZL20kurihakase_init_hook
                0x00002eb4       0x10 gor_02.o
 .rodata._ZL19kurihakase_init_evt
                0x00002ec4      0x294 gor_02.o
 .rodata._ZL19kurihakase_talk_evt
                0x00003158      0x2cc gor_02.o
 .rodata._ZL22evt_door_02_open_hook2
                0x00003424       0x10 gor_02.o
 .rodata._ZL21evt_door_02_open_evt2
                0x00003434       0xc4 gor_02.o
 .rodata._ZL21evt_door_02_open_hook
                0x000034f8       0x10 gor_02.o
 .rodata._ZL20evt_door_02_open_evt
                0x00003508      0x184 gor_02.o
 .rodata._ZL21gor_02_init_evt2_hook
                0x0000368c       0x10 gor_02.o
 .rodata._ZL16gor_02_init_evt2
                0x0000369c       0xcc gor_02.o
 .rodata._ZL21gor_02_init_evt1_hook
                0x00003768       0x10 gor_02.o
 .rodata._ZL16gor_02_init_evt1
                0x00003778      0x138 gor_02.o
 .rodata._ZL16borodo2_talk_evt
                0x000038b0       0x20 gor_02.o
 .rodata._ZL16borodo1_talk_evt
                0x000038d0       0x20 gor_02.o
 .rodata._ZL15roten3_talk_evt
                0x000038f0       0x20 gor_02.o
 .rodata._ZL16chusan3_talk_evt
                0x00003910       0x20 gor_02.o
 .rodata._ZL16kuribo4_talk_evt
                0x00003930       0x20 gor_02.o
 .rodata._ZL20gor_03_init_evt_hook
                0x00003950       0x10 gor_03.o
 .rodata.str1.1
                0x00003960      0x100 gor_03.o
 .rodata._ZL19gor_03_init_evt_evt
                0x00003a60      0x160 gor_03.o
 .rodata._ZL16maffia3_talk_evt
                0x00003bc0       0x20 gor_03.o
 .rodata._ZL16maffia2_talk_evt
                0x00003be0      0x140 gor_03.o
 .rodata._ZL16maffia1_talk_evt
                0x00003d20      0x140 gor_03.o
 .rodata._ZL26maffiaboss_casino_talk_evt
                0x00003e60       0x20 gor_03.o
 .rodata._ZL26maffiaboss_talk_common_evt
                0x00003e80      0x120 gor_03.o
 .rodata._Z17ApplyGor04Patchesv.str1.1
                0x00003fa0       0x12 gor_04.o
 .rodata.str1.1
                0x00003fb2        0x7 gor_misc.o
 *fill*         0x00003fb9        0x3 
 .rodata._ZL9party_evt
                0x00003fbc       0x9c gor_misc.o
 .rodata._ZL9goombella
                0x00004058        0x9 gor_misc.o
 .rodata.str1.1
                0x00004061       0x18 gra.o
 *fill*         0x00004079        0x3 
 .rodata._ZL17evt_machibuse_evt
                0x0000407c       0x4c gra.o
 .rodata._ZL8doopliss
                0x000040c8        0xb gra.o
 *fill*         0x000040d3        0x1 
 .rodata._ZL11stones_hook
                0x000040d4       0x10 hei.o
 .rodata.str1.1
                0x000040e4       0x21 hei.o
 *fill*         0x00004105        0x3 
 .rodata._ZL10stones_evt
                0x00004108       0xd8 hei.o
 .rodata._ZL9party_evt
                0x000041e0       0x80 hei.o
 .rodata._ZL5koops
                0x00004260        0xb hei.o
 *fill*         0x0000426b        0x1 
 .rodata._ZL20hom_00_init_evt_hook
                0x0000426c       0x10 hom.o
 .rodata.str1.1
                0x0000427c       0x1f hom.o
 *fill*         0x0000429b        0x1 
 .rodata._ZL19hom_00_init_evt_evt
                0x0000429c       0x94 hom.o
 .rodata._ZL20jin_08_init_evt_hook
                0x00004330        0x8 jin.o
 .rodata._ZL19jin_08_init_evt_evt
                0x00004338       0x1c jin.o
 .rodata._ZL18tenkyugi_evt2_hook
                0x00004354       0x10 las.o
 .rodata.str1.1
                0x00004364       0x6a las.o
 *fill*         0x000043ce        0x2 
 .rodata._ZL17tenkyugi_evt2_evt
                0x000043d0       0x2c las.o
 .rodata._ZL20las_10_init_evt_hook
                0x000043fc       0x10 las.o
 .rodata._ZL19las_10_init_evt_evt
                0x0000440c       0x40 las.o
 .rodata._ZL13stairs_revert
                0x0000444c      0x104 las.o
 .rodata._Z25ApplyItemDataTablePatchesv.str1.1
                0x00004550       0xc2 main.o
 *fill*         0x00004612        0x2 
 .rodata._ZL20mri_09_init_evt_hook
                0x00004614       0x10 mri.o
 .rodata.str1.1
                0x00004624      0x181 mri.o
 *fill*         0x000047a5        0x3 
 .rodata._ZL19mri_09_init_evt_evt
                0x000047a8      0x14c mri.o
 .rodata._ZL20mri_04_init_evt_hook
                0x000048f4       0x10 mri.o
 .rodata._ZL19mri_04_init_evt_evt
                0x00004904       0x30 mri.o
 .rodata._ZL16bero_custom_hook
                0x00004934       0x10 mri.o
 .rodata._ZL15bero_custom_evt
                0x00004944       0x44 mri.o
 .rodata._ZL21mri_01_init_evt_hook2
                0x00004988       0x10 mri.o
 .rodata._ZL19mri_01_init_evt_evt
                0x00004998       0x30 mri.o
 .rodata._ZL18puniinfo_talk_hook
                0x000049c8       0x10 mri.o
 .rodata._ZL20mri_03_init_evt_hook
                0x000049d8       0x14 mri.o
 .rodata._ZL22mri_03_init_evt_switch
                0x000049ec       0x9c mri.o
 .rodata._ZL20mri_01_init_evt_hook
                0x00004a88       0x14 mri.o
 .rodata._ZL22mri_01_init_evt_switch
                0x00004a9c       0xb0 mri.o
 .rodata._ZL23mri_sister_init_01_hook
                0x00004b4c       0x10 mri.o
 .rodata._ZL22mri_sister_init_01_evt
                0x00004b5c       0xa8 mri.o
 .rodata._ZL16puni_2_init_hook
                0x00004c04       0x10 mri.o
 .rodata._ZL15puni_2_init_evt
                0x00004c14       0x78 mri.o
 .rodata._ZL16puni_1_talk_hook
                0x00004c8c       0x10 mri.o
 .rodata._ZL15puni_1_talk_evt
                0x00004c9c       0xb0 mri.o
 .rodata._ZL16puni_1_init_hook
                0x00004d4c       0x10 mri.o
 .rodata._ZL15puni_1_init_evt
                0x00004d5c       0x78 mri.o
 .rodata._ZL15elder_talk_hook
                0x00004dd4       0x10 mri.o
 .rodata._ZL14elder_talk_evt
                0x00004de4       0xb8 mri.o
 .rodata._ZL22mri_elder_init_01_hook
                0x00004e9c       0x10 mri.o
 .rodata._ZL21mri_elder_init_01_evt
                0x00004eac       0xcc mri.o
 .rodata._ZL22mri_rival_init_01_hook
                0x00004f78       0x10 mri.o
 .rodata._ZL21mri_rival_init_01_evt
                0x00004f88       0xa8 mri.o
 .rodata._ZL18guide_init_01_hook
                0x00005030       0x10 mri.o
 .rodata._ZL17guide_init_01_evt
                0x00005040       0x8c mri.o
 .rodata._ZL15guide_talk_hook
                0x000050cc       0x10 mri.o
 .rodata._ZL14guide_talk_evt
                0x000050dc       0x98 mri.o
 .rodata._ZL18guide_init_00_hook
                0x00005174       0x10 mri.o
 .rodata._ZL17guide_init_00_evt
                0x00005184      0x150 mri.o
 .rodata._ZL14muj_party_hook
                0x000052d4       0x10 muj.o
 .rodata.str1.1
                0x000052e4      0x38f muj.o
 *fill*         0x00005673        0x1 
 .rodata._ZL13muj_party_evt
                0x00005674       0xac muj.o
 .rodata._ZL22peton_init_muj_01_hook
                0x00005720       0x10 muj.o
 .rodata._ZL21peton_init_muj_01_evt
                0x00005730       0x54 muj.o
 .rodata._ZL21mony_init_muj_01_hook
                0x00005784       0x10 muj.o
 .rodata._ZL20mony_init_muj_01_evt
                0x00005794       0x54 muj.o
 .rodata._ZL17koburon_dead_hook
                0x000057e8       0x10 muj.o
 .rodata._ZL16koburon_dead_evt
                0x000057f8      0x3bc muj.o
 .rodata._ZL20muj_01_init_evt_hook
                0x00005bb4       0x10 muj.o
 .rodata._ZL19muj_01_init_evt_evt
                0x00005bc4       0x50 muj.o
 .rodata._ZL21borosuifu_b_talk_hook
                0x00005c14       0x10 muj.o
 .rodata._ZL20borosuifu_b_talk_evt
                0x00005c24       0xf8 muj.o
 .rodata._ZL21borosuifu_a_talk_hook
                0x00005d1c       0x10 muj.o
 .rodata._ZL20borosuifu_a_talk_evt
                0x00005d2c       0xf8 muj.o
 .rodata._ZL24suifu_d_talk_muj_01_hook
                0x00005e24       0x10 muj.o
 .rodata._ZL23suifu_d_talk_muj_01_evt
                0x00005e34       0xf8 muj.o
 .rodata._ZL20suifu_bomb_talk_hook
                0x00005f2c       0x10 muj.o
 .rodata._ZL19suifu_bomb_talk_evt
                0x00005f3c       0xf4 muj.o
 .rodata._ZL20suifu_bomb_init_hook
                0x00006030       0x10 muj.o
 .rodata._ZL19suifu_bomb_init_evt
                0x00006040       0x30 muj.o
 .rodata._ZL24suifu_a_talk_muj_01_hook
                0x00006070       0x10 muj.o
 .rodata._ZL23suifu_a_talk_muj_01_evt
                0x00006080       0xf4 muj.o
 .rodata._ZL24suifu_a_init_muj_01_hook
                0x00006174       0x10 muj.o
 .rodata._ZL23suifu_a_init_muj_01_evt
                0x00006184       0x40 muj.o
 .rodata._ZL23odoodo_init_muj_01_hook
                0x000061c4       0x10 muj.o
 .rodata._ZL22odoodo_init_muj_01_evt
                0x000061d4       0x40 muj.o
 .rodata._ZL23megane_init_muj_01_hook
                0x00006214       0x10 muj.o
 .rodata._ZL22megane_init_muj_01_evt
                0x00006224       0x40 muj.o
 .rodata._ZL22marco_init_muj_01_hook
                0x00006264       0x10 muj.o
 .rodata._ZL21marco_init_muj_01_evt
                0x00006274       0x9c muj.o
 .rodata._ZL25garawaru_talk_muj_01_hook
                0x00006310       0x10 muj.o
 .rodata._ZL24garawaru_talk_muj_01_evt
                0x00006320      0x4b4 muj.o
 .rodata._ZL25garawaru_init_muj_01_hook
                0x000067d4       0x10 muj.o
 .rodata._ZL24garawaru_init_muj_01_evt
                0x000067e4       0xd8 muj.o
 .rodata._ZL20muj_00_init_evt_hook
                0x000068bc       0x44 muj.o
 .rodata._ZL21muj_00_init_evt_evt_2
                0x00006900       0x70 muj.o
 .rodata._ZL19muj_00_init_evt_evt
                0x00006970       0x40 muj.o
 .rodata._ZL22peton_talk_muj_00_hook
                0x000069b0       0x10 muj.o
 .rodata._ZL21peton_talk_muj_00_evt
                0x000069c0       0x8c muj.o
 .rodata._ZL21mony_talk_muj_00_hook
                0x00006a4c       0x10 muj.o
 .rodata._ZL20mony_talk_muj_00_evt
                0x00006a5c       0x8c muj.o
 .rodata._ZL17nokorin_talk_hook
                0x00006ae8       0x10 nok.o
 .rodata.str1.1
                0x00006af8      0x4b1 nok.o
 *fill*         0x00006fa9        0x3 
 .rodata._ZL16nokorin_talk_evt
                0x00006fac      0x2f4 nok.o
 .rodata._ZL19boss_noko_talk_hook
                0x000072a0       0x10 nok.o
 .rodata._ZL18boss_noko_talk_evt
                0x000072b0      0x164 nok.o
 .rodata._ZL20nokonoko_K_talk_hook
                0x00007414       0x10 nok.o
 .rodata._ZL19nokonoko_K_talk_evt
                0x00007424       0xd4 nok.o
 .rodata._ZL18nokopapa_talk_hook
                0x000074f8       0x10 nok.o
 .rodata._ZL17nokopapa_talk_evt
                0x00007508      0x128 nok.o
 .rodata._ZL16monban_talk_hook
                0x00007630       0x10 nok.o
 .rodata._ZL15monban_talk_evt
                0x00007640      0x11c nok.o
 .rodata._ZL20nokonoko_I_talk_hook
                0x0000775c       0x10 nok.o
 .rodata._ZL19nokonoko_I_talk_evt
                0x0000776c       0xd4 nok.o
 .rodata._ZL20nokonoko_H_talk_hook
                0x00007840       0x10 nok.o
 .rodata._ZL19nokonoko_H_talk_evt
                0x00007850       0xfc nok.o
 .rodata._ZL20nokonoko_G_talk_hook
                0x0000794c       0x10 nok.o
 .rodata._ZL19nokonoko_G_talk_evt
                0x0000795c       0xd4 nok.o
 .rodata._ZL15talk_white_hook
                0x00007a30       0x10 nok.o
 .rodata._ZL14talk_white_evt
                0x00007a40       0xa4 nok.o
 .rodata._ZL15init_white_hook
                0x00007ae4       0x10 nok.o
 .rodata._ZL14init_white_evt
                0x00007af4       0x44 nok.o
 .rodata._ZL20nokonoko_F_talk_hook
                0x00007b38       0x10 nok.o
 .rodata._ZL19nokonoko_F_talk_evt
                0x00007b48       0xd4 nok.o
 .rodata._ZL20nokonoko_D_talk_hook
                0x00007c1c       0x10 nok.o
 .rodata._ZL19nokonoko_D_talk_evt
                0x00007c2c       0xfc nok.o
 .rodata._ZL20nokonoko_C_talk_hook
                0x00007d28       0x10 nok.o
 .rodata._ZL19nokonoko_C_talk_evt
                0x00007d38       0xd4 nok.o
 .rodata._ZL20nokonoko_B_talk_hook
                0x00007e0c       0x10 nok.o
 .rodata._ZL19nokonoko_B_talk_evt
                0x00007e1c       0xd4 nok.o
 .rodata._ZL20nokonoko_A_talk_hook
                0x00007ef0       0x10 nok.o
 .rodata._ZL19nokonoko_A_talk_evt
                0x00007f00      0x10c nok.o
 .rodata._ZL16pik_00_init_hook
                0x0000800c       0x10 pik.o
 .rodata.str1.1
                0x0000801c      0x15a pik.o
 *fill*         0x00008176        0x2 
 .rodata._ZL19pik_00_init_evt_evt
                0x00008178       0x58 pik.o
 .rodata._ZL32pik_talk_madam_ring_return_hook3
                0x000081d0       0x10 pik.o
 .rodata._ZL20talk_madam_ring_item
                0x000081e0       0x8c pik.o
 .rodata._ZL14evt_daiza_hook
                0x0000826c       0x1c pik.o
 .rodata._ZL13evt_daiza_evt
                0x00008288       0x5c pik.o
 .rodata._ZL18pik_evt_powan_hook
                0x000082e4       0x28 pik.o
 .rodata._ZL17pik_evt_powan_evt
                0x0000830c       0x94 pik.o
 .rodata._ZL16takun6_talk_hook
                0x000083a0       0x10 pik.o
 .rodata._ZL15takun6_talk_evt
                0x000083b0       0x78 pik.o
 .rodata._ZL16takun5_talk_hook
                0x00008428       0x10 pik.o
 .rodata._ZL15takun5_talk_evt
                0x00008438       0x78 pik.o
 .rodata._ZL16takun4_talk_hook
                0x000084b0       0x10 pik.o
 .rodata._ZL15takun4_talk_evt
                0x000084c0       0xb4 pik.o
 .rodata._ZL18miyageya_talk_hook
                0x00008574       0x28 pik.o
 .rodata._ZL17miyageya_talk_evt
                0x0000859c      0x114 pik.o
 .rodata._ZL7madame2
                0x000086b0        0x7 pik.o
 *fill*         0x000086b7        0x1 
 .rodata._ZL28talk_madam_ring_return_hook3
                0x000086b8       0x10 rsh.o
 .rodata.str1.1
                0x000086c8      0x1ac rsh.o
 .rodata._ZL20talk_madam_ring_item
                0x00008874       0x8c rsh.o
 .rodata._ZL28talk_madam_ring_return_hook2
                0x00008900       0x10 rsh.o
 .rodata._ZL28talk_madam_ring_return_hook1
                0x00008910       0x10 rsh.o
 .rodata._ZL26talk_madam_ring_return_evt
                0x00008920       0x78 rsh.o
 .rodata._ZL16init_konari_hook
                0x00008998       0x10 rsh.o
 .rodata._ZL14init_papa_hook
                0x000089a8       0x10 rsh.o
 .rodata._ZL15init_konari_evt
                0x000089b8       0x9c rsh.o
 .rodata._ZL15init_powan_hook
                0x00008a54       0x10 rsh.o
 .rodata._ZL14init_powan_evt
                0x00008a64       0xec rsh.o
 .rodata._ZL19talk_waitless_hook2
                0x00008b50       0x10 rsh.o
 .rodata._ZL19talk_waitless_hook1
                0x00008b60       0x10 rsh.o
 .rodata._ZL17talk_waitless_evt
                0x00008b70       0x78 rsh.o
 .rodata._ZL21rsh_01_init_evt_hook2
                0x00008be8       0x10 rsh.o
 .rodata._ZL19rsh_01_init_evt_evt
                0x00008bf8       0xd8 rsh.o
 .rodata._ZL20rsh_00_init_evt_hook
                0x00008cd0       0x10 rsh.o
 .rodata._ZL19rsh_00_init_evt_evt
                0x00008ce0       0xb8 rsh.o
 .rodata._ZL20rsh_04_init_evt_hook
                0x00008d98       0x10 rsh.o
 .rodata._ZL20rsh_03_init_evt_hook
                0x00008da8       0x10 rsh.o
 .rodata._ZL20rsh_02_init_evt_hook
                0x00008db8       0x10 rsh.o
 .rodata._ZL21rsh_01_init_evt_hook1
                0x00008dc8       0x10 rsh.o
 .rodata._ZL19rsh_04_init_evt_evt
                0x00008dd8       0xc0 rsh.o
 .rodata._ZL26rsh_03_init_evt_music_hook
                0x00008e98       0x10 rsh.o
 .rodata._ZL21rsh_03_init_evt_music
                0x00008ea8      0x1f8 rsh.o
 .rodata._ZL26rsh_02_init_evt_music_hook
                0x000090a0       0x10 rsh.o
 .rodata._ZL21rsh_02_init_evt_music
                0x000090b0      0x270 rsh.o
 .rodata._ZL26rsh_01_init_evt_music_hook
                0x00009320       0x10 rsh.o
 .rodata._ZL21rsh_01_init_evt_music
                0x00009330      0x1f8 rsh.o
 .rodata._ZL26rsh_00_init_evt_music_hook
                0x00009528       0x10 rsh.o
 .rodata._ZL21rsh_00_init_evt_music
                0x00009538      0x1f8 rsh.o
 .rodata._ZL26rsh_04_init_evt_music_hook
                0x00009730       0x10 rsh.o
 .rodata._ZL21rsh_04_init_evt_music
                0x00009740      0x1f8 rsh.o
 .rodata._ZL20rsh_06_init_evt_hook
                0x00009938       0x10 rsh.o
 .rodata._ZL19rsh_06_init_evt_evt
                0x00009948      0x178 rsh.o
 .rodata._ZL6madame
                0x00009ac0        0x7 rsh.o
 .rodata.str1.1
                0x00009ac7      0x20a tik.o
 *fill*         0x00009cd1        0x3 
 .rodata._ZL19tik_evt_majin2_item
                0x00009cd4       0xa8 tik.o
 .rodata._ZL21tik_05_init_evt_hook2
                0x00009d7c       0x10 tik.o
 .rodata._ZL20tik_05_init_evt_evt2
                0x00009d8c       0xa4 tik.o
 .rodata._ZL20tik_05_init_evt_hook
                0x00009e30       0x10 tik.o
 .rodata._ZL19tik_05_init_evt_evt
                0x00009e40       0x48 tik.o
 .rodata._ZL24tik_kurihakase_init_hook
                0x00009e88       0x10 tik.o
 .rodata._ZL23tik_kurihakase_init_evt
                0x00009e98       0x8c tik.o
 .rodata._ZL18master_2_talk_hook
                0x00009f24       0x10 tik.o
 .rodata._ZL17master_2_talk_evt
                0x00009f34      0x180 tik.o
 .rodata._ZL17borodo4_talk_hook
                0x0000a0b4       0x10 tik.o
 .rodata._ZL16borodo4_talk_evt
                0x0000a0c4      0x180 tik.o
 .rodata._ZL17borodo3_talk_hook
                0x0000a244       0x10 tik.o
 .rodata._ZL16borodo3_talk_evt
                0x0000a254      0x180 tik.o
 .rodata._ZL17chusan4_talk_hook
                0x0000a3d4       0x10 tik.o
 .rodata._ZL16chusan4_talk_evt
                0x0000a3e4      0x180 tik.o
 .rodata._ZL17kuribo5_talk_hook
                0x0000a564       0x10 tik.o
 .rodata._ZL16kuribo5_talk_evt
                0x0000a574      0x180 tik.o
 .rodata._ZL16hotdog_item_hook
                0x0000a6f4       0x10 tou.o
 .rodata.str1.1
                0x0000a704       0x76 tou.o
 *fill*         0x0000a77a        0x2 
 .rodata._ZL11hotdog_item
                0x0000a77c       0xe8 tou.o
 .rodata._ZL18tou_party_evt_hook
                0x0000a864       0x10 tou.o
 .rodata._ZL13tou_party_evt
                0x0000a874       0x5c tou.o
 .rodata._ZL20tou_04_init_evt_hook
                0x0000a8d0       0x10 tou.o
 .rodata._ZL19tou_04_init_evt_evt
                0x0000a8e0       0x78 tou.o
 .rodata._ZL14yoshi_gswf_evt
                0x0000a958       0x14 tou.o
 .rodata._ZL15jolene_egg_hook
                0x0000a96c       0x10 tou.o
 .rodata._ZL14jolene_egg_evt
                0x0000a97c      0x220 tou.o
 .rodata._ZL16talk_sakaba_hook
                0x0000ab9c       0x10 tou.o
 .rodata._ZL15talk_sakaba_evt
                0x0000abac       0x84 tou.o
 .rodata._ZL6jolene
                0x0000ac30        0xb tou.o
 .rodata.str1.1
                0x0000ac3b      0x49e usu.o
 *fill*         0x0000b0d9        0x3 
 .rodata._ZL19usu_evt_majin2_item
                0x0000b0dc       0xa8 usu.o
 .rodata._ZL13usu_party_evt
                0x0000b184       0xbc usu.o
 .rodata._ZL23village_chief_init_hook
                0x0000b240       0x10 usu.o
 .rodata._ZL22village_chief_init_evt
                0x0000b250       0x58 usu.o
 .rodata._ZL27village_chief_pig_init_hook
                0x0000b2a8       0x10 usu.o
 .rodata._ZL26village_chief_pig_init_evt
                0x0000b2b8       0x70 usu.o
 .rodata._ZL23village_chief_talk_hook
                0x0000b328       0x10 usu.o
 .rodata._ZL22village_chief_talk_evt
                0x0000b338      0x1c8 usu.o
 .rodata._ZL20gatekeeper_init_hook
                0x0000b500       0x10 usu.o
 .rodata._ZL19gatekeeper_init_evt
                0x0000b510       0x8c usu.o
 .rodata._ZL24gatekeeper_pig_init_hook
                0x0000b59c       0x10 usu.o
 .rodata._ZL23gatekeeper_pig_init_evt
                0x0000b5ac       0x78 usu.o
 .rodata._ZL20gatekeeper_talk_hook
                0x0000b624       0x10 usu.o
 .rodata._ZL19gatekeeper_talk_evt
                0x0000b634      0x114 usu.o
 .rodata._ZL20usu_00_init_evt_hook
                0x0000b748       0x14 usu.o
 .rodata._ZL19usu_00_init_evt_evt
                0x0000b75c       0x5c usu.o
 .rodata._ZL20shop_woman_talk_hook
                0x0000b7b8       0x10 usu.o
 .rodata._ZL19shop_woman_talk_evt
                0x0000b7c8       0x78 usu.o
 .rodata._ZL18shop_man_talk_hook
                0x0000b840       0x10 usu.o
 .rodata._ZL17shop_man_talk_evt
                0x0000b850       0x78 usu.o
 .rodata._ZL19villagerJ_talk_hook
                0x0000b8c8       0x10 usu.o
 .rodata._ZL18villagerJ_talk_evt
                0x0000b8d8      0x104 usu.o
 .rodata._ZL19villagerI_talk_hook
                0x0000b9dc       0x10 usu.o
 .rodata._ZL18villagerI_talk_evt
                0x0000b9ec      0x104 usu.o
 .rodata._ZL19villagerH_talk_hook
                0x0000baf0       0x10 usu.o
 .rodata._ZL18villagerH_talk_evt
                0x0000bb00       0xd0 usu.o
 .rodata._ZL19villagerG_talk_hook
                0x0000bbd0       0x10 usu.o
 .rodata._ZL18villagerG_talk_evt
                0x0000bbe0       0xf0 usu.o
 .rodata._ZL19villagerF_talk_hook
                0x0000bcd0       0x10 usu.o
 .rodata._ZL18villagerF_talk_evt
                0x0000bce0       0xf0 usu.o
 .rodata._ZL19villagerK_talk_hook
                0x0000bdd0       0x10 usu.o
 .rodata._ZL18villagerK_talk_evt
                0x0000bde0      0x130 usu.o
 .rodata._ZL19villagerE_talk_hook
                0x0000bf10       0x10 usu.o
 .rodata._ZL18villagerE_talk_evt
                0x0000bf20      0x130 usu.o
 .rodata._ZL19villagerD_talk_hook
                0x0000c050       0x10 usu.o
 .rodata._ZL18villagerD_talk_evt
                0x0000c060      0x194 usu.o
 .rodata._ZL19villagerC_talk_hook
                0x0000c1f4       0x10 usu.o
 .rodata._ZL18villagerC_talk_evt
                0x0000c204       0xfc usu.o
 .rodata._ZL19villagerB_talk_hook
                0x0000c300       0x10 usu.o
 .rodata._ZL18villagerB_talk_evt
                0x0000c310       0xfc usu.o
 .rodata._ZL19villagerA_talk_hook
                0x0000c40c       0x10 usu.o
 .rodata._ZL18villagerA_talk_evt
                0x0000c41c      0x130 usu.o
 .rodata._ZL19villagerA_init_hook
                0x0000c54c       0x10 usu.o
 .rodata._ZL18villagerA_init_evt
                0x0000c55c       0x6c usu.o
 .rodata._ZL6vivian
                0x0000c5c8        0x9 usu.o
 *fill*         0x0000c5d1        0x3 
 .rodata._ZL5mayor
                0x0000c5d4        0x5 usu.o
 *fill*         0x0000c5d9        0x3 
 .rodata._ZL9mayor_pig
                0x0000c5dc        0x9 usu.o
 *fill*         0x0000c5e5        0x3 
 .rodata._ZL8doopliss
                0x0000c5e8        0xb usu.o
 *fill*         0x0000c5f3        0x1 
 .rodata._ZL10gatekeeper
                0x0000c5f4        0x5 usu.o
 *fill*         0x0000c5f9        0x3 
 .rodata._ZL14gatekeeper_pig
                0x0000c5fc        0x9 usu.o
 *fill*         0x0000c605        0x3 
 .rodata._ZL12usuVillagerA
                0x0000c608        0x7 usu.o
 *fill*         0x0000c60f        0x1 
 .rodata._ZL14win_party_hook
                0x0000c610       0x10 win.o
 .rodata.str1.1
                0x0000c620       0x36 win.o
 *fill*         0x0000c656        0x2 
 .rodata._ZL13win_party_evt
                0x0000c658       0xe4 win.o
 .rodata._ZL20win_00_init_evt_hook
                0x0000c73c       0x10 win.o
 .rodata._ZL19win_00_init_evt_evt
                0x0000c74c       0x30 win.o
 .rodata._ZL17majorin_init_hook
                0x0000c77c       0x10 win.o
 .rodata._ZL16majorin_init_evt
                0x0000c78c       0x30 win.o
 .rodata._ZL17maririn_init_hook
                0x0000c7bc       0x10 win.o
 .rodata._ZL16maririn_init_evt
                0x0000c7cc       0x30 win.o
 .rodata._ZL20win_vivian_init_hook
                0x0000c7fc       0x10 win.o
 .rodata._ZL19win_vivian_init_evt
                0x0000c80c       0x98 win.o
 .rodata._ZL7flurrie
                0x0000c8a4        0x9 win.o
 *(.gnu.linkonce.r.*)

.rodata1
 *(.rodata1)

.sdata2         0x0000c8ad        0x0
                [!provide]                        PROVIDE (_SDA2_BASE_ = .)
 *(.sdata2)
 *(.sdata2.*)
 *(.gnu.linkonce.s2.*)

.sbss2
 *(.sbss2)
 *(.sbss2.*)
 *(.gnu.linkonce.sb2.*)
                0x0000c8b0                        . = ALIGN (0x4)
                [!provide]                        PROVIDE (__preinit_array_start = .)

.preinit_array
 *(.preinit_array)
                [!provide]                        PROVIDE (__preinit_array_end = .)
                [!provide]                        PROVIDE (__init_array_start = .)

.init_array
 *(.init_array)
                [!provide]                        PROVIDE (__init_array_end = .)
                [!provide]                        PROVIDE (__fini_array_start = .)

.fini_array
 *(.fini_array)
                [!provide]                        PROVIDE (__fini_array_end = .)

.data           0x0000c8b0      0x2d0
 *(.data)
 *(.data.*)
 .data._ZN3mod6common12kItemDataArrE
                0x0000c8b0        0x4 common.o
                0x0000c8b0                _ZN3mod6common12kItemDataArrE
 .data.errorTextPosY
                0x0000c8b4        0x4 errorHandling.o
                0x0000c8b4                errorTextPosY
 .data._ZL16gor_00_init_evt2
                0x0000c8b8      0x2bc gor_00.o
 *(.gnu.linkonce.d.*)
                0x0000cb80                        . = ALIGN (0x20)
 *fill*         0x0000cb74        0xc 

.data1
 *(.data1)

.tdata
 *(.tdata .tdata.* .gnu.linkonce.td.*)

.tbss
 *(.tbss .tbss.* .gnu.linkonce.tb.*)
 *(.tcommon)

.eh_frame       0x0000cb80     0x19a8
 *(.eh_frame)
 .eh_frame      0x0000cb80      0x2b8 OWR.o
 .eh_frame      0x0000ce38       0x28 StateManager.o
                                 0x3c (size before relaxing)
 .eh_frame      0x0000ce60        0x0 common.o
                                 0xc8 (size before relaxing)
 .eh_frame      0x0000ce60       0x68 con_mario.o
 .eh_frame      0x0000cec8       0x80 con_perf.o
 .eh_frame      0x0000cf48       0xa0 con_seq.o
 .eh_frame      0x0000cfe8      0x2ec console.o
                                0x310 (size before relaxing)
 .eh_frame      0x0000d2d4       0x64 cxx.o
                                 0x8c (size before relaxing)
 .eh_frame      0x0000d338      0x26c errorHandling.o
 .eh_frame      0x0000d5a4      0x130 gamePatches.o
 .eh_frame      0x0000d6d4       0xa4 keyboard.o
                                 0xcc (size before relaxing)
 .eh_frame      0x0000d778       0xfc mod.o
                                0x110 (size before relaxing)
 .eh_frame      0x0000d874      0x114 patch.o
                                0x18c (size before relaxing)
 .eh_frame      0x0000d988       0x5c printf.o
 .eh_frame      0x0000d9e4       0x7c rel.o
 .eh_frame      0x0000da60       0x98 ug.o
 .eh_frame      0x0000daf8       0xdc util.o
                                0x100 (size before relaxing)
 .eh_frame      0x0000dbd4       0x28 aaa.o
 .eh_frame      0x0000dbfc       0x6c aji.o
 .eh_frame      0x0000dc68       0x28 bom.o
 .eh_frame      0x0000dc90       0x3c dou.o
 .eh_frame      0x0000dccc       0x40 eki.o
 .eh_frame      0x0000dd0c       0x28 end.o
 .eh_frame      0x0000dd34       0x40 gon.o
 .eh_frame      0x0000dd74       0x74 gor_00.o
 .eh_frame      0x0000dde8       0x48 gor_01.o
 .eh_frame      0x0000de30       0x50 gor_02.o
 .eh_frame      0x0000de80       0x50 gor_03.o
 .eh_frame      0x0000ded0       0x38 gor_04.o
 .eh_frame      0x0000df08       0x54 gor_misc.o
 .eh_frame      0x0000df5c       0x40 gra.o
 .eh_frame      0x0000df9c       0x4c hei.o
 .eh_frame      0x0000dfe8       0x38 hom.o
 .eh_frame      0x0000e020       0x40 jin.o
 .eh_frame      0x0000e060       0x28 kpa.o
 .eh_frame      0x0000e088       0x50 las.o
 .eh_frame      0x0000e0d8       0x68 main.o
 .eh_frame      0x0000e140        0x0 moo.o
                                 0x28 (size before relaxing)
 .eh_frame      0x0000e140       0x6c mri.o
 .eh_frame      0x0000e1ac       0x6c muj.o
 .eh_frame      0x0000e218       0x4c nok.o
 .eh_frame      0x0000e264       0x50 pik.o
 .eh_frame      0x0000e2b4       0x6c rsh.o
 .eh_frame      0x0000e320       0xb8 tik.o
 .eh_frame      0x0000e3d8       0x6c tou.o
 .eh_frame      0x0000e444       0x28 tou2.o
 .eh_frame      0x0000e46c       0x68 usu.o
 .eh_frame      0x0000e4d4       0x54 win.o

.gcc_except_table
 *(.gcc_except_table)

.fixup
 *(.fixup)

.got1
 *(.got1)

.got2
 *(.got2)

.dynamic
 *(.dynamic)

.ctors          0x0000e528       0x38
 *crtbegin.o(.ctors)
 *(EXCLUDE_FILE(*crtend.o) .ctors)
 .ctors         0x0000e528        0x4 OWR.o
 .ctors         0x0000e52c        0x4 con_mario.o
 .ctors         0x0000e530        0x4 con_perf.o
 .ctors         0x0000e534        0x4 con_seq.o
 .ctors         0x0000e538        0x4 console.o
 .ctors         0x0000e53c        0x4 errorHandling.o
 .ctors         0x0000e540        0x4 gor_00.o
 *(SORT_BY_NAME(.ctors.*))
 *(.ctors)
                0x0000e560                        . = ALIGN (0x20)
 *fill*         0x0000e544       0x1c 

.dtors          0x0000e560       0x20
 *crtbegin.o(.dtors)
 *(EXCLUDE_FILE(*crtend.o) .dtors)
 .dtors         0x0000e560        0x4 errorHandling.o
 *(SORT_BY_NAME(.dtors.*))
 *(.dtors)
                0x0000e580                        . = ALIGN (0x20)
 *fill*         0x0000e564       0x1c 

.jcr
 *(.jcr)

.got
 *(.got.plt)
 *(.got)

.sdata          0x0000e580        0x0
                [!provide]                        PROVIDE (_SDA_BASE_ = .)
 *(.sdata)
 *(.sdata.*)
 *(.gnu.linkonce.s.*)
                0x0000e580                        . = ALIGN (0x20)
                0x0000e580                        _edata = .
                [!provide]                        PROVIDE (edata = .)

.sbss           0x0000e580        0x0
                0x0000e580                        __sbss_start = .
                [!provide]                        PROVIDE (__sbss_start = .)
                [!provide]                        PROVIDE (___sbss_start = .)
 *(.dynsbss)
 *(.sbss)
 *(.sbss.*)
 *(.gnu.linkonce.sb.*)
 *(.scommon)
                [!provide]                        PROVIDE (__sbss_end = .)
                [!provide]                        PROVIDE (___sbss_end = .)
                0x0000e580                        . = ALIGN (0x20)
                0x0000e580                        __sbss_end = .

.bss            0x0000e580      0x180
                0x0000e580                        __bss_start = .
                [!provide]                        PROVIDE (__bss_start = .)
 *(.dynbss)
 *(.bss)
 *(.bss.*)
 .bss._ZN3mod3owr22g_msgSearch_trampolineE
                0x0000e580        0x4 OWR.o
                0x0000e580                _ZN3mod3owr22g_msgSearch_trampolineE
 .bss._ZN3mod3owr31g_evt_mario_set_pose_trampolineE
                0x0000e584        0x4 OWR.o
                0x0000e584                _ZN3mod3owr31g_evt_mario_set_pose_trampolineE
 .bss._ZN3mod3owr30g_partySetForceMove_trampolineE
                0x0000e588        0x4 OWR.o
                0x0000e588                _ZN3mod3owr30g_partySetForceMove_trampolineE
 .bss._ZN3mod3owr28g_pouchRemoveItem_trampolineE
                0x0000e58c        0x4 OWR.o
                0x0000e58c                _ZN3mod3owr28g_pouchRemoveItem_trampolineE
 .bss._ZN3mod3owr25g_pouchGetItem_trampolineE
                0x0000e590        0x4 OWR.o
                0x0000e590                _ZN3mod3owr25g_pouchGetItem_trampolineE
 .bss._ZN3mod3owr22g_seqSetSeq_trampolineE
                0x0000e594        0x4 OWR.o
                0x0000e594                _ZN3mod3owr22g_seqSetSeq_trampolineE
 .bss._ZN3mod3owr19g_OSLink_trampolineE
                0x0000e598        0x4 OWR.o
                0x0000e598                _ZN3mod3owr19g_OSLink_trampolineE
 .bss._ZN3mod3owr6gStateE
                0x0000e59c        0x4 OWR.o
                0x0000e59c                _ZN3mod3owr6gStateE
 .bss._ZN3mod3owr5gSelfE
                0x0000e5a0        0x4 OWR.o
                0x0000e5a0                _ZN3mod3owr5gSelfE
 .bss._ZN3mod3owr7item_dbE
                0x0000e5a4        0x4 OWR.o
                0x0000e5a4                _ZN3mod3owr7item_dbE
 .bss.gState    0x0000e5a8        0x4 StateManager.o
                0x0000e5a8                gState
 .bss._ZN3modL12mod_if_obj24E
                0x0000e5ac        0x8 con_mario.o
 .bss._ZN3mod14mario_show_posE
                0x0000e5b4       0x10 con_mario.o
                0x0000e5b4                _ZN3mod14mario_show_posE
 .bss._ZN3mod13mario_set_posE
                0x0000e5c4        0xc con_mario.o
                0x0000e5c4                _ZN3mod13mario_set_posE
 .bss._ZN3modL12mod_if_obj51E
                0x0000e5d0        0x8 con_perf.o
 .bss._ZN3mod14mem_debug_heapE
                0x0000e5d8       0x10 con_perf.o
                0x0000e5d8                _ZN3mod14mem_debug_heapE
 .bss._ZN3modL12mod_if_obj34E
                0x0000e5e8        0x8 con_perf.o
 .bss._ZN3mod9perf_showE
                0x0000e5f0       0x10 con_perf.o
                0x0000e5f0                _ZN3mod9perf_showE
 .bss._ZN3mod15perf_fake_spikeE
                0x0000e600        0xc con_perf.o
                0x0000e600                _ZN3mod15perf_fake_spikeE
 .bss._ZN3mod14seq_change_mapE
                0x0000e60c        0xc con_seq.o
                0x0000e60c                _ZN3mod14seq_change_mapE
 .bss._ZN3modL12mod_if_obj16E
                0x0000e618        0x8 con_seq.o
 .bss._ZN3mod24gTrampoline_seq_logoMainE
                0x0000e620        0x4 con_seq.o
                0x0000e620                _ZN3mod24gTrampoline_seq_logoMainE
 .bss._ZN3mod13seq_logo_skipE
                0x0000e624       0x10 con_seq.o
                0x0000e624                _ZN3mod13seq_logo_skipE
 .bss._ZN3mod4findE
                0x0000e634        0xc console.o
                0x0000e634                _ZN3mod4findE
 .bss._ZN3mod11con_ug_chanE
                0x0000e640       0x10 console.o
                0x0000e640                _ZN3mod11con_ug_chanE
 .bss._ZN3mod11con_ug_modeE
                0x0000e650       0x10 console.o
                0x0000e650                _ZN3mod11con_ug_modeE
 .bss._ZN3mod21con_log_fade_durationE
                0x0000e660       0x10 console.o
                0x0000e660                _ZN3mod21con_log_fade_durationE
 .bss._ZN3mod18con_log_fade_startE
                0x0000e670       0x10 console.o
                0x0000e670                _ZN3mod18con_log_fade_startE
 .bss._ZN3mod12con_log_fadeE
                0x0000e680       0x10 console.o
                0x0000e680                _ZN3mod12con_log_fadeE
 .bss._ZN3mod13con_log_levelE
                0x0000e690       0x10 console.o
                0x0000e690                _ZN3mod13con_log_levelE
 .bss._ZN3mod11con_rainbowE
                0x0000e6a0       0x10 console.o
                0x0000e6a0                _ZN3mod11con_rainbowE
 .bss._ZN3mod8con_monoE
                0x0000e6b0       0x10 console.o
                0x0000e6b0                _ZN3mod8con_monoE
 .bss._ZN3mod8con_showE
                0x0000e6c0       0x10 console.o
                0x0000e6c0                _ZN3mod8con_showE
 .bss._ZN3mod8gConsoleE
                0x0000e6d0        0x4 console.o
                0x0000e6d0                _ZN3mod8gConsoleE
 .bss._ZN3mod9ConIntVar6sFirstE
                0x0000e6d4        0x4 console.o
                0x0000e6d4                _ZN3mod9ConIntVar6sFirstE
 .bss._ZN3mod10ConCommand6sFirstE
                0x0000e6d8        0x4 console.o
                0x0000e6d8                _ZN3mod10ConCommand6sFirstE
 .bss.g_animPoseMain_trampoline
                0x0000e6dc        0x4 errorHandling.o
                0x0000e6dc                g_animPoseMain_trampoline
 .bss.g_npcNameToPtr_trampoline
                0x0000e6e0        0x4 errorHandling.o
                0x0000e6e0                g_npcNameToPtr_trampoline
 .bss.heapCorruptionInfo
                0x0000e6e4        0x8 errorHandling.o
                0x0000e6e4                heapCorruptionInfo
 .bss.animPoseMainErrorInfo
                0x0000e6ec        0x4 errorHandling.o
                0x0000e6ec                animPoseMainErrorInfo
 .bss.npcNameToPtrErrorInfo
                0x0000e6f0        0x4 errorHandling.o
                0x0000e6f0                npcNameToPtrErrorInfo
 .bss._ZN3mod4gModE
                0x0000e6f4        0x4 mod.o
                0x0000e6f4                _ZN3mod4gModE
 .bss._ZN17ModUpdateFunction6sFirstE
                0x0000e6f8        0x4 mod.o
                0x0000e6f8                _ZN17ModUpdateFunction6sFirstE
 .bss._ZN15ModInitFunction6sFirstE
                0x0000e6fc        0x4 mod.o
                0x0000e6fc                _ZN15ModInitFunction6sFirstE
 *(.gnu.linkonce.b.*)
 *(COMMON)
                0x0000e700                        . = ALIGN (0x20)
                [!provide]                        PROVIDE (__bss_end = .)
                0x0000e700                        __bss_end = .
                0x0000e700                        _end = .
                [!provide]                        PROVIDE (end = .)

.bss._ZZNK3mod14seq_change_mapMUlPKcE_clES2_E8beroName
                0x00000000       0x20
 .bss._ZZNK3mod14seq_change_mapMUlPKcE_clES2_E8beroName
                0x00000000       0x20 con_seq.o
                0x00000000                _ZZNK3mod14seq_change_mapMUlPKcE_clES1_E8beroName
                0x00000000                _ZZNK3mod14seq_change_mapMUlPKcE_clES2_E8beroName

.bss._ZZNK3mod14seq_change_mapMUlPKcE_clES2_E7mapName
                0x00000000       0x20
 .bss._ZZNK3mod14seq_change_mapMUlPKcE_clES2_E7mapName
                0x00000000       0x20 con_seq.o
                0x00000000                _ZZNK3mod14seq_change_mapMUlPKcE_clES2_E7mapName
                0x00000000                _ZZNK3mod14seq_change_mapMUlPKcE_clES1_E7mapName

.stab
 *(.stab)

.stabstr
 *(.stabstr)

.stab.excl
 *(.stab.excl)

.stab.exclstr
 *(.stab.exclstr)

.stab.index
 *(.stab.index)

.stab.indexstr
 *(.stab.indexstr)

.comment        0x00000000      0x6c0
 *(.comment)
 .comment       0x00000000       0x24 OWR.o
 .comment       0x00000024       0x24 StateManager.o
 .comment       0x00000048       0x24 common.o
 .comment       0x0000006c       0x24 con_mario.o
 .comment       0x00000090       0x24 con_perf.o
 .comment       0x000000b4       0x24 con_seq.o
 .comment       0x000000d8       0x24 console.o
 .comment       0x000000fc       0x24 cxx.o
 .comment       0x00000120       0x24 errorHandling.o
 .comment       0x00000144       0x24 gamePatches.o
 .comment       0x00000168       0x24 keyboard.o
 .comment       0x0000018c       0x24 mod.o
 .comment       0x000001b0       0x24 patch.o
 .comment       0x000001d4       0x24 printf.o
 .comment       0x000001f8       0x24 rel.o
 .comment       0x0000021c       0x24 ug.o
 .comment       0x00000240       0x24 util.o
 .comment       0x00000264       0x24 aaa.o
 .comment       0x00000288       0x24 aji.o
 .comment       0x000002ac       0x24 bom.o
 .comment       0x000002d0       0x24 dou.o
 .comment       0x000002f4       0x24 eki.o
 .comment       0x00000318       0x24 end.o
 .comment       0x0000033c       0x24 gon.o
 .comment       0x00000360       0x24 gor_00.o
 .comment       0x00000384       0x24 gor_01.o
 .comment       0x000003a8       0x24 gor_02.o
 .comment       0x000003cc       0x24 gor_03.o
 .comment       0x000003f0       0x24 gor_04.o
 .comment       0x00000414       0x24 gor_misc.o
 .comment       0x00000438       0x24 gra.o
 .comment       0x0000045c       0x24 hei.o
 .comment       0x00000480       0x24 hom.o
 .comment       0x000004a4       0x24 jin.o
 .comment       0x000004c8       0x24 kpa.o
 .comment       0x000004ec       0x24 las.o
 .comment       0x00000510       0x24 main.o
 .comment       0x00000534       0x24 moo.o
 .comment       0x00000558       0x24 mri.o
 .comment       0x0000057c       0x24 muj.o
 .comment       0x000005a0       0x24 nok.o
 .comment       0x000005c4       0x24 pik.o
 .comment       0x000005e8       0x24 rsh.o
 .comment       0x0000060c       0x24 tik.o
 .comment       0x00000630       0x24 tou.o
 .comment       0x00000654       0x24 tou2.o
 .comment       0x00000678       0x24 usu.o
 .comment       0x0000069c       0x24 win.o

.gnu.attributes
                0x00000000       0x10
 .gnu.attributes
                0x00000000       0x10 OWR.o
 .gnu.attributes
                0x00000010       0x10 common.o
 .gnu.attributes
                0x00000020       0x10 con_mario.o
 .gnu.attributes
                0x00000030       0x10 con_perf.o
 .gnu.attributes
                0x00000040       0x10 console.o
 .gnu.attributes
                0x00000050       0x10 errorHandling.o
 .gnu.attributes
                0x00000060       0x10 mod.o
 .gnu.attributes
                0x00000070       0x10 printf.o
 .gnu.attributes
                0x00000080       0x10 util.o

.group          0x00000000        0xc
 .group         0x00000000        0xc con_mario.o

.group          0x00000000        0xc
 .group         0x00000000        0xc con_perf.o

.group          0x00000000        0xc
 .group         0x00000000        0xc con_seq.o

.group          0x00000000        0x8
 .group         0x00000000        0x8 con_seq.o

.group          0x00000000        0x8
 .group         0x00000000        0x8 con_seq.o

.group          0x00000000        0xc
 .group         0x00000000        0xc console.o

.group          0x00000000        0xc
 .group         0x00000000        0xc errorHandling.o

.debug
 *(.debug)

.line
 *(.line)

.debug_srcinfo
 *(.debug_srcinfo)

.debug_sfnames
 *(.debug_sfnames)

.debug_aranges  0x00000000      0x9a8
 *(.debug_aranges)
 .debug_aranges
                0x00000000       0xa0 OWR.o
 .debug_aranges
                0x000000a0       0x28 StateManager.o
 .debug_aranges
                0x000000c8       0x60 common.o
 .debug_aranges
                0x00000128       0x30 con_mario.o
 .debug_aranges
                0x00000158       0x38 con_perf.o
 .debug_aranges
                0x00000190       0x38 con_seq.o
 .debug_aranges
                0x000001c8       0xa8 console.o
 .debug_aranges
                0x00000270       0x48 cxx.o
 .debug_aranges
                0x000002b8       0x98 errorHandling.o
 .debug_aranges
                0x00000350       0x50 gamePatches.o
 .debug_aranges
                0x000003a0       0x40 keyboard.o
 .debug_aranges
                0x000003e0       0x58 mod.o
 .debug_aranges
                0x00000438       0x80 patch.o
 .debug_aranges
                0x000004b8       0x28 printf.o
 .debug_aranges
                0x000004e0       0x30 rel.o
 .debug_aranges
                0x00000510       0x38 ug.o
 .debug_aranges
                0x00000548       0x50 util.o
 .debug_aranges
                0x00000598       0x20 aaa.o
 .debug_aranges
                0x000005b8       0x20 aji.o
 .debug_aranges
                0x000005d8       0x20 bom.o
 .debug_aranges
                0x000005f8       0x20 dou.o
 .debug_aranges
                0x00000618       0x20 eki.o
 .debug_aranges
                0x00000638       0x20 end.o
 .debug_aranges
                0x00000658       0x20 gon.o
 .debug_aranges
                0x00000678       0x28 gor_00.o
 .debug_aranges
                0x000006a0       0x20 gor_01.o
 .debug_aranges
                0x000006c0       0x20 gor_02.o
 .debug_aranges
                0x000006e0       0x20 gor_03.o
 .debug_aranges
                0x00000700       0x20 gor_04.o
 .debug_aranges
                0x00000720       0x28 gor_misc.o
 .debug_aranges
                0x00000748       0x20 gra.o
 .debug_aranges
                0x00000768       0x20 hei.o
 .debug_aranges
                0x00000788       0x20 hom.o
 .debug_aranges
                0x000007a8       0x20 jin.o
 .debug_aranges
                0x000007c8       0x20 kpa.o
 .debug_aranges
                0x000007e8       0x20 las.o
 .debug_aranges
                0x00000808       0x30 main.o
 .debug_aranges
                0x00000838       0x20 moo.o
 .debug_aranges
                0x00000858       0x20 mri.o
 .debug_aranges
                0x00000878       0x20 muj.o
 .debug_aranges
                0x00000898       0x20 nok.o
 .debug_aranges
                0x000008b8       0x20 pik.o
 .debug_aranges
                0x000008d8       0x20 rsh.o
 .debug_aranges
                0x000008f8       0x30 tik.o
 .debug_aranges
                0x00000928       0x20 tou.o
 .debug_aranges
                0x00000948       0x20 tou2.o
 .debug_aranges
                0x00000968       0x20 usu.o
 .debug_aranges
                0x00000988       0x20 win.o

.debug_pubnames
 *(.debug_pubnames)

.debug_info     0x00000000    0x42005
 *(.debug_info)
 .debug_info    0x00000000     0x68ba OWR.o
 .debug_info    0x000068ba      0x3bd StateManager.o
 .debug_info    0x00006c77      0xf83 common.o
 .debug_info    0x00007bfa     0x2443 con_mario.o
 .debug_info    0x0000a03d     0x22c3 con_perf.o
 .debug_info    0x0000c300     0x20e3 con_seq.o
 .debug_info    0x0000e3e3     0x3bbd console.o
 .debug_info    0x00011fa0      0x407 cxx.o
 .debug_info    0x000123a7     0x3b05 errorHandling.o
 .debug_info    0x00015eac     0x2c19 gamePatches.o
 .debug_info    0x00018ac5      0xe4d keyboard.o
 .debug_info    0x00019912     0x33aa mod.o
 .debug_info    0x0001ccbc      0xe1b patch.o
 .debug_info    0x0001dad7      0x580 printf.o
 .debug_info    0x0001e057      0x103 rel.o
 .debug_info    0x0001e15a      0x77f ug.o
 .debug_info    0x0001e8d9      0x9c5 util.o
 .debug_info    0x0001f29e      0x2e3 aaa.o
 .debug_info    0x0001f581     0x1775 aji.o
 .debug_info    0x00020cf6      0x3fb bom.o
 .debug_info    0x000210f1     0x112e dou.o
 .debug_info    0x0002221f      0xba7 eki.o
 .debug_info    0x00022dc6      0x2d9 end.o
 .debug_info    0x0002309f     0x11a2 gon.o
 .debug_info    0x00024241     0x1ebe gor_00.o
 .debug_info    0x000260ff     0x124a gor_01.o
 .debug_info    0x00027349     0x1877 gor_02.o
 .debug_info    0x00028bc0      0xc39 gor_03.o
 .debug_info    0x000297f9      0x746 gor_04.o
 .debug_info    0x00029f3f     0x1122 gor_misc.o
 .debug_info    0x0002b061      0x841 gra.o
 .debug_info    0x0002b8a2     0x1396 hei.o
 .debug_info    0x0002cc38      0x9d4 hom.o
 .debug_info    0x0002d60c      0x4c4 jin.o
 .debug_info    0x0002dad0      0x31f kpa.o
 .debug_info    0x0002ddef      0xd78 las.o
 .debug_info    0x0002eb67     0x3134 main.o
 .debug_info    0x00031c9b      0x958 moo.o
 .debug_info    0x000325f3     0x1d4c mri.o
 .debug_info    0x0003433f     0x1de2 muj.o
 .debug_info    0x00036121     0x15ab nok.o
 .debug_info    0x000376cc     0x169f pik.o
 .debug_info    0x00038d6b     0x1df3 rsh.o
 .debug_info    0x0003ab5e     0x2431 tik.o
 .debug_info    0x0003cf8f     0x1b7b tou.o
 .debug_info    0x0003eb0a      0x3fb tou2.o
 .debug_info    0x0003ef05     0x1de6 usu.o
 .debug_info    0x00040ceb     0x131a win.o

.debug_abbrev   0x00000000     0x8595
 *(.debug_abbrev)
 .debug_abbrev  0x00000000      0x862 OWR.o
 .debug_abbrev  0x00000862      0x17e StateManager.o
 .debug_abbrev  0x000009e0      0x217 common.o
 .debug_abbrev  0x00000bf7      0x60c con_mario.o
 .debug_abbrev  0x00001203      0x6a2 con_perf.o
 .debug_abbrev  0x000018a5      0x67c con_seq.o
 .debug_abbrev  0x00001f21      0x965 console.o
 .debug_abbrev  0x00002886      0x1a8 cxx.o
 .debug_abbrev  0x00002a2e      0x78c errorHandling.o
 .debug_abbrev  0x000031ba      0x4a8 gamePatches.o
 .debug_abbrev  0x00003662      0x32f keyboard.o
 .debug_abbrev  0x00003991      0x74f mod.o
 .debug_abbrev  0x000040e0      0x21e patch.o
 .debug_abbrev  0x000042fe      0x1d5 printf.o
 .debug_abbrev  0x000044d3       0xf0 rel.o
 .debug_abbrev  0x000045c3      0x1bf ug.o
 .debug_abbrev  0x00004782      0x21e util.o
 .debug_abbrev  0x000049a0       0xcc aaa.o
 .debug_abbrev  0x00004a6c      0x22a aji.o
 .debug_abbrev  0x00004c96       0xcc bom.o
 .debug_abbrev  0x00004d62      0x1f2 dou.o
 .debug_abbrev  0x00004f54      0x1d6 eki.o
 .debug_abbrev  0x0000512a       0xcc end.o
 .debug_abbrev  0x000051f6      0x1e3 gon.o
 .debug_abbrev  0x000053d9      0x260 gor_00.o
 .debug_abbrev  0x00005639      0x21d gor_01.o
 .debug_abbrev  0x00005856      0x244 gor_02.o
 .debug_abbrev  0x00005a9a      0x1e3 gor_03.o
 .debug_abbrev  0x00005c7d      0x191 gor_04.o
 .debug_abbrev  0x00005e0e      0x2a0 gor_misc.o
 .debug_abbrev  0x000060ae      0x1c2 gra.o
 .debug_abbrev  0x00006270      0x1ee hei.o
 .debug_abbrev  0x0000645e      0x1c1 hom.o
 .debug_abbrev  0x0000661f      0x154 jin.o
 .debug_abbrev  0x00006773       0xcc kpa.o
 .debug_abbrev  0x0000683f      0x1e3 las.o
 .debug_abbrev  0x00006a22      0x2fc main.o
 .debug_abbrev  0x00006d1e      0x1c5 moo.o
 .debug_abbrev  0x00006ee3      0x227 mri.o
 .debug_abbrev  0x0000710a      0x220 muj.o
 .debug_abbrev  0x0000732a      0x218 nok.o
 .debug_abbrev  0x00007542      0x217 pik.o
 .debug_abbrev  0x00007759      0x215 rsh.o
 .debug_abbrev  0x0000796e      0x530 tik.o
 .debug_abbrev  0x00007e9e      0x227 tou.o
 .debug_abbrev  0x000080c5       0xcc tou2.o
 .debug_abbrev  0x00008191      0x215 usu.o
 .debug_abbrev  0x000083a6      0x1ef win.o

.debug_line     0x00000000    0x15dbf
 *(.debug_line)
 .debug_line    0x00000000     0x1165 OWR.o
 .debug_line    0x00001165      0x1c2 StateManager.o
 .debug_line    0x00001327      0x351 common.o
 .debug_line    0x00001678      0x476 con_mario.o
 .debug_line    0x00001aee      0x682 con_perf.o
 .debug_line    0x00002170      0x50f con_seq.o
 .debug_line    0x0000267f     0x1351 console.o
 .debug_line    0x000039d0      0x1f6 cxx.o
 .debug_line    0x00003bc6      0xcf6 errorHandling.o
 .debug_line    0x000048bc      0x68c gamePatches.o
 .debug_line    0x00004f48      0x4ae keyboard.o
 .debug_line    0x000053f6      0x6a5 mod.o
 .debug_line    0x00005a9b      0x41b patch.o
 .debug_line    0x00005eb6      0x24f printf.o
 .debug_line    0x00006105      0x13d rel.o
 .debug_line    0x00006242      0x360 ug.o
 .debug_line    0x000065a2      0x40c util.o
 .debug_line    0x000069ae      0x205 aaa.o
 .debug_line    0x00006bb3      0xd67 aji.o
 .debug_line    0x0000791a      0x553 bom.o
 .debug_line    0x00007e6d      0x614 dou.o
 .debug_line    0x00008481      0x507 eki.o
 .debug_line    0x00008988      0x1f5 end.o
 .debug_line    0x00008b7d      0x62c gon.o
 .debug_line    0x000091a9      0x8af gor_00.o
 .debug_line    0x00009a58      0x67b gor_01.o
 .debug_line    0x0000a0d3      0x68c gor_02.o
 .debug_line    0x0000a75f      0x79d gor_03.o
 .debug_line    0x0000aefc      0x487 gor_04.o
 .debug_line    0x0000b383      0x415 gor_misc.o
 .debug_line    0x0000b798      0x40e gra.o
 .debug_line    0x0000bba6      0x554 hei.o
 .debug_line    0x0000c0fa      0x3b4 hom.o
 .debug_line    0x0000c4ae      0x5c2 jin.o
 .debug_line    0x0000ca70      0x28e kpa.o
 .debug_line    0x0000ccfe      0x82d las.o
 .debug_line    0x0000d52b      0xab0 main.o
 .debug_line    0x0000dfdb      0x2d8 moo.o
 .debug_line    0x0000e2b3     0x103c mri.o
 .debug_line    0x0000f2ef      0xf06 muj.o
 .debug_line    0x000101f5      0x59a nok.o
 .debug_line    0x0001078f      0x863 pik.o
 .debug_line    0x00010ff2     0x14c2 rsh.o
 .debug_line    0x000124b4      0xa26 tik.o
 .debug_line    0x00012eda     0x1793 tou.o
 .debug_line    0x0001466d      0x583 tou2.o
 .debug_line    0x00014bf0      0xc89 usu.o
 .debug_line    0x00015879      0x546 win.o

.debug_frame
 *(.debug_frame)

.debug_str      0x00000000    0x44c23
 *(.debug_str)
 .debug_str     0x00000000     0x54f6 OWR.o
 .debug_str     0x000054f6      0x3ab StateManager.o
 .debug_str     0x000058a1     0x13e4 common.o
 .debug_str     0x00006c85     0x1971 con_mario.o
 .debug_str     0x000085f6     0x1615 con_perf.o
 .debug_str     0x00009c0b     0x16b3 con_seq.o
 .debug_str     0x0000b2be     0x1a83 console.o
 .debug_str     0x0000cd41      0x35e cxx.o
 .debug_str     0x0000d09f     0x2087 errorHandling.o
 .debug_str     0x0000f126     0x23f5 gamePatches.o
 .debug_str     0x0001151b      0x95f keyboard.o
 .debug_str     0x00011e7a     0x2257 mod.o
 .debug_str     0x000140d1      0x726 patch.o
 .debug_str     0x000147f7      0x468 printf.o
 .debug_str     0x00014c5f      0x191 rel.o
 .debug_str     0x00014df0      0x39b ug.o
 .debug_str     0x0001518b      0x654 util.o
 .debug_str     0x000157df      0x3d4 aaa.o
 .debug_str     0x00015bb3     0x2144 aji.o
 .debug_str     0x00017cf7      0x5d1 bom.o
 .debug_str     0x000182c8     0x1c6d dou.o
 .debug_str     0x00019f35      0xed9 eki.o
 .debug_str     0x0001ae0e      0x3ce end.o
 .debug_str     0x0001b1dc     0x1cb6 gon.o
 .debug_str     0x0001ce92     0x2965 gor_00.o
 .debug_str     0x0001f7f7     0x1a5b gor_01.o
 .debug_str     0x00021252     0x2442 gor_02.o
 .debug_str     0x00023694      0xf59 gor_03.o
 .debug_str     0x000245ed      0x560 gor_04.o
 .debug_str     0x00024b4d     0x1b5c gor_misc.o
 .debug_str     0x000266a9      0x96d gra.o
 .debug_str     0x00027016     0x1fe4 hei.o
 .debug_str     0x00028ffa      0xc74 hom.o
 .debug_str     0x00029c6e      0x60c jin.o
 .debug_str     0x0002a27a      0x424 kpa.o
 .debug_str     0x0002a69e     0x11a4 las.o
 .debug_str     0x0002b842     0x2d72 main.o
 .debug_str     0x0002e5b4      0xb39 moo.o
 .debug_str     0x0002f0ed     0x28c8 mri.o
 .debug_str     0x000319b5     0x2a84 muj.o
 .debug_str     0x00034439     0x1e80 nok.o
 .debug_str     0x000362b9     0x201b pik.o
 .debug_str     0x000382d4     0x2a2f rsh.o
 .debug_str     0x0003ad03     0x2f19 tik.o
 .debug_str     0x0003dc1c     0x2690 tou.o
 .debug_str     0x000402ac      0x5af tou2.o
 .debug_str     0x0004085b     0x273e usu.o
 .debug_str     0x00042f99     0x1c8a win.o

.debug_loc
 *(.debug_loc)

.debug_macinfo
 *(.debug_macinfo)

.debug_weaknames
 *(.debug_weaknames)

.debug_funcnames
 *(.debug_funcnames)

.debug_typenames
 *(.debug_typenames)

.debug_varnames
 *(.debug_varnames)
                0x00000000                        __isIPL = 0x0
                0x0002e700                        __stack_addr = ((((__bss_start + SIZEOF (.bss)) + 0x20000) + 0x7) & 0xfffffffffffffff8)
                0x0000e700                        __stack_end = (__bss_start + SIZEOF (.bss))
                0x00032700                        __intrstack_addr = (__stack_addr + 0x4000)
                0x0002e700                        __intrstack_end = __stack_addr
                0x00032700                        __Arena1Lo = ((__intrstack_addr + 0x1f) & 0xffffffffffffffe0)
                0x817feff0                        __Arena1Hi = 0x817feff0
                0x817ff000                        __gxregs = ((__Arena1Hi + 0x1f) & 0xffffffffffffffe0)
                [!provide]                        PROVIDE (__stack = 0x817feff0)
                [!provide]                        PROVIDE (__isIPL = __isIPL)
                [!provide]                        PROVIDE (__stack_addr = __stack_addr)
                [!provide]                        PROVIDE (__stack_end = __stack_end)
                [!provide]                        PROVIDE (__intrstack_addr = __intrstack_addr)
                [!provide]                        PROVIDE (__intrstack_end = __intrstack_end)
                [!provide]                        PROVIDE (__Arena1Lo = __Arena1Lo)
                [!provide]                        PROVIDE (__Arena1Hi = __Arena1Hi)
                [!provide]                        PROVIDE (__gxregs = __gxregs)
LOAD H:/GhidraProjects/TTYDAP/TTYDAP/rel/source/cxx.ld
                0x0000e528                        _ctors_start = ADDR (.ctors)
                0x0000e560                        _ctors_end = (_ctors_start + SIZEOF (.ctors))
                0x0000e560                        _dtors_start = ADDR (.dtors)
                0x0000e580                        _dtors_end = (_dtors_start + SIZEOF (.dtors))
LOAD OWR.o
LOAD StateManager.o
LOAD common.o
LOAD con_mario.o
LOAD con_perf.o
LOAD con_seq.o
LOAD console.o
LOAD cxx.o
LOAD errorHandling.o
LOAD gamePatches.o
LOAD keyboard.o
LOAD mod.o
LOAD patch.o
LOAD printf.o
LOAD rel.o
LOAD ug.o
LOAD util.o
LOAD aaa.o
LOAD aji.o
LOAD bom.o
LOAD dou.o
LOAD eki.o
LOAD end.o
LOAD gon.o
LOAD gor_00.o
LOAD gor_01.o
LOAD gor_02.o
LOAD gor_03.o
LOAD gor_04.o
LOAD gor_misc.o
LOAD gra.o
LOAD hei.o
LOAD hom.o
LOAD jin.o
LOAD kpa.o
LOAD las.o
LOAD main.o
LOAD moo.o
LOAD mri.o
LOAD muj.o
LOAD nok.o
LOAD pik.o
LOAD rsh.o
LOAD tik.o
LOAD tou.o