Archive member included to satisfy reference by file (symbol)

C:/devkitPro/devkitPPC/bin/../lib/gcc/powerpc-eabi/13.1.0\libgcc.a(_divdi3.o)
                              console.o (__divdi3)

Discarded input sections

 .text          0x00000000        0x0 OWR.o
 .data          0x00000000        0x0 OWR.o
 .bss           0x00000000        0x0 OWR.o
 .text._Z13strcpy_StringPcPKc
                0x00000000        0x4 OWR.o
 .text._ZN3mod3owr3OWR6LZTestEv
                0x00000000       0x48 OWR.o
 .text._ZN3mod3owr3OWR11NewFileInitEv
                0x00000000        0x4 OWR.o
 .text._ZN3mod3owr3OWR10DrawStringEPKciijf
                0x00000000       0xb0 OWR.o
 .bss._ZN3mod3owr22g_itemEntry_trampolineE
                0x00000000        0x4 OWR.o
 .bss._ZN3mod3owr6gStateE
                0x00000000        0x4 OWR.o
 .rodata.cst4   0x00000000        0x4 OWR.o
 .text          0x00000000        0x0 StateManager.o
 .data          0x00000000        0x0 StateManager.o
 .bss           0x00000000        0x0 StateManager.o
 .text._ZN3mod3owr12StateManager4InitEv
                0x00000000       0x34 StateManager.o
 .text          0x00000000        0x0 common.o
 .data          0x00000000        0x0 common.o
 .bss           0x00000000        0x0 common.o
 .text._ZN3mod6common14GetCurrentAreaEv
                0x00000000       0x1c common.o
 .text._ZN3mod6common13GetCurrentMapEv
                0x00000000       0x1c common.o
 .text._ZN3mod6common11GetFilenameEv
                0x00000000       0x1c common.o
 .text._ZN3mod6common16GetStorySequenceEv
                0x00000000       0x24 common.o
 .text._ZN3mod6common14GetPitSequenceEv
                0x00000000       0x2c common.o
 .text._ZN3mod6common17GetSavedFlagValueEi
                0x00000000       0x44 common.o
 .text._ZN3mod6common21HasKeyItemInInventoryEs
                0x00000000       0x60 common.o
 .text._ZN3mod6common25GetBattleWindowDataOffsetEv
                0x00000000       0x1c common.o
 .text._ZN3mod6common21GetStatusWindowHeightEv
                0x00000000       0x28 common.o
 .data._ZN3mod6common29kUnknownStatusWindowStructPtrE
                0x00000000        0x4 common.o
 .data._ZN3mod6common10kBattlePtrE
                0x00000000        0x4 common.o
 .data._ZN3mod6common9kPouchPtrE
                0x00000000        0x4 common.o
 .data._ZN3mod6common12kSaveDataPtrE
                0x00000000        0x4 common.o
 .rodata._ZN3mod6common32kUltraHammerChestDespawnIdOffsetE
                0x00000000        0x4 common.o
 .rodata._ZN3mod6common27kObjectCollectionExprOffsetE
                0x00000000        0x4 common.o
 .rodata._ZN3mod6common27kObjectChestScriptPtrOffsetE
                0x00000000        0x4 common.o
 .rodata._ZN3mod6common33kMujModuleFlavioDesiredItemOffsetE
                0x00000000        0x4 common.o
 .rodata._ZN3mod6common36kJinModuleAtomicBooItemGswfSetOffsetE
                0x00000000        0x4 common.o
 .rodata._ZN3mod6common39kJinModuleAtomicBooItemObjectFlagOffsetE
                0x00000000        0x4 common.o
 .rodata._ZN3mod6common32kPitModuleCharlietonChanceOffsetE
                0x00000000        0x4 common.o
 .rodata._ZN3mod6common22kPitModuleNpcArrOffsetE
                0x00000000        0x4 common.o
 .rodata._ZN3mod6common23kSavedWordFlagBaseValueE
                0x00000000        0x4 common.o
 .data._ZN3mod6common20kPiantaParlorItemArrE
                0x00000000        0x4 common.o
 .data._ZN3mod6common21kPitCharlietonItemArrE
                0x00000000        0x4 common.o
 .data._ZN3mod6common12kHowzItemArrE
                0x00000000        0x4 common.o
 .data._ZN3mod6common18kCharlietonItemArrE
                0x00000000        0x4 common.o
 .data._ZN3mod6common14kDazzleItemArrE
                0x00000000        0x4 common.o
 .data._ZN3mod6common20kSuperguardFramesArrE
                0x00000000        0x4 common.o
 .data._ZN3mod6common15kGuardFramesArrE
                0x00000000        0x4 common.o
 .data._ZN3mod6common25kSuperChargePartnerParamsE
                0x00000000        0x4 common.o
 .data._ZN3mod6common18kSuperChargeParamsE
                0x00000000        0x4 common.o
 .data._ZN3mod6common19kPiercingBlowParamsE
                0x00000000        0x4 common.o
 .data._ZN3mod6common18kHammerThrowParamsE
                0x00000000        0x4 common.o
 .data._ZN3mod6common17kKoopaCurseParamsE
                0x00000000        0x4 common.o
 .data._ZN3mod6common15kTradeOffParamsE
                0x00000000        0x4 common.o
 .data._ZN3mod6common17kGulpRecoilParamsE
                0x00000000        0x4 common.o
 .data._ZN3mod6common24kUltraHammerRecoilParamsE
                0x00000000        0x4 common.o
 .data._ZN3mod6common24kSuperHammerRecoilParamsE
                0x00000000        0x4 common.o
 .data._ZN3mod6common8kNextMapE
                0x00000000        0x4 common.o
 .rodata.cst4   0x00000000        0x4 common.o
 .text          0x00000000        0x0 con_mario.o
 .data          0x00000000        0x0 con_mario.o
 .bss           0x00000000        0x0 con_mario.o
 .text          0x00000000        0x0 con_perf.o
 .data          0x00000000        0x0 con_perf.o
 .bss           0x00000000        0x0 con_perf.o
 .text          0x00000000        0x0 con_seq.o
 .data          0x00000000        0x0 con_seq.o
 .bss           0x00000000        0x0 con_seq.o
 .text          0x00000000        0x0 console.o
 .data          0x00000000        0x0 console.o
 .bss           0x00000000        0x0 console.o
 .text._ZN3mod13ConsoleSystem8logDebugEPKcz
                0x00000000       0xbc console.o
 .text._ZN3mod13ConsoleSystem12setMonospaceEb
                0x00000000       0x30 console.o
 .text._ZN3mod13ConsoleSystem14updateUsbGeckoEv
                0x00000000       0x14 console.o
 .text          0x00000000        0x0 cxx.o
 .data          0x00000000        0x0 cxx.o
 .bss           0x00000000        0x0 cxx.o
 .text._ZdlPv   0x00000000        0xc cxx.o
 .text._ZdaPv   0x00000000        0xc cxx.o
 .text          0x00000000        0x0 keyboard.o
 .data          0x00000000        0x0 keyboard.o
 .bss           0x00000000        0x0 keyboard.o
 .text._ZN3mod8Keyboard10setChannelEi
                0x00000000       0xc4 keyboard.o
 .text._ZN3mod8Keyboard7connectEv
                0x00000000       0x78 keyboard.o
 .text._ZN3mod8Keyboard10disconnectEv
                0x00000000       0x4c keyboard.o
 .text          0x00000000        0x0 mod.o
 .data          0x00000000        0x0 mod.o
 .bss           0x00000000        0x0 mod.o
 .text._ZN3mod3Mod11updateEarlyEv
                0x00000000       0x90 mod.o
 .text._ZN3mod3Mod4drawEv
                0x00000000        0x8 mod.o
 .text          0x00000000        0x0 patch.o
 .data          0x00000000        0x0 patch.o
 .bss           0x00000000        0x0 patch.o
 .text._ZN3mod5patch21writeStandardBranchesEPvPFvvES3_
                0x00000000       0x80 patch.o
 .text._ZN3mod5patch15replaceEvtInstrEPit
                0x00000000        0x8 patch.o
 .text._ZN3mod5patch15writeBranchMainEPvS1_j
                0x00000000       0x48 patch.o
 .text._ZN3mod5patch10writePatchEPvPKvS3_
                0x00000000       0x7c patch.o
 .text._ZN3mod5patch10writePatchEPvj
                0x00000000       0x6c patch.o
 .text._ZN3mod5patch15writeBranchPairEPvS1_S1_S1_
                0x00000000       0x88 patch.o
 .text          0x00000000        0x0 rel.o
 .data          0x00000000        0x0 rel.o
 .bss           0x00000000        0x0 rel.o
 .text          0x00000000        0x0 ug.o
 .data          0x00000000        0x0 ug.o
 .bss           0x00000000        0x0 ug.o
 .text          0x00000000        0x0 util.o
 .data          0x00000000        0x0 util.o
 .bss           0x00000000        0x0 util.o
 .text          0x00000000        0x0 aaa.o
 .data          0x00000000        0x0 aaa.o
 .bss           0x00000000        0x0 aaa.o
 .text          0x00000000        0x0 aji.o
 .data          0x00000000        0x0 aji.o
 .bss           0x00000000        0x0 aji.o
 .text          0x00000000        0x0 bom.o
 .data          0x00000000        0x0 bom.o
 .bss           0x00000000        0x0 bom.o
 .text          0x00000000        0x0 dou.o
 .data          0x00000000        0x0 dou.o
 .bss           0x00000000        0x0 dou.o
 .text          0x00000000        0x0 eki.o
 .data          0x00000000        0x0 eki.o
 .bss           0x00000000        0x0 eki.o
 .text          0x00000000        0x0 end.o
 .data          0x00000000        0x0 end.o
 .bss           0x00000000        0x0 end.o
 .text          0x00000000        0x0 gon.o
 .data          0x00000000        0x0 gon.o
 .bss           0x00000000        0x0 gon.o
 .text          0x00000000        0x0 gor_00.o
 .data          0x00000000        0x0 gor_00.o
 .bss           0x00000000        0x0 gor_00.o
 .text          0x00000000        0x0 gor_01.o
 .data          0x00000000        0x0 gor_01.o
 .bss           0x00000000        0x0 gor_01.o
 .text          0x00000000        0x0 gor_02.o
 .data          0x00000000        0x0 gor_02.o
 .bss           0x00000000        0x0 gor_02.o
 .text          0x00000000        0x0 gor_03.o
 .data          0x00000000        0x0 gor_03.o
 .bss           0x00000000        0x0 gor_03.o
 .text          0x00000000        0x0 gor_04.o
 .data          0x00000000        0x0 gor_04.o
 .bss           0x00000000        0x0 gor_04.o
 .text          0x00000000        0x0 gor_misc.o
 .data          0x00000000        0x0 gor_misc.o
 .bss           0x00000000        0x0 gor_misc.o
 .text          0x00000000        0x0 gra.o
 .data          0x00000000        0x0 gra.o
 .bss           0x00000000        0x0 gra.o
 .text          0x00000000        0x0 hei.o
 .data          0x00000000        0x0 hei.o
 .bss           0x00000000        0x0 hei.o
 .text          0x00000000        0x0 hom.o
 .data          0x00000000        0x0 hom.o
 .bss           0x00000000        0x0 hom.o
 .text          0x00000000        0x0 jin.o
 .data          0x00000000        0x0 jin.o
 .bss           0x00000000        0x0 jin.o
 .text          0x00000000        0x0 kpa.o
 .data          0x00000000        0x0 kpa.o
 .bss           0x00000000        0x0 kpa.o
 .text          0x00000000        0x0 las.o
 .data          0x00000000        0x0 las.o
 .bss           0x00000000        0x0 las.o
 .text._Z15ApplyLasPatchesPN2gc6OSLink12OSModuleInfoE
                0x00000000      0x4b4 las.o
 .text          0x00000000        0x0 main.o
 .data          0x00000000        0x0 main.o
 .bss           0x00000000        0x0 main.o
 .text          0x00000000        0x0 moo.o
 .data          0x00000000        0x0 moo.o
 .bss           0x00000000        0x0 moo.o
 .text._Z15ApplyMooPatchesPN2gc6OSLink12OSModuleInfoE
                0x00000000       0xac moo.o
 .rodata._ZL20moo_04_init_evt_hook
                0x00000000       0x28 moo.o
 .rodata._ZL19moo_04_init_evt_evt
                0x00000000      0x144 moo.o
 .text          0x00000000        0x0 mri.o
 .data          0x00000000        0x0 mri.o
 .bss           0x00000000        0x0 mri.o
 .text          0x00000000        0x0 muj.o
 .data          0x00000000        0x0 muj.o
 .bss           0x00000000        0x0 muj.o
 .text          0x00000000        0x0 nok.o
 .data          0x00000000        0x0 nok.o
 .bss           0x00000000        0x0 nok.o
 .text          0x00000000        0x0 pik.o
 .data          0x00000000        0x0 pik.o
 .bss           0x00000000        0x0 pik.o
 .text          0x00000000        0x0 rsh.o
 .data          0x00000000        0x0 rsh.o
 .bss           0x00000000        0x0 rsh.o
 .text          0x00000000        0x0 tik.o
 .data          0x00000000        0x0 tik.o
 .bss           0x00000000        0x0 tik.o
 .text._Z24checkChapterRequirementsPN4ttyd6evtmgr8EvtEntryEb
                0x00000000       0xdc tik.o
 .text          0x00000000        0x0 tou.o
 .data          0x00000000        0x0 tou.o
 .bss           0x00000000        0x0 tou.o
 .text          0x00000000        0x0 tou2.o
 .data          0x00000000        0x0 tou2.o
 .bss           0x00000000        0x0 tou2.o
 .text          0x00000000        0x0 usu.o
 .data          0x00000000        0x0 usu.o
 .bss           0x00000000        0x0 usu.o
 .text          0x00000000        0x0 win.o
 .data          0x00000000        0x0 win.o
 .bss           0x00000000        0x0 win.o
 .data          0x00000000        0x0 asm_main.o
 .bss           0x00000000        0x0 asm_main.o
 .text          0x00000000       0x7c patch_ih.o
 .data          0x00000000        0x0 patch_ih.o
 .bss           0x00000000        0x0 patch_ih.o
 .text          0x00000000        0x0 C:/devkitPro/devkitPPC/bin/../lib/gcc/powerpc-eabi/13.1.0\libgcc.a(_divdi3.o)
 .data          0x00000000        0x0 C:/devkitPro/devkitPPC/bin/../lib/gcc/powerpc-eabi/13.1.0\libgcc.a(_divdi3.o)
 .bss           0x00000000        0x0 C:/devkitPro/devkitPPC/bin/../lib/gcc/powerpc-eabi/13.1.0\libgcc.a(_divdi3.o)

Memory Configuration

Name             Origin             Length             Attributes
*default*        0x00000000         0xffffffff

Linker script and memory map

                0x80003100                        . = 0x80003100

.init
 *crt0.o(*.init)
 *(.init)

.plt
 *(.plt)

.interp
 *(.interp)

.hash
 *(.hash)

.dynsym
 *(.dynsym)

.dynstr
 *(.dynstr)

.gnu.version
 *(.gnu.version)

.gnu.version_d
 *(.gnu.version_d)

.gnu.version_r
 *(.gnu.version_r)

.rel.init
 *(.rel.init)

.rela.init
 *(.rela.init)

.rel.text
 *(.rel.text .rel.text.* .rel.gnu.linkonce.t.*)

.rela.text
 *(.rela.text .rela.text.* .rela.gnu.linkonce.t.*)

.rel.fini
 *(.rel.fini)

.rela.fini
 *(.rela.fini)

.rel.rodata
 *(.rel.rodata .rel.rodata.* .rel.gnu.linkonce.r.*)

.rela.rodata
 *(.rela.rodata .rela.rodata.* .rela.gnu.linkonce.r.*)

.rel.data
 *(.rel.data .rel.data.* .rel.gnu.linkonce.d.*)

.rela.data
 *(.rela.data .rela.data.* .rela.gnu.linkonce.d.*)

.rel.tdata
 *(.rel.tdata .rel.tdata.* .rel.gnu.linkonce.td.*)

.rela.tdata
 *(.rela.tdata .rela.tdata.* .rela.gnu.linkonce.td.*)

.rel.tbss
 *(.rel.tbss .rel.tbss.* .rel.gnu.linkonce.tb.*)

.rela.tbss
 *(.rela.tbss .rela.tbss.* .rela.gnu.linkonce.tb.*)

.rel.ctors
 *(.rel.ctors)

.rela.ctors
 *(.rela.ctors)

.rel.dtors
 *(.rel.dtors)

.rela.dtors
 *(.rela.dtors)

.rel.got
 *(.rel.got)

.rela.got
 *(.rela.got)

.rela.got1
 *(.rela.got1)

.rela.got2
 *(.rela.got2)

.rel.sdata
 *(.rel.sdata .rel.sdata.* .rel.gnu.linkonce.s.*)

.rela.sdata
 *(.rela.sdata .rela.sdata.* .rela.gnu.linkonce.s.*)

.rel.sbss
 *(.rel.sbss .rel.sbss.* .rel.gnu.linkonce.sb.*)

.rela.sbss
 *(.rela.sbss .rela.sbss.* .rel.gnu.linkonce.sb.*)

.rel.sdata2
 *(.rel.sdata2 .rel.sdata2.* .rel.gnu.linkonce.s2.*)

.rela.sdata2
 *(.rela.sdata2 .rela.sdata2.* .rela.gnu.linkonce.s2.*)

.rel.sbss2
 *(.rel.sbss2 .rel.sbss2.* .rel.gnu.linkonce.sb2.*)

.rela.sbss2
 *(.rela.sbss2 .rela.sbss2.* .rela.gnu.linkonce.sb2.*)

.rel.bss
 *(.rel.bss .rel.bss.* .rel.gnu.linkonce.b.*)

.rela.bss
 *(.rela.bss .rela.bss.* .rela.gnu.linkonce.b.*)

.rel.plt
 *(.rel.plt)

.rela.plt
 *(.rela.plt)

.text           0x80003100     0xcf40
 *(.text)
 .text          0x80003100      0x204 asm_main.o
                0x80003100                bMapGXArrInject
                0x8000310c                bMapGXArrInjectReturn
                0x80003110                bMapGXArrIncrement
                0x80003118                bMapGXArrIncrementReturn
                0x8000311c                bMapGXChSplit
                0x80003128                bMapGXChSplitReturn
                0x8000312c                bWinLogArrInject
                0x80003138                bWinLogArrInjectReturn
                0x8000313c                bWinLogArrIncrement
                0x80003144                bWinLogArrIncrementReturn
                0x80003148                bChapterClearCheck
                0x80003190                bJohoyaSeqAddition
                0x800031c8                bPrintPartyAddErrorFix
                0x80003204                bPrintPartyAddErrorFixReturn
                0x80003208                bPrintPartyErrorFix
                0x80003244                bPrintPartyErrorFixReturn
                0x80003248                win_log_mapGX_arr
 *(.text.*)
 *fill*         0x80003304        0x0 00000000
 .text._ZZN3mod3owr3OWR4InitEvENUlvE_4_FUNEv
                0x80003304       0x10 OWR.o
 .text._ZZN3mod3owr3OWR4InitEvENUlPKcE_4_FUNES3_
                0x80003314       0x9c OWR.o
 .text._ZN3mod3owr3OWRC2Ev
                0x800033b0        0x4 OWR.o
                0x800033b0                _ZN3mod3owr3OWRC1Ev
                0x800033b0                _ZN3mod3owr3OWRC2Ev
 .text._ZN3mod3owr3OWR12SequenceInitEv
                0x800033b4      0x1dc OWR.o
                0x800033b4                _ZN3mod3owr3OWR12SequenceInitEv
 .text._ZN3mod3owr3OWR4InitEv
                0x80003590      0x134 OWR.o
                0x80003590                _ZN3mod3owr3OWR4InitEv
 .text._ZN3mod3owr3OWR6UpdateEv
                0x800036c4       0x4c OWR.o
                0x800036c4                _ZN3mod3owr3OWR6UpdateEv
 .text._ZN3mod3owr3OWR4DrawEv
                0x80003710        0x4 OWR.o
                0x80003710                _ZN3mod3owr3OWR4DrawEv
 .text._ZN3mod3owr3OWR14OnModuleLoadedEPN2gc6OSLink12OSModuleInfoE
                0x80003714       0xd4 OWR.o
                0x80003714                _ZN3mod3owr3OWR14OnModuleLoadedEPN2gc6OSLink12OSModuleInfoE
 .text._ZZN3mod3owr3OWR4InitEvENUlPN2gc6OSLink12OSModuleInfoEPvE_4_FUNES5_S6_
                0x800037e8       0x84 OWR.o
 .text.startup._GLOBAL__sub_I__Z13strcpy_StringPcPKc
                0x8000386c       0x14 OWR.o
 .text._ZN3mod3owr12StateManagerC2Ev
                0x80003880       0x40 StateManager.o
                0x80003880                _ZN3mod3owr12StateManagerC2Ev
                0x80003880                _ZN3mod3owr12StateManagerC1Ev
 .text._ZN3modL13mod_if_func22Ev
                0x800038c0       0x54 con_mario.o
 .text.startup._GLOBAL__sub_I__ZN3mod13mario_set_posE
                0x80003914       0x88 con_mario.o
 .text._ZN3modL13mod_if_func46Ev
                0x8000399c      0x19c con_perf.o
 .text._ZN3modL13mod_if_func29Ev
                0x80003b38       0xbc con_perf.o
 .text.startup._GLOBAL__sub_I__ZN3mod15perf_fake_spikeE
                0x80003bf4       0xd4 con_perf.o
 .text._ZZN3modL13mod_if_func16EvENUlPN4ttyd6seqdrv7SeqInfoEE_4_FUNES3_
                0x80003cc8       0x44 con_seq.o
 .text._ZN3modL13mod_if_func16Ev
                0x80003d0c       0x74 con_seq.o
 .text.startup._GLOBAL__sub_I__ZN3mod13seq_logo_skipE
                0x80003d80       0x8c con_seq.o
 .text._ZN3mod13ConsoleSystem4initEv
                0x80003e0c       0x38 console.o
                0x80003e0c                _ZN3mod13ConsoleSystem4initEv
 .text._ZN3mod13ConsoleSystem8logColorEPKcN2gc6color4E
                0x80003e44      0x2a8 console.o
                0x80003e44                _ZN3mod13ConsoleSystem8logColorEPKcN2gc6color4E
 .text._ZN3mod13ConsoleSystem7logInfoEPKcz
                0x800040ec       0xb8 console.o
                0x800040ec                _ZN3mod13ConsoleSystem7logInfoEPKcz
 .text._ZN3mod7CC_findEPKc
                0x800041a4      0x12c console.o
                0x800041a4                _ZN3mod7CC_findEPKc
 .text._ZN3mod13ConsoleSystem10logWarningEPKcz
                0x800042d0       0xbc console.o
                0x800042d0                _ZN3mod13ConsoleSystem10logWarningEPKcz
 .text._ZN3mod13ConsoleSystem8logErrorEPKcz
                0x8000438c       0xbc console.o
                0x8000438c                _ZN3mod13ConsoleSystem8logErrorEPKcz
 .text._ZN3mod13ConsoleSystem7overlayEPKcz
                0x80004448       0xd0 console.o
                0x80004448                _ZN3mod13ConsoleSystem7overlayEPKcz
 .text._ZN3mod13ConsoleSystem8drawLineEiPKcN2gc6color4E
                0x80004518      0x15c console.o
                0x80004518                _ZN3mod13ConsoleSystem8drawLineEiPKcN2gc6color4E
 .text._ZN3mod13ConsoleSystem14processCommandEPKc
                0x80004674      0x288 console.o
                0x80004674                _ZN3mod13ConsoleSystem14processCommandEPKc
 .text._ZN3mod13ConsoleSystem12updatePromptEv
                0x800048fc      0x974 console.o
                0x800048fc                _ZN3mod13ConsoleSystem12updatePromptEv
 .text._ZN3mod13ConsoleSystem14updateUsbGeckoEv.part.0
                0x80005270      0x19c console.o
 .text._ZN3mod13ConsoleSystem6updateEv
                0x8000540c       0x70 console.o
                0x8000540c                _ZN3mod13ConsoleSystem6updateEv
 .text._ZN3mod13ConsoleSystem4dispEv
                0x8000547c      0x5f0 console.o
                0x8000547c                _ZN3mod13ConsoleSystem4dispEv
 .text._ZZN3mod13ConsoleSystem6updateEvENUlN4ttyd7dispdrv8CameraIdEPvE_4_FUNES3_S4_
                0x80005a6c        0x8 console.o
 .text.startup._GLOBAL__sub_I__ZN3mod10ConCommand6sFirstE
                0x80005a74      0x1ac console.o
 .text._Znwj    0x80005c20        0xc cxx.o
                0x80005c20                _Znwj
 .text._Znaj    0x80005c2c        0xc cxx.o
                0x80005c2c                _Znaj
 .text._ZN3mod8KeyboardC2Ei
                0x80005c38       0x84 keyboard.o
                0x80005c38                _ZN3mod8KeyboardC2Ei
                0x80005c38                _ZN3mod8KeyboardC1Ei
 .text._ZN3mod8Keyboard6updateEv
                0x80005cbc      0x59c keyboard.o
                0x80005cbc                _ZN3mod8Keyboard6updateEv
 .text._ZZN3mod3Mod4initEvENUlvE0_4_FUNEv
                0x80006258        0x4 mod.o
 .text._ZZN3mod3Mod11updateEarlyEvENUlN4ttyd7dispdrv8CameraIdEPvE_4_FUNES3_S4_
                0x8000625c        0x8 mod.o
 .text._ZZN3mod3Mod4initEvENUlvE_4_FUNEv
                0x80006264       0x94 mod.o
 .text._ZN3mod3ModC2Ev
                0x800062f8       0xa0 mod.o
                0x800062f8                _ZN3mod3ModC2Ev
                0x800062f8                _ZN3mod3ModC1Ev
 .text._ZN3mod3Mod4initEv
                0x80006398       0xfc mod.o
                0x80006398                _ZN3mod3Mod4initEv
 .text.startup._ZN3mod4mainEv
                0x80006494       0x38 mod.o
                0x80006494                _ZN3mod4mainEv
 .text._ZN3mod5patch17clear_DC_IC_CacheEPvj
                0x800064cc       0x40 patch.o
                0x800064cc                _ZN3mod5patch17clear_DC_IC_CacheEPvj
 .text._ZN3mod5patch11writeBranchEPvS1_
                0x8000650c       0x4c patch.o
                0x8000650c                _ZN3mod5patch11writeBranchEPvS1_
 .text._ZN3mod5patch14writeEvtBranchEPiPKib
                0x80006558       0x1c patch.o
                0x80006558                _ZN3mod5patch14writeEvtBranchEPiPKib
 .text._ZN3mod5patch13writeBranchBLEPvS1_
                0x80006574       0x50 patch.o
                0x80006574                _ZN3mod5patch13writeBranchBLEPvS1_
 .text._ZN3mod5patch10writePatchEPvPKvj
                0x800065c4       0x7c patch.o
                0x800065c4                _ZN3mod5patch10writePatchEPvPKvj
 .text._ZN3mod5patch15writeBranchPairEPvS1_S1_
                0x80006640       0x80 patch.o
                0x80006640                _ZN3mod5patch15writeBranchPairEPvS1_S1_
 .text._prolog  0x800066c0       0xac rel.o
                0x800066c0                _prolog
 .text._epilog  0x8000676c       0xac rel.o
                0x8000676c                _epilog
 .text._unresolved
                0x80006818        0x4 rel.o
                0x80006818                _unresolved
 .text._ZN3mod7ugProbeEi
                0x8000681c      0x110 ug.o
                0x8000681c                _ZN3mod7ugProbeEi
 .text._ZN3mod6ugSendEiPKvi
                0x8000692c      0x12c ug.o
                0x8000692c                _ZN3mod6ugSendEiPKvi
 .text._ZN3mod6ugRecvEiPvi
                0x80006a58      0x124 ug.o
                0x80006a58                _ZN3mod6ugRecvEiPvi
 .text.strstr   0x80006b7c       0xf0 util.o
                0x80006b7c                strstr
 .text._Z15ApplyAaaPatchesPN2gc6OSLink12OSModuleInfoE
                0x80006c6c       0x50 aaa.o
                0x80006c6c                _Z15ApplyAaaPatchesPN2gc6OSLink12OSModuleInfoE
 .text._Z15ApplyAjiPatchesPN2gc6OSLink12OSModuleInfoE
                0x80006cbc      0x8ac aji.o
                0x80006cbc                _Z15ApplyAjiPatchesPN2gc6OSLink12OSModuleInfoE
 .text._Z15ApplyBomPatchesPN2gc6OSLink12OSModuleInfoE
                0x80007568      0x32c bom.o
                0x80007568                _Z15ApplyBomPatchesPN2gc6OSLink12OSModuleInfoE
 .text._Z15ApplyDouPatchesPN2gc6OSLink12OSModuleInfoE
                0x80007894      0x30c dou.o
                0x80007894                _Z15ApplyDouPatchesPN2gc6OSLink12OSModuleInfoE
 .text._Z15ApplyEkiPatchesPN2gc6OSLink12OSModuleInfoE
                0x80007ba0      0x280 eki.o
                0x80007ba0                _Z15ApplyEkiPatchesPN2gc6OSLink12OSModuleInfoE
 .text._Z15ApplyEndPatchesPN2gc6OSLink12OSModuleInfoE
                0x80007e20       0x30 end.o
                0x80007e20                _Z15ApplyEndPatchesPN2gc6OSLink12OSModuleInfoE
 .text._Z15ApplyGonPatchesPN2gc6OSLink12OSModuleInfoE
                0x80007e50      0x354 gon.o
                0x80007e50                _Z15ApplyGonPatchesPN2gc6OSLink12OSModuleInfoE
 .text._Z17ApplyGor00PatchesPN2gc6OSLink12OSModuleInfoE
                0x800081a4      0x624 gor_00.o
                0x800081a4                _Z17ApplyGor00PatchesPN2gc6OSLink12OSModuleInfoE
 .text.startup._GLOBAL__sub_I__Z17ApplyGor00PatchesPN2gc6OSLink12OSModuleInfoE
                0x800087c8       0x14 gor_00.o
 .text._Z17ApplyGor01PatchesPN2gc6OSLink12OSModuleInfoE
                0x800087dc      0x444 gor_01.o
                0x800087dc                _Z17ApplyGor01PatchesPN2gc6OSLink12OSModuleInfoE
 .text._Z17ApplyGor02PatchesPN2gc6OSLink12OSModuleInfoE
                0x80008c20      0x450 gor_02.o
                0x80008c20                _Z17ApplyGor02PatchesPN2gc6OSLink12OSModuleInfoE
 .text._Z17ApplyGor03PatchesPN2gc6OSLink12OSModuleInfoE
                0x80009070      0x4d8 gor_03.o
                0x80009070                _Z17ApplyGor03PatchesPN2gc6OSLink12OSModuleInfoE
 .text._Z17ApplyGor04PatchesPN2gc6OSLink12OSModuleInfoE
                0x80009548      0x17c gor_04.o
                0x80009548                _Z17ApplyGor04PatchesPN2gc6OSLink12OSModuleInfoE
 .text._Z19ApplyGorMiscPatchesPN2gc6OSLink12OSModuleInfoE
                0x800096c4      0x118 gor_misc.o
                0x800096c4                _Z19ApplyGorMiscPatchesPN2gc6OSLink12OSModuleInfoE
 .text._Z15ApplyGraPatchesPN2gc6OSLink12OSModuleInfoE
                0x800097dc      0x210 gra.o
                0x800097dc                _Z15ApplyGraPatchesPN2gc6OSLink12OSModuleInfoE
 .text._Z15ApplyHeiPatchesPN2gc6OSLink12OSModuleInfoE
                0x800099ec      0x230 hei.o
                0x800099ec                _Z15ApplyHeiPatchesPN2gc6OSLink12OSModuleInfoE
 .text._Z15ApplyHomPatchesPN2gc6OSLink12OSModuleInfoE
                0x80009c1c      0x140 hom.o
                0x80009c1c                _Z15ApplyHomPatchesPN2gc6OSLink12OSModuleInfoE
 .text._Z15ApplyJinPatchesPN2gc6OSLink12OSModuleInfoE
                0x80009d5c      0x324 jin.o
                0x80009d5c                _Z15ApplyJinPatchesPN2gc6OSLink12OSModuleInfoE
 .text._Z15ApplyKpaPatchesPN2gc6OSLink12OSModuleInfoE
                0x8000a080       0xe4 kpa.o
                0x8000a080                _Z15ApplyKpaPatchesPN2gc6OSLink12OSModuleInfoE
 .text._Z24ApplyMainAssemblyPatchesv
                0x8000a164      0x4d0 main.o
                0x8000a164                _Z24ApplyMainAssemblyPatchesv
 .text._Z22ApplyMainScriptPatchesv
                0x8000a634      0x1e8 main.o
                0x8000a634                _Z22ApplyMainScriptPatchesv
 .text._Z15ApplyMriPatchesPN2gc6OSLink12OSModuleInfoE
                0x8000a81c      0xc14 mri.o
                0x8000a81c                _Z15ApplyMriPatchesPN2gc6OSLink12OSModuleInfoE
 .text._Z15ApplyMujPatchesPN2gc6OSLink12OSModuleInfoE
                0x8000b430      0x998 muj.o
                0x8000b430                _Z15ApplyMujPatchesPN2gc6OSLink12OSModuleInfoE
 .text._Z15ApplyNokPatchesPN2gc6OSLink12OSModuleInfoE
                0x8000bdc8      0x390 nok.o
                0x8000bdc8                _Z15ApplyNokPatchesPN2gc6OSLink12OSModuleInfoE
 .text._Z15ApplyPikPatchesPN2gc6OSLink12OSModuleInfoE
                0x8000c158      0x518 pik.o
                0x8000c158                _Z15ApplyPikPatchesPN2gc6OSLink12OSModuleInfoE
 .text._Z15ApplyRshPatchesPN2gc6OSLink12OSModuleInfoE
                0x8000c670      0xed0 rsh.o
                0x8000c670                _Z15ApplyRshPatchesPN2gc6OSLink12OSModuleInfoE
 .text._Z18checkChapterClearsPN4ttyd6evtmgr8EvtEntryEb
                0x8000d540       0x8c tik.o
                0x8000d540                _Z18checkChapterClearsPN4ttyd6evtmgr8EvtEntryEb
 .text._Z15ApplyTikPatchesPN2gc6OSLink12OSModuleInfoE
                0x8000d5cc      0x5c0 tik.o
                0x8000d5cc                _Z15ApplyTikPatchesPN2gc6OSLink12OSModuleInfoE
 .text._Z15ApplyTouPatchesPN2gc6OSLink12OSModuleInfoE
                0x8000db8c     0x1130 tou.o
                0x8000db8c                _Z15ApplyTouPatchesPN2gc6OSLink12OSModuleInfoE
 .text._Z16ApplyTou2PatchesPN2gc6OSLink12OSModuleInfoE
                0x8000ecbc      0x384 tou2.o
                0x8000ecbc                _Z16ApplyTou2PatchesPN2gc6OSLink12OSModuleInfoE
 .text._Z15ApplyUsuPatchesPN2gc6OSLink12OSModuleInfoE
                0x8000f040      0x8e4 usu.o
                0x8000f040                _Z15ApplyUsuPatchesPN2gc6OSLink12OSModuleInfoE
 .text._Z15ApplyWinPatchesPN2gc6OSLink12OSModuleInfoE
                0x8000f924      0x318 win.o
                0x8000f924                _Z15ApplyWinPatchesPN2gc6OSLink12OSModuleInfoE
 .text.__divdi3
                0x8000fc3c      0x3ec C:/devkitPro/devkitPPC/bin/../lib/gcc/powerpc-eabi/13.1.0\libgcc.a(_divdi3.o)
                0x8000fc3c                __divdi3
 *(.gnu.warning)
 *(.gnu.linkonce.t.*)
                0x80010040                        . = ALIGN (0x20)
 *fill*         0x80010028       0x18 00000000

.text._ZN3mod13mario_set_posMUlPKcE_4_FUNES2_
                0x00000000       0x6c
 .text._ZN3mod13mario_set_posMUlPKcE_4_FUNES2_
                0x00000000       0x6c con_mario.o
                0x00000000                _ZN3mod13mario_set_posMUlPKcE_4_FUNES2_
                0x00000000                _ZN3mod13mario_set_posMUlPKcE_4_FUNES1_

.text._ZN3mod15perf_fake_spikeMUlPKcE_4_FUNES2_
                0x00000000       0xa8
 .text._ZN3mod15perf_fake_spikeMUlPKcE_4_FUNES2_
                0x00000000       0xa8 con_perf.o
                0x00000000                _ZN3mod15perf_fake_spikeMUlPKcE_4_FUNES1_
                0x00000000                _ZN3mod15perf_fake_spikeMUlPKcE_4_FUNES2_

.text._ZN3mod14seq_change_mapMUlPKcE_4_FUNES2_
                0x00000000       0xf0
 .text._ZN3mod14seq_change_mapMUlPKcE_4_FUNES2_
                0x00000000       0xf0 con_seq.o
                0x00000000                _ZN3mod14seq_change_mapMUlPKcE_4_FUNES2_
                0x00000000                _ZN3mod14seq_change_mapMUlPKcE_4_FUNES1_

.text._ZN3mod8con_monoMUlPNS_9ConIntVarEiE_4_FUNES2_i
                0x00000000       0x3c
 .text._ZN3mod8con_monoMUlPNS_9ConIntVarEiE_4_FUNES2_i
                0x00000000       0x3c console.o
                0x00000000                _ZN3mod8con_monoMUlPNS_9ConIntVarEiE_4_FUNES1_i
                0x00000000                _ZN3mod8con_monoMUlPNS_9ConIntVarEiE_4_FUNES2_i

.fini           0x0000003c        0x4
 *(.fini)
                0x00000040                        . = ALIGN (0x20)
 *fill*         0x0000003c        0x4 00000000
                [!provide]                        PROVIDE (__etext = .)
                [!provide]                        PROVIDE (_etext = .)
                [!provide]                        PROVIDE (etext = .)

.rodata         0x00000040     0xb808
 *(.rodata)
 *(.rodata.*)
 .rodata._ZZN3mod3owr3OWR4InitEvENUlPKcE_4_FUNES3_.str1.4
                0x00000040       0x79 OWR.o
 *fill*         0x000000b9        0x3 
 .rodata._ZN3mod3owr3OWR6LZTestEv.str1.4
                0x000000bc        0x7 OWR.o
 *fill*         0x000000c3        0x1 
 .rodata._ZN3mod3owr3OWR14OnModuleLoadedEPN2gc6OSLink12OSModuleInfoE
                0x000000c4       0x74 OWR.o
 .rodata._ZN3mod13mario_set_posMUlPKcE_4_FUNES2_.str1.4
                0x00000138        0x9 con_mario.o
 *fill*         0x00000141        0x3 
 .rodata._ZN3modL13mod_if_func22Ev.str1.4
                0x00000144       0x20 con_mario.o
 .rodata._GLOBAL__sub_I__ZN3mod13mario_set_posE.str1.4
                0x00000164       0x1f con_mario.o
 *fill*         0x00000183        0x1 
 .rodata._ZN3modL13mod_if_func46Ev.str1.4
                0x00000184       0x5e con_perf.o
 *fill*         0x000001e2        0x2 
 .rodata._ZN3mod15perf_fake_spikeMUlPKcE_4_FUNES2_.str1.4
                0x000001e4        0x4 con_perf.o
 .rodata._ZN3modL13mod_if_func29Ev.str1.4
                0x000001e8       0x1c con_perf.o
 .rodata._GLOBAL__sub_I__ZN3mod15perf_fake_spikeE.str1.4
                0x00000204       0x2b con_perf.o
 *fill*         0x0000022f        0x1 
 .rodata.cst4   0x00000230       0x14 con_perf.o
 .rodata._ZN3mod14seq_change_mapMUlPKcE_4_FUNES2_.str1.4
                0x00000244       0x20 con_seq.o
 .rodata._GLOBAL__sub_I__ZN3mod13seq_logo_skipE.str1.4
                0x00000264       0x1f con_seq.o
 *fill*         0x00000283        0x1 
 .rodata._ZN3mod13ConsoleSystem8logColorEPKcN2gc6color4E.str1.4
                0x00000284       0x83 console.o
 *fill*         0x00000307        0x1 
 .rodata._ZN3mod7CC_findEPKc.str1.4
                0x00000308       0x21 console.o
 *fill*         0x00000329        0x3 
 .rodata._ZN3mod13ConsoleSystem14processCommandEPKc.str1.4
                0x0000032c       0x2e console.o
 *fill*         0x0000035a        0x2 
 .rodata._ZN3mod13ConsoleSystem12updatePromptEv
                0x0000035c      0x6c0 console.o
 .rodata._ZN3mod13ConsoleSystem14updateUsbGeckoEv.part.0.str1.4
                0x00000a1c       0x75 console.o
 *fill*         0x00000a91        0x3 
 .rodata._ZN3mod13ConsoleSystem4dispEv.str1.4
                0x00000a94       0x16 console.o
 *fill*         0x00000aaa        0x2 
 .rodata._GLOBAL__sub_I__ZN3mod10ConCommand6sFirstE.str1.4
                0x00000aac       0x8d console.o
 .rodata._ZZN3mod13ConsoleSystem4dispEvE12kPromptColor
                0x00000b39        0x4 console.o
 *fill*         0x00000b3d        0x3 
 .rodata.cst4   0x00000b40        0x8 console.o
 .rodata.cst4   0x00000b48        0x4 mod.o
 .rodata._ZL20aji_17_init_evt_hook
                0x00000b4c       0x10 aji.o
 .rodata._ZL19aji_17_init_evt_evt
                0x00000b5c       0x4c aji.o
 .rodata._ZL20aji_10_init_evt_hook
                0x00000ba8       0x10 aji.o
 .rodata.str1.4
                0x00000bb8       0x43 aji.o
 *fill*         0x00000bfb        0x1 
 .rodata._ZL19aji_10_init_evt_evt
                0x00000bfc      0x284 aji.o
 .rodata._ZL18teshita3_init_hook
                0x00000e80       0x10 aji.o
 .rodata._ZL17teshita3_init_evt
                0x00000e90       0xc0 aji.o
 .rodata._ZL18teshita2_init_hook
                0x00000f50       0x10 aji.o
 .rodata._ZL17teshita2_init_evt
                0x00000f60       0xc0 aji.o
 .rodata._ZL20peach_evt_ele_2_hook
                0x00001020       0x24 aji.o
 .rodata._ZL19peach_evt_ele_2_evt
                0x00001044       0x6c aji.o
 .rodata._ZL20aji_00_init_evt_hook
                0x000010b0       0x10 aji.o
 .rodata._ZL19aji_00_init_evt_evt
                0x000010c0       0x5c aji.o
 .rodata._ZL4npc4
                0x0000111c       0x13 aji.o
 *fill*         0x0000112f        0x1 
 .rodata._ZL4npc3
                0x00001130        0x7 aji.o
 *fill*         0x00001137        0x1 
 .rodata._ZL4npc2
                0x00001138        0xf aji.o
 *fill*         0x00001147        0x1 
 .rodata._ZL4npc1
                0x00001148        0x7 aji.o
 *fill*         0x0000114f        0x1 
 .rodata._ZL12evt_elv_hook
                0x00001150       0x28 eki.o
 .rodata.str1.4
                0x00001178       0x30 eki.o
 .rodata._ZL11evt_elv_evt
                0x000011a8      0x104 eki.o
 .rodata._ZL21gor_00_init_evt2_hook
                0x000012ac       0x10 gor_00.o
 .rodata._ZL21gor_00_init_evt1_hook
                0x000012bc       0x10 gor_00.o
 .rodata.str1.4
                0x000012cc      0x2ce gor_00.o
 *fill*         0x0000159a        0x2 
 .rodata._ZL16gor_00_init_evt1
                0x0000159c      0x1f8 gor_00.o
 .rodata._ZL18korutesu_init_hook
                0x00001794       0x10 gor_00.o
 .rodata._ZL17korutesu_init_evt
                0x000017a4       0x58 gor_00.o
 .rodata._ZL20suifubomb_b_talk_evt
                0x000017fc       0xd4 gor_00.o
 .rodata._ZL21suifubomb_b_regl_hook
                0x000018d0       0x10 gor_00.o
 .rodata._ZL20suifubomb_b_regl_evt
                0x000018e0      0x120 gor_00.o
 .rodata._ZL20suifubomb_a_talk_evt
                0x00001a00      0x150 gor_00.o
 .rodata._ZL21suifubomb_a_regl_hook
                0x00001b50       0x10 gor_00.o
 .rodata._ZL20suifubomb_a_regl_evt
                0x00001b60       0x90 gor_00.o
 .rodata._ZL21suifubomb_a_init_hook
                0x00001bf0       0x10 gor_00.o
 .rodata._ZL20suifubomb_a_init_evt
                0x00001c00       0xc8 gor_00.o
 .rodata._ZL16suifu_b_talk_evt
                0x00001cc8       0xd4 gor_00.o
 .rodata._ZL20luigi_npcEnt_00_hook
                0x00001d9c       0x10 gor_00.o
 .rodata._ZL19luigi_npcEnt_00_evt
                0x00001dac       0x80 gor_00.o
 .rodata._ZL18luigi_init_00_hook
                0x00001e2c       0x10 gor_00.o
 .rodata._ZL17luigi_init_00_evt
                0x00001e3c       0x50 gor_00.o
 .rodata._ZL16mokorim_init_evt
                0x00001e8c       0x30 gor_00.o
 .rodata._ZL17suifu_b_init_hook
                0x00001ebc       0x10 gor_00.o
 .rodata._ZL16suifu_b_init_evt
                0x00001ecc       0xc8 gor_00.o
 .rodata._ZL17suifu_a_regl_hook
                0x00001f94       0x10 gor_00.o
 .rodata._ZL16suifu_a_regl_evt
                0x00001fa4       0x80 gor_00.o
 .rodata._ZL16suifu_a_talk_evt
                0x00002024       0xd4 gor_00.o
 .rodata._ZL19odoodo_ani_talk_evt
                0x000020f8       0x20 gor_00.o
 .rodata._ZL15odoodo_talk_evt
                0x00002118      0x128 gor_00.o
 .rodata._ZL16odoodo_regl_hook
                0x00002240       0x10 gor_00.o
 .rodata._ZL15odoodo_regl_evt
                0x00002250       0x94 gor_00.o
 .rodata._ZL15odoodo_init_evt
                0x000022e4      0x114 gor_00.o
 .rodata._ZL17garawaru_talk_evt
                0x000023f8       0xb8 gor_00.o
 .rodata._ZL18garawaru_regl_hook
                0x000024b0       0x10 gor_00.o
 .rodata._ZL17garawaru_regl_evt
                0x000024c0      0x120 gor_00.o
 .rodata._ZL18garawaru_init_hook
                0x000025e0       0x10 gor_00.o
 .rodata._ZL17garawaru_init_evt
                0x000025f0      0x140 gor_00.o
 .rodata._ZL7npcEnt2
                0x00002730        0x9 gor_00.o
 *fill*         0x00002739        0x3 
 .rodata._ZL6npcEnt
                0x0000273c        0x9 gor_00.o
 *fill*         0x00002745        0x3 
 .rodata.str1.4
                0x00002748       0xb2 gor_01.o
 *fill*         0x000027fa        0x2 
 .rodata._ZL15bomhei_talk_evt
                0x000027fc       0x20 gor_01.o
 .rodata._ZL16chusan2_talk_evt
                0x0000281c       0x20 gor_01.o
 .rodata._ZL16chusan1_talk_evt
                0x0000283c       0x20 gor_01.o
 .rodata._ZL16kuribo3_talk_evt
                0x0000285c       0x20 gor_01.o
 .rodata._ZL16kuribo2_talk_evt
                0x0000287c       0x20 gor_01.o
 .rodata._ZL16kuribo1_talk_evt
                0x0000289c       0x20 gor_01.o
 .rodata._ZL15roten2_talk_evt
                0x000028bc       0x20 gor_01.o
 .rodata._ZL15roten1_talk_evt
                0x000028dc       0x20 gor_01.o
 .rodata._ZL19shoptender_talk_evt
                0x000028fc       0x20 gor_01.o
 .rodata._ZL15kinoji_talk_evt
                0x0000291c       0x20 gor_01.o
 .rodata._ZL19bottakuru_init_hook
                0x0000293c       0x10 gor_01.o
 .rodata._ZL18bottakuru_init_evt
                0x0000294c       0x70 gor_01.o
 .rodata._ZL18marco_init_01_hook
                0x000029bc       0x10 gor_01.o
 .rodata._ZL17marco_init_01_evt
                0x000029cc       0x40 gor_01.o
 .rodata._ZL20badgemaster_talk_evt
                0x00002a0c       0x20 gor_01.o
 .rodata._ZL15luigi_init_hook
                0x00002a2c        0xc gor_02.o
 .rodata.str1.4
                0x00002a38      0x276 gor_02.o
 *fill*         0x00002cae        0x2 
 .rodata._ZL14luigi_init_evt
                0x00002cb0       0x4c gor_02.o
 .rodata._ZL20tozokudan2_talk_hook
                0x00002cfc        0xc gor_02.o
 .rodata._ZL19tozokudan2_talk_evt
                0x00002d08      0x160 gor_02.o
 .rodata._ZL20tozokudan1_talk_hook
                0x00002e68        0xc gor_02.o
 .rodata._ZL19tozokudan1_talk_evt
                0x00002e74      0x160 gor_02.o
 .rodata._ZL20kurihakase_init_hook
                0x00002fd4       0x10 gor_02.o
 .rodata._ZL19kurihakase_init_evt
                0x00002fe4      0x294 gor_02.o
 .rodata._ZL19kurihakase_talk_evt
                0x00003278      0x2cc gor_02.o
 .rodata._ZL22evt_door_02_open_hook2
                0x00003544       0x10 gor_02.o
 .rodata._ZL21evt_door_02_open_evt2
                0x00003554       0xc4 gor_02.o
 .rodata._ZL21evt_door_02_open_hook
                0x00003618       0x10 gor_02.o
 .rodata._ZL20evt_door_02_open_evt
                0x00003628      0x188 gor_02.o
 .rodata._ZL21gor_02_init_evt2_hook
                0x000037b0       0x10 gor_02.o
 .rodata._ZL16gor_02_init_evt2
                0x000037c0       0xcc gor_02.o
 .rodata._ZL21gor_02_init_evt1_hook
                0x0000388c       0x10 gor_02.o
 .rodata._ZL16gor_02_init_evt1
                0x0000389c      0x138 gor_02.o
 .rodata._ZL16borodo2_talk_evt
                0x000039d4       0x20 gor_02.o
 .rodata._ZL16borodo1_talk_evt
                0x000039f4       0x20 gor_02.o
 .rodata._ZL15roten3_talk_evt
                0x00003a14       0x20 gor_02.o
 .rodata._ZL16chusan3_talk_evt
                0x00003a34       0x20 gor_02.o
 .rodata._ZL16kuribo4_talk_evt
                0x00003a54       0x20 gor_02.o
 .rodata._ZL20gor_03_init_evt_hook
                0x00003a74       0x10 gor_03.o
 .rodata.str1.4
                0x00003a84      0x129 gor_03.o
 *fill*         0x00003bad        0x3 
 .rodata._ZL19gor_03_init_evt_evt
                0x00003bb0      0x160 gor_03.o
 .rodata._ZL16maffia3_talk_evt
                0x00003d10       0x20 gor_03.o
 .rodata._ZL16maffia2_talk_evt
                0x00003d30      0x140 gor_03.o
 .rodata._ZL16maffia1_talk_evt
                0x00003e70      0x140 gor_03.o
 .rodata._ZL26maffiaboss_casino_talk_evt
                0x00003fb0       0x20 gor_03.o
 .rodata._ZL26maffiaboss_talk_common_evt
                0x00003fd0      0x120 gor_03.o
 .rodata.str1.4
                0x000040f0       0x18 gra.o
 .rodata._ZL17evt_machibuse_evt
                0x00004108       0x4c gra.o
 .rodata._ZL8doopliss
                0x00004154        0xb gra.o
 *fill*         0x0000415f        0x1 
 .rodata._ZL20mri_09_init_evt_hook
                0x00004160       0x10 mri.o
 .rodata.str1.4
                0x00004170      0x19f mri.o
 *fill*         0x0000430f        0x1 
 .rodata._ZL19mri_09_init_evt_evt
                0x00004310      0x14c mri.o
 .rodata._ZL20mri_04_init_evt_hook
                0x0000445c       0x10 mri.o
 .rodata._ZL19mri_04_init_evt_evt
                0x0000446c       0x30 mri.o
 .rodata._ZL16bero_custom_hook
                0x0000449c       0x10 mri.o
 .rodata._ZL15bero_custom_evt
                0x000044ac       0x44 mri.o
 .rodata._ZL21mri_01_init_evt_hook2
                0x000044f0       0x10 mri.o
 .rodata._ZL19mri_01_init_evt_evt
                0x00004500       0x30 mri.o
 .rodata._ZL18puniinfo_talk_hook
                0x00004530       0x10 mri.o
 .rodata._ZL20mri_03_init_evt_hook
                0x00004540       0x14 mri.o
 .rodata._ZL22mri_03_init_evt_switch
                0x00004554       0x9c mri.o
 .rodata._ZL20mri_01_init_evt_hook
                0x000045f0       0x14 mri.o
 .rodata._ZL22mri_01_init_evt_switch
                0x00004604       0xb0 mri.o
 .rodata._ZL23mri_sister_init_01_hook
                0x000046b4       0x10 mri.o
 .rodata._ZL22mri_sister_init_01_evt
                0x000046c4       0xa8 mri.o
 .rodata._ZL16puni_2_init_hook
                0x0000476c       0x10 mri.o
 .rodata._ZL15puni_2_init_evt
                0x0000477c       0x78 mri.o
 .rodata._ZL16puni_1_talk_hook
                0x000047f4       0x10 mri.o
 .rodata._ZL15puni_1_talk_evt
                0x00004804       0xb0 mri.o
 .rodata._ZL16puni_1_init_hook
                0x000048b4       0x10 mri.o
 .rodata._ZL15puni_1_init_evt
                0x000048c4       0x78 mri.o
 .rodata._ZL15elder_talk_hook
                0x0000493c       0x10 mri.o
 .rodata._ZL14elder_talk_evt
                0x0000494c       0xb8 mri.o
 .rodata._ZL22mri_elder_init_01_hook
                0x00004a04       0x10 mri.o
 .rodata._ZL21mri_elder_init_01_evt
                0x00004a14       0xcc mri.o
 .rodata._ZL22mri_rival_init_01_hook
                0x00004ae0       0x10 mri.o
 .rodata._ZL21mri_rival_init_01_evt
                0x00004af0       0xa8 mri.o
 .rodata._ZL18guide_init_01_hook
                0x00004b98       0x10 mri.o
 .rodata._ZL17guide_init_01_evt
                0x00004ba8       0x8c mri.o
 .rodata._ZL15guide_talk_hook
                0x00004c34       0x10 mri.o
 .rodata._ZL14guide_talk_evt
                0x00004c44       0x98 mri.o
 .rodata._ZL18guide_init_00_hook
                0x00004cdc       0x10 mri.o
 .rodata._ZL17guide_init_00_evt
                0x00004cec      0x150 mri.o
 .rodata._ZL20muj_01_init_evt_hook
                0x00004e3c       0x14 muj.o
 .rodata._ZL19muj_01_init_evt_evt
                0x00004e50       0x50 muj.o
 .rodata._ZL21borosuifu_b_talk_hook
                0x00004ea0       0x10 muj.o
 .rodata.str1.4
                0x00004eb0      0x384 muj.o
 .rodata._ZL20borosuifu_b_talk_evt
                0x00005234       0xf8 muj.o
 .rodata._ZL21borosuifu_a_talk_hook
                0x0000532c       0x10 muj.o
 .rodata._ZL20borosuifu_a_talk_evt
                0x0000533c       0xf8 muj.o
 .rodata._ZL24suifu_d_talk_muj_01_hook
                0x00005434       0x10 muj.o
 .rodata._ZL23suifu_d_talk_muj_01_evt
                0x00005444       0xf8 muj.o
 .rodata._ZL20suifu_bomb_talk_hook
                0x0000553c       0x10 muj.o
 .rodata._ZL19suifu_bomb_talk_evt
                0x0000554c       0xf4 muj.o
 .rodata._ZL20suifu_bomb_init_hook
                0x00005640       0x10 muj.o
 .rodata._ZL19suifu_bomb_init_evt
                0x00005650       0x30 muj.o
 .rodata._ZL24suifu_a_talk_muj_01_hook
                0x00005680       0x10 muj.o
 .rodata._ZL23suifu_a_talk_muj_01_evt
                0x00005690       0xf4 muj.o
 .rodata._ZL24suifu_a_init_muj_01_hook
                0x00005784       0x10 muj.o
 .rodata._ZL23suifu_a_init_muj_01_evt
                0x00005794       0x30 muj.o
 .rodata._ZL23odoodo_init_muj_01_hook
                0x000057c4       0x10 muj.o
 .rodata._ZL22odoodo_init_muj_01_evt
                0x000057d4       0x30 muj.o
 .rodata._ZL23megane_init_muj_01_hook
                0x00005804       0x10 muj.o
 .rodata._ZL22megane_init_muj_01_evt
                0x00005814       0x30 muj.o
 .rodata._ZL22marco_init_muj_01_hook
                0x00005844       0x10 muj.o
 .rodata._ZL21marco_init_muj_01_evt
                0x00005854       0xcc muj.o
 .rodata._ZL25garawaru_talk_muj_01_hook
                0x00005920       0x10 muj.o
 .rodata._ZL24garawaru_talk_muj_01_evt
                0x00005930      0x4b4 muj.o
 .rodata._ZL25garawaru_init_muj_01_hook
                0x00005de4       0x10 muj.o
 .rodata._ZL24garawaru_init_muj_01_evt
                0x00005df4      0x11c muj.o
 .rodata._ZL20muj_00_init_evt_hook
                0x00005f10       0x44 muj.o
 .rodata._ZL21muj_00_init_evt_evt_2
                0x00005f54       0x70 muj.o
 .rodata._ZL19muj_00_init_evt_evt
                0x00005fc4       0x40 muj.o
 .rodata._ZL22peton_talk_muj_00_hook
                0x00006004       0x10 muj.o
 .rodata._ZL21peton_talk_muj_00_evt
                0x00006014       0x8c muj.o
 .rodata._ZL21mony_talk_muj_00_hook
                0x000060a0       0x10 muj.o
 .rodata._ZL20mony_talk_muj_00_evt
                0x000060b0       0x8c muj.o
 .rodata._ZL17nokorin_talk_hook
                0x0000613c       0x10 nok.o
 .rodata.str1.4
                0x0000614c      0x4ee nok.o
 *fill*         0x0000663a        0x2 
 .rodata._ZL16nokorin_talk_evt
                0x0000663c      0x2f4 nok.o
 .rodata._ZL19boss_noko_talk_hook
                0x00006930       0x10 nok.o
 .rodata._ZL18boss_noko_talk_evt
                0x00006940      0x164 nok.o
 .rodata._ZL20nokonoko_K_talk_hook
                0x00006aa4       0x10 nok.o
 .rodata._ZL19nokonoko_K_talk_evt
                0x00006ab4       0xd4 nok.o
 .rodata._ZL18nokopapa_talk_hook
                0x00006b88       0x10 nok.o
 .rodata._ZL17nokopapa_talk_evt
                0x00006b98      0x128 nok.o
 .rodata._ZL16monban_talk_hook
                0x00006cc0       0x10 nok.o
 .rodata._ZL15monban_talk_evt
                0x00006cd0      0x11c nok.o
 .rodata._ZL20nokonoko_I_talk_hook
                0x00006dec       0x10 nok.o
 .rodata._ZL19nokonoko_I_talk_evt
                0x00006dfc       0xd4 nok.o
 .rodata._ZL20nokonoko_H_talk_hook
                0x00006ed0       0x10 nok.o
 .rodata._ZL19nokonoko_H_talk_evt
                0x00006ee0       0xfc nok.o
 .rodata._ZL20nokonoko_G_talk_hook
                0x00006fdc       0x10 nok.o
 .rodata._ZL19nokonoko_G_talk_evt
                0x00006fec       0xd4 nok.o
 .rodata._ZL15talk_white_hook
                0x000070c0       0x10 nok.o
 .rodata._ZL14talk_white_evt
                0x000070d0       0xa4 nok.o
 .rodata._ZL15init_white_hook
                0x00007174       0x10 nok.o
 .rodata._ZL14init_white_evt
                0x00007184       0x44 nok.o
 .rodata._ZL20nokonoko_F_talk_hook
                0x000071c8       0x10 nok.o
 .rodata._ZL19nokonoko_F_talk_evt
                0x000071d8       0xd4 nok.o
 .rodata._ZL20nokonoko_D_talk_hook
                0x000072ac       0x10 nok.o
 .rodata._ZL19nokonoko_D_talk_evt
                0x000072bc       0xfc nok.o
 .rodata._ZL20nokonoko_C_talk_hook
                0x000073b8       0x10 nok.o
 .rodata._ZL19nokonoko_C_talk_evt
                0x000073c8       0xd4 nok.o
 .rodata._ZL20nokonoko_B_talk_hook
                0x0000749c       0x10 nok.o
 .rodata._ZL19nokonoko_B_talk_evt
                0x000074ac       0xd4 nok.o
 .rodata._ZL20nokonoko_A_talk_hook
                0x00007580       0x10 nok.o
 .rodata._ZL19nokonoko_A_talk_evt
                0x00007590      0x10c nok.o
 .rodata._ZL14evt_daiza_hook
                0x0000769c       0x1c pik.o
 .rodata.str1.4
                0x000076b8      0x142 pik.o
 *fill*         0x000077fa        0x2 
 .rodata._ZL13evt_daiza_evt
                0x000077fc       0x5c pik.o
 .rodata._ZL18pik_evt_powan_hook
                0x00007858       0x28 pik.o
 .rodata._ZL17pik_evt_powan_evt
                0x00007880       0x94 pik.o
 .rodata._ZL16takun6_talk_hook
                0x00007914       0x10 pik.o
 .rodata._ZL15takun6_talk_evt
                0x00007924       0x78 pik.o
 .rodata._ZL16takun5_talk_hook
                0x0000799c       0x10 pik.o
 .rodata._ZL15takun5_talk_evt
                0x000079ac       0x78 pik.o
 .rodata._ZL16takun4_talk_hook
                0x00007a24       0x10 pik.o
 .rodata._ZL15takun4_talk_evt
                0x00007a34       0xb4 pik.o
 .rodata._ZL18miyageya_talk_hook
                0x00007ae8       0x28 pik.o
 .rodata._ZL17miyageya_talk_evt
                0x00007b10      0x114 pik.o
 .rodata._ZL28talk_madam_ring_return_hook2
                0x00007c24       0x10 rsh.o
 .rodata._ZL28talk_madam_ring_return_hook1
                0x00007c34       0x10 rsh.o
 .rodata._ZL26talk_madam_ring_return_evt
                0x00007c44       0x78 rsh.o
 .rodata._ZL16init_konari_hook
                0x00007cbc       0x10 rsh.o
 .rodata._ZL14init_papa_hook
                0x00007ccc       0x10 rsh.o
 .rodata.str1.4
                0x00007cdc      0x1d5 rsh.o
 *fill*         0x00007eb1        0x3 
 .rodata._ZL15init_konari_evt
                0x00007eb4       0x9c rsh.o
 .rodata._ZL15init_powan_hook
                0x00007f50       0x10 rsh.o
 .rodata._ZL14init_powan_evt
                0x00007f60       0xec rsh.o
 .rodata._ZL19talk_waitless_hook2
                0x0000804c       0x10 rsh.o
 .rodata._ZL19talk_waitless_hook1
                0x0000805c       0x10 rsh.o
 .rodata._ZL17talk_waitless_evt
                0x0000806c       0x78 rsh.o
 .rodata._ZL21rsh_01_init_evt_hook2
                0x000080e4       0x10 rsh.o
 .rodata._ZL19rsh_01_init_evt_evt
                0x000080f4       0x8c rsh.o
 .rodata._ZL20rsh_00_init_evt_hook
                0x00008180       0x10 rsh.o
 .rodata._ZL19rsh_00_init_evt_evt
                0x00008190       0xb8 rsh.o
 .rodata._ZL20rsh_04_init_evt_hook
                0x00008248       0x10 rsh.o
 .rodata._ZL20rsh_03_init_evt_hook
                0x00008258       0x10 rsh.o
 .rodata._ZL20rsh_02_init_evt_hook
                0x00008268       0x10 rsh.o
 .rodata._ZL21rsh_01_init_evt_hook1
                0x00008278       0x10 rsh.o
 .rodata._ZL19rsh_04_init_evt_evt
                0x00008288       0xa4 rsh.o
 .rodata._ZL26rsh_03_init_evt_music_hook
                0x0000832c       0x10 rsh.o
 .rodata._ZL21rsh_03_init_evt_music
                0x0000833c      0x1f8 rsh.o
 .rodata._ZL26rsh_02_init_evt_music_hook
                0x00008534       0x10 rsh.o
 .rodata._ZL21rsh_02_init_evt_music
                0x00008544      0x270 rsh.o
 .rodata._ZL26rsh_01_init_evt_music_hook
                0x000087b4       0x10 rsh.o
 .rodata._ZL21rsh_01_init_evt_music
                0x000087c4      0x1f8 rsh.o
 .rodata._ZL26rsh_00_init_evt_music_hook
                0x000089bc       0x10 rsh.o
 .rodata._ZL21rsh_00_init_evt_music
                0x000089cc      0x1f8 rsh.o
 .rodata._ZL26rsh_04_init_evt_music_hook
                0x00008bc4       0x10 rsh.o
 .rodata._ZL21rsh_04_init_evt_music
                0x00008bd4      0x1f8 rsh.o
 .rodata._ZL20rsh_06_init_evt_hook
                0x00008dcc       0x10 rsh.o
 .rodata._ZL19rsh_06_init_evt_evt
                0x00008ddc      0x178 rsh.o
 .rodata._ZL21tik_05_init_evt_hook2
                0x00008f54       0x14 tik.o
 .rodata.str1.4
                0x00008f68      0x227 tik.o
 *fill*         0x0000918f        0x1 
 .rodata._ZL20tik_05_init_evt_evt2
                0x00009190       0xd4 tik.o
 .rodata._ZL24tik_kurihakase_init_hook
                0x00009264       0x10 tik.o
 .rodata._ZL23tik_kurihakase_init_evt
                0x00009274       0x7c tik.o
 .rodata._ZL18master_2_talk_hook
                0x000092f0       0x10 tik.o
 .rodata._ZL17master_2_talk_evt
                0x00009300      0x180 tik.o
 .rodata._ZL17borodo4_talk_hook
                0x00009480       0x10 tik.o
 .rodata._ZL16borodo4_talk_evt
                0x00009490      0x180 tik.o
 .rodata._ZL17borodo3_talk_hook
                0x00009610       0x10 tik.o
 .rodata._ZL16borodo3_talk_evt
                0x00009620      0x180 tik.o
 .rodata._ZL17chusan4_talk_hook
                0x000097a0       0x10 tik.o
 .rodata._ZL16chusan4_talk_evt
                0x000097b0      0x180 tik.o
 .rodata._ZL17kuribo5_talk_hook
                0x00009930       0x10 tik.o
 .rodata._ZL16kuribo5_talk_evt
                0x00009940      0x180 tik.o
 .rodata._ZL20tou_04_init_evt_hook
                0x00009ac0       0x10 tou.o
 .rodata._ZL19tou_04_init_evt_evt
                0x00009ad0       0x78 tou.o
 .rodata._ZL14yoshi_gswf_evt
                0x00009b48       0x14 tou.o
 .rodata._ZL15jolene_egg_hook
                0x00009b5c       0x10 tou.o
 .rodata.str1.4
                0x00009b6c       0x5c tou.o
 .rodata._ZL14jolene_egg_evt
                0x00009bc8      0x220 tou.o
 .rodata._ZL16talk_sakaba_hook
                0x00009de8       0x10 tou.o
 .rodata._ZL15talk_sakaba_evt
                0x00009df8       0x84 tou.o
 .rodata._ZL6jolene
                0x00009e7c        0xb tou.o
 *fill*         0x00009e87        0x1 
 .rodata._ZL23village_chief_init_hook
                0x00009e88        0xc usu.o
 .rodata._ZL22village_chief_init_evt
                0x00009e94       0x58 usu.o
 .rodata._ZL27village_chief_pig_init_hook
                0x00009eec        0xc usu.o
 .rodata._ZL26village_chief_pig_init_evt
                0x00009ef8       0x70 usu.o
 .rodata._ZL23village_chief_talk_hook
                0x00009f68        0xc usu.o
 .rodata.str1.4
                0x00009f74      0x4b4 usu.o
 .rodata._ZL22village_chief_talk_evt
                0x0000a428      0x1c8 usu.o
 .rodata._ZL20gatekeeper_init_hook
                0x0000a5f0        0xc usu.o
 .rodata._ZL19gatekeeper_init_evt
                0x0000a5fc       0x9c usu.o
 .rodata._ZL24gatekeeper_pig_init_hook
                0x0000a698        0xc usu.o
 .rodata._ZL23gatekeeper_pig_init_evt
                0x0000a6a4       0x88 usu.o
 .rodata._ZL20gatekeeper_talk_hook
                0x0000a72c        0xc usu.o
 .rodata._ZL19gatekeeper_talk_evt
                0x0000a738      0x114 usu.o
 .rodata._ZL20usu_00_init_evt_hook
                0x0000a84c       0x10 usu.o
 .rodata._ZL19usu_00_init_evt_evt
                0x0000a85c       0x5c usu.o
 .rodata._ZL20shop_woman_talk_hook
                0x0000a8b8       0x10 usu.o
 .rodata._ZL19shop_woman_talk_evt
                0x0000a8c8       0x78 usu.o
 .rodata._ZL18shop_man_talk_hook
                0x0000a940       0x10 usu.o
 .rodata._ZL17shop_man_talk_evt
                0x0000a950       0x78 usu.o
 .rodata._ZL19villagerJ_talk_hook
                0x0000a9c8       0x10 usu.o
 .rodata._ZL18villagerJ_talk_evt
                0x0000a9d8      0x104 usu.o
 .rodata._ZL19villagerI_talk_hook
                0x0000aadc       0x10 usu.o
 .rodata._ZL18villagerI_talk_evt
                0x0000aaec      0x104 usu.o
 .rodata._ZL19villagerH_talk_hook
                0x0000abf0       0x10 usu.o
 .rodata._ZL18villagerH_talk_evt
                0x0000ac00       0xd0 usu.o
 .rodata._ZL19villagerG_talk_hook
                0x0000acd0       0x10 usu.o
 .rodata._ZL18villagerG_talk_evt
                0x0000ace0       0xf0 usu.o
 .rodata._ZL19villagerF_talk_hook
                0x0000add0       0x10 usu.o
 .rodata._ZL18villagerF_talk_evt
                0x0000ade0       0xf0 usu.o
 .rodata._ZL19villagerK_talk_hook
                0x0000aed0       0x10 usu.o
 .rodata._ZL18villagerK_talk_evt
                0x0000aee0      0x130 usu.o
 .rodata._ZL19villagerE_talk_hook
                0x0000b010       0x10 usu.o
 .rodata._ZL18villagerE_talk_evt
                0x0000b020      0x130 usu.o
 .rodata._ZL19villagerD_talk_hook
                0x0000b150       0x10 usu.o
 .rodata._ZL18villagerD_talk_evt
                0x0000b160      0x194 usu.o
 .rodata._ZL19villagerC_talk_hook
                0x0000b2f4       0x10 usu.o
 .rodata._ZL18villagerC_talk_evt
                0x0000b304       0xfc usu.o
 .rodata._ZL19villagerB_talk_hook
                0x0000b400       0x10 usu.o
 .rodata._ZL18villagerB_talk_evt
                0x0000b410       0xfc usu.o
 .rodata._ZL19villagerA_talk_hook
                0x0000b50c       0x10 usu.o
 .rodata._ZL18villagerA_talk_evt
                0x0000b51c      0x130 usu.o
 .rodata._ZL19villagerA_init_hook
                0x0000b64c       0x10 usu.o
 .rodata._ZL18villagerA_init_evt
                0x0000b65c       0x6c usu.o
 .rodata._ZL5mayor
                0x0000b6c8        0x5 usu.o
 *fill*         0x0000b6cd        0x3 
 .rodata._ZL9mayor_pig
                0x0000b6d0        0x9 usu.o
 *fill*         0x0000b6d9        0x3 
 .rodata._ZL8doopliss
                0x0000b6dc        0xb usu.o
 *fill*         0x0000b6e7        0x1 
 .rodata._ZL10gatekeeper
                0x0000b6e8        0x5 usu.o
 *fill*         0x0000b6ed        0x3 
 .rodata._ZL14gatekeeper_pig
                0x0000b6f0        0x9 usu.o
 *fill*         0x0000b6f9        0x3 
 .rodata._ZL12usuVillagerA
                0x0000b6fc        0x7 usu.o
 *fill*         0x0000b703        0x1 
 .rodata._ZL20win_00_init_evt_hook
                0x0000b704       0x10 win.o
 .rodata._ZL19win_00_init_evt_evt
                0x0000b714       0x30 win.o
 .rodata.str1.4
                0x0000b744       0x14 win.o
 .rodata._ZL16majorin_init_evt
                0x0000b758       0x30 win.o
 .rodata._ZL16maririn_init_evt
                0x0000b788       0x30 win.o
 .rodata._ZL20win_vivian_init_hook
                0x0000b7b8       0x10 win.o
 .rodata._ZL19win_vivian_init_evt
                0x0000b7c8       0x80 win.o
 *(.gnu.linkonce.r.*)

.rodata1
 *(.rodata1)

.sdata2         0x0000b848        0x0
                [!provide]                        PROVIDE (_SDA2_BASE_ = .)
 *(.sdata2)
 *(.sdata2.*)
 *(.gnu.linkonce.s2.*)

.sbss2
 *(.sbss2)
 *(.sbss2.*)
 *(.gnu.linkonce.sb2.*)
                0x0000b848                        . = ALIGN (0x4)
                [!provide]                        PROVIDE (__preinit_array_start = .)

.preinit_array
 *(.preinit_array)
                [!provide]                        PROVIDE (__preinit_array_end = .)
                [!provide]                        PROVIDE (__init_array_start = .)

.init_array
 *(.init_array)
                [!provide]                        PROVIDE (__init_array_end = .)
                [!provide]                        PROVIDE (__fini_array_start = .)

.fini_array
 *(.fini_array)
                [!provide]                        PROVIDE (__fini_array_end = .)

.data           0x0000b848      0x2d8
 *(.data)
 *(.data.*)
 .data.GSWF_ARR_SIZE
                0x0000b848        0x2 OWR.o
                0x0000b848                GSWF_ARR_SIZE
 *fill*         0x0000b84a        0x2 
 .data.GSWF_ARR
                0x0000b84c       0x14 OWR.o
                0x0000b84c                GSWF_ARR
 .data._ZN3mod6common12kItemDataArrE
                0x0000b860        0x4 common.o
                0x0000b860                _ZN3mod6common12kItemDataArrE
 .data._ZL16gor_00_init_evt2
                0x0000b864      0x2bc gor_00.o
 *(.gnu.linkonce.d.*)
                0x0000bb20                        . = ALIGN (0x20)

.data1
 *(.data1)

.tdata
 *(.tdata .tdata.* .gnu.linkonce.td.*)

.tbss
 *(.tbss .tbss.* .gnu.linkonce.tb.*)
 *(.tcommon)

.eh_frame       0x0000bb20     0x15b0
 *(.eh_frame)
 .eh_frame      0x0000bb20      0x184 OWR.o
                                0x20c (size before relaxing)
 .eh_frame      0x0000bca4       0x28 StateManager.o
                                 0x3c (size before relaxing)
 .eh_frame      0x0000bccc        0x0 common.o
                                 0xc8 (size before relaxing)
 .eh_frame      0x0000bccc       0x70 con_mario.o
 .eh_frame      0x0000bd3c       0xa4 con_perf.o
 .eh_frame      0x0000bde0       0xac con_seq.o
 .eh_frame      0x0000be8c      0x46c console.o
                                0x4bc (size before relaxing)
 .eh_frame      0x0000c2f8       0x3c cxx.o
                                 0x64 (size before relaxing)
 .eh_frame      0x0000c334       0x84 keyboard.o
                                0x110 (size before relaxing)
 .eh_frame      0x0000c3b8       0xe0 mod.o
                                0x11c (size before relaxing)
 .eh_frame      0x0000c498       0xec patch.o
                                0x1cc (size before relaxing)
 .eh_frame      0x0000c584       0x90 rel.o
 .eh_frame      0x0000c614       0xbc ug.o
 .eh_frame      0x0000c6d0       0x3c util.o
 .eh_frame      0x0000c70c       0x28 aaa.o
 .eh_frame      0x0000c734       0x78 aji.o
 .eh_frame      0x0000c7ac       0x40 bom.o
 .eh_frame      0x0000c7ec       0x40 dou.o
 .eh_frame      0x0000c82c       0x40 eki.o
 .eh_frame      0x0000c86c       0x28 end.o
 .eh_frame      0x0000c894       0x3c gon.o
 .eh_frame      0x0000c8d0       0x7c gor_00.o
 .eh_frame      0x0000c94c       0x50 gor_01.o
 .eh_frame      0x0000c99c       0x60 gor_02.o
 .eh_frame      0x0000c9fc       0x64 gor_03.o
 .eh_frame      0x0000ca60       0x38 gor_04.o
 .eh_frame      0x0000ca98       0x34 gor_misc.o
 .eh_frame      0x0000cacc       0x48 gra.o
 .eh_frame      0x0000cb14       0x3c hei.o
 .eh_frame      0x0000cb50       0x38 hom.o
 .eh_frame      0x0000cb88       0x40 jin.o
 .eh_frame      0x0000cbc8       0x30 kpa.o
 .eh_frame      0x0000cbf8        0x0 las.o
                                 0x40 (size before relaxing)
 .eh_frame      0x0000cbf8       0x6c main.o
 .eh_frame      0x0000cc64        0x0 moo.o
                                 0x30 (size before relaxing)
 .eh_frame      0x0000cc64       0x74 mri.o
 .eh_frame      0x0000ccd8       0x74 muj.o
 .eh_frame      0x0000cd4c       0x54 nok.o
 .eh_frame      0x0000cda0       0x60 pik.o
 .eh_frame      0x0000ce00       0x70 rsh.o
 .eh_frame      0x0000ce70       0xa0 tik.o
                                 0xdc (size before relaxing)
 .eh_frame      0x0000cf10       0x70 tou.o
 .eh_frame      0x0000cf80       0x40 tou2.o
 .eh_frame      0x0000cfc0       0x74 usu.o
 .eh_frame      0x0000d034       0x60 win.o
 .eh_frame      0x0000d094       0x3c C:/devkitPro/devkitPPC/bin/../lib/gcc/powerpc-eabi/13.1.0\libgcc.a(_divdi3.o)

.gcc_except_table
 *(.gcc_except_table)

.fixup
 *(.fixup)

.got1
 *(.got1)

.got2
 *(.got2)

.dynamic
 *(.dynamic)

.ctors          0x0000d0d0       0x30
 *crtbegin.o(.ctors)
 *(EXCLUDE_FILE(*crtend.o) .ctors)
 .ctors         0x0000d0d0        0x4 OWR.o
 .ctors         0x0000d0d4        0x4 con_mario.o
 .ctors         0x0000d0d8        0x4 con_perf.o
 .ctors         0x0000d0dc        0x4 con_seq.o
 .ctors         0x0000d0e0        0x4 console.o
 .ctors         0x0000d0e4        0x4 gor_00.o
 *(SORT_BY_NAME(.ctors.*))
 *(.ctors)
                0x0000d100                        . = ALIGN (0x20)
 *fill*         0x0000d0e8       0x18 

.dtors          0x0000d100        0x0
 *crtbegin.o(.dtors)
 *(EXCLUDE_FILE(*crtend.o) .dtors)
 *(SORT_BY_NAME(.dtors.*))
 *(.dtors)
                0x0000d100                        . = ALIGN (0x20)

.jcr
 *(.jcr)

.got
 *(.got.plt)
 *(.got)

.sdata          0x0000d100        0x0
                [!provide]                        PROVIDE (_SDA_BASE_ = .)
 *(.sdata)
 *(.sdata.*)
 *(.gnu.linkonce.s.*)
                0x0000d100                        . = ALIGN (0x20)
                0x0000d100                        _edata = .
                [!provide]                        PROVIDE (edata = .)

.sbss           0x0000d100        0x0
                0x0000d100                        __sbss_start = .
                [!provide]                        PROVIDE (__sbss_start = .)
                [!provide]                        PROVIDE (___sbss_start = .)
 *(.dynsbss)
 *(.sbss)
 *(.sbss.*)
 *(.gnu.linkonce.sb.*)
 *(.scommon)
                [!provide]                        PROVIDE (__sbss_end = .)
                [!provide]                        PROVIDE (___sbss_end = .)
                0x0000d100                        . = ALIGN (0x20)
                0x0000d100                        __sbss_end = .

.bss            0x0000d100      0x160
                0x0000d100                        __bss_start = .
                [!provide]                        PROVIDE (__bss_start = .)
 *(.dynbss)
 *(.bss)
 *(.bss.*)
 .bss._ZN3mod3owr22g_msgSearch_trampolineE
                0x0000d100        0x4 OWR.o
                0x0000d100                _ZN3mod3owr22g_msgSearch_trampolineE
 .bss._ZN3mod3owr25g_stg0_00_init_trampolineE
                0x0000d104        0x4 OWR.o
                0x0000d104                _ZN3mod3owr25g_stg0_00_init_trampolineE
 .bss._ZN3mod3owr19g_OSLink_trampolineE
                0x0000d108        0x4 OWR.o
                0x0000d108                _ZN3mod3owr19g_OSLink_trampolineE
 .bss._ZN3mod3owr5gSelfE
                0x0000d10c        0x4 OWR.o
                0x0000d10c                _ZN3mod3owr5gSelfE
 .bss._ZN3mod3owr7item_dbE
                0x0000d110        0x4 OWR.o
                0x0000d110                _ZN3mod3owr7item_dbE
 .bss.gState    0x0000d114        0x4 StateManager.o
                0x0000d114                gState
 .bss._ZN3modL12mod_if_obj22E
                0x0000d118        0x8 con_mario.o
 .bss._ZN3mod14mario_show_posE
                0x0000d120       0x10 con_mario.o
                0x0000d120                _ZN3mod14mario_show_posE
 .bss._ZN3mod13mario_set_posE
                0x0000d130        0xc con_mario.o
                0x0000d130                _ZN3mod13mario_set_posE
 .bss._ZN3modL12mod_if_obj46E
                0x0000d13c        0x8 con_perf.o
 .bss._ZN3mod14mem_debug_heapE
                0x0000d144       0x10 con_perf.o
                0x0000d144                _ZN3mod14mem_debug_heapE
 .bss._ZN3modL12mod_if_obj29E
                0x0000d154        0x8 con_perf.o
 .bss._ZN3mod9perf_showE
                0x0000d15c       0x10 con_perf.o
                0x0000d15c                _ZN3mod9perf_showE
 .bss._ZN3mod15perf_fake_spikeE
                0x0000d16c        0xc con_perf.o
                0x0000d16c                _ZN3mod15perf_fake_spikeE
 .bss._ZN3mod14seq_change_mapE
                0x0000d178        0xc con_seq.o
                0x0000d178                _ZN3mod14seq_change_mapE
 .bss._ZN3modL12mod_if_obj16E
                0x0000d184        0x8 con_seq.o
 .bss._ZN3mod24gTrampoline_seq_logoMainE
                0x0000d18c        0x4 con_seq.o
                0x0000d18c                _ZN3mod24gTrampoline_seq_logoMainE
 .bss._ZN3mod13seq_logo_skipE
                0x0000d190       0x10 con_seq.o
                0x0000d190                _ZN3mod13seq_logo_skipE
 .bss._ZN3mod4findE
                0x0000d1a0        0xc console.o
                0x0000d1a0                _ZN3mod4findE
 .bss._ZN3mod11con_ug_chanE
                0x0000d1ac       0x10 console.o
                0x0000d1ac                _ZN3mod11con_ug_chanE
 .bss._ZN3mod11con_ug_modeE
                0x0000d1bc       0x10 console.o
                0x0000d1bc                _ZN3mod11con_ug_modeE
 .bss._ZN3mod21con_log_fade_durationE
                0x0000d1cc       0x10 console.o
                0x0000d1cc                _ZN3mod21con_log_fade_durationE
 .bss._ZN3mod18con_log_fade_startE
                0x0000d1dc       0x10 console.o
                0x0000d1dc                _ZN3mod18con_log_fade_startE
 .bss._ZN3mod12con_log_fadeE
                0x0000d1ec       0x10 console.o
                0x0000d1ec                _ZN3mod12con_log_fadeE
 .bss._ZN3mod13con_log_levelE
                0x0000d1fc       0x10 console.o
                0x0000d1fc                _ZN3mod13con_log_levelE
 .bss._ZN3mod11con_rainbowE
                0x0000d20c       0x10 console.o
                0x0000d20c                _ZN3mod11con_rainbowE
 .bss._ZN3mod8con_monoE
                0x0000d21c       0x10 console.o
                0x0000d21c                _ZN3mod8con_monoE
 .bss._ZN3mod8con_showE
                0x0000d22c       0x10 console.o
                0x0000d22c                _ZN3mod8con_showE
 .bss._ZN3mod8gConsoleE
                0x0000d23c        0x4 console.o
                0x0000d23c                _ZN3mod8gConsoleE
 .bss._ZN3mod9ConIntVar6sFirstE
                0x0000d240        0x4 console.o
                0x0000d240                _ZN3mod9ConIntVar6sFirstE
 .bss._ZN3mod10ConCommand6sFirstE
                0x0000d244        0x4 console.o
                0x0000d244                _ZN3mod10ConCommand6sFirstE
 .bss._ZN3mod4gModE
                0x0000d248        0x4 mod.o
                0x0000d248                _ZN3mod4gModE
 .bss._ZN17ModUpdateFunction6sFirstE
                0x0000d24c        0x4 mod.o
                0x0000d24c                _ZN17ModUpdateFunction6sFirstE
 .bss._ZN15ModInitFunction6sFirstE
                0x0000d250        0x4 mod.o
                0x0000d250                _ZN15ModInitFunction6sFirstE
 *(.gnu.linkonce.b.*)
 *(COMMON)
                0x0000d260                        . = ALIGN (0x20)
 *fill*         0x0000d254        0xc 
                [!provide]                        PROVIDE (__bss_end = .)
                0x0000d260                        __bss_end = .
                0x0000d260                        _end = .
                [!provide]                        PROVIDE (end = .)

.bss._ZZNK3mod14seq_change_mapMUlPKcE_clES2_E8beroName
                0x00000000       0x20
 .bss._ZZNK3mod14seq_change_mapMUlPKcE_clES2_E8beroName
                0x00000000       0x20 con_seq.o
                0x00000000                _ZZNK3mod14seq_change_mapMUlPKcE_clES1_E8beroName
                0x00000000                _ZZNK3mod14seq_change_mapMUlPKcE_clES2_E8beroName

.bss._ZZNK3mod14seq_change_mapMUlPKcE_clES2_E7mapName
                0x00000000       0x20
 .bss._ZZNK3mod14seq_change_mapMUlPKcE_clES2_E7mapName
                0x00000000       0x20 con_seq.o
                0x00000000                _ZZNK3mod14seq_change_mapMUlPKcE_clES2_E7mapName
                0x00000000                _ZZNK3mod14seq_change_mapMUlPKcE_clES1_E7mapName

.stab
 *(.stab)

.stabstr
 *(.stabstr)

.stab.excl
 *(.stab.excl)

.stab.exclstr
 *(.stab.exclstr)

.stab.index
 *(.stab.index)

.stab.indexstr
 *(.stab.indexstr)

.comment        0x00000000      0x678
 *(.comment)
 .comment       0x00000000       0x24 OWR.o
 .comment       0x00000024       0x24 StateManager.o
 .comment       0x00000048       0x24 common.o
 .comment       0x0000006c       0x24 con_mario.o
 .comment       0x00000090       0x24 con_perf.o
 .comment       0x000000b4       0x24 con_seq.o
 .comment       0x000000d8       0x24 console.o
 .comment       0x000000fc       0x24 cxx.o
 .comment       0x00000120       0x24 keyboard.o
 .comment       0x00000144       0x24 mod.o
 .comment       0x00000168       0x24 patch.o
 .comment       0x0000018c       0x24 rel.o
 .comment       0x000001b0       0x24 ug.o
 .comment       0x000001d4       0x24 util.o
 .comment       0x000001f8       0x24 aaa.o
 .comment       0x0000021c       0x24 aji.o
 .comment       0x00000240       0x24 bom.o
 .comment       0x00000264       0x24 dou.o
 .comment       0x00000288       0x24 eki.o
 .comment       0x000002ac       0x24 end.o
 .comment       0x000002d0       0x24 gon.o
 .comment       0x000002f4       0x24 gor_00.o
 .comment       0x00000318       0x24 gor_01.o
 .comment       0x0000033c       0x24 gor_02.o
 .comment       0x00000360       0x24 gor_03.o
 .comment       0x00000384       0x24 gor_04.o
 .comment       0x000003a8       0x24 gor_misc.o
 .comment       0x000003cc       0x24 gra.o
 .comment       0x000003f0       0x24 hei.o
 .comment       0x00000414       0x24 hom.o
 .comment       0x00000438       0x24 jin.o
 .comment       0x0000045c       0x24 kpa.o
 .comment       0x00000480       0x24 las.o
 .comment       0x000004a4       0x24 main.o
 .comment       0x000004c8       0x24 moo.o
 .comment       0x000004ec       0x24 mri.o
 .comment       0x00000510       0x24 muj.o
 .comment       0x00000534       0x24 nok.o
 .comment       0x00000558       0x24 pik.o
 .comment       0x0000057c       0x24 rsh.o
 .comment       0x000005a0       0x24 tik.o
 .comment       0x000005c4       0x24 tou.o
 .comment       0x000005e8       0x24 tou2.o
 .comment       0x0000060c       0x24 usu.o
 .comment       0x00000630       0x24 win.o
 .comment       0x00000654       0x24 C:/devkitPro/devkitPPC/bin/../lib/gcc/powerpc-eabi/13.1.0\libgcc.a(_divdi3.o)

.gnu.attributes
                0x00000000       0x10
 .gnu.attributes
                0x00000000       0x10 OWR.o
 .gnu.attributes
                0x00000010       0x10 common.o
 .gnu.attributes
                0x00000020       0x10 con_mario.o
 .gnu.attributes
                0x00000030       0x10 con_perf.o
 .gnu.attributes
                0x00000040       0x10 console.o
 .gnu.attributes
                0x00000050       0x10 mod.o

.group          0x00000000        0xc
 .group         0x00000000        0xc con_mario.o

.group          0x00000000        0xc
 .group         0x00000000        0xc con_perf.o

.group          0x00000000        0xc
 .group         0x00000000        0xc con_seq.o

.group          0x00000000        0x8
 .group         0x00000000        0x8 con_seq.o

.group          0x00000000        0x8
 .group         0x00000000        0x8 con_seq.o

.group          0x00000000        0xc
 .group         0x00000000        0xc console.o

.debug
 *(.debug)

.line
 *(.line)

.debug_srcinfo
 *(.debug_srcinfo)

.debug_sfnames
 *(.debug_sfnames)

.debug_aranges  0x00000000      0x828
 *(.debug_aranges)
 .debug_aranges
                0x00000000       0x88 OWR.o
 .debug_aranges
                0x00000088       0x28 StateManager.o
 .debug_aranges
                0x000000b0       0x60 common.o
 .debug_aranges
                0x00000110       0x30 con_mario.o
 .debug_aranges
                0x00000140       0x38 con_perf.o
 .debug_aranges
                0x00000178       0x38 con_seq.o
 .debug_aranges
                0x000001b0       0xb0 console.o
 .debug_aranges
                0x00000260       0x38 cxx.o
 .debug_aranges
                0x00000298       0x40 keyboard.o
 .debug_aranges
                0x000002d8       0x58 mod.o
 .debug_aranges
                0x00000330       0x78 patch.o
 .debug_aranges
                0x000003a8       0x30 rel.o
 .debug_aranges
                0x000003d8       0x30 ug.o
 .debug_aranges
                0x00000408       0x20 util.o
 .debug_aranges
                0x00000428       0x20 aaa.o
 .debug_aranges
                0x00000448       0x20 aji.o
 .debug_aranges
                0x00000468       0x20 bom.o
 .debug_aranges
                0x00000488       0x20 dou.o
 .debug_aranges
                0x000004a8       0x20 eki.o
 .debug_aranges
                0x000004c8       0x20 end.o
 .debug_aranges
                0x000004e8       0x20 gon.o
 .debug_aranges
                0x00000508       0x28 gor_00.o
 .debug_aranges
                0x00000530       0x20 gor_01.o
 .debug_aranges
                0x00000550       0x20 gor_02.o
 .debug_aranges
                0x00000570       0x20 gor_03.o
 .debug_aranges
                0x00000590       0x20 gor_04.o
 .debug_aranges
                0x000005b0       0x20 gor_misc.o
 .debug_aranges
                0x000005d0       0x20 gra.o
 .debug_aranges
                0x000005f0       0x20 hei.o
 .debug_aranges
                0x00000610       0x20 hom.o
 .debug_aranges
                0x00000630       0x20 jin.o
 .debug_aranges
                0x00000650       0x20 kpa.o
 .debug_aranges
                0x00000670       0x20 las.o
 .debug_aranges
                0x00000690       0x28 main.o
 .debug_aranges
                0x000006b8       0x20 moo.o
 .debug_aranges
                0x000006d8       0x20 mri.o
 .debug_aranges
                0x000006f8       0x20 muj.o
 .debug_aranges
                0x00000718       0x20 nok.o
 .debug_aranges
                0x00000738       0x20 pik.o
 .debug_aranges
                0x00000758       0x20 rsh.o
 .debug_aranges
                0x00000778       0x30 tik.o
 .debug_aranges
                0x000007a8       0x20 tou.o
 .debug_aranges
                0x000007c8       0x20 tou2.o
 .debug_aranges
                0x000007e8       0x20 usu.o
 .debug_aranges
                0x00000808       0x20 win.o

.debug_pubnames
 *(.debug_pubnames)

.debug_info     0x00000000    0x43793
 *(.debug_info)
 .debug_info    0x00000000     0x3ce2 OWR.o
 .debug_info    0x00003ce2      0x3e4 StateManager.o
 .debug_info    0x000040c6      0xf16 common.o
 .debug_info    0x00004fdc     0x2574 con_mario.o
 .debug_info    0x00007550     0x2289 con_perf.o
 .debug_info    0x000097d9     0x21f6 con_seq.o
 .debug_info    0x0000b9cf     0x4086 console.o
 .debug_info    0x0000fa55      0x394 cxx.o
 .debug_info    0x0000fde9      0xfaf keyboard.o
 .debug_info    0x00010d98     0x3329 mod.o
 .debug_info    0x000140c1     0x15c5 patch.o
 .debug_info    0x00015686       0xf3 rel.o
 .debug_info    0x00015779      0x8d5 ug.o
 .debug_info    0x0001604e      0x693 util.o
 .debug_info    0x000166e1     0x1144 aaa.o
 .debug_info    0x00017825     0x1cd3 aji.o
 .debug_info    0x000194f8     0x1252 bom.o
 .debug_info    0x0001a74a     0x1248 dou.o
 .debug_info    0x0001b992     0x1812 eki.o
 .debug_info    0x0001d1a4     0x1134 end.o
 .debug_info    0x0001e2d8     0x125c gon.o
 .debug_info    0x0001f534     0x20f2 gor_00.o
 .debug_info    0x00021626     0x1921 gor_01.o
 .debug_info    0x00022f47     0x1bba gor_02.o
 .debug_info    0x00024b01     0x184b gor_03.o
 .debug_info    0x0002634c     0x118a gor_04.o
 .debug_info    0x000274d6     0x1193 gor_misc.o
 .debug_info    0x00028669     0x162c gra.o
 .debug_info    0x00029c95     0x11f8 hei.o
 .debug_info    0x0002ae8d     0x1194 hom.o
 .debug_info    0x0002c021     0x125c jin.o
 .debug_info    0x0002d27d     0x1180 kpa.o
 .debug_info    0x0002e3fd     0x12fc las.o
 .debug_info    0x0002f6f9      0x663 main.o
 .debug_info    0x0002fd5c     0x1648 moo.o
 .debug_info    0x000313a4     0x2153 mri.o
 .debug_info    0x000334f7     0x1e05 muj.o
 .debug_info    0x000352fc     0x1b38 nok.o
 .debug_info    0x00036e34     0x19af pik.o
 .debug_info    0x000387e3     0x1f69 rsh.o
 .debug_info    0x0003a74c     0x26f8 tik.o
 .debug_info    0x0003ce44     0x1f4a tou.o
 .debug_info    0x0003ed8e     0x125c tou2.o
 .debug_info    0x0003ffea     0x2053 usu.o
 .debug_info    0x0004203d     0x1756 win.o

.debug_abbrev   0x00000000     0x7a2a
 *(.debug_abbrev)
 .debug_abbrev  0x00000000      0x832 OWR.o
 .debug_abbrev  0x00000832      0x1cb StateManager.o
 .debug_abbrev  0x000009fd      0x21a common.o
 .debug_abbrev  0x00000c17      0x600 con_mario.o
 .debug_abbrev  0x00001217      0x65d con_perf.o
 .debug_abbrev  0x00001874      0x668 con_seq.o
 .debug_abbrev  0x00001edc      0x9a8 console.o
 .debug_abbrev  0x00002884      0x170 cxx.o
 .debug_abbrev  0x000029f4      0x36e keyboard.o
 .debug_abbrev  0x00002d62      0x7b7 mod.o
 .debug_abbrev  0x00003519      0x2bd patch.o
 .debug_abbrev  0x000037d6       0xeb rel.o
 .debug_abbrev  0x000038c1      0x230 ug.o
 .debug_abbrev  0x00003af1      0x12d util.o
 .debug_abbrev  0x00003c1e      0x183 aaa.o
 .debug_abbrev  0x00003da1      0x24a aji.o
 .debug_abbrev  0x00003feb      0x183 bom.o
 .debug_abbrev  0x0000416e      0x183 dou.o
 .debug_abbrev  0x000042f1      0x219 eki.o
 .debug_abbrev  0x0000450a      0x180 end.o
 .debug_abbrev  0x0000468a      0x183 gon.o
 .debug_abbrev  0x0000480d      0x27e gor_00.o
 .debug_abbrev  0x00004a8b      0x253 gor_01.o
 .debug_abbrev  0x00004cde      0x27a gor_02.o
 .debug_abbrev  0x00004f58      0x23c gor_03.o
 .debug_abbrev  0x00005194      0x183 gor_04.o
 .debug_abbrev  0x00005317      0x1ba gor_misc.o
 .debug_abbrev  0x000054d1      0x202 gra.o
 .debug_abbrev  0x000056d3      0x183 hei.o
 .debug_abbrev  0x00005856      0x183 hom.o
 .debug_abbrev  0x000059d9      0x183 jin.o
 .debug_abbrev  0x00005b5c      0x183 kpa.o
 .debug_abbrev  0x00005cdf      0x183 las.o
 .debug_abbrev  0x00005e62      0x148 main.o
 .debug_abbrev  0x00005faa      0x21d moo.o
 .debug_abbrev  0x000061c7      0x246 mri.o
 .debug_abbrev  0x0000640d      0x23f muj.o
 .debug_abbrev  0x0000664c      0x238 nok.o
 .debug_abbrev  0x00006884      0x23a pik.o
 .debug_abbrev  0x00006abe      0x237 rsh.o
 .debug_abbrev  0x00006cf5      0x4d8 tik.o
 .debug_abbrev  0x000071cd      0x26c tou.o
 .debug_abbrev  0x00007439      0x183 tou2.o
 .debug_abbrev  0x000075bc      0x236 usu.o
 .debug_abbrev  0x000077f2      0x238 win.o

.debug_line     0x00000000    0x1877a
 *(.debug_line)
 .debug_line    0x00000000      0xc5f OWR.o
 .debug_line    0x00000c5f      0x2c2 StateManager.o
 .debug_line    0x00000f21      0x39d common.o
 .debug_line    0x000012be      0x4e0 con_mario.o
 .debug_line    0x0000179e      0x737 con_perf.o
 .debug_line    0x00001ed5      0x5b4 con_seq.o
 .debug_line    0x00002489     0x1fdd console.o
 .debug_line    0x00004466      0x1c9 cxx.o
 .debug_line    0x0000462f      0xcb4 keyboard.o
 .debug_line    0x000052e3      0x718 mod.o
 .debug_line    0x000059fb      0x80c patch.o
 .debug_line    0x00006207      0x226 rel.o
 .debug_line    0x0000642d      0x4ad ug.o
 .debug_line    0x000068da      0x2cc util.o
 .debug_line    0x00006ba6      0x33c aaa.o
 .debug_line    0x00006ee2      0xefa aji.o
 .debug_line    0x00007ddc      0x784 bom.o
 .debug_line    0x00008560      0x76c dou.o
 .debug_line    0x00008ccc      0x690 eki.o
 .debug_line    0x0000935c      0x315 end.o
 .debug_line    0x00009671      0x75c gon.o
 .debug_line    0x00009dcd      0x934 gor_00.o
 .debug_line    0x0000a701      0x735 gor_01.o
 .debug_line    0x0000ae36      0x71d gor_02.o
 .debug_line    0x0000b553      0x8ef gor_03.o
 .debug_line    0x0000be42      0x4d3 gor_04.o
 .debug_line    0x0000c315      0x45c gor_misc.o
 .debug_line    0x0000c771      0x596 gra.o
 .debug_line    0x0000cd07      0x5c4 hei.o
 .debug_line    0x0000d2cb      0x461 hom.o
 .debug_line    0x0000d72c      0x72c jin.o
 .debug_line    0x0000de58      0x3b0 kpa.o
 .debug_line    0x0000e208      0x95f las.o
 .debug_line    0x0000eb67      0x8bf main.o
 .debug_line    0x0000f426      0x3d0 moo.o
 .debug_line    0x0000f7f6     0x135b mri.o
 .debug_line    0x00010b51      0xfc4 muj.o
 .debug_line    0x00011b15      0x63d nok.o
 .debug_line    0x00012152      0x987 pik.o
 .debug_line    0x00012ad9     0x1815 rsh.o
 .debug_line    0x000142ee      0xbbe tik.o
 .debug_line    0x00014eac     0x1d41 tou.o
 .debug_line    0x00016bed      0x805 tou2.o
 .debug_line    0x000173f2      0xd30 usu.o
 .debug_line    0x00018122      0x658 win.o

.debug_frame
 *(.debug_frame)

.debug_str      0x00000000    0x54d2e
 *(.debug_str)
 .debug_str     0x00000000     0x3250 OWR.o
 .debug_str     0x00003250      0x367 StateManager.o
 .debug_str     0x000035b7     0x13e4 common.o
 .debug_str     0x0000499b     0x1a59 con_mario.o
 .debug_str     0x000063f4     0x16a5 con_perf.o
 .debug_str     0x00007a99     0x17a6 con_seq.o
 .debug_str     0x0000923f     0x1a83 console.o
 .debug_str     0x0000acc2      0x34e cxx.o
 .debug_str     0x0000b010      0x955 keyboard.o
 .debug_str     0x0000b965     0x2dae mod.o
 .debug_str     0x0000e713      0x6eb patch.o
 .debug_str     0x0000edfe      0x191 rel.o
 .debug_str     0x0000ef8f      0x39b ug.o
 .debug_str     0x0000f32a      0x3eb util.o
 .debug_str     0x0000f715     0x1ec1 aaa.o
 .debug_str     0x000115d6     0x2901 aji.o
 .debug_str     0x00013ed7     0x20aa bom.o
 .debug_str     0x00015f81     0x208e dou.o
 .debug_str     0x0001800f     0x2589 eki.o
 .debug_str     0x0001a598     0x1ebb end.o
 .debug_str     0x0001c453     0x2073 gon.o
 .debug_str     0x0001e4c6     0x2a6b gor_00.o
 .debug_str     0x00020f31     0x249c gor_01.o
 .debug_str     0x000233cd     0x275a gor_02.o
 .debug_str     0x00025b27     0x2562 gor_03.o
 .debug_str     0x00028089     0x1f3a gor_04.o
 .debug_str     0x00029fc3     0x1f4f gor_misc.o
 .debug_str     0x0002bf12     0x2319 gra.o
 .debug_str     0x0002e22b     0x1fbb hei.o
 .debug_str     0x000301e6     0x1f56 hom.o
 .debug_str     0x0003213c     0x207c jin.o
 .debug_str     0x000341b8     0x1f11 kpa.o
 .debug_str     0x000360c9     0x215c las.o
 .debug_str     0x00038225      0x7c9 main.o
 .debug_str     0x000389ee     0x22c5 moo.o
 .debug_str     0x0003acb3     0x2d52 mri.o
 .debug_str     0x0003da05     0x2acf muj.o
 .debug_str     0x000404d4     0x2621 nok.o
 .debug_str     0x00042af5     0x259b pik.o
 .debug_str     0x00045090     0x2beb rsh.o
 .debug_str     0x00047c7b     0x339a tik.o
 .debug_str     0x0004b015     0x2d96 tou.o
 .debug_str     0x0004ddab     0x209c tou2.o
 .debug_str     0x0004fe47     0x2b04 usu.o
 .debug_str     0x0005294b     0x23e3 win.o

.debug_loc
 *(.debug_loc)

.debug_macinfo
 *(.debug_macinfo)

.debug_weaknames
 *(.debug_weaknames)

.debug_funcnames
 *(.debug_funcnames)

.debug_typenames
 *(.debug_typenames)

.debug_varnames
 *(.debug_varnames)
                0x00000000                        __isIPL = 0x0
                0x0002d260                        __stack_addr = ((((__bss_start + SIZEOF (.bss)) + 0x20000) + 0x7) & 0xfffffffffffffff8)
                0x0000d260                        __stack_end = (__bss_start + SIZEOF (.bss))
                0x00031260                        __intrstack_addr = (__stack_addr + 0x4000)
                0x0002d260                        __intrstack_end = __stack_addr
                0x00031260                        __Arena1Lo = ((__intrstack_addr + 0x1f) & 0xffffffffffffffe0)
                0x817feff0                        __Arena1Hi = 0x817feff0
                0x817ff000                        __gxregs = ((__Arena1Hi + 0x1f) & 0xffffffffffffffe0)
                [!provide]                        PROVIDE (__stack = 0x817feff0)
                [!provide]                        PROVIDE (__isIPL = __isIPL)
                [!provide]                        PROVIDE (__stack_addr = __stack_addr)
                [!provide]                        PROVIDE (__stack_end = __stack_end)
                [!provide]                        PROVIDE (__intrstack_addr = __intrstack_addr)
                [!provide]                        PROVIDE (__intrstack_end = __intrstack_end)
                [!provide]                        PROVIDE (__Arena1Lo = __Arena1Lo)
                [!provide]                        PROVIDE (__Arena1Hi = __Arena1Hi)
                [!provide]                        PROVIDE (__gxregs = __gxregs)
LOAD H:/GhidraProjects/TTYDAP/TTYDAP/rel/source/cxx.ld
                0x0000d0d0                        _ctors_start = ADDR (.ctors)
                0x0000d100                        _ctors_end = (_ctors_start + SIZEOF (.ctors))
                0x0000d100                        _dtors_start = ADDR (.dtors)
                0x0000d100                        _dtors_end = (_dtors_start + SIZEOF (.dtors))
LOAD OWR.o
LOAD StateManager.o
LOAD common.o
LOAD con_mario.o
LOAD con_perf.o
LOAD con_seq.o
LOAD console.o
LOAD cxx.o
LOAD keyboard.o
LOAD mod.o
LOAD patch.o
LOAD rel.o
LOAD ug.o
LOAD util.o
LOAD aaa.o
LOAD aji.o
LOAD bom.o
LOAD dou.o
LOAD eki.o
LOAD end.o
LOAD gon.o
LOAD gor_00.o
LOAD gor_01.o
LOAD gor_02.o
LOAD gor_03.o
LOAD gor_04.o
LOAD gor_misc.o
LOAD gra.o
LOAD hei.o
LOAD hom.o
LOAD jin.o
LOAD kpa.o
LOAD las.o
LOAD main.o
LOAD moo.o
LOAD mri.o
LOAD muj.o
LOAD nok.o
LOAD pik.o
LOAD rsh.o
LOAD tik.o
LOAD tou.o
LOAD tou2.o
LOAD usu.o
LOAD win.o
LOAD asm_main.o
LOAD patch_ih.o
LOAD C:/devkitPro/devkitPPC/bin/../lib/gcc/powerpc-eabi/13.1.0\libgcc.a
OUTPUT(H:/GhidraProjects/TTYDAP/TTYDAP/rel/rel.us.elf elf32-powerpc)

.debug_loclists
                0x00000000     0x49ab
 .debug_loclists
                0x00000000      0x5ef OWR.o
 .debug_loclists
                0x000005ef       0x2f StateManager.o
 .debug_loclists
                0x0000061e      0x151 common.o
 .debug_loclists
                0x0000076f       0xa9 con_mario.o
 .debug_loclists
                0x00000818      0x36b con_perf.o
 .debug_loclists
                0x00000b83       0xf8 con_seq.o
 .debug_loclists
                0x00000c7b     0x1cf7 console.o
 .debug_loclists
                0x00002972       0x54 cxx.o
 .debug_loclists
                0x000029c6      0x886 keyboard.o
 .debug_loclists
                0x0000324c      0x169 mod.o
 .debug_loclists
                0x000033b5      0xc5e patch.o
 .debug_loclists
                0x00004013      0x2cd ug.o
 .debug_loclists
                0x000042e0       0xd6 util.o
 .debug_loclists
                0x000043b6       0x29 aaa.o
 .debug_loclists
                0x000043df       0x2a aji.o
 .debug_loclists
                0x00004409       0x2a bom.o
 .debug_loclists
                0x00004433       0x2a dou.o
 .debug_loclists
                0x0000445d       0x2a eki.o
 .debug_loclists
                0x00004487       0x2c gon.o
 .debug_loclists
                0x000044b3       0x2c gor_00.o
 .debug_loclists
                0x000044df       0x2a gor_01.o
 .debug_loclists
                0x00004509       0x2a gor_02.o
 .debug_loclists
                0x00004533       0x2c gor_03.o
 .debug_loclists
                0x0000455f       0x2a gor_04.o
 .debug_loclists
                0x00004589       0x2c gor_misc.o
 .debug_loclists
                0x000045b5       0x2a gra.o
 .debug_loclists
                0x000045df       0x2a hei.o
 .debug_loclists
                0x00004609       0x2a hom.o
 .debug_loclists
                0x00004633       0x2a jin.o
 .debug_loclists
                0x0000465d       0x2a kpa.o
 .debug_loclists
                0x00004687       0x2a las.o
 .debug_loclists
                0x000046b1       0x2a moo.o
 .debug_loclists
                0x000046db       0x2a mri.o
 .debug_loclists
                0x00004705       0x2c muj.o
 .debug_loclists
                0x00004731       0x2a nok.o
 .debug_loclists
                0x0000475b       0x2c pik.o
 .debug_loclists
                0x00004787       0x2c rsh.o
 .debug_loclists
                0x000047b3      0x14e tik.o
 .debug_loclists
                0x00004901       0x2c tou.o
 .debug_loclists
                0x0000492d       0x2a tou2.o
 .debug_loclists
                0x00004957       0x2a usu.o
 .debug_loclists
                0x00004981       0x2a win.o

.debug_rnglists
                0x00000000     0x1500
 .debug_rnglists
                0x00000000      0x11b OWR.o
 .debug_rnglists
                0x0000011b       0x4f StateManager.o
 .debug_rnglists
                0x0000016a       0x43 common.o
 .debug_rnglists
                0x000001ad       0x95 con_mario.o
 .debug_rnglists
                0x00000242      0x135 con_perf.o
 .debug_rnglists
                0x00000377       0xc4 con_seq.o
 .debug_rnglists
                0x0000043b      0x72d console.o
 .debug_rnglists
                0x00000b68       0x25 cxx.o
 .debug_rnglists
                0x00000b8d      0x315 keyboard.o
 .debug_rnglists
                0x00000ea2       0xa0 mod.o
 .debug_rnglists
                0x00000f42      0x23d patch.o
 .debug_rnglists
                0x0000117f       0x47 rel.o
 .debug_rnglists
                0x000011c6       0x73 ug.o
 .debug_rnglists
                0x00001239       0x21 util.o
 .debug_rnglists
                0x0000125a       0x13 aaa.o
 .debug_rnglists
                0x0000126d       0x14 aji.o
 .debug_rnglists
                0x00001281       0x14 bom.o
 .debug_rnglists
                0x00001295       0x14 dou.o
 .debug_rnglists
                0x000012a9       0x14 eki.o
 .debug_rnglists
                0x000012bd       0x13 end.o
 .debug_rnglists
                0x000012d0       0x14 gon.o
 .debug_rnglists
                0x000012e4       0x1a gor_00.o
 .debug_rnglists
                0x000012fe       0x14 gor_01.o
 .debug_rnglists
                0x00001312       0x14 gor_02.o
 .debug_rnglists
                0x00001326       0x14 gor_03.o
 .debug_rnglists
                0x0000133a       0x14 gor_04.o
 .debug_rnglists
                0x0000134e       0x14 gor_misc.o
 .debug_rnglists
                0x00001362       0x14 gra.o
 .debug_rnglists
                0x00001376       0x14 hei.o
 .debug_rnglists
                0x0000138a       0x14 hom.o
 .debug_rnglists
                0x0000139e       0x14 jin.o
 .debug_rnglists
                0x000013b2       0x14 kpa.o
 .debug_rnglists
                0x000013c6       0x14 las.o
 .debug_rnglists
                0x000013da       0x1b main.o
 .debug_rnglists
                0x000013f5       0x14 moo.o
 .debug_rnglists
                0x00001409       0x14 mri.o
 .debug_rnglists
                0x0000141d       0x14 muj.o
 .debug_rnglists
                0x00001431       0x14 nok.o
 .debug_rnglists
                0x00001445       0x14 pik.o
 .debug_rnglists
                0x00001459       0x14 rsh.o
 .debug_rnglists
                0x0000146d       0x43 tik.o
 .debug_rnglists
                0x000014b0       0x14 tou.o
 .debug_rnglists
                0x000014c4       0x14 tou2.o
 .debug_rnglists
                0x000014d8       0x14 usu.o
 .debug_rnglists
                0x000014ec       0x14 win.o
