
Discarded input sections

 .text          0x00000000        0x0 OWR.o
 .data          0x00000000        0x0 OWR.o
 .bss           0x00000000        0x0 OWR.o
 .text          0x00000000        0x0 StateManager.o
 .data          0x00000000        0x0 StateManager.o
 .bss           0x00000000        0x0 StateManager.o
 .text._ZN3mod3owr12StateManager4InitEv
                0x00000000       0x18 StateManager.o
 .text          0x00000000        0x0 common.o
 .data          0x00000000        0x0 common.o
 .bss           0x00000000        0x0 common.o
 .text._ZN3mod6common14GetCurrentAreaEv
                0x00000000       0x1c common.o
 .text._ZN3mod6common13GetCurrentMapEv
                0x00000000       0x1c common.o
 .text._ZN3mod6common11GetFilenameEv
                0x00000000       0x1c common.o
 .text._ZN3mod6common16GetStorySequenceEv
                0x00000000       0x20 common.o
 .text._ZN3mod6common14GetPitSequenceEv
                0x00000000       0x24 common.o
 .text._ZN3mod6common17GetSavedFlagValueEi
                0x00000000       0x40 common.o
 .text._ZN3mod6common21HasKeyItemInInventoryEs
                0x00000000       0x3c common.o
 .text._ZN3mod6common25GetBattleWindowDataOffsetEv
                0x00000000       0x1c common.o
 .text._ZN3mod6common21GetStatusWindowHeightEv
                0x00000000       0x24 common.o
 .data._ZN3mod6common29kUnknownStatusWindowStructPtrE
                0x00000000        0x4 common.o
 .data._ZN3mod6common10kBattlePtrE
                0x00000000        0x4 common.o
 .data._ZN3mod6common9kPouchPtrE
                0x00000000        0x4 common.o
 .data._ZN3mod6common12kSaveDataPtrE
                0x00000000        0x4 common.o
 .rodata._ZN3mod6common32kUltraHammerChestDespawnIdOffsetE
                0x00000000        0x4 common.o
 .rodata._ZN3mod6common27kObjectCollectionExprOffsetE
                0x00000000        0x4 common.o
 .rodata._ZN3mod6common27kObjectChestScriptPtrOffsetE
                0x00000000        0x4 common.o
 .rodata._ZN3mod6common33kMujModuleFlavioDesiredItemOffsetE
                0x00000000        0x4 common.o
 .rodata._ZN3mod6common36kJinModuleAtomicBooItemGswfSetOffsetE
                0x00000000        0x4 common.o
 .rodata._ZN3mod6common39kJinModuleAtomicBooItemObjectFlagOffsetE
                0x00000000        0x4 common.o
 .rodata._ZN3mod6common32kPitModuleCharlietonChanceOffsetE
                0x00000000        0x4 common.o
 .rodata._ZN3mod6common22kPitModuleNpcArrOffsetE
                0x00000000        0x4 common.o
 .rodata._ZN3mod6common23kSavedWordFlagBaseValueE
                0x00000000        0x4 common.o
 .data._ZN3mod6common20kPiantaParlorItemArrE
                0x00000000        0x4 common.o
 .data._ZN3mod6common21kPitCharlietonItemArrE
                0x00000000        0x4 common.o
 .data._ZN3mod6common12kHowzItemArrE
                0x00000000        0x4 common.o
 .data._ZN3mod6common18kCharlietonItemArrE
                0x00000000        0x4 common.o
 .data._ZN3mod6common14kDazzleItemArrE
                0x00000000        0x4 common.o
 .data._ZN3mod6common20kSuperguardFramesArrE
                0x00000000        0x4 common.o
 .data._ZN3mod6common15kGuardFramesArrE
                0x00000000        0x4 common.o
 .data._ZN3mod6common25kSuperChargePartnerParamsE
                0x00000000        0x4 common.o
 .data._ZN3mod6common18kSuperChargeParamsE
                0x00000000        0x4 common.o
 .data._ZN3mod6common19kPiercingBlowParamsE
                0x00000000        0x4 common.o
 .data._ZN3mod6common18kHammerThrowParamsE
                0x00000000        0x4 common.o
 .data._ZN3mod6common17kKoopaCurseParamsE
                0x00000000        0x4 common.o
 .data._ZN3mod6common15kTradeOffParamsE
                0x00000000        0x4 common.o
 .data._ZN3mod6common17kGulpRecoilParamsE
                0x00000000        0x4 common.o
 .data._ZN3mod6common24kUltraHammerRecoilParamsE
                0x00000000        0x4 common.o
 .data._ZN3mod6common24kSuperHammerRecoilParamsE
                0x00000000        0x4 common.o
 .data._ZN3mod6common8kNextMapE
                0x00000000        0x4 common.o
 .rodata.cst4   0x00000000        0x4 common.o
 .text          0x00000000        0x0 con_mario.o
 .data          0x00000000        0x0 con_mario.o
 .bss           0x00000000        0x0 con_mario.o
 .text          0x00000000        0x0 con_perf.o
 .data          0x00000000        0x0 con_perf.o
 .bss           0x00000000        0x0 con_perf.o
 .text          0x00000000        0x0 con_seq.o
 .data          0x00000000        0x0 con_seq.o
 .bss           0x00000000        0x0 con_seq.o
 .text          0x00000000        0x0 console.o
 .data          0x00000000        0x0 console.o
 .bss           0x00000000        0x0 console.o
 .text._ZN3mod13ConsoleSystem8logDebugEPKcz
                0x00000000       0xb0 console.o
 .text          0x00000000        0x0 cxx.o
 .data          0x00000000        0x0 cxx.o
[...]
Memory Configuration

Name             Origin             Length             Attributes
*default*        0x00000000         0xffffffff

Linker script and memory map

                0x80003100                        . = 0x80003100

.init
 *crt0.o(*.init)
 *(.init)

.plt
 *(.plt)

.interp
 *(.interp)

.hash
 *(.hash)

.dynsym
 *(.dynsym)

.dynstr
 *(.dynstr)

.gnu.version
 *(.gnu.version)

.gnu.version_d
 *(.gnu.version_d)

.gnu.version_r
 *(.gnu.version_r)

.rel.init
 *(.rel.init)

.rela.init
 *(.rela.init)

.rel.text
 *(.rel.text .rel.text.* .rel.gnu.linkonce.t.*)

.rela.text
 *(.rela.text .rela.text.* .rela.gnu.linkonce.t.*)

.rel.fini
 *(.rel.fini)

.rela.fini
 *(.rela.fini)

.rel.rodata
 *(.rel.rodata .rel.rodata.* .rel.gnu.linkonce.r.*)

.rela.rodata
 *(.rela.rodata .rela.rodata.* .rela.gnu.linkonce.r.*)

.rel.data
 *(.rel.data .rel.data.* .rel.gnu.linkonce.d.*)

.rela.data
 *(.rela.data .rela.data.* .rela.gnu.linkonce.d.*)

.rel.tdata
 *(.rel.tdata .rel.tdata.* .rel.gnu.linkonce.td.*)

.rela.tdata
 *(.rela.tdata .rela.tdata.* .rela.gnu.linkonce.td.*)

.rel.tbss
 *(.rel.tbss .rel.tbss.* .rel.gnu.linkonce.tb.*)

.rela.tbss
 *(.rela.tbss .rela.tbss.* .rela.gnu.linkonce.tb.*)

.rel.ctors
 *(.rel.ctors)

.rela.ctors
 *(.rela.ctors)

.rel.dtors
 *(.rel.dtors)

.rela.dtors
 *(.rela.dtors)

.rel.got
 *(.rel.got)

.rela.got
 *(.rela.got)

.rela.got1
 *(.rela.got1)

.rela.got2
 *(.rela.got2)

.rel.sdata
 *(.rel.sdata .rel.sdata.* .rel.gnu.linkonce.s.*)

.rela.sdata
 *(.rela.sdata .rela.sdata.* .rela.gnu.linkonce.s.*)

.rel.sbss
 *(.rel.sbss .rel.sbss.* .rel.gnu.linkonce.sb.*)

.rela.sbss
 *(.rela.sbss .rela.sbss.* .rel.gnu.linkonce.sb.*)

.rel.sdata2
 *(.rel.sdata2 .rel.sdata2.* .rel.gnu.linkonce.s2.*)

.rela.sdata2
 *(.rela.sdata2 .rela.sdata2.* .rela.gnu.linkonce.s2.*)

.rel.sbss2
 *(.rel.sbss2 .rel.sbss2.* .rel.gnu.linkonce.sb2.*)

.rela.sbss2
 *(.rela.sbss2 .rela.sbss2.* .rela.gnu.linkonce.sb2.*)

.rel.bss
 *(.rel.bss .rel.bss.* .rel.gnu.linkonce.b.*)

.rela.bss
 *(.rela.bss .rela.bss.* .rela.gnu.linkonce.b.*)

.rel.plt
 *(.rel.plt)

.rela.plt
 *(.rela.plt)

.text           0x80003100     0xde80
 *(.text)
 .text          0x80003100        0x8 FixBlooperCrash1.o
                0x80003100                asmFixBlooperCrash1
 .text          0x80003108       0x14 FixBlooperCrash2.o
                0x80003108                asmFixBlooperCrash2
 .text          0x8000311c       0x10 PreventDiaryTextboxSelection.o
                0x8000311c                asmPreventDiaryTextboxSelection
 .text          0x8000312c      0x2d0 asm_main.o
                0x8000312c                bMapGXArrInject
                0x80003138                bMapGXArrInjectReturn
                0x8000313c                bMapGXArrIncrement
                0x80003144                bMapGXArrIncrementReturn
                0x80003148                bMapGXChSplit
                0x80003154                bMapGXChSplitReturn
                0x80003158                bWinLogArrInject
                0x80003164                bWinLogArrInjectReturn
                0x80003168                bWinLogArrIncrement
                0x80003170                bWinLogArrIncrementReturn
                0x80003174                bChapterClearCheck
                0x800031bc                bJohoyaSeqAddition
                0x800031f4                bPrintPartyAddErrorFix
                0x80003230                bPrintPartyAddErrorFixReturn
                0x80003234                bPrintPartyErrorFix
                0x80003270                bPrintPartyErrorFixReturn
                0x80003274                bKururingFloorCapture
                0x8000327c                bKururingFloorCaptureReturn
                0x80003280                bKururingFloorRelease
                0x80003288                bKururingFloorReleaseReturn
                0x8000328c                bPowerupblkCapture
                0x800032a4                bPowerupblkCaptureReturn
                0x800032a8                bPowerupblkRelease
                0x800032b0                bPowerupblkReleaseReturn
                0x800032b4                bPeachPointer
                0x8000330c                breakfastValueRestore
                0x8000332c                bPeachReturn
                0x80003330                bShopFlagCheck
                0x8000333c                bShopFlagCheckReturn
                0x80003340                win_log_mapGX_arr
 .text          0x800033fc       0x58 restfpr_x.o
                0x800033fc                _restfpr_14_x
                0x80003400                _restfpr_15_x
                0x80003404                _restfpr_16_x
                0x80003408                _restfpr_17_x
                0x8000340c                _restfpr_18_x
                0x80003410                _restfpr_19_x
                0x80003414                _restfpr_20_x
                0x80003418                _restfpr_21_x
                0x8000341c                _restfpr_22_x
                0x80003420                _restfpr_23_x
                0x80003424                _restfpr_24_x
                0x80003428                _restfpr_25_x
                0x8000342c                _restfpr_26_x
                0x80003430                _restfpr_27_x
                0x80003434                _restfpr_28_x
                0x80003438                _restfpr_29_x
                0x8000343c                _restfpr_30_x
                0x80003440                _restfpr_31_x
 .text          0x80003454       0x58 restgpr_x.o
                0x80003454                _restgpr_14_x
                0x80003458                _restgpr_15_x
                0x8000345c                _restgpr_16_x
                0x80003460                _restgpr_17_x
                0x80003464                _restgpr_18_x
                0x80003468                _restgpr_19_x
                0x8000346c                _restgpr_20_x
                0x80003470                _restgpr_21_x
                0x80003474                _restgpr_22_x
                0x80003478                _restgpr_23_x
                0x8000347c                _restgpr_24_x
                0x80003480                _restgpr_25_x
                0x80003484                _restgpr_26_x
                0x80003488                _restgpr_27_x
                0x8000348c                _restgpr_28_x
                0x80003490                _restgpr_29_x
                0x80003494                _restgpr_30_x
                0x80003498                _restgpr_31_x
 *(.text.*)
 *fill*         0x800034ac        0x0 00000000
 .text._ZN3mod3owr21partySetForceMoveHookEPN4ttyd5party10PartyEntryEfff
                0x800034ac       0x8c OWR.o
                0x800034ac                _ZN3mod3owr21partySetForceMoveHookEPN4ttyd5party10PartyEntryEfff
 .text._ZN3mod3owr19evtMarioSetPoseHookEPN4ttyd6evtmgr8EvtEntryEb
                0x80003538       0x6c OWR.o
                0x80003538                _ZN3mod3owr19evtMarioSetPoseHookEPN4ttyd6evtmgr8EvtEntryEb
 .text._ZN3mod3owr13seqSetSeqHookEN4ttyd6seqdrv8SeqIndexEPKcS5_
                0x800035a4      0x20c OWR.o
                0x800035a4                _ZN3mod3owr13seqSetSeqHookEN4ttyd6seqdrv8SeqIndexEPKcS5_
 .text._ZN3mod3owr16pouchGetItemHookEi
                0x800037b0      0x1ec OWR.o
                0x800037b0                _ZN3mod3owr16pouchGetItemHookEi
 .text._ZN3mod3owr13msgSearchHookEPKc
                0x8000399c      0x5f8 OWR.o
                0x8000399c                _ZN3mod3owr13msgSearchHookEPKc
 .text._ZN3mod3owr3OWRC2Ev
                0x80003f94        0x4 OWR.o
                0x80003f94                _ZN3mod3owr3OWRC1Ev
                0x80003f94                _ZN3mod3owr3OWRC2Ev
 .text._ZN3mod3owr3OWR12SequenceInitEv
                0x80003f98      0x118 OWR.o
                0x80003f98                _ZN3mod3owr3OWR12SequenceInitEv
 .text._ZN3mod3owr13checkIfInGameEv
                0x800040b0       0x64 OWR.o
                0x800040b0                _ZN3mod3owr13checkIfInGameEv
 .text._ZN3mod3owr3OWR12HomewardWarpEv
                0x80004114       0x88 OWR.o
                0x80004114                _ZN3mod3owr3OWR12HomewardWarpEv
 .text._ZN3mod3owr3OWR12RecieveItemsEv
                0x8000419c       0x5c OWR.o
                0x8000419c                _ZN3mod3owr3OWR12RecieveItemsEv
 .text._ZN3mod3owr3OWR4InitEv
                0x800041f8      0x1e4 OWR.o
                0x800041f8                _ZN3mod3owr3OWR4InitEv
 .text._ZN3mod3owr3OWR6UpdateEv
                0x800043dc       0x38 OWR.o
                0x800043dc                _ZN3mod3owr3OWR6UpdateEv
 .text._ZN3mod3owr3OWR14OnModuleLoadedEP12OSModuleInfo
                0x80004414       0x98 OWR.o
                0x80004414                _ZN3mod3owr3OWR14OnModuleLoadedEP12OSModuleInfo
 .text._ZN3mod3owr10OSLinkHookEP12OSModuleInfoPv
                0x800044ac       0x54 OWR.o
                0x800044ac                _ZN3mod3owr10OSLinkHookEP12OSModuleInfoPv
 .text._ZN3mod3owr3OWR10DrawStringEPKcffjf
                0x80004500       0xc8 OWR.o
                0x80004500                _ZN3mod3owr3OWR10DrawStringEPKcffjf
 .text.startup._GLOBAL__sub_I__ZN3mod3owr7item_dbE
                0x800045c8       0x14 OWR.o
 .text._ZN3mod3owr12StateManagerC2Ev
                0x800045dc       0x18 StateManager.o
                0x800045dc                _ZN3mod3owr12StateManagerC2Ev
                0x800045dc                _ZN3mod3owr12StateManagerC1Ev
 .text._ZN3modL13mod_if_func24Ev
                0x800045f4       0x54 con_mario.o
 .text.startup._GLOBAL__sub_I__ZN3mod13mario_set_posE
                0x80004648       0x88 con_mario.o
 .text._ZN3modL13mod_if_func51Ev
                0x800046d0      0x158 con_perf.o
 .text._ZN3modL13mod_if_func34Ev
                0x80004828       0xbc con_perf.o
 .text.startup._GLOBAL__sub_I__ZN3mod15perf_fake_spikeE
                0x800048e4       0xc4 con_perf.o
 .text._ZN3modL13mod_if_func16Ev
                0x800049a8       0x60 con_seq.o
 .text._ZZN3modL13mod_if_func16EvENUlPN4ttyd6seqdrv7SeqInfoEE_4_FUNES3_
                0x80004a08       0x34 con_seq.o
 .text.startup._GLOBAL__sub_I__ZN3mod13seq_logo_skipE
                0x80004a3c       0x8c con_seq.o
 .text._ZN3mod13ConsoleSystem8logColorEPKcN2gc6color4E
                0x80004ac8      0x1e4 console.o
                0x80004ac8                _ZN3mod13ConsoleSystem8logColorEPKcN2gc6color4E
 .text._ZN3mod13ConsoleSystem7logInfoEPKcz
                0x80004cac       0xac console.o
                0x80004cac                _ZN3mod13ConsoleSystem7logInfoEPKcz
 .text._ZN3mod7CC_findEPKc
                0x80004d58       0xe8 console.o
                0x80004d58                _ZN3mod7CC_findEPKc
 .text._ZN3mod13ConsoleSystem10logWarningEPKcz
                0x80004e40       0xb0 console.o
                0x80004e40                _ZN3mod13ConsoleSystem10logWarningEPKcz
 .text._ZN3mod13ConsoleSystem8logErrorEPKcz
                0x80004ef0       0xb0 console.o
                0x80004ef0                _ZN3mod13ConsoleSystem8logErrorEPKcz
 .text._ZN3mod13ConsoleSystem7overlayEPKcz
                0x80004fa0       0xbc console.o
                0x80004fa0                _ZN3mod13ConsoleSystem7overlayEPKcz
 .text._ZN3mod13ConsoleSystem12setMonospaceEb
                0x8000505c       0x24 console.o
                0x8000505c                _ZN3mod13ConsoleSystem12setMonospaceEb
 .text._ZN3mod13ConsoleSystem4initEv
                0x80005080       0x14 console.o
                0x80005080                _ZN3mod13ConsoleSystem4initEv
 .text._ZN3mod13ConsoleSystem8drawLineEiPKcN2gc6color4E
                0x80005094      0x130 console.o
                0x80005094                _ZN3mod13ConsoleSystem8drawLineEiPKcN2gc6color4E
 .text._ZN3mod13ConsoleSystem14processCommandEPKc
                0x800051c4      0x1e4 console.o
                0x800051c4                _ZN3mod13ConsoleSystem14processCommandEPKc
 .text._ZN3mod13ConsoleSystem12updatePromptEv
                0x800053a8      0x2f0 console.o
                0x800053a8                _ZN3mod13ConsoleSystem12updatePromptEv
 .text._ZN3mod13ConsoleSystem14updateUsbGeckoEv
                0x80005698      0x128 console.o
                0x80005698                _ZN3mod13ConsoleSystem14updateUsbGeckoEv
 .text._ZN3mod13ConsoleSystem6updateEv
                0x800057c0       0x68 console.o
                0x800057c0                _ZN3mod13ConsoleSystem6updateEv
 .text._ZN3mod13ConsoleSystem4dispEv
                0x80005828      0x368 console.o
                0x80005828                _ZN3mod13ConsoleSystem4dispEv
 .text._ZZN3mod13ConsoleSystem6updateEvENUlN4ttyd7dispdrv8CameraIdEPvE_4_FUNES3_S4_
                0x80005b90        0x8 console.o
 .text.startup._GLOBAL__sub_I__ZN3mod10ConCommand6sFirstE
                0x80005b98      0x17c console.o
 .text._Znwj    0x80005d14        0xc cxx.o
                0x80005d14                _Znwj
 .text._Znaj    0x80005d20        0x4 cxx.o
                0x80005d20                _Znaj
 .text._ZdlPv   0x80005d24        0xc cxx.o
                0x80005d24                _ZdlPv
 .text._ZdaPv   0x80005d30        0x4 cxx.o
                0x80005d30                _ZdaPv
 .text._ZL27checkIndividualStandardHeapPKN2gc2os9ChunkInfoE
                0x80005d34       0x64 errorHandling.o
 .text._ZL24checkIndividualSmartHeapPKN4ttyd6memory19SmartAllocationDataE
                0x80005d98       0x64 errorHandling.o
 .text._ZL22checkIndividualMapHeapPKN4ttyd6memory13MapAllocEntryE
                0x80005dfc       0x50 errorHandling.o
 .text._ZL21initStandardHeapErrorPKvib
                0x80005e4c       0x94 errorHandling.o
 .text._ZL18initSmartHeapErrorPKvb
                0x80005ee0       0x8c errorHandling.o
 .text._ZL16initMapHeapErrorPKvtb
                0x80005f6c       0xa4 errorHandling.o
 .text._ZN18HeapCorruptionInfo10drawBufferEv
                0x80006010       0x98 errorHandling.o
                0x80006010                _ZN18HeapCorruptionInfo10drawBufferEv
 .text._ZN21NpcNameToPtrErrorInfo16drawErrorMessageEv
                0x800060a8       0x9c errorHandling.o
                0x800060a8                _ZN21NpcNameToPtrErrorInfo16drawErrorMessageEv
 .text._ZN21AnimPoseMainErrorInfo16drawErrorMessageEv
                0x80006144       0x9c errorHandling.o
                0x80006144                _ZN21AnimPoseMainErrorInfo16drawErrorMessageEv
 .text._Z10checkHeapsv
                0x800061e0      0x110 errorHandling.o
                0x800061e0                _Z10checkHeapsv
 .text._Z17drawErrorMessagesv
                0x800062f0       0x74 errorHandling.o
                0x800062f0                _Z17drawErrorMessagesv
 .text._Z25checkForNpcNameToPtrErrorPKc
                0x80006364       0x6c errorHandling.o
                0x80006364                _Z25checkForNpcNameToPtrErrorPKc
 .text._Z24preventAnimPoseMainCrashi
                0x800063d0       0x54 errorHandling.o
                0x800063d0                _Z24preventAnimPoseMainCrashi
 .text.startup._GLOBAL__sub_I_npcNameToPtrErrorInfo
                0x80006424       0x1c errorHandling.o
 .text.exit._GLOBAL__sub_D_npcNameToPtrErrorInfo
                0x80006440       0x14 errorHandling.o
 .text._ZL22fixPouchInitMemoryLeakij
                0x80006454       0x4c gamePatches.o
 .text._ZL12autoMashTextN2gc3pad5PadIdE
                0x800064a0       0x48 gamePatches.o
 .text._ZL14fixMapProblemsv
                0x800064e8       0xe8 gamePatches.o
 .text.cFixBlooperCrash1
                0x800065d0       0x38 gamePatches.o
                0x800065d0                cFixBlooperCrash1
 .text.cPreventDiaryTextboxOptionSelection
                0x80006608       0x58 gamePatches.o
                0x80006608                cPreventDiaryTextboxOptionSelection
 .text._Z14applyGameFixesv
                0x80006660       0x68 gamePatches.o
                0x80006660                _Z14applyGameFixesv
 .text._Z23applyVariousGamePatchesv
                0x800066c8       0xf0 gamePatches.o
                0x800066c8                _Z23applyVariousGamePatchesv
 .text._ZN3mod8Keyboard7connectEv
                0x800067b8       0x58 keyboard.o
                0x800067b8                _ZN3mod8Keyboard7connectEv
 .text._ZN3mod8KeyboardC2Ei
                0x80006810       0x20 keyboard.o
                0x80006810                _ZN3mod8KeyboardC2Ei
                0x80006810                _ZN3mod8KeyboardC1Ei
 .text._ZN3mod8Keyboard10disconnectEv
                0x80006830       0x40 keyboard.o
                0x80006830                _ZN3mod8Keyboard10disconnectEv
 .text._ZN3mod8Keyboard6updateEv
                0x80006870      0x1d4 keyboard.o
                0x80006870                _ZN3mod8Keyboard6updateEv
 .text._ZZN3mod3Mod4initEvENUlvE0_4_FUNEv
                0x80006a44        0x4 mod.o
 .text._ZZN3mod3Mod11updateEarlyEvENUlN4ttyd7dispdrv8CameraIdEPvE_4_FUNES3_S4_
                0x80006a48        0x4 mod.o
 .text._ZN3mod3ModC2Ev
                0x80006a4c       0x90 mod.o
                0x80006a4c                _ZN3mod3ModC2Ev
                0x80006a4c                _ZN3mod3ModC1Ev
 .text._ZN3mod3Mod4initEv
                0x80006adc      0x188 mod.o
                0x80006adc                _ZN3mod3Mod4initEv
 .text.startup._ZN3mod4mainEv
                0x80006c64       0x38 mod.o
                0x80006c64                _ZN3mod4mainEv
 .text._ZN3mod3Mod11updateEarlyEv
                0x80006c9c       0x8c mod.o
                0x80006c9c                _ZN3mod3Mod11updateEarlyEv
 .text._ZZN3mod3Mod4initEvENUlvE_4_FUNEv
                0x80006d28        0xc mod.o
 .text._ZN3mod5patch17clear_DC_IC_CacheEPvj
                0x80006d34       0x3c patch.o
                0x80006d34                _ZN3mod5patch17clear_DC_IC_CacheEPvj
 .text._ZN3mod5patch14writeEvtBranchEPiPKib
                0x80006d70       0x1c patch.o
                0x80006d70                _ZN3mod5patch14writeEvtBranchEPiPKib
 .text._ZN3mod5patch15writeBranchMainEPvS1_j
                0x80006d8c       0x18 patch.o
                0x80006d8c                _ZN3mod5patch15writeBranchMainEPvS1_j
 .text._ZN3mod5patch11writeBranchEPvS1_
                0x80006da4        0x8 patch.o
                0x80006da4                _ZN3mod5patch11writeBranchEPvS1_
 .text._ZN3mod5patch13writeBranchBLEPvS1_
                0x80006dac        0xc patch.o
                0x80006dac                _ZN3mod5patch13writeBranchBLEPvS1_
 .text._ZN3mod5patch10writePatchEPvPKvj
                0x80006db8       0x5c patch.o
                0x80006db8                _ZN3mod5patch10writePatchEPvPKvj
 .text._ZN3mod5patch10writePatchEPvj
                0x80006e14       0x2c patch.o
                0x80006e14                _ZN3mod5patch10writePatchEPvj
 .text._ZN3mod5patch15writeBranchPairEPvS1_S1_
                0x80006e40       0x3c patch.o
                0x80006e40                _ZN3mod5patch15writeBranchPairEPvS1_S1_
 .text._ZN3mod5patch17writeIntWithCacheEPvj
                0x80006e7c        0xc patch.o
                0x80006e7c                _ZN3mod5patch17writeIntWithCacheEPvj
 .text.vsnprintf
                0x80006e88       0x70 printf.o
                0x80006e88                vsnprintf
 .text.snprintf
                0x80006ef8       0x7c printf.o
                0x80006ef8                snprintf
 .text._prolog  0x80006f74       0x5c rel.o
                0x80006f74                _prolog
 .text._epilog  0x80006fd0       0x4c rel.o
                0x80006fd0                _epilog
 .text._unresolved
                0x8000701c        0x4 rel.o
                0x8000701c                _unresolved
 .text._ZN3modL10ugTransferEiPvib
                0x80007020      0x124 ug.o
 .text._ZN3mod7ugProbeEi
                0x80007144       0xf8 ug.o
                0x80007144                _ZN3mod7ugProbeEi
 .text._ZN3mod6ugSendEiPKvi
                0x8000723c        0x8 ug.o
                0x8000723c                _ZN3mod6ugSendEiPKvi
 .text._ZN3mod6ugRecvEiPvi
                0x80007244        0x8 ug.o
                0x80007244                _ZN3mod6ugRecvEiPvi
 .text.strstr   0x8000724c       0x90 util.o
                0x8000724c                strstr
 .text._ZN3mod4util16checkButtonComboEj
                0x800072dc       0x4c util.o
                0x800072dc                _ZN3mod4util16checkButtonComboEj
 .text._ZN3mod4util26checkButtonComboEveryFrameEj
                0x80007328       0x34 util.o
                0x80007328                _ZN3mod4util26checkButtonComboEveryFrameEj
 .text._ZN3mod4util10ptrIsValidEPv
                0x8000735c       0x30 util.o
                0x8000735c                _ZN3mod4util10ptrIsValidEPv
 .text._ZN3mod4util10intToFloatEi
                0x8000738c       0x30 util.o
                0x8000738c                _ZN3mod4util10intToFloatEi
 .text._ZN3mod4util25getTextMultilineIncrementEPKcfj
                0x800073bc       0x4c util.o
                0x800073bc                _ZN3mod4util25getTextMultilineIncrementEPKcfj
 .text._Z15ApplyAaaPatchesv
                0x80007408       0x50 aaa.o
                0x80007408                _Z15ApplyAaaPatchesv
 .text._Z17checkIntermissionPN4ttyd6evtmgr8EvtEntryEb
                0x80007458       0xd4 aji.o
                0x80007458                _Z17checkIntermissionPN4ttyd6evtmgr8EvtEntryEb
 .text._Z15ApplyAjiPatchesv
                0x8000752c      0x874 aji.o
                0x8000752c                _Z15ApplyAjiPatchesv
 .text._Z15ApplyBomPatchesv
                0x80007da0      0x300 bom.o
                0x80007da0                _Z15ApplyBomPatchesv
 .text._Z15ApplyDouPatchesv
                0x800080a0      0x2f8 dou.o
                0x800080a0                _Z15ApplyDouPatchesv
 .text._Z15ApplyEkiPatchesv
                0x80008398      0x254 eki.o
                0x80008398                _Z15ApplyEkiPatchesv
 .text._Z15ApplyEndPatchesv
                0x800085ec       0x30 end.o
                0x800085ec                _Z15ApplyEndPatchesv
 .text._Z15ApplyGonPatchesv
                0x8000861c      0x388 gon.o
                0x8000861c                _Z15ApplyGonPatchesv
 .text._Z17ApplyGor00Patchesv
                0x800089a4      0x5cc gor_00.o
                0x800089a4                _Z17ApplyGor00Patchesv
 .text.startup._GLOBAL__sub_I__Z17ApplyGor00Patchesv
                0x80008f70       0x14 gor_00.o
 .text._Z17ApplyGor01Patchesv
                0x80008f84      0x410 gor_01.o
                0x80008f84                _Z17ApplyGor01Patchesv
 .text._Z17ApplyGor02Patchesv
                0x80009394      0x3fc gor_02.o
                0x80009394                _Z17ApplyGor02Patchesv
 .text._Z17ApplyGor03Patchesv
                0x80009790      0x478 gor_03.o
                0x80009790                _Z17ApplyGor03Patchesv
 .text._Z17ApplyGor04Patchesv
                0x80009c08      0x170 gor_04.o
                0x80009c08                _Z17ApplyGor04Patchesv
 .text._Z19ApplyGorMiscPatchesv
                0x80009d78      0x14c gor_misc.o
                0x80009d78                _Z19ApplyGorMiscPatchesv
 .text._Z15ApplyGorPatchesv
                0x80009ec4       0x30 gor_misc.o
                0x80009ec4                _Z15ApplyGorPatchesv
 .text._Z15ApplyGraPatchesv
                0x80009ef4      0x218 gra.o
                0x80009ef4                _Z15ApplyGraPatchesv
 .text._Z15ApplyHeiPatchesv
                0x8000a10c      0x294 hei.o
                0x8000a10c                _Z15ApplyHeiPatchesv
 .text._Z15ApplyHomPatchesv
                0x8000a3a0      0x140 hom.o
                0x8000a3a0                _Z15ApplyHomPatchesv
 .text._Z15ApplyJinPatchesv
                0x8000a4e0      0x348 jin.o
                0x8000a4e0                _Z15ApplyJinPatchesv
 .text._Z15ApplyKpaPatchesv
                0x8000a828       0xd0 kpa.o
                0x8000a828                _Z15ApplyKpaPatchesv
 .text._Z15ApplyLasPatchesv
                0x8000a8f8      0x510 las.o
                0x8000a8f8                _Z15ApplyLasPatchesv
 .text._Z12setShopFlagsPN4ttyd6evtmgr8EvtEntryEb
                0x8000ae08       0x8c main.o
                0x8000ae08                _Z12setShopFlagsPN4ttyd6evtmgr8EvtEntryEb
 .text.checkShopFlag
                0x8000ae94       0x84 main.o
                0x8000ae94                checkShopFlag
 .text._Z24ApplyMainAssemblyPatchesv
                0x8000af18      0x94c main.o
                0x8000af18                _Z24ApplyMainAssemblyPatchesv
 .text._Z22ApplyMainScriptPatchesv
                0x8000b864      0x1e8 main.o
                0x8000b864                _Z22ApplyMainScriptPatchesv
 .text._Z25ApplyItemDataTablePatchesv
                0x8000ba4c      0x15c main.o
                0x8000ba4c                _Z25ApplyItemDataTablePatchesv
 .text._Z15ApplyMriPatchesv
                0x8000bba8      0xba4 mri.o
                0x8000bba8                _Z15ApplyMriPatchesv
 .text._Z14coconut_removePN4ttyd6evtmgr8EvtEntryEb
                0x8000c74c       0x98 muj.o
                0x8000c74c                _Z14coconut_removePN4ttyd6evtmgr8EvtEntryEb
 .text._Z15ApplyMujPatchesv
                0x8000c7e4      0xafc muj.o
                0x8000c7e4                _Z15ApplyMujPatchesv
 .text._Z15ApplyNokPatchesv
                0x8000d2e0      0x36c nok.o
                0x8000d2e0                _Z15ApplyNokPatchesv
 .text._Z15ApplyPikPatchesv
                0x8000d64c      0x524 pik.o
                0x8000d64c                _Z15ApplyPikPatchesv
 .text._Z15ApplyRshPatchesv
                0x8000db70      0xe38 rsh.o
                0x8000db70                _Z15ApplyRshPatchesv
 .text._Z24checkChapterRequirementsPN4ttyd6evtmgr8EvtEntryEb
                0x8000e9a8       0x7c tik.o
                0x8000e9a8                _Z24checkChapterRequirementsPN4ttyd6evtmgr8EvtEntryEb
 .text._Z18checkChapterClearsPN4ttyd6evtmgr8EvtEntryEb
                0x8000ea24       0x5c tik.o
                0x8000ea24                _Z18checkChapterClearsPN4ttyd6evtmgr8EvtEntryEb
 .text._Z15ApplyTikPatchesv
                0x8000ea80      0x598 tik.o
                0x8000ea80                _Z15ApplyTikPatchesv
 .text._Z15ApplyTouPatchesv
                0x8000f018     0x10b0 tou.o
                0x8000f018                _Z15ApplyTouPatchesv
 .text._Z16ApplyTou2Patchesv
                0x800100c8      0x34c tou2.o
                0x800100c8                _Z16ApplyTou2Patchesv
 .text._Z15ApplyUsuPatchesv
                0x80010414      0x884 usu.o
                0x80010414                _Z15ApplyUsuPatchesv
 .text._Z15ApplyWinPatchesv
                0x80010c98      0x2e4 win.o
                0x80010c98                _Z15ApplyWinPatchesv
 *(.gnu.warning)
 *(.gnu.linkonce.t.*)
                0x80010f80                        . = ALIGN (0x20)
 *fill*         0x80010f7c        0x4 00000000

.text._ZN3mod13mario_set_posMUlPKcE_4_FUNES2_
                0x00000000       0x5c
 .text._ZN3mod13mario_set_posMUlPKcE_4_FUNES2_
                0x00000000       0x5c con_mario.o
                0x00000000                _ZN3mod13mario_set_posMUlPKcE_4_FUNES2_
                0x00000000                _ZN3mod13mario_set_posMUlPKcE_4_FUNES1_

.text._ZN3mod15perf_fake_spikeMUlPKcE_4_FUNES2_
                0x00000000       0x7c
 .text._ZN3mod15perf_fake_spikeMUlPKcE_4_FUNES2_
                0x00000000       0x7c con_perf.o
                0x00000000                _ZN3mod15perf_fake_spikeMUlPKcE_4_FUNES1_
                0x00000000                _ZN3mod15perf_fake_spikeMUlPKcE_4_FUNES2_

.text._ZN3mod14seq_change_mapMUlPKcE_4_FUNES2_
                0x00000000       0xc4
 .text._ZN3mod14seq_change_mapMUlPKcE_4_FUNES2_
                0x00000000       0xc4 con_seq.o
                0x00000000                _ZN3mod14seq_change_mapMUlPKcE_4_FUNES2_
                0x00000000                _ZN3mod14seq_change_mapMUlPKcE_4_FUNES1_

.text._ZN3mod8con_monoMUlPNS_9ConIntVarEiE_4_FUNES2_i
                0x00000000       0x18
 .text._ZN3mod8con_monoMUlPNS_9ConIntVarEiE_4_FUNES2_i
                0x00000000       0x18 console.o
                0x00000000                _ZN3mod8con_monoMUlPNS_9ConIntVarEiE_4_FUNES1_i
                0x00000000                _ZN3mod8con_monoMUlPNS_9ConIntVarEiE_4_FUNES2_i

.text._ZN18HeapCorruptionInfo10initBufferEv
                0x00000000       0x34
 .text._ZN18HeapCorruptionInfo10initBufferEv
                0x00000000       0x34 errorHandling.o
                0x00000000                _ZN18HeapCorruptionInfo10initBufferEv

.fini           0x00000034        0xc
 *(.fini)
                0x00000040                        . = ALIGN (0x20)
 *fill*         0x00000034        0xc 00000000
                [!provide]                        PROVIDE (__etext = .)
                [!provide]                        PROVIDE (_etext = .)
                [!provide]                        PROVIDE (etext = .)

.rodata         0x00000040     0xcdc1
 *(.rodata)
 *(.rodata.*)
 .rodata._ZN3mod3owr13seqSetSeqHookEN4ttyd6seqdrv8SeqIndexEPKcS5_.str1.1
                0x00000040       0x55 OWR.o
 *fill*         0x00000095        0x3 
 .rodata._ZN3mod3owr16pouchGetItemHookEi
                0x00000098       0x10 OWR.o
 .rodata._ZN3mod3owr13msgSearchHookEPKc.str1.1
                0x000000a8      0x565 OWR.o
 *fill*         0x0000060d        0x3 
 .rodata._ZN3mod3owr3OWR14OnModuleLoadedEP12OSModuleInfo
                0x00000610       0x70 OWR.o
 .rodata._ZL8GSWF_ARR
                0x00000680       0x20 OWR.o
 .rodata.cst4   0x000006a0        0x4 OWR.o
 .rodata._ZN3mod13mario_set_posMUlPKcE_4_FUNES2_.str1.1
                0x000006a4        0x9 con_mario.o
 .rodata._ZN3modL13mod_if_func24Ev.str1.1
                0x000006ad       0x20 con_mario.o
 .rodata._GLOBAL__sub_I__ZN3mod13mario_set_posE.str1.1
                0x000006cd       0x1d con_mario.o
 .rodata._ZN3modL13mod_if_func51Ev.str1.1
                0x000006ea       0x5b con_perf.o
 .rodata._ZN3mod15perf_fake_spikeMUlPKcE_4_FUNES2_.str1.1
                0x00000745        0x3 con_perf.o
 .rodata._ZN3modL13mod_if_func34Ev.str1.1
                0x00000748       0x1c con_perf.o
 .rodata._GLOBAL__sub_I__ZN3mod15perf_fake_spikeE.str1.1
                0x00000764       0x29 con_perf.o
 *fill*         0x0000078d        0x3 
 .rodata.cst4   0x00000790       0x10 con_perf.o
 .rodata._ZN3mod14seq_change_mapMUlPKcE_4_FUNES2_.str1.1
                0x000007a0       0x1e con_seq.o
 .rodata._GLOBAL__sub_I__ZN3mod13seq_logo_skipE.str1.1
                0x000007be       0x1d con_seq.o
 .rodata._ZN3mod13ConsoleSystem8logColorEPKcN2gc6color4E.str1.1
                0x000007db       0x80 console.o
 .rodata._ZN3mod7CC_findEPKc.str1.1
                0x0000085b       0x1d console.o
 .rodata._ZN3mod13ConsoleSystem14processCommandEPKc.str1.1
                0x00000878       0x28 console.o
 .rodata._ZN3mod13ConsoleSystem14updateUsbGeckoEv.str1.1
                0x000008a0       0x74 console.o
 .rodata._ZN3mod13ConsoleSystem4dispEv.str1.1
                0x00000914       0x16 console.o
 .rodata._GLOBAL__sub_I__ZN3mod10ConCommand6sFirstE.str1.1
                0x0000092a       0x7f console.o
 .rodata._ZZN3mod13ConsoleSystem4dispEvE12kPromptColor
                0x000009a9        0x4 console.o
 *fill*         0x000009ad        0x3 
 .rodata.cst4   0x000009b0        0x8 console.o
 .rodata._ZL21initStandardHeapErrorPKvib.str1.1
                0x000009b8       0x30 errorHandling.o
 .rodata._ZL18initSmartHeapErrorPKvb.str1.1
                0x000009e8       0x23 errorHandling.o
 .rodata._ZL16initMapHeapErrorPKvtb.str1.1
                0x00000a0b       0x2b errorHandling.o
 .rodata._ZN21NpcNameToPtrErrorInfo16drawErrorMessageEv.str1.1
                0x00000a36       0x1f errorHandling.o
 .rodata._ZN21AnimPoseMainErrorInfo16drawErrorMessageEv.str1.1
                0x00000a55       0x1f errorHandling.o
 .rodata.cst4   0x00000a74       0x10 errorHandling.o
 .rodata._ZL14fixMapProblemsv.str1.1
                0x00000a84       0x1e gamePatches.o
 .rodata.cPreventDiaryTextboxOptionSelection.str1.1
                0x00000aa2       0x19 gamePatches.o
 *fill*         0x00000abb        0x1 
 .rodata.cst4   0x00000abc        0x4 mod.o
 .rodata.cst4   0x00000ac0        0x8 util.o
 .rodata._ZL20aji_17_init_evt_hook
                0x00000ac8       0x10 aji.o
 .rodata._ZL19aji_17_init_evt_evt
                0x00000ad8       0x4c aji.o
 .rodata._ZL20aji_10_init_evt_hook
                0x00000b24       0x10 aji.o
 .rodata.str1.1
                0x00000b34       0x46 aji.o
 *fill*         0x00000b7a        0x2 
 .rodata._ZL19aji_10_init_evt_evt
                0x00000b7c      0x288 aji.o
 .rodata._ZL18teshita3_init_hook
                0x00000e04       0x10 aji.o
 .rodata._ZL17teshita3_init_evt
                0x00000e14       0xc0 aji.o
 .rodata._ZL18teshita2_init_hook
                0x00000ed4       0x10 aji.o
 .rodata._ZL17teshita2_init_evt
                0x00000ee4       0xc0 aji.o
 .rodata._ZL20peach_evt_ele_2_hook
                0x00000fa4       0x24 aji.o
 .rodata._ZL19peach_evt_ele_2_evt
                0x00000fc8       0x6c aji.o
 .rodata._ZL20aji_16_init_evt_hook
                0x00001034       0x10 aji.o
 .rodata._ZL19aji_16_init_evt_evt
                0x00001044       0x5c aji.o
 .rodata._ZL21aji_10_init_evt_hook2
                0x000010a0       0x10 aji.o
 .rodata._ZL20aji_10_init_evt_evt2
                0x000010b0       0x5c aji.o
 .rodata._ZL20aji_00_init_evt_hook
                0x0000110c       0x10 aji.o
 .rodata._ZL19aji_00_init_evt_evt
                0x0000111c       0x5c aji.o
 .rodata._ZL7npcEnt4
                0x00001178        0xb aji.o
 *fill*         0x00001183        0x1 
 .rodata._ZL7npcEnt3
                0x00001184       0x13 aji.o
 *fill*         0x00001197        0x1 
 .rodata._ZL4npc4
                0x00001198       0x13 aji.o
 *fill*         0x000011ab        0x1 
 .rodata._ZL4npc3
                0x000011ac        0x7 aji.o
 *fill*         0x000011b3        0x1 
 .rodata._ZL4npc2
                0x000011b4        0xf aji.o
 *fill*         0x000011c3        0x1 
 .rodata._ZL4npc1
                0x000011c4        0x7 aji.o
 .rodata.str1.1
                0x000011cb       0x12 dou.o
 *fill*         0x000011dd        0x3 
 .rodata._ZL20peramajin_after_item
                0x000011e0       0x9c dou.o
 .rodata._ZL12evt_elv_hook
                0x0000127c       0x28 eki.o
 .rodata.str1.1
                0x000012a4       0x2f eki.o
 *fill*         0x000012d3        0x1 
 .rodata._ZL11evt_elv_evt
                0x000012d4      0x114 eki.o
 .rodata.str1.1
                0x000013e8        0xb gon.o
 *fill*         0x000013f3        0x1 
 .rodata._ZL19gon_evt_majin2_item
                0x000013f4       0xd0 gon.o
 .rodata._ZL21gor_00_init_evt2_hook
                0x000014c4       0x10 gor_00.o
 .rodata._ZL21gor_00_init_evt1_hook
                0x000014d4       0x10 gor_00.o
 .rodata.str1.1
                0x000014e4      0x2af gor_00.o
 *fill*         0x00001793        0x1 
 .rodata._ZL16gor_00_init_evt1
                0x00001794      0x1f8 gor_00.o
 .rodata._ZL21suifubomb_c_talk_hook
                0x0000198c       0x10 gor_00.o
 .rodata._ZL20suifubomb_c_talk_evt
                0x0000199c       0xa0 gor_00.o
 .rodata._ZL21suifubomb_c_init_hook
                0x00001a3c       0x10 gor_00.o
 .rodata._ZL20suifubomb_c_init_evt
                0x00001a4c       0x40 gor_00.o
 .rodata._ZL18korutesu_init_hook
                0x00001a8c       0x10 gor_00.o
 .rodata._ZL17korutesu_init_evt
                0x00001a9c       0x58 gor_00.o
 .rodata._ZL20suifubomb_b_talk_evt
                0x00001af4       0xd4 gor_00.o
 .rodata._ZL21suifubomb_b_regl_hook
                0x00001bc8       0x10 gor_00.o
 .rodata._ZL20suifubomb_b_regl_evt
                0x00001bd8      0x120 gor_00.o
 .rodata._ZL20suifubomb_a_talk_evt
                0x00001cf8      0x150 gor_00.o
 .rodata._ZL21suifubomb_a_regl_hook
                0x00001e48       0x10 gor_00.o
 .rodata._ZL20suifubomb_a_regl_evt
                0x00001e58       0x90 gor_00.o
 .rodata._ZL21suifubomb_a_init_hook
                0x00001ee8       0x10 gor_00.o
 .rodata._ZL20suifubomb_a_init_evt
                0x00001ef8       0xc8 gor_00.o
 .rodata._ZL16suifu_b_talk_evt
                0x00001fc0       0xd4 gor_00.o
 .rodata._ZL20luigi_npcEnt_00_hook
                0x00002094       0x10 gor_00.o
 .rodata._ZL19luigi_npcEnt_00_evt
                0x000020a4       0x80 gor_00.o
 .rodata._ZL18luigi_init_00_hook
                0x00002124       0x10 gor_00.o
 .rodata._ZL17luigi_init_00_evt
                0x00002134       0x50 gor_00.o
 .rodata._ZL16mokorim_init_evt
                0x00002184       0x30 gor_00.o
 .rodata._ZL17suifu_b_init_hook
                0x000021b4       0x10 gor_00.o
 .rodata._ZL16suifu_b_init_evt
                0x000021c4       0xc8 gor_00.o
 .rodata._ZL17suifu_a_regl_hook
                0x0000228c       0x10 gor_00.o
 .rodata._ZL16suifu_a_regl_evt
                0x0000229c       0x80 gor_00.o
 .rodata._ZL16suifu_a_talk_evt
                0x0000231c       0xd4 gor_00.o
 .rodata._ZL19odoodo_ani_talk_evt
                0x000023f0       0x20 gor_00.o
 .rodata._ZL15odoodo_talk_evt
                0x00002410      0x128 gor_00.o
 .rodata._ZL16odoodo_regl_hook
                0x00002538       0x10 gor_00.o
 .rodata._ZL15odoodo_regl_evt
                0x00002548       0x94 gor_00.o
 .rodata._ZL16odoodo_init_hook
                0x000025dc       0x10 gor_00.o
 .rodata._ZL15odoodo_init_evt
                0x000025ec      0x114 gor_00.o
 .rodata._ZL17garawaru_talk_evt
                0x00002700       0xb8 gor_00.o
 .rodata._ZL18garawaru_regl_hook
                0x000027b8       0x10 gor_00.o
 .rodata._ZL17garawaru_regl_evt
                0x000027c8      0x120 gor_00.o
 .rodata._ZL18garawaru_init_hook
                0x000028e8       0x10 gor_00.o
 .rodata._ZL17garawaru_init_evt
                0x000028f8      0x140 gor_00.o
 .rodata._ZL7npcEnt2
                0x00002a38        0x9 gor_00.o
 *fill*         0x00002a41        0x3 
 .rodata._ZL6npcEnt
                0x00002a44        0x9 gor_00.o
 .rodata.str1.1
                0x00002a4d       0x9f gor_01.o
 .rodata._ZL15bomhei_talk_evt
                0x00002aec       0x20 gor_01.o
 .rodata._ZL16chusan2_talk_evt
                0x00002b0c       0x20 gor_01.o
 .rodata._ZL16chusan1_talk_evt
                0x00002b2c       0x20 gor_01.o
 .rodata._ZL16kuribo3_talk_evt
                0x00002b4c       0x20 gor_01.o
 .rodata._ZL16kuribo2_talk_evt
                0x00002b6c       0x20 gor_01.o
 .rodata._ZL16kuribo1_talk_evt
                0x00002b8c       0x20 gor_01.o
 .rodata._ZL15roten2_talk_evt
                0x00002bac       0x20 gor_01.o
 .rodata._ZL15roten1_talk_evt
                0x00002bcc       0x20 gor_01.o
 .rodata._ZL19shoptender_talk_evt
                0x00002bec       0x20 gor_01.o
 .rodata._ZL15kinoji_talk_evt
                0x00002c0c       0x20 gor_01.o
 .rodata._ZL19bottakuru_init_hook
                0x00002c2c       0x10 gor_01.o
 .rodata._ZL18bottakuru_init_evt
                0x00002c3c       0x70 gor_01.o
 .rodata._ZL18marco_init_01_hook
                0x00002cac       0x10 gor_01.o
 .rodata._ZL17marco_init_01_evt
                0x00002cbc       0x40 gor_01.o
 .rodata._ZL20badgemaster_talk_evt
                0x00002cfc       0x20 gor_01.o
 .rodata._ZL15luigi_init_hook
                0x00002d1c       0x10 gor_02.o
 .rodata.str1.1
                0x00002d2c      0x22d gor_02.o
 *fill*         0x00002f59        0x3 
 .rodata._ZL14luigi_init_evt
                0x00002f5c       0x4c gor_02.o
 .rodata._ZL20tozokudan2_talk_hook
                0x00002fa8        0xc gor_02.o
 .rodata._ZL19tozokudan2_talk_evt
                0x00002fb4      0x160 gor_02.o
 .rodata._ZL20tozokudan1_talk_hook
                0x00003114        0xc gor_02.o
 .rodata._ZL19tozokudan1_talk_evt
                0x00003120      0x160 gor_02.o
 .rodata._ZL20kurihakase_init_hook
                0x00003280       0x10 gor_02.o
 .rodata._ZL19kurihakase_init_evt
                0x00003290      0x294 gor_02.o
 .rodata._ZL19kurihakase_talk_evt
                0x00003524      0x2cc gor_02.o
 .rodata._ZL22evt_door_02_open_hook2
                0x000037f0       0x10 gor_02.o
 .rodata._ZL21evt_door_02_open_evt2
                0x00003800       0xc4 gor_02.o
 .rodata._ZL21evt_door_02_open_hook
                0x000038c4       0x10 gor_02.o
 .rodata._ZL20evt_door_02_open_evt
                0x000038d4      0x184 gor_02.o
 .rodata._ZL21gor_02_init_evt2_hook
                0x00003a58       0x10 gor_02.o
 .rodata._ZL16gor_02_init_evt2
                0x00003a68       0xcc gor_02.o
 .rodata._ZL21gor_02_init_evt1_hook
                0x00003b34       0x10 gor_02.o
 .rodata._ZL16gor_02_init_evt1
                0x00003b44      0x138 gor_02.o
 .rodata._ZL16borodo2_talk_evt
                0x00003c7c       0x20 gor_02.o
 .rodata._ZL16borodo1_talk_evt
                0x00003c9c       0x20 gor_02.o
 .rodata._ZL15roten3_talk_evt
                0x00003cbc       0x20 gor_02.o
 .rodata._ZL16chusan3_talk_evt
                0x00003cdc       0x20 gor_02.o
 .rodata._ZL16kuribo4_talk_evt
                0x00003cfc       0x20 gor_02.o
 .rodata._ZL20gor_03_init_evt_hook
                0x00003d1c       0x10 gor_03.o
 .rodata.str1.1
                0x00003d2c      0x100 gor_03.o
 .rodata._ZL19gor_03_init_evt_evt
                0x00003e2c      0x160 gor_03.o
 .rodata._ZL16maffia3_talk_evt
                0x00003f8c       0x20 gor_03.o
 .rodata._ZL16maffia2_talk_evt
                0x00003fac      0x140 gor_03.o
 .rodata._ZL16maffia1_talk_evt
                0x000040ec      0x140 gor_03.o
 .rodata._ZL26maffiaboss_casino_talk_evt
                0x0000422c       0x20 gor_03.o
 .rodata._ZL26maffiaboss_talk_common_evt
                0x0000424c      0x120 gor_03.o
 .rodata.str1.1
                0x0000436c        0x7 gor_misc.o
 *fill*         0x00004373        0x1 
 .rodata._ZL9party_evt
                0x00004374       0x9c gor_misc.o
 .rodata._ZL9goombella
                0x00004410        0x9 gor_misc.o
 *fill*         0x00004419        0x3 
 .rodata._ZL16evt_nameent_hook
                0x0000441c       0x10 gra.o
 .rodata._ZL15evt_nameent_evt
                0x0000442c       0x44 gra.o
 .rodata.str1.1
                0x00004470       0x18 gra.o
 .rodata._ZL17evt_machibuse_evt
                0x00004488       0x4c gra.o
 .rodata._ZL8doopliss
                0x000044d4        0xb gra.o
 *fill*         0x000044df        0x1 
 .rodata._ZL11stones_hook
                0x000044e0       0x10 hei.o
 .rodata.str1.1
                0x000044f0       0x21 hei.o
 *fill*         0x00004511        0x3 
 .rodata._ZL10stones_evt
                0x00004514       0xd8 hei.o
 .rodata._ZL13hei_party_evt
                0x000045ec       0x80 hei.o
 .rodata._ZL5koops
                0x0000466c        0xb hei.o
 *fill*         0x00004677        0x1 
 .rodata._ZL20hom_00_init_evt_hook
                0x00004678       0x10 hom.o
 .rodata.str1.1
                0x00004688       0x1f hom.o
 *fill*         0x000046a7        0x1 
 .rodata._ZL19hom_00_init_evt_evt
                0x000046a8       0x94 hom.o
 .rodata._ZL20jin_08_init_evt_hook
                0x0000473c        0x8 jin.o
 .rodata._ZL19jin_08_init_evt_evt
                0x00004744       0x1c jin.o
 .rodata._ZL18tenkyugi_evt2_hook
                0x00004760       0x10 las.o
 .rodata.str1.1
                0x00004770       0x68 las.o
 .rodata._ZL17tenkyugi_evt2_evt
                0x000047d8       0x2c las.o
 .rodata._ZL20las_10_init_evt_hook
                0x00004804       0x10 las.o
 .rodata._ZL19las_10_init_evt_evt
                0x00004814       0x40 las.o
 .rodata._ZL13stairs_revert
                0x00004854      0x104 las.o
 .rodata._Z25ApplyItemDataTablePatchesv.str1.1
                0x00004958       0xc2 main.o
 *fill*         0x00004a1a        0x2 
 .rodata._ZL17main_buy_evt_hook
                0x00004a1c       0x10 main.o
 .rodata._ZL16main_buy_evt_evt
                0x00004a2c       0x50 main.o
 .rodata._ZL20mri_09_init_evt_hook
                0x00004a7c       0x10 mri.o
 .rodata.str1.1
                0x00004a8c      0x181 mri.o
 *fill*         0x00004c0d        0x3 
 .rodata._ZL19mri_09_init_evt_evt
                0x00004c10      0x14c mri.o
 .rodata._ZL20mri_04_init_evt_hook
                0x00004d5c       0x10 mri.o
 .rodata._ZL19mri_04_init_evt_evt
                0x00004d6c       0x30 mri.o
 .rodata._ZL16bero_custom_hook
                0x00004d9c       0x10 mri.o
 .rodata._ZL15bero_custom_evt
                0x00004dac       0x44 mri.o
 .rodata._ZL21mri_01_init_evt_hook2
                0x00004df0       0x10 mri.o
 .rodata._ZL19mri_01_init_evt_evt
                0x00004e00       0x30 mri.o
 .rodata._ZL18puniinfo_talk_hook
                0x00004e30       0x10 mri.o
 .rodata._ZL20mri_03_init_evt_hook
                0x00004e40       0x14 mri.o
 .rodata._ZL22mri_03_init_evt_switch
                0x00004e54       0x9c mri.o
 .rodata._ZL20mri_01_init_evt_hook
                0x00004ef0       0x14 mri.o
 .rodata._ZL22mri_01_init_evt_switch
                0x00004f04       0xb0 mri.o
 .rodata._ZL23mri_sister_init_01_hook
                0x00004fb4       0x10 mri.o
 .rodata._ZL22mri_sister_init_01_evt
                0x00004fc4       0xa8 mri.o
 .rodata._ZL16puni_2_init_hook
                0x0000506c       0x10 mri.o
 .rodata._ZL15puni_2_init_evt
                0x0000507c       0x78 mri.o
 .rodata._ZL16puni_1_talk_hook
                0x000050f4       0x10 mri.o
 .rodata._ZL15puni_1_talk_evt
                0x00005104       0xb0 mri.o
 .rodata._ZL16puni_1_init_hook
                0x000051b4       0x10 mri.o
 .rodata._ZL15puni_1_init_evt
                0x000051c4       0x78 mri.o
 .rodata._ZL15elder_talk_hook
                0x0000523c       0x10 mri.o
 .rodata._ZL14elder_talk_evt
                0x0000524c       0xb8 mri.o
 .rodata._ZL22mri_elder_init_01_hook
                0x00005304       0x10 mri.o
 .rodata._ZL21mri_elder_init_01_evt
                0x00005314       0xcc mri.o
 .rodata._ZL22mri_rival_init_01_hook
                0x000053e0       0x10 mri.o
 .rodata._ZL21mri_rival_init_01_evt
                0x000053f0       0xb8 mri.o
 .rodata._ZL18guide_init_01_hook
                0x000054a8       0x10 mri.o
 .rodata._ZL17guide_init_01_evt
                0x000054b8       0x8c mri.o
 .rodata._ZL15guide_talk_hook
                0x00005544       0x10 mri.o
 .rodata._ZL14guide_talk_evt
                0x00005554       0x98 mri.o
 .rodata._ZL18guide_init_00_hook
                0x000055ec       0x10 mri.o
 .rodata._ZL17guide_init_00_evt
                0x000055fc      0x150 mri.o
 .rodata._ZL19dokuroiwa_bomb_hook
                0x0000574c       0x10 muj.o
 .rodata.str1.1
                0x0000575c      0x396 muj.o
 *fill*         0x00005af2        0x2 
 .rodata._ZL18dokuroiwa_bomb_evt
                0x00005af4       0x34 muj.o
 .rodata._ZL14muj_party_hook
                0x00005b28       0x10 muj.o
 .rodata._ZL13muj_party_evt
                0x00005b38       0xac muj.o
 .rodata._ZL22peton_init_muj_01_hook
                0x00005be4       0x10 muj.o
 .rodata._ZL21peton_init_muj_01_evt
                0x00005bf4       0x54 muj.o
 .rodata._ZL21mony_init_muj_01_hook
                0x00005c48       0x10 muj.o
 .rodata._ZL20mony_init_muj_01_evt
                0x00005c58       0x54 muj.o
 .rodata._ZL17koburon_dead_hook
                0x00005cac       0x10 muj.o
 .rodata._ZL16koburon_dead_evt
                0x00005cbc      0x3bc muj.o
 .rodata._ZL20muj_01_init_evt_hook
                0x00006078       0x10 muj.o
 .rodata._ZL19muj_01_init_evt_evt
                0x00006088       0x50 muj.o
 .rodata._ZL21borosuifu_b_talk_hook
                0x000060d8       0x10 muj.o
 .rodata._ZL20borosuifu_b_talk_evt
                0x000060e8       0xf8 muj.o
 .rodata._ZL21borosuifu_a_talk_hook
                0x000061e0       0x10 muj.o
 .rodata._ZL20borosuifu_a_talk_evt
                0x000061f0       0xf8 muj.o
 .rodata._ZL24suifu_d_talk_muj_01_hook
                0x000062e8       0x10 muj.o
 .rodata._ZL23suifu_d_talk_muj_01_evt
                0x000062f8       0xf8 muj.o
 .rodata._ZL20suifu_bomb_talk_hook
                0x000063f0       0x10 muj.o
 .rodata._ZL19suifu_bomb_talk_evt
                0x00006400       0xf4 muj.o
 .rodata._ZL20suifu_bomb_init_hook
                0x000064f4       0x10 muj.o
 .rodata._ZL19suifu_bomb_init_evt
                0x00006504       0x30 muj.o
 .rodata._ZL24suifu_a_talk_muj_01_hook
                0x00006534       0x10 muj.o
 .rodata._ZL23suifu_a_talk_muj_01_evt
                0x00006544       0xf4 muj.o
 .rodata._ZL24suifu_a_init_muj_01_hook
                0x00006638       0x10 muj.o
 .rodata._ZL23suifu_a_init_muj_01_evt
                0x00006648       0x40 muj.o
 .rodata._ZL23odoodo_init_muj_01_hook
                0x00006688       0x10 muj.o
 .rodata._ZL22odoodo_init_muj_01_evt
                0x00006698       0x40 muj.o
 .rodata._ZL23megane_init_muj_01_hook
                0x000066d8       0x10 muj.o
 .rodata._ZL22megane_init_muj_01_evt
                0x000066e8       0x40 muj.o
 .rodata._ZL18marco_talk_coconut
                0x00006728       0x10 muj.o
 .rodata._ZL22marco_init_muj_01_hook
                0x00006738       0x10 muj.o
 .rodata._ZL21marco_init_muj_01_evt
                0x00006748       0x9c muj.o
 .rodata._ZL25garawaru_talk_muj_01_hook
                0x000067e4       0x10 muj.o
 .rodata._ZL24garawaru_talk_muj_01_evt
                0x000067f4      0x4b4 muj.o
 .rodata._ZL25garawaru_init_muj_01_hook
                0x00006ca8       0x10 muj.o
 .rodata._ZL24garawaru_init_muj_01_evt
                0x00006cb8       0xd8 muj.o
 .rodata._ZL20muj_00_init_evt_hook
                0x00006d90       0x44 muj.o
 .rodata._ZL21muj_00_init_evt_evt_2
                0x00006dd4       0x70 muj.o
 .rodata._ZL19muj_00_init_evt_evt
                0x00006e44       0x40 muj.o
 .rodata._ZL22peton_talk_muj_00_hook
                0x00006e84       0x10 muj.o
 .rodata._ZL21peton_talk_muj_00_evt
                0x00006e94       0x8c muj.o
 .rodata._ZL21mony_talk_muj_00_hook
                0x00006f20       0x10 muj.o
 .rodata._ZL20mony_talk_muj_00_evt
                0x00006f30       0x8c muj.o
 .rodata._ZL5marco
                0x00006fbc        0x7 muj.o
 *fill*         0x00006fc3        0x1 
 .rodata._ZL17nokorin_talk_hook
                0x00006fc4       0x10 nok.o
 .rodata.str1.1
                0x00006fd4      0x4b1 nok.o
 *fill*         0x00007485        0x3 
 .rodata._ZL16nokorin_talk_evt
                0x00007488      0x2f4 nok.o
 .rodata._ZL19boss_noko_talk_hook
                0x0000777c       0x10 nok.o
 .rodata._ZL18boss_noko_talk_evt
                0x0000778c      0x164 nok.o
 .rodata._ZL20nokonoko_K_talk_hook
                0x000078f0       0x10 nok.o
 .rodata._ZL19nokonoko_K_talk_evt
                0x00007900       0xd4 nok.o
 .rodata._ZL18nokopapa_talk_hook
                0x000079d4       0x10 nok.o
 .rodata._ZL17nokopapa_talk_evt
                0x000079e4      0x128 nok.o
 .rodata._ZL16monban_talk_hook
                0x00007b0c       0x10 nok.o
 .rodata._ZL15monban_talk_evt
                0x00007b1c      0x11c nok.o
 .rodata._ZL20nokonoko_I_talk_hook
                0x00007c38       0x10 nok.o
 .rodata._ZL19nokonoko_I_talk_evt
                0x00007c48       0xd4 nok.o
 .rodata._ZL20nokonoko_H_talk_hook
                0x00007d1c       0x10 nok.o
 .rodata._ZL19nokonoko_H_talk_evt
                0x00007d2c       0xfc nok.o
 .rodata._ZL20nokonoko_G_talk_hook
                0x00007e28       0x10 nok.o
 .rodata._ZL19nokonoko_G_talk_evt
                0x00007e38       0xd4 nok.o
 .rodata._ZL15talk_white_hook
                0x00007f0c       0x10 nok.o
 .rodata._ZL14talk_white_evt
                0x00007f1c       0xa4 nok.o
 .rodata._ZL15init_white_hook
                0x00007fc0       0x10 nok.o
 .rodata._ZL14init_white_evt
                0x00007fd0       0x44 nok.o
 .rodata._ZL20nokonoko_F_talk_hook
                0x00008014       0x10 nok.o
 .rodata._ZL19nokonoko_F_talk_evt
                0x00008024       0xd4 nok.o
 .rodata._ZL20nokonoko_D_talk_hook
                0x000080f8       0x10 nok.o
 .rodata._ZL19nokonoko_D_talk_evt
                0x00008108       0xfc nok.o
 .rodata._ZL20nokonoko_C_talk_hook
                0x00008204       0x10 nok.o
 .rodata._ZL19nokonoko_C_talk_evt
                0x00008214       0xd4 nok.o
 .rodata._ZL20nokonoko_B_talk_hook
                0x000082e8       0x10 nok.o
 .rodata._ZL19nokonoko_B_talk_evt
                0x000082f8       0xd4 nok.o
 .rodata._ZL20nokonoko_A_talk_hook
                0x000083cc       0x10 nok.o
 .rodata._ZL19nokonoko_A_talk_evt
                0x000083dc      0x10c nok.o
 .rodata._ZL16pik_00_init_hook
                0x000084e8       0x10 pik.o
 .rodata.str1.1
                0x000084f8      0x166 pik.o
 *fill*         0x0000865e        0x2 
 .rodata._ZL19pik_00_init_evt_evt
                0x00008660       0x58 pik.o
 .rodata._ZL31pik_talk_madam_ring_return_hook
                0x000086b8       0x10 pik.o
 .rodata._ZL24pik_talk_madam_ring_item
                0x000086c8       0xb8 pik.o
 .rodata._ZL14evt_daiza_hook
                0x00008780       0x1c pik.o
 .rodata._ZL13evt_daiza_evt
                0x0000879c       0x5c pik.o
 .rodata._ZL18pik_evt_powan_hook
                0x000087f8       0x28 pik.o
 .rodata._ZL17pik_evt_powan_evt
                0x00008820       0x94 pik.o
 .rodata._ZL16takun6_talk_hook
                0x000088b4       0x10 pik.o
 .rodata._ZL15takun6_talk_evt
                0x000088c4       0x78 pik.o
 .rodata._ZL16takun5_talk_hook
                0x0000893c       0x10 pik.o
 .rodata._ZL15takun5_talk_evt
                0x0000894c       0x78 pik.o
 .rodata._ZL16takun4_talk_hook
                0x000089c4       0x10 pik.o
 .rodata._ZL15takun4_talk_evt
                0x000089d4       0xb4 pik.o
 .rodata._ZL18miyageya_talk_hook
                0x00008a88       0x28 pik.o
 .rodata._ZL17miyageya_talk_evt
                0x00008ab0      0x114 pik.o
 .rodata._ZL6madam2
                0x00008bc4        0x7 pik.o
 *fill*         0x00008bcb        0x1 
 .rodata._ZL28talk_madam_ring_return_hook2
                0x00008bcc       0x10 rsh.o
 .rodata.str1.1
                0x00008bdc      0x1b8 rsh.o
 .rodata._ZL24rsh_talk_madam_ring_item
                0x00008d94       0xbc rsh.o
 .rodata._ZL15talk_madam_hook
                0x00008e50       0x10 rsh.o
 .rodata._ZL28talk_madam_ring_return_hook1
                0x00008e60       0x10 rsh.o
 .rodata._ZL26talk_madam_ring_return_evt
                0x00008e70       0x70 rsh.o
 .rodata._ZL16init_konari_hook
                0x00008ee0       0x10 rsh.o
 .rodata._ZL14init_papa_hook
                0x00008ef0       0x10 rsh.o
 .rodata._ZL15init_konari_evt
                0x00008f00       0x9c rsh.o
 .rodata._ZL15init_powan_hook
                0x00008f9c       0x10 rsh.o
 .rodata._ZL14init_powan_evt
                0x00008fac       0xec rsh.o
 .rodata._ZL19talk_waitless_hook2
                0x00009098       0x10 rsh.o
 .rodata._ZL19talk_waitless_hook1
                0x000090a8       0x10 rsh.o
 .rodata._ZL17talk_waitless_evt
                0x000090b8       0x78 rsh.o
 .rodata._ZL21rsh_01_init_evt_hook2
                0x00009130       0x10 rsh.o
 .rodata._ZL19rsh_01_init_evt_evt
                0x00009140       0xd8 rsh.o
 .rodata._ZL20rsh_00_init_evt_hook
                0x00009218       0x10 rsh.o
 .rodata._ZL19rsh_00_init_evt_evt
                0x00009228       0xb8 rsh.o
 .rodata._ZL20rsh_04_init_evt_hook
                0x000092e0       0x10 rsh.o
 .rodata._ZL20rsh_03_init_evt_hook
                0x000092f0       0x10 rsh.o
 .rodata._ZL20rsh_02_init_evt_hook
                0x00009300       0x10 rsh.o
 .rodata._ZL21rsh_01_init_evt_hook1
                0x00009310       0x10 rsh.o
 .rodata._ZL19rsh_04_init_evt_evt
                0x00009320       0xa4 rsh.o
 .rodata._ZL26rsh_03_init_evt_music_hook
                0x000093c4       0x10 rsh.o
 .rodata._ZL21rsh_03_init_evt_music
                0x000093d4      0x1f8 rsh.o
 .rodata._ZL26rsh_02_init_evt_music_hook
                0x000095cc       0x10 rsh.o
 .rodata._ZL21rsh_02_init_evt_music
                0x000095dc      0x270 rsh.o
 .rodata._ZL26rsh_01_init_evt_music_hook
                0x0000984c       0x10 rsh.o
 .rodata._ZL21rsh_01_init_evt_music
                0x0000985c      0x1f8 rsh.o
 .rodata._ZL26rsh_00_init_evt_music_hook
                0x00009a54       0x10 rsh.o
 .rodata._ZL21rsh_00_init_evt_music
                0x00009a64      0x1f8 rsh.o
 .rodata._ZL26rsh_04_init_evt_music_hook
                0x00009c5c       0x10 rsh.o
 .rodata._ZL21rsh_04_init_evt_music
                0x00009c6c      0x1f8 rsh.o
 .rodata._ZL20rsh_06_init_evt_hook
                0x00009e64       0x10 rsh.o
 .rodata._ZL19rsh_06_init_evt_evt
                0x00009e74      0x178 rsh.o
 .rodata._ZL6madam1
                0x00009fec        0x7 rsh.o
 .rodata.str1.1
                0x00009ff3      0x20a tik.o
 *fill*         0x0000a1fd        0x3 
 .rodata._ZL19tik_evt_majin2_item
                0x0000a200       0xa8 tik.o
 .rodata._ZL21tik_05_init_evt_hook2
                0x0000a2a8       0x10 tik.o
 .rodata._ZL20tik_05_init_evt_evt2
                0x0000a2b8       0xa4 tik.o
 .rodata._ZL20tik_05_init_evt_hook
                0x0000a35c       0x10 tik.o
 .rodata._ZL19tik_05_init_evt_evt
                0x0000a36c       0x48 tik.o
 .rodata._ZL24tik_kurihakase_init_hook
                0x0000a3b4       0x10 tik.o
 .rodata._ZL23tik_kurihakase_init_evt
                0x0000a3c4       0x8c tik.o
 .rodata._ZL18master_2_talk_hook
                0x0000a450       0x10 tik.o
 .rodata._ZL17master_2_talk_evt
                0x0000a460      0x180 tik.o
 .rodata._ZL17borodo4_talk_hook
                0x0000a5e0       0x10 tik.o
 .rodata._ZL16borodo4_talk_evt
                0x0000a5f0      0x180 tik.o
 .rodata._ZL17borodo3_talk_hook
                0x0000a770       0x10 tik.o
 .rodata._ZL16borodo3_talk_evt
                0x0000a780      0x180 tik.o
 .rodata._ZL17chusan4_talk_hook
                0x0000a900       0x10 tik.o
 .rodata._ZL16chusan4_talk_evt
                0x0000a910      0x180 tik.o
 .rodata._ZL17kuribo5_talk_hook
                0x0000aa90       0x10 tik.o
 .rodata._ZL16kuribo5_talk_evt
                0x0000aaa0      0x180 tik.o
 .rodata._ZL16hotdog_item_hook
                0x0000ac20       0x10 tou.o
 .rodata.str1.1
                0x0000ac30       0x76 tou.o
 *fill*         0x0000aca6        0x2 
 .rodata._ZL11hotdog_item
                0x0000aca8       0xe8 tou.o
 .rodata._ZL18tou_party_evt_hook
                0x0000ad90       0x10 tou.o
 .rodata._ZL13tou_party_evt
                0x0000ada0       0x5c tou.o
 .rodata._ZL20tou_04_init_evt_hook
                0x0000adfc       0x10 tou.o
 .rodata._ZL19tou_04_init_evt_evt
                0x0000ae0c       0x78 tou.o
 .rodata._ZL14yoshi_gswf_evt
                0x0000ae84       0x14 tou.o
 .rodata._ZL15jolene_egg_hook
                0x0000ae98       0x10 tou.o
 .rodata._ZL14jolene_egg_evt
                0x0000aea8      0x220 tou.o
 .rodata._ZL16talk_sakaba_hook
                0x0000b0c8       0x10 tou.o
 .rodata._ZL15talk_sakaba_evt
                0x0000b0d8       0x84 tou.o
 .rodata._ZL6jolene
                0x0000b15c        0xb tou.o
 .rodata.str1.1
                0x0000b167      0x49e usu.o
 *fill*         0x0000b605        0x3 
 .rodata._ZL19usu_evt_majin2_item
                0x0000b608       0xa8 usu.o
 .rodata._ZL18usu_party_evt_hook
                0x0000b6b0       0x10 usu.o
 .rodata._ZL13usu_party_evt
                0x0000b6c0       0xc8 usu.o
 .rodata._ZL23village_chief_init_hook
                0x0000b788       0x10 usu.o
 .rodata._ZL22village_chief_init_evt
                0x0000b798       0x58 usu.o
 .rodata._ZL27village_chief_pig_init_hook
                0x0000b7f0       0x10 usu.o
 .rodata._ZL26village_chief_pig_init_evt
                0x0000b800       0x70 usu.o
 .rodata._ZL23village_chief_talk_hook
                0x0000b870       0x10 usu.o
 .rodata._ZL22village_chief_talk_evt
                0x0000b880      0x1c8 usu.o
 .rodata._ZL20gatekeeper_init_hook
                0x0000ba48       0x10 usu.o
 .rodata._ZL19gatekeeper_init_evt
                0x0000ba58       0x8c usu.o
 .rodata._ZL24gatekeeper_pig_init_hook
                0x0000bae4       0x10 usu.o
 .rodata._ZL23gatekeeper_pig_init_evt
                0x0000baf4       0x78 usu.o
 .rodata._ZL20gatekeeper_talk_hook
                0x0000bb6c       0x10 usu.o
 .rodata._ZL19gatekeeper_talk_evt
                0x0000bb7c      0x114 usu.o
 .rodata._ZL20usu_00_init_evt_hook
                0x0000bc90       0x14 usu.o
 .rodata._ZL19usu_00_init_evt_evt
                0x0000bca4       0x5c usu.o
 .rodata._ZL20shop_woman_talk_hook
                0x0000bd00       0x10 usu.o
 .rodata._ZL19shop_woman_talk_evt
                0x0000bd10       0x78 usu.o
 .rodata._ZL18shop_man_talk_hook
                0x0000bd88       0x10 usu.o
 .rodata._ZL17shop_man_talk_evt
                0x0000bd98       0x78 usu.o
 .rodata._ZL19villagerJ_talk_hook
                0x0000be10       0x10 usu.o
 .rodata._ZL18villagerJ_talk_evt
                0x0000be20      0x104 usu.o
 .rodata._ZL19villagerI_talk_hook
                0x0000bf24       0x10 usu.o
 .rodata._ZL18villagerI_talk_evt
                0x0000bf34      0x104 usu.o
 .rodata._ZL19villagerH_talk_hook
                0x0000c038       0x10 usu.o
 .rodata._ZL18villagerH_talk_evt
                0x0000c048       0xd0 usu.o
 .rodata._ZL19villagerG_talk_hook
                0x0000c118       0x10 usu.o
 .rodata._ZL18villagerG_talk_evt
                0x0000c128       0xf0 usu.o
 .rodata._ZL19villagerF_talk_hook
                0x0000c218       0x10 usu.o
 .rodata._ZL18villagerF_talk_evt
                0x0000c228       0xf0 usu.o
 .rodata._ZL19villagerK_talk_hook
                0x0000c318       0x10 usu.o
 .rodata._ZL18villagerK_talk_evt
                0x0000c328      0x130 usu.o
 .rodata._ZL19villagerE_talk_hook
                0x0000c458       0x10 usu.o
 .rodata._ZL18villagerE_talk_evt
                0x0000c468      0x130 usu.o
 .rodata._ZL19villagerD_talk_hook
                0x0000c598       0x10 usu.o
 .rodata._ZL18villagerD_talk_evt
                0x0000c5a8      0x194 usu.o
 .rodata._ZL19villagerC_talk_hook
                0x0000c73c       0x10 usu.o
 .rodata._ZL18villagerC_talk_evt
                0x0000c74c       0xfc usu.o
 .rodata._ZL19villagerB_talk_hook
                0x0000c848       0x10 usu.o
 .rodata._ZL18villagerB_talk_evt
                0x0000c858       0xfc usu.o
 .rodata._ZL19villagerA_talk_hook
                0x0000c954       0x10 usu.o
 .rodata._ZL18villagerA_talk_evt
                0x0000c964      0x130 usu.o
 .rodata._ZL19villagerA_init_hook
                0x0000ca94       0x10 usu.o
 .rodata._ZL18villagerA_init_evt
                0x0000caa4       0x6c usu.o
 .rodata._ZL6vivian
                0x0000cb10        0x9 usu.o
 *fill*         0x0000cb19        0x3 
 .rodata._ZL5mayor
                0x0000cb1c        0x5 usu.o
 *fill*         0x0000cb21        0x3 
 .rodata._ZL9mayor_pig
                0x0000cb24        0x9 usu.o
 *fill*         0x0000cb2d        0x3 
 .rodata._ZL8doopliss
                0x0000cb30        0xb usu.o
 *fill*         0x0000cb3b        0x1 
 .rodata._ZL10gatekeeper
                0x0000cb3c        0x5 usu.o
 *fill*         0x0000cb41        0x3 
 .rodata._ZL14gatekeeper_pig
                0x0000cb44        0x9 usu.o
 *fill*         0x0000cb4d        0x3 
 .rodata._ZL12usuVillagerA
                0x0000cb50        0x7 usu.o
 *fill*         0x0000cb57        0x1 
 .rodata._ZL14win_party_hook
                0x0000cb58       0x10 win.o
 .rodata.str1.1
                0x0000cb68       0x36 win.o
 *fill*         0x0000cb9e        0x2 
 .rodata._ZL13win_party_evt
                0x0000cba0       0xf0 win.o
 .rodata._ZL20win_00_init_evt_hook
                0x0000cc90       0x10 win.o
 .rodata._ZL19win_00_init_evt_evt
                0x0000cca0       0x30 win.o
 .rodata._ZL17majorin_init_hook
                0x0000ccd0       0x10 win.o
 .rodata._ZL16majorin_init_evt
                0x0000cce0       0x30 win.o
 .rodata._ZL17maririn_init_hook
                0x0000cd10       0x10 win.o
 .rodata._ZL16maririn_init_evt
                0x0000cd20       0x30 win.o
 .rodata._ZL20win_vivian_init_hook
                0x0000cd50       0x10 win.o
 .rodata._ZL19win_vivian_init_evt
                0x0000cd60       0x98 win.o
 .rodata._ZL7flurrie
                0x0000cdf8        0x9 win.o
 *(.gnu.linkonce.r.*)

.rodata1
 *(.rodata1)

.sdata2         0x0000ce01        0x0
                [!provide]                        PROVIDE (_SDA2_BASE_ = .)
 *(.sdata2)
 *(.sdata2.*)
 *(.gnu.linkonce.s2.*)

.sbss2
 *(.sbss2)
 *(.sbss2.*)
 *(.gnu.linkonce.sb2.*)
                0x0000ce04                        . = ALIGN (0x4)
                [!provide]                        PROVIDE (__preinit_array_start = .)

.preinit_array
 *(.preinit_array)
                [!provide]                        PROVIDE (__preinit_array_end = .)
                [!provide]                        PROVIDE (__init_array_start = .)

.init_array
 *(.init_array)
                [!provide]                        PROVIDE (__init_array_end = .)
                [!provide]                        PROVIDE (__fini_array_start = .)

.fini_array
 *(.fini_array)
                [!provide]                        PROVIDE (__fini_array_end = .)

.data           0x0000ce04      0x2fc
 *(.data)
 *(.data.*)
 .data._ZN3mod6common12kItemDataArrE
                0x0000ce04        0x4 common.o
                0x0000ce04                _ZN3mod6common12kItemDataArrE
 .data.errorTextPosY
                0x0000ce08        0x4 errorHandling.o
                0x0000ce08                errorTextPosY
 .data._ZL16gor_00_init_evt2
                0x0000ce0c      0x2bc gor_00.o
 .data.shopWorkPtr
                0x0000d0c8        0x4 main.o
                0x0000d0c8                shopWorkPtr
 .data.goods    0x0000d0cc       0x28 main.o
                0x0000d0cc                goods
 *(.gnu.linkonce.d.*)
                0x0000d100                        . = ALIGN (0x20)
 *fill*         0x0000d0f4        0xc 

.data1
 *(.data1)

.tdata
 *(.tdata .tdata.* .gnu.linkonce.td.*)

.tbss
 *(.tbss .tbss.* .gnu.linkonce.tb.*)
 *(.tcommon)

.eh_frame       0x0000d100     0x1a0c
 *(.eh_frame)
 .eh_frame      0x0000d100      0x27c OWR.o
 .eh_frame      0x0000d37c       0x28 StateManager.o
                                 0x3c (size before relaxing)
 .eh_frame      0x0000d3a4        0x0 common.o
                                 0xc8 (size before relaxing)
 .eh_frame      0x0000d3a4       0x68 con_mario.o
 .eh_frame      0x0000d40c       0x80 con_perf.o
 .eh_frame      0x0000d48c       0xa0 con_seq.o
 .eh_frame      0x0000d52c      0x2ec console.o
                                0x310 (size before relaxing)
 .eh_frame      0x0000d818       0x64 cxx.o
                                 0x8c (size before relaxing)
 .eh_frame      0x0000d87c      0x26c errorHandling.o
 .eh_frame      0x0000dae8      0x130 gamePatches.o
 .eh_frame      0x0000dc18       0xa4 keyboard.o
                                 0xcc (size before relaxing)
 .eh_frame      0x0000dcbc       0xfc mod.o
                                0x110 (size before relaxing)
 .eh_frame      0x0000ddb8      0x114 patch.o
                                0x18c (size before relaxing)
 .eh_frame      0x0000decc       0x5c printf.o
 .eh_frame      0x0000df28       0x7c rel.o
 .eh_frame      0x0000dfa4       0x98 ug.o
 .eh_frame      0x0000e03c       0xdc util.o
                                0x100 (size before relaxing)
 .eh_frame      0x0000e118       0x28 aaa.o
 .eh_frame      0x0000e140       0x94 aji.o
 .eh_frame      0x0000e1d4       0x28 bom.o
 .eh_frame      0x0000e1fc       0x3c dou.o
 .eh_frame      0x0000e238       0x40 eki.o
 .eh_frame      0x0000e278       0x28 end.o
 .eh_frame      0x0000e2a0       0x40 gon.o
 .eh_frame      0x0000e2e0       0x74 gor_00.o
 .eh_frame      0x0000e354       0x48 gor_01.o
 .eh_frame      0x0000e39c       0x50 gor_02.o
 .eh_frame      0x0000e3ec       0x50 gor_03.o
 .eh_frame      0x0000e43c       0x34 gor_04.o
 .eh_frame      0x0000e470       0x54 gor_misc.o
 .eh_frame      0x0000e4c4       0x44 gra.o
 .eh_frame      0x0000e508       0x4c hei.o
 .eh_frame      0x0000e554       0x38 hom.o
 .eh_frame      0x0000e58c       0x40 jin.o
 .eh_frame      0x0000e5cc       0x28 kpa.o
 .eh_frame      0x0000e5f4       0x50 las.o
 .eh_frame      0x0000e644       0xbc main.o
 .eh_frame      0x0000e700        0x0 moo.o
                                 0x28 (size before relaxing)
 .eh_frame      0x0000e700       0x68 mri.o
 .eh_frame      0x0000e768       0x90 muj.o
 .eh_frame      0x0000e7f8       0x4c nok.o
 .eh_frame      0x0000e844       0x54 pik.o
 .eh_frame      0x0000e898       0x6c rsh.o
 .eh_frame      0x0000e904       0xb8 tik.o
 .eh_frame      0x0000e9bc       0x6c tou.o
 .eh_frame      0x0000ea28       0x28 tou2.o
 .eh_frame      0x0000ea50       0x68 usu.o
 .eh_frame      0x0000eab8       0x54 win.o

.gcc_except_table
 *(.gcc_except_table)

.fixup
 *(.fixup)

.got1
 *(.got1)

.got2
 *(.got2)

.dynamic
 *(.dynamic)

.ctors          0x0000eb0c       0x34
 *crtbegin.o(.ctors)
 *(EXCLUDE_FILE(*crtend.o) .ctors)
 .ctors         0x0000eb0c        0x4 OWR.o
 .ctors         0x0000eb10        0x4 con_mario.o
 .ctors         0x0000eb14        0x4 con_perf.o
 .ctors         0x0000eb18        0x4 con_seq.o
 .ctors         0x0000eb1c        0x4 console.o
 .ctors         0x0000eb20        0x4 errorHandling.o
 .ctors         0x0000eb24        0x4 gor_00.o
 *(SORT_BY_NAME(.ctors.*))
 *(.ctors)
                0x0000eb40                        . = ALIGN (0x20)
 *fill*         0x0000eb28       0x18 

.dtors          0x0000eb40       0x20
 *crtbegin.o(.dtors)
 *(EXCLUDE_FILE(*crtend.o) .dtors)
 .dtors         0x0000eb40        0x4 errorHandling.o
 *(SORT_BY_NAME(.dtors.*))
 *(.dtors)
                0x0000eb60                        . = ALIGN (0x20)
 *fill*         0x0000eb44       0x1c 

.jcr
 *(.jcr)

.got
 *(.got.plt)
 *(.got)

.sdata          0x0000eb60        0x0
                [!provide]                        PROVIDE (_SDA_BASE_ = .)
 *(.sdata)
 *(.sdata.*)
 *(.gnu.linkonce.s.*)
                0x0000eb60                        . = ALIGN (0x20)
                0x0000eb60                        _edata = .
                [!provide]                        PROVIDE (edata = .)

.sbss           0x0000eb60        0x0
                0x0000eb60                        __sbss_start = .
                [!provide]                        PROVIDE (__sbss_start = .)
                [!provide]                        PROVIDE (___sbss_start = .)
 *(.dynsbss)
 *(.sbss)
 *(.sbss.*)
 *(.gnu.linkonce.sb.*)
 *(.scommon)
                [!provide]                        PROVIDE (__sbss_end = .)
                [!provide]                        PROVIDE (___sbss_end = .)
                0x0000eb60                        . = ALIGN (0x20)
                0x0000eb60                        __sbss_end = .

.bss            0x0000eb60      0x180
                0x0000eb60                        __bss_start = .
                [!provide]                        PROVIDE (__bss_start = .)
 *(.dynbss)
 *(.bss)
 *(.bss.*)
 .bss._ZN3mod3owr22g_msgSearch_trampolineE
                0x0000eb60        0x4 OWR.o
                0x0000eb60                _ZN3mod3owr22g_msgSearch_trampolineE
 .bss._ZN3mod3owr31g_evt_mario_set_pose_trampolineE
                0x0000eb64        0x4 OWR.o
                0x0000eb64                _ZN3mod3owr31g_evt_mario_set_pose_trampolineE
 .bss._ZN3mod3owr30g_partySetForceMove_trampolineE
                0x0000eb68        0x4 OWR.o
                0x0000eb68                _ZN3mod3owr30g_partySetForceMove_trampolineE
 .bss._ZN3mod3owr25g_pouchGetItem_trampolineE
                0x0000eb6c        0x4 OWR.o
                0x0000eb6c                _ZN3mod3owr25g_pouchGetItem_trampolineE
 .bss._ZN3mod3owr22g_seqSetSeq_trampolineE
                0x0000eb70        0x4 OWR.o
                0x0000eb70                _ZN3mod3owr22g_seqSetSeq_trampolineE
 .bss._ZN3mod3owr19g_OSLink_trampolineE
                0x0000eb74        0x4 OWR.o
                0x0000eb74                _ZN3mod3owr19g_OSLink_trampolineE
 .bss._ZN3mod3owr6gStateE
                0x0000eb78        0x4 OWR.o
                0x0000eb78                _ZN3mod3owr6gStateE
 .bss._ZN3mod3owr5gSelfE
                0x0000eb7c        0x4 OWR.o
                0x0000eb7c                _ZN3mod3owr5gSelfE
 .bss._ZN3mod3owr7item_dbE
                0x0000eb80        0x4 OWR.o
                0x0000eb80                _ZN3mod3owr7item_dbE
 .bss.gState    0x0000eb84        0x4 StateManager.o
                0x0000eb84                gState
 .bss._ZN3modL12mod_if_obj24E
                0x0000eb88        0x8 con_mario.o
 .bss._ZN3mod14mario_show_posE
                0x0000eb90       0x10 con_mario.o
                0x0000eb90                _ZN3mod14mario_show_posE
 .bss._ZN3mod13mario_set_posE
                0x0000eba0        0xc con_mario.o
                0x0000eba0                _ZN3mod13mario_set_posE
 .bss._ZN3modL12mod_if_obj51E
                0x0000ebac        0x8 con_perf.o
 .bss._ZN3mod14mem_debug_heapE
                0x0000ebb4       0x10 con_perf.o
                0x0000ebb4                _ZN3mod14mem_debug_heapE
 .bss._ZN3modL12mod_if_obj34E
                0x0000ebc4        0x8 con_perf.o
 .bss._ZN3mod9perf_showE
                0x0000ebcc       0x10 con_perf.o
                0x0000ebcc                _ZN3mod9perf_showE
 .bss._ZN3mod15perf_fake_spikeE
                0x0000ebdc        0xc con_perf.o
                0x0000ebdc                _ZN3mod15perf_fake_spikeE
 .bss._ZN3mod14seq_change_mapE
                0x0000ebe8        0xc con_seq.o
                0x0000ebe8                _ZN3mod14seq_change_mapE
 .bss._ZN3modL12mod_if_obj16E
                0x0000ebf4        0x8 con_seq.o
 .bss._ZN3mod24gTrampoline_seq_logoMainE
                0x0000ebfc        0x4 con_seq.o
                0x0000ebfc                _ZN3mod24gTrampoline_seq_logoMainE
 .bss._ZN3mod13seq_logo_skipE
                0x0000ec00       0x10 con_seq.o
                0x0000ec00                _ZN3mod13seq_logo_skipE
 .bss._ZN3mod4findE
                0x0000ec10        0xc console.o
                0x0000ec10                _ZN3mod4findE
 .bss._ZN3mod11con_ug_chanE
                0x0000ec1c       0x10 console.o
                0x0000ec1c                _ZN3mod11con_ug_chanE
 .bss._ZN3mod11con_ug_modeE
                0x0000ec2c       0x10 console.o
                0x0000ec2c                _ZN3mod11con_ug_modeE
 .bss._ZN3mod21con_log_fade_durationE
                0x0000ec3c       0x10 console.o
                0x0000ec3c                _ZN3mod21con_log_fade_durationE
 .bss._ZN3mod18con_log_fade_startE
                0x0000ec4c       0x10 console.o
                0x0000ec4c                _ZN3mod18con_log_fade_startE
 .bss._ZN3mod12con_log_fadeE
                0x0000ec5c       0x10 console.o
                0x0000ec5c                _ZN3mod12con_log_fadeE
 .bss._ZN3mod13con_log_levelE
                0x0000ec6c       0x10 console.o
                0x0000ec6c                _ZN3mod13con_log_levelE
 .bss._ZN3mod11con_rainbowE
                0x0000ec7c       0x10 console.o
                0x0000ec7c                _ZN3mod11con_rainbowE
 .bss._ZN3mod8con_monoE
                0x0000ec8c       0x10 console.o
                0x0000ec8c                _ZN3mod8con_monoE
 .bss._ZN3mod8con_showE
                0x0000ec9c       0x10 console.o
                0x0000ec9c                _ZN3mod8con_showE
 .bss._ZN3mod8gConsoleE
                0x0000ecac        0x4 console.o
                0x0000ecac                _ZN3mod8gConsoleE
 .bss._ZN3mod9ConIntVar6sFirstE
                0x0000ecb0        0x4 console.o
                0x0000ecb0                _ZN3mod9ConIntVar6sFirstE
 .bss._ZN3mod10ConCommand6sFirstE
                0x0000ecb4        0x4 console.o
                0x0000ecb4                _ZN3mod10ConCommand6sFirstE
 .bss.g_animPoseMain_trampoline
                0x0000ecb8        0x4 errorHandling.o
                0x0000ecb8                g_animPoseMain_trampoline
 .bss.g_npcNameToPtr_trampoline
                0x0000ecbc        0x4 errorHandling.o
                0x0000ecbc                g_npcNameToPtr_trampoline
 .bss.heapCorruptionInfo
                0x0000ecc0        0x8 errorHandling.o
                0x0000ecc0                heapCorruptionInfo
 .bss.animPoseMainErrorInfo
                0x0000ecc8        0x4 errorHandling.o
                0x0000ecc8                animPoseMainErrorInfo
 .bss.npcNameToPtrErrorInfo
                0x0000eccc        0x4 errorHandling.o
                0x0000eccc                npcNameToPtrErrorInfo
 .bss._ZN3mod4gModE
                0x0000ecd0        0x4 mod.o
                0x0000ecd0                _ZN3mod4gModE
 .bss._ZN17ModUpdateFunction6sFirstE
                0x0000ecd4        0x4 mod.o
                0x0000ecd4                _ZN17ModUpdateFunction6sFirstE
 .bss._ZN15ModInitFunction6sFirstE
                0x0000ecd8        0x4 mod.o
                0x0000ecd8                _ZN15ModInitFunction6sFirstE
 *(.gnu.linkonce.b.*)
 *(COMMON)
                0x0000ece0                        . = ALIGN (0x20)
 *fill*         0x0000ecdc        0x4 
                [!provide]                        PROVIDE (__bss_end = .)
                0x0000ece0                        __bss_end = .
                0x0000ece0                        _end = .
                [!provide]                        PROVIDE (end = .)

.bss._ZZNK3mod14seq_change_mapMUlPKcE_clES2_E8beroName
                0x00000000       0x20
 .bss._ZZNK3mod14seq_change_mapMUlPKcE_clES2_E8beroName
                0x00000000       0x20 con_seq.o
                0x00000000                _ZZNK3mod14seq_change_mapMUlPKcE_clES1_E8beroName
                0x00000000                _ZZNK3mod14seq_change_mapMUlPKcE_clES2_E8beroName

.bss._ZZNK3mod14seq_change_mapMUlPKcE_clES2_E7mapName
                0x00000000       0x20
 .bss._ZZNK3mod14seq_change_mapMUlPKcE_clES2_E7mapName
                0x00000000       0x20 con_seq.o
                0x00000000                _ZZNK3mod14seq_change_mapMUlPKcE_clES2_E7mapName
                0x00000000                _ZZNK3mod14seq_change_mapMUlPKcE_clES1_E7mapName

.stab
 *(.stab)

.stabstr
 *(.stabstr)

.stab.excl
 *(.stab.excl)

.stab.exclstr
 *(.stab.exclstr)

.stab.index
 *(.stab.index)

.stab.indexstr
 *(.stab.indexstr)

.comment        0x00000000      0x6c0
 *(.comment)
 .comment       0x00000000       0x24 OWR.o
 .comment       0x00000024       0x24 StateManager.o
 .comment       0x00000048       0x24 common.o
 .comment       0x0000006c       0x24 con_mario.o
 .comment       0x00000090       0x24 con_perf.o
 .comment       0x000000b4       0x24 con_seq.o
 .comment       0x000000d8       0x24 console.o
 .comment       0x000000fc       0x24 cxx.o
 .comment       0x00000120       0x24 errorHandling.o
 .comment       0x00000144       0x24 gamePatches.o
 .comment       0x00000168       0x24 keyboard.o
 .comment       0x0000018c       0x24 mod.o
 .comment       0x000001b0       0x24 patch.o
 .comment       0x000001d4       0x24 printf.o
 .comment       0x000001f8       0x24 rel.o
 .comment       0x0000021c       0x24 ug.o
 .comment       0x00000240       0x24 util.o
 .comment       0x00000264       0x24 aaa.o
 .comment       0x00000288       0x24 aji.o
 .comment       0x000002ac       0x24 bom.o
 .comment       0x000002d0       0x24 dou.o
 .comment       0x000002f4       0x24 eki.o
 .comment       0x00000318       0x24 end.o
 .comment       0x0000033c       0x24 gon.o
 .comment       0x00000360       0x24 gor_00.o
 .comment       0x00000384       0x24 gor_01.o
 .comment       0x000003a8       0x24 gor_02.o
 .comment       0x000003cc       0x24 gor_03.o
 .comment       0x000003f0       0x24 gor_04.o
 .comment       0x00000414       0x24 gor_misc.o
 .comment       0x00000438       0x24 gra.o
 .comment       0x0000045c       0x24 hei.o
 .comment       0x00000480       0x24 hom.o
 .comment       0x000004a4       0x24 jin.o
 .comment       0x000004c8       0x24 kpa.o
 .comment       0x000004ec       0x24 las.o
 .comment       0x00000510       0x24 main.o
 .comment       0x00000534       0x24 moo.o
 .comment       0x00000558       0x24 mri.o
 .comment       0x0000057c       0x24 muj.o
 .comment       0x000005a0       0x24 nok.o
 .comment       0x000005c4       0x24 pik.o
 .comment       0x000005e8       0x24 rsh.o
 .comment       0x0000060c       0x24 tik.o
 .comment       0x00000630       0x24 tou.o
 .comment       0x00000654       0x24 tou2.o
 .comment       0x00000678       0x24 usu.o
 .comment       0x0000069c       0x24 win.o

.gnu.attributes
                0x00000000       0x10
 .gnu.attributes
                0x00000000       0x10 OWR.o
 .gnu.attributes
                0x00000010       0x10 common.o
 .gnu.attributes
                0x00000020       0x10 con_mario.o
 .gnu.attributes
                0x00000030       0x10 con_perf.o
 .gnu.attributes
                0x00000040       0x10 console.o
 .gnu.attributes
                0x00000050       0x10 errorHandling.o
 .gnu.attributes
                0x00000060       0x10 mod.o
 .gnu.attributes
                0x00000070       0x10 printf.o
 .gnu.attributes
                0x00000080       0x10 util.o

.group          0x00000000        0xc
 .group         0x00000000        0xc con_mario.o

.group          0x00000000        0xc
 .group         0x00000000        0xc con_perf.o

.group          0x00000000        0xc
 .group         0x00000000        0xc con_seq.o

.group          0x00000000        0x8
 .group         0x00000000        0x8 con_seq.o

.group          0x00000000        0x8
 .group         0x00000000        0x8 con_seq.o

.group          0x00000000        0xc
 .group         0x00000000        0xc console.o

.group          0x00000000        0xc
 .group         0x00000000        0xc errorHandling.o

.debug
 *(.debug)

.line
 *(.line)

.debug_srcinfo
 *(.debug_srcinfo)

.debug_sfnames
 *(.debug_sfnames)

.debug_aranges  0x00000000      0x9c0
 *(.debug_aranges)
 .debug_aranges
                0x00000000       0x98 OWR.o
 .debug_aranges
                0x00000098       0x28 StateManager.o
 .debug_aranges
                0x000000c0       0x60 common.o
 .debug_aranges
                0x00000120       0x30 con_mario.o
 .debug_aranges
                0x00000150       0x38 con_perf.o
 .debug_aranges
                0x00000188       0x38 con_seq.o
 .debug_aranges
                0x000001c0       0xa8 console.o
 .debug_aranges
                0x00000268       0x48 cxx.o
 .debug_aranges
                0x000002b0       0x98 errorHandling.o
 .debug_aranges
                0x00000348       0x50 gamePatches.o
 .debug_aranges
                0x00000398       0x40 keyboard.o
 .debug_aranges
                0x000003d8       0x58 mod.o
 .debug_aranges
                0x00000430       0x80 patch.o
 .debug_aranges
                0x000004b0       0x28 printf.o
 .debug_aranges
                0x000004d8       0x30 rel.o
 .debug_aranges
                0x00000508       0x38 ug.o
 .debug_aranges
                0x00000540       0x50 util.o
 .debug_aranges
                0x00000590       0x20 aaa.o
 .debug_aranges
                0x000005b0       0x28 aji.o
 .debug_aranges
                0x000005d8       0x20 bom.o
 .debug_aranges
                0x000005f8       0x20 dou.o
 .debug_aranges
                0x00000618       0x20 eki.o
 .debug_aranges
                0x00000638       0x20 end.o
 .debug_aranges
                0x00000658       0x20 gon.o
 .debug_aranges
                0x00000678       0x28 gor_00.o
 .debug_aranges
                0x000006a0       0x20 gor_01.o
 .debug_aranges
                0x000006c0       0x20 gor_02.o
 .debug_aranges
                0x000006e0       0x20 gor_03.o
 .debug_aranges
                0x00000700       0x20 gor_04.o
 .debug_aranges
                0x00000720       0x28 gor_misc.o
 .debug_aranges
                0x00000748       0x20 gra.o
 .debug_aranges
                0x00000768       0x20 hei.o
 .debug_aranges
                0x00000788       0x20 hom.o
 .debug_aranges
                0x000007a8       0x20 jin.o
 .debug_aranges
                0x000007c8       0x20 kpa.o
 .debug_aranges
                0x000007e8       0x20 las.o
 .debug_aranges
                0x00000808       0x40 main.o
 .debug_aranges
                0x00000848       0x20 moo.o
 .debug_aranges
                0x00000868       0x20 mri.o
 .debug_aranges
                0x00000888       0x28 muj.o
 .debug_aranges
                0x000008b0       0x20 nok.o
 .debug_aranges
                0x000008d0       0x20 pik.o
 .debug_aranges
                0x000008f0       0x20 rsh.o
 .debug_aranges
                0x00000910       0x30 tik.o
 .debug_aranges
                0x00000940       0x20 tou.o
 .debug_aranges
                0x00000960       0x20 tou2.o
 .debug_aranges
                0x00000980       0x20 usu.o
 .debug_aranges
                0x000009a0       0x20 win.o

.debug_pubnames
 *(.debug_pubnames)

.debug_info     0x00000000    0x442de
 *(.debug_info)
 .debug_info    0x00000000     0x66a8 OWR.o
 .debug_info    0x000066a8      0x3bd StateManager.o
 .debug_info    0x00006a65      0xf83 common.o
 .debug_info    0x000079e8     0x246d con_mario.o
 .debug_info    0x00009e55     0x22f7 con_perf.o
 .debug_info    0x0000c14c     0x2105 con_seq.o
 .debug_info    0x0000e251     0x3bbd console.o
 .debug_info    0x00011e0e      0x407 cxx.o
 .debug_info    0x00012215     0x3b32 errorHandling.o
 .debug_info    0x00015d47     0x2c19 gamePatches.o
 .debug_info    0x00018960      0xe4d keyboard.o
 .debug_info    0x000197ad     0x33da mod.o
 .debug_info    0x0001cb87      0xe1b patch.o
 .debug_info    0x0001d9a2      0x580 printf.o
 .debug_info    0x0001df22      0x103 rel.o
 .debug_info    0x0001e025      0x77f ug.o
 .debug_info    0x0001e7a4      0x9c5 util.o
 .debug_info    0x0001f169      0x304 aaa.o
 .debug_info    0x0001f46d     0x1bad aji.o
 .debug_info    0x0002101a      0x41c bom.o
 .debug_info    0x00021436     0x1160 dou.o
 .debug_info    0x00022596      0xbfb eki.o
 .debug_info    0x00023191      0x2fa end.o
 .debug_info    0x0002348b     0x11fc gon.o
 .debug_info    0x00024687     0x1fee gor_00.o
 .debug_info    0x00026675     0x126b gor_01.o
 .debug_info    0x000278e0     0x18a9 gor_02.o
 .debug_info    0x00029189      0xc5a gor_03.o
 .debug_info    0x00029de3      0x710 gor_04.o
 .debug_info    0x0002a4f3     0x1154 gor_misc.o
 .debug_info    0x0002b647      0xa46 gra.o
 .debug_info    0x0002c08d     0x13ea hei.o
 .debug_info    0x0002d477      0x9f5 hom.o
 .debug_info    0x0002de6c      0x4e5 jin.o
 .debug_info    0x0002e351      0x340 kpa.o
 .debug_info    0x0002e691      0xdc8 las.o
 .debug_info    0x0002f459     0x38cf main.o
 .debug_info    0x00032d28      0x98a moo.o
 .debug_info    0x000336b2     0x1dc5 mri.o
 .debug_info    0x00035477     0x2c7a muj.o
 .debug_info    0x000380f1     0x15dd nok.o
 .debug_info    0x000396ce     0x16d8 pik.o
 .debug_info    0x0003ada6     0x1e4e rsh.o
 .debug_info    0x0003cbf4     0x249a tik.o
 .debug_info    0x0003f08e     0x1bcf tou.o
 .debug_info    0x00040c5d      0x41c tou2.o
 .debug_info    0x00041079     0x1eb1 usu.o
 .debug_info    0x00042f2a     0x13b4 win.o

.debug_abbrev   0x00000000     0x87fc
 *(.debug_abbrev)
 .debug_abbrev  0x00000000      0x7e4 OWR.o
 .debug_abbrev  0x000007e4      0x17e StateManager.o
 .debug_abbrev  0x00000962      0x217 common.o
 .debug_abbrev  0x00000b79      0x61b con_mario.o
 .debug_abbrev  0x00001194      0x6bf con_perf.o
 .debug_abbrev  0x00001853      0x68b con_seq.o
 .debug_abbrev  0x00001ede      0x965 console.o
 .debug_abbrev  0x00002843      0x1a8 cxx.o
 .debug_abbrev  0x000029eb      0x79a errorHandling.o
 .debug_abbrev  0x00003185      0x4a8 gamePatches.o
 .debug_abbrev  0x0000362d      0x32f keyboard.o
 .debug_abbrev  0x0000395c      0x74f mod.o
 .debug_abbrev  0x000040ab      0x21e patch.o
 .debug_abbrev  0x000042c9      0x1d5 printf.o
 .debug_abbrev  0x0000449e       0xf0 rel.o
 .debug_abbrev  0x0000458e      0x1bf ug.o
 .debug_abbrev  0x0000474d      0x21e util.o
 .debug_abbrev  0x0000496b       0xcc aaa.o
 .debug_abbrev  0x00004a37      0x2a4 aji.o
 .debug_abbrev  0x00004cdb       0xcc bom.o
 .debug_abbrev  0x00004da7      0x1f2 dou.o
 .debug_abbrev  0x00004f99      0x1d6 eki.o
 .debug_abbrev  0x0000516f       0xcc end.o
 .debug_abbrev  0x0000523b      0x1e3 gon.o
 .debug_abbrev  0x0000541e      0x260 gor_00.o
 .debug_abbrev  0x0000567e      0x21d gor_01.o
 .debug_abbrev  0x0000589b      0x244 gor_02.o
 .debug_abbrev  0x00005adf      0x1e3 gor_03.o
 .debug_abbrev  0x00005cc2      0x12e gor_04.o
 .debug_abbrev  0x00005df0      0x2a0 gor_misc.o
 .debug_abbrev  0x00006090      0x1cb gra.o
 .debug_abbrev  0x0000625b      0x1ee hei.o
 .debug_abbrev  0x00006449      0x1c1 hom.o
 .debug_abbrev  0x0000660a      0x154 jin.o
 .debug_abbrev  0x0000675e       0xcc kpa.o
 .debug_abbrev  0x0000682a      0x1e3 las.o
 .debug_abbrev  0x00006a0d      0x45f main.o
 .debug_abbrev  0x00006e6c      0x1c5 moo.o
 .debug_abbrev  0x00007031      0x229 mri.o
 .debug_abbrev  0x0000725a      0x338 muj.o
 .debug_abbrev  0x00007592      0x218 nok.o
 .debug_abbrev  0x000077aa      0x217 pik.o
 .debug_abbrev  0x000079c1      0x215 rsh.o
 .debug_abbrev  0x00007bd6      0x52f tik.o
 .debug_abbrev  0x00008105      0x227 tou.o
 .debug_abbrev  0x0000832c       0xcc tou2.o
 .debug_abbrev  0x000083f8      0x215 usu.o
 .debug_abbrev  0x0000860d      0x1ef win.o

.debug_line     0x00000000    0x1654f
 *(.debug_line)
 .debug_line    0x00000000     0x11ce OWR.o
 .debug_line    0x000011ce      0x1c2 StateManager.o
 .debug_line    0x00001390      0x351 common.o
 .debug_line    0x000016e1      0x4a2 con_mario.o
 .debug_line    0x00001b83      0x6df con_perf.o
 .debug_line    0x00002262      0x52f con_seq.o
 .debug_line    0x00002791     0x1351 console.o
 .debug_line    0x00003ae2      0x1f6 cxx.o
 .debug_line    0x00003cd8      0xd19 errorHandling.o
 .debug_line    0x000049f1      0x68c gamePatches.o
 .debug_line    0x0000507d      0x4ae keyboard.o
 .debug_line    0x0000552b      0x6c8 mod.o
 .debug_line    0x00005bf3      0x41b patch.o
 .debug_line    0x0000600e      0x24f printf.o
 .debug_line    0x0000625d      0x13d rel.o
 .debug_line    0x0000639a      0x360 ug.o
 .debug_line    0x000066fa      0x40c util.o
 .debug_line    0x00006b06      0x205 aaa.o
 .debug_line    0x00006d0b      0xe79 aji.o
 .debug_line    0x00007b84      0x553 bom.o
 .debug_line    0x000080d7      0x61b dou.o
 .debug_line    0x000086f2      0x507 eki.o
 .debug_line    0x00008bf9      0x1f5 end.o
 .debug_line    0x00008dee      0x666 gon.o
 .debug_line    0x00009454      0x89e gor_00.o
 .debug_line    0x00009cf2      0x687 gor_01.o
 .debug_line    0x0000a379      0x685 gor_02.o
 .debug_line    0x0000a9fe      0x7bb gor_03.o
 .debug_line    0x0000b1b9      0x4aa gor_04.o
 .debug_line    0x0000b663      0x415 gor_misc.o
 .debug_line    0x0000ba78      0x43d gra.o
 .debug_line    0x0000beb5      0x554 hei.o
 .debug_line    0x0000c409      0x3b4 hom.o
 .debug_line    0x0000c7bd      0x5c2 jin.o
 .debug_line    0x0000cd7f      0x28e kpa.o
 .debug_line    0x0000d00d      0x84c las.o
 .debug_line    0x0000d859      0xc4d main.o
 .debug_line    0x0000e4a6      0x2d8 moo.o
 .debug_line    0x0000e77e     0x1027 mri.o
 .debug_line    0x0000f7a5     0x113e muj.o
 .debug_line    0x000108e3      0x59a nok.o
 .debug_line    0x00010e7d      0x862 pik.o
 .debug_line    0x000116df     0x151e rsh.o
 .debug_line    0x00012bfd      0xa61 tik.o
 .debug_line    0x0001365e     0x1781 tou.o
 .debug_line    0x00014ddf      0x583 tou2.o
 .debug_line    0x00015362      0xc98 usu.o
 .debug_line    0x00015ffa      0x555 win.o

.debug_frame
 *(.debug_frame)

.debug_str      0x00000000    0x4820f
 *(.debug_str)
 .debug_str     0x00000000     0x58e5 OWR.o
 .debug_str     0x000058e5      0x3ab StateManager.o
 .debug_str     0x00005c90     0x13e4 common.o
 .debug_str     0x00007074     0x1985 con_mario.o
 .debug_str     0x000089f9     0x162e con_perf.o
 .debug_str     0x0000a027     0x16c0 con_seq.o
 .debug_str     0x0000b6e7     0x1a83 console.o
 .debug_str     0x0000d16a      0x35e cxx.o
 .debug_str     0x0000d4c8     0x209b errorHandling.o
 .debug_str     0x0000f563     0x23f5 gamePatches.o
 .debug_str     0x00011958      0x95f keyboard.o
 .debug_str     0x000122b7     0x226b mod.o
 .debug_str     0x00014522      0x726 patch.o
 .debug_str     0x00014c48      0x468 printf.o
 .debug_str     0x000150b0      0x191 rel.o
 .debug_str     0x00015241      0x39b ug.o
 .debug_str     0x000155dc      0x654 util.o
 .debug_str     0x00015c30      0x432 aaa.o
 .debug_str     0x00016062     0x2543 aji.o
 .debug_str     0x000185a5      0x62f bom.o
 .debug_str     0x00018bd4     0x1cee dou.o
 .debug_str     0x0001a8c2      0xfb0 eki.o
 .debug_str     0x0001b872      0x42c end.o
 .debug_str     0x0001bc9e     0x1d77 gon.o
 .debug_str     0x0001da15     0x2a81 gor_00.o
 .debug_str     0x00020496     0x1ab9 gor_01.o
 .debug_str     0x00021f4f     0x24c3 gor_02.o
 .debug_str     0x00024412      0xfb7 gor_03.o
 .debug_str     0x000253c9      0x5a3 gor_04.o
 .debug_str     0x0002596c     0x1bdd gor_misc.o
 .debug_str     0x00027549      0xcc8 gra.o
 .debug_str     0x00028211     0x20bf hei.o
 .debug_str     0x0002a2d0      0xcd2 hom.o
 .debug_str     0x0002afa2      0x66a jin.o
 .debug_str     0x0002b60c      0x482 kpa.o
 .debug_str     0x0002ba8e     0x1252 las.o
 .debug_str     0x0002cce0     0x329e main.o
 .debug_str     0x0002ff7e      0xbba moo.o
 .debug_str     0x00030b38     0x2998 mri.o
 .debug_str     0x000334d0     0x3f7c muj.o
 .debug_str     0x0003744c     0x1f01 nok.o
 .debug_str     0x0003934d     0x209e pik.o
 .debug_str     0x0003b3eb     0x2aa7 rsh.o
 .debug_str     0x0003de92     0x2fba tik.o
 .debug_str     0x00040e4c     0x2767 tou.o
 .debug_str     0x000435b3      0x60d tou2.o
 .debug_str     0x00043bc0     0x28ba usu.o
 .debug_str     0x0004647a     0x1d95 win.o

.debug_loc
 *(.debug_loc)
