
Discarded input sections

 .text          0x00000000        0x0 OWR.o
 .data          0x00000000        0x0 OWR.o
 .bss           0x00000000        0x0 OWR.o
 .bss._ZN3mod3owr25g_stg0_00_init_trampolineE
                0x00000000        0x4 OWR.o
 .bss._ZN3mod3owr22g_itemEntry_trampolineE
                0x00000000        0x4 OWR.o
 .text          0x00000000        0x0 StateManager.o
 .data          0x00000000        0x0 StateManager.o
 .bss           0x00000000        0x0 StateManager.o
 .text._ZN3mod3owr12StateManager4InitEv
                0x00000000       0x18 StateManager.o
 .text          0x00000000        0x0 common.o
 .data          0x00000000        0x0 common.o
 .bss           0x00000000        0x0 common.o
 .text._ZN3mod6common14GetCurrentAreaEv
                0x00000000       0x1c common.o
 .text._ZN3mod6common13GetCurrentMapEv
                0x00000000       0x1c common.o
 .text._ZN3mod6common11GetFilenameEv
                0x00000000       0x1c common.o
 .text._ZN3mod6common16GetStorySequenceEv
                0x00000000       0x20 common.o
 .text._ZN3mod6common14GetPitSequenceEv
                0x00000000       0x24 common.o
 .text._ZN3mod6common17GetSavedFlagValueEi
                0x00000000       0x40 common.o
 .text._ZN3mod6common21HasKeyItemInInventoryEs
                0x00000000       0x3c common.o
 .text._ZN3mod6common25GetBattleWindowDataOffsetEv
                0x00000000       0x1c common.o
 .text._ZN3mod6common21GetStatusWindowHeightEv
                0x00000000       0x24 common.o
 .data._ZN3mod6common29kUnknownStatusWindowStructPtrE
                0x00000000        0x4 common.o
 .data._ZN3mod6common10kBattlePtrE
                0x00000000        0x4 common.o
 .data._ZN3mod6common9kPouchPtrE
                0x00000000        0x4 common.o
 .data._ZN3mod6common12kSaveDataPtrE
                0x00000000        0x4 common.o
 .rodata._ZN3mod6common32kUltraHammerChestDespawnIdOffsetE
                0x00000000        0x4 common.o
 .rodata._ZN3mod6common27kObjectCollectionExprOffsetE
                0x00000000        0x4 common.o
 .rodata._ZN3mod6common27kObjectChestScriptPtrOffsetE
                0x00000000        0x4 common.o
 .rodata._ZN3mod6common33kMujModuleFlavioDesiredItemOffsetE
                0x00000000        0x4 common.o
 .rodata._ZN3mod6common36kJinModuleAtomicBooItemGswfSetOffsetE
                0x00000000        0x4 common.o
 .rodata._ZN3mod6common39kJinModuleAtomicBooItemObjectFlagOffsetE
                0x00000000        0x4 common.o
 .rodata._ZN3mod6common32kPitModuleCharlietonChanceOffsetE
                0x00000000        0x4 common.o
 .rodata._ZN3mod6common22kPitModuleNpcArrOffsetE
                0x00000000        0x4 common.o
 .rodata._ZN3mod6common23kSavedWordFlagBaseValueE
                0x00000000        0x4 common.o
 .data._ZN3mod6common20kPiantaParlorItemArrE
                0x00000000        0x4 common.o
 .data._ZN3mod6common21kPitCharlietonItemArrE
                0x00000000        0x4 common.o
 .data._ZN3mod6common12kHowzItemArrE
                0x00000000        0x4 common.o
 .data._ZN3mod6common18kCharlietonItemArrE
                0x00000000        0x4 common.o
 .data._ZN3mod6common14kDazzleItemArrE
                0x00000000        0x4 common.o
 .data._ZN3mod6common20kSuperguardFramesArrE
                0x00000000        0x4 common.o
 .data._ZN3mod6common15kGuardFramesArrE
                0x00000000        0x4 common.o
 .data._ZN3mod6common25kSuperChargePartnerParamsE
                0x00000000        0x4 common.o
 .data._ZN3mod6common18kSuperChargeParamsE
                0x00000000        0x4 common.o
 .data._ZN3mod6common19kPiercingBlowParamsE
                0x00000000        0x4 common.o
 .data._ZN3mod6common18kHammerThrowParamsE
                0x00000000        0x4 common.o
 .data._ZN3mod6common17kKoopaCurseParamsE
                0x00000000        0x4 common.o
 .data._ZN3mod6common15kTradeOffParamsE
                0x00000000        0x4 common.o
 .data._ZN3mod6common17kGulpRecoilParamsE
                0x00000000        0x4 common.o
 .data._ZN3mod6common24kUltraHammerRecoilParamsE
                0x00000000        0x4 common.o
 .data._ZN3mod6common24kSuperHammerRecoilParamsE
                0x00000000        0x4 common.o
 .data._ZN3mod6common8kNextMapE
                0x00000000        0x4 common.o
 .rodata.cst4   0x00000000        0x4 common.o
 .text          0x00000000        0x0 con_mario.o
 .data          0x00000000        0x0 con_mario.o
 .bss           0x00000000        0x0 con_mario.o
 .text          0x00000000        0x0 con_perf.o
 .data          0x00000000        0x0 con_perf.o
 .bss           0x00000000        0x0 con_perf.o
 .text          0x00000000        0x0 con_seq.o
 .data          0x00000000        0x0 con_seq.o
 .bss           0x00000000        0x0 con_seq.o
 .text          0x00000000        0x0 console.o
 .data          0x00000000        0x0 console.o
 .bss           0x00000000        0x0 console.o
[...]
Memory Configuration

Name             Origin             Length             Attributes
*default*        0x00000000         0xffffffff

Linker script and memory map

                0x80003100                        . = 0x80003100

.init
 *crt0.o(*.init)
 *(.init)

.plt
 *(.plt)

.interp
 *(.interp)

.hash
 *(.hash)

.dynsym
 *(.dynsym)

.dynstr
 *(.dynstr)

.gnu.version
 *(.gnu.version)

.gnu.version_d
 *(.gnu.version_d)

.gnu.version_r
 *(.gnu.version_r)

.rel.init
 *(.rel.init)

.rela.init
 *(.rela.init)

.rel.text
 *(.rel.text .rel.text.* .rel.gnu.linkonce.t.*)

.rela.text
 *(.rela.text .rela.text.* .rela.gnu.linkonce.t.*)

.rel.fini
 *(.rel.fini)

.rela.fini
 *(.rela.fini)

.rel.rodata
 *(.rel.rodata .rel.rodata.* .rel.gnu.linkonce.r.*)

.rela.rodata
 *(.rela.rodata .rela.rodata.* .rela.gnu.linkonce.r.*)

.rel.data
 *(.rel.data .rel.data.* .rel.gnu.linkonce.d.*)

.rela.data
 *(.rela.data .rela.data.* .rela.gnu.linkonce.d.*)

.rel.tdata
 *(.rel.tdata .rel.tdata.* .rel.gnu.linkonce.td.*)

.rela.tdata
 *(.rela.tdata .rela.tdata.* .rela.gnu.linkonce.td.*)

.rel.tbss
 *(.rel.tbss .rel.tbss.* .rel.gnu.linkonce.tb.*)

.rela.tbss
 *(.rela.tbss .rela.tbss.* .rela.gnu.linkonce.tb.*)

.rel.ctors
 *(.rel.ctors)

.rela.ctors
 *(.rela.ctors)

.rel.dtors
 *(.rel.dtors)

.rela.dtors
 *(.rela.dtors)

.rel.got
 *(.rel.got)

.rela.got
 *(.rela.got)

.rela.got1
 *(.rela.got1)

.rela.got2
 *(.rela.got2)

.rel.sdata
 *(.rel.sdata .rel.sdata.* .rel.gnu.linkonce.s.*)

.rela.sdata
 *(.rela.sdata .rela.sdata.* .rela.gnu.linkonce.s.*)

.rel.sbss
 *(.rel.sbss .rel.sbss.* .rel.gnu.linkonce.sb.*)

.rela.sbss
 *(.rela.sbss .rela.sbss.* .rel.gnu.linkonce.sb.*)

.rel.sdata2
 *(.rel.sdata2 .rel.sdata2.* .rel.gnu.linkonce.s2.*)

.rela.sdata2
 *(.rela.sdata2 .rela.sdata2.* .rela.gnu.linkonce.s2.*)

.rel.sbss2
 *(.rel.sbss2 .rel.sbss2.* .rel.gnu.linkonce.sb2.*)

.rela.sbss2
 *(.rela.sbss2 .rela.sbss2.* .rela.gnu.linkonce.sb2.*)

.rel.bss
 *(.rel.bss .rel.bss.* .rel.gnu.linkonce.b.*)

.rela.bss
 *(.rela.bss .rela.bss.* .rela.gnu.linkonce.b.*)

.rel.plt
 *(.rel.plt)

.rela.plt
 *(.rela.plt)

.text           0x80003100     0xdb20
 *(.text)
 .text          0x80003100        0x8 FixBlooperCrash1.o
                0x80003100                asmFixBlooperCrash1
 .text          0x80003108       0x14 FixBlooperCrash2.o
                0x80003108                asmFixBlooperCrash2
 .text          0x8000311c       0x10 PreventDiaryTextboxSelection.o
                0x8000311c                asmPreventDiaryTextboxSelection
 .text          0x8000312c      0x2d0 asm_main.o
                0x8000312c                bMapGXArrInject
                0x80003138                bMapGXArrInjectReturn
                0x8000313c                bMapGXArrIncrement
                0x80003144                bMapGXArrIncrementReturn
                0x80003148                bMapGXChSplit
                0x80003154                bMapGXChSplitReturn
                0x80003158                bWinLogArrInject
                0x80003164                bWinLogArrInjectReturn
                0x80003168                bWinLogArrIncrement
                0x80003170                bWinLogArrIncrementReturn
                0x80003174                bChapterClearCheck
                0x800031bc                bJohoyaSeqAddition
                0x800031f4                bPrintPartyAddErrorFix
                0x80003230                bPrintPartyAddErrorFixReturn
                0x80003234                bPrintPartyErrorFix
                0x80003270                bPrintPartyErrorFixReturn
                0x80003274                bKururingFloorCapture
                0x8000327c                bKururingFloorCaptureReturn
                0x80003280                bKururingFloorRelease
                0x80003288                bKururingFloorReleaseReturn
                0x8000328c                bPowerupblkCapture
                0x800032a4                bPowerupblkCaptureReturn
                0x800032a8                bPowerupblkRelease
                0x800032b0                bPowerupblkReleaseReturn
                0x800032b4                bPeachPointer
                0x8000330c                breakfastValueRestore
                0x8000332c                bPeachReturn
                0x80003330                bShopFlagCheck
                0x8000333c                bShopFlagCheckReturn
                0x80003340                win_log_mapGX_arr
 .text          0x800033fc       0x58 restfpr_x.o
                0x800033fc                _restfpr_14_x
                0x80003400                _restfpr_15_x
                0x80003404                _restfpr_16_x
                0x80003408                _restfpr_17_x
                0x8000340c                _restfpr_18_x
                0x80003410                _restfpr_19_x
                0x80003414                _restfpr_20_x
                0x80003418                _restfpr_21_x
                0x8000341c                _restfpr_22_x
                0x80003420                _restfpr_23_x
                0x80003424                _restfpr_24_x
                0x80003428                _restfpr_25_x
                0x8000342c                _restfpr_26_x
                0x80003430                _restfpr_27_x
                0x80003434                _restfpr_28_x
                0x80003438                _restfpr_29_x
                0x8000343c                _restfpr_30_x
                0x80003440                _restfpr_31_x
 .text          0x80003454       0x58 restgpr_x.o
                0x80003454                _restgpr_14_x
                0x80003458                _restgpr_15_x
                0x8000345c                _restgpr_16_x
                0x80003460                _restgpr_17_x
                0x80003464                _restgpr_18_x
                0x80003468                _restgpr_19_x
                0x8000346c                _restgpr_20_x
                0x80003470                _restgpr_21_x
                0x80003474                _restgpr_22_x
                0x80003478                _restgpr_23_x
                0x8000347c                _restgpr_24_x
                0x80003480                _restgpr_25_x
                0x80003484                _restgpr_26_x
                0x80003488                _restgpr_27_x
                0x8000348c                _restgpr_28_x
                0x80003490                _restgpr_29_x
                0x80003494                _restgpr_30_x
                0x80003498                _restgpr_31_x
 *(.text.*)
 *fill*         0x800034ac        0x0 00000000
 .text._ZZN3mod3owr3OWR4InitEvENUlPN4ttyd6evtmgr8EvtEntryEbE_4_FUNES5_b
                0x800034ac       0x6c OWR.o
 .text._ZZN3mod3owr3OWR4InitEvENUlPN4ttyd5party10PartyEntryEfffE_4_FUNES5_fff
                0x80003518       0x98 OWR.o
 .text._ZZN3mod3owr3OWR4InitEvENUliE0_4_FUNEi
                0x800035b0       0xec OWR.o
 .text._ZZN3mod3owr3OWR4InitEvENUliE_4_FUNEi
                0x8000369c      0x1ec OWR.o
 .text._ZZN3mod3owr3OWR4InitEvENUlPKcE_4_FUNES3_
                0x80003888      0x578 OWR.o
 .text._ZZN3mod3owr3OWR4InitEvENUlN4ttyd6seqdrv8SeqIndexEPKcS6_E_4_FUNES4_S6_S6_
                0x80003e00       0xa0 OWR.o
 .text._ZN3mod3owr3OWRC2Ev
                0x80003ea0        0x4 OWR.o
                0x80003ea0                _ZN3mod3owr3OWRC1Ev
                0x80003ea0                _ZN3mod3owr3OWRC2Ev
 .text._ZN3mod3owr3OWR12SequenceInitEv
                0x80003ea4      0x118 OWR.o
                0x80003ea4                _ZN3mod3owr3OWR12SequenceInitEv
 .text._ZN3mod3owr13checkIfInGameEv
                0x80003fbc       0x64 OWR.o
                0x80003fbc                _ZN3mod3owr13checkIfInGameEv
 .text._ZN3mod3owr3OWR12HomewardWarpEv
                0x80004020       0x84 OWR.o
                0x80004020                _ZN3mod3owr3OWR12HomewardWarpEv
 .text._ZN3mod3owr3OWR12RecieveItemsEv
                0x800040a4       0x5c OWR.o
                0x800040a4                _ZN3mod3owr3OWR12RecieveItemsEv
 .text._ZN3mod3owr3OWR4InitEv
                0x80004100      0x22c OWR.o
                0x80004100                _ZN3mod3owr3OWR4InitEv
 .text._ZN3mod3owr3OWR6UpdateEv
                0x8000432c       0x38 OWR.o
                0x8000432c                _ZN3mod3owr3OWR6UpdateEv
 .text._ZN3mod3owr3OWR14OnModuleLoadedEP12OSModuleInfo
                0x80004364       0x98 OWR.o
                0x80004364                _ZN3mod3owr3OWR14OnModuleLoadedEP12OSModuleInfo
 .text._ZZN3mod3owr3OWR4InitEvENUlP12OSModuleInfoPvE_4_FUNES3_S4_
                0x800043fc       0x54 OWR.o
 .text._ZN3mod3owr3OWR10DrawStringEPKcffjf
                0x80004450       0xc8 OWR.o
                0x80004450                _ZN3mod3owr3OWR10DrawStringEPKcffjf
 .text.startup._GLOBAL__sub_I__ZN3mod3owr7item_dbE
                0x80004518       0x14 OWR.o
 .text._ZN3mod3owr12StateManagerC2Ev
                0x8000452c       0x18 StateManager.o
                0x8000452c                _ZN3mod3owr12StateManagerC2Ev
                0x8000452c                _ZN3mod3owr12StateManagerC1Ev
 .text._ZN3modL13mod_if_func24Ev
                0x80004544       0x54 con_mario.o
 .text.startup._GLOBAL__sub_I__ZN3mod13mario_set_posE
                0x80004598       0x88 con_mario.o
 .text._ZN3modL13mod_if_func51Ev
                0x80004620      0x158 con_perf.o
 .text._ZN3modL13mod_if_func34Ev
                0x80004778       0xbc con_perf.o
 .text.startup._GLOBAL__sub_I__ZN3mod15perf_fake_spikeE
                0x80004834       0xc4 con_perf.o
 .text._ZN3modL13mod_if_func16Ev
                0x800048f8       0x60 con_seq.o
 .text._ZZN3modL13mod_if_func16EvENUlPN4ttyd6seqdrv7SeqInfoEE_4_FUNES3_
                0x80004958       0x34 con_seq.o
 .text.startup._GLOBAL__sub_I__ZN3mod13seq_logo_skipE
                0x8000498c       0x8c con_seq.o
 .text._ZN3mod13ConsoleSystem8logColorEPKcN2gc6color4E
                0x80004a18      0x1e4 console.o
                0x80004a18                _ZN3mod13ConsoleSystem8logColorEPKcN2gc6color4E
 .text._ZN3mod13ConsoleSystem7logInfoEPKcz
                0x80004bfc       0xac console.o
                0x80004bfc                _ZN3mod13ConsoleSystem7logInfoEPKcz
 .text._ZN3mod7CC_findEPKc
                0x80004ca8       0xe8 console.o
                0x80004ca8                _ZN3mod7CC_findEPKc
 .text._ZN3mod13ConsoleSystem10logWarningEPKcz
                0x80004d90       0xb0 console.o
                0x80004d90                _ZN3mod13ConsoleSystem10logWarningEPKcz
 .text._ZN3mod13ConsoleSystem8logErrorEPKcz
                0x80004e40       0xb0 console.o
                0x80004e40                _ZN3mod13ConsoleSystem8logErrorEPKcz
 .text._ZN3mod13ConsoleSystem7overlayEPKcz
                0x80004ef0       0xbc console.o
                0x80004ef0                _ZN3mod13ConsoleSystem7overlayEPKcz
 .text._ZN3mod13ConsoleSystem12setMonospaceEb
                0x80004fac       0x24 console.o
                0x80004fac                _ZN3mod13ConsoleSystem12setMonospaceEb
 .text._ZN3mod13ConsoleSystem4initEv
                0x80004fd0       0x14 console.o
                0x80004fd0                _ZN3mod13ConsoleSystem4initEv
 .text._ZN3mod13ConsoleSystem8drawLineEiPKcN2gc6color4E
                0x80004fe4      0x130 console.o
                0x80004fe4                _ZN3mod13ConsoleSystem8drawLineEiPKcN2gc6color4E
 .text._ZN3mod13ConsoleSystem14processCommandEPKc
                0x80005114      0x1e4 console.o
                0x80005114                _ZN3mod13ConsoleSystem14processCommandEPKc
 .text._ZN3mod13ConsoleSystem12updatePromptEv
                0x800052f8      0x2f0 console.o
                0x800052f8                _ZN3mod13ConsoleSystem12updatePromptEv
 .text._ZN3mod13ConsoleSystem14updateUsbGeckoEv
                0x800055e8      0x128 console.o
                0x800055e8                _ZN3mod13ConsoleSystem14updateUsbGeckoEv
 .text._ZN3mod13ConsoleSystem6updateEv
                0x80005710       0x68 console.o
                0x80005710                _ZN3mod13ConsoleSystem6updateEv
 .text._ZN3mod13ConsoleSystem4dispEv
                0x80005778      0x368 console.o
                0x80005778                _ZN3mod13ConsoleSystem4dispEv
 .text._ZZN3mod13ConsoleSystem6updateEvENUlN4ttyd7dispdrv8CameraIdEPvE_4_FUNES3_S4_
                0x80005ae0        0x8 console.o
 .text.startup._GLOBAL__sub_I__ZN3mod10ConCommand6sFirstE
                0x80005ae8      0x17c console.o
 .text._Znwj    0x80005c64        0xc cxx.o
                0x80005c64                _Znwj
 .text._Znaj    0x80005c70        0x4 cxx.o
                0x80005c70                _Znaj
 .text._ZdlPv   0x80005c74        0xc cxx.o
                0x80005c74                _ZdlPv
 .text._ZdaPv   0x80005c80        0x4 cxx.o
                0x80005c80                _ZdaPv
 .text._ZL27checkIndividualStandardHeapPKN2gc2os9ChunkInfoE
                0x80005c84       0x64 errorHandling.o
 .text._ZL24checkIndividualSmartHeapPKN4ttyd6memory19SmartAllocationDataE
                0x80005ce8       0x64 errorHandling.o
 .text._ZL22checkIndividualMapHeapPKN4ttyd6memory13MapAllocEntryE
                0x80005d4c       0x50 errorHandling.o
 .text._ZL21initStandardHeapErrorPKvib
                0x80005d9c       0x94 errorHandling.o
 .text._ZL18initSmartHeapErrorPKvb
                0x80005e30       0x8c errorHandling.o
 .text._ZL16initMapHeapErrorPKvtb
                0x80005ebc       0xa4 errorHandling.o
 .text._ZN18HeapCorruptionInfo10drawBufferEv
                0x80005f60       0x98 errorHandling.o
                0x80005f60                _ZN18HeapCorruptionInfo10drawBufferEv
 .text._ZN21NpcNameToPtrErrorInfo16drawErrorMessageEv
                0x80005ff8       0x9c errorHandling.o
                0x80005ff8                _ZN21NpcNameToPtrErrorInfo16drawErrorMessageEv
 .text._ZN21AnimPoseMainErrorInfo16drawErrorMessageEv
                0x80006094       0x9c errorHandling.o
                0x80006094                _ZN21AnimPoseMainErrorInfo16drawErrorMessageEv
 .text._Z10checkHeapsv
                0x80006130      0x110 errorHandling.o
                0x80006130                _Z10checkHeapsv
 .text._Z17drawErrorMessagesv
                0x80006240       0x74 errorHandling.o
                0x80006240                _Z17drawErrorMessagesv
 .text._Z25checkForNpcNameToPtrErrorPKc
                0x800062b4       0x6c errorHandling.o
                0x800062b4                _Z25checkForNpcNameToPtrErrorPKc
 .text._Z24preventAnimPoseMainCrashi
                0x80006320       0x54 errorHandling.o
                0x80006320                _Z24preventAnimPoseMainCrashi
 .text.startup._GLOBAL__sub_I_npcNameToPtrErrorInfo
                0x80006374       0x1c errorHandling.o
 .text.exit._GLOBAL__sub_D_npcNameToPtrErrorInfo
                0x80006390       0x14 errorHandling.o
 .text._ZL22fixPouchInitMemoryLeakij
                0x800063a4       0x4c gamePatches.o
 .text._ZL12autoMashTextN2gc3pad5PadIdE
                0x800063f0       0x48 gamePatches.o
 .text._ZL14fixMapProblemsv
                0x80006438       0xe8 gamePatches.o
 .text.cFixBlooperCrash1
                0x80006520       0x38 gamePatches.o
                0x80006520                cFixBlooperCrash1
 .text.cPreventDiaryTextboxOptionSelection
                0x80006558       0x58 gamePatches.o
                0x80006558                cPreventDiaryTextboxOptionSelection
 .text._Z14applyGameFixesv
                0x800065b0       0x68 gamePatches.o
                0x800065b0                _Z14applyGameFixesv
 .text._Z23applyVariousGamePatchesv
                0x80006618       0xf0 gamePatches.o
                0x80006618                _Z23applyVariousGamePatchesv
 .text._ZN3mod8Keyboard7connectEv
                0x80006708       0x58 keyboard.o
                0x80006708                _ZN3mod8Keyboard7connectEv
 .text._ZN3mod8KeyboardC2Ei
                0x80006760       0x20 keyboard.o
                0x80006760                _ZN3mod8KeyboardC2Ei
                0x80006760                _ZN3mod8KeyboardC1Ei
 .text._ZN3mod8Keyboard10disconnectEv
                0x80006780       0x40 keyboard.o
                0x80006780                _ZN3mod8Keyboard10disconnectEv
 .text._ZN3mod8Keyboard6updateEv
                0x800067c0      0x1d4 keyboard.o
                0x800067c0                _ZN3mod8Keyboard6updateEv
 .text._ZZN3mod3Mod4initEvENUlvE0_4_FUNEv
                0x80006994        0x4 mod.o
 .text._ZZN3mod3Mod11updateEarlyEvENUlN4ttyd7dispdrv8CameraIdEPvE_4_FUNES3_S4_
                0x80006998        0x4 mod.o
 .text._ZN3mod3ModC2Ev
                0x8000699c       0x90 mod.o
                0x8000699c                _ZN3mod3ModC2Ev
                0x8000699c                _ZN3mod3ModC1Ev
 .text._ZN3mod3Mod4initEv
                0x80006a2c      0x188 mod.o
                0x80006a2c                _ZN3mod3Mod4initEv
 .text.startup._ZN3mod4mainEv
                0x80006bb4       0x38 mod.o
                0x80006bb4                _ZN3mod4mainEv
 .text._ZN3mod3Mod11updateEarlyEv
                0x80006bec       0x8c mod.o
                0x80006bec                _ZN3mod3Mod11updateEarlyEv
 .text._ZZN3mod3Mod4initEvENUlvE_4_FUNEv
                0x80006c78        0xc mod.o
 .text._ZN3mod5patch17clear_DC_IC_CacheEPvj
                0x80006c84       0x3c patch.o
                0x80006c84                _ZN3mod5patch17clear_DC_IC_CacheEPvj
 .text._ZN3mod5patch14writeEvtBranchEPiPKib
                0x80006cc0       0x1c patch.o
                0x80006cc0                _ZN3mod5patch14writeEvtBranchEPiPKib
 .text._ZN3mod5patch15writeBranchMainEPvS1_j
                0x80006cdc       0x18 patch.o
                0x80006cdc                _ZN3mod5patch15writeBranchMainEPvS1_j
 .text._ZN3mod5patch11writeBranchEPvS1_
                0x80006cf4        0x8 patch.o
                0x80006cf4                _ZN3mod5patch11writeBranchEPvS1_
 .text._ZN3mod5patch13writeBranchBLEPvS1_
                0x80006cfc        0xc patch.o
                0x80006cfc                _ZN3mod5patch13writeBranchBLEPvS1_
 .text._ZN3mod5patch10writePatchEPvPKvj
                0x80006d08       0x5c patch.o
                0x80006d08                _ZN3mod5patch10writePatchEPvPKvj
 .text._ZN3mod5patch10writePatchEPvj
                0x80006d64       0x2c patch.o
                0x80006d64                _ZN3mod5patch10writePatchEPvj
 .text._ZN3mod5patch15writeBranchPairEPvS1_S1_
                0x80006d90       0x3c patch.o
                0x80006d90                _ZN3mod5patch15writeBranchPairEPvS1_S1_
 .text._ZN3mod5patch17writeIntWithCacheEPvj
                0x80006dcc        0xc patch.o
                0x80006dcc                _ZN3mod5patch17writeIntWithCacheEPvj
 .text.vsnprintf
                0x80006dd8       0x70 printf.o
                0x80006dd8                vsnprintf
 .text.snprintf
                0x80006e48       0x7c printf.o
                0x80006e48                snprintf
 .text._prolog  0x80006ec4       0x5c rel.o
                0x80006ec4                _prolog
 .text._epilog  0x80006f20       0x4c rel.o
                0x80006f20                _epilog
 .text._unresolved
                0x80006f6c        0x4 rel.o
                0x80006f6c                _unresolved
 .text._ZN3modL10ugTransferEiPvib
                0x80006f70      0x124 ug.o
 .text._ZN3mod7ugProbeEi
                0x80007094       0xf8 ug.o
                0x80007094                _ZN3mod7ugProbeEi
 .text._ZN3mod6ugSendEiPKvi
                0x8000718c        0x8 ug.o
                0x8000718c                _ZN3mod6ugSendEiPKvi
 .text._ZN3mod6ugRecvEiPvi
                0x80007194        0x8 ug.o
                0x80007194                _ZN3mod6ugRecvEiPvi
 .text.strstr   0x8000719c       0x90 util.o
                0x8000719c                strstr
 .text._ZN3mod4util16checkButtonComboEj
                0x8000722c       0x4c util.o
                0x8000722c                _ZN3mod4util16checkButtonComboEj
 .text._ZN3mod4util26checkButtonComboEveryFrameEj
                0x80007278       0x34 util.o
                0x80007278                _ZN3mod4util26checkButtonComboEveryFrameEj
 .text._ZN3mod4util10ptrIsValidEPv
                0x800072ac       0x30 util.o
                0x800072ac                _ZN3mod4util10ptrIsValidEPv
 .text._ZN3mod4util10intToFloatEi
                0x800072dc       0x30 util.o
                0x800072dc                _ZN3mod4util10intToFloatEi
 .text._ZN3mod4util25getTextMultilineIncrementEPKcfj
                0x8000730c       0x4c util.o
                0x8000730c                _ZN3mod4util25getTextMultilineIncrementEPKcfj
 .text._Z15ApplyAaaPatchesv
                0x80007358       0x50 aaa.o
                0x80007358                _Z15ApplyAaaPatchesv
 .text._Z15ApplyAjiPatchesv
                0x800073a8      0x83c aji.o
                0x800073a8                _Z15ApplyAjiPatchesv
 .text._Z15ApplyBomPatchesv
                0x80007be4      0x300 bom.o
                0x80007be4                _Z15ApplyBomPatchesv
 .text._Z15ApplyDouPatchesv
                0x80007ee4      0x2f0 dou.o
                0x80007ee4                _Z15ApplyDouPatchesv
 .text._Z15ApplyEkiPatchesv
                0x800081d4      0x254 eki.o
                0x800081d4                _Z15ApplyEkiPatchesv
 .text._Z15ApplyEndPatchesv
                0x80008428       0x30 end.o
                0x80008428                _Z15ApplyEndPatchesv
 .text._Z15ApplyGonPatchesv
                0x80008458      0x35c gon.o
                0x80008458                _Z15ApplyGonPatchesv
 .text._Z17ApplyGor00Patchesv
                0x800087b4      0x5b0 gor_00.o
                0x800087b4                _Z17ApplyGor00Patchesv
 .text.startup._GLOBAL__sub_I__Z17ApplyGor00Patchesv
                0x80008d64       0x14 gor_00.o
 .text._Z17ApplyGor01Patchesv
                0x80008d78      0x404 gor_01.o
                0x80008d78                _Z17ApplyGor01Patchesv
 .text._Z17ApplyGor02Patchesv
                0x8000917c      0x400 gor_02.o
                0x8000917c                _Z17ApplyGor02Patchesv
 .text._Z17ApplyGor03Patchesv
                0x8000957c      0x47c gor_03.o
                0x8000957c                _Z17ApplyGor03Patchesv
 .text._Z17ApplyGor04Patchesv
                0x800099f8      0x1d8 gor_04.o
                0x800099f8                _Z17ApplyGor04Patchesv
 .text._Z19ApplyGorMiscPatchesv
                0x80009bd0      0x14c gor_misc.o
                0x80009bd0                _Z19ApplyGorMiscPatchesv
 .text._Z15ApplyGorPatchesv
                0x80009d1c       0x30 gor_misc.o
                0x80009d1c                _Z15ApplyGorPatchesv
 .text._Z15ApplyGraPatchesv
                0x80009d4c      0x200 gra.o
                0x80009d4c                _Z15ApplyGraPatchesv
 .text._Z15ApplyHeiPatchesv
                0x80009f4c      0x294 hei.o
                0x80009f4c                _Z15ApplyHeiPatchesv
 .text._Z15ApplyHomPatchesv
                0x8000a1e0      0x140 hom.o
                0x8000a1e0                _Z15ApplyHomPatchesv
 .text._Z15ApplyJinPatchesv
                0x8000a320      0x348 jin.o
                0x8000a320                _Z15ApplyJinPatchesv
 .text._Z15ApplyKpaPatchesv
                0x8000a668       0xd0 kpa.o
                0x8000a668                _Z15ApplyKpaPatchesv
 .text._Z15ApplyLasPatchesv
                0x8000a738      0x4f0 las.o
                0x8000a738                _Z15ApplyLasPatchesv
 .text._Z12setShopFlagsPN4ttyd6evtmgr8EvtEntryEb
                0x8000ac28       0x8c main.o
                0x8000ac28                _Z12setShopFlagsPN4ttyd6evtmgr8EvtEntryEb
 .text.checkShopFlag
                0x8000acb4       0x84 main.o
                0x8000acb4                checkShopFlag
 .text._Z24ApplyMainAssemblyPatchesv
                0x8000ad38      0x938 main.o
                0x8000ad38                _Z24ApplyMainAssemblyPatchesv
 .text._Z22ApplyMainScriptPatchesv
                0x8000b670      0x1e8 main.o
                0x8000b670                _Z22ApplyMainScriptPatchesv
 .text._Z25ApplyItemDataTablePatchesv
                0x8000b858      0x15c main.o
                0x8000b858                _Z25ApplyItemDataTablePatchesv
 .text._Z15ApplyMriPatchesv
                0x8000b9b4      0xba4 mri.o
                0x8000b9b4                _Z15ApplyMriPatchesv
 .text._Z15ApplyMujPatchesv
                0x8000c558      0xa2c muj.o
                0x8000c558                _Z15ApplyMujPatchesv
 .text._Z15ApplyNokPatchesv
                0x8000cf84      0x36c nok.o
                0x8000cf84                _Z15ApplyNokPatchesv
 .text._Z15ApplyPikPatchesv
                0x8000d2f0      0x524 pik.o
                0x8000d2f0                _Z15ApplyPikPatchesv
 .text._Z15ApplyRshPatchesv
                0x8000d814      0xe34 rsh.o
                0x8000d814                _Z15ApplyRshPatchesv
 .text._Z24checkChapterRequirementsPN4ttyd6evtmgr8EvtEntryEb
                0x8000e648       0x7c tik.o
                0x8000e648                _Z24checkChapterRequirementsPN4ttyd6evtmgr8EvtEntryEb
 .text._Z18checkChapterClearsPN4ttyd6evtmgr8EvtEntryEb
                0x8000e6c4       0x5c tik.o
                0x8000e6c4                _Z18checkChapterClearsPN4ttyd6evtmgr8EvtEntryEb
 .text._Z15ApplyTikPatchesv
                0x8000e720      0x598 tik.o
                0x8000e720                _Z15ApplyTikPatchesv
 .text._Z15ApplyTouPatchesv
                0x8000ecb8     0x10a8 tou.o
                0x8000ecb8                _Z15ApplyTouPatchesv
 .text._Z16ApplyTou2Patchesv
                0x8000fd60      0x34c tou2.o
                0x8000fd60                _Z16ApplyTou2Patchesv
 .text._Z15ApplyUsuPatchesv
                0x800100ac      0x884 usu.o
                0x800100ac                _Z15ApplyUsuPatchesv
 .text._Z15ApplyWinPatchesv
                0x80010930      0x2e4 win.o
                0x80010930                _Z15ApplyWinPatchesv
 *(.gnu.warning)
 *(.gnu.linkonce.t.*)
                0x80010c20                        . = ALIGN (0x20)
 *fill*         0x80010c14        0xc 00000000

.text._ZN3mod13mario_set_posMUlPKcE_4_FUNES2_
                0x00000000       0x5c
 .text._ZN3mod13mario_set_posMUlPKcE_4_FUNES2_
                0x00000000       0x5c con_mario.o
                0x00000000                _ZN3mod13mario_set_posMUlPKcE_4_FUNES2_
                0x00000000                _ZN3mod13mario_set_posMUlPKcE_4_FUNES1_

.text._ZN3mod15perf_fake_spikeMUlPKcE_4_FUNES2_
                0x00000000       0x7c
 .text._ZN3mod15perf_fake_spikeMUlPKcE_4_FUNES2_
                0x00000000       0x7c con_perf.o
                0x00000000                _ZN3mod15perf_fake_spikeMUlPKcE_4_FUNES1_
                0x00000000                _ZN3mod15perf_fake_spikeMUlPKcE_4_FUNES2_

.text._ZN3mod14seq_change_mapMUlPKcE_4_FUNES2_
                0x00000000       0xc4
 .text._ZN3mod14seq_change_mapMUlPKcE_4_FUNES2_
                0x00000000       0xc4 con_seq.o
                0x00000000                _ZN3mod14seq_change_mapMUlPKcE_4_FUNES2_
                0x00000000                _ZN3mod14seq_change_mapMUlPKcE_4_FUNES1_

.text._ZN3mod8con_monoMUlPNS_9ConIntVarEiE_4_FUNES2_i
                0x00000000       0x18
 .text._ZN3mod8con_monoMUlPNS_9ConIntVarEiE_4_FUNES2_i
                0x00000000       0x18 console.o
                0x00000000                _ZN3mod8con_monoMUlPNS_9ConIntVarEiE_4_FUNES1_i
                0x00000000                _ZN3mod8con_monoMUlPNS_9ConIntVarEiE_4_FUNES2_i

.text._ZN18HeapCorruptionInfo10initBufferEv
                0x00000000       0x34
 .text._ZN18HeapCorruptionInfo10initBufferEv
                0x00000000       0x34 errorHandling.o
                0x00000000                _ZN18HeapCorruptionInfo10initBufferEv

.fini           0x00000034        0xc
 *(.fini)
                0x00000040                        . = ALIGN (0x20)
 *fill*         0x00000034        0xc 00000000
                [!provide]                        PROVIDE (__etext = .)
                [!provide]                        PROVIDE (_etext = .)
                [!provide]                        PROVIDE (etext = .)

.rodata         0x00000040     0xc97d
 *(.rodata)
 *(.rodata.*)
 .rodata._ZZN3mod3owr3OWR4InitEvENUliE_4_FUNEi
                0x00000040       0x10 OWR.o
 .rodata._ZZN3mod3owr3OWR4InitEvENUlPKcE_4_FUNES3_.str1.1
                0x00000050      0x48b OWR.o
 .rodata._ZZN3mod3owr3OWR4InitEvENUlN4ttyd6seqdrv8SeqIndexEPKcS6_E_4_FUNES4_S6_S6_.str1.1
                0x000004db        0x7 OWR.o
 *fill*         0x000004e2        0x2 
 .rodata._ZN3mod3owr3OWR14OnModuleLoadedEP12OSModuleInfo
                0x000004e4       0x70 OWR.o
 .rodata._ZL8GSWF_ARR
                0x00000554       0x20 OWR.o
 .rodata.cst4   0x00000574        0x4 OWR.o
 .rodata._ZN3mod13mario_set_posMUlPKcE_4_FUNES2_.str1.1
                0x00000578        0x9 con_mario.o
 .rodata._ZN3modL13mod_if_func24Ev.str1.1
                0x00000581       0x20 con_mario.o
 .rodata._GLOBAL__sub_I__ZN3mod13mario_set_posE.str1.1
                0x000005a1       0x1d con_mario.o
 .rodata._ZN3modL13mod_if_func51Ev.str1.1
                0x000005be       0x5b con_perf.o
 .rodata._ZN3mod15perf_fake_spikeMUlPKcE_4_FUNES2_.str1.1
                0x00000619        0x3 con_perf.o
 .rodata._ZN3modL13mod_if_func34Ev.str1.1
                0x0000061c       0x1c con_perf.o
 .rodata._GLOBAL__sub_I__ZN3mod15perf_fake_spikeE.str1.1
                0x00000638       0x29 con_perf.o
 *fill*         0x00000661        0x3 
 .rodata.cst4   0x00000664       0x10 con_perf.o
 .rodata._ZN3mod14seq_change_mapMUlPKcE_4_FUNES2_.str1.1
                0x00000674       0x1e con_seq.o
 .rodata._GLOBAL__sub_I__ZN3mod13seq_logo_skipE.str1.1
                0x00000692       0x1d con_seq.o
 .rodata._ZN3mod13ConsoleSystem8logColorEPKcN2gc6color4E.str1.1
                0x000006af       0x80 console.o
 .rodata._ZN3mod7CC_findEPKc.str1.1
                0x0000072f       0x1d console.o
 .rodata._ZN3mod13ConsoleSystem14processCommandEPKc.str1.1
                0x0000074c       0x28 console.o
 .rodata._ZN3mod13ConsoleSystem14updateUsbGeckoEv.str1.1
                0x00000774       0x74 console.o
 .rodata._ZN3mod13ConsoleSystem4dispEv.str1.1
                0x000007e8       0x16 console.o
 .rodata._GLOBAL__sub_I__ZN3mod10ConCommand6sFirstE.str1.1
                0x000007fe       0x7f console.o
 .rodata._ZZN3mod13ConsoleSystem4dispEvE12kPromptColor
                0x0000087d        0x4 console.o
 *fill*         0x00000881        0x3 
 .rodata.cst4   0x00000884        0x8 console.o
 .rodata._ZL21initStandardHeapErrorPKvib.str1.1
                0x0000088c       0x30 errorHandling.o
 .rodata._ZL18initSmartHeapErrorPKvb.str1.1
                0x000008bc       0x23 errorHandling.o
 .rodata._ZL16initMapHeapErrorPKvtb.str1.1
                0x000008df       0x2b errorHandling.o
 .rodata._ZN21NpcNameToPtrErrorInfo16drawErrorMessageEv.str1.1
                0x0000090a       0x1f errorHandling.o
 .rodata._ZN21AnimPoseMainErrorInfo16drawErrorMessageEv.str1.1
                0x00000929       0x1f errorHandling.o
 .rodata.cst4   0x00000948       0x10 errorHandling.o
 .rodata._ZL14fixMapProblemsv.str1.1
                0x00000958       0x1e gamePatches.o
 .rodata.cPreventDiaryTextboxOptionSelection.str1.1
                0x00000976       0x19 gamePatches.o
 *fill*         0x0000098f        0x1 
 .rodata.cst4   0x00000990        0x4 mod.o
 .rodata.cst4   0x00000994        0x8 util.o
 .rodata._ZL20aji_17_init_evt_hook
                0x0000099c       0x10 aji.o
 .rodata._ZL19aji_17_init_evt_evt
                0x000009ac       0x4c aji.o
 .rodata._ZL20aji_10_init_evt_hook
                0x000009f8       0x10 aji.o
 .rodata.str1.1
                0x00000a08       0x37 aji.o
 *fill*         0x00000a3f        0x1 
 .rodata._ZL19aji_10_init_evt_evt
                0x00000a40      0x288 aji.o
 .rodata._ZL18teshita3_init_hook
                0x00000cc8       0x10 aji.o
 .rodata._ZL17teshita3_init_evt
                0x00000cd8       0xc0 aji.o
 .rodata._ZL18teshita2_init_hook
                0x00000d98       0x10 aji.o
 .rodata._ZL17teshita2_init_evt
                0x00000da8       0xc0 aji.o
 .rodata._ZL20peach_evt_ele_2_hook
                0x00000e68       0x24 aji.o
 .rodata._ZL19peach_evt_ele_2_evt
                0x00000e8c       0x6c aji.o
 .rodata._ZL20aji_00_init_evt_hook
                0x00000ef8       0x10 aji.o
 .rodata._ZL19aji_00_init_evt_evt
                0x00000f08       0x5c aji.o
 .rodata._ZL4npc4
                0x00000f64       0x13 aji.o
 *fill*         0x00000f77        0x1 
 .rodata._ZL4npc3
                0x00000f78        0x7 aji.o
 *fill*         0x00000f7f        0x1 
 .rodata._ZL4npc2
                0x00000f80        0xf aji.o
 *fill*         0x00000f8f        0x1 
 .rodata._ZL4npc1
                0x00000f90        0x7 aji.o
 .rodata.str1.1
                0x00000f97       0x12 dou.o
 *fill*         0x00000fa9        0x3 
 .rodata._ZL20peramajin_after_item
                0x00000fac       0x9c dou.o
 .rodata._ZL12evt_elv_hook
                0x00001048       0x28 eki.o
 .rodata.str1.1
                0x00001070       0x2f eki.o
 *fill*         0x0000109f        0x1 
 .rodata._ZL11evt_elv_evt
                0x000010a0      0x104 eki.o
 .rodata.str1.1
                0x000011a4        0xb gon.o
 *fill*         0x000011af        0x1 
 .rodata._ZL19gon_evt_majin2_item
                0x000011b0       0xd0 gon.o
 .rodata._ZL21gor_00_init_evt2_hook
                0x00001280       0x10 gor_00.o
 .rodata._ZL21gor_00_init_evt1_hook
                0x00001290       0x10 gor_00.o
 .rodata.str1.1
                0x000012a0      0x25e gor_00.o
 *fill*         0x000014fe        0x2 
 .rodata._ZL16gor_00_init_evt1
                0x00001500      0x1f8 gor_00.o
 .rodata._ZL18korutesu_init_hook
                0x000016f8       0x10 gor_00.o
 .rodata._ZL17korutesu_init_evt
                0x00001708       0x58 gor_00.o
 .rodata._ZL20suifubomb_b_talk_evt
                0x00001760       0xd4 gor_00.o
 .rodata._ZL21suifubomb_b_regl_hook
                0x00001834       0x10 gor_00.o
 .rodata._ZL20suifubomb_b_regl_evt
                0x00001844      0x120 gor_00.o
 .rodata._ZL20suifubomb_a_talk_evt
                0x00001964      0x150 gor_00.o
 .rodata._ZL21suifubomb_a_regl_hook
                0x00001ab4       0x10 gor_00.o
 .rodata._ZL20suifubomb_a_regl_evt
                0x00001ac4       0x90 gor_00.o
 .rodata._ZL21suifubomb_a_init_hook
                0x00001b54       0x10 gor_00.o
 .rodata._ZL20suifubomb_a_init_evt
                0x00001b64       0xc8 gor_00.o
 .rodata._ZL16suifu_b_talk_evt
                0x00001c2c       0xd4 gor_00.o
 .rodata._ZL20luigi_npcEnt_00_hook
                0x00001d00       0x10 gor_00.o
 .rodata._ZL19luigi_npcEnt_00_evt
                0x00001d10       0x80 gor_00.o
 .rodata._ZL18luigi_init_00_hook
                0x00001d90       0x10 gor_00.o
 .rodata._ZL17luigi_init_00_evt
                0x00001da0       0x50 gor_00.o
 .rodata._ZL16mokorim_init_evt
                0x00001df0       0x30 gor_00.o
 .rodata._ZL17suifu_b_init_hook
                0x00001e20       0x10 gor_00.o
 .rodata._ZL16suifu_b_init_evt
                0x00001e30       0xc8 gor_00.o
 .rodata._ZL17suifu_a_regl_hook
                0x00001ef8       0x10 gor_00.o
 .rodata._ZL16suifu_a_regl_evt
                0x00001f08       0x80 gor_00.o
 .rodata._ZL16suifu_a_talk_evt
                0x00001f88       0xd4 gor_00.o
 .rodata._ZL19odoodo_ani_talk_evt
                0x0000205c       0x20 gor_00.o
 .rodata._ZL15odoodo_talk_evt
                0x0000207c      0x128 gor_00.o
 .rodata._ZL16odoodo_regl_hook
                0x000021a4       0x10 gor_00.o
 .rodata._ZL15odoodo_regl_evt
                0x000021b4       0x94 gor_00.o
 .rodata._ZL16odoodo_init_hook
                0x00002248       0x10 gor_00.o
 .rodata._ZL15odoodo_init_evt
                0x00002258      0x114 gor_00.o
 .rodata._ZL17garawaru_talk_evt
                0x0000236c       0xb8 gor_00.o
 .rodata._ZL18garawaru_regl_hook
                0x00002424       0x10 gor_00.o
 .rodata._ZL17garawaru_regl_evt
                0x00002434      0x120 gor_00.o
 .rodata._ZL18garawaru_init_hook
                0x00002554       0x10 gor_00.o
 .rodata._ZL17garawaru_init_evt
                0x00002564      0x140 gor_00.o
 .rodata._ZL7npcEnt2
                0x000026a4        0x9 gor_00.o
 *fill*         0x000026ad        0x3 
 .rodata._ZL6npcEnt
                0x000026b0        0x9 gor_00.o
 .rodata.str1.1
                0x000026b9       0x9f gor_01.o
 .rodata._ZL15bomhei_talk_evt
                0x00002758       0x20 gor_01.o
 .rodata._ZL16chusan2_talk_evt
                0x00002778       0x20 gor_01.o
 .rodata._ZL16chusan1_talk_evt
                0x00002798       0x20 gor_01.o
 .rodata._ZL16kuribo3_talk_evt
                0x000027b8       0x20 gor_01.o
 .rodata._ZL16kuribo2_talk_evt
                0x000027d8       0x20 gor_01.o
 .rodata._ZL16kuribo1_talk_evt
                0x000027f8       0x20 gor_01.o
 .rodata._ZL15roten2_talk_evt
                0x00002818       0x20 gor_01.o
 .rodata._ZL15roten1_talk_evt
                0x00002838       0x20 gor_01.o
 .rodata._ZL19shoptender_talk_evt
                0x00002858       0x20 gor_01.o
 .rodata._ZL15kinoji_talk_evt
                0x00002878       0x20 gor_01.o
 .rodata._ZL19bottakuru_init_hook
                0x00002898       0x10 gor_01.o
 .rodata._ZL18bottakuru_init_evt
                0x000028a8       0x70 gor_01.o
 .rodata._ZL18marco_init_01_hook
                0x00002918       0x10 gor_01.o
 .rodata._ZL17marco_init_01_evt
                0x00002928       0x40 gor_01.o
 .rodata._ZL20badgemaster_talk_evt
                0x00002968       0x20 gor_01.o
 .rodata._ZL15luigi_init_hook
                0x00002988       0x10 gor_02.o
 .rodata.str1.1
                0x00002998      0x22d gor_02.o
 *fill*         0x00002bc5        0x3 
 .rodata._ZL14luigi_init_evt
                0x00002bc8       0x4c gor_02.o
 .rodata._ZL20tozokudan2_talk_hook
                0x00002c14        0xc gor_02.o
 .rodata._ZL19tozokudan2_talk_evt
                0x00002c20      0x160 gor_02.o
 .rodata._ZL20tozokudan1_talk_hook
                0x00002d80        0xc gor_02.o
 .rodata._ZL19tozokudan1_talk_evt
                0x00002d8c      0x160 gor_02.o
 .rodata._ZL20kurihakase_init_hook
                0x00002eec       0x10 gor_02.o
 .rodata._ZL19kurihakase_init_evt
                0x00002efc      0x294 gor_02.o
 .rodata._ZL19kurihakase_talk_evt
                0x00003190      0x2cc gor_02.o
 .rodata._ZL22evt_door_02_open_hook2
                0x0000345c       0x10 gor_02.o
 .rodata._ZL21evt_door_02_open_evt2
                0x0000346c       0xc4 gor_02.o
 .rodata._ZL21evt_door_02_open_hook
                0x00003530       0x10 gor_02.o
 .rodata._ZL20evt_door_02_open_evt
                0x00003540      0x184 gor_02.o
 .rodata._ZL21gor_02_init_evt2_hook
                0x000036c4       0x10 gor_02.o
 .rodata._ZL16gor_02_init_evt2
                0x000036d4       0xcc gor_02.o
 .rodata._ZL21gor_02_init_evt1_hook
                0x000037a0       0x10 gor_02.o
 .rodata._ZL16gor_02_init_evt1
                0x000037b0      0x138 gor_02.o
 .rodata._ZL16borodo2_talk_evt
                0x000038e8       0x20 gor_02.o
 .rodata._ZL16borodo1_talk_evt
                0x00003908       0x20 gor_02.o
 .rodata._ZL15roten3_talk_evt
                0x00003928       0x20 gor_02.o
 .rodata._ZL16chusan3_talk_evt
                0x00003948       0x20 gor_02.o
 .rodata._ZL16kuribo4_talk_evt
                0x00003968       0x20 gor_02.o
 .rodata._ZL20gor_03_init_evt_hook
                0x00003988       0x10 gor_03.o
 .rodata.str1.1
                0x00003998      0x100 gor_03.o
 .rodata._ZL19gor_03_init_evt_evt
                0x00003a98      0x160 gor_03.o
 .rodata._ZL16maffia3_talk_evt
                0x00003bf8       0x20 gor_03.o
 .rodata._ZL16maffia2_talk_evt
                0x00003c18      0x140 gor_03.o
 .rodata._ZL16maffia1_talk_evt
                0x00003d58      0x140 gor_03.o
 .rodata._ZL26maffiaboss_casino_talk_evt
                0x00003e98       0x20 gor_03.o
 .rodata._ZL26maffiaboss_talk_common_evt
                0x00003eb8      0x120 gor_03.o
 .rodata._Z17ApplyGor04Patchesv.str1.1
                0x00003fd8       0x12 gor_04.o
 .rodata.str1.1
                0x00003fea        0x7 gor_misc.o
 *fill*         0x00003ff1        0x3 
 .rodata._ZL9party_evt
                0x00003ff4       0x9c gor_misc.o
 .rodata._ZL9goombella
                0x00004090        0x9 gor_misc.o
 .rodata.str1.1
                0x00004099       0x18 gra.o
 *fill*         0x000040b1        0x3 
 .rodata._ZL17evt_machibuse_evt
                0x000040b4       0x4c gra.o
 .rodata._ZL8doopliss
                0x00004100        0xb gra.o
 *fill*         0x0000410b        0x1 
 .rodata._ZL11stones_hook
                0x0000410c       0x10 hei.o
 .rodata.str1.1
                0x0000411c       0x21 hei.o
 *fill*         0x0000413d        0x3 
 .rodata._ZL10stones_evt
                0x00004140       0xd8 hei.o
 .rodata._ZL9party_evt
                0x00004218       0x80 hei.o
 .rodata._ZL5koops
                0x00004298        0xb hei.o
 *fill*         0x000042a3        0x1 
 .rodata._ZL20hom_00_init_evt_hook
                0x000042a4       0x10 hom.o
 .rodata.str1.1
                0x000042b4       0x1f hom.o
 *fill*         0x000042d3        0x1 
 .rodata._ZL19hom_00_init_evt_evt
                0x000042d4       0x94 hom.o
 .rodata._ZL20jin_08_init_evt_hook
                0x00004368        0x8 jin.o
 .rodata._ZL19jin_08_init_evt_evt
                0x00004370       0x1c jin.o
 .rodata._ZL18tenkyugi_evt2_hook
                0x0000438c       0x10 las.o
 .rodata.str1.1
                0x0000439c       0x68 las.o
 .rodata._ZL17tenkyugi_evt2_evt
                0x00004404       0x2c las.o
 .rodata._ZL20las_10_init_evt_hook
                0x00004430       0x10 las.o
 .rodata._ZL19las_10_init_evt_evt
                0x00004440       0x40 las.o
 .rodata._ZL13stairs_revert
                0x00004480      0x104 las.o
 .rodata._Z25ApplyItemDataTablePatchesv.str1.1
                0x00004584       0xc2 main.o
 *fill*         0x00004646        0x2 
 .rodata._ZL17main_buy_evt_hook
                0x00004648       0x10 main.o
 .rodata._ZL16main_buy_evt_evt
                0x00004658       0x50 main.o
 .rodata._ZL20mri_09_init_evt_hook
                0x000046a8       0x10 mri.o
 .rodata.str1.1
                0x000046b8      0x181 mri.o
 *fill*         0x00004839        0x3 
 .rodata._ZL19mri_09_init_evt_evt
                0x0000483c      0x14c mri.o
 .rodata._ZL20mri_04_init_evt_hook
                0x00004988       0x10 mri.o
 .rodata._ZL19mri_04_init_evt_evt
                0x00004998       0x30 mri.o
 .rodata._ZL16bero_custom_hook
                0x000049c8       0x10 mri.o
 .rodata._ZL15bero_custom_evt
                0x000049d8       0x44 mri.o
 .rodata._ZL21mri_01_init_evt_hook2
                0x00004a1c       0x10 mri.o
 .rodata._ZL19mri_01_init_evt_evt
                0x00004a2c       0x30 mri.o
 .rodata._ZL18puniinfo_talk_hook
                0x00004a5c       0x10 mri.o
 .rodata._ZL20mri_03_init_evt_hook
                0x00004a6c       0x14 mri.o
 .rodata._ZL22mri_03_init_evt_switch
                0x00004a80       0x9c mri.o
 .rodata._ZL20mri_01_init_evt_hook
                0x00004b1c       0x14 mri.o
 .rodata._ZL22mri_01_init_evt_switch
                0x00004b30       0xb0 mri.o
 .rodata._ZL23mri_sister_init_01_hook
                0x00004be0       0x10 mri.o
 .rodata._ZL22mri_sister_init_01_evt
                0x00004bf0       0xa8 mri.o
 .rodata._ZL16puni_2_init_hook
                0x00004c98       0x10 mri.o
 .rodata._ZL15puni_2_init_evt
                0x00004ca8       0x78 mri.o
 .rodata._ZL16puni_1_talk_hook
                0x00004d20       0x10 mri.o
 .rodata._ZL15puni_1_talk_evt
                0x00004d30       0xb0 mri.o
 .rodata._ZL16puni_1_init_hook
                0x00004de0       0x10 mri.o
 .rodata._ZL15puni_1_init_evt
                0x00004df0       0x78 mri.o
 .rodata._ZL15elder_talk_hook
                0x00004e68       0x10 mri.o
 .rodata._ZL14elder_talk_evt
                0x00004e78       0xb8 mri.o
 .rodata._ZL22mri_elder_init_01_hook
                0x00004f30       0x10 mri.o
 .rodata._ZL21mri_elder_init_01_evt
                0x00004f40       0xcc mri.o
 .rodata._ZL22mri_rival_init_01_hook
                0x0000500c       0x10 mri.o
 .rodata._ZL21mri_rival_init_01_evt
                0x0000501c       0xb8 mri.o
 .rodata._ZL18guide_init_01_hook
                0x000050d4       0x10 mri.o
 .rodata._ZL17guide_init_01_evt
                0x000050e4       0x8c mri.o
 .rodata._ZL15guide_talk_hook
                0x00005170       0x10 mri.o
 .rodata._ZL14guide_talk_evt
                0x00005180       0x98 mri.o
 .rodata._ZL18guide_init_00_hook
                0x00005218       0x10 mri.o
 .rodata._ZL17guide_init_00_evt
                0x00005228      0x150 mri.o
 .rodata._ZL14muj_party_hook
                0x00005378       0x10 muj.o
 .rodata.str1.1
                0x00005388      0x38f muj.o
 *fill*         0x00005717        0x1 
 .rodata._ZL13muj_party_evt
                0x00005718       0xac muj.o
 .rodata._ZL22peton_init_muj_01_hook
                0x000057c4       0x10 muj.o
 .rodata._ZL21peton_init_muj_01_evt
                0x000057d4       0x54 muj.o
 .rodata._ZL21mony_init_muj_01_hook
                0x00005828       0x10 muj.o
 .rodata._ZL20mony_init_muj_01_evt
                0x00005838       0x54 muj.o
 .rodata._ZL17koburon_dead_hook
                0x0000588c       0x10 muj.o
 .rodata._ZL16koburon_dead_evt
                0x0000589c      0x3bc muj.o
 .rodata._ZL20muj_01_init_evt_hook
                0x00005c58       0x10 muj.o
 .rodata._ZL19muj_01_init_evt_evt
                0x00005c68       0x50 muj.o
 .rodata._ZL21borosuifu_b_talk_hook
                0x00005cb8       0x10 muj.o
 .rodata._ZL20borosuifu_b_talk_evt
                0x00005cc8       0xf8 muj.o
 .rodata._ZL21borosuifu_a_talk_hook
                0x00005dc0       0x10 muj.o
 .rodata._ZL20borosuifu_a_talk_evt
                0x00005dd0       0xf8 muj.o
 .rodata._ZL24suifu_d_talk_muj_01_hook
                0x00005ec8       0x10 muj.o
 .rodata._ZL23suifu_d_talk_muj_01_evt
                0x00005ed8       0xf8 muj.o
 .rodata._ZL20suifu_bomb_talk_hook
                0x00005fd0       0x10 muj.o
 .rodata._ZL19suifu_bomb_talk_evt
                0x00005fe0       0xf4 muj.o
 .rodata._ZL20suifu_bomb_init_hook
                0x000060d4       0x10 muj.o
 .rodata._ZL19suifu_bomb_init_evt
                0x000060e4       0x30 muj.o
 .rodata._ZL24suifu_a_talk_muj_01_hook
                0x00006114       0x10 muj.o
 .rodata._ZL23suifu_a_talk_muj_01_evt
                0x00006124       0xf4 muj.o
 .rodata._ZL24suifu_a_init_muj_01_hook
                0x00006218       0x10 muj.o
 .rodata._ZL23suifu_a_init_muj_01_evt
                0x00006228       0x40 muj.o
 .rodata._ZL23odoodo_init_muj_01_hook
                0x00006268       0x10 muj.o
 .rodata._ZL22odoodo_init_muj_01_evt
                0x00006278       0x40 muj.o
 .rodata._ZL23megane_init_muj_01_hook
                0x000062b8       0x10 muj.o
 .rodata._ZL22megane_init_muj_01_evt
                0x000062c8       0x40 muj.o
 .rodata._ZL22marco_init_muj_01_hook
                0x00006308       0x10 muj.o
 .rodata._ZL21marco_init_muj_01_evt
                0x00006318       0x9c muj.o
 .rodata._ZL25garawaru_talk_muj_01_hook
                0x000063b4       0x10 muj.o
 .rodata._ZL24garawaru_talk_muj_01_evt
                0x000063c4      0x4b4 muj.o
 .rodata._ZL25garawaru_init_muj_01_hook
                0x00006878       0x10 muj.o
 .rodata._ZL24garawaru_init_muj_01_evt
                0x00006888       0xd8 muj.o
 .rodata._ZL20muj_00_init_evt_hook
                0x00006960       0x44 muj.o
 .rodata._ZL21muj_00_init_evt_evt_2
                0x000069a4       0x70 muj.o
 .rodata._ZL19muj_00_init_evt_evt
                0x00006a14       0x40 muj.o
 .rodata._ZL22peton_talk_muj_00_hook
                0x00006a54       0x10 muj.o
 .rodata._ZL21peton_talk_muj_00_evt
                0x00006a64       0x8c muj.o
 .rodata._ZL21mony_talk_muj_00_hook
                0x00006af0       0x10 muj.o
 .rodata._ZL20mony_talk_muj_00_evt
                0x00006b00       0x8c muj.o
 .rodata._ZL17nokorin_talk_hook
                0x00006b8c       0x10 nok.o
 .rodata.str1.1
                0x00006b9c      0x4b1 nok.o
 *fill*         0x0000704d        0x3 
 .rodata._ZL16nokorin_talk_evt
                0x00007050      0x2f4 nok.o
 .rodata._ZL19boss_noko_talk_hook
                0x00007344       0x10 nok.o
 .rodata._ZL18boss_noko_talk_evt
                0x00007354      0x164 nok.o
 .rodata._ZL20nokonoko_K_talk_hook
                0x000074b8       0x10 nok.o
 .rodata._ZL19nokonoko_K_talk_evt
                0x000074c8       0xd4 nok.o
 .rodata._ZL18nokopapa_talk_hook
                0x0000759c       0x10 nok.o
 .rodata._ZL17nokopapa_talk_evt
                0x000075ac      0x128 nok.o
 .rodata._ZL16monban_talk_hook
                0x000076d4       0x10 nok.o
 .rodata._ZL15monban_talk_evt
                0x000076e4      0x11c nok.o
 .rodata._ZL20nokonoko_I_talk_hook
                0x00007800       0x10 nok.o
 .rodata._ZL19nokonoko_I_talk_evt
                0x00007810       0xd4 nok.o
 .rodata._ZL20nokonoko_H_talk_hook
                0x000078e4       0x10 nok.o
 .rodata._ZL19nokonoko_H_talk_evt
                0x000078f4       0xfc nok.o
 .rodata._ZL20nokonoko_G_talk_hook
                0x000079f0       0x10 nok.o
 .rodata._ZL19nokonoko_G_talk_evt
                0x00007a00       0xd4 nok.o
 .rodata._ZL15talk_white_hook
                0x00007ad4       0x10 nok.o
 .rodata._ZL14talk_white_evt
                0x00007ae4       0xa4 nok.o
 .rodata._ZL15init_white_hook
                0x00007b88       0x10 nok.o
 .rodata._ZL14init_white_evt
                0x00007b98       0x44 nok.o
 .rodata._ZL20nokonoko_F_talk_hook
                0x00007bdc       0x10 nok.o
 .rodata._ZL19nokonoko_F_talk_evt
                0x00007bec       0xd4 nok.o
 .rodata._ZL20nokonoko_D_talk_hook
                0x00007cc0       0x10 nok.o
 .rodata._ZL19nokonoko_D_talk_evt
                0x00007cd0       0xfc nok.o
 .rodata._ZL20nokonoko_C_talk_hook
                0x00007dcc       0x10 nok.o
 .rodata._ZL19nokonoko_C_talk_evt
                0x00007ddc       0xd4 nok.o
 .rodata._ZL20nokonoko_B_talk_hook
                0x00007eb0       0x10 nok.o
 .rodata._ZL19nokonoko_B_talk_evt
                0x00007ec0       0xd4 nok.o
 .rodata._ZL20nokonoko_A_talk_hook
                0x00007f94       0x10 nok.o
 .rodata._ZL19nokonoko_A_talk_evt
                0x00007fa4      0x10c nok.o
 .rodata._ZL16pik_00_init_hook
                0x000080b0       0x10 pik.o
 .rodata.str1.1
                0x000080c0      0x166 pik.o
 *fill*         0x00008226        0x2 
 .rodata._ZL19pik_00_init_evt_evt
                0x00008228       0x58 pik.o
 .rodata._ZL31pik_talk_madam_ring_return_hook
                0x00008280       0x10 pik.o
 .rodata._ZL20talk_madam_ring_item
                0x00008290       0xb8 pik.o
 .rodata._ZL14evt_daiza_hook
                0x00008348       0x1c pik.o
 .rodata._ZL13evt_daiza_evt
                0x00008364       0x5c pik.o
 .rodata._ZL18pik_evt_powan_hook
                0x000083c0       0x28 pik.o
 .rodata._ZL17pik_evt_powan_evt
                0x000083e8       0x94 pik.o
 .rodata._ZL16takun6_talk_hook
                0x0000847c       0x10 pik.o
 .rodata._ZL15takun6_talk_evt
                0x0000848c       0x78 pik.o
 .rodata._ZL16takun5_talk_hook
                0x00008504       0x10 pik.o
 .rodata._ZL15takun5_talk_evt
                0x00008514       0x78 pik.o
 .rodata._ZL16takun4_talk_hook
                0x0000858c       0x10 pik.o
 .rodata._ZL15takun4_talk_evt
                0x0000859c       0xb4 pik.o
 .rodata._ZL18miyageya_talk_hook
                0x00008650       0x28 pik.o
 .rodata._ZL17miyageya_talk_evt
                0x00008678      0x114 pik.o
 .rodata._ZL6madam2
                0x0000878c        0x7 pik.o
 *fill*         0x00008793        0x1 
 .rodata._ZL28talk_madam_ring_return_hook2
                0x00008794       0x10 rsh.o
 .rodata.str1.1
                0x000087a4      0x1b8 rsh.o
 .rodata._ZL20talk_madam_ring_item
                0x0000895c       0xbc rsh.o
 .rodata._ZL15talk_madam_hook
                0x00008a18       0x10 rsh.o
 .rodata._ZL28talk_madam_ring_return_hook1
                0x00008a28       0x10 rsh.o
 .rodata._ZL26talk_madam_ring_return_evt
                0x00008a38       0x70 rsh.o
 .rodata._ZL16init_konari_hook
                0x00008aa8       0x10 rsh.o
 .rodata._ZL14init_papa_hook
                0x00008ab8       0x10 rsh.o
 .rodata._ZL15init_konari_evt
                0x00008ac8       0x9c rsh.o
 .rodata._ZL15init_powan_hook
                0x00008b64       0x10 rsh.o
 .rodata._ZL14init_powan_evt
                0x00008b74       0xec rsh.o
 .rodata._ZL19talk_waitless_hook2
                0x00008c60       0x10 rsh.o
 .rodata._ZL19talk_waitless_hook1
                0x00008c70       0x10 rsh.o
 .rodata._ZL17talk_waitless_evt
                0x00008c80       0x78 rsh.o
 .rodata._ZL21rsh_01_init_evt_hook2
                0x00008cf8       0x10 rsh.o
 .rodata._ZL19rsh_01_init_evt_evt
                0x00008d08       0xd8 rsh.o
 .rodata._ZL20rsh_00_init_evt_hook
                0x00008de0       0x10 rsh.o
 .rodata._ZL19rsh_00_init_evt_evt
                0x00008df0       0xb8 rsh.o
 .rodata._ZL20rsh_04_init_evt_hook
                0x00008ea8       0x10 rsh.o
 .rodata._ZL20rsh_03_init_evt_hook
                0x00008eb8       0x10 rsh.o
 .rodata._ZL20rsh_02_init_evt_hook
                0x00008ec8       0x10 rsh.o
 .rodata._ZL21rsh_01_init_evt_hook1
                0x00008ed8       0x10 rsh.o
 .rodata._ZL19rsh_04_init_evt_evt
                0x00008ee8       0xc0 rsh.o
 .rodata._ZL26rsh_03_init_evt_music_hook
                0x00008fa8       0x10 rsh.o
 .rodata._ZL21rsh_03_init_evt_music
                0x00008fb8      0x1f8 rsh.o
 .rodata._ZL26rsh_02_init_evt_music_hook
                0x000091b0       0x10 rsh.o
 .rodata._ZL21rsh_02_init_evt_music
                0x000091c0      0x270 rsh.o
 .rodata._ZL26rsh_01_init_evt_music_hook
                0x00009430       0x10 rsh.o
 .rodata._ZL21rsh_01_init_evt_music
                0x00009440      0x1f8 rsh.o
 .rodata._ZL26rsh_00_init_evt_music_hook
                0x00009638       0x10 rsh.o
 .rodata._ZL21rsh_00_init_evt_music
                0x00009648      0x1f8 rsh.o
 .rodata._ZL26rsh_04_init_evt_music_hook
                0x00009840       0x10 rsh.o
 .rodata._ZL21rsh_04_init_evt_music
                0x00009850      0x1f8 rsh.o
 .rodata._ZL20rsh_06_init_evt_hook
                0x00009a48       0x10 rsh.o
 .rodata._ZL19rsh_06_init_evt_evt
                0x00009a58      0x178 rsh.o
 .rodata._ZL6madam1
                0x00009bd0        0x7 rsh.o
 .rodata.str1.1
                0x00009bd7      0x20a tik.o
 *fill*         0x00009de1        0x3 
 .rodata._ZL19tik_evt_majin2_item
                0x00009de4       0xa8 tik.o
 .rodata._ZL21tik_05_init_evt_hook2
                0x00009e8c       0x10 tik.o
 .rodata._ZL20tik_05_init_evt_evt2
                0x00009e9c       0xa4 tik.o
 .rodata._ZL20tik_05_init_evt_hook
                0x00009f40       0x10 tik.o
 .rodata._ZL19tik_05_init_evt_evt
                0x00009f50       0x48 tik.o
 .rodata._ZL24tik_kurihakase_init_hook
                0x00009f98       0x10 tik.o
 .rodata._ZL23tik_kurihakase_init_evt
                0x00009fa8       0x8c tik.o
 .rodata._ZL18master_2_talk_hook
                0x0000a034       0x10 tik.o
 .rodata._ZL17master_2_talk_evt
                0x0000a044      0x180 tik.o
 .rodata._ZL17borodo4_talk_hook
                0x0000a1c4       0x10 tik.o
 .rodata._ZL16borodo4_talk_evt
                0x0000a1d4      0x180 tik.o
 .rodata._ZL17borodo3_talk_hook
                0x0000a354       0x10 tik.o
 .rodata._ZL16borodo3_talk_evt
                0x0000a364      0x180 tik.o
 .rodata._ZL17chusan4_talk_hook
                0x0000a4e4       0x10 tik.o
 .rodata._ZL16chusan4_talk_evt
                0x0000a4f4      0x180 tik.o
 .rodata._ZL17kuribo5_talk_hook
                0x0000a674       0x10 tik.o
 .rodata._ZL16kuribo5_talk_evt
                0x0000a684      0x180 tik.o
 .rodata._ZL16hotdog_item_hook
                0x0000a804       0x10 tou.o
 .rodata.str1.1
                0x0000a814       0x76 tou.o
 *fill*         0x0000a88a        0x2 
 .rodata._ZL11hotdog_item
                0x0000a88c       0xe8 tou.o
 .rodata._ZL18tou_party_evt_hook
                0x0000a974       0x10 tou.o
 .rodata._ZL13tou_party_evt
                0x0000a984       0x5c tou.o
 .rodata._ZL20tou_04_init_evt_hook
                0x0000a9e0       0x10 tou.o
 .rodata._ZL19tou_04_init_evt_evt
                0x0000a9f0       0x78 tou.o
 .rodata._ZL14yoshi_gswf_evt
                0x0000aa68       0x14 tou.o
 .rodata._ZL15jolene_egg_hook
                0x0000aa7c       0x10 tou.o
 .rodata._ZL14jolene_egg_evt
                0x0000aa8c      0x220 tou.o
 .rodata._ZL16talk_sakaba_hook
                0x0000acac       0x10 tou.o
 .rodata._ZL15talk_sakaba_evt
                0x0000acbc       0x84 tou.o
 .rodata._ZL6jolene
                0x0000ad40        0xb tou.o
 .rodata.str1.1
                0x0000ad4b      0x49e usu.o
 *fill*         0x0000b1e9        0x3 
 .rodata._ZL19usu_evt_majin2_item
                0x0000b1ec       0xa8 usu.o
 .rodata._ZL13usu_party_evt
                0x0000b294       0xbc usu.o
 .rodata._ZL23village_chief_init_hook
                0x0000b350       0x10 usu.o
 .rodata._ZL22village_chief_init_evt
                0x0000b360       0x58 usu.o
 .rodata._ZL27village_chief_pig_init_hook
                0x0000b3b8       0x10 usu.o
 .rodata._ZL26village_chief_pig_init_evt
                0x0000b3c8       0x70 usu.o
 .rodata._ZL23village_chief_talk_hook
                0x0000b438       0x10 usu.o
 .rodata._ZL22village_chief_talk_evt
                0x0000b448      0x1c8 usu.o
 .rodata._ZL20gatekeeper_init_hook
                0x0000b610       0x10 usu.o
 .rodata._ZL19gatekeeper_init_evt
                0x0000b620       0x8c usu.o
 .rodata._ZL24gatekeeper_pig_init_hook
                0x0000b6ac       0x10 usu.o
 .rodata._ZL23gatekeeper_pig_init_evt
                0x0000b6bc       0x78 usu.o
 .rodata._ZL20gatekeeper_talk_hook
                0x0000b734       0x10 usu.o
 .rodata._ZL19gatekeeper_talk_evt
                0x0000b744      0x114 usu.o
 .rodata._ZL20usu_00_init_evt_hook
                0x0000b858       0x14 usu.o
 .rodata._ZL19usu_00_init_evt_evt
                0x0000b86c       0x5c usu.o
 .rodata._ZL20shop_woman_talk_hook
                0x0000b8c8       0x10 usu.o
 .rodata._ZL19shop_woman_talk_evt
                0x0000b8d8       0x78 usu.o
 .rodata._ZL18shop_man_talk_hook
                0x0000b950       0x10 usu.o
 .rodata._ZL17shop_man_talk_evt
                0x0000b960       0x78 usu.o
 .rodata._ZL19villagerJ_talk_hook
                0x0000b9d8       0x10 usu.o
 .rodata._ZL18villagerJ_talk_evt
                0x0000b9e8      0x104 usu.o
 .rodata._ZL19villagerI_talk_hook
                0x0000baec       0x10 usu.o
 .rodata._ZL18villagerI_talk_evt
                0x0000bafc      0x104 usu.o
 .rodata._ZL19villagerH_talk_hook
                0x0000bc00       0x10 usu.o
 .rodata._ZL18villagerH_talk_evt
                0x0000bc10       0xd0 usu.o
 .rodata._ZL19villagerG_talk_hook
                0x0000bce0       0x10 usu.o
 .rodata._ZL18villagerG_talk_evt
                0x0000bcf0       0xf0 usu.o
 .rodata._ZL19villagerF_talk_hook
                0x0000bde0       0x10 usu.o
 .rodata._ZL18villagerF_talk_evt
                0x0000bdf0       0xf0 usu.o
 .rodata._ZL19villagerK_talk_hook
                0x0000bee0       0x10 usu.o
 .rodata._ZL18villagerK_talk_evt
                0x0000bef0      0x130 usu.o
 .rodata._ZL19villagerE_talk_hook
                0x0000c020       0x10 usu.o
 .rodata._ZL18villagerE_talk_evt
                0x0000c030      0x130 usu.o
 .rodata._ZL19villagerD_talk_hook
                0x0000c160       0x10 usu.o
 .rodata._ZL18villagerD_talk_evt
                0x0000c170      0x194 usu.o
 .rodata._ZL19villagerC_talk_hook
                0x0000c304       0x10 usu.o
 .rodata._ZL18villagerC_talk_evt
                0x0000c314       0xfc usu.o
 .rodata._ZL19villagerB_talk_hook
                0x0000c410       0x10 usu.o
 .rodata._ZL18villagerB_talk_evt
                0x0000c420       0xfc usu.o
 .rodata._ZL19villagerA_talk_hook
                0x0000c51c       0x10 usu.o
 .rodata._ZL18villagerA_talk_evt
                0x0000c52c      0x130 usu.o
 .rodata._ZL19villagerA_init_hook
                0x0000c65c       0x10 usu.o
 .rodata._ZL18villagerA_init_evt
                0x0000c66c       0x6c usu.o
 .rodata._ZL6vivian
                0x0000c6d8        0x9 usu.o
 *fill*         0x0000c6e1        0x3 
 .rodata._ZL5mayor
                0x0000c6e4        0x5 usu.o
 *fill*         0x0000c6e9        0x3 
 .rodata._ZL9mayor_pig
                0x0000c6ec        0x9 usu.o
 *fill*         0x0000c6f5        0x3 
 .rodata._ZL8doopliss
                0x0000c6f8        0xb usu.o
 *fill*         0x0000c703        0x1 
 .rodata._ZL10gatekeeper
                0x0000c704        0x5 usu.o
 *fill*         0x0000c709        0x3 
 .rodata._ZL14gatekeeper_pig
                0x0000c70c        0x9 usu.o
 *fill*         0x0000c715        0x3 
 .rodata._ZL12usuVillagerA
                0x0000c718        0x7 usu.o
 *fill*         0x0000c71f        0x1 
 .rodata._ZL14win_party_hook
                0x0000c720       0x10 win.o
 .rodata.str1.1
                0x0000c730       0x36 win.o
 *fill*         0x0000c766        0x2 
 .rodata._ZL13win_party_evt
                0x0000c768       0xe4 win.o
 .rodata._ZL20win_00_init_evt_hook
                0x0000c84c       0x10 win.o
 .rodata._ZL19win_00_init_evt_evt
                0x0000c85c       0x30 win.o
 .rodata._ZL17majorin_init_hook
                0x0000c88c       0x10 win.o
 .rodata._ZL16majorin_init_evt
                0x0000c89c       0x30 win.o
 .rodata._ZL17maririn_init_hook
                0x0000c8cc       0x10 win.o
 .rodata._ZL16maririn_init_evt
                0x0000c8dc       0x30 win.o
 .rodata._ZL20win_vivian_init_hook
                0x0000c90c       0x10 win.o
 .rodata._ZL19win_vivian_init_evt
                0x0000c91c       0x98 win.o
 .rodata._ZL7flurrie
                0x0000c9b4        0x9 win.o
 *(.gnu.linkonce.r.*)

.rodata1
 *(.rodata1)

.sdata2         0x0000c9bd        0x0
                [!provide]                        PROVIDE (_SDA2_BASE_ = .)
 *(.sdata2)
 *(.sdata2.*)
 *(.gnu.linkonce.s2.*)

.sbss2
 *(.sbss2)
 *(.sbss2.*)
 *(.gnu.linkonce.sb2.*)
                0x0000c9c0                        . = ALIGN (0x4)
                [!provide]                        PROVIDE (__preinit_array_start = .)

.preinit_array
 *(.preinit_array)
                [!provide]                        PROVIDE (__preinit_array_end = .)
                [!provide]                        PROVIDE (__init_array_start = .)

.init_array
 *(.init_array)
                [!provide]                        PROVIDE (__init_array_end = .)
                [!provide]                        PROVIDE (__fini_array_start = .)

.fini_array
 *(.fini_array)
                [!provide]                        PROVIDE (__fini_array_end = .)

.data           0x0000c9c0      0x300
 *(.data)
 *(.data.*)
 .data._ZN3mod6common12kItemDataArrE
                0x0000c9c0        0x4 common.o
                0x0000c9c0                _ZN3mod6common12kItemDataArrE
 .data.errorTextPosY
                0x0000c9c4        0x4 errorHandling.o
                0x0000c9c4                errorTextPosY
 .data._ZL16gor_00_init_evt2
                0x0000c9c8      0x2bc gor_00.o
 .data.shopWorkPtr
                0x0000cc84        0x4 main.o
                0x0000cc84                shopWorkPtr
 .data.goods    0x0000cc88       0x28 main.o
                0x0000cc88                goods
 *(.gnu.linkonce.d.*)
                0x0000ccc0                        . = ALIGN (0x20)
 *fill*         0x0000ccb0       0x10 

.data1
 *(.data1)

.tdata
 *(.tdata .tdata.* .gnu.linkonce.td.*)

.tbss
 *(.tbss .tbss.* .gnu.linkonce.tb.*)
 *(.tcommon)

.eh_frame       0x0000ccc0     0x1a00
 *(.eh_frame)
 .eh_frame      0x0000ccc0      0x2bc OWR.o
 .eh_frame      0x0000cf7c       0x28 StateManager.o
                                 0x3c (size before relaxing)
 .eh_frame      0x0000cfa4        0x0 common.o
                                 0xc8 (size before relaxing)
 .eh_frame      0x0000cfa4       0x68 con_mario.o
 .eh_frame      0x0000d00c       0x80 con_perf.o
 .eh_frame      0x0000d08c       0xa0 con_seq.o
 .eh_frame      0x0000d12c      0x2ec console.o
                                0x310 (size before relaxing)
 .eh_frame      0x0000d418       0x64 cxx.o
                                 0x8c (size before relaxing)
 .eh_frame      0x0000d47c      0x26c errorHandling.o
 .eh_frame      0x0000d6e8      0x130 gamePatches.o
 .eh_frame      0x0000d818       0xa4 keyboard.o
                                 0xcc (size before relaxing)
 .eh_frame      0x0000d8bc       0xfc mod.o
                                0x110 (size before relaxing)
 .eh_frame      0x0000d9b8      0x114 patch.o
                                0x18c (size before relaxing)
 .eh_frame      0x0000dacc       0x5c printf.o
 .eh_frame      0x0000db28       0x7c rel.o
 .eh_frame      0x0000dba4       0x98 ug.o
 .eh_frame      0x0000dc3c       0xdc util.o
                                0x100 (size before relaxing)
 .eh_frame      0x0000dd18       0x28 aaa.o
 .eh_frame      0x0000dd40       0x6c aji.o
 .eh_frame      0x0000ddac       0x28 bom.o
 .eh_frame      0x0000ddd4       0x3c dou.o
 .eh_frame      0x0000de10       0x40 eki.o
 .eh_frame      0x0000de50       0x28 end.o
 .eh_frame      0x0000de78       0x40 gon.o
 .eh_frame      0x0000deb8       0x74 gor_00.o
 .eh_frame      0x0000df2c       0x48 gor_01.o
 .eh_frame      0x0000df74       0x50 gor_02.o
 .eh_frame      0x0000dfc4       0x50 gor_03.o
 .eh_frame      0x0000e014       0x38 gor_04.o
 .eh_frame      0x0000e04c       0x54 gor_misc.o
 .eh_frame      0x0000e0a0       0x40 gra.o
 .eh_frame      0x0000e0e0       0x4c hei.o
 .eh_frame      0x0000e12c       0x38 hom.o
 .eh_frame      0x0000e164       0x40 jin.o
 .eh_frame      0x0000e1a4       0x28 kpa.o
 .eh_frame      0x0000e1cc       0x50 las.o
 .eh_frame      0x0000e21c       0xbc main.o
 .eh_frame      0x0000e2d8        0x0 moo.o
                                 0x28 (size before relaxing)
 .eh_frame      0x0000e2d8       0x68 mri.o
 .eh_frame      0x0000e340       0x6c muj.o
 .eh_frame      0x0000e3ac       0x4c nok.o
 .eh_frame      0x0000e3f8       0x54 pik.o
 .eh_frame      0x0000e44c       0x6c rsh.o
 .eh_frame      0x0000e4b8       0xb8 tik.o
 .eh_frame      0x0000e570       0x6c tou.o
 .eh_frame      0x0000e5dc       0x28 tou2.o
 .eh_frame      0x0000e604       0x68 usu.o
 .eh_frame      0x0000e66c       0x54 win.o

.gcc_except_table
 *(.gcc_except_table)

.fixup
 *(.fixup)

.got1
 *(.got1)

.got2
 *(.got2)

.dynamic
 *(.dynamic)

.ctors          0x0000e6c0       0x20
 *crtbegin.o(.ctors)
 *(EXCLUDE_FILE(*crtend.o) .ctors)
 .ctors         0x0000e6c0        0x4 OWR.o
 .ctors         0x0000e6c4        0x4 con_mario.o
 .ctors         0x0000e6c8        0x4 con_perf.o
 .ctors         0x0000e6cc        0x4 con_seq.o
 .ctors         0x0000e6d0        0x4 console.o
 .ctors         0x0000e6d4        0x4 errorHandling.o
 .ctors         0x0000e6d8        0x4 gor_00.o
 *(SORT_BY_NAME(.ctors.*))
 *(.ctors)
                0x0000e6e0                        . = ALIGN (0x20)
 *fill*         0x0000e6dc        0x4 

.dtors          0x0000e6e0       0x20
 *crtbegin.o(.dtors)
 *(EXCLUDE_FILE(*crtend.o) .dtors)
 .dtors         0x0000e6e0        0x4 errorHandling.o
 *(SORT_BY_NAME(.dtors.*))
 *(.dtors)
                0x0000e700                        . = ALIGN (0x20)
 *fill*         0x0000e6e4       0x1c 

.jcr
 *(.jcr)

.got
 *(.got.plt)
 *(.got)

.sdata          0x0000e700        0x0
                [!provide]                        PROVIDE (_SDA_BASE_ = .)
 *(.sdata)
 *(.sdata.*)
 *(.gnu.linkonce.s.*)
                0x0000e700                        . = ALIGN (0x20)
                0x0000e700                        _edata = .
                [!provide]                        PROVIDE (edata = .)

.sbss           0x0000e700        0x0
                0x0000e700                        __sbss_start = .
                [!provide]                        PROVIDE (__sbss_start = .)
                [!provide]                        PROVIDE (___sbss_start = .)
 *(.dynsbss)
 *(.sbss)
 *(.sbss.*)
 *(.gnu.linkonce.sb.*)
 *(.scommon)
                [!provide]                        PROVIDE (__sbss_end = .)
                [!provide]                        PROVIDE (___sbss_end = .)
                0x0000e700                        . = ALIGN (0x20)
                0x0000e700                        __sbss_end = .

.bss            0x0000e700      0x180
                0x0000e700                        __bss_start = .
                [!provide]                        PROVIDE (__bss_start = .)
 *(.dynbss)
 *(.bss)
 *(.bss.*)
 .bss._ZN3mod3owr22g_msgSearch_trampolineE
                0x0000e700        0x4 OWR.o
                0x0000e700                _ZN3mod3owr22g_msgSearch_trampolineE
 .bss._ZN3mod3owr31g_evt_mario_set_pose_trampolineE
                0x0000e704        0x4 OWR.o
                0x0000e704                _ZN3mod3owr31g_evt_mario_set_pose_trampolineE
 .bss._ZN3mod3owr30g_partySetForceMove_trampolineE
                0x0000e708        0x4 OWR.o
                0x0000e708                _ZN3mod3owr30g_partySetForceMove_trampolineE
 .bss._ZN3mod3owr28g_pouchRemoveItem_trampolineE
                0x0000e70c        0x4 OWR.o
                0x0000e70c                _ZN3mod3owr28g_pouchRemoveItem_trampolineE
 .bss._ZN3mod3owr25g_pouchGetItem_trampolineE
                0x0000e710        0x4 OWR.o
                0x0000e710                _ZN3mod3owr25g_pouchGetItem_trampolineE
 .bss._ZN3mod3owr22g_seqSetSeq_trampolineE
                0x0000e714        0x4 OWR.o
                0x0000e714                _ZN3mod3owr22g_seqSetSeq_trampolineE
 .bss._ZN3mod3owr19g_OSLink_trampolineE
                0x0000e718        0x4 OWR.o
                0x0000e718                _ZN3mod3owr19g_OSLink_trampolineE
 .bss._ZN3mod3owr6gStateE
                0x0000e71c        0x4 OWR.o
                0x0000e71c                _ZN3mod3owr6gStateE
 .bss._ZN3mod3owr5gSelfE
                0x0000e720        0x4 OWR.o
                0x0000e720                _ZN3mod3owr5gSelfE
 .bss._ZN3mod3owr7item_dbE
                0x0000e724        0x4 OWR.o
                0x0000e724                _ZN3mod3owr7item_dbE
 .bss.gState    0x0000e728        0x4 StateManager.o
                0x0000e728                gState
 .bss._ZN3modL12mod_if_obj24E
                0x0000e72c        0x8 con_mario.o
 .bss._ZN3mod14mario_show_posE
                0x0000e734       0x10 con_mario.o
                0x0000e734                _ZN3mod14mario_show_posE
 .bss._ZN3mod13mario_set_posE
                0x0000e744        0xc con_mario.o
                0x0000e744                _ZN3mod13mario_set_posE
 .bss._ZN3modL12mod_if_obj51E
                0x0000e750        0x8 con_perf.o
 .bss._ZN3mod14mem_debug_heapE
                0x0000e758       0x10 con_perf.o
                0x0000e758                _ZN3mod14mem_debug_heapE
 .bss._ZN3modL12mod_if_obj34E
                0x0000e768        0x8 con_perf.o
 .bss._ZN3mod9perf_showE
                0x0000e770       0x10 con_perf.o
                0x0000e770                _ZN3mod9perf_showE
 .bss._ZN3mod15perf_fake_spikeE
                0x0000e780        0xc con_perf.o
                0x0000e780                _ZN3mod15perf_fake_spikeE
 .bss._ZN3mod14seq_change_mapE
                0x0000e78c        0xc con_seq.o
                0x0000e78c                _ZN3mod14seq_change_mapE
 .bss._ZN3modL12mod_if_obj16E
                0x0000e798        0x8 con_seq.o
 .bss._ZN3mod24gTrampoline_seq_logoMainE
                0x0000e7a0        0x4 con_seq.o
                0x0000e7a0                _ZN3mod24gTrampoline_seq_logoMainE
 .bss._ZN3mod13seq_logo_skipE
                0x0000e7a4       0x10 con_seq.o
                0x0000e7a4                _ZN3mod13seq_logo_skipE
 .bss._ZN3mod4findE
                0x0000e7b4        0xc console.o
                0x0000e7b4                _ZN3mod4findE
 .bss._ZN3mod11con_ug_chanE
                0x0000e7c0       0x10 console.o
                0x0000e7c0                _ZN3mod11con_ug_chanE
 .bss._ZN3mod11con_ug_modeE
                0x0000e7d0       0x10 console.o
                0x0000e7d0                _ZN3mod11con_ug_modeE
 .bss._ZN3mod21con_log_fade_durationE
                0x0000e7e0       0x10 console.o
                0x0000e7e0                _ZN3mod21con_log_fade_durationE
 .bss._ZN3mod18con_log_fade_startE
                0x0000e7f0       0x10 console.o
                0x0000e7f0                _ZN3mod18con_log_fade_startE
 .bss._ZN3mod12con_log_fadeE
                0x0000e800       0x10 console.o
                0x0000e800                _ZN3mod12con_log_fadeE
 .bss._ZN3mod13con_log_levelE
                0x0000e810       0x10 console.o
                0x0000e810                _ZN3mod13con_log_levelE
 .bss._ZN3mod11con_rainbowE
                0x0000e820       0x10 console.o
                0x0000e820                _ZN3mod11con_rainbowE
 .bss._ZN3mod8con_monoE
                0x0000e830       0x10 console.o
                0x0000e830                _ZN3mod8con_monoE
 .bss._ZN3mod8con_showE
                0x0000e840       0x10 console.o
                0x0000e840                _ZN3mod8con_showE
 .bss._ZN3mod8gConsoleE
                0x0000e850        0x4 console.o
                0x0000e850                _ZN3mod8gConsoleE
 .bss._ZN3mod9ConIntVar6sFirstE
                0x0000e854        0x4 console.o
                0x0000e854                _ZN3mod9ConIntVar6sFirstE
 .bss._ZN3mod10ConCommand6sFirstE
                0x0000e858        0x4 console.o
                0x0000e858                _ZN3mod10ConCommand6sFirstE
 .bss.g_animPoseMain_trampoline
                0x0000e85c        0x4 errorHandling.o
                0x0000e85c                g_animPoseMain_trampoline
 .bss.g_npcNameToPtr_trampoline
                0x0000e860        0x4 errorHandling.o
                0x0000e860                g_npcNameToPtr_trampoline
 .bss.heapCorruptionInfo
                0x0000e864        0x8 errorHandling.o
                0x0000e864                heapCorruptionInfo
 .bss.animPoseMainErrorInfo
                0x0000e86c        0x4 errorHandling.o
                0x0000e86c                animPoseMainErrorInfo
 .bss.npcNameToPtrErrorInfo
                0x0000e870        0x4 errorHandling.o
                0x0000e870                npcNameToPtrErrorInfo
 .bss._ZN3mod4gModE
                0x0000e874        0x4 mod.o
                0x0000e874                _ZN3mod4gModE
 .bss._ZN17ModUpdateFunction6sFirstE
                0x0000e878        0x4 mod.o
                0x0000e878                _ZN17ModUpdateFunction6sFirstE
 .bss._ZN15ModInitFunction6sFirstE
                0x0000e87c        0x4 mod.o
                0x0000e87c                _ZN15ModInitFunction6sFirstE
 *(.gnu.linkonce.b.*)
 *(COMMON)
                0x0000e880                        . = ALIGN (0x20)
                [!provide]                        PROVIDE (__bss_end = .)
                0x0000e880                        __bss_end = .
                0x0000e880                        _end = .
                [!provide]                        PROVIDE (end = .)

.bss._ZZNK3mod14seq_change_mapMUlPKcE_clES2_E8beroName
                0x00000000       0x20
 .bss._ZZNK3mod14seq_change_mapMUlPKcE_clES2_E8beroName
                0x00000000       0x20 con_seq.o
                0x00000000                _ZZNK3mod14seq_change_mapMUlPKcE_clES1_E8beroName
                0x00000000                _ZZNK3mod14seq_change_mapMUlPKcE_clES2_E8beroName

.bss._ZZNK3mod14seq_change_mapMUlPKcE_clES2_E7mapName
                0x00000000       0x20
 .bss._ZZNK3mod14seq_change_mapMUlPKcE_clES2_E7mapName
                0x00000000       0x20 con_seq.o
                0x00000000                _ZZNK3mod14seq_change_mapMUlPKcE_clES2_E7mapName
                0x00000000                _ZZNK3mod14seq_change_mapMUlPKcE_clES1_E7mapName

.stab
 *(.stab)

.stabstr
 *(.stabstr)

.stab.excl
 *(.stab.excl)

.stab.exclstr
 *(.stab.exclstr)

.stab.index
 *(.stab.index)

.stab.indexstr
 *(.stab.indexstr)

.comment        0x00000000      0x6c0
 *(.comment)
 .comment       0x00000000       0x24 OWR.o
 .comment       0x00000024       0x24 StateManager.o
 .comment       0x00000048       0x24 common.o
 .comment       0x0000006c       0x24 con_mario.o
 .comment       0x00000090       0x24 con_perf.o
 .comment       0x000000b4       0x24 con_seq.o
 .comment       0x000000d8       0x24 console.o
 .comment       0x000000fc       0x24 cxx.o
 .comment       0x00000120       0x24 errorHandling.o
 .comment       0x00000144       0x24 gamePatches.o
 .comment       0x00000168       0x24 keyboard.o
 .comment       0x0000018c       0x24 mod.o
 .comment       0x000001b0       0x24 patch.o
 .comment       0x000001d4       0x24 printf.o
 .comment       0x000001f8       0x24 rel.o
 .comment       0x0000021c       0x24 ug.o
 .comment       0x00000240       0x24 util.o
 .comment       0x00000264       0x24 aaa.o
 .comment       0x00000288       0x24 aji.o
 .comment       0x000002ac       0x24 bom.o
 .comment       0x000002d0       0x24 dou.o
 .comment       0x000002f4       0x24 eki.o
 .comment       0x00000318       0x24 end.o
 .comment       0x0000033c       0x24 gon.o
 .comment       0x00000360       0x24 gor_00.o
 .comment       0x00000384       0x24 gor_01.o
 .comment       0x000003a8       0x24 gor_02.o
 .comment       0x000003cc       0x24 gor_03.o
 .comment       0x000003f0       0x24 gor_04.o
 .comment       0x00000414       0x24 gor_misc.o
 .comment       0x00000438       0x24 gra.o
 .comment       0x0000045c       0x24 hei.o
 .comment       0x00000480       0x24 hom.o
 .comment       0x000004a4       0x24 jin.o
 .comment       0x000004c8       0x24 kpa.o
 .comment       0x000004ec       0x24 las.o
 .comment       0x00000510       0x24 main.o
 .comment       0x00000534       0x24 moo.o
 .comment       0x00000558       0x24 mri.o
 .comment       0x0000057c       0x24 muj.o
 .comment       0x000005a0       0x24 nok.o
 .comment       0x000005c4       0x24 pik.o
 .comment       0x000005e8       0x24 rsh.o
 .comment       0x0000060c       0x24 tik.o
 .comment       0x00000630       0x24 tou.o
 .comment       0x00000654       0x24 tou2.o
 .comment       0x00000678       0x24 usu.o
 .comment       0x0000069c       0x24 win.o

.gnu.attributes
                0x00000000       0x10
 .gnu.attributes
                0x00000000       0x10 OWR.o
 .gnu.attributes
                0x00000010       0x10 common.o
 .gnu.attributes
                0x00000020       0x10 con_mario.o
 .gnu.attributes
                0x00000030       0x10 con_perf.o
 .gnu.attributes
                0x00000040       0x10 console.o
 .gnu.attributes
                0x00000050       0x10 errorHandling.o
 .gnu.attributes
                0x00000060       0x10 mod.o
 .gnu.attributes
                0x00000070       0x10 printf.o
 .gnu.attributes
                0x00000080       0x10 util.o

.group          0x00000000        0xc
 .group         0x00000000        0xc con_mario.o

.group          0x00000000        0xc
 .group         0x00000000        0xc con_perf.o

.group          0x00000000        0xc
 .group         0x00000000        0xc con_seq.o

.group          0x00000000        0x8
 .group         0x00000000        0x8 con_seq.o

.group          0x00000000        0x8
 .group         0x00000000        0x8 con_seq.o

.group          0x00000000        0xc
 .group         0x00000000        0xc console.o

.group          0x00000000        0xc
 .group         0x00000000        0xc errorHandling.o

.debug
 *(.debug)

.line
 *(.line)

.debug_srcinfo
 *(.debug_srcinfo)

.debug_sfnames
 *(.debug_sfnames)

.debug_aranges  0x00000000      0x9b8
 *(.debug_aranges)
 .debug_aranges
                0x00000000       0xa0 OWR.o
 .debug_aranges
                0x000000a0       0x28 StateManager.o
 .debug_aranges
                0x000000c8       0x60 common.o
 .debug_aranges
                0x00000128       0x30 con_mario.o
 .debug_aranges
                0x00000158       0x38 con_perf.o
 .debug_aranges
                0x00000190       0x38 con_seq.o
 .debug_aranges
                0x000001c8       0xa8 console.o
 .debug_aranges
                0x00000270       0x48 cxx.o
 .debug_aranges
                0x000002b8       0x98 errorHandling.o
 .debug_aranges
                0x00000350       0x50 gamePatches.o
 .debug_aranges
                0x000003a0       0x40 keyboard.o
 .debug_aranges
                0x000003e0       0x58 mod.o
 .debug_aranges
                0x00000438       0x80 patch.o
 .debug_aranges
                0x000004b8       0x28 printf.o
 .debug_aranges
                0x000004e0       0x30 rel.o
 .debug_aranges
                0x00000510       0x38 ug.o
 .debug_aranges
                0x00000548       0x50 util.o
 .debug_aranges
                0x00000598       0x20 aaa.o
 .debug_aranges
                0x000005b8       0x20 aji.o
 .debug_aranges
                0x000005d8       0x20 bom.o
 .debug_aranges
                0x000005f8       0x20 dou.o
 .debug_aranges
                0x00000618       0x20 eki.o
 .debug_aranges
                0x00000638       0x20 end.o
 .debug_aranges
                0x00000658       0x20 gon.o
 .debug_aranges
                0x00000678       0x28 gor_00.o
 .debug_aranges
                0x000006a0       0x20 gor_01.o
 .debug_aranges
                0x000006c0       0x20 gor_02.o
 .debug_aranges
                0x000006e0       0x20 gor_03.o
 .debug_aranges
                0x00000700       0x20 gor_04.o
 .debug_aranges
                0x00000720       0x28 gor_misc.o
 .debug_aranges
                0x00000748       0x20 gra.o
 .debug_aranges
                0x00000768       0x20 hei.o
 .debug_aranges
                0x00000788       0x20 hom.o
 .debug_aranges
                0x000007a8       0x20 jin.o
 .debug_aranges
                0x000007c8       0x20 kpa.o
 .debug_aranges
                0x000007e8       0x20 las.o
 .debug_aranges
                0x00000808       0x40 main.o
 .debug_aranges
                0x00000848       0x20 moo.o
 .debug_aranges
                0x00000868       0x20 mri.o
 .debug_aranges
                0x00000888       0x20 muj.o
 .debug_aranges
                0x000008a8       0x20 nok.o
 .debug_aranges
                0x000008c8       0x20 pik.o
 .debug_aranges
                0x000008e8       0x20 rsh.o
 .debug_aranges
                0x00000908       0x30 tik.o
 .debug_aranges
                0x00000938       0x20 tou.o
 .debug_aranges
                0x00000958       0x20 tou2.o
 .debug_aranges
                0x00000978       0x20 usu.o
 .debug_aranges
                0x00000998       0x20 win.o

.debug_pubnames
 *(.debug_pubnames)

.debug_info     0x00000000    0x42b2a
 *(.debug_info)
 .debug_info    0x00000000     0x6a4f OWR.o
 .debug_info    0x00006a4f      0x3bd StateManager.o
 .debug_info    0x00006e0c      0xf83 common.o
 .debug_info    0x00007d8f     0x2443 con_mario.o
 .debug_info    0x0000a1d2     0x22c3 con_perf.o
 .debug_info    0x0000c495     0x20e3 con_seq.o
 .debug_info    0x0000e578     0x3bbd console.o
 .debug_info    0x00012135      0x407 cxx.o
 .debug_info    0x0001253c     0x3b05 errorHandling.o
 .debug_info    0x00016041     0x2c19 gamePatches.o
 .debug_info    0x00018c5a      0xe4d keyboard.o
 .debug_info    0x00019aa7     0x33aa mod.o
 .debug_info    0x0001ce51      0xe1b patch.o
 .debug_info    0x0001dc6c      0x580 printf.o
 .debug_info    0x0001e1ec      0x103 rel.o
 .debug_info    0x0001e2ef      0x77f ug.o
 .debug_info    0x0001ea6e      0x9c5 util.o
 .debug_info    0x0001f433      0x2ee aaa.o
 .debug_info    0x0001f721     0x1780 aji.o
 .debug_info    0x00020ea1      0x406 bom.o
 .debug_info    0x000212a7     0x1139 dou.o
 .debug_info    0x000223e0      0xbd4 eki.o
 .debug_info    0x00022fb4      0x2e4 end.o
 .debug_info    0x00023298     0x11ad gon.o
 .debug_info    0x00024445     0x1ec9 gor_00.o
 .debug_info    0x0002630e     0x1255 gor_01.o
 .debug_info    0x00027563     0x1882 gor_02.o
 .debug_info    0x00028de5      0xc44 gor_03.o
 .debug_info    0x00029a29      0x751 gor_04.o
 .debug_info    0x0002a17a     0x112d gor_misc.o
 .debug_info    0x0002b2a7      0x84c gra.o
 .debug_info    0x0002baf3     0x13c3 hei.o
 .debug_info    0x0002ceb6      0x9df hom.o
 .debug_info    0x0002d895      0x4cf jin.o
 .debug_info    0x0002dd64      0x32a kpa.o
 .debug_info    0x0002e08e      0xd83 las.o
 .debug_info    0x0002ee11     0x3898 main.o
 .debug_info    0x000326a9      0x963 moo.o
 .debug_info    0x0003300c     0x1daf mri.o
 .debug_info    0x00034dbb     0x1ded muj.o
 .debug_info    0x00036ba8     0x15b6 nok.o
 .debug_info    0x0003815e     0x16b1 pik.o
 .debug_info    0x0003980f     0x1e1a rsh.o
 .debug_info    0x0003b629     0x2448 tik.o
 .debug_info    0x0003da71     0x1ba8 tou.o
 .debug_info    0x0003f619      0x406 tou2.o
 .debug_info    0x0003fa1f     0x1df1 usu.o
 .debug_info    0x00041810     0x131a win.o

.debug_abbrev   0x00000000     0x86f9
 *(.debug_abbrev)
 .debug_abbrev  0x00000000      0x861 OWR.o
 .debug_abbrev  0x00000861      0x17e StateManager.o
 .debug_abbrev  0x000009df      0x217 common.o
 .debug_abbrev  0x00000bf6      0x60c con_mario.o
 .debug_abbrev  0x00001202      0x6a2 con_perf.o
 .debug_abbrev  0x000018a4      0x67c con_seq.o
 .debug_abbrev  0x00001f20      0x965 console.o
 .debug_abbrev  0x00002885      0x1a8 cxx.o
 .debug_abbrev  0x00002a2d      0x78c errorHandling.o
 .debug_abbrev  0x000031b9      0x4a8 gamePatches.o
 .debug_abbrev  0x00003661      0x32f keyboard.o
 .debug_abbrev  0x00003990      0x74f mod.o
 .debug_abbrev  0x000040df      0x21e patch.o
 .debug_abbrev  0x000042fd      0x1d5 printf.o
 .debug_abbrev  0x000044d2       0xf0 rel.o
 .debug_abbrev  0x000045c2      0x1bf ug.o
 .debug_abbrev  0x00004781      0x21e util.o
 .debug_abbrev  0x0000499f       0xcc aaa.o
 .debug_abbrev  0x00004a6b      0x22a aji.o
 .debug_abbrev  0x00004c95       0xcc bom.o
 .debug_abbrev  0x00004d61      0x1f2 dou.o
 .debug_abbrev  0x00004f53      0x1d6 eki.o
 .debug_abbrev  0x00005129       0xcc end.o
 .debug_abbrev  0x000051f5      0x1e3 gon.o
 .debug_abbrev  0x000053d8      0x260 gor_00.o
 .debug_abbrev  0x00005638      0x21d gor_01.o
 .debug_abbrev  0x00005855      0x244 gor_02.o
 .debug_abbrev  0x00005a99      0x1e3 gor_03.o
 .debug_abbrev  0x00005c7c      0x191 gor_04.o
 .debug_abbrev  0x00005e0d      0x2a0 gor_misc.o
 .debug_abbrev  0x000060ad      0x1c2 gra.o
 .debug_abbrev  0x0000626f      0x1ee hei.o
 .debug_abbrev  0x0000645d      0x1c1 hom.o
 .debug_abbrev  0x0000661e      0x154 jin.o
 .debug_abbrev  0x00006772       0xcc kpa.o
 .debug_abbrev  0x0000683e      0x1e3 las.o
 .debug_abbrev  0x00006a21      0x45f main.o
 .debug_abbrev  0x00006e80      0x1c5 moo.o
 .debug_abbrev  0x00007045      0x229 mri.o
 .debug_abbrev  0x0000726e      0x220 muj.o
 .debug_abbrev  0x0000748e      0x218 nok.o
 .debug_abbrev  0x000076a6      0x217 pik.o
 .debug_abbrev  0x000078bd      0x215 rsh.o
 .debug_abbrev  0x00007ad2      0x530 tik.o
 .debug_abbrev  0x00008002      0x227 tou.o
 .debug_abbrev  0x00008229       0xcc tou2.o
 .debug_abbrev  0x000082f5      0x215 usu.o
 .debug_abbrev  0x0000850a      0x1ef win.o

.debug_line     0x00000000    0x1600a
 *(.debug_line)
 .debug_line    0x00000000     0x11d5 OWR.o
 .debug_line    0x000011d5      0x1c2 StateManager.o
 .debug_line    0x00001397      0x351 common.o
 .debug_line    0x000016e8      0x476 con_mario.o
 .debug_line    0x00001b5e      0x682 con_perf.o
 .debug_line    0x000021e0      0x50f con_seq.o
 .debug_line    0x000026ef     0x1351 console.o
 .debug_line    0x00003a40      0x1f6 cxx.o
 .debug_line    0x00003c36      0xcf6 errorHandling.o
 .debug_line    0x0000492c      0x68c gamePatches.o
 .debug_line    0x00004fb8      0x4ae keyboard.o
 .debug_line    0x00005466      0x6a5 mod.o
 .debug_line    0x00005b0b      0x41b patch.o
 .debug_line    0x00005f26      0x24f printf.o
 .debug_line    0x00006175      0x13d rel.o
 .debug_line    0x000062b2      0x360 ug.o
 .debug_line    0x00006612      0x40c util.o
 .debug_line    0x00006a1e      0x205 aaa.o
 .debug_line    0x00006c23      0xd67 aji.o
 .debug_line    0x0000798a      0x553 bom.o
 .debug_line    0x00007edd      0x614 dou.o
 .debug_line    0x000084f1      0x507 eki.o
 .debug_line    0x000089f8      0x1f5 end.o
 .debug_line    0x00008bed      0x62c gon.o
 .debug_line    0x00009219      0x8af gor_00.o
 .debug_line    0x00009ac8      0x67b gor_01.o
 .debug_line    0x0000a143      0x68c gor_02.o
 .debug_line    0x0000a7cf      0x79d gor_03.o
 .debug_line    0x0000af6c      0x487 gor_04.o
 .debug_line    0x0000b3f3      0x415 gor_misc.o
 .debug_line    0x0000b808      0x40e gra.o
 .debug_line    0x0000bc16      0x554 hei.o
 .debug_line    0x0000c16a      0x3b4 hom.o
 .debug_line    0x0000c51e      0x5c2 jin.o
 .debug_line    0x0000cae0      0x28e kpa.o
 .debug_line    0x0000cd6e      0x82d las.o
 .debug_line    0x0000d59b      0xc49 main.o
 .debug_line    0x0000e1e4      0x2d8 moo.o
 .debug_line    0x0000e4bc     0x1020 mri.o
 .debug_line    0x0000f4dc      0xf06 muj.o
 .debug_line    0x000103e2      0x59a nok.o
 .debug_line    0x0001097c      0x862 pik.o
 .debug_line    0x000111de     0x14fd rsh.o
 .debug_line    0x000126db      0xa4a tik.o
 .debug_line    0x00013125     0x1793 tou.o
 .debug_line    0x000148b8      0x583 tou2.o
 .debug_line    0x00014e3b      0xc89 usu.o
 .debug_line    0x00015ac4      0x546 win.o

.debug_frame
 *(.debug_frame)

.debug_str      0x00000000    0x45824
 *(.debug_str)
 .debug_str     0x00000000     0x5754 OWR.o
 .debug_str     0x00005754      0x3ab StateManager.o
 .debug_str     0x00005aff     0x13e4 common.o
 .debug_str     0x00006ee3     0x1971 con_mario.o
 .debug_str     0x00008854     0x1615 con_perf.o
 .debug_str     0x00009e69     0x16b3 con_seq.o
 .debug_str     0x0000b51c     0x1a83 console.o
 .debug_str     0x0000cf9f      0x35e cxx.o
 .debug_str     0x0000d2fd     0x2087 errorHandling.o
 .debug_str     0x0000f384     0x23f5 gamePatches.o
 .debug_str     0x00011779      0x95f keyboard.o
 .debug_str     0x000120d8     0x2257 mod.o
 .debug_str     0x0001432f      0x726 patch.o
 .debug_str     0x00014a55      0x468 printf.o
 .debug_str     0x00014ebd      0x191 rel.o
 .debug_str     0x0001504e      0x39b ug.o
 .debug_str     0x000153e9      0x654 util.o
 .debug_str     0x00015a3d      0x3f1 aaa.o
 .debug_str     0x00015e2e     0x2161 aji.o
 .debug_str     0x00017f8f      0x5ee bom.o
 .debug_str     0x0001857d     0x1c8a dou.o
 .debug_str     0x0001a207      0xf4c eki.o
 .debug_str     0x0001b153      0x3eb end.o
 .debug_str     0x0001b53e     0x1cd3 gon.o
 .debug_str     0x0001d211     0x2982 gor_00.o
 .debug_str     0x0001fb93     0x1a78 gor_01.o
 .debug_str     0x0002160b     0x245f gor_02.o
 .debug_str     0x00023a6a      0xf76 gor_03.o
 .debug_str     0x000249e0      0x57d gor_04.o
 .debug_str     0x00024f5d     0x1b79 gor_misc.o
 .debug_str     0x00026ad6      0x98a gra.o
 .debug_str     0x00027460     0x2057 hei.o
 .debug_str     0x000294b7      0xc91 hom.o
 .debug_str     0x0002a148      0x629 jin.o
 .debug_str     0x0002a771      0x441 kpa.o
 .debug_str     0x0002abb2     0x11c1 las.o
 .debug_str     0x0002bd73     0x3254 main.o
 .debug_str     0x0002efc7      0xb56 moo.o
 .debug_str     0x0002fb1d     0x2957 mri.o
 .debug_str     0x00032474     0x2aa1 muj.o
 .debug_str     0x00034f15     0x1e9d nok.o
 .debug_str     0x00036db2     0x2036 pik.o
 .debug_str     0x00038de8     0x2a3f rsh.o
 .debug_str     0x0003b827     0x2f49 tik.o
 .debug_str     0x0003e770     0x2703 tou.o
 .debug_str     0x00040e73      0x5cc tou2.o
 .debug_str     0x0004143f     0x275b usu.o
 .debug_str     0x00043b9a     0x1c8a win.o

.debug_loc
 *(.debug_loc)

.debug_macinfo
 *(.debug_macinfo)

.debug_weaknames
 *(.debug_weaknames)

.debug_funcnames
 *(.debug_funcnames)

.debug_typenames
 *(.debug_typenames)

.debug_varnames
 *(.debug_varnames)
                0x00000000                        __isIPL = 0x0
                0x0002e880                        __stack_addr = ((((__bss_start + SIZEOF (.bss)) + 0x20000) + 0x7) & 0xfffffffffffffff8)
                0x0000e880                        __stack_end = (__bss_start + SIZEOF (.bss))
                0x00032880                        __intrstack_addr = (__stack_addr + 0x4000)
                0x0002e880                        __intrstack_end = __stack_addr
                0x00032880                        __Arena1Lo = ((__intrstack_addr + 0x1f) & 0xffffffffffffffe0)
                0x817feff0                        __Arena1Hi = 0x817feff0
                0x817ff000                        __gxregs = ((__Arena1Hi + 0x1f) & 0xffffffffffffffe0)
                [!provide]                        PROVIDE (__stack = 0x817feff0)
                [!provide]                        PROVIDE (__isIPL = __isIPL)
                [!provide]                        PROVIDE (__stack_addr = __stack_addr)
                [!provide]                        PROVIDE (__stack_end = __stack_end)
                [!provide]                        PROVIDE (__intrstack_addr = __intrstack_addr)
                [!provide]                        PROVIDE (__intrstack_end = __intrstack_end)
                [!provide]                        PROVIDE (__Arena1Lo = __Arena1Lo)
                [!provide]                        PROVIDE (__Arena1Hi = __Arena1Hi)
                [!provide]                        PROVIDE (__gxregs = __gxregs)
LOAD H:/GhidraProjects/TTYDAP/TTYDAP/rel/source/cxx.ld
                0x0000e6c0                        _ctors_start = ADDR (.ctors)
                0x0000e6e0                        _ctors_end = (_ctors_start + SIZEOF (.ctors))