
Discarded input sections

 .text          0x00000000        0x0 OWR.o
 .data          0x00000000        0x0 OWR.o
 .bss           0x00000000        0x0 OWR.o
 .bss._ZN3mod3owr25g_stg0_00_init_trampolineE
                0x00000000        0x4 OWR.o
 .bss._ZN3mod3owr22g_itemEntry_trampolineE
                0x00000000        0x4 OWR.o
 .text          0x00000000        0x0 StateManager.o
 .data          0x00000000        0x0 StateManager.o
 .bss           0x00000000        0x0 StateManager.o
 .text._ZN3mod3owr12StateManager4InitEv
                0x00000000       0x18 StateManager.o
 .text          0x00000000        0x0 common.o
 .data          0x00000000        0x0 common.o
 .bss           0x00000000        0x0 common.o
 .text._ZN3mod6common14GetCurrentAreaEv
                0x00000000       0x1c common.o
 .text._ZN3mod6common13GetCurrentMapEv
                0x00000000       0x1c common.o
 .text._ZN3mod6common11GetFilenameEv
                0x00000000       0x1c common.o
 .text._ZN3mod6common16GetStorySequenceEv
                0x00000000       0x20 common.o
 .text._ZN3mod6common14GetPitSequenceEv
                0x00000000       0x24 common.o
 .text._ZN3mod6common17GetSavedFlagValueEi
                0x00000000       0x40 common.o
 .text._ZN3mod6common21HasKeyItemInInventoryEs
                0x00000000       0x3c common.o
 .text._ZN3mod6common25GetBattleWindowDataOffsetEv
                0x00000000       0x1c common.o
 .text._ZN3mod6common21GetStatusWindowHeightEv
                0x00000000       0x24 common.o
 .data._ZN3mod6common29kUnknownStatusWindowStructPtrE
                0x00000000        0x4 common.o
 .data._ZN3mod6common10kBattlePtrE
                0x00000000        0x4 common.o
 .data._ZN3mod6common9kPouchPtrE
                0x00000000        0x4 common.o
 .data._ZN3mod6common12kSaveDataPtrE
                0x00000000        0x4 common.o
 .rodata._ZN3mod6common32kUltraHammerChestDespawnIdOffsetE
                0x00000000        0x4 common.o
 .rodata._ZN3mod6common27kObjectCollectionExprOffsetE
                0x00000000        0x4 common.o
 .rodata._ZN3mod6common27kObjectChestScriptPtrOffsetE
                0x00000000        0x4 common.o
 .rodata._ZN3mod6common33kMujModuleFlavioDesiredItemOffsetE
                0x00000000        0x4 common.o
 .rodata._ZN3mod6common36kJinModuleAtomicBooItemGswfSetOffsetE
                0x00000000        0x4 common.o
 .rodata._ZN3mod6common39kJinModuleAtomicBooItemObjectFlagOffsetE
                0x00000000        0x4 common.o
 .rodata._ZN3mod6common32kPitModuleCharlietonChanceOffsetE
                0x00000000        0x4 common.o
 .rodata._ZN3mod6common22kPitModuleNpcArrOffsetE
                0x00000000        0x4 common.o
 .rodata._ZN3mod6common23kSavedWordFlagBaseValueE
                0x00000000        0x4 common.o
 .data._ZN3mod6common20kPiantaParlorItemArrE
                0x00000000        0x4 common.o
 .data._ZN3mod6common21kPitCharlietonItemArrE
                0x00000000        0x4 common.o
 .data._ZN3mod6common12kHowzItemArrE
                0x00000000        0x4 common.o
 .data._ZN3mod6common18kCharlietonItemArrE
                0x00000000        0x4 common.o
 .data._ZN3mod6common14kDazzleItemArrE
                0x00000000        0x4 common.o
 .data._ZN3mod6common20kSuperguardFramesArrE
                0x00000000        0x4 common.o
 .data._ZN3mod6common15kGuardFramesArrE
                0x00000000        0x4 common.o
 .data._ZN3mod6common25kSuperChargePartnerParamsE
                0x00000000        0x4 common.o
 .data._ZN3mod6common18kSuperChargeParamsE
                0x00000000        0x4 common.o
 .data._ZN3mod6common19kPiercingBlowParamsE
                0x00000000        0x4 common.o
 .data._ZN3mod6common18kHammerThrowParamsE
                0x00000000        0x4 common.o
 .data._ZN3mod6common17kKoopaCurseParamsE
                0x00000000        0x4 common.o
 .data._ZN3mod6common15kTradeOffParamsE
                0x00000000        0x4 common.o
 .data._ZN3mod6common17kGulpRecoilParamsE
                0x00000000        0x4 common.o
 .data._ZN3mod6common24kUltraHammerRecoilParamsE
                0x00000000        0x4 common.o
 .data._ZN3mod6common24kSuperHammerRecoilParamsE
                0x00000000        0x4 common.o
 .data._ZN3mod6common8kNextMapE
                0x00000000        0x4 common.o
 .rodata.cst4   0x00000000        0x4 common.o
 .text          0x00000000        0x0 con_mario.o
 .data          0x00000000        0x0 con_mario.o
 .bss           0x00000000        0x0 con_mario.o
 .text          0x00000000        0x0 con_perf.o
 .data          0x00000000        0x0 con_perf.o
 .bss           0x00000000        0x0 con_perf.o
 .text          0x00000000        0x0 con_seq.o
 .data          0x00000000        0x0 con_seq.o
 .bss           0x00000000        0x0 con_seq.o
 .text          0x00000000        0x0 console.o
 .data          0x00000000        0x0 console.o
 .bss           0x00000000        0x0 console.o
[...]
Memory Configuration

Name             Origin             Length             Attributes
*default*        0x00000000         0xffffffff

Linker script and memory map

                0x80003100                        . = 0x80003100

.init
 *crt0.o(*.init)
 *(.init)

.plt
 *(.plt)

.interp
 *(.interp)

.hash
 *(.hash)

.dynsym
 *(.dynsym)

.dynstr
 *(.dynstr)

.gnu.version
 *(.gnu.version)

.gnu.version_d
 *(.gnu.version_d)

.gnu.version_r
 *(.gnu.version_r)

.rel.init
 *(.rel.init)

.rela.init
 *(.rela.init)

.rel.text
 *(.rel.text .rel.text.* .rel.gnu.linkonce.t.*)

.rela.text
 *(.rela.text .rela.text.* .rela.gnu.linkonce.t.*)

.rel.fini
 *(.rel.fini)

.rela.fini
 *(.rela.fini)

.rel.rodata
 *(.rel.rodata .rel.rodata.* .rel.gnu.linkonce.r.*)

.rela.rodata
 *(.rela.rodata .rela.rodata.* .rela.gnu.linkonce.r.*)

.rel.data
 *(.rel.data .rel.data.* .rel.gnu.linkonce.d.*)

.rela.data
 *(.rela.data .rela.data.* .rela.gnu.linkonce.d.*)

.rel.tdata
 *(.rel.tdata .rel.tdata.* .rel.gnu.linkonce.td.*)

.rela.tdata
 *(.rela.tdata .rela.tdata.* .rela.gnu.linkonce.td.*)

.rel.tbss
 *(.rel.tbss .rel.tbss.* .rel.gnu.linkonce.tb.*)

.rela.tbss
 *(.rela.tbss .rela.tbss.* .rela.gnu.linkonce.tb.*)

.rel.ctors
 *(.rel.ctors)

.rela.ctors
 *(.rela.ctors)

.rel.dtors
 *(.rel.dtors)

.rela.dtors
 *(.rela.dtors)

.rel.got
 *(.rel.got)

.rela.got
 *(.rela.got)

.rela.got1
 *(.rela.got1)

.rela.got2
 *(.rela.got2)

.rel.sdata
 *(.rel.sdata .rel.sdata.* .rel.gnu.linkonce.s.*)

.rela.sdata
 *(.rela.sdata .rela.sdata.* .rela.gnu.linkonce.s.*)

.rel.sbss
 *(.rel.sbss .rel.sbss.* .rel.gnu.linkonce.sb.*)

.rela.sbss
 *(.rela.sbss .rela.sbss.* .rel.gnu.linkonce.sb.*)

.rel.sdata2
 *(.rel.sdata2 .rel.sdata2.* .rel.gnu.linkonce.s2.*)

.rela.sdata2
 *(.rela.sdata2 .rela.sdata2.* .rela.gnu.linkonce.s2.*)

.rel.sbss2
 *(.rel.sbss2 .rel.sbss2.* .rel.gnu.linkonce.sb2.*)

.rela.sbss2
 *(.rela.sbss2 .rela.sbss2.* .rela.gnu.linkonce.sb2.*)

.rel.bss
 *(.rel.bss .rel.bss.* .rel.gnu.linkonce.b.*)

.rela.bss
 *(.rela.bss .rela.bss.* .rela.gnu.linkonce.b.*)

.rel.plt
 *(.rel.plt)

.rela.plt
 *(.rela.plt)

.text           0x80003100     0xdc40
 *(.text)
 .text          0x80003100        0x8 FixBlooperCrash1.o
                0x80003100                asmFixBlooperCrash1
 .text          0x80003108       0x14 FixBlooperCrash2.o
                0x80003108                asmFixBlooperCrash2
 .text          0x8000311c       0x10 PreventDiaryTextboxSelection.o
                0x8000311c                asmPreventDiaryTextboxSelection
 .text          0x8000312c      0x2d0 asm_main.o
                0x8000312c                bMapGXArrInject
                0x80003138                bMapGXArrInjectReturn
                0x8000313c                bMapGXArrIncrement
                0x80003144                bMapGXArrIncrementReturn
                0x80003148                bMapGXChSplit
                0x80003154                bMapGXChSplitReturn
                0x80003158                bWinLogArrInject
                0x80003164                bWinLogArrInjectReturn
                0x80003168                bWinLogArrIncrement
                0x80003170                bWinLogArrIncrementReturn
                0x80003174                bChapterClearCheck
                0x800031bc                bJohoyaSeqAddition
                0x800031f4                bPrintPartyAddErrorFix
                0x80003230                bPrintPartyAddErrorFixReturn
                0x80003234                bPrintPartyErrorFix
                0x80003270                bPrintPartyErrorFixReturn
                0x80003274                bKururingFloorCapture
                0x8000327c                bKururingFloorCaptureReturn
                0x80003280                bKururingFloorRelease
                0x80003288                bKururingFloorReleaseReturn
                0x8000328c                bPowerupblkCapture
                0x800032a4                bPowerupblkCaptureReturn
                0x800032a8                bPowerupblkRelease
                0x800032b0                bPowerupblkReleaseReturn
                0x800032b4                bPeachPointer
                0x8000330c                breakfastValueRestore
                0x8000332c                bPeachReturn
                0x80003330                bShopFlagCheck
                0x8000333c                bShopFlagCheckReturn
                0x80003340                win_log_mapGX_arr
 .text          0x800033fc       0x58 restfpr_x.o
                0x800033fc                _restfpr_14_x
                0x80003400                _restfpr_15_x
                0x80003404                _restfpr_16_x
                0x80003408                _restfpr_17_x
                0x8000340c                _restfpr_18_x
                0x80003410                _restfpr_19_x
                0x80003414                _restfpr_20_x
                0x80003418                _restfpr_21_x
                0x8000341c                _restfpr_22_x
                0x80003420                _restfpr_23_x
                0x80003424                _restfpr_24_x
                0x80003428                _restfpr_25_x
                0x8000342c                _restfpr_26_x
                0x80003430                _restfpr_27_x
                0x80003434                _restfpr_28_x
                0x80003438                _restfpr_29_x
                0x8000343c                _restfpr_30_x
                0x80003440                _restfpr_31_x
 .text          0x80003454       0x58 restgpr_x.o
                0x80003454                _restgpr_14_x
                0x80003458                _restgpr_15_x
                0x8000345c                _restgpr_16_x
                0x80003460                _restgpr_17_x
                0x80003464                _restgpr_18_x
                0x80003468                _restgpr_19_x
                0x8000346c                _restgpr_20_x
                0x80003470                _restgpr_21_x
                0x80003474                _restgpr_22_x
                0x80003478                _restgpr_23_x
                0x8000347c                _restgpr_24_x
                0x80003480                _restgpr_25_x
                0x80003484                _restgpr_26_x
                0x80003488                _restgpr_27_x
                0x8000348c                _restgpr_28_x
                0x80003490                _restgpr_29_x
                0x80003494                _restgpr_30_x
                0x80003498                _restgpr_31_x
 *(.text.*)
 *fill*         0x800034ac        0x0 00000000
 .text._ZZN3mod3owr3OWR4InitEvENUlPN4ttyd6evtmgr8EvtEntryEbE_4_FUNES5_b
                0x800034ac       0x6c OWR.o
 .text._ZZN3mod3owr3OWR4InitEvENUlPN4ttyd5party10PartyEntryEfffE_4_FUNES5_fff
                0x80003518       0x98 OWR.o
 .text._ZZN3mod3owr3OWR4InitEvENUliE0_4_FUNEi
                0x800035b0       0xec OWR.o
 .text._ZZN3mod3owr3OWR4InitEvENUliE_4_FUNEi
                0x8000369c      0x1ec OWR.o
 .text._ZZN3mod3owr3OWR4InitEvENUlPKcE_4_FUNES3_
                0x80003888      0x578 OWR.o
 .text._ZZN3mod3owr3OWR4InitEvENUlN4ttyd6seqdrv8SeqIndexEPKcS6_E_4_FUNES4_S6_S6_
                0x80003e00       0xa0 OWR.o
 .text._ZN3mod3owr3OWRC2Ev
                0x80003ea0        0x4 OWR.o
                0x80003ea0                _ZN3mod3owr3OWRC1Ev
                0x80003ea0                _ZN3mod3owr3OWRC2Ev
 .text._ZN3mod3owr3OWR12SequenceInitEv
                0x80003ea4      0x120 OWR.o
                0x80003ea4                _ZN3mod3owr3OWR12SequenceInitEv
 .text._ZN3mod3owr13checkIfInGameEv
                0x80003fc4       0x64 OWR.o
                0x80003fc4                _ZN3mod3owr13checkIfInGameEv
 .text._ZN3mod3owr3OWR12HomewardWarpEv
                0x80004028       0x84 OWR.o
                0x80004028                _ZN3mod3owr3OWR12HomewardWarpEv
 .text._ZN3mod3owr3OWR12RecieveItemsEv
                0x800040ac       0x5c OWR.o
                0x800040ac                _ZN3mod3owr3OWR12RecieveItemsEv
 .text._ZN3mod3owr3OWR4InitEv
                0x80004108      0x22c OWR.o
                0x80004108                _ZN3mod3owr3OWR4InitEv
 .text._ZN3mod3owr3OWR6UpdateEv
                0x80004334       0x38 OWR.o
                0x80004334                _ZN3mod3owr3OWR6UpdateEv
 .text._ZN3mod3owr3OWR14OnModuleLoadedEP12OSModuleInfo
                0x8000436c       0x98 OWR.o
                0x8000436c                _ZN3mod3owr3OWR14OnModuleLoadedEP12OSModuleInfo
 .text._ZZN3mod3owr3OWR4InitEvENUlP12OSModuleInfoPvE_4_FUNES3_S4_
                0x80004404       0x54 OWR.o
 .text._ZN3mod3owr3OWR10DrawStringEPKcffjf
                0x80004458       0xc8 OWR.o
                0x80004458                _ZN3mod3owr3OWR10DrawStringEPKcffjf
 .text.startup._GLOBAL__sub_I__ZN3mod3owr7item_dbE
                0x80004520       0x14 OWR.o
 .text._ZN3mod3owr12StateManagerC2Ev
                0x80004534       0x18 StateManager.o
                0x80004534                _ZN3mod3owr12StateManagerC2Ev
                0x80004534                _ZN3mod3owr12StateManagerC1Ev
 .text._ZN3modL13mod_if_func24Ev
                0x8000454c       0x54 con_mario.o
 .text.startup._GLOBAL__sub_I__ZN3mod13mario_set_posE
                0x800045a0       0x88 con_mario.o
 .text._ZN3modL13mod_if_func51Ev
                0x80004628      0x158 con_perf.o
 .text._ZN3modL13mod_if_func34Ev
                0x80004780       0xbc con_perf.o
 .text.startup._GLOBAL__sub_I__ZN3mod15perf_fake_spikeE
                0x8000483c       0xc4 con_perf.o
 .text._ZN3modL13mod_if_func16Ev
                0x80004900       0x60 con_seq.o
 .text._ZZN3modL13mod_if_func16EvENUlPN4ttyd6seqdrv7SeqInfoEE_4_FUNES3_
                0x80004960       0x34 con_seq.o
 .text.startup._GLOBAL__sub_I__ZN3mod13seq_logo_skipE
                0x80004994       0x8c con_seq.o
 .text._ZN3mod13ConsoleSystem8logColorEPKcN2gc6color4E
                0x80004a20      0x1e4 console.o
                0x80004a20                _ZN3mod13ConsoleSystem8logColorEPKcN2gc6color4E
 .text._ZN3mod13ConsoleSystem7logInfoEPKcz
                0x80004c04       0xac console.o
                0x80004c04                _ZN3mod13ConsoleSystem7logInfoEPKcz
 .text._ZN3mod7CC_findEPKc
                0x80004cb0       0xe8 console.o
                0x80004cb0                _ZN3mod7CC_findEPKc
 .text._ZN3mod13ConsoleSystem10logWarningEPKcz
                0x80004d98       0xb0 console.o
                0x80004d98                _ZN3mod13ConsoleSystem10logWarningEPKcz
 .text._ZN3mod13ConsoleSystem8logErrorEPKcz
                0x80004e48       0xb0 console.o
                0x80004e48                _ZN3mod13ConsoleSystem8logErrorEPKcz
 .text._ZN3mod13ConsoleSystem7overlayEPKcz
                0x80004ef8       0xbc console.o
                0x80004ef8                _ZN3mod13ConsoleSystem7overlayEPKcz
 .text._ZN3mod13ConsoleSystem12setMonospaceEb
                0x80004fb4       0x24 console.o
                0x80004fb4                _ZN3mod13ConsoleSystem12setMonospaceEb
 .text._ZN3mod13ConsoleSystem4initEv
                0x80004fd8       0x14 console.o
                0x80004fd8                _ZN3mod13ConsoleSystem4initEv
 .text._ZN3mod13ConsoleSystem8drawLineEiPKcN2gc6color4E
                0x80004fec      0x130 console.o
                0x80004fec                _ZN3mod13ConsoleSystem8drawLineEiPKcN2gc6color4E
 .text._ZN3mod13ConsoleSystem14processCommandEPKc
                0x8000511c      0x1e4 console.o
                0x8000511c                _ZN3mod13ConsoleSystem14processCommandEPKc
 .text._ZN3mod13ConsoleSystem12updatePromptEv
                0x80005300      0x2f0 console.o
                0x80005300                _ZN3mod13ConsoleSystem12updatePromptEv
 .text._ZN3mod13ConsoleSystem14updateUsbGeckoEv
                0x800055f0      0x128 console.o
                0x800055f0                _ZN3mod13ConsoleSystem14updateUsbGeckoEv
 .text._ZN3mod13ConsoleSystem6updateEv
                0x80005718       0x68 console.o
                0x80005718                _ZN3mod13ConsoleSystem6updateEv
 .text._ZN3mod13ConsoleSystem4dispEv
                0x80005780      0x368 console.o
                0x80005780                _ZN3mod13ConsoleSystem4dispEv
 .text._ZZN3mod13ConsoleSystem6updateEvENUlN4ttyd7dispdrv8CameraIdEPvE_4_FUNES3_S4_
                0x80005ae8        0x8 console.o
 .text.startup._GLOBAL__sub_I__ZN3mod10ConCommand6sFirstE
                0x80005af0      0x17c console.o
 .text._Znwj    0x80005c6c        0xc cxx.o
                0x80005c6c                _Znwj
 .text._Znaj    0x80005c78        0x4 cxx.o
                0x80005c78                _Znaj
 .text._ZdlPv   0x80005c7c        0xc cxx.o
                0x80005c7c                _ZdlPv
 .text._ZdaPv   0x80005c88        0x4 cxx.o
                0x80005c88                _ZdaPv
 .text._ZL27checkIndividualStandardHeapPKN2gc2os9ChunkInfoE
                0x80005c8c       0x64 errorHandling.o
 .text._ZL24checkIndividualSmartHeapPKN4ttyd6memory19SmartAllocationDataE
                0x80005cf0       0x64 errorHandling.o
 .text._ZL22checkIndividualMapHeapPKN4ttyd6memory13MapAllocEntryE
                0x80005d54       0x50 errorHandling.o
 .text._ZL21initStandardHeapErrorPKvib
                0x80005da4       0x94 errorHandling.o
 .text._ZL18initSmartHeapErrorPKvb
                0x80005e38       0x8c errorHandling.o
 .text._ZL16initMapHeapErrorPKvtb
                0x80005ec4       0xa4 errorHandling.o
 .text._ZN18HeapCorruptionInfo10drawBufferEv
                0x80005f68       0x98 errorHandling.o
                0x80005f68                _ZN18HeapCorruptionInfo10drawBufferEv
 .text._ZN21NpcNameToPtrErrorInfo16drawErrorMessageEv
                0x80006000       0x9c errorHandling.o
                0x80006000                _ZN21NpcNameToPtrErrorInfo16drawErrorMessageEv
 .text._ZN21AnimPoseMainErrorInfo16drawErrorMessageEv
                0x8000609c       0x9c errorHandling.o
                0x8000609c                _ZN21AnimPoseMainErrorInfo16drawErrorMessageEv
 .text._Z10checkHeapsv
                0x80006138      0x110 errorHandling.o
                0x80006138                _Z10checkHeapsv
 .text._Z17drawErrorMessagesv
                0x80006248       0x74 errorHandling.o
                0x80006248                _Z17drawErrorMessagesv
 .text._Z25checkForNpcNameToPtrErrorPKc
                0x800062bc       0x6c errorHandling.o
                0x800062bc                _Z25checkForNpcNameToPtrErrorPKc
 .text._Z24preventAnimPoseMainCrashi
                0x80006328       0x54 errorHandling.o
                0x80006328                _Z24preventAnimPoseMainCrashi
 .text.startup._GLOBAL__sub_I_npcNameToPtrErrorInfo
                0x8000637c       0x1c errorHandling.o
 .text.exit._GLOBAL__sub_D_npcNameToPtrErrorInfo
                0x80006398       0x14 errorHandling.o
 .text._ZL22fixPouchInitMemoryLeakij
                0x800063ac       0x4c gamePatches.o
 .text._ZL12autoMashTextN2gc3pad5PadIdE
                0x800063f8       0x48 gamePatches.o
 .text._ZL14fixMapProblemsv
                0x80006440       0xe8 gamePatches.o
 .text.cFixBlooperCrash1
                0x80006528       0x38 gamePatches.o
                0x80006528                cFixBlooperCrash1
 .text.cPreventDiaryTextboxOptionSelection
                0x80006560       0x58 gamePatches.o
                0x80006560                cPreventDiaryTextboxOptionSelection
 .text._Z14applyGameFixesv
                0x800065b8       0x68 gamePatches.o
                0x800065b8                _Z14applyGameFixesv
 .text._Z23applyVariousGamePatchesv
                0x80006620       0xf0 gamePatches.o
                0x80006620                _Z23applyVariousGamePatchesv
 .text._ZN3mod8Keyboard7connectEv
                0x80006710       0x58 keyboard.o
                0x80006710                _ZN3mod8Keyboard7connectEv
 .text._ZN3mod8KeyboardC2Ei
                0x80006768       0x20 keyboard.o
                0x80006768                _ZN3mod8KeyboardC2Ei
                0x80006768                _ZN3mod8KeyboardC1Ei
 .text._ZN3mod8Keyboard10disconnectEv
                0x80006788       0x40 keyboard.o
                0x80006788                _ZN3mod8Keyboard10disconnectEv
 .text._ZN3mod8Keyboard6updateEv
                0x800067c8      0x1d4 keyboard.o
                0x800067c8                _ZN3mod8Keyboard6updateEv
 .text._ZZN3mod3Mod4initEvENUlvE0_4_FUNEv
                0x8000699c        0x4 mod.o
 .text._ZZN3mod3Mod11updateEarlyEvENUlN4ttyd7dispdrv8CameraIdEPvE_4_FUNES3_S4_
                0x800069a0        0x4 mod.o
 .text._ZN3mod3ModC2Ev
                0x800069a4       0x90 mod.o
                0x800069a4                _ZN3mod3ModC2Ev
                0x800069a4                _ZN3mod3ModC1Ev
 .text._ZN3mod3Mod4initEv
                0x80006a34      0x188 mod.o
                0x80006a34                _ZN3mod3Mod4initEv
 .text.startup._ZN3mod4mainEv
                0x80006bbc       0x38 mod.o
                0x80006bbc                _ZN3mod4mainEv
 .text._ZN3mod3Mod11updateEarlyEv
                0x80006bf4       0x8c mod.o
                0x80006bf4                _ZN3mod3Mod11updateEarlyEv
 .text._ZZN3mod3Mod4initEvENUlvE_4_FUNEv
                0x80006c80        0xc mod.o
 .text._ZN3mod5patch17clear_DC_IC_CacheEPvj
                0x80006c8c       0x3c patch.o
                0x80006c8c                _ZN3mod5patch17clear_DC_IC_CacheEPvj
 .text._ZN3mod5patch14writeEvtBranchEPiPKib
                0x80006cc8       0x1c patch.o
                0x80006cc8                _ZN3mod5patch14writeEvtBranchEPiPKib
 .text._ZN3mod5patch15writeBranchMainEPvS1_j
                0x80006ce4       0x18 patch.o
                0x80006ce4                _ZN3mod5patch15writeBranchMainEPvS1_j
 .text._ZN3mod5patch11writeBranchEPvS1_
                0x80006cfc        0x8 patch.o
                0x80006cfc                _ZN3mod5patch11writeBranchEPvS1_
 .text._ZN3mod5patch13writeBranchBLEPvS1_
                0x80006d04        0xc patch.o
                0x80006d04                _ZN3mod5patch13writeBranchBLEPvS1_
 .text._ZN3mod5patch10writePatchEPvPKvj
                0x80006d10       0x5c patch.o
                0x80006d10                _ZN3mod5patch10writePatchEPvPKvj
 .text._ZN3mod5patch10writePatchEPvj
                0x80006d6c       0x2c patch.o
                0x80006d6c                _ZN3mod5patch10writePatchEPvj
 .text._ZN3mod5patch15writeBranchPairEPvS1_S1_
                0x80006d98       0x3c patch.o
                0x80006d98                _ZN3mod5patch15writeBranchPairEPvS1_S1_
 .text._ZN3mod5patch17writeIntWithCacheEPvj
                0x80006dd4        0xc patch.o
                0x80006dd4                _ZN3mod5patch17writeIntWithCacheEPvj
 .text.vsnprintf
                0x80006de0       0x70 printf.o
                0x80006de0                vsnprintf
 .text.snprintf
                0x80006e50       0x7c printf.o
                0x80006e50                snprintf
 .text._prolog  0x80006ecc       0x5c rel.o
                0x80006ecc                _prolog
 .text._epilog  0x80006f28       0x4c rel.o
                0x80006f28                _epilog
 .text._unresolved
                0x80006f74        0x4 rel.o
                0x80006f74                _unresolved
 .text._ZN3modL10ugTransferEiPvib
                0x80006f78      0x124 ug.o
 .text._ZN3mod7ugProbeEi
                0x8000709c       0xf8 ug.o
                0x8000709c                _ZN3mod7ugProbeEi
 .text._ZN3mod6ugSendEiPKvi
                0x80007194        0x8 ug.o
                0x80007194                _ZN3mod6ugSendEiPKvi
 .text._ZN3mod6ugRecvEiPvi
                0x8000719c        0x8 ug.o
                0x8000719c                _ZN3mod6ugRecvEiPvi
 .text.strstr   0x800071a4       0x90 util.o
                0x800071a4                strstr
 .text._ZN3mod4util16checkButtonComboEj
                0x80007234       0x4c util.o
                0x80007234                _ZN3mod4util16checkButtonComboEj
 .text._ZN3mod4util26checkButtonComboEveryFrameEj
                0x80007280       0x34 util.o
                0x80007280                _ZN3mod4util26checkButtonComboEveryFrameEj
 .text._ZN3mod4util10ptrIsValidEPv
                0x800072b4       0x30 util.o
                0x800072b4                _ZN3mod4util10ptrIsValidEPv
 .text._ZN3mod4util10intToFloatEi
                0x800072e4       0x30 util.o
                0x800072e4                _ZN3mod4util10intToFloatEi
 .text._ZN3mod4util25getTextMultilineIncrementEPKcfj
                0x80007314       0x4c util.o
                0x80007314                _ZN3mod4util25getTextMultilineIncrementEPKcfj
 .text._Z15ApplyAaaPatchesv
                0x80007360       0x50 aaa.o
                0x80007360                _Z15ApplyAaaPatchesv
 .text._Z17checkIntermissionPN4ttyd6evtmgr8EvtEntryEb
                0x800073b0       0xd4 aji.o
                0x800073b0                _Z17checkIntermissionPN4ttyd6evtmgr8EvtEntryEb
 .text._Z15ApplyAjiPatchesv
                0x80007484      0x870 aji.o
                0x80007484                _Z15ApplyAjiPatchesv
 .text._Z15ApplyBomPatchesv
                0x80007cf4      0x300 bom.o
                0x80007cf4                _Z15ApplyBomPatchesv
 .text._Z15ApplyDouPatchesv
                0x80007ff4      0x2f0 dou.o
                0x80007ff4                _Z15ApplyDouPatchesv
 .text._Z15ApplyEkiPatchesv
                0x800082e4      0x254 eki.o
                0x800082e4                _Z15ApplyEkiPatchesv
 .text._Z15ApplyEndPatchesv
                0x80008538       0x30 end.o
                0x80008538                _Z15ApplyEndPatchesv
 .text._Z15ApplyGonPatchesv
                0x80008568      0x35c gon.o
                0x80008568                _Z15ApplyGonPatchesv
 .text._Z17ApplyGor00Patchesv
                0x800088c4      0x5b0 gor_00.o
                0x800088c4                _Z17ApplyGor00Patchesv
 .text.startup._GLOBAL__sub_I__Z17ApplyGor00Patchesv
                0x80008e74       0x14 gor_00.o
 .text._Z17ApplyGor01Patchesv
                0x80008e88      0x410 gor_01.o
                0x80008e88                _Z17ApplyGor01Patchesv
 .text._Z17ApplyGor02Patchesv
                0x80009298      0x400 gor_02.o
                0x80009298                _Z17ApplyGor02Patchesv
 .text._Z17ApplyGor03Patchesv
                0x80009698      0x478 gor_03.o
                0x80009698                _Z17ApplyGor03Patchesv
 .text._Z17ApplyGor04Patchesv
                0x80009b10      0x1d8 gor_04.o
                0x80009b10                _Z17ApplyGor04Patchesv
 .text._Z19ApplyGorMiscPatchesv
                0x80009ce8      0x14c gor_misc.o
                0x80009ce8                _Z19ApplyGorMiscPatchesv
 .text._Z15ApplyGorPatchesv
                0x80009e34       0x30 gor_misc.o
                0x80009e34                _Z15ApplyGorPatchesv
 .text._Z15ApplyGraPatchesv
                0x80009e64      0x200 gra.o
                0x80009e64                _Z15ApplyGraPatchesv
 .text._Z15ApplyHeiPatchesv
                0x8000a064      0x294 hei.o
                0x8000a064                _Z15ApplyHeiPatchesv
 .text._Z15ApplyHomPatchesv
                0x8000a2f8      0x140 hom.o
                0x8000a2f8                _Z15ApplyHomPatchesv
 .text._Z15ApplyJinPatchesv
                0x8000a438      0x348 jin.o
                0x8000a438                _Z15ApplyJinPatchesv
 .text._Z15ApplyKpaPatchesv
                0x8000a780       0xd0 kpa.o
                0x8000a780                _Z15ApplyKpaPatchesv
 .text._Z15ApplyLasPatchesv
                0x8000a850      0x4f0 las.o
                0x8000a850                _Z15ApplyLasPatchesv
 .text._Z12setShopFlagsPN4ttyd6evtmgr8EvtEntryEb
                0x8000ad40       0x8c main.o
                0x8000ad40                _Z12setShopFlagsPN4ttyd6evtmgr8EvtEntryEb
 .text.checkShopFlag
                0x8000adcc       0x84 main.o
                0x8000adcc                checkShopFlag
 .text._Z24ApplyMainAssemblyPatchesv
                0x8000ae50      0x938 main.o
                0x8000ae50                _Z24ApplyMainAssemblyPatchesv
 .text._Z22ApplyMainScriptPatchesv
                0x8000b788      0x1e8 main.o
                0x8000b788                _Z22ApplyMainScriptPatchesv
 .text._Z25ApplyItemDataTablePatchesv
                0x8000b970      0x15c main.o
                0x8000b970                _Z25ApplyItemDataTablePatchesv
 .text._Z15ApplyMriPatchesv
                0x8000bacc      0xba4 mri.o
                0x8000bacc                _Z15ApplyMriPatchesv
 .text._Z15ApplyMujPatchesv
                0x8000c670      0xa2c muj.o
                0x8000c670                _Z15ApplyMujPatchesv
 .text._Z15ApplyNokPatchesv
                0x8000d09c      0x36c nok.o
                0x8000d09c                _Z15ApplyNokPatchesv
 .text._Z15ApplyPikPatchesv
                0x8000d408      0x524 pik.o
                0x8000d408                _Z15ApplyPikPatchesv
 .text._Z15ApplyRshPatchesv
                0x8000d92c      0xe34 rsh.o
                0x8000d92c                _Z15ApplyRshPatchesv
 .text._Z24checkChapterRequirementsPN4ttyd6evtmgr8EvtEntryEb
                0x8000e760       0x7c tik.o
                0x8000e760                _Z24checkChapterRequirementsPN4ttyd6evtmgr8EvtEntryEb
 .text._Z18checkChapterClearsPN4ttyd6evtmgr8EvtEntryEb
                0x8000e7dc       0x5c tik.o
                0x8000e7dc                _Z18checkChapterClearsPN4ttyd6evtmgr8EvtEntryEb
 .text._Z15ApplyTikPatchesv
                0x8000e838      0x598 tik.o
                0x8000e838                _Z15ApplyTikPatchesv
 .text._Z15ApplyTouPatchesv
                0x8000edd0     0x10b0 tou.o
                0x8000edd0                _Z15ApplyTouPatchesv
 .text._Z16ApplyTou2Patchesv
                0x8000fe80      0x34c tou2.o
                0x8000fe80                _Z16ApplyTou2Patchesv
 .text._Z15ApplyUsuPatchesv
                0x800101cc      0x884 usu.o
                0x800101cc                _Z15ApplyUsuPatchesv
 .text._Z15ApplyWinPatchesv
                0x80010a50      0x2e4 win.o
                0x80010a50                _Z15ApplyWinPatchesv
 *(.gnu.warning)
 *(.gnu.linkonce.t.*)
                0x80010d40                        . = ALIGN (0x20)
 *fill*         0x80010d34        0xc 00000000

.text._ZN3mod13mario_set_posMUlPKcE_4_FUNES2_
                0x00000000       0x5c
 .text._ZN3mod13mario_set_posMUlPKcE_4_FUNES2_
                0x00000000       0x5c con_mario.o
                0x00000000                _ZN3mod13mario_set_posMUlPKcE_4_FUNES2_
                0x00000000                _ZN3mod13mario_set_posMUlPKcE_4_FUNES1_

.text._ZN3mod15perf_fake_spikeMUlPKcE_4_FUNES2_
                0x00000000       0x7c
 .text._ZN3mod15perf_fake_spikeMUlPKcE_4_FUNES2_
                0x00000000       0x7c con_perf.o
                0x00000000                _ZN3mod15perf_fake_spikeMUlPKcE_4_FUNES1_
                0x00000000                _ZN3mod15perf_fake_spikeMUlPKcE_4_FUNES2_

.text._ZN3mod14seq_change_mapMUlPKcE_4_FUNES2_
                0x00000000       0xc4
 .text._ZN3mod14seq_change_mapMUlPKcE_4_FUNES2_
                0x00000000       0xc4 con_seq.o
                0x00000000                _ZN3mod14seq_change_mapMUlPKcE_4_FUNES2_
                0x00000000                _ZN3mod14seq_change_mapMUlPKcE_4_FUNES1_

.text._ZN3mod8con_monoMUlPNS_9ConIntVarEiE_4_FUNES2_i
                0x00000000       0x18
 .text._ZN3mod8con_monoMUlPNS_9ConIntVarEiE_4_FUNES2_i
                0x00000000       0x18 console.o
                0x00000000                _ZN3mod8con_monoMUlPNS_9ConIntVarEiE_4_FUNES1_i
                0x00000000                _ZN3mod8con_monoMUlPNS_9ConIntVarEiE_4_FUNES2_i

.text._ZN18HeapCorruptionInfo10initBufferEv
                0x00000000       0x34
 .text._ZN18HeapCorruptionInfo10initBufferEv
                0x00000000       0x34 errorHandling.o
                0x00000000                _ZN18HeapCorruptionInfo10initBufferEv

.fini           0x00000034        0xc
 *(.fini)
                0x00000040                        . = ALIGN (0x20)
 *fill*         0x00000034        0xc 00000000
                [!provide]                        PROVIDE (__etext = .)
                [!provide]                        PROVIDE (_etext = .)
                [!provide]                        PROVIDE (etext = .)

.rodata         0x00000040     0xcaad
 *(.rodata)
 *(.rodata.*)
 .rodata._ZZN3mod3owr3OWR4InitEvENUliE_4_FUNEi
                0x00000040       0x10 OWR.o
 .rodata._ZZN3mod3owr3OWR4InitEvENUlPKcE_4_FUNES3_.str1.1
                0x00000050      0x48b OWR.o
 .rodata._ZZN3mod3owr3OWR4InitEvENUlN4ttyd6seqdrv8SeqIndexEPKcS6_E_4_FUNES4_S6_S6_.str1.1
                0x000004db        0x7 OWR.o
 *fill*         0x000004e2        0x2 
 .rodata._ZN3mod3owr3OWR14OnModuleLoadedEP12OSModuleInfo
                0x000004e4       0x70 OWR.o
 .rodata._ZL8GSWF_ARR
                0x00000554       0x20 OWR.o
 .rodata.cst4   0x00000574        0x4 OWR.o
 .rodata._ZN3mod13mario_set_posMUlPKcE_4_FUNES2_.str1.1
                0x00000578        0x9 con_mario.o
 .rodata._ZN3modL13mod_if_func24Ev.str1.1
                0x00000581       0x20 con_mario.o
 .rodata._GLOBAL__sub_I__ZN3mod13mario_set_posE.str1.1
                0x000005a1       0x1d con_mario.o
 .rodata._ZN3modL13mod_if_func51Ev.str1.1
                0x000005be       0x5b con_perf.o
 .rodata._ZN3mod15perf_fake_spikeMUlPKcE_4_FUNES2_.str1.1
                0x00000619        0x3 con_perf.o
 .rodata._ZN3modL13mod_if_func34Ev.str1.1
                0x0000061c       0x1c con_perf.o
 .rodata._GLOBAL__sub_I__ZN3mod15perf_fake_spikeE.str1.1
                0x00000638       0x29 con_perf.o
 *fill*         0x00000661        0x3 
 .rodata.cst4   0x00000664       0x10 con_perf.o
 .rodata._ZN3mod14seq_change_mapMUlPKcE_4_FUNES2_.str1.1
                0x00000674       0x1e con_seq.o
 .rodata._GLOBAL__sub_I__ZN3mod13seq_logo_skipE.str1.1
                0x00000692       0x1d con_seq.o
 .rodata._ZN3mod13ConsoleSystem8logColorEPKcN2gc6color4E.str1.1
                0x000006af       0x80 console.o
 .rodata._ZN3mod7CC_findEPKc.str1.1
                0x0000072f       0x1d console.o
 .rodata._ZN3mod13ConsoleSystem14processCommandEPKc.str1.1
                0x0000074c       0x28 console.o
 .rodata._ZN3mod13ConsoleSystem14updateUsbGeckoEv.str1.1
                0x00000774       0x74 console.o
 .rodata._ZN3mod13ConsoleSystem4dispEv.str1.1
                0x000007e8       0x16 console.o
 .rodata._GLOBAL__sub_I__ZN3mod10ConCommand6sFirstE.str1.1
                0x000007fe       0x7f console.o
 .rodata._ZZN3mod13ConsoleSystem4dispEvE12kPromptColor
                0x0000087d        0x4 console.o
 *fill*         0x00000881        0x3 
 .rodata.cst4   0x00000884        0x8 console.o
 .rodata._ZL21initStandardHeapErrorPKvib.str1.1
                0x0000088c       0x30 errorHandling.o
 .rodata._ZL18initSmartHeapErrorPKvb.str1.1
                0x000008bc       0x23 errorHandling.o
 .rodata._ZL16initMapHeapErrorPKvtb.str1.1
                0x000008df       0x2b errorHandling.o
 .rodata._ZN21NpcNameToPtrErrorInfo16drawErrorMessageEv.str1.1
                0x0000090a       0x1f errorHandling.o
 .rodata._ZN21AnimPoseMainErrorInfo16drawErrorMessageEv.str1.1
                0x00000929       0x1f errorHandling.o
 .rodata.cst4   0x00000948       0x10 errorHandling.o
 .rodata._ZL14fixMapProblemsv.str1.1
                0x00000958       0x1e gamePatches.o
 .rodata.cPreventDiaryTextboxOptionSelection.str1.1
                0x00000976       0x19 gamePatches.o
 *fill*         0x0000098f        0x1 
 .rodata.cst4   0x00000990        0x4 mod.o
 .rodata.cst4   0x00000994        0x8 util.o
 .rodata._ZL20aji_17_init_evt_hook
                0x0000099c       0x10 aji.o
 .rodata._ZL19aji_17_init_evt_evt
                0x000009ac       0x4c aji.o
 .rodata._ZL20aji_10_init_evt_hook
                0x000009f8       0x10 aji.o
 .rodata.str1.1
                0x00000a08       0x46 aji.o
 *fill*         0x00000a4e        0x2 
 .rodata._ZL19aji_10_init_evt_evt
                0x00000a50      0x288 aji.o
 .rodata._ZL18teshita3_init_hook
                0x00000cd8       0x10 aji.o
 .rodata._ZL17teshita3_init_evt
                0x00000ce8       0xc0 aji.o
 .rodata._ZL18teshita2_init_hook
                0x00000da8       0x10 aji.o
 .rodata._ZL17teshita2_init_evt
                0x00000db8       0xc0 aji.o
 .rodata._ZL20peach_evt_ele_2_hook
                0x00000e78       0x24 aji.o
 .rodata._ZL19peach_evt_ele_2_evt
                0x00000e9c       0x6c aji.o
 .rodata._ZL20aji_16_init_evt_hook
                0x00000f08       0x10 aji.o
 .rodata._ZL19aji_16_init_evt_evt
                0x00000f18       0x5c aji.o
 .rodata._ZL21aji_10_init_evt_hook2
                0x00000f74       0x10 aji.o
 .rodata._ZL20aji_10_init_evt_evt2
                0x00000f84       0x5c aji.o
 .rodata._ZL20aji_00_init_evt_hook
                0x00000fe0       0x10 aji.o
 .rodata._ZL19aji_00_init_evt_evt
                0x00000ff0       0x5c aji.o
 .rodata._ZL7npcEnt4
                0x0000104c        0xb aji.o
 *fill*         0x00001057        0x1 
 .rodata._ZL7npcEnt3
                0x00001058       0x13 aji.o
 *fill*         0x0000106b        0x1 
 .rodata._ZL4npc4
                0x0000106c       0x13 aji.o
 *fill*         0x0000107f        0x1 
 .rodata._ZL4npc3
                0x00001080        0x7 aji.o
 *fill*         0x00001087        0x1 
 .rodata._ZL4npc2
                0x00001088        0xf aji.o
 *fill*         0x00001097        0x1 
 .rodata._ZL4npc1
                0x00001098        0x7 aji.o
 .rodata.str1.1
                0x0000109f       0x12 dou.o
 *fill*         0x000010b1        0x3 
 .rodata._ZL20peramajin_after_item
                0x000010b4       0x9c dou.o
 .rodata._ZL12evt_elv_hook
                0x00001150       0x28 eki.o
 .rodata.str1.1
                0x00001178       0x2f eki.o
 *fill*         0x000011a7        0x1 
 .rodata._ZL11evt_elv_evt
                0x000011a8      0x104 eki.o
 .rodata.str1.1
                0x000012ac        0xb gon.o
 *fill*         0x000012b7        0x1 
 .rodata._ZL19gon_evt_majin2_item
                0x000012b8       0xd0 gon.o
 .rodata._ZL21gor_00_init_evt2_hook
                0x00001388       0x10 gor_00.o
 .rodata._ZL21gor_00_init_evt1_hook
                0x00001398       0x10 gor_00.o
 .rodata.str1.1
                0x000013a8      0x25e gor_00.o
 *fill*         0x00001606        0x2 
 .rodata._ZL16gor_00_init_evt1
                0x00001608      0x1f8 gor_00.o
 .rodata._ZL18korutesu_init_hook
                0x00001800       0x10 gor_00.o
 .rodata._ZL17korutesu_init_evt
                0x00001810       0x58 gor_00.o
 .rodata._ZL20suifubomb_b_talk_evt
                0x00001868       0xd4 gor_00.o
 .rodata._ZL21suifubomb_b_regl_hook
                0x0000193c       0x10 gor_00.o
 .rodata._ZL20suifubomb_b_regl_evt
                0x0000194c      0x120 gor_00.o
 .rodata._ZL20suifubomb_a_talk_evt
                0x00001a6c      0x150 gor_00.o
 .rodata._ZL21suifubomb_a_regl_hook
                0x00001bbc       0x10 gor_00.o
 .rodata._ZL20suifubomb_a_regl_evt
                0x00001bcc       0x90 gor_00.o
 .rodata._ZL21suifubomb_a_init_hook
                0x00001c5c       0x10 gor_00.o
 .rodata._ZL20suifubomb_a_init_evt
                0x00001c6c       0xc8 gor_00.o
 .rodata._ZL16suifu_b_talk_evt
                0x00001d34       0xd4 gor_00.o
 .rodata._ZL20luigi_npcEnt_00_hook
                0x00001e08       0x10 gor_00.o
 .rodata._ZL19luigi_npcEnt_00_evt
                0x00001e18       0x80 gor_00.o
 .rodata._ZL18luigi_init_00_hook
                0x00001e98       0x10 gor_00.o
 .rodata._ZL17luigi_init_00_evt
                0x00001ea8       0x50 gor_00.o
 .rodata._ZL16mokorim_init_evt
                0x00001ef8       0x30 gor_00.o
 .rodata._ZL17suifu_b_init_hook
                0x00001f28       0x10 gor_00.o
 .rodata._ZL16suifu_b_init_evt
                0x00001f38       0xc8 gor_00.o
 .rodata._ZL17suifu_a_regl_hook
                0x00002000       0x10 gor_00.o
 .rodata._ZL16suifu_a_regl_evt
                0x00002010       0x80 gor_00.o
 .rodata._ZL16suifu_a_talk_evt
                0x00002090       0xd4 gor_00.o
 .rodata._ZL19odoodo_ani_talk_evt
                0x00002164       0x20 gor_00.o
 .rodata._ZL15odoodo_talk_evt
                0x00002184      0x128 gor_00.o
 .rodata._ZL16odoodo_regl_hook
                0x000022ac       0x10 gor_00.o
 .rodata._ZL15odoodo_regl_evt
                0x000022bc       0x94 gor_00.o
 .rodata._ZL16odoodo_init_hook
                0x00002350       0x10 gor_00.o
 .rodata._ZL15odoodo_init_evt
                0x00002360      0x114 gor_00.o
 .rodata._ZL17garawaru_talk_evt
                0x00002474       0xb8 gor_00.o
 .rodata._ZL18garawaru_regl_hook
                0x0000252c       0x10 gor_00.o
 .rodata._ZL17garawaru_regl_evt
                0x0000253c      0x120 gor_00.o
 .rodata._ZL18garawaru_init_hook
                0x0000265c       0x10 gor_00.o
 .rodata._ZL17garawaru_init_evt
                0x0000266c      0x140 gor_00.o
 .rodata._ZL7npcEnt2
                0x000027ac        0x9 gor_00.o
 *fill*         0x000027b5        0x3 
 .rodata._ZL6npcEnt
                0x000027b8        0x9 gor_00.o
 .rodata.str1.1
                0x000027c1       0x9f gor_01.o
 .rodata._ZL15bomhei_talk_evt
                0x00002860       0x20 gor_01.o
 .rodata._ZL16chusan2_talk_evt
                0x00002880       0x20 gor_01.o
 .rodata._ZL16chusan1_talk_evt
                0x000028a0       0x20 gor_01.o
 .rodata._ZL16kuribo3_talk_evt
                0x000028c0       0x20 gor_01.o
 .rodata._ZL16kuribo2_talk_evt
                0x000028e0       0x20 gor_01.o
 .rodata._ZL16kuribo1_talk_evt
                0x00002900       0x20 gor_01.o
 .rodata._ZL15roten2_talk_evt
                0x00002920       0x20 gor_01.o
 .rodata._ZL15roten1_talk_evt
                0x00002940       0x20 gor_01.o
 .rodata._ZL19shoptender_talk_evt
                0x00002960       0x20 gor_01.o
 .rodata._ZL15kinoji_talk_evt
                0x00002980       0x20 gor_01.o
 .rodata._ZL19bottakuru_init_hook
                0x000029a0       0x10 gor_01.o
 .rodata._ZL18bottakuru_init_evt
                0x000029b0       0x70 gor_01.o
 .rodata._ZL18marco_init_01_hook
                0x00002a20       0x10 gor_01.o
 .rodata._ZL17marco_init_01_evt
                0x00002a30       0x40 gor_01.o
 .rodata._ZL20badgemaster_talk_evt
                0x00002a70       0x20 gor_01.o
 .rodata._ZL15luigi_init_hook
                0x00002a90       0x10 gor_02.o
 .rodata.str1.1
                0x00002aa0      0x22d gor_02.o
 *fill*         0x00002ccd        0x3 
 .rodata._ZL14luigi_init_evt
                0x00002cd0       0x4c gor_02.o
 .rodata._ZL20tozokudan2_talk_hook
                0x00002d1c        0xc gor_02.o
 .rodata._ZL19tozokudan2_talk_evt
                0x00002d28      0x160 gor_02.o
 .rodata._ZL20tozokudan1_talk_hook
                0x00002e88        0xc gor_02.o
 .rodata._ZL19tozokudan1_talk_evt
                0x00002e94      0x160 gor_02.o
 .rodata._ZL20kurihakase_init_hook
                0x00002ff4       0x10 gor_02.o
 .rodata._ZL19kurihakase_init_evt
                0x00003004      0x294 gor_02.o
 .rodata._ZL19kurihakase_talk_evt
                0x00003298      0x2cc gor_02.o
 .rodata._ZL22evt_door_02_open_hook2
                0x00003564       0x10 gor_02.o
 .rodata._ZL21evt_door_02_open_evt2
                0x00003574       0xc4 gor_02.o
 .rodata._ZL21evt_door_02_open_hook
                0x00003638       0x10 gor_02.o
 .rodata._ZL20evt_door_02_open_evt
                0x00003648      0x184 gor_02.o
 .rodata._ZL21gor_02_init_evt2_hook
                0x000037cc       0x10 gor_02.o
 .rodata._ZL16gor_02_init_evt2
                0x000037dc       0xcc gor_02.o
 .rodata._ZL21gor_02_init_evt1_hook
                0x000038a8       0x10 gor_02.o
 .rodata._ZL16gor_02_init_evt1
                0x000038b8      0x138 gor_02.o
 .rodata._ZL16borodo2_talk_evt
                0x000039f0       0x20 gor_02.o
 .rodata._ZL16borodo1_talk_evt
                0x00003a10       0x20 gor_02.o
 .rodata._ZL15roten3_talk_evt
                0x00003a30       0x20 gor_02.o
 .rodata._ZL16chusan3_talk_evt
                0x00003a50       0x20 gor_02.o
 .rodata._ZL16kuribo4_talk_evt
                0x00003a70       0x20 gor_02.o
 .rodata._ZL20gor_03_init_evt_hook
                0x00003a90       0x10 gor_03.o
 .rodata.str1.1
                0x00003aa0      0x100 gor_03.o
 .rodata._ZL19gor_03_init_evt_evt
                0x00003ba0      0x160 gor_03.o
 .rodata._ZL16maffia3_talk_evt
                0x00003d00       0x20 gor_03.o
 .rodata._ZL16maffia2_talk_evt
                0x00003d20      0x140 gor_03.o
 .rodata._ZL16maffia1_talk_evt
                0x00003e60      0x140 gor_03.o
 .rodata._ZL26maffiaboss_casino_talk_evt
                0x00003fa0       0x20 gor_03.o
 .rodata._ZL26maffiaboss_talk_common_evt
                0x00003fc0      0x120 gor_03.o
 .rodata._Z17ApplyGor04Patchesv.str1.1
                0x000040e0       0x12 gor_04.o
 .rodata.str1.1
                0x000040f2        0x7 gor_misc.o
 *fill*         0x000040f9        0x3 
 .rodata._ZL9party_evt
                0x000040fc       0x9c gor_misc.o
 .rodata._ZL9goombella
                0x00004198        0x9 gor_misc.o
 .rodata.str1.1
                0x000041a1       0x18 gra.o
 *fill*         0x000041b9        0x3 
 .rodata._ZL17evt_machibuse_evt
                0x000041bc       0x4c gra.o
 .rodata._ZL8doopliss
                0x00004208        0xb gra.o
 *fill*         0x00004213        0x1 
 .rodata._ZL11stones_hook
                0x00004214       0x10 hei.o
 .rodata.str1.1
                0x00004224       0x21 hei.o
 *fill*         0x00004245        0x3 
 .rodata._ZL10stones_evt
                0x00004248       0xd8 hei.o
 .rodata._ZL13hei_party_evt
                0x00004320       0x80 hei.o
 .rodata._ZL5koops
                0x000043a0        0xb hei.o
 *fill*         0x000043ab        0x1 
 .rodata._ZL20hom_00_init_evt_hook
                0x000043ac       0x10 hom.o
 .rodata.str1.1
                0x000043bc       0x1f hom.o
 *fill*         0x000043db        0x1 
 .rodata._ZL19hom_00_init_evt_evt
                0x000043dc       0x94 hom.o
 .rodata._ZL20jin_08_init_evt_hook
                0x00004470        0x8 jin.o
 .rodata._ZL19jin_08_init_evt_evt
                0x00004478       0x1c jin.o
 .rodata._ZL18tenkyugi_evt2_hook
                0x00004494       0x10 las.o
 .rodata.str1.1
                0x000044a4       0x68 las.o
 .rodata._ZL17tenkyugi_evt2_evt
                0x0000450c       0x2c las.o
 .rodata._ZL20las_10_init_evt_hook
                0x00004538       0x10 las.o
 .rodata._ZL19las_10_init_evt_evt
                0x00004548       0x40 las.o
 .rodata._ZL13stairs_revert
                0x00004588      0x104 las.o
 .rodata._Z25ApplyItemDataTablePatchesv.str1.1
                0x0000468c       0xc2 main.o
 *fill*         0x0000474e        0x2 
 .rodata._ZL17main_buy_evt_hook
                0x00004750       0x10 main.o
 .rodata._ZL16main_buy_evt_evt
                0x00004760       0x50 main.o
 .rodata._ZL20mri_09_init_evt_hook
                0x000047b0       0x10 mri.o
 .rodata.str1.1
                0x000047c0      0x181 mri.o
 *fill*         0x00004941        0x3 
 .rodata._ZL19mri_09_init_evt_evt
                0x00004944      0x14c mri.o
 .rodata._ZL20mri_04_init_evt_hook
                0x00004a90       0x10 mri.o
 .rodata._ZL19mri_04_init_evt_evt
                0x00004aa0       0x30 mri.o
 .rodata._ZL16bero_custom_hook
                0x00004ad0       0x10 mri.o
 .rodata._ZL15bero_custom_evt
                0x00004ae0       0x44 mri.o
 .rodata._ZL21mri_01_init_evt_hook2
                0x00004b24       0x10 mri.o
 .rodata._ZL19mri_01_init_evt_evt
                0x00004b34       0x30 mri.o
 .rodata._ZL18puniinfo_talk_hook
                0x00004b64       0x10 mri.o
 .rodata._ZL20mri_03_init_evt_hook
                0x00004b74       0x14 mri.o
 .rodata._ZL22mri_03_init_evt_switch
                0x00004b88       0x9c mri.o
 .rodata._ZL20mri_01_init_evt_hook
                0x00004c24       0x14 mri.o
 .rodata._ZL22mri_01_init_evt_switch
                0x00004c38       0xb0 mri.o
 .rodata._ZL23mri_sister_init_01_hook
                0x00004ce8       0x10 mri.o
 .rodata._ZL22mri_sister_init_01_evt
                0x00004cf8       0xa8 mri.o
 .rodata._ZL16puni_2_init_hook
                0x00004da0       0x10 mri.o
 .rodata._ZL15puni_2_init_evt
                0x00004db0       0x78 mri.o
 .rodata._ZL16puni_1_talk_hook
                0x00004e28       0x10 mri.o
 .rodata._ZL15puni_1_talk_evt
                0x00004e38       0xb0 mri.o
 .rodata._ZL16puni_1_init_hook
                0x00004ee8       0x10 mri.o
 .rodata._ZL15puni_1_init_evt
                0x00004ef8       0x78 mri.o
 .rodata._ZL15elder_talk_hook
                0x00004f70       0x10 mri.o
 .rodata._ZL14elder_talk_evt
                0x00004f80       0xb8 mri.o
 .rodata._ZL22mri_elder_init_01_hook
                0x00005038       0x10 mri.o
 .rodata._ZL21mri_elder_init_01_evt
                0x00005048       0xcc mri.o
 .rodata._ZL22mri_rival_init_01_hook
                0x00005114       0x10 mri.o
 .rodata._ZL21mri_rival_init_01_evt
                0x00005124       0xb8 mri.o
 .rodata._ZL18guide_init_01_hook
                0x000051dc       0x10 mri.o
 .rodata._ZL17guide_init_01_evt
                0x000051ec       0x8c mri.o
 .rodata._ZL15guide_talk_hook
                0x00005278       0x10 mri.o
 .rodata._ZL14guide_talk_evt
                0x00005288       0x98 mri.o
 .rodata._ZL18guide_init_00_hook
                0x00005320       0x10 mri.o
 .rodata._ZL17guide_init_00_evt
                0x00005330      0x150 mri.o
 .rodata._ZL14muj_party_hook
                0x00005480       0x10 muj.o
 .rodata.str1.1
                0x00005490      0x38f muj.o
 *fill*         0x0000581f        0x1 
 .rodata._ZL13muj_party_evt
                0x00005820       0xac muj.o
 .rodata._ZL22peton_init_muj_01_hook
                0x000058cc       0x10 muj.o
 .rodata._ZL21peton_init_muj_01_evt
                0x000058dc       0x54 muj.o
 .rodata._ZL21mony_init_muj_01_hook
                0x00005930       0x10 muj.o
 .rodata._ZL20mony_init_muj_01_evt
                0x00005940       0x54 muj.o
 .rodata._ZL17koburon_dead_hook
                0x00005994       0x10 muj.o
 .rodata._ZL16koburon_dead_evt
                0x000059a4      0x3bc muj.o
 .rodata._ZL20muj_01_init_evt_hook
                0x00005d60       0x10 muj.o
 .rodata._ZL19muj_01_init_evt_evt
                0x00005d70       0x50 muj.o
 .rodata._ZL21borosuifu_b_talk_hook
                0x00005dc0       0x10 muj.o
 .rodata._ZL20borosuifu_b_talk_evt
                0x00005dd0       0xf8 muj.o
 .rodata._ZL21borosuifu_a_talk_hook
                0x00005ec8       0x10 muj.o
 .rodata._ZL20borosuifu_a_talk_evt
                0x00005ed8       0xf8 muj.o
 .rodata._ZL24suifu_d_talk_muj_01_hook
                0x00005fd0       0x10 muj.o
 .rodata._ZL23suifu_d_talk_muj_01_evt
                0x00005fe0       0xf8 muj.o
 .rodata._ZL20suifu_bomb_talk_hook
                0x000060d8       0x10 muj.o
 .rodata._ZL19suifu_bomb_talk_evt
                0x000060e8       0xf4 muj.o
 .rodata._ZL20suifu_bomb_init_hook
                0x000061dc       0x10 muj.o
 .rodata._ZL19suifu_bomb_init_evt
                0x000061ec       0x30 muj.o
 .rodata._ZL24suifu_a_talk_muj_01_hook
                0x0000621c       0x10 muj.o
 .rodata._ZL23suifu_a_talk_muj_01_evt
                0x0000622c       0xf4 muj.o
 .rodata._ZL24suifu_a_init_muj_01_hook
                0x00006320       0x10 muj.o
 .rodata._ZL23suifu_a_init_muj_01_evt
                0x00006330       0x40 muj.o
 .rodata._ZL23odoodo_init_muj_01_hook
                0x00006370       0x10 muj.o
 .rodata._ZL22odoodo_init_muj_01_evt
                0x00006380       0x40 muj.o
 .rodata._ZL23megane_init_muj_01_hook
                0x000063c0       0x10 muj.o
 .rodata._ZL22megane_init_muj_01_evt
                0x000063d0       0x40 muj.o
 .rodata._ZL22marco_init_muj_01_hook
                0x00006410       0x10 muj.o
 .rodata._ZL21marco_init_muj_01_evt
                0x00006420       0x9c muj.o
 .rodata._ZL25garawaru_talk_muj_01_hook
                0x000064bc       0x10 muj.o
 .rodata._ZL24garawaru_talk_muj_01_evt
                0x000064cc      0x4b4 muj.o
 .rodata._ZL25garawaru_init_muj_01_hook
                0x00006980       0x10 muj.o
 .rodata._ZL24garawaru_init_muj_01_evt
                0x00006990       0xd8 muj.o
 .rodata._ZL20muj_00_init_evt_hook
                0x00006a68       0x44 muj.o
 .rodata._ZL21muj_00_init_evt_evt_2
                0x00006aac       0x70 muj.o
 .rodata._ZL19muj_00_init_evt_evt
                0x00006b1c       0x40 muj.o
 .rodata._ZL22peton_talk_muj_00_hook
                0x00006b5c       0x10 muj.o
 .rodata._ZL21peton_talk_muj_00_evt
                0x00006b6c       0x8c muj.o
 .rodata._ZL21mony_talk_muj_00_hook
                0x00006bf8       0x10 muj.o
 .rodata._ZL20mony_talk_muj_00_evt
                0x00006c08       0x8c muj.o
 .rodata._ZL17nokorin_talk_hook
                0x00006c94       0x10 nok.o
 .rodata.str1.1
                0x00006ca4      0x4b1 nok.o
 *fill*         0x00007155        0x3 
 .rodata._ZL16nokorin_talk_evt
                0x00007158      0x2f4 nok.o
 .rodata._ZL19boss_noko_talk_hook
                0x0000744c       0x10 nok.o
 .rodata._ZL18boss_noko_talk_evt
                0x0000745c      0x164 nok.o
 .rodata._ZL20nokonoko_K_talk_hook
                0x000075c0       0x10 nok.o
 .rodata._ZL19nokonoko_K_talk_evt
                0x000075d0       0xd4 nok.o
 .rodata._ZL18nokopapa_talk_hook
                0x000076a4       0x10 nok.o
 .rodata._ZL17nokopapa_talk_evt
                0x000076b4      0x128 nok.o
 .rodata._ZL16monban_talk_hook
                0x000077dc       0x10 nok.o
 .rodata._ZL15monban_talk_evt
                0x000077ec      0x11c nok.o
 .rodata._ZL20nokonoko_I_talk_hook
                0x00007908       0x10 nok.o
 .rodata._ZL19nokonoko_I_talk_evt
                0x00007918       0xd4 nok.o
 .rodata._ZL20nokonoko_H_talk_hook
                0x000079ec       0x10 nok.o
 .rodata._ZL19nokonoko_H_talk_evt
                0x000079fc       0xfc nok.o
 .rodata._ZL20nokonoko_G_talk_hook
                0x00007af8       0x10 nok.o
 .rodata._ZL19nokonoko_G_talk_evt
                0x00007b08       0xd4 nok.o
 .rodata._ZL15talk_white_hook
                0x00007bdc       0x10 nok.o
 .rodata._ZL14talk_white_evt
                0x00007bec       0xa4 nok.o
 .rodata._ZL15init_white_hook
                0x00007c90       0x10 nok.o
 .rodata._ZL14init_white_evt
                0x00007ca0       0x44 nok.o
 .rodata._ZL20nokonoko_F_talk_hook
                0x00007ce4       0x10 nok.o
 .rodata._ZL19nokonoko_F_talk_evt
                0x00007cf4       0xd4 nok.o
 .rodata._ZL20nokonoko_D_talk_hook
                0x00007dc8       0x10 nok.o
 .rodata._ZL19nokonoko_D_talk_evt
                0x00007dd8       0xfc nok.o
 .rodata._ZL20nokonoko_C_talk_hook
                0x00007ed4       0x10 nok.o
 .rodata._ZL19nokonoko_C_talk_evt
                0x00007ee4       0xd4 nok.o
 .rodata._ZL20nokonoko_B_talk_hook
                0x00007fb8       0x10 nok.o
 .rodata._ZL19nokonoko_B_talk_evt
                0x00007fc8       0xd4 nok.o
 .rodata._ZL20nokonoko_A_talk_hook
                0x0000809c       0x10 nok.o
 .rodata._ZL19nokonoko_A_talk_evt
                0x000080ac      0x10c nok.o
 .rodata._ZL16pik_00_init_hook
                0x000081b8       0x10 pik.o
 .rodata.str1.1
                0x000081c8      0x166 pik.o
 *fill*         0x0000832e        0x2 
 .rodata._ZL19pik_00_init_evt_evt
                0x00008330       0x58 pik.o
 .rodata._ZL31pik_talk_madam_ring_return_hook
                0x00008388       0x10 pik.o
 .rodata._ZL20talk_madam_ring_item
                0x00008398       0xb8 pik.o
 .rodata._ZL14evt_daiza_hook
                0x00008450       0x1c pik.o
 .rodata._ZL13evt_daiza_evt
                0x0000846c       0x5c pik.o
 .rodata._ZL18pik_evt_powan_hook
                0x000084c8       0x28 pik.o
 .rodata._ZL17pik_evt_powan_evt
                0x000084f0       0x94 pik.o
 .rodata._ZL16takun6_talk_hook
                0x00008584       0x10 pik.o
 .rodata._ZL15takun6_talk_evt
                0x00008594       0x78 pik.o
 .rodata._ZL16takun5_talk_hook
                0x0000860c       0x10 pik.o
 .rodata._ZL15takun5_talk_evt
                0x0000861c       0x78 pik.o
 .rodata._ZL16takun4_talk_hook
                0x00008694       0x10 pik.o
 .rodata._ZL15takun4_talk_evt
                0x000086a4       0xb4 pik.o
 .rodata._ZL18miyageya_talk_hook
                0x00008758       0x28 pik.o
 .rodata._ZL17miyageya_talk_evt
                0x00008780      0x114 pik.o
 .rodata._ZL6madam2
                0x00008894        0x7 pik.o
 *fill*         0x0000889b        0x1 
 .rodata._ZL28talk_madam_ring_return_hook2
                0x0000889c       0x10 rsh.o
 .rodata.str1.1
                0x000088ac      0x1b8 rsh.o
 .rodata._ZL20talk_madam_ring_item
                0x00008a64       0xbc rsh.o
 .rodata._ZL15talk_madam_hook
                0x00008b20       0x10 rsh.o
 .rodata._ZL28talk_madam_ring_return_hook1
                0x00008b30       0x10 rsh.o
 .rodata._ZL26talk_madam_ring_return_evt
                0x00008b40       0x70 rsh.o
 .rodata._ZL16init_konari_hook
                0x00008bb0       0x10 rsh.o
 .rodata._ZL14init_papa_hook
                0x00008bc0       0x10 rsh.o
 .rodata._ZL15init_konari_evt
                0x00008bd0       0x9c rsh.o
 .rodata._ZL15init_powan_hook
                0x00008c6c       0x10 rsh.o
 .rodata._ZL14init_powan_evt
                0x00008c7c       0xec rsh.o
 .rodata._ZL19talk_waitless_hook2
                0x00008d68       0x10 rsh.o
 .rodata._ZL19talk_waitless_hook1
                0x00008d78       0x10 rsh.o
 .rodata._ZL17talk_waitless_evt
                0x00008d88       0x78 rsh.o
 .rodata._ZL21rsh_01_init_evt_hook2
                0x00008e00       0x10 rsh.o
 .rodata._ZL19rsh_01_init_evt_evt
                0x00008e10       0xd8 rsh.o
 .rodata._ZL20rsh_00_init_evt_hook
                0x00008ee8       0x10 rsh.o
 .rodata._ZL19rsh_00_init_evt_evt
                0x00008ef8       0xb8 rsh.o
 .rodata._ZL20rsh_04_init_evt_hook
                0x00008fb0       0x10 rsh.o
 .rodata._ZL20rsh_03_init_evt_hook
                0x00008fc0       0x10 rsh.o
 .rodata._ZL20rsh_02_init_evt_hook
                0x00008fd0       0x10 rsh.o
 .rodata._ZL21rsh_01_init_evt_hook1
                0x00008fe0       0x10 rsh.o
 .rodata._ZL19rsh_04_init_evt_evt
                0x00008ff0       0xc0 rsh.o
 .rodata._ZL26rsh_03_init_evt_music_hook
                0x000090b0       0x10 rsh.o
 .rodata._ZL21rsh_03_init_evt_music
                0x000090c0      0x1f8 rsh.o
 .rodata._ZL26rsh_02_init_evt_music_hook
                0x000092b8       0x10 rsh.o
 .rodata._ZL21rsh_02_init_evt_music
                0x000092c8      0x270 rsh.o
 .rodata._ZL26rsh_01_init_evt_music_hook
                0x00009538       0x10 rsh.o
 .rodata._ZL21rsh_01_init_evt_music
                0x00009548      0x1f8 rsh.o
 .rodata._ZL26rsh_00_init_evt_music_hook
                0x00009740       0x10 rsh.o
 .rodata._ZL21rsh_00_init_evt_music
                0x00009750      0x1f8 rsh.o
 .rodata._ZL26rsh_04_init_evt_music_hook
                0x00009948       0x10 rsh.o
 .rodata._ZL21rsh_04_init_evt_music
                0x00009958      0x1f8 rsh.o
 .rodata._ZL20rsh_06_init_evt_hook
                0x00009b50       0x10 rsh.o
 .rodata._ZL19rsh_06_init_evt_evt
                0x00009b60      0x178 rsh.o
 .rodata._ZL6madam1
                0x00009cd8        0x7 rsh.o
 .rodata.str1.1
                0x00009cdf      0x20a tik.o
 *fill*         0x00009ee9        0x3 
 .rodata._ZL19tik_evt_majin2_item
                0x00009eec       0xa8 tik.o
 .rodata._ZL21tik_05_init_evt_hook2
                0x00009f94       0x10 tik.o
 .rodata._ZL20tik_05_init_evt_evt2
                0x00009fa4       0xa4 tik.o
 .rodata._ZL20tik_05_init_evt_hook
                0x0000a048       0x10 tik.o
 .rodata._ZL19tik_05_init_evt_evt
                0x0000a058       0x48 tik.o
 .rodata._ZL24tik_kurihakase_init_hook
                0x0000a0a0       0x10 tik.o
 .rodata._ZL23tik_kurihakase_init_evt
                0x0000a0b0       0x8c tik.o
 .rodata._ZL18master_2_talk_hook
                0x0000a13c       0x10 tik.o
 .rodata._ZL17master_2_talk_evt
                0x0000a14c      0x180 tik.o
 .rodata._ZL17borodo4_talk_hook
                0x0000a2cc       0x10 tik.o
 .rodata._ZL16borodo4_talk_evt
                0x0000a2dc      0x180 tik.o
 .rodata._ZL17borodo3_talk_hook
                0x0000a45c       0x10 tik.o
 .rodata._ZL16borodo3_talk_evt
                0x0000a46c      0x180 tik.o
 .rodata._ZL17chusan4_talk_hook
                0x0000a5ec       0x10 tik.o
 .rodata._ZL16chusan4_talk_evt
                0x0000a5fc      0x180 tik.o
 .rodata._ZL17kuribo5_talk_hook
                0x0000a77c       0x10 tik.o
 .rodata._ZL16kuribo5_talk_evt
                0x0000a78c      0x180 tik.o
 .rodata._ZL16hotdog_item_hook
                0x0000a90c       0x10 tou.o
 .rodata.str1.1
                0x0000a91c       0x76 tou.o
 *fill*         0x0000a992        0x2 
 .rodata._ZL11hotdog_item
                0x0000a994       0xe8 tou.o
 .rodata._ZL18tou_party_evt_hook
                0x0000aa7c       0x10 tou.o
 .rodata._ZL13tou_party_evt
                0x0000aa8c       0x5c tou.o
 .rodata._ZL20tou_04_init_evt_hook
                0x0000aae8       0x10 tou.o
 .rodata._ZL19tou_04_init_evt_evt
                0x0000aaf8       0x78 tou.o
 .rodata._ZL14yoshi_gswf_evt
                0x0000ab70       0x14 tou.o
 .rodata._ZL15jolene_egg_hook
                0x0000ab84       0x10 tou.o
 .rodata._ZL14jolene_egg_evt
                0x0000ab94      0x220 tou.o
 .rodata._ZL16talk_sakaba_hook
                0x0000adb4       0x10 tou.o
 .rodata._ZL15talk_sakaba_evt
                0x0000adc4       0x84 tou.o
 .rodata._ZL6jolene
                0x0000ae48        0xb tou.o
 .rodata.str1.1
                0x0000ae53      0x49e usu.o
 *fill*         0x0000b2f1        0x3 
 .rodata._ZL19usu_evt_majin2_item
                0x0000b2f4       0xa8 usu.o
 .rodata._ZL18usu_party_evt_hook
                0x0000b39c       0x10 usu.o
 .rodata._ZL13usu_party_evt
                0x0000b3ac       0xc8 usu.o
 .rodata._ZL23village_chief_init_hook
                0x0000b474       0x10 usu.o
 .rodata._ZL22village_chief_init_evt
                0x0000b484       0x58 usu.o
 .rodata._ZL27village_chief_pig_init_hook
                0x0000b4dc       0x10 usu.o
 .rodata._ZL26village_chief_pig_init_evt
                0x0000b4ec       0x70 usu.o
 .rodata._ZL23village_chief_talk_hook
                0x0000b55c       0x10 usu.o
 .rodata._ZL22village_chief_talk_evt
                0x0000b56c      0x1c8 usu.o
 .rodata._ZL20gatekeeper_init_hook
                0x0000b734       0x10 usu.o
 .rodata._ZL19gatekeeper_init_evt
                0x0000b744       0x8c usu.o
 .rodata._ZL24gatekeeper_pig_init_hook
                0x0000b7d0       0x10 usu.o
 .rodata._ZL23gatekeeper_pig_init_evt
                0x0000b7e0       0x78 usu.o
 .rodata._ZL20gatekeeper_talk_hook
                0x0000b858       0x10 usu.o
 .rodata._ZL19gatekeeper_talk_evt
                0x0000b868      0x114 usu.o
 .rodata._ZL20usu_00_init_evt_hook
                0x0000b97c       0x14 usu.o
 .rodata._ZL19usu_00_init_evt_evt
                0x0000b990       0x5c usu.o
 .rodata._ZL20shop_woman_talk_hook
                0x0000b9ec       0x10 usu.o
 .rodata._ZL19shop_woman_talk_evt
                0x0000b9fc       0x78 usu.o
 .rodata._ZL18shop_man_talk_hook
                0x0000ba74       0x10 usu.o
 .rodata._ZL17shop_man_talk_evt
                0x0000ba84       0x78 usu.o
 .rodata._ZL19villagerJ_talk_hook
                0x0000bafc       0x10 usu.o
 .rodata._ZL18villagerJ_talk_evt
                0x0000bb0c      0x104 usu.o
 .rodata._ZL19villagerI_talk_hook
                0x0000bc10       0x10 usu.o
 .rodata._ZL18villagerI_talk_evt
                0x0000bc20      0x104 usu.o
 .rodata._ZL19villagerH_talk_hook
                0x0000bd24       0x10 usu.o
 .rodata._ZL18villagerH_talk_evt
                0x0000bd34       0xd0 usu.o
 .rodata._ZL19villagerG_talk_hook
                0x0000be04       0x10 usu.o
 .rodata._ZL18villagerG_talk_evt
                0x0000be14       0xf0 usu.o
 .rodata._ZL19villagerF_talk_hook
                0x0000bf04       0x10 usu.o
 .rodata._ZL18villagerF_talk_evt
                0x0000bf14       0xf0 usu.o
 .rodata._ZL19villagerK_talk_hook
                0x0000c004       0x10 usu.o
 .rodata._ZL18villagerK_talk_evt
                0x0000c014      0x130 usu.o
 .rodata._ZL19villagerE_talk_hook
                0x0000c144       0x10 usu.o
 .rodata._ZL18villagerE_talk_evt
                0x0000c154      0x130 usu.o
 .rodata._ZL19villagerD_talk_hook
                0x0000c284       0x10 usu.o
 .rodata._ZL18villagerD_talk_evt
                0x0000c294      0x194 usu.o
 .rodata._ZL19villagerC_talk_hook
                0x0000c428       0x10 usu.o
 .rodata._ZL18villagerC_talk_evt
                0x0000c438       0xfc usu.o
 .rodata._ZL19villagerB_talk_hook
                0x0000c534       0x10 usu.o
 .rodata._ZL18villagerB_talk_evt
                0x0000c544       0xfc usu.o
 .rodata._ZL19villagerA_talk_hook
                0x0000c640       0x10 usu.o
 .rodata._ZL18villagerA_talk_evt
                0x0000c650      0x130 usu.o
 .rodata._ZL19villagerA_init_hook
                0x0000c780       0x10 usu.o
 .rodata._ZL18villagerA_init_evt
                0x0000c790       0x6c usu.o
 .rodata._ZL6vivian
                0x0000c7fc        0x9 usu.o
 *fill*         0x0000c805        0x3 
 .rodata._ZL5mayor
                0x0000c808        0x5 usu.o
 *fill*         0x0000c80d        0x3 
 .rodata._ZL9mayor_pig
                0x0000c810        0x9 usu.o
 *fill*         0x0000c819        0x3 
 .rodata._ZL8doopliss
                0x0000c81c        0xb usu.o
 *fill*         0x0000c827        0x1 
 .rodata._ZL10gatekeeper
                0x0000c828        0x5 usu.o
 *fill*         0x0000c82d        0x3 
 .rodata._ZL14gatekeeper_pig
                0x0000c830        0x9 usu.o
 *fill*         0x0000c839        0x3 
 .rodata._ZL12usuVillagerA
                0x0000c83c        0x7 usu.o
 *fill*         0x0000c843        0x1 
 .rodata._ZL14win_party_hook
                0x0000c844       0x10 win.o
 .rodata.str1.1
                0x0000c854       0x36 win.o
 *fill*         0x0000c88a        0x2 
 .rodata._ZL13win_party_evt
                0x0000c88c       0xf0 win.o
 .rodata._ZL20win_00_init_evt_hook
                0x0000c97c       0x10 win.o
 .rodata._ZL19win_00_init_evt_evt
                0x0000c98c       0x30 win.o
 .rodata._ZL17majorin_init_hook
                0x0000c9bc       0x10 win.o
 .rodata._ZL16majorin_init_evt
                0x0000c9cc       0x30 win.o
 .rodata._ZL17maririn_init_hook
                0x0000c9fc       0x10 win.o
 .rodata._ZL16maririn_init_evt
                0x0000ca0c       0x30 win.o
 .rodata._ZL20win_vivian_init_hook
                0x0000ca3c       0x10 win.o
 .rodata._ZL19win_vivian_init_evt
                0x0000ca4c       0x98 win.o
 .rodata._ZL7flurrie
                0x0000cae4        0x9 win.o
 *(.gnu.linkonce.r.*)

.rodata1
 *(.rodata1)

.sdata2         0x0000caed        0x0
                [!provide]                        PROVIDE (_SDA2_BASE_ = .)
 *(.sdata2)
 *(.sdata2.*)
 *(.gnu.linkonce.s2.*)

.sbss2
 *(.sbss2)
 *(.sbss2.*)
 *(.gnu.linkonce.sb2.*)
                0x0000caf0                        . = ALIGN (0x4)
                [!provide]                        PROVIDE (__preinit_array_start = .)

.preinit_array
 *(.preinit_array)
                [!provide]                        PROVIDE (__preinit_array_end = .)
                [!provide]                        PROVIDE (__init_array_start = .)

.init_array
 *(.init_array)
                [!provide]                        PROVIDE (__init_array_end = .)
                [!provide]                        PROVIDE (__fini_array_start = .)

.fini_array
 *(.fini_array)
                [!provide]                        PROVIDE (__fini_array_end = .)

.data           0x0000caf0      0x2f0
 *(.data)
 *(.data.*)
 .data._ZN3mod6common12kItemDataArrE
                0x0000caf0        0x4 common.o
                0x0000caf0                _ZN3mod6common12kItemDataArrE
 .data.errorTextPosY
                0x0000caf4        0x4 errorHandling.o
                0x0000caf4                errorTextPosY
 .data._ZL16gor_00_init_evt2
                0x0000caf8      0x2bc gor_00.o
 .data.shopWorkPtr
                0x0000cdb4        0x4 main.o
                0x0000cdb4                shopWorkPtr
 .data.goods    0x0000cdb8       0x28 main.o
                0x0000cdb8                goods
 *(.gnu.linkonce.d.*)
                0x0000cde0                        . = ALIGN (0x20)

.data1
 *(.data1)

.tdata
 *(.tdata .tdata.* .gnu.linkonce.td.*)

.tbss
 *(.tbss .tbss.* .gnu.linkonce.tb.*)
 *(.tcommon)

.eh_frame       0x0000cde0     0x1a2c
 *(.eh_frame)
 .eh_frame      0x0000cde0      0x2c0 OWR.o
 .eh_frame      0x0000d0a0       0x28 StateManager.o
                                 0x3c (size before relaxing)
 .eh_frame      0x0000d0c8        0x0 common.o
                                 0xc8 (size before relaxing)
 .eh_frame      0x0000d0c8       0x68 con_mario.o
 .eh_frame      0x0000d130       0x80 con_perf.o
 .eh_frame      0x0000d1b0       0xa0 con_seq.o
 .eh_frame      0x0000d250      0x2ec console.o
                                0x310 (size before relaxing)
 .eh_frame      0x0000d53c       0x64 cxx.o
                                 0x8c (size before relaxing)
 .eh_frame      0x0000d5a0      0x26c errorHandling.o
 .eh_frame      0x0000d80c      0x130 gamePatches.o
 .eh_frame      0x0000d93c       0xa4 keyboard.o
                                 0xcc (size before relaxing)
 .eh_frame      0x0000d9e0       0xfc mod.o
                                0x110 (size before relaxing)
 .eh_frame      0x0000dadc      0x114 patch.o
                                0x18c (size before relaxing)
 .eh_frame      0x0000dbf0       0x5c printf.o
 .eh_frame      0x0000dc4c       0x7c rel.o
 .eh_frame      0x0000dcc8       0x98 ug.o
 .eh_frame      0x0000dd60       0xdc util.o
                                0x100 (size before relaxing)
 .eh_frame      0x0000de3c       0x28 aaa.o
 .eh_frame      0x0000de64       0x94 aji.o
 .eh_frame      0x0000def8       0x28 bom.o
 .eh_frame      0x0000df20       0x3c dou.o
 .eh_frame      0x0000df5c       0x40 eki.o
 .eh_frame      0x0000df9c       0x28 end.o
 .eh_frame      0x0000dfc4       0x40 gon.o
 .eh_frame      0x0000e004       0x74 gor_00.o
 .eh_frame      0x0000e078       0x48 gor_01.o
 .eh_frame      0x0000e0c0       0x50 gor_02.o
 .eh_frame      0x0000e110       0x50 gor_03.o
 .eh_frame      0x0000e160       0x38 gor_04.o
 .eh_frame      0x0000e198       0x54 gor_misc.o
 .eh_frame      0x0000e1ec       0x40 gra.o
 .eh_frame      0x0000e22c       0x4c hei.o
 .eh_frame      0x0000e278       0x38 hom.o
 .eh_frame      0x0000e2b0       0x40 jin.o
 .eh_frame      0x0000e2f0       0x28 kpa.o
 .eh_frame      0x0000e318       0x50 las.o
 .eh_frame      0x0000e368       0xbc main.o
 .eh_frame      0x0000e424        0x0 moo.o
                                 0x28 (size before relaxing)
 .eh_frame      0x0000e424       0x68 mri.o
 .eh_frame      0x0000e48c       0x6c muj.o
 .eh_frame      0x0000e4f8       0x4c nok.o
 .eh_frame      0x0000e544       0x54 pik.o
 .eh_frame      0x0000e598       0x6c rsh.o
 .eh_frame      0x0000e604       0xb8 tik.o
 .eh_frame      0x0000e6bc       0x6c tou.o
 .eh_frame      0x0000e728       0x28 tou2.o
 .eh_frame      0x0000e750       0x68 usu.o
 .eh_frame      0x0000e7b8       0x54 win.o

.gcc_except_table
 *(.gcc_except_table)

.fixup
 *(.fixup)

.got1
 *(.got1)

.got2
 *(.got2)

.dynamic
 *(.dynamic)

.ctors          0x0000e80c       0x34
 *crtbegin.o(.ctors)
 *(EXCLUDE_FILE(*crtend.o) .ctors)
 .ctors         0x0000e80c        0x4 OWR.o
 .ctors         0x0000e810        0x4 con_mario.o
 .ctors         0x0000e814        0x4 con_perf.o
 .ctors         0x0000e818        0x4 con_seq.o
 .ctors         0x0000e81c        0x4 console.o
 .ctors         0x0000e820        0x4 errorHandling.o
 .ctors         0x0000e824        0x4 gor_00.o
 *(SORT_BY_NAME(.ctors.*))
 *(.ctors)
                0x0000e840                        . = ALIGN (0x20)
 *fill*         0x0000e828       0x18 

.dtors          0x0000e840       0x20
 *crtbegin.o(.dtors)
 *(EXCLUDE_FILE(*crtend.o) .dtors)
 .dtors         0x0000e840        0x4 errorHandling.o
 *(SORT_BY_NAME(.dtors.*))
 *(.dtors)
                0x0000e860                        . = ALIGN (0x20)
 *fill*         0x0000e844       0x1c 

.jcr
 *(.jcr)

.got
 *(.got.plt)
 *(.got)

.sdata          0x0000e860        0x0
                [!provide]                        PROVIDE (_SDA_BASE_ = .)
 *(.sdata)
 *(.sdata.*)
 *(.gnu.linkonce.s.*)
                0x0000e860                        . = ALIGN (0x20)
                0x0000e860                        _edata = .
                [!provide]                        PROVIDE (edata = .)

.sbss           0x0000e860        0x0
                0x0000e860                        __sbss_start = .
                [!provide]                        PROVIDE (__sbss_start = .)
                [!provide]                        PROVIDE (___sbss_start = .)
 *(.dynsbss)
 *(.sbss)
 *(.sbss.*)
 *(.gnu.linkonce.sb.*)
 *(.scommon)
                [!provide]                        PROVIDE (__sbss_end = .)
                [!provide]                        PROVIDE (___sbss_end = .)
                0x0000e860                        . = ALIGN (0x20)
                0x0000e860                        __sbss_end = .

.bss            0x0000e860      0x180
                0x0000e860                        __bss_start = .
                [!provide]                        PROVIDE (__bss_start = .)
 *(.dynbss)
 *(.bss)
 *(.bss.*)
 .bss._ZN3mod3owr22g_msgSearch_trampolineE
                0x0000e860        0x4 OWR.o
                0x0000e860                _ZN3mod3owr22g_msgSearch_trampolineE
 .bss._ZN3mod3owr31g_evt_mario_set_pose_trampolineE
                0x0000e864        0x4 OWR.o
                0x0000e864                _ZN3mod3owr31g_evt_mario_set_pose_trampolineE
 .bss._ZN3mod3owr30g_partySetForceMove_trampolineE
                0x0000e868        0x4 OWR.o
                0x0000e868                _ZN3mod3owr30g_partySetForceMove_trampolineE
 .bss._ZN3mod3owr28g_pouchRemoveItem_trampolineE
                0x0000e86c        0x4 OWR.o
                0x0000e86c                _ZN3mod3owr28g_pouchRemoveItem_trampolineE
 .bss._ZN3mod3owr25g_pouchGetItem_trampolineE
                0x0000e870        0x4 OWR.o
                0x0000e870                _ZN3mod3owr25g_pouchGetItem_trampolineE
 .bss._ZN3mod3owr22g_seqSetSeq_trampolineE
                0x0000e874        0x4 OWR.o
                0x0000e874                _ZN3mod3owr22g_seqSetSeq_trampolineE
 .bss._ZN3mod3owr19g_OSLink_trampolineE
                0x0000e878        0x4 OWR.o
                0x0000e878                _ZN3mod3owr19g_OSLink_trampolineE
 .bss._ZN3mod3owr6gStateE
                0x0000e87c        0x4 OWR.o
                0x0000e87c                _ZN3mod3owr6gStateE
 .bss._ZN3mod3owr5gSelfE
                0x0000e880        0x4 OWR.o
                0x0000e880                _ZN3mod3owr5gSelfE
 .bss._ZN3mod3owr7item_dbE
                0x0000e884        0x4 OWR.o
                0x0000e884                _ZN3mod3owr7item_dbE
 .bss.gState    0x0000e888        0x4 StateManager.o
                0x0000e888                gState
 .bss._ZN3modL12mod_if_obj24E
                0x0000e88c        0x8 con_mario.o
 .bss._ZN3mod14mario_show_posE
                0x0000e894       0x10 con_mario.o
                0x0000e894                _ZN3mod14mario_show_posE
 .bss._ZN3mod13mario_set_posE
                0x0000e8a4        0xc con_mario.o
                0x0000e8a4                _ZN3mod13mario_set_posE
 .bss._ZN3modL12mod_if_obj51E
                0x0000e8b0        0x8 con_perf.o
 .bss._ZN3mod14mem_debug_heapE
                0x0000e8b8       0x10 con_perf.o
                0x0000e8b8                _ZN3mod14mem_debug_heapE
 .bss._ZN3modL12mod_if_obj34E
                0x0000e8c8        0x8 con_perf.o
 .bss._ZN3mod9perf_showE
                0x0000e8d0       0x10 con_perf.o
                0x0000e8d0                _ZN3mod9perf_showE
 .bss._ZN3mod15perf_fake_spikeE
                0x0000e8e0        0xc con_perf.o
                0x0000e8e0                _ZN3mod15perf_fake_spikeE
 .bss._ZN3mod14seq_change_mapE
                0x0000e8ec        0xc con_seq.o
                0x0000e8ec                _ZN3mod14seq_change_mapE
 .bss._ZN3modL12mod_if_obj16E
                0x0000e8f8        0x8 con_seq.o
 .bss._ZN3mod24gTrampoline_seq_logoMainE
                0x0000e900        0x4 con_seq.o
                0x0000e900                _ZN3mod24gTrampoline_seq_logoMainE
 .bss._ZN3mod13seq_logo_skipE
                0x0000e904       0x10 con_seq.o
                0x0000e904                _ZN3mod13seq_logo_skipE
 .bss._ZN3mod4findE
                0x0000e914        0xc console.o
                0x0000e914                _ZN3mod4findE
 .bss._ZN3mod11con_ug_chanE
                0x0000e920       0x10 console.o
                0x0000e920                _ZN3mod11con_ug_chanE
 .bss._ZN3mod11con_ug_modeE
                0x0000e930       0x10 console.o
                0x0000e930                _ZN3mod11con_ug_modeE
 .bss._ZN3mod21con_log_fade_durationE
                0x0000e940       0x10 console.o
                0x0000e940                _ZN3mod21con_log_fade_durationE
 .bss._ZN3mod18con_log_fade_startE
                0x0000e950       0x10 console.o
                0x0000e950                _ZN3mod18con_log_fade_startE
 .bss._ZN3mod12con_log_fadeE
                0x0000e960       0x10 console.o
                0x0000e960                _ZN3mod12con_log_fadeE
 .bss._ZN3mod13con_log_levelE
                0x0000e970       0x10 console.o
                0x0000e970                _ZN3mod13con_log_levelE
 .bss._ZN3mod11con_rainbowE
                0x0000e980       0x10 console.o
                0x0000e980                _ZN3mod11con_rainbowE
 .bss._ZN3mod8con_monoE
                0x0000e990       0x10 console.o
                0x0000e990                _ZN3mod8con_monoE
 .bss._ZN3mod8con_showE
                0x0000e9a0       0x10 console.o
                0x0000e9a0                _ZN3mod8con_showE
 .bss._ZN3mod8gConsoleE
                0x0000e9b0        0x4 console.o
                0x0000e9b0                _ZN3mod8gConsoleE
 .bss._ZN3mod9ConIntVar6sFirstE
                0x0000e9b4        0x4 console.o
                0x0000e9b4                _ZN3mod9ConIntVar6sFirstE
 .bss._ZN3mod10ConCommand6sFirstE
                0x0000e9b8        0x4 console.o
                0x0000e9b8                _ZN3mod10ConCommand6sFirstE
 .bss.g_animPoseMain_trampoline
                0x0000e9bc        0x4 errorHandling.o
                0x0000e9bc                g_animPoseMain_trampoline
 .bss.g_npcNameToPtr_trampoline
                0x0000e9c0        0x4 errorHandling.o
                0x0000e9c0                g_npcNameToPtr_trampoline
 .bss.heapCorruptionInfo
                0x0000e9c4        0x8 errorHandling.o
                0x0000e9c4                heapCorruptionInfo
 .bss.animPoseMainErrorInfo
                0x0000e9cc        0x4 errorHandling.o
                0x0000e9cc                animPoseMainErrorInfo
 .bss.npcNameToPtrErrorInfo
                0x0000e9d0        0x4 errorHandling.o
                0x0000e9d0                npcNameToPtrErrorInfo
 .bss._ZN3mod4gModE
                0x0000e9d4        0x4 mod.o
                0x0000e9d4                _ZN3mod4gModE
 .bss._ZN17ModUpdateFunction6sFirstE
                0x0000e9d8        0x4 mod.o
                0x0000e9d8                _ZN17ModUpdateFunction6sFirstE
 .bss._ZN15ModInitFunction6sFirstE
                0x0000e9dc        0x4 mod.o
                0x0000e9dc                _ZN15ModInitFunction6sFirstE
 *(.gnu.linkonce.b.*)
 *(COMMON)
                0x0000e9e0                        . = ALIGN (0x20)
                [!provide]                        PROVIDE (__bss_end = .)
                0x0000e9e0                        __bss_end = .
                0x0000e9e0                        _end = .
                [!provide]                        PROVIDE (end = .)

.bss._ZZNK3mod14seq_change_mapMUlPKcE_clES2_E8beroName
                0x00000000       0x20
 .bss._ZZNK3mod14seq_change_mapMUlPKcE_clES2_E8beroName
                0x00000000       0x20 con_seq.o
                0x00000000                _ZZNK3mod14seq_change_mapMUlPKcE_clES1_E8beroName
                0x00000000                _ZZNK3mod14seq_change_mapMUlPKcE_clES2_E8beroName

.bss._ZZNK3mod14seq_change_mapMUlPKcE_clES2_E7mapName
                0x00000000       0x20
 .bss._ZZNK3mod14seq_change_mapMUlPKcE_clES2_E7mapName
                0x00000000       0x20 con_seq.o
                0x00000000                _ZZNK3mod14seq_change_mapMUlPKcE_clES2_E7mapName
                0x00000000                _ZZNK3mod14seq_change_mapMUlPKcE_clES1_E7mapName

.stab
 *(.stab)

.stabstr
 *(.stabstr)

.stab.excl
 *(.stab.excl)

.stab.exclstr
 *(.stab.exclstr)

.stab.index
 *(.stab.index)

.stab.indexstr
 *(.stab.indexstr)

.comment        0x00000000      0x6c0
 *(.comment)
 .comment       0x00000000       0x24 OWR.o
 .comment       0x00000024       0x24 StateManager.o
 .comment       0x00000048       0x24 common.o
 .comment       0x0000006c       0x24 con_mario.o
 .comment       0x00000090       0x24 con_perf.o
 .comment       0x000000b4       0x24 con_seq.o
 .comment       0x000000d8       0x24 console.o
 .comment       0x000000fc       0x24 cxx.o
 .comment       0x00000120       0x24 errorHandling.o
 .comment       0x00000144       0x24 gamePatches.o
 .comment       0x00000168       0x24 keyboard.o
 .comment       0x0000018c       0x24 mod.o
 .comment       0x000001b0       0x24 patch.o
 .comment       0x000001d4       0x24 printf.o
 .comment       0x000001f8       0x24 rel.o
 .comment       0x0000021c       0x24 ug.o
 .comment       0x00000240       0x24 util.o
 .comment       0x00000264       0x24 aaa.o
 .comment       0x00000288       0x24 aji.o
 .comment       0x000002ac       0x24 bom.o
 .comment       0x000002d0       0x24 dou.o
 .comment       0x000002f4       0x24 eki.o
 .comment       0x00000318       0x24 end.o
 .comment       0x0000033c       0x24 gon.o
 .comment       0x00000360       0x24 gor_00.o
 .comment       0x00000384       0x24 gor_01.o
 .comment       0x000003a8       0x24 gor_02.o
 .comment       0x000003cc       0x24 gor_03.o
 .comment       0x000003f0       0x24 gor_04.o
 .comment       0x00000414       0x24 gor_misc.o
 .comment       0x00000438       0x24 gra.o
 .comment       0x0000045c       0x24 hei.o
 .comment       0x00000480       0x24 hom.o
 .comment       0x000004a4       0x24 jin.o
 .comment       0x000004c8       0x24 kpa.o
 .comment       0x000004ec       0x24 las.o
 .comment       0x00000510       0x24 main.o
 .comment       0x00000534       0x24 moo.o
 .comment       0x00000558       0x24 mri.o
 .comment       0x0000057c       0x24 muj.o
 .comment       0x000005a0       0x24 nok.o
 .comment       0x000005c4       0x24 pik.o
 .comment       0x000005e8       0x24 rsh.o
 .comment       0x0000060c       0x24 tik.o
 .comment       0x00000630       0x24 tou.o
 .comment       0x00000654       0x24 tou2.o
 .comment       0x00000678       0x24 usu.o
 .comment       0x0000069c       0x24 win.o

.gnu.attributes
                0x00000000       0x10
 .gnu.attributes
                0x00000000       0x10 OWR.o
 .gnu.attributes
                0x00000010       0x10 common.o
 .gnu.attributes
                0x00000020       0x10 con_mario.o
 .gnu.attributes
                0x00000030       0x10 con_perf.o
 .gnu.attributes
                0x00000040       0x10 console.o
 .gnu.attributes
                0x00000050       0x10 errorHandling.o
 .gnu.attributes
                0x00000060       0x10 mod.o
 .gnu.attributes
                0x00000070       0x10 printf.o
 .gnu.attributes
                0x00000080       0x10 util.o

.group          0x00000000        0xc
 .group         0x00000000        0xc con_mario.o

.group          0x00000000        0xc
 .group         0x00000000        0xc con_perf.o

.group          0x00000000        0xc
 .group         0x00000000        0xc con_seq.o

.group          0x00000000        0x8
 .group         0x00000000        0x8 con_seq.o

.group          0x00000000        0x8
 .group         0x00000000        0x8 con_seq.o

.group          0x00000000        0xc
 .group         0x00000000        0xc console.o

.group          0x00000000        0xc
 .group         0x00000000        0xc errorHandling.o

.debug
 *(.debug)

.line
 *(.line)

.debug_srcinfo
 *(.debug_srcinfo)

.debug_sfnames
 *(.debug_sfnames)

.debug_aranges  0x00000000      0x9c0
 *(.debug_aranges)
 .debug_aranges
                0x00000000       0xa0 OWR.o
 .debug_aranges
                0x000000a0       0x28 StateManager.o
 .debug_aranges
                0x000000c8       0x60 common.o
 .debug_aranges
                0x00000128       0x30 con_mario.o
 .debug_aranges
                0x00000158       0x38 con_perf.o
 .debug_aranges
                0x00000190       0x38 con_seq.o
 .debug_aranges
                0x000001c8       0xa8 console.o
 .debug_aranges
                0x00000270       0x48 cxx.o
 .debug_aranges
                0x000002b8       0x98 errorHandling.o
 .debug_aranges
                0x00000350       0x50 gamePatches.o
 .debug_aranges
                0x000003a0       0x40 keyboard.o
 .debug_aranges
                0x000003e0       0x58 mod.o
 .debug_aranges
                0x00000438       0x80 patch.o
 .debug_aranges
                0x000004b8       0x28 printf.o
 .debug_aranges
                0x000004e0       0x30 rel.o
 .debug_aranges
                0x00000510       0x38 ug.o
 .debug_aranges
                0x00000548       0x50 util.o
 .debug_aranges
                0x00000598       0x20 aaa.o
 .debug_aranges
                0x000005b8       0x28 aji.o
 .debug_aranges
                0x000005e0       0x20 bom.o
 .debug_aranges
                0x00000600       0x20 dou.o
 .debug_aranges
                0x00000620       0x20 eki.o
 .debug_aranges
                0x00000640       0x20 end.o
 .debug_aranges
                0x00000660       0x20 gon.o
 .debug_aranges
                0x00000680       0x28 gor_00.o
 .debug_aranges
                0x000006a8       0x20 gor_01.o
 .debug_aranges
                0x000006c8       0x20 gor_02.o
 .debug_aranges
                0x000006e8       0x20 gor_03.o
 .debug_aranges
                0x00000708       0x20 gor_04.o
 .debug_aranges
                0x00000728       0x28 gor_misc.o
 .debug_aranges
                0x00000750       0x20 gra.o
 .debug_aranges
                0x00000770       0x20 hei.o
 .debug_aranges
                0x00000790       0x20 hom.o
 .debug_aranges
                0x000007b0       0x20 jin.o
 .debug_aranges
                0x000007d0       0x20 kpa.o
 .debug_aranges
                0x000007f0       0x20 las.o
 .debug_aranges
                0x00000810       0x40 main.o
 .debug_aranges
                0x00000850       0x20 moo.o
 .debug_aranges
                0x00000870       0x20 mri.o
 .debug_aranges
                0x00000890       0x20 muj.o
 .debug_aranges
                0x000008b0       0x20 nok.o
 .debug_aranges
                0x000008d0       0x20 pik.o
 .debug_aranges
                0x000008f0       0x20 rsh.o
 .debug_aranges
                0x00000910       0x30 tik.o
 .debug_aranges
                0x00000940       0x20 tou.o
 .debug_aranges
                0x00000960       0x20 tou2.o
 .debug_aranges
                0x00000980       0x20 usu.o
 .debug_aranges
                0x000009a0       0x20 win.o

.debug_pubnames
 *(.debug_pubnames)

.debug_info     0x00000000    0x432ee
 *(.debug_info)
 .debug_info    0x00000000     0x6a82 OWR.o
 .debug_info    0x00006a82      0x3bd StateManager.o
 .debug_info    0x00006e3f      0xf83 common.o
 .debug_info    0x00007dc2     0x2443 con_mario.o
 .debug_info    0x0000a205     0x22c3 con_perf.o
 .debug_info    0x0000c4c8     0x20e3 con_seq.o
 .debug_info    0x0000e5ab     0x3bbd console.o
 .debug_info    0x00012168      0x407 cxx.o
 .debug_info    0x0001256f     0x3b05 errorHandling.o
 .debug_info    0x00016074     0x2c19 gamePatches.o
 .debug_info    0x00018c8d      0xe4d keyboard.o
 .debug_info    0x00019ada     0x33aa mod.o
 .debug_info    0x0001ce84      0xe1b patch.o
 .debug_info    0x0001dc9f      0x580 printf.o
 .debug_info    0x0001e21f      0x103 rel.o
 .debug_info    0x0001e322      0x77f ug.o
 .debug_info    0x0001eaa1      0x9c5 util.o
 .debug_info    0x0001f466      0x2f9 aaa.o
 .debug_info    0x0001f75f     0x1b8f aji.o
 .debug_info    0x000212ee      0x411 bom.o
 .debug_info    0x000216ff     0x1155 dou.o
 .debug_info    0x00022854      0xbf0 eki.o
 .debug_info    0x00023444      0x2ef end.o
 .debug_info    0x00023733     0x11c9 gon.o
 .debug_info    0x000248fc     0x1ee5 gor_00.o
 .debug_info    0x000267e1     0x1260 gor_01.o
 .debug_info    0x00027a41     0x189e gor_02.o
 .debug_info    0x000292df      0xc4f gor_03.o
 .debug_info    0x00029f2e      0x75c gor_04.o
 .debug_info    0x0002a68a     0x1149 gor_misc.o
 .debug_info    0x0002b7d3      0x857 gra.o
 .debug_info    0x0002c02a     0x13df hei.o
 .debug_info    0x0002d409      0x9ea hom.o
 .debug_info    0x0002ddf3      0x4da jin.o
 .debug_info    0x0002e2cd      0x335 kpa.o
 .debug_info    0x0002e602      0xd9f las.o
 .debug_info    0x0002f3a1     0x38a3 main.o
 .debug_info    0x00032c44      0x97f moo.o
 .debug_info    0x000335c3     0x1dba mri.o
 .debug_info    0x0003537d     0x1e09 muj.o
 .debug_info    0x00037186     0x15d2 nok.o
 .debug_info    0x00038758     0x16cd pik.o
 .debug_info    0x00039e25     0x1e36 rsh.o
 .debug_info    0x0003bc5b     0x2464 tik.o
 .debug_info    0x0003e0bf     0x1bc4 tou.o
 .debug_info    0x0003fc83      0x411 tou2.o
 .debug_info    0x00040094     0x1ea6 usu.o
 .debug_info    0x00041f3a     0x13b4 win.o

.debug_abbrev   0x00000000     0x8772
 *(.debug_abbrev)
 .debug_abbrev  0x00000000      0x860 OWR.o
 .debug_abbrev  0x00000860      0x17e StateManager.o
 .debug_abbrev  0x000009de      0x217 common.o
 .debug_abbrev  0x00000bf5      0x60c con_mario.o
 .debug_abbrev  0x00001201      0x6a2 con_perf.o
 .debug_abbrev  0x000018a3      0x67c con_seq.o
 .debug_abbrev  0x00001f1f      0x965 console.o
 .debug_abbrev  0x00002884      0x1a8 cxx.o
 .debug_abbrev  0x00002a2c      0x78c errorHandling.o
 .debug_abbrev  0x000031b8      0x4a8 gamePatches.o
 .debug_abbrev  0x00003660      0x32f keyboard.o
 .debug_abbrev  0x0000398f      0x74f mod.o
 .debug_abbrev  0x000040de      0x21e patch.o
 .debug_abbrev  0x000042fc      0x1d5 printf.o
 .debug_abbrev  0x000044d1       0xf0 rel.o
 .debug_abbrev  0x000045c1      0x1bf ug.o
 .debug_abbrev  0x00004780      0x21e util.o
 .debug_abbrev  0x0000499e       0xcc aaa.o
 .debug_abbrev  0x00004a6a      0x2a4 aji.o
 .debug_abbrev  0x00004d0e       0xcc bom.o
 .debug_abbrev  0x00004dda      0x1f2 dou.o
 .debug_abbrev  0x00004fcc      0x1d6 eki.o
 .debug_abbrev  0x000051a2       0xcc end.o
 .debug_abbrev  0x0000526e      0x1e3 gon.o
 .debug_abbrev  0x00005451      0x260 gor_00.o
 .debug_abbrev  0x000056b1      0x21d gor_01.o
 .debug_abbrev  0x000058ce      0x244 gor_02.o
 .debug_abbrev  0x00005b12      0x1e3 gor_03.o
 .debug_abbrev  0x00005cf5      0x191 gor_04.o
 .debug_abbrev  0x00005e86      0x2a0 gor_misc.o
 .debug_abbrev  0x00006126      0x1c2 gra.o
 .debug_abbrev  0x000062e8      0x1ee hei.o
 .debug_abbrev  0x000064d6      0x1c1 hom.o
 .debug_abbrev  0x00006697      0x154 jin.o
 .debug_abbrev  0x000067eb       0xcc kpa.o
 .debug_abbrev  0x000068b7      0x1e3 las.o
 .debug_abbrev  0x00006a9a      0x45f main.o
 .debug_abbrev  0x00006ef9      0x1c5 moo.o
 .debug_abbrev  0x000070be      0x229 mri.o
 .debug_abbrev  0x000072e7      0x220 muj.o
 .debug_abbrev  0x00007507      0x218 nok.o
 .debug_abbrev  0x0000771f      0x217 pik.o
 .debug_abbrev  0x00007936      0x215 rsh.o
 .debug_abbrev  0x00007b4b      0x530 tik.o
 .debug_abbrev  0x0000807b      0x227 tou.o
 .debug_abbrev  0x000082a2       0xcc tou2.o
 .debug_abbrev  0x0000836e      0x215 usu.o
 .debug_abbrev  0x00008583      0x1ef win.o

.debug_line     0x00000000    0x1611e
 *(.debug_line)
 .debug_line    0x00000000     0x11dc OWR.o
 .debug_line    0x000011dc      0x1c2 StateManager.o
 .debug_line    0x0000139e      0x351 common.o
 .debug_line    0x000016ef      0x476 con_mario.o
 .debug_line    0x00001b65      0x682 con_perf.o
 .debug_line    0x000021e7      0x50f con_seq.o
 .debug_line    0x000026f6     0x1351 console.o
 .debug_line    0x00003a47      0x1f6 cxx.o
 .debug_line    0x00003c3d      0xcf6 errorHandling.o
 .debug_line    0x00004933      0x68c gamePatches.o
 .debug_line    0x00004fbf      0x4ae keyboard.o
 .debug_line    0x0000546d      0x6a5 mod.o
 .debug_line    0x00005b12      0x41b patch.o
 .debug_line    0x00005f2d      0x24f printf.o
 .debug_line    0x0000617c      0x13d rel.o
 .debug_line    0x000062b9      0x360 ug.o
 .debug_line    0x00006619      0x40c util.o
 .debug_line    0x00006a25      0x205 aaa.o
 .debug_line    0x00006c2a      0xe3e aji.o
 .debug_line    0x00007a68      0x553 bom.o
 .debug_line    0x00007fbb      0x614 dou.o
 .debug_line    0x000085cf      0x507 eki.o
 .debug_line    0x00008ad6      0x1f5 end.o
 .debug_line    0x00008ccb      0x62c gon.o
 .debug_line    0x000092f7      0x8af gor_00.o
 .debug_line    0x00009ba6      0x687 gor_01.o
 .debug_line    0x0000a22d      0x68c gor_02.o
 .debug_line    0x0000a8b9      0x7bb gor_03.o
 .debug_line    0x0000b074      0x487 gor_04.o
 .debug_line    0x0000b4fb      0x415 gor_misc.o
 .debug_line    0x0000b910      0x40e gra.o
 .debug_line    0x0000bd1e      0x554 hei.o
 .debug_line    0x0000c272      0x3b4 hom.o
 .debug_line    0x0000c626      0x5c2 jin.o
 .debug_line    0x0000cbe8      0x28e kpa.o
 .debug_line    0x0000ce76      0x82d las.o
 .debug_line    0x0000d6a3      0xc49 main.o
 .debug_line    0x0000e2ec      0x2d8 moo.o
 .debug_line    0x0000e5c4     0x1020 mri.o
 .debug_line    0x0000f5e4      0xf06 muj.o
 .debug_line    0x000104ea      0x59a nok.o
 .debug_line    0x00010a84      0x862 pik.o
 .debug_line    0x000112e6     0x14fd rsh.o
 .debug_line    0x000127e3      0xa4a tik.o
 .debug_line    0x0001322d     0x1781 tou.o
 .debug_line    0x000149ae      0x583 tou2.o
 .debug_line    0x00014f31      0xc98 usu.o
 .debug_line    0x00015bc9      0x555 win.o

.debug_frame
 *(.debug_frame)

.debug_str      0x00000000    0x46430
 *(.debug_str)
 .debug_str     0x00000000     0x5799 OWR.o
 .debug_str     0x00005799      0x3ab StateManager.o
 .debug_str     0x00005b44     0x13e4 common.o
 .debug_str     0x00006f28     0x1971 con_mario.o
 .debug_str     0x00008899     0x1615 con_perf.o
 .debug_str     0x00009eae     0x16b3 con_seq.o
 .debug_str     0x0000b561     0x1a83 console.o
 .debug_str     0x0000cfe4      0x35e cxx.o
 .debug_str     0x0000d342     0x2087 errorHandling.o
 .debug_str     0x0000f3c9     0x23f5 gamePatches.o
 .debug_str     0x000117be      0x95f keyboard.o
 .debug_str     0x0001211d     0x2257 mod.o
 .debug_str     0x00014374      0x726 patch.o
 .debug_str     0x00014a9a      0x468 printf.o
 .debug_str     0x00014f02      0x191 rel.o
 .debug_str     0x00015093      0x39b ug.o
 .debug_str     0x0001542e      0x654 util.o
 .debug_str     0x00015a82      0x413 aaa.o
 .debug_str     0x00015e95     0x2514 aji.o
 .debug_str     0x000183a9      0x610 bom.o
 .debug_str     0x000189b9     0x1ccf dou.o
 .debug_str     0x0001a688      0xf91 eki.o
 .debug_str     0x0001b619      0x40d end.o
 .debug_str     0x0001ba26     0x1d18 gon.o
 .debug_str     0x0001d73e     0x29c7 gor_00.o
 .debug_str     0x00020105     0x1a9a gor_01.o
 .debug_str     0x00021b9f     0x24a4 gor_02.o
 .debug_str     0x00024043      0xf98 gor_03.o
 .debug_str     0x00024fdb      0x59f gor_04.o
 .debug_str     0x0002557a     0x1bbe gor_misc.o
 .debug_str     0x00027138      0x9ac gra.o
 .debug_str     0x00027ae4     0x20a0 hei.o
 .debug_str     0x00029b84      0xcb3 hom.o
 .debug_str     0x0002a837      0x64b jin.o
 .debug_str     0x0002ae82      0x463 kpa.o
 .debug_str     0x0002b2e5     0x1206 las.o
 .debug_str     0x0002c4eb     0x3276 main.o
 .debug_str     0x0002f761      0xb9b moo.o
 .debug_str     0x000302fc     0x2979 mri.o
 .debug_str     0x00032c75     0x2ae6 muj.o
 .debug_str     0x0003575b     0x1ee2 nok.o
 .debug_str     0x0003763d     0x207b pik.o
 .debug_str     0x000396b8     0x2a84 rsh.o
 .debug_str     0x0003c13c     0x2f8e tik.o
 .debug_str     0x0003f0ca     0x2748 tou.o
 .debug_str     0x00041812      0x5ee tou2.o
 .debug_str     0x00041e00     0x289b usu.o
 .debug_str     0x0004469b     0x1d95 win.o

.debug_loc
 *(.debug_loc)

.debug_macinfo
 *(.debug_macinfo)

.debug_weaknames
 *(.debug_weaknames)

.debug_funcnames
 *(.debug_funcnames)

.debug_typenames
 *(.debug_typenames)

.debug_varnames
 *(.debug_varnames)
                0x00000000                        __isIPL = 0x0
                0x0002e9e0                        __stack_addr = ((((__bss_start + SIZEOF (.bss)) + 0x20000) + 0x7) & 0xfffffffffffffff8)
                0x0000e9e0                        __stack_end = (__bss_start + SIZEOF (.bss))
                0x000329e0                        __intrstack_addr = (__stack_addr + 0x4000)
                0x0002e9e0                        __intrstack_end = __stack_addr
                0x000329e0                        __Arena1Lo = ((__intrstack_addr + 0x1f) & 0xffffffffffffffe0)
                0x817feff0                        __Arena1Hi = 0x817feff0
                0x817ff000                        __gxregs = ((__Arena1Hi + 0x1f) & 0xffffffffffffffe0)
                [!provide]                        PROVIDE (__stack = 0x817feff0)
                [!provide]                        PROVIDE (__isIPL = __isIPL)
                [!provide]                        PROVIDE (__stack_addr = __stack_addr)