Archive member included to satisfy reference by file (symbol)

C:/devkitPro/devkitPPC/bin/../lib/gcc/powerpc-eabi/13.1.0\libgcc.a(_divdi3.o)
                              console.o (__divdi3)

Discarded input sections

 .text          0x00000000        0x0 OWR.o
 .data          0x00000000        0x0 OWR.o
 .bss           0x00000000        0x0 OWR.o
 .text._Z13strcpy_StringPcPKc
                0x00000000        0x4 OWR.o
 .text._ZN3mod3owr3OWR12SequenceInitEv
                0x00000000       0xc8 OWR.o
 .text._ZN3mod3owr3OWR6LZTestEv
                0x00000000       0x48 OWR.o
 .text._ZN3mod3owr3OWR11NewFileInitEv
                0x00000000        0x4 OWR.o
 .text._ZN3mod3owr3OWR14OnModuleLoadedEPN2gc6OSLink12OSModuleInfoE
                0x00000000       0xd0 OWR.o
 .text._ZN3mod3owr3OWR10DrawStringEPKciijf
                0x00000000       0xb0 OWR.o
 .bss._ZN3mod3owr22g_itemEntry_trampolineE
                0x00000000        0x4 OWR.o
 .rodata.cst4   0x00000000        0x4 OWR.o
 .text          0x00000000        0x0 common.o
 .data          0x00000000        0x0 common.o
 .bss           0x00000000        0x0 common.o
 .text._ZN3mod6common14GetCurrentAreaEv
                0x00000000       0x1c common.o
 .text._ZN3mod6common13GetCurrentMapEv
                0x00000000       0x1c common.o
 .text._ZN3mod6common11GetFilenameEv
                0x00000000       0x1c common.o
 .text._ZN3mod6common16GetStorySequenceEv
                0x00000000       0x24 common.o
 .text._ZN3mod6common14GetPitSequenceEv
                0x00000000       0x2c common.o
 .text._ZN3mod6common17GetSavedFlagValueEi
                0x00000000       0x44 common.o
 .text._ZN3mod6common21HasKeyItemInInventoryEs
                0x00000000       0x60 common.o
 .text._ZN3mod6common25GetBattleWindowDataOffsetEv
                0x00000000       0x1c common.o
 .text._ZN3mod6common21GetStatusWindowHeightEv
                0x00000000       0x28 common.o
 .data._ZN3mod6common29kUnknownStatusWindowStructPtrE
                0x00000000        0x4 common.o
 .data._ZN3mod6common10kBattlePtrE
                0x00000000        0x4 common.o
 .data._ZN3mod6common9kPouchPtrE
                0x00000000        0x4 common.o
 .data._ZN3mod6common12kSaveDataPtrE
                0x00000000        0x4 common.o
 .rodata._ZN3mod6common32kUltraHammerChestDespawnIdOffsetE
                0x00000000        0x4 common.o
 .rodata._ZN3mod6common27kObjectCollectionExprOffsetE
                0x00000000        0x4 common.o
 .rodata._ZN3mod6common27kObjectChestScriptPtrOffsetE
                0x00000000        0x4 common.o
 .rodata._ZN3mod6common33kMujModuleFlavioDesiredItemOffsetE
                0x00000000        0x4 common.o
 .rodata._ZN3mod6common36kJinModuleAtomicBooItemGswfSetOffsetE
                0x00000000        0x4 common.o
 .rodata._ZN3mod6common39kJinModuleAtomicBooItemObjectFlagOffsetE
                0x00000000        0x4 common.o
 .rodata._ZN3mod6common32kPitModuleCharlietonChanceOffsetE
                0x00000000        0x4 common.o
 .rodata._ZN3mod6common22kPitModuleNpcArrOffsetE
                0x00000000        0x4 common.o
 .rodata._ZN3mod6common23kSavedWordFlagBaseValueE
                0x00000000        0x4 common.o
 .data._ZN3mod6common20kPiantaParlorItemArrE
                0x00000000        0x4 common.o
 .data._ZN3mod6common21kPitCharlietonItemArrE
                0x00000000        0x4 common.o
 .data._ZN3mod6common12kHowzItemArrE
                0x00000000        0x4 common.o
 .data._ZN3mod6common18kCharlietonItemArrE
                0x00000000        0x4 common.o
 .data._ZN3mod6common14kDazzleItemArrE
                0x00000000        0x4 common.o
 .data._ZN3mod6common20kSuperguardFramesArrE
                0x00000000        0x4 common.o
 .data._ZN3mod6common15kGuardFramesArrE
                0x00000000        0x4 common.o
 .data._ZN3mod6common25kSuperChargePartnerParamsE
                0x00000000        0x4 common.o
 .data._ZN3mod6common18kSuperChargeParamsE
                0x00000000        0x4 common.o
 .data._ZN3mod6common19kPiercingBlowParamsE
                0x00000000        0x4 common.o
 .data._ZN3mod6common18kHammerThrowParamsE
                0x00000000        0x4 common.o
 .data._ZN3mod6common17kKoopaCurseParamsE
                0x00000000        0x4 common.o
 .data._ZN3mod6common15kTradeOffParamsE
                0x00000000        0x4 common.o
 .data._ZN3mod6common17kGulpRecoilParamsE
                0x00000000        0x4 common.o
 .data._ZN3mod6common24kUltraHammerRecoilParamsE
                0x00000000        0x4 common.o
 .data._ZN3mod6common24kSuperHammerRecoilParamsE
                0x00000000        0x4 common.o
 .data._ZN3mod6common8kNextMapE
                0x00000000        0x4 common.o
 .rodata.cst4   0x00000000        0x4 common.o
 .text          0x00000000        0x0 con_mario.o
 .data          0x00000000        0x0 con_mario.o
 .bss           0x00000000        0x0 con_mario.o
 .text          0x00000000        0x0 con_perf.o
 .data          0x00000000        0x0 con_perf.o
 .bss           0x00000000        0x0 con_perf.o
 .text          0x00000000        0x0 con_seq.o
 .data          0x00000000        0x0 con_seq.o
 .bss           0x00000000        0x0 con_seq.o
 .text          0x00000000        0x0 console.o
 .data          0x00000000        0x0 console.o
 .bss           0x00000000        0x0 console.o
 .text._ZN3mod13ConsoleSystem8logDebugEPKcz
                0x00000000       0xbc console.o
 .text._ZN3mod13ConsoleSystem12setMonospaceEb
                0x00000000       0x30 console.o
 .text._ZN3mod13ConsoleSystem8drawLineEiPKcN2gc6color4E
                0x00000000       0xd4 console.o
 .text._ZN3mod13ConsoleSystem14updateUsbGeckoEv
                0x00000000       0x14 console.o
 .text          0x00000000        0x0 cxx.o
 .data          0x00000000        0x0 cxx.o
 .bss           0x00000000        0x0 cxx.o
 .text._ZdlPv   0x00000000        0xc cxx.o
 .text._ZdaPv   0x00000000        0xc cxx.o
 .text          0x00000000        0x0 gor.o
 .data          0x00000000        0x0 gor.o
 .bss           0x00000000        0x0 gor.o
 .text          0x00000000        0x0 keyboard.o
 .data          0x00000000        0x0 keyboard.o
 .bss           0x00000000        0x0 keyboard.o
 .text._ZN3mod8Keyboard10setChannelEi
                0x00000000       0xc4 keyboard.o
 .text._ZN3mod8Keyboard7connectEv
                0x00000000       0x78 keyboard.o
 .text._ZN3mod8Keyboard10disconnectEv
                0x00000000       0x4c keyboard.o
 .text          0x00000000        0x0 mod.o
 .data          0x00000000        0x0 mod.o
 .bss           0x00000000        0x0 mod.o
 .text._ZN3mod3ModC2Ev
                0x00000000       0x9c mod.o
 .text._ZN3mod3Mod11updateEarlyEv
                0x00000000       0x90 mod.o
 .text._ZN3mod3Mod4drawEv
                0x00000000        0x8 mod.o
 .text          0x00000000        0x0 patch.o
 .data          0x00000000        0x0 patch.o
 .bss           0x00000000        0x0 patch.o
 .text._ZN3mod5patch21writeStandardBranchesEPvPFvvES3_
                0x00000000       0x80 patch.o
 .text._ZN3mod5patch15replaceEvtInstrEPit
                0x00000000        0x8 patch.o
 .text._ZN3mod5patch14writeEvtBranchEPiPKib
                0x00000000       0x1c patch.o
 .text._ZN3mod5patch13writeBranchBLEPvS1_
                0x00000000       0x50 patch.o
 .text._ZN3mod5patch15writeBranchMainEPvS1_j
                0x00000000       0x48 patch.o
 .text._ZN3mod5patch10writePatchEPvPKvS3_
                0x00000000       0x7c patch.o
 .text._ZN3mod5patch10writePatchEPvj
                0x00000000       0x6c patch.o
 .text._ZN3mod5patch15writeBranchPairEPvS1_S1_S1_
                0x00000000       0x88 patch.o
 .text._ZN3mod5patch15writeBranchPairEPvS1_S1_
                0x00000000       0x80 patch.o
 .text          0x00000000        0x0 patches_gor1.o
 .data          0x00000000        0x0 patches_gor1.o
 .bss           0x00000000        0x0 patches_gor1.o
 .text          0x00000000        0x0 rel.o
 .data          0x00000000        0x0 rel.o
 .bss           0x00000000        0x0 rel.o
 .text          0x00000000        0x0 ug.o
 .data          0x00000000        0x0 ug.o
 .bss           0x00000000        0x0 ug.o
 .text          0x00000000        0x0 util.o
 .data          0x00000000        0x0 util.o
 .bss           0x00000000        0x0 util.o
 .text          0x00000000       0x7c patch_ih.o
 .data          0x00000000        0x0 patch_ih.o
 .bss           0x00000000        0x0 patch_ih.o
 .text          0x00000000        0x0 C:/devkitPro/devkitPPC/bin/../lib/gcc/powerpc-eabi/13.1.0\libgcc.a(_divdi3.o)
 .data          0x00000000        0x0 C:/devkitPro/devkitPPC/bin/../lib/gcc/powerpc-eabi/13.1.0\libgcc.a(_divdi3.o)
 .bss           0x00000000        0x0 C:/devkitPro/devkitPPC/bin/../lib/gcc/powerpc-eabi/13.1.0\libgcc.a(_divdi3.o)

Memory Configuration

Name             Origin             Length             Attributes
*default*        0x00000000         0xffffffff

Linker script and memory map

                0x80003100                        . = 0x80003100

.init
 *crt0.o(*.init)
 *(.init)

.plt
 *(.plt)

.interp
 *(.interp)

.hash
 *(.hash)

.dynsym
 *(.dynsym)

.dynstr
 *(.dynstr)

.gnu.version
 *(.gnu.version)

.gnu.version_d
 *(.gnu.version_d)

.gnu.version_r
 *(.gnu.version_r)

.rel.init
 *(.rel.init)

.rela.init
 *(.rela.init)

.rel.text
 *(.rel.text .rel.text.* .rel.gnu.linkonce.t.*)

.rela.text
 *(.rela.text .rela.text.* .rela.gnu.linkonce.t.*)

.rel.fini
 *(.rel.fini)

.rela.fini
 *(.rela.fini)

.rel.rodata
 *(.rel.rodata .rel.rodata.* .rel.gnu.linkonce.r.*)

.rela.rodata
 *(.rela.rodata .rela.rodata.* .rela.gnu.linkonce.r.*)

.rel.data
 *(.rel.data .rel.data.* .rel.gnu.linkonce.d.*)

.rela.data
 *(.rela.data .rela.data.* .rela.gnu.linkonce.d.*)

.rel.tdata
 *(.rel.tdata .rel.tdata.* .rel.gnu.linkonce.td.*)

.rela.tdata
 *(.rela.tdata .rela.tdata.* .rela.gnu.linkonce.td.*)

.rel.tbss
 *(.rel.tbss .rel.tbss.* .rel.gnu.linkonce.tb.*)

.rela.tbss
 *(.rela.tbss .rela.tbss.* .rela.gnu.linkonce.tb.*)

.rel.ctors
 *(.rel.ctors)

.rela.ctors
 *(.rela.ctors)

.rel.dtors
 *(.rel.dtors)

.rela.dtors
 *(.rela.dtors)

.rel.got
 *(.rel.got)

.rela.got
 *(.rela.got)

.rela.got1
 *(.rela.got1)

.rela.got2
 *(.rela.got2)

.rel.sdata
 *(.rel.sdata .rel.sdata.* .rel.gnu.linkonce.s.*)

.rela.sdata
 *(.rela.sdata .rela.sdata.* .rela.gnu.linkonce.s.*)

.rel.sbss
 *(.rel.sbss .rel.sbss.* .rel.gnu.linkonce.sb.*)

.rela.sbss
 *(.rela.sbss .rela.sbss.* .rel.gnu.linkonce.sb.*)

.rel.sdata2
 *(.rel.sdata2 .rel.sdata2.* .rel.gnu.linkonce.s2.*)

.rela.sdata2
 *(.rela.sdata2 .rela.sdata2.* .rela.gnu.linkonce.s2.*)

.rel.sbss2
 *(.rel.sbss2 .rel.sbss2.* .rel.gnu.linkonce.sb2.*)

.rela.sbss2
 *(.rela.sbss2 .rela.sbss2.* .rela.gnu.linkonce.sb2.*)

.rel.bss
 *(.rel.bss .rel.bss.* .rel.gnu.linkonce.b.*)

.rela.bss
 *(.rela.bss .rela.bss.* .rela.gnu.linkonce.b.*)

.rel.plt
 *(.rel.plt)

.rela.plt
 *(.rela.plt)

.text           0x80003100     0x3c40
 *(.text)
 *(.text.*)
 .text._ZZN3mod3owr3OWR4InitEvENUlvE_4_FUNEv
                0x80003100       0x10 OWR.o
 .text._ZZN3mod3owr3OWR4InitEvENUlPN2gc6OSLink12OSModuleInfoEPvE_4_FUNES5_S6_
                0x80003110       0xf4 OWR.o
 .text._ZN3mod3owr3OWRC2Ev
                0x80003204        0x4 OWR.o
                0x80003204                _ZN3mod3owr3OWRC1Ev
                0x80003204                _ZN3mod3owr3OWRC2Ev
 .text._ZN3mod3owr3OWR4InitEv
                0x80003208      0x144 OWR.o
                0x80003208                _ZN3mod3owr3OWR4InitEv
 .text._ZN3mod3owr3OWR6UpdateEv
                0x8000334c       0xf4 OWR.o
                0x8000334c                _ZN3mod3owr3OWR6UpdateEv
 .text._ZN3mod3owr3OWR4DrawEv
                0x80003440        0x4 OWR.o
                0x80003440                _ZN3mod3owr3OWR4DrawEv
 .text.startup._GLOBAL__sub_I__Z13strcpy_StringPcPKc
                0x80003444       0x14 OWR.o
 .text._ZN3modL13mod_if_func22Ev
                0x80003458       0x54 con_mario.o
 .text.startup._GLOBAL__sub_I__ZN3mod13mario_set_posE
                0x800034ac       0x88 con_mario.o
 .text._ZN3modL13mod_if_func46Ev
                0x80003534      0x19c con_perf.o
 .text.startup._GLOBAL__sub_I__ZN3mod15perf_fake_spikeE
                0x800036d0       0x8c con_perf.o
 .text._ZZN3modL13mod_if_func16EvENUlPN4ttyd6seqdrv7SeqInfoEE_4_FUNES3_
                0x8000375c       0x44 con_seq.o
 .text._ZN3modL13mod_if_func16Ev
                0x800037a0       0x74 con_seq.o
 .text.startup._GLOBAL__sub_I__ZN3mod13seq_logo_skipE
                0x80003814       0x8c con_seq.o
 .text._ZN3mod13ConsoleSystem4initEv
                0x800038a0       0x38 console.o
                0x800038a0                _ZN3mod13ConsoleSystem4initEv
 .text._ZN3mod13ConsoleSystem8logColorEPKcN2gc6color4E
                0x800038d8      0x2a8 console.o
                0x800038d8                _ZN3mod13ConsoleSystem8logColorEPKcN2gc6color4E
 .text._ZN3mod13ConsoleSystem7logInfoEPKcz
                0x80003b80       0xb8 console.o
                0x80003b80                _ZN3mod13ConsoleSystem7logInfoEPKcz
 .text._ZN3mod7CC_findEPKc
                0x80003c38      0x12c console.o
                0x80003c38                _ZN3mod7CC_findEPKc
 .text._ZN3mod13ConsoleSystem10logWarningEPKcz
                0x80003d64       0xbc console.o
                0x80003d64                _ZN3mod13ConsoleSystem10logWarningEPKcz
 .text._ZN3mod13ConsoleSystem8logErrorEPKcz
                0x80003e20       0xbc console.o
                0x80003e20                _ZN3mod13ConsoleSystem8logErrorEPKcz
 .text._ZN3mod13ConsoleSystem7overlayEPKcz
                0x80003edc       0xd0 console.o
                0x80003edc                _ZN3mod13ConsoleSystem7overlayEPKcz
 .text._ZN3mod13ConsoleSystem14processCommandEPKc
                0x80003fac      0x288 console.o
                0x80003fac                _ZN3mod13ConsoleSystem14processCommandEPKc
 .text._ZN3mod13ConsoleSystem12updatePromptEv
                0x80004234      0x974 console.o
                0x80004234                _ZN3mod13ConsoleSystem12updatePromptEv
 .text._ZN3mod13ConsoleSystem14updateUsbGeckoEv.part.0
                0x80004ba8      0x19c console.o
 .text._ZN3mod13ConsoleSystem6updateEv
                0x80004d44       0x70 console.o
                0x80004d44                _ZN3mod13ConsoleSystem6updateEv
 .text._ZN3mod13ConsoleSystem4dispEv
                0x80004db4      0x534 console.o
                0x80004db4                _ZN3mod13ConsoleSystem4dispEv
 .text._ZZN3mod13ConsoleSystem6updateEvENUlN4ttyd7dispdrv8CameraIdEPvE_4_FUNES3_S4_
                0x800052e8        0x8 console.o
 .text.startup._GLOBAL__sub_I__ZN3mod10ConCommand6sFirstE
                0x800052f0      0x1ac console.o
 .text._Znwj    0x8000549c        0xc cxx.o
                0x8000549c                _Znwj
 .text._Znaj    0x800054a8        0xc cxx.o
                0x800054a8                _Znaj
 .text._Z15ApplyGorPatchesPN2gc6OSLink12OSModuleInfoE
                0x800054b4      0x550 gor.o
                0x800054b4                _Z15ApplyGorPatchesPN2gc6OSLink12OSModuleInfoE
 .text._ZN3mod8KeyboardC2Ei
                0x80005a04       0x84 keyboard.o
                0x80005a04                _ZN3mod8KeyboardC2Ei
                0x80005a04                _ZN3mod8KeyboardC1Ei
 .text._ZN3mod8Keyboard6updateEv
                0x80005a88      0x59c keyboard.o
                0x80005a88                _ZN3mod8Keyboard6updateEv
 .text._ZZN3mod3Mod4initEvENUlvE0_4_FUNEv
                0x80006024        0x4 mod.o
 .text._ZZN3mod3Mod11updateEarlyEvENUlN4ttyd7dispdrv8CameraIdEPvE_4_FUNES3_S4_
                0x80006028        0x8 mod.o
 .text._ZZN3mod3Mod4initEvENUlvE_4_FUNEv
                0x80006030       0x94 mod.o
 .text._ZN3mod3Mod4initEv
                0x800060c4       0xfc mod.o
                0x800060c4                _ZN3mod3Mod4initEv
 .text.startup._ZN3mod4mainEv
                0x800061c0       0xa8 mod.o
                0x800061c0                _ZN3mod4mainEv
 .text._ZN3mod5patch17clear_DC_IC_CacheEPvj
                0x80006268       0x40 patch.o
                0x80006268                _ZN3mod5patch17clear_DC_IC_CacheEPvj
 .text._ZN3mod5patch11writeBranchEPvS1_
                0x800062a8       0x4c patch.o
                0x800062a8                _ZN3mod5patch11writeBranchEPvS1_
 .text._ZN3mod5patch10writePatchEPvPKvj
                0x800062f4       0x7c patch.o
                0x800062f4                _ZN3mod5patch10writePatchEPvPKvj
 .text._Z9DoPatchesPN2gc6OSLink12OSModuleInfoE
                0x80006370       0x24 patches_gor1.o
                0x80006370                _Z9DoPatchesPN2gc6OSLink12OSModuleInfoE
 .text._prolog  0x80006394       0xac rel.o
                0x80006394                _prolog
 .text._epilog  0x80006440       0xac rel.o
                0x80006440                _epilog
 .text._unresolved
                0x800064ec        0x4 rel.o
                0x800064ec                _unresolved
 .text._ZN3mod7ugProbeEi
                0x800064f0      0x110 ug.o
                0x800064f0                _ZN3mod7ugProbeEi
 .text._ZN3mod6ugSendEiPKvi
                0x80006600      0x12c ug.o
                0x80006600                _ZN3mod6ugSendEiPKvi
 .text._ZN3mod6ugRecvEiPvi
                0x8000672c      0x124 ug.o
                0x8000672c                _ZN3mod6ugRecvEiPvi
 .text.strstr   0x80006850       0xf0 util.o
                0x80006850                strstr
 .text.__divdi3
                0x80006940      0x3ec C:/devkitPro/devkitPPC/bin/../lib/gcc/powerpc-eabi/13.1.0\libgcc.a(_divdi3.o)
                0x80006940                __divdi3
 *(.gnu.warning)
 *(.gnu.linkonce.t.*)
                0x80006d40                        . = ALIGN (0x20)
 *fill*         0x80006d2c       0x14 00000000

.text._ZN3mod13mario_set_posMUlPKcE_4_FUNES2_
                0x00000000       0x6c
 .text._ZN3mod13mario_set_posMUlPKcE_4_FUNES2_
                0x00000000       0x6c con_mario.o
                0x00000000                _ZN3mod13mario_set_posMUlPKcE_4_FUNES2_
                0x00000000                _ZN3mod13mario_set_posMUlPKcE_4_FUNES1_

.text._ZN3mod15perf_fake_spikeMUlPKcE_4_FUNES2_
                0x00000000       0xa8
 .text._ZN3mod15perf_fake_spikeMUlPKcE_4_FUNES2_
                0x00000000       0xa8 con_perf.o
                0x00000000                _ZN3mod15perf_fake_spikeMUlPKcE_4_FUNES1_
                0x00000000                _ZN3mod15perf_fake_spikeMUlPKcE_4_FUNES2_

.text._ZN3mod14seq_change_mapMUlPKcE_4_FUNES2_
                0x00000000       0xf0
 .text._ZN3mod14seq_change_mapMUlPKcE_4_FUNES2_
                0x00000000       0xf0 con_seq.o
                0x00000000                _ZN3mod14seq_change_mapMUlPKcE_4_FUNES2_
                0x00000000                _ZN3mod14seq_change_mapMUlPKcE_4_FUNES1_

.text._ZN3mod8con_monoMUlPNS_9ConIntVarEiE_4_FUNES2_i
                0x00000000       0x3c
 .text._ZN3mod8con_monoMUlPNS_9ConIntVarEiE_4_FUNES2_i
                0x00000000       0x3c console.o
                0x00000000                _ZN3mod8con_monoMUlPNS_9ConIntVarEiE_4_FUNES1_i
                0x00000000                _ZN3mod8con_monoMUlPNS_9ConIntVarEiE_4_FUNES2_i

.fini           0x0000003c        0x4
 *(.fini)
                0x00000040                        . = ALIGN (0x20)
 *fill*         0x0000003c        0x4 00000000
                [!provide]                        PROVIDE (__etext = .)
                [!provide]                        PROVIDE (_etext = .)
                [!provide]                        PROVIDE (etext = .)

.rodata         0x00000040     0x1a48
 *(.rodata)
 *(.rodata.*)
 .rodata._ZN3mod3owr3OWR6LZTestEv.str1.4
                0x00000040        0x7 OWR.o
 *fill*         0x00000047        0x1 
 .rodata._ZN3mod13mario_set_posMUlPKcE_4_FUNES2_.str1.4
                0x00000048        0x9 con_mario.o
 *fill*         0x00000051        0x3 
 .rodata._ZN3modL13mod_if_func22Ev.str1.4
                0x00000054       0x20 con_mario.o
 .rodata._GLOBAL__sub_I__ZN3mod13mario_set_posE.str1.4
                0x00000074       0x1f con_mario.o
 *fill*         0x00000093        0x1 
 .rodata._ZN3modL13mod_if_func46Ev.str1.4
                0x00000094       0x5e con_perf.o
 *fill*         0x000000f2        0x2 
 .rodata._ZN3mod15perf_fake_spikeMUlPKcE_4_FUNES2_.str1.4
                0x000000f4        0x4 con_perf.o
 .rodata._GLOBAL__sub_I__ZN3mod15perf_fake_spikeE.str1.4
                0x000000f8       0x1f con_perf.o
 *fill*         0x00000117        0x1 
 .rodata.cst4   0x00000118       0x10 con_perf.o
 .rodata._ZN3mod14seq_change_mapMUlPKcE_4_FUNES2_.str1.4
                0x00000128       0x20 con_seq.o
 .rodata._GLOBAL__sub_I__ZN3mod13seq_logo_skipE.str1.4
                0x00000148       0x1f con_seq.o
 *fill*         0x00000167        0x1 
 .rodata._ZN3mod13ConsoleSystem8logColorEPKcN2gc6color4E.str1.4
                0x00000168       0x83 console.o
 *fill*         0x000001eb        0x1 
 .rodata._ZN3mod7CC_findEPKc.str1.4
                0x000001ec       0x21 console.o
 *fill*         0x0000020d        0x3 
 .rodata._ZN3mod13ConsoleSystem14processCommandEPKc.str1.4
                0x00000210       0x2e console.o
 *fill*         0x0000023e        0x2 
 .rodata._ZN3mod13ConsoleSystem12updatePromptEv
                0x00000240      0x6c0 console.o
 .rodata._ZN3mod13ConsoleSystem14updateUsbGeckoEv.part.0.str1.4
                0x00000900       0x75 console.o
 *fill*         0x00000975        0x3 
 .rodata._ZN3mod13ConsoleSystem4dispEv.str1.4
                0x00000978       0x16 console.o
 *fill*         0x0000098e        0x2 
 .rodata._GLOBAL__sub_I__ZN3mod10ConCommand6sFirstE.str1.4
                0x00000990       0x8d console.o
 .rodata._ZZN3mod13ConsoleSystem4dispEvE12kPromptColor
                0x00000a1d        0x4 console.o
 *fill*         0x00000a21        0x3 
 .rodata.cst4   0x00000a24        0x8 console.o
 .rodata._ZL18korutesu_init_hook
                0x00000a2c       0x10 gor.o
 .rodata.str1.4
                0x00000a3c      0x262 gor.o
 *fill*         0x00000c9e        0x2 
 .rodata._ZL17korutesu_init_evt
                0x00000ca0       0x58 gor.o
 .rodata._ZL20suifubomb_b_talk_evt
                0x00000cf8       0xf4 gor.o
 .rodata._ZL21suifubomb_b_regl_hook
                0x00000dec       0x10 gor.o
 .rodata._ZL20suifubomb_b_regl_evt
                0x00000dfc      0x110 gor.o
 .rodata._ZL20suifubomb_a_talk_evt
                0x00000f0c      0x170 gor.o
 .rodata._ZL21suifubomb_a_regl_hook
                0x0000107c       0x10 gor.o
 .rodata._ZL20suifubomb_a_regl_evt
                0x0000108c       0x90 gor.o
 .rodata._ZL21suifubomb_a_init_hook
                0x0000111c       0x10 gor.o
 .rodata._ZL20suifubomb_a_init_evt
                0x0000112c       0xc8 gor.o
 .rodata._ZL16suifu_b_talk_evt
                0x000011f4       0xf4 gor.o
 .rodata._ZL17suifu_b_init_hook
                0x000012e8       0x10 gor.o
 .rodata._ZL16suifu_b_init_evt
                0x000012f8       0xc8 gor.o
 .rodata._ZL16suifu_a_talk_evt
                0x000013c0       0xf4 gor.o
 .rodata._ZL19odoodo_ani_talk_evt
                0x000014b4       0x20 gor.o
 .rodata._ZL15odoodo_talk_evt
                0x000014d4       0xfc gor.o
 .rodata._ZL16odoodo_regl_hook
                0x000015d0       0x10 gor.o
 .rodata._ZL15odoodo_regl_evt
                0x000015e0       0x90 gor.o
 .rodata._ZL15odoodo_init_evt
                0x00001670       0xb8 gor.o
 .rodata._ZL17garawaru_talk_evt
                0x00001728       0xb8 gor.o
 .rodata._ZL18garawaru_regl_hook
                0x000017e0       0x10 gor.o
 .rodata._ZL17garawaru_regl_evt
                0x000017f0      0x110 gor.o
 .rodata._ZL18garawaru_init_hook
                0x00001900       0x10 gor.o
 .rodata._ZL17garawaru_init_evt
                0x00001910      0x140 gor.o
 .rodata.cst4   0x00001a50        0x4 mod.o
 .rodata.str1.4
                0x00001a54        0x8 patches_gor1.o
 .rodata._ZL11gor_01_init
                0x00001a5c       0x2c patches_gor1.o
 *(.gnu.linkonce.r.*)

.rodata1
 *(.rodata1)

.sdata2         0x00001a88        0x0
                [!provide]                        PROVIDE (_SDA2_BASE_ = .)
 *(.sdata2)
 *(.sdata2.*)
 *(.gnu.linkonce.s2.*)

.sbss2
 *(.sbss2)
 *(.sbss2.*)
 *(.gnu.linkonce.sb2.*)
                0x00001a88                        . = ALIGN (0x4)
                [!provide]                        PROVIDE (__preinit_array_start = .)

.preinit_array
 *(.preinit_array)
                [!provide]                        PROVIDE (__preinit_array_end = .)
                [!provide]                        PROVIDE (__init_array_start = .)

.init_array
 *(.init_array)
                [!provide]                        PROVIDE (__init_array_end = .)
                [!provide]                        PROVIDE (__fini_array_start = .)

.fini_array
 *(.fini_array)
                [!provide]                        PROVIDE (__fini_array_end = .)

.data           0x00001a88       0x18
 *(.data)
 *(.data.*)
 .data.GSWF_ARR_SIZE
                0x00001a88        0x2 OWR.o
                0x00001a88                GSWF_ARR_SIZE
 *fill*         0x00001a8a        0x2 
 .data.GSWF_ARR
                0x00001a8c       0x10 OWR.o
                0x00001a8c                GSWF_ARR
 .data._ZN3mod6common12kItemDataArrE
                0x00001a9c        0x4 common.o
                0x00001a9c                _ZN3mod6common12kItemDataArrE
 *(.gnu.linkonce.d.*)
                0x00001aa0                        . = ALIGN (0x20)

.data1
 *(.data1)

.tdata
 *(.tdata .tdata.* .gnu.linkonce.td.*)

.tbss
 *(.tbss .tbss.* .gnu.linkonce.tb.*)
 *(.tcommon)

.eh_frame       0x00001aa0      0xb34
 *(.eh_frame)
 .eh_frame      0x00001aa0       0xf4 OWR.o
                                0x1e4 (size before relaxing)
 .eh_frame      0x00001b94        0x0 common.o
                                 0xc8 (size before relaxing)
 .eh_frame      0x00001b94       0x70 con_mario.o
 .eh_frame      0x00001c04       0x84 con_perf.o
 .eh_frame      0x00001c88       0xac con_seq.o
 .eh_frame      0x00001d34      0x454 console.o
                                0x4e8 (size before relaxing)
 .eh_frame      0x00002188       0x3c cxx.o
                                 0x64 (size before relaxing)
 .eh_frame      0x000021c4       0x58 gor.o
 .eh_frame      0x0000221c       0x84 keyboard.o
                                0x110 (size before relaxing)
 .eh_frame      0x000022a0       0xb8 mod.o
                                0x120 (size before relaxing)
 .eh_frame      0x00002358       0x90 patch.o
                                0x1cc (size before relaxing)
 .eh_frame      0x000023e8       0x28 patches_gor1.o
 .eh_frame      0x00002410       0x90 rel.o
 .eh_frame      0x000024a0       0xbc ug.o
 .eh_frame      0x0000255c       0x3c util.o
 .eh_frame      0x00002598       0x3c C:/devkitPro/devkitPPC/bin/../lib/gcc/powerpc-eabi/13.1.0\libgcc.a(_divdi3.o)

.gcc_except_table
 *(.gcc_except_table)

.fixup
 *(.fixup)

.got1
 *(.got1)

.got2
 *(.got2)

.dynamic
 *(.dynamic)

.ctors          0x000025d4       0x2c
 *crtbegin.o(.ctors)
 *(EXCLUDE_FILE(*crtend.o) .ctors)
 .ctors         0x000025d4        0x4 OWR.o
 .ctors         0x000025d8        0x4 con_mario.o
 .ctors         0x000025dc        0x4 con_perf.o
 .ctors         0x000025e0        0x4 con_seq.o
 .ctors         0x000025e4        0x4 console.o
 *(SORT_BY_NAME(.ctors.*))
 *(.ctors)
                0x00002600                        . = ALIGN (0x20)
 *fill*         0x000025e8       0x18 

.dtors          0x00002600        0x0
 *crtbegin.o(.dtors)
 *(EXCLUDE_FILE(*crtend.o) .dtors)
 *(SORT_BY_NAME(.dtors.*))
 *(.dtors)
                0x00002600                        . = ALIGN (0x20)

.jcr
 *(.jcr)

.got
 *(.got.plt)
 *(.got)

.sdata          0x00002600        0x0
                [!provide]                        PROVIDE (_SDA_BASE_ = .)
 *(.sdata)
 *(.sdata.*)
 *(.gnu.linkonce.s.*)
                0x00002600                        . = ALIGN (0x20)
                0x00002600                        _edata = .
                [!provide]                        PROVIDE (edata = .)

.sbss           0x00002600        0x0
                0x00002600                        __sbss_start = .
                [!provide]                        PROVIDE (__sbss_start = .)
                [!provide]                        PROVIDE (___sbss_start = .)
 *(.dynsbss)
 *(.sbss)
 *(.sbss.*)
 *(.gnu.linkonce.sb.*)
 *(.scommon)
                [!provide]                        PROVIDE (__sbss_end = .)
                [!provide]                        PROVIDE (___sbss_end = .)
                0x00002600                        . = ALIGN (0x20)
                0x00002600                        __sbss_end = .

.bss            0x00002600      0x140
                0x00002600                        __bss_start = .
                [!provide]                        PROVIDE (__bss_start = .)
 *(.dynbss)
 *(.bss)
 *(.bss.*)
 .bss._ZN3mod3owr25g_stg0_00_init_trampolineE
                0x00002600        0x4 OWR.o
                0x00002600                _ZN3mod3owr25g_stg0_00_init_trampolineE
 .bss._ZN3mod3owr19g_OSLink_trampolineE
                0x00002604        0x4 OWR.o
                0x00002604                _ZN3mod3owr19g_OSLink_trampolineE
 .bss._ZN3mod3owr5gSelfE
                0x00002608        0x4 OWR.o
                0x00002608                _ZN3mod3owr5gSelfE
 .bss._ZN3mod3owr7item_dbE
                0x0000260c        0x4 OWR.o
                0x0000260c                _ZN3mod3owr7item_dbE
 .bss._ZN3modL12mod_if_obj22E
                0x00002610        0x8 con_mario.o
 .bss._ZN3mod14mario_show_posE
                0x00002618       0x10 con_mario.o
                0x00002618                _ZN3mod14mario_show_posE
 .bss._ZN3mod13mario_set_posE
                0x00002628        0xc con_mario.o
                0x00002628                _ZN3mod13mario_set_posE
 .bss._ZN3modL12mod_if_obj46E
                0x00002634        0x8 con_perf.o
 .bss._ZN3mod14mem_debug_heapE
                0x0000263c       0x10 con_perf.o
                0x0000263c                _ZN3mod14mem_debug_heapE
 .bss._ZN3mod15perf_fake_spikeE
                0x0000264c        0xc con_perf.o
                0x0000264c                _ZN3mod15perf_fake_spikeE
 .bss._ZN3mod14seq_change_mapE
                0x00002658        0xc con_seq.o
                0x00002658                _ZN3mod14seq_change_mapE
 .bss._ZN3modL12mod_if_obj16E
                0x00002664        0x8 con_seq.o
 .bss._ZN3mod24gTrampoline_seq_logoMainE
                0x0000266c        0x4 con_seq.o
                0x0000266c                _ZN3mod24gTrampoline_seq_logoMainE
 .bss._ZN3mod13seq_logo_skipE
                0x00002670       0x10 con_seq.o
                0x00002670                _ZN3mod13seq_logo_skipE
 .bss._ZN3mod4findE
                0x00002680        0xc console.o
                0x00002680                _ZN3mod4findE
 .bss._ZN3mod11con_ug_chanE
                0x0000268c       0x10 console.o
                0x0000268c                _ZN3mod11con_ug_chanE
 .bss._ZN3mod11con_ug_modeE
                0x0000269c       0x10 console.o
                0x0000269c                _ZN3mod11con_ug_modeE
 .bss._ZN3mod21con_log_fade_durationE
                0x000026ac       0x10 console.o
                0x000026ac                _ZN3mod21con_log_fade_durationE
 .bss._ZN3mod18con_log_fade_startE
                0x000026bc       0x10 console.o
                0x000026bc                _ZN3mod18con_log_fade_startE
 .bss._ZN3mod12con_log_fadeE
                0x000026cc       0x10 console.o
                0x000026cc                _ZN3mod12con_log_fadeE
 .bss._ZN3mod13con_log_levelE
                0x000026dc       0x10 console.o
                0x000026dc                _ZN3mod13con_log_levelE
 .bss._ZN3mod11con_rainbowE
                0x000026ec       0x10 console.o
                0x000026ec                _ZN3mod11con_rainbowE
 .bss._ZN3mod8con_monoE
                0x000026fc       0x10 console.o
                0x000026fc                _ZN3mod8con_monoE
 .bss._ZN3mod8con_showE
                0x0000270c       0x10 console.o
                0x0000270c                _ZN3mod8con_showE
 .bss._ZN3mod8gConsoleE
                0x0000271c        0x4 console.o
                0x0000271c                _ZN3mod8gConsoleE
 .bss._ZN3mod9ConIntVar6sFirstE
                0x00002720        0x4 console.o
                0x00002720                _ZN3mod9ConIntVar6sFirstE
 .bss._ZN3mod10ConCommand6sFirstE
                0x00002724        0x4 console.o
                0x00002724                _ZN3mod10ConCommand6sFirstE
 .bss._ZN3mod4gModE
                0x00002728        0x4 mod.o
                0x00002728                _ZN3mod4gModE
 .bss._ZN17ModUpdateFunction6sFirstE
                0x0000272c        0x4 mod.o
                0x0000272c                _ZN17ModUpdateFunction6sFirstE
 .bss._ZN15ModInitFunction6sFirstE
                0x00002730        0x4 mod.o
                0x00002730                _ZN15ModInitFunction6sFirstE
 *(.gnu.linkonce.b.*)
 *(COMMON)
                0x00002740                        . = ALIGN (0x20)
 *fill*         0x00002734        0xc 
                [!provide]                        PROVIDE (__bss_end = .)
                0x00002740                        __bss_end = .
                0x00002740                        _end = .
                [!provide]                        PROVIDE (end = .)

.bss._ZZNK3mod14seq_change_mapMUlPKcE_clES2_E8beroName
                0x00000000       0x20
 .bss._ZZNK3mod14seq_change_mapMUlPKcE_clES2_E8beroName
                0x00000000       0x20 con_seq.o
                0x00000000                _ZZNK3mod14seq_change_mapMUlPKcE_clES1_E8beroName
                0x00000000                _ZZNK3mod14seq_change_mapMUlPKcE_clES2_E8beroName

.bss._ZZNK3mod14seq_change_mapMUlPKcE_clES2_E7mapName
                0x00000000       0x20
 .bss._ZZNK3mod14seq_change_mapMUlPKcE_clES2_E7mapName
                0x00000000       0x20 con_seq.o
                0x00000000                _ZZNK3mod14seq_change_mapMUlPKcE_clES2_E7mapName
                0x00000000                _ZZNK3mod14seq_change_mapMUlPKcE_clES1_E7mapName

.stab
 *(.stab)

.stabstr
 *(.stabstr)

.stab.excl
 *(.stab.excl)

.stab.exclstr
 *(.stab.exclstr)

.stab.index
 *(.stab.index)

.stab.indexstr
 *(.stab.indexstr)

.comment        0x00000000      0x240
 *(.comment)
 .comment       0x00000000       0x24 OWR.o
 .comment       0x00000024       0x24 common.o
 .comment       0x00000048       0x24 con_mario.o
 .comment       0x0000006c       0x24 con_perf.o
 .comment       0x00000090       0x24 con_seq.o
 .comment       0x000000b4       0x24 console.o
 .comment       0x000000d8       0x24 cxx.o
 .comment       0x000000fc       0x24 gor.o
 .comment       0x00000120       0x24 keyboard.o
 .comment       0x00000144       0x24 mod.o
 .comment       0x00000168       0x24 patch.o
 .comment       0x0000018c       0x24 patches_gor1.o
 .comment       0x000001b0       0x24 rel.o
 .comment       0x000001d4       0x24 ug.o
 .comment       0x000001f8       0x24 util.o
 .comment       0x0000021c       0x24 C:/devkitPro/devkitPPC/bin/../lib/gcc/powerpc-eabi/13.1.0\libgcc.a(_divdi3.o)

.gnu.attributes
                0x00000000       0x10
 .gnu.attributes
                0x00000000       0x10 OWR.o
 .gnu.attributes
                0x00000010       0x10 common.o
 .gnu.attributes
                0x00000020       0x10 con_mario.o
 .gnu.attributes
                0x00000030       0x10 con_perf.o
 .gnu.attributes
                0x00000040       0x10 console.o
 .gnu.attributes
                0x00000050       0x10 mod.o

.group          0x00000000        0xc
 .group         0x00000000        0xc con_mario.o

.group          0x00000000        0xc
 .group         0x00000000        0xc con_perf.o

.group          0x00000000        0xc
 .group         0x00000000        0xc con_seq.o

.group          0x00000000        0x8
 .group         0x00000000        0x8 con_seq.o

.group          0x00000000        0x8
 .group         0x00000000        0x8 con_seq.o

.group          0x00000000        0xc
 .group         0x00000000        0xc console.o

.debug
 *(.debug)

.line
 *(.line)

.debug_srcinfo
 *(.debug_srcinfo)

.debug_sfnames
 *(.debug_sfnames)

.debug_aranges  0x00000000      0x430
 *(.debug_aranges)
 .debug_aranges
                0x00000000       0x80 OWR.o
 .debug_aranges
                0x00000080       0x60 common.o
 .debug_aranges
                0x000000e0       0x30 con_mario.o
 .debug_aranges
                0x00000110       0x30 con_perf.o
 .debug_aranges
                0x00000140       0x38 con_seq.o
 .debug_aranges
                0x00000178       0xb0 console.o
 .debug_aranges
                0x00000228       0x38 cxx.o
 .debug_aranges
                0x00000260       0x20 gor.o
 .debug_aranges
                0x00000280       0x40 keyboard.o
 .debug_aranges
                0x000002c0       0x58 mod.o
 .debug_aranges
                0x00000318       0x78 patch.o
 .debug_aranges
                0x00000390       0x20 patches_gor1.o
 .debug_aranges
                0x000003b0       0x30 rel.o
 .debug_aranges
                0x000003e0       0x30 ug.o
 .debug_aranges
                0x00000410       0x20 util.o

.debug_pubnames
 *(.debug_pubnames)

.debug_info     0x00000000    0x1818f
 *(.debug_info)
 .debug_info    0x00000000     0x33c9 OWR.o
 .debug_info    0x000033c9      0xf16 common.o
 .debug_info    0x000042df     0x2576 con_mario.o
 .debug_info    0x00006855     0x20ea con_perf.o
 .debug_info    0x0000893f     0x21f8 con_seq.o
 .debug_info    0x0000ab37     0x3e13 console.o
 .debug_info    0x0000e94a      0x394 cxx.o
 .debug_info    0x0000ecde     0x19bb gor.o
 .debug_info    0x00010699      0xfaf keyboard.o
 .debug_info    0x00011648     0x32f9 mod.o
 .debug_info    0x00014941     0x15c5 patch.o
 .debug_info    0x00015f06     0x122e patches_gor1.o
 .debug_info    0x00017134       0xf3 rel.o
 .debug_info    0x00017227      0x8d5 ug.o
 .debug_info    0x00017afc      0x693 util.o

.debug_abbrev   0x00000000     0x3dbf
 *(.debug_abbrev)
 .debug_abbrev  0x00000000      0x78c OWR.o
 .debug_abbrev  0x0000078c      0x21a common.o
 .debug_abbrev  0x000009a6      0x5ff con_mario.o
 .debug_abbrev  0x00000fa5      0x620 con_perf.o
 .debug_abbrev  0x000015c5      0x667 con_seq.o
 .debug_abbrev  0x00001c2c      0x991 console.o
 .debug_abbrev  0x000025bd      0x170 cxx.o
 .debug_abbrev  0x0000272d      0x26f gor.o
 .debug_abbrev  0x0000299c      0x36e keyboard.o
 .debug_abbrev  0x00002d0a      0x78b mod.o
 .debug_abbrev  0x00003495      0x2bd patch.o
 .debug_abbrev  0x00003752      0x225 patches_gor1.o
 .debug_abbrev  0x00003977       0xeb rel.o
 .debug_abbrev  0x00003a62      0x230 ug.o
 .debug_abbrev  0x00003c92      0x12d util.o

.debug_line     0x00000000     0x711f
 *(.debug_line)
 .debug_line    0x00000000      0xc41 OWR.o
 .debug_line    0x00000c41      0x39d common.o
 .debug_line    0x00000fde      0x4ce con_mario.o
 .debug_line    0x000014ac      0x5e4 con_perf.o
 .debug_line    0x00001a90      0x59e con_seq.o
 .debug_line    0x0000202e     0x1f5f console.o
 .debug_line    0x00003f8d      0x1c9 cxx.o
 .debug_line    0x00004156      0x7ee gor.o
 .debug_line    0x00004944      0xcb4 keyboard.o
 .debug_line    0x000055f8      0x732 mod.o
 .debug_line    0x00005d2a      0x80c patch.o
 .debug_line    0x00006536      0x24a patches_gor1.o
 .debug_line    0x00006780      0x226 rel.o
 .debug_line    0x000069a6      0x4ad ug.o
 .debug_line    0x00006e53      0x2cc util.o

.debug_frame
 *(.debug_frame)

.debug_str      0x00000000    0x122a2
 *(.debug_str)
 .debug_str     0x00000000     0x2873 OWR.o
 .debug_str     0x00002873     0x13e4 common.o
 .debug_str     0x00003c57     0x1a59 con_mario.o
 .debug_str     0x000056b0     0x160e con_perf.o
 .debug_str     0x00006cbe     0x17a6 con_seq.o
 .debug_str     0x00008464     0x19f9 console.o
 .debug_str     0x00009e5d      0x34e cxx.o
 .debug_str     0x0000a1ab     0x2142 gor.o
 .debug_str     0x0000c2ed      0x955 keyboard.o
 .debug_str     0x0000cc42     0x2d04 mod.o
 .debug_str     0x0000f946      0x6eb patch.o
 .debug_str     0x00010031     0x195a patches_gor1.o
 .debug_str     0x0001198b      0x191 rel.o
 .debug_str     0x00011b1c      0x39b ug.o
 .debug_str     0x00011eb7      0x3eb util.o

.debug_loc
 *(.debug_loc)

.debug_macinfo
 *(.debug_macinfo)

.debug_weaknames
 *(.debug_weaknames)

.debug_funcnames
 *(.debug_funcnames)

.debug_typenames
 *(.debug_typenames)

.debug_varnames
 *(.debug_varnames)
                0x00000000                        __isIPL = 0x0
                0x00022740                        __stack_addr = ((((__bss_start + SIZEOF (.bss)) + 0x20000) + 0x7) & 0xfffffffffffffff8)
                0x00002740                        __stack_end = (__bss_start + SIZEOF (.bss))
                0x00026740                        __intrstack_addr = (__stack_addr + 0x4000)
                0x00022740                        __intrstack_end = __stack_addr
                0x00026740                        __Arena1Lo = ((__intrstack_addr + 0x1f) & 0xffffffffffffffe0)
                0x817feff0                        __Arena1Hi = 0x817feff0
                0x817ff000                        __gxregs = ((__Arena1Hi + 0x1f) & 0xffffffffffffffe0)
                [!provide]                        PROVIDE (__stack = 0x817feff0)
                [!provide]                        PROVIDE (__isIPL = __isIPL)
                [!provide]                        PROVIDE (__stack_addr = __stack_addr)
                [!provide]                        PROVIDE (__stack_end = __stack_end)
                [!provide]                        PROVIDE (__intrstack_addr = __intrstack_addr)
                [!provide]                        PROVIDE (__intrstack_end = __intrstack_end)
                [!provide]                        PROVIDE (__Arena1Lo = __Arena1Lo)
                [!provide]                        PROVIDE (__Arena1Hi = __Arena1Hi)
                [!provide]                        PROVIDE (__gxregs = __gxregs)
LOAD H:/GhidraProjects/TTYDAP/TTYDAP/rel/source/cxx.ld
                0x000025d4                        _ctors_start = ADDR (.ctors)
                0x00002600                        _ctors_end = (_ctors_start + SIZEOF (.ctors))
                0x00002600                        _dtors_start = ADDR (.dtors)
                0x00002600                        _dtors_end = (_dtors_start + SIZEOF (.dtors))
LOAD OWR.o
LOAD common.o
LOAD con_mario.o
LOAD con_perf.o
LOAD con_seq.o
LOAD console.o
LOAD cxx.o
LOAD gor.o
LOAD keyboard.o
LOAD mod.o
LOAD patch.o
LOAD patches_gor1.o
LOAD rel.o
LOAD ug.o
LOAD util.o
LOAD patch_ih.o
LOAD C:/devkitPro/devkitPPC/bin/../lib/gcc/powerpc-eabi/13.1.0\libgcc.a
OUTPUT(H:/GhidraProjects/TTYDAP/TTYDAP/rel/rel.jp.elf elf32-powerpc)

.debug_loclists
                0x00000000     0x4644
 .debug_loclists
                0x00000000      0x914 OWR.o
 .debug_loclists
                0x00000914      0x151 common.o
 .debug_loclists
                0x00000a65       0xa9 con_mario.o
 .debug_loclists
                0x00000b0e      0x2eb con_perf.o
 .debug_loclists
                0x00000df9       0xf8 con_seq.o
 .debug_loclists
                0x00000ef1     0x1cd1 console.o
 .debug_loclists
                0x00002bc2       0x54 cxx.o
 .debug_loclists
                0x00002c16       0x2a gor.o
 .debug_loclists
                0x00002c40      0x886 keyboard.o
 .debug_loclists
                0x000034c6      0x154 mod.o
 .debug_loclists
                0x0000361a      0xc5e patch.o
 .debug_loclists
                0x00004278       0x29 patches_gor1.o
 .debug_loclists
                0x000042a1      0x2cd ug.o
 .debug_loclists
                0x0000456e       0xd6 util.o

.debug_rnglists
                0x00000000     0x1262
 .debug_rnglists
                0x00000000      0x1b8 OWR.o
 .debug_rnglists
                0x000001b8       0x43 common.o
 .debug_rnglists
                0x000001fb       0x95 con_mario.o
 .debug_rnglists
                0x00000290       0xb4 con_perf.o
 .debug_rnglists
                0x00000344       0xc4 con_seq.o
 .debug_rnglists
                0x00000408      0x71c console.o
 .debug_rnglists
                0x00000b24       0x25 cxx.o
 .debug_rnglists
                0x00000b49       0x14 gor.o
 .debug_rnglists
                0x00000b5d      0x315 keyboard.o
 .debug_rnglists
                0x00000e72       0xc5 mod.o
 .debug_rnglists
                0x00000f37      0x23d patch.o
 .debug_rnglists
                0x00001174       0x13 patches_gor1.o
 .debug_rnglists
                0x00001187       0x47 rel.o
 .debug_rnglists
                0x000011ce       0x73 ug.o
 .debug_rnglists
                0x00001241       0x21 util.o
