Archive member included to satisfy reference by file (symbol)

C:/devkitPro/devkitPPC/bin/../lib/gcc/powerpc-eabi/13.1.0\libgcc.a(_divdi3.o)
                              console.o (__divdi3)

Discarded input sections

 .text          0x00000000        0x0 OWR.o
 .data          0x00000000        0x0 OWR.o
 .bss           0x00000000        0x0 OWR.o
 .text._Z13strcpy_StringPcPKc
                0x00000000        0x4 OWR.o
 .text._ZN3mod3owr3OWR12SequenceInitEv
                0x00000000       0xe4 OWR.o
 .text._ZN3mod3owr3OWR6LZTestEv
                0x00000000       0x48 OWR.o
 .text._ZN3mod3owr3OWR11NewFileInitEv
                0x00000000        0x4 OWR.o
 .text._ZN3mod3owr3OWR14OnModuleLoadedEPN2gc6OSLink12OSModuleInfoE
                0x00000000       0xe0 OWR.o
 .text._ZN3mod3owr3OWR10DrawStringEPKciijf
                0x00000000       0xb0 OWR.o
 .bss._ZN3mod3owr22g_itemEntry_trampolineE
                0x00000000        0x4 OWR.o
 .rodata.cst4   0x00000000        0x4 OWR.o
 .text          0x00000000        0x0 common.o
 .data          0x00000000        0x0 common.o
 .bss           0x00000000        0x0 common.o
 .text._ZN3mod6common14GetCurrentAreaEv
                0x00000000       0x1c common.o
 .text._ZN3mod6common13GetCurrentMapEv
                0x00000000       0x1c common.o
 .text._ZN3mod6common11GetFilenameEv
                0x00000000       0x1c common.o
 .text._ZN3mod6common16GetStorySequenceEv
                0x00000000       0x24 common.o
 .text._ZN3mod6common14GetPitSequenceEv
                0x00000000       0x2c common.o
 .text._ZN3mod6common17GetSavedFlagValueEi
                0x00000000       0x44 common.o
 .text._ZN3mod6common21HasKeyItemInInventoryEs
                0x00000000       0x60 common.o
 .text._ZN3mod6common25GetBattleWindowDataOffsetEv
                0x00000000       0x1c common.o
 .text._ZN3mod6common21GetStatusWindowHeightEv
                0x00000000       0x28 common.o
 .data._ZN3mod6common29kUnknownStatusWindowStructPtrE
                0x00000000        0x4 common.o
 .data._ZN3mod6common10kBattlePtrE
                0x00000000        0x4 common.o
 .data._ZN3mod6common9kPouchPtrE
                0x00000000        0x4 common.o
 .data._ZN3mod6common12kSaveDataPtrE
                0x00000000        0x4 common.o
 .rodata._ZN3mod6common32kUltraHammerChestDespawnIdOffsetE
                0x00000000        0x4 common.o
 .rodata._ZN3mod6common27kObjectCollectionExprOffsetE
                0x00000000        0x4 common.o
 .rodata._ZN3mod6common27kObjectChestScriptPtrOffsetE
                0x00000000        0x4 common.o
 .rodata._ZN3mod6common33kMujModuleFlavioDesiredItemOffsetE
                0x00000000        0x4 common.o
 .rodata._ZN3mod6common36kJinModuleAtomicBooItemGswfSetOffsetE
                0x00000000        0x4 common.o
 .rodata._ZN3mod6common39kJinModuleAtomicBooItemObjectFlagOffsetE
                0x00000000        0x4 common.o
 .rodata._ZN3mod6common32kPitModuleCharlietonChanceOffsetE
                0x00000000        0x4 common.o
 .rodata._ZN3mod6common22kPitModuleNpcArrOffsetE
                0x00000000        0x4 common.o
 .rodata._ZN3mod6common23kSavedWordFlagBaseValueE
                0x00000000        0x4 common.o
 .data._ZN3mod6common20kPiantaParlorItemArrE
                0x00000000        0x4 common.o
 .data._ZN3mod6common21kPitCharlietonItemArrE
                0x00000000        0x4 common.o
 .data._ZN3mod6common12kHowzItemArrE
                0x00000000        0x4 common.o
 .data._ZN3mod6common18kCharlietonItemArrE
                0x00000000        0x4 common.o
 .data._ZN3mod6common14kDazzleItemArrE
                0x00000000        0x4 common.o
 .data._ZN3mod6common20kSuperguardFramesArrE
                0x00000000        0x4 common.o
 .data._ZN3mod6common15kGuardFramesArrE
                0x00000000        0x4 common.o
 .data._ZN3mod6common25kSuperChargePartnerParamsE
                0x00000000        0x4 common.o
 .data._ZN3mod6common18kSuperChargeParamsE
                0x00000000        0x4 common.o
 .data._ZN3mod6common19kPiercingBlowParamsE
                0x00000000        0x4 common.o
 .data._ZN3mod6common18kHammerThrowParamsE
                0x00000000        0x4 common.o
 .data._ZN3mod6common17kKoopaCurseParamsE
                0x00000000        0x4 common.o
 .data._ZN3mod6common15kTradeOffParamsE
                0x00000000        0x4 common.o
 .data._ZN3mod6common17kGulpRecoilParamsE
                0x00000000        0x4 common.o
 .data._ZN3mod6common24kUltraHammerRecoilParamsE
                0x00000000        0x4 common.o
 .data._ZN3mod6common24kSuperHammerRecoilParamsE
                0x00000000        0x4 common.o
 .data._ZN3mod6common8kNextMapE
                0x00000000        0x4 common.o
 .rodata.cst4   0x00000000        0x4 common.o
 .text          0x00000000        0x0 con_mario.o
 .data          0x00000000        0x0 con_mario.o
 .bss           0x00000000        0x0 con_mario.o
 .text          0x00000000        0x0 con_perf.o
 .data          0x00000000        0x0 con_perf.o
 .bss           0x00000000        0x0 con_perf.o
 .text          0x00000000        0x0 con_seq.o
 .data          0x00000000        0x0 con_seq.o
 .bss           0x00000000        0x0 con_seq.o
 .text          0x00000000        0x0 console.o
 .data          0x00000000        0x0 console.o
 .bss           0x00000000        0x0 console.o
 .text._ZN3mod13ConsoleSystem8logDebugEPKcz
                0x00000000       0xbc console.o
 .text._ZN3mod13ConsoleSystem12setMonospaceEb
                0x00000000       0x30 console.o
 .text._ZN3mod13ConsoleSystem8drawLineEiPKcN2gc6color4E
                0x00000000       0xd4 console.o
 .text._ZN3mod13ConsoleSystem14updateUsbGeckoEv
                0x00000000       0x14 console.o
 .text          0x00000000        0x0 cxx.o
 .data          0x00000000        0x0 cxx.o
 .bss           0x00000000        0x0 cxx.o
 .text._ZdlPv   0x00000000        0xc cxx.o
 .text._ZdaPv   0x00000000        0xc cxx.o
 .text          0x00000000        0x0 keyboard.o
 .data          0x00000000        0x0 keyboard.o
 .bss           0x00000000        0x0 keyboard.o
 .text._ZN3mod8Keyboard10setChannelEi
                0x00000000       0xc4 keyboard.o
 .text._ZN3mod8Keyboard7connectEv
                0x00000000       0x78 keyboard.o
 .text._ZN3mod8Keyboard10disconnectEv
                0x00000000       0x4c keyboard.o
 .text          0x00000000        0x0 mod.o
 .data          0x00000000        0x0 mod.o
 .bss           0x00000000        0x0 mod.o
 .text._ZN3mod3ModC2Ev
                0x00000000       0x9c mod.o
 .text._ZN3mod3Mod11updateEarlyEv
                0x00000000       0x90 mod.o
 .text._ZN3mod3Mod4drawEv
                0x00000000        0x8 mod.o
 .text          0x00000000        0x0 patch.o
 .data          0x00000000        0x0 patch.o
 .bss           0x00000000        0x0 patch.o
 .text._ZN3mod5patch21writeStandardBranchesEPvPFvvES3_
                0x00000000       0x80 patch.o
 .text._ZN3mod5patch15replaceEvtInstrEPit
                0x00000000        0x8 patch.o
 .text._ZN3mod5patch14writeEvtBranchEPiPKib
                0x00000000       0x1c patch.o
 .text._ZN3mod5patch13writeBranchBLEPvS1_
                0x00000000       0x50 patch.o
 .text._ZN3mod5patch15writeBranchMainEPvS1_j
                0x00000000       0x48 patch.o
 .text._ZN3mod5patch10writePatchEPvPKvS3_
                0x00000000       0x7c patch.o
 .text._ZN3mod5patch10writePatchEPvj
                0x00000000       0x6c patch.o
 .text._ZN3mod5patch15writeBranchPairEPvS1_S1_S1_
                0x00000000       0x88 patch.o
 .text._ZN3mod5patch15writeBranchPairEPvS1_S1_
                0x00000000       0x80 patch.o
 .text          0x00000000        0x0 rel.o
 .data          0x00000000        0x0 rel.o
 .bss           0x00000000        0x0 rel.o
 .text          0x00000000        0x0 ug.o
 .data          0x00000000        0x0 ug.o
 .bss           0x00000000        0x0 ug.o
 .text          0x00000000        0x0 util.o
 .data          0x00000000        0x0 util.o
 .bss           0x00000000        0x0 util.o
 .text          0x00000000        0x0 gor_00.o
 .data          0x00000000        0x0 gor_00.o
 .bss           0x00000000        0x0 gor_00.o
 .text          0x00000000        0x0 gor_01.o
 .data          0x00000000        0x0 gor_01.o
 .bss           0x00000000        0x0 gor_01.o
 .text          0x00000000        0x0 gor_02.o
 .data          0x00000000        0x0 gor_02.o
 .bss           0x00000000        0x0 gor_02.o
 .text          0x00000000        0x0 gor_03.o
 .data          0x00000000        0x0 gor_03.o
 .bss           0x00000000        0x0 gor_03.o
 .text          0x00000000        0x0 gor_04.o
 .data          0x00000000        0x0 gor_04.o
 .bss           0x00000000        0x0 gor_04.o
 .text._Z17ApplyGor04PatchesPN2gc6OSLink12OSModuleInfoE
                0x00000000        0x4 gor_04.o
 .text          0x00000000        0x0 gor_misc.o
 .data          0x00000000        0x0 gor_misc.o
 .bss           0x00000000        0x0 gor_misc.o
 .text._Z19ApplyGorMiscPatchesPN2gc6OSLink12OSModuleInfoE
                0x00000000       0xc8 gor_misc.o
 .text          0x00000000       0x7c patch_ih.o
 .data          0x00000000        0x0 patch_ih.o
 .bss           0x00000000        0x0 patch_ih.o
 .text          0x00000000        0x0 C:/devkitPro/devkitPPC/bin/../lib/gcc/powerpc-eabi/13.1.0\libgcc.a(_divdi3.o)
 .data          0x00000000        0x0 C:/devkitPro/devkitPPC/bin/../lib/gcc/powerpc-eabi/13.1.0\libgcc.a(_divdi3.o)
 .bss           0x00000000        0x0 C:/devkitPro/devkitPPC/bin/../lib/gcc/powerpc-eabi/13.1.0\libgcc.a(_divdi3.o)

Memory Configuration

Name             Origin             Length             Attributes
*default*        0x00000000         0xffffffff

Linker script and memory map

                0x80003100                        . = 0x80003100

.init
 *crt0.o(*.init)
 *(.init)

.plt
 *(.plt)

.interp
 *(.interp)

.hash
 *(.hash)

.dynsym
 *(.dynsym)

.dynstr
 *(.dynstr)

.gnu.version
 *(.gnu.version)

.gnu.version_d
 *(.gnu.version_d)

.gnu.version_r
 *(.gnu.version_r)

.rel.init
 *(.rel.init)

.rela.init
 *(.rela.init)

.rel.text
 *(.rel.text .rel.text.* .rel.gnu.linkonce.t.*)

.rela.text
 *(.rela.text .rela.text.* .rela.gnu.linkonce.t.*)

.rel.fini
 *(.rel.fini)

.rela.fini
 *(.rela.fini)

.rel.rodata
 *(.rel.rodata .rel.rodata.* .rel.gnu.linkonce.r.*)

.rela.rodata
 *(.rela.rodata .rela.rodata.* .rela.gnu.linkonce.r.*)

.rel.data
 *(.rel.data .rel.data.* .rel.gnu.linkonce.d.*)

.rela.data
 *(.rela.data .rela.data.* .rela.gnu.linkonce.d.*)

.rel.tdata
 *(.rel.tdata .rel.tdata.* .rel.gnu.linkonce.td.*)

.rela.tdata
 *(.rela.tdata .rela.tdata.* .rela.gnu.linkonce.td.*)

.rel.tbss
 *(.rel.tbss .rel.tbss.* .rel.gnu.linkonce.tb.*)

.rela.tbss
 *(.rela.tbss .rela.tbss.* .rela.gnu.linkonce.tb.*)

.rel.ctors
 *(.rel.ctors)

.rela.ctors
 *(.rela.ctors)

.rel.dtors
 *(.rel.dtors)

.rela.dtors
 *(.rela.dtors)

.rel.got
 *(.rel.got)

.rela.got
 *(.rela.got)

.rela.got1
 *(.rela.got1)

.rela.got2
 *(.rela.got2)

.rel.sdata
 *(.rel.sdata .rel.sdata.* .rel.gnu.linkonce.s.*)

.rela.sdata
 *(.rela.sdata .rela.sdata.* .rela.gnu.linkonce.s.*)

.rel.sbss
 *(.rel.sbss .rel.sbss.* .rel.gnu.linkonce.sb.*)

.rela.sbss
 *(.rela.sbss .rela.sbss.* .rel.gnu.linkonce.sb.*)

.rel.sdata2
 *(.rel.sdata2 .rel.sdata2.* .rel.gnu.linkonce.s2.*)

.rela.sdata2
 *(.rela.sdata2 .rela.sdata2.* .rela.gnu.linkonce.s2.*)

.rel.sbss2
 *(.rel.sbss2 .rel.sbss2.* .rel.gnu.linkonce.sb2.*)

.rela.sbss2
 *(.rela.sbss2 .rela.sbss2.* .rela.gnu.linkonce.sb2.*)

.rel.bss
 *(.rel.bss .rel.bss.* .rel.gnu.linkonce.b.*)

.rela.bss
 *(.rela.bss .rela.bss.* .rela.gnu.linkonce.b.*)

.rel.plt
 *(.rel.plt)

.rela.plt
 *(.rela.plt)

.text           0x80003100     0x4ac0
 *(.text)
 *(.text.*)
 .text._ZZN3mod3owr3OWR4InitEvENUlvE_4_FUNEv
                0x80003100       0x10 OWR.o
 .text._ZZN3mod3owr3OWR4InitEvENUlPN2gc6OSLink12OSModuleInfoEPvE_4_FUNES5_S6_
                0x80003110      0x104 OWR.o
 .text._ZN3mod3owr3OWRC2Ev
                0x80003214        0x4 OWR.o
                0x80003214                _ZN3mod3owr3OWRC1Ev
                0x80003214                _ZN3mod3owr3OWRC2Ev
 .text._ZN3mod3owr3OWR4InitEv
                0x80003218      0x144 OWR.o
                0x80003218                _ZN3mod3owr3OWR4InitEv
 .text._ZN3mod3owr3OWR6UpdateEv
                0x8000335c      0x110 OWR.o
                0x8000335c                _ZN3mod3owr3OWR6UpdateEv
 .text._ZN3mod3owr3OWR4DrawEv
                0x8000346c        0x4 OWR.o
                0x8000346c                _ZN3mod3owr3OWR4DrawEv
 .text.startup._GLOBAL__sub_I__Z13strcpy_StringPcPKc
                0x80003470       0x14 OWR.o
 .text._ZN3modL13mod_if_func22Ev
                0x80003484       0x54 con_mario.o
 .text.startup._GLOBAL__sub_I__ZN3mod13mario_set_posE
                0x800034d8       0x88 con_mario.o
 .text._ZN3modL13mod_if_func46Ev
                0x80003560      0x19c con_perf.o
 .text.startup._GLOBAL__sub_I__ZN3mod15perf_fake_spikeE
                0x800036fc       0x8c con_perf.o
 .text._ZZN3modL13mod_if_func16EvENUlPN4ttyd6seqdrv7SeqInfoEE_4_FUNES3_
                0x80003788       0x44 con_seq.o
 .text._ZN3modL13mod_if_func16Ev
                0x800037cc       0x74 con_seq.o
 .text.startup._GLOBAL__sub_I__ZN3mod13seq_logo_skipE
                0x80003840       0x8c con_seq.o
 .text._ZN3mod13ConsoleSystem4initEv
                0x800038cc       0x38 console.o
                0x800038cc                _ZN3mod13ConsoleSystem4initEv
 .text._ZN3mod13ConsoleSystem8logColorEPKcN2gc6color4E
                0x80003904      0x2a8 console.o
                0x80003904                _ZN3mod13ConsoleSystem8logColorEPKcN2gc6color4E
 .text._ZN3mod13ConsoleSystem7logInfoEPKcz
                0x80003bac       0xb8 console.o
                0x80003bac                _ZN3mod13ConsoleSystem7logInfoEPKcz
 .text._ZN3mod7CC_findEPKc
                0x80003c64      0x12c console.o
                0x80003c64                _ZN3mod7CC_findEPKc
 .text._ZN3mod13ConsoleSystem10logWarningEPKcz
                0x80003d90       0xbc console.o
                0x80003d90                _ZN3mod13ConsoleSystem10logWarningEPKcz
 .text._ZN3mod13ConsoleSystem8logErrorEPKcz
                0x80003e4c       0xbc console.o
                0x80003e4c                _ZN3mod13ConsoleSystem8logErrorEPKcz
 .text._ZN3mod13ConsoleSystem7overlayEPKcz
                0x80003f08       0xd0 console.o
                0x80003f08                _ZN3mod13ConsoleSystem7overlayEPKcz
 .text._ZN3mod13ConsoleSystem14processCommandEPKc
                0x80003fd8      0x288 console.o
                0x80003fd8                _ZN3mod13ConsoleSystem14processCommandEPKc
 .text._ZN3mod13ConsoleSystem12updatePromptEv
                0x80004260      0x974 console.o
                0x80004260                _ZN3mod13ConsoleSystem12updatePromptEv
 .text._ZN3mod13ConsoleSystem14updateUsbGeckoEv.part.0
                0x80004bd4      0x19c console.o
 .text._ZN3mod13ConsoleSystem6updateEv
                0x80004d70       0x70 console.o
                0x80004d70                _ZN3mod13ConsoleSystem6updateEv
 .text._ZN3mod13ConsoleSystem4dispEv
                0x80004de0      0x534 console.o
                0x80004de0                _ZN3mod13ConsoleSystem4dispEv
 .text._ZZN3mod13ConsoleSystem6updateEvENUlN4ttyd7dispdrv8CameraIdEPvE_4_FUNES3_S4_
                0x80005314        0x8 console.o
 .text.startup._GLOBAL__sub_I__ZN3mod10ConCommand6sFirstE
                0x8000531c      0x1ac console.o
 .text._Znwj    0x800054c8        0xc cxx.o
                0x800054c8                _Znwj
 .text._Znaj    0x800054d4        0xc cxx.o
                0x800054d4                _Znaj
 .text._ZN3mod8KeyboardC2Ei
                0x800054e0       0x84 keyboard.o
                0x800054e0                _ZN3mod8KeyboardC2Ei
                0x800054e0                _ZN3mod8KeyboardC1Ei
 .text._ZN3mod8Keyboard6updateEv
                0x80005564      0x59c keyboard.o
                0x80005564                _ZN3mod8Keyboard6updateEv
 .text._ZZN3mod3Mod4initEvENUlvE0_4_FUNEv
                0x80005b00        0x4 mod.o
 .text._ZZN3mod3Mod11updateEarlyEvENUlN4ttyd7dispdrv8CameraIdEPvE_4_FUNES3_S4_
                0x80005b04        0x8 mod.o
 .text._ZZN3mod3Mod4initEvENUlvE_4_FUNEv
                0x80005b0c       0x94 mod.o
 .text._ZN3mod3Mod4initEv
                0x80005ba0       0xfc mod.o
                0x80005ba0                _ZN3mod3Mod4initEv
 .text.startup._ZN3mod4mainEv
                0x80005c9c       0xa8 mod.o
                0x80005c9c                _ZN3mod4mainEv
 .text._ZN3mod5patch17clear_DC_IC_CacheEPvj
                0x80005d44       0x40 patch.o
                0x80005d44                _ZN3mod5patch17clear_DC_IC_CacheEPvj
 .text._ZN3mod5patch11writeBranchEPvS1_
                0x80005d84       0x4c patch.o
                0x80005d84                _ZN3mod5patch11writeBranchEPvS1_
 .text._ZN3mod5patch10writePatchEPvPKvj
                0x80005dd0       0x7c patch.o
                0x80005dd0                _ZN3mod5patch10writePatchEPvPKvj
 .text._prolog  0x80005e4c       0xac rel.o
                0x80005e4c                _prolog
 .text._epilog  0x80005ef8       0xac rel.o
                0x80005ef8                _epilog
 .text._unresolved
                0x80005fa4        0x4 rel.o
                0x80005fa4                _unresolved
 .text._ZN3mod7ugProbeEi
                0x80005fa8      0x110 ug.o
                0x80005fa8                _ZN3mod7ugProbeEi
 .text._ZN3mod6ugSendEiPKvi
                0x800060b8      0x12c ug.o
                0x800060b8                _ZN3mod6ugSendEiPKvi
 .text._ZN3mod6ugRecvEiPvi
                0x800061e4      0x124 ug.o
                0x800061e4                _ZN3mod6ugRecvEiPvi
 .text.strstr   0x80006308       0xf0 util.o
                0x80006308                strstr
 .text._Z17ApplyGor00PatchesPN2gc6OSLink12OSModuleInfoE
                0x800063f8      0x5fc gor_00.o
                0x800063f8                _Z17ApplyGor00PatchesPN2gc6OSLink12OSModuleInfoE
 .text.startup._GLOBAL__sub_I__Z17ApplyGor00PatchesPN2gc6OSLink12OSModuleInfoE
                0x800069f4       0x1c gor_00.o
 .text._Z17ApplyGor01PatchesPN2gc6OSLink12OSModuleInfoE
                0x80006a10      0x420 gor_01.o
                0x80006a10                _Z17ApplyGor01PatchesPN2gc6OSLink12OSModuleInfoE
 .text._Z17ApplyGor02PatchesPN2gc6OSLink12OSModuleInfoE
                0x80006e30      0x4c8 gor_02.o
                0x80006e30                _Z17ApplyGor02PatchesPN2gc6OSLink12OSModuleInfoE
 .text._Z17ApplyGor03PatchesPN2gc6OSLink12OSModuleInfoE
                0x800072f8      0x4d4 gor_03.o
                0x800072f8                _Z17ApplyGor03PatchesPN2gc6OSLink12OSModuleInfoE
 .text.__divdi3
                0x800077cc      0x3ec C:/devkitPro/devkitPPC/bin/../lib/gcc/powerpc-eabi/13.1.0\libgcc.a(_divdi3.o)
                0x800077cc                __divdi3
 *(.gnu.warning)
 *(.gnu.linkonce.t.*)
                0x80007bc0                        . = ALIGN (0x20)
 *fill*         0x80007bb8        0x8 00000000

.text._ZN3mod13mario_set_posMUlPKcE_4_FUNES2_
                0x00000000       0x6c
 .text._ZN3mod13mario_set_posMUlPKcE_4_FUNES2_
                0x00000000       0x6c con_mario.o
                0x00000000                _ZN3mod13mario_set_posMUlPKcE_4_FUNES2_
                0x00000000                _ZN3mod13mario_set_posMUlPKcE_4_FUNES1_

.text._ZN3mod15perf_fake_spikeMUlPKcE_4_FUNES2_
                0x00000000       0xa8
 .text._ZN3mod15perf_fake_spikeMUlPKcE_4_FUNES2_
                0x00000000       0xa8 con_perf.o
                0x00000000                _ZN3mod15perf_fake_spikeMUlPKcE_4_FUNES1_
                0x00000000                _ZN3mod15perf_fake_spikeMUlPKcE_4_FUNES2_

.text._ZN3mod14seq_change_mapMUlPKcE_4_FUNES2_
                0x00000000       0xf0
 .text._ZN3mod14seq_change_mapMUlPKcE_4_FUNES2_
                0x00000000       0xf0 con_seq.o
                0x00000000                _ZN3mod14seq_change_mapMUlPKcE_4_FUNES2_
                0x00000000                _ZN3mod14seq_change_mapMUlPKcE_4_FUNES1_

.text._ZN3mod8con_monoMUlPNS_9ConIntVarEiE_4_FUNES2_i
                0x00000000       0x3c
 .text._ZN3mod8con_monoMUlPNS_9ConIntVarEiE_4_FUNES2_i
                0x00000000       0x3c console.o
                0x00000000                _ZN3mod8con_monoMUlPNS_9ConIntVarEiE_4_FUNES1_i
                0x00000000                _ZN3mod8con_monoMUlPNS_9ConIntVarEiE_4_FUNES2_i

.fini           0x0000003c        0x4
 *(.fini)
                0x00000040                        . = ALIGN (0x20)
 *fill*         0x0000003c        0x4 00000000
                [!provide]                        PROVIDE (__etext = .)
                [!provide]                        PROVIDE (_etext = .)
                [!provide]                        PROVIDE (etext = .)

.rodata         0x00000040     0x2b18
 *(.rodata)
 *(.rodata.*)
 .rodata._ZN3mod3owr3OWR6LZTestEv.str1.4
                0x00000040        0x7 OWR.o
 *fill*         0x00000047        0x1 
 .rodata._ZN3mod13mario_set_posMUlPKcE_4_FUNES2_.str1.4
                0x00000048        0x9 con_mario.o
 *fill*         0x00000051        0x3 
 .rodata._ZN3modL13mod_if_func22Ev.str1.4
                0x00000054       0x20 con_mario.o
 .rodata._GLOBAL__sub_I__ZN3mod13mario_set_posE.str1.4
                0x00000074       0x1f con_mario.o
 *fill*         0x00000093        0x1 
 .rodata._ZN3modL13mod_if_func46Ev.str1.4
                0x00000094       0x5e con_perf.o
 *fill*         0x000000f2        0x2 
 .rodata._ZN3mod15perf_fake_spikeMUlPKcE_4_FUNES2_.str1.4
                0x000000f4        0x4 con_perf.o
 .rodata._GLOBAL__sub_I__ZN3mod15perf_fake_spikeE.str1.4
                0x000000f8       0x1f con_perf.o
 *fill*         0x00000117        0x1 
 .rodata.cst4   0x00000118       0x10 con_perf.o
 .rodata._ZN3mod14seq_change_mapMUlPKcE_4_FUNES2_.str1.4
                0x00000128       0x20 con_seq.o
 .rodata._GLOBAL__sub_I__ZN3mod13seq_logo_skipE.str1.4
                0x00000148       0x1f con_seq.o
 *fill*         0x00000167        0x1 
 .rodata._ZN3mod13ConsoleSystem8logColorEPKcN2gc6color4E.str1.4
                0x00000168       0x83 console.o
 *fill*         0x000001eb        0x1 
 .rodata._ZN3mod7CC_findEPKc.str1.4
                0x000001ec       0x21 console.o
 *fill*         0x0000020d        0x3 
 .rodata._ZN3mod13ConsoleSystem14processCommandEPKc.str1.4
                0x00000210       0x2e console.o
 *fill*         0x0000023e        0x2 
 .rodata._ZN3mod13ConsoleSystem12updatePromptEv
                0x00000240      0x6c0 console.o
 .rodata._ZN3mod13ConsoleSystem14updateUsbGeckoEv.part.0.str1.4
                0x00000900       0x75 console.o
 *fill*         0x00000975        0x3 
 .rodata._ZN3mod13ConsoleSystem4dispEv.str1.4
                0x00000978       0x16 console.o
 *fill*         0x0000098e        0x2 
 .rodata._GLOBAL__sub_I__ZN3mod10ConCommand6sFirstE.str1.4
                0x00000990       0x8d console.o
 .rodata._ZZN3mod13ConsoleSystem4dispEvE12kPromptColor
                0x00000a1d        0x4 console.o
 *fill*         0x00000a21        0x3 
 .rodata.cst4   0x00000a24        0x8 console.o
 .rodata.cst4   0x00000a2c        0x4 mod.o
 .rodata.str1.4
                0x00000a30      0x2ea gor_00.o
 *fill*         0x00000d1a        0x2 
 .rodata._ZL16gor_00_init_evt1
                0x00000d1c      0x1f8 gor_00.o
 .rodata._ZL18korutesu_init_hook
                0x00000f14       0x10 gor_00.o
 .rodata._ZL17korutesu_init_evt
                0x00000f24       0x58 gor_00.o
 .rodata._ZL20suifubomb_b_talk_evt
                0x00000f7c       0xf4 gor_00.o
 .rodata._ZL21suifubomb_b_regl_hook
                0x00001070       0x10 gor_00.o
 .rodata._ZL20suifubomb_b_regl_evt
                0x00001080      0x110 gor_00.o
 .rodata._ZL20suifubomb_a_talk_evt
                0x00001190      0x170 gor_00.o
 .rodata._ZL21suifubomb_a_regl_hook
                0x00001300       0x10 gor_00.o
 .rodata._ZL20suifubomb_a_regl_evt
                0x00001310       0x90 gor_00.o
 .rodata._ZL21suifubomb_a_init_hook
                0x000013a0       0x10 gor_00.o
 .rodata._ZL20suifubomb_a_init_evt
                0x000013b0       0xc8 gor_00.o
 .rodata._ZL16suifu_b_talk_evt
                0x00001478       0xf4 gor_00.o
 .rodata._ZL17suifu_b_init_hook
                0x0000156c       0x10 gor_00.o
 .rodata._ZL16suifu_b_init_evt
                0x0000157c       0xc8 gor_00.o
 .rodata._ZL16suifu_a_talk_evt
                0x00001644       0xf4 gor_00.o
 .rodata._ZL19odoodo_ani_talk_evt
                0x00001738       0x20 gor_00.o
 .rodata._ZL15odoodo_talk_evt
                0x00001758       0xfc gor_00.o
 .rodata._ZL16odoodo_regl_hook
                0x00001854       0x10 gor_00.o
 .rodata._ZL15odoodo_regl_evt
                0x00001864       0x90 gor_00.o
 .rodata._ZL15odoodo_init_evt
                0x000018f4       0xb8 gor_00.o
 .rodata._ZL17garawaru_talk_evt
                0x000019ac       0xb8 gor_00.o
 .rodata._ZL18garawaru_regl_hook
                0x00001a64       0x10 gor_00.o
 .rodata._ZL17garawaru_regl_evt
                0x00001a74      0x110 gor_00.o
 .rodata._ZL18garawaru_init_hook
                0x00001b84       0x10 gor_00.o
 .rodata._ZL17garawaru_init_evt
                0x00001b94      0x140 gor_00.o
 .rodata.str1.4
                0x00001cd4       0xb2 gor_01.o
 *fill*         0x00001d86        0x2 
 .rodata._ZL15bomhei_talk_evt
                0x00001d88       0x20 gor_01.o
 .rodata._ZL16chusan2_talk_evt
                0x00001da8       0x20 gor_01.o
 .rodata._ZL16chusan1_talk_evt
                0x00001dc8       0x20 gor_01.o
 .rodata._ZL16kuribo3_talk_evt
                0x00001de8       0x20 gor_01.o
 .rodata._ZL16kuribo2_talk_evt
                0x00001e08       0x20 gor_01.o
 .rodata._ZL16kuribo1_talk_evt
                0x00001e28       0x20 gor_01.o
 .rodata._ZL15roten2_talk_evt
                0x00001e48       0x20 gor_01.o
 .rodata._ZL15roten1_talk_evt
                0x00001e68       0x20 gor_01.o
 .rodata._ZL19shoptender_talk_evt
                0x00001e88       0x20 gor_01.o
 .rodata._ZL15kinoji_talk_evt
                0x00001ea8       0x20 gor_01.o
 .rodata._ZL20badgemaster_talk_evt
                0x00001ec8       0x20 gor_01.o
 .rodata._Z17ApplyGor02PatchesPN2gc6OSLink12OSModuleInfoE.str1.4
                0x00001ee8        0x3 gor_02.o
 *fill*         0x00001eeb        0x1 
 .rodata.str1.4
                0x00001eec      0x14e gor_02.o
 *fill*         0x0000203a        0x2 
 .rodata._ZL19kurihakase_talk_evt
                0x0000203c      0x2cc gor_02.o
 .rodata._ZL21evt_door_02_open_hook
                0x00002308       0x14 gor_02.o
 .rodata._ZL20evt_door_02_open_evt
                0x0000231c      0x188 gor_02.o
 .rodata._ZL16gor_02_init_evt1
                0x000024a4      0x138 gor_02.o
 .rodata._ZL16borodo2_talk_evt
                0x000025dc       0x20 gor_02.o
 .rodata._ZL16borodo1_talk_evt
                0x000025fc       0x20 gor_02.o
 .rodata._ZL15roten3_talk_evt
                0x0000261c       0x20 gor_02.o
 .rodata._ZL16chusan3_talk_evt
                0x0000263c       0x20 gor_02.o
 .rodata._ZL16kuribo4_talk_evt
                0x0000265c       0x20 gor_02.o
 .rodata.str1.4
                0x0000267c       0xf9 gor_03.o
 *fill*         0x00002775        0x3 
 .rodata._ZL16maffia3_talk_evt
                0x00002778       0x20 gor_03.o
 .rodata._ZL16maffia2_talk_evt
                0x00002798      0x140 gor_03.o
 .rodata._ZL16maffia1_talk_evt
                0x000028d8      0x140 gor_03.o
 .rodata._ZL26maffiaboss_casino_talk_evt
                0x00002a18       0x20 gor_03.o
 .rodata._ZL26maffiaboss_talk_common_evt
                0x00002a38      0x120 gor_03.o
 *(.gnu.linkonce.r.*)

.rodata1
 *(.rodata1)

.sdata2         0x00002b58        0x0
                [!provide]                        PROVIDE (_SDA2_BASE_ = .)
 *(.sdata2)
 *(.sdata2.*)
 *(.gnu.linkonce.s2.*)

.sbss2
 *(.sbss2)
 *(.sbss2.*)
 *(.gnu.linkonce.sb2.*)
                0x00002b58                        . = ALIGN (0x4)
                [!provide]                        PROVIDE (__preinit_array_start = .)

.preinit_array
 *(.preinit_array)
                [!provide]                        PROVIDE (__preinit_array_end = .)
                [!provide]                        PROVIDE (__init_array_start = .)

.init_array
 *(.init_array)
                [!provide]                        PROVIDE (__init_array_end = .)
                [!provide]                        PROVIDE (__fini_array_start = .)

.fini_array
 *(.fini_array)
                [!provide]                        PROVIDE (__fini_array_end = .)

.data           0x00002b58      0x2c8
 *(.data)
 *(.data.*)
 .data.GSWF_ARR_SIZE
                0x00002b58        0x2 OWR.o
                0x00002b58                GSWF_ARR_SIZE
 *fill*         0x00002b5a        0x2 
 .data.GSWF_ARR
                0x00002b5c       0x14 OWR.o
                0x00002b5c                GSWF_ARR
 .data._ZN3mod6common12kItemDataArrE
                0x00002b70        0x4 common.o
                0x00002b70                _ZN3mod6common12kItemDataArrE
 .data._ZL16gor_00_init_evt2
                0x00002b74      0x2a8 gor_00.o
 *(.gnu.linkonce.d.*)
                0x00002e20                        . = ALIGN (0x20)
 *fill*         0x00002e1c        0x4 

.data1
 *(.data1)

.tdata
 *(.tdata .tdata.* .gnu.linkonce.td.*)

.tbss
 *(.tbss .tbss.* .gnu.linkonce.tb.*)
 *(.tcommon)

.eh_frame       0x00002e20      0xc44
 *(.eh_frame)
 .eh_frame      0x00002e20       0xf4 OWR.o
                                0x1e4 (size before relaxing)
 .eh_frame      0x00002f14        0x0 common.o
                                 0xc8 (size before relaxing)
 .eh_frame      0x00002f14       0x70 con_mario.o
 .eh_frame      0x00002f84       0x84 con_perf.o
 .eh_frame      0x00003008       0xac con_seq.o
 .eh_frame      0x000030b4      0x454 console.o
                                0x4e8 (size before relaxing)
 .eh_frame      0x00003508       0x3c cxx.o
                                 0x64 (size before relaxing)
 .eh_frame      0x00003544       0x84 keyboard.o
                                0x110 (size before relaxing)
 .eh_frame      0x000035c8       0xb8 mod.o
                                0x120 (size before relaxing)
 .eh_frame      0x00003680       0x90 patch.o
                                0x1cc (size before relaxing)
 .eh_frame      0x00003710       0x90 rel.o
 .eh_frame      0x000037a0       0xbc ug.o
 .eh_frame      0x0000385c       0x3c util.o
 .eh_frame      0x00003898       0x70 gor_00.o
 .eh_frame      0x00003908       0x58 gor_01.o
 .eh_frame      0x00003960       0x60 gor_02.o
 .eh_frame      0x000039c0       0x68 gor_03.o
 .eh_frame      0x00003a28        0x0 gor_04.o
                                 0x28 (size before relaxing)
 .eh_frame      0x00003a28        0x0 gor_misc.o
                                 0x34 (size before relaxing)
 .eh_frame      0x00003a28       0x3c C:/devkitPro/devkitPPC/bin/../lib/gcc/powerpc-eabi/13.1.0\libgcc.a(_divdi3.o)

.gcc_except_table
 *(.gcc_except_table)

.fixup
 *(.fixup)

.got1
 *(.got1)

.got2
 *(.got2)

.dynamic
 *(.dynamic)

.ctors          0x00003a64       0x1c
 *crtbegin.o(.ctors)
 *(EXCLUDE_FILE(*crtend.o) .ctors)
 .ctors         0x00003a64        0x4 OWR.o
 .ctors         0x00003a68        0x4 con_mario.o
 .ctors         0x00003a6c        0x4 con_perf.o
 .ctors         0x00003a70        0x4 con_seq.o
 .ctors         0x00003a74        0x4 console.o
 .ctors         0x00003a78        0x4 gor_00.o
 *(SORT_BY_NAME(.ctors.*))
 *(.ctors)
                0x00003a80                        . = ALIGN (0x20)
 *fill*         0x00003a7c        0x4 

.dtors          0x00003a80        0x0
 *crtbegin.o(.dtors)
 *(EXCLUDE_FILE(*crtend.o) .dtors)
 *(SORT_BY_NAME(.dtors.*))
 *(.dtors)
                0x00003a80                        . = ALIGN (0x20)

.jcr
 *(.jcr)

.got
 *(.got.plt)
 *(.got)

.sdata          0x00003a80        0x0
                [!provide]                        PROVIDE (_SDA_BASE_ = .)
 *(.sdata)
 *(.sdata.*)
 *(.gnu.linkonce.s.*)
                0x00003a80                        . = ALIGN (0x20)
                0x00003a80                        _edata = .
                [!provide]                        PROVIDE (edata = .)

.sbss           0x00003a80        0x0
                0x00003a80                        __sbss_start = .
                [!provide]                        PROVIDE (__sbss_start = .)
                [!provide]                        PROVIDE (___sbss_start = .)
 *(.dynsbss)
 *(.sbss)
 *(.sbss.*)
 *(.gnu.linkonce.sb.*)
 *(.scommon)
                [!provide]                        PROVIDE (__sbss_end = .)
                [!provide]                        PROVIDE (___sbss_end = .)
                0x00003a80                        . = ALIGN (0x20)
                0x00003a80                        __sbss_end = .

.bss            0x00003a80      0x140
                0x00003a80                        __bss_start = .
                [!provide]                        PROVIDE (__bss_start = .)
 *(.dynbss)
 *(.bss)
 *(.bss.*)
 .bss._ZN3mod3owr25g_stg0_00_init_trampolineE
                0x00003a80        0x4 OWR.o
                0x00003a80                _ZN3mod3owr25g_stg0_00_init_trampolineE
 .bss._ZN3mod3owr19g_OSLink_trampolineE
                0x00003a84        0x4 OWR.o
                0x00003a84                _ZN3mod3owr19g_OSLink_trampolineE
 .bss._ZN3mod3owr5gSelfE
                0x00003a88        0x4 OWR.o
                0x00003a88                _ZN3mod3owr5gSelfE
 .bss._ZN3mod3owr7item_dbE
                0x00003a8c        0x4 OWR.o
                0x00003a8c                _ZN3mod3owr7item_dbE
 .bss._ZN3modL12mod_if_obj22E
                0x00003a90        0x8 con_mario.o
 .bss._ZN3mod14mario_show_posE
                0x00003a98       0x10 con_mario.o
                0x00003a98                _ZN3mod14mario_show_posE
 .bss._ZN3mod13mario_set_posE
                0x00003aa8        0xc con_mario.o
                0x00003aa8                _ZN3mod13mario_set_posE
 .bss._ZN3modL12mod_if_obj46E
                0x00003ab4        0x8 con_perf.o
 .bss._ZN3mod14mem_debug_heapE
                0x00003abc       0x10 con_perf.o
                0x00003abc                _ZN3mod14mem_debug_heapE
 .bss._ZN3mod15perf_fake_spikeE
                0x00003acc        0xc con_perf.o
                0x00003acc                _ZN3mod15perf_fake_spikeE
 .bss._ZN3mod14seq_change_mapE
                0x00003ad8        0xc con_seq.o
                0x00003ad8                _ZN3mod14seq_change_mapE
 .bss._ZN3modL12mod_if_obj16E
                0x00003ae4        0x8 con_seq.o
 .bss._ZN3mod24gTrampoline_seq_logoMainE
                0x00003aec        0x4 con_seq.o
                0x00003aec                _ZN3mod24gTrampoline_seq_logoMainE
 .bss._ZN3mod13seq_logo_skipE
                0x00003af0       0x10 con_seq.o
                0x00003af0                _ZN3mod13seq_logo_skipE
 .bss._ZN3mod4findE
                0x00003b00        0xc console.o
                0x00003b00                _ZN3mod4findE
 .bss._ZN3mod11con_ug_chanE
                0x00003b0c       0x10 console.o
                0x00003b0c                _ZN3mod11con_ug_chanE
 .bss._ZN3mod11con_ug_modeE
                0x00003b1c       0x10 console.o
                0x00003b1c                _ZN3mod11con_ug_modeE
 .bss._ZN3mod21con_log_fade_durationE
                0x00003b2c       0x10 console.o
                0x00003b2c                _ZN3mod21con_log_fade_durationE
 .bss._ZN3mod18con_log_fade_startE
                0x00003b3c       0x10 console.o
                0x00003b3c                _ZN3mod18con_log_fade_startE
 .bss._ZN3mod12con_log_fadeE
                0x00003b4c       0x10 console.o
                0x00003b4c                _ZN3mod12con_log_fadeE
 .bss._ZN3mod13con_log_levelE
                0x00003b5c       0x10 console.o
                0x00003b5c                _ZN3mod13con_log_levelE
 .bss._ZN3mod11con_rainbowE
                0x00003b6c       0x10 console.o
                0x00003b6c                _ZN3mod11con_rainbowE
 .bss._ZN3mod8con_monoE
                0x00003b7c       0x10 console.o
                0x00003b7c                _ZN3mod8con_monoE
 .bss._ZN3mod8con_showE
                0x00003b8c       0x10 console.o
                0x00003b8c                _ZN3mod8con_showE
 .bss._ZN3mod8gConsoleE
                0x00003b9c        0x4 console.o
                0x00003b9c                _ZN3mod8gConsoleE
 .bss._ZN3mod9ConIntVar6sFirstE
                0x00003ba0        0x4 console.o
                0x00003ba0                _ZN3mod9ConIntVar6sFirstE
 .bss._ZN3mod10ConCommand6sFirstE
                0x00003ba4        0x4 console.o
                0x00003ba4                _ZN3mod10ConCommand6sFirstE
 .bss._ZN3mod4gModE
                0x00003ba8        0x4 mod.o
                0x00003ba8                _ZN3mod4gModE
 .bss._ZN17ModUpdateFunction6sFirstE
                0x00003bac        0x4 mod.o
                0x00003bac                _ZN17ModUpdateFunction6sFirstE
 .bss._ZN15ModInitFunction6sFirstE
                0x00003bb0        0x4 mod.o
                0x00003bb0                _ZN15ModInitFunction6sFirstE
 *(.gnu.linkonce.b.*)
 *(COMMON)
                0x00003bc0                        . = ALIGN (0x20)
 *fill*         0x00003bb4        0xc 
                [!provide]                        PROVIDE (__bss_end = .)
                0x00003bc0                        __bss_end = .
                0x00003bc0                        _end = .
                [!provide]                        PROVIDE (end = .)

.bss._ZZNK3mod14seq_change_mapMUlPKcE_clES2_E8beroName
                0x00000000       0x20
 .bss._ZZNK3mod14seq_change_mapMUlPKcE_clES2_E8beroName
                0x00000000       0x20 con_seq.o
                0x00000000                _ZZNK3mod14seq_change_mapMUlPKcE_clES1_E8beroName
                0x00000000                _ZZNK3mod14seq_change_mapMUlPKcE_clES2_E8beroName

.bss._ZZNK3mod14seq_change_mapMUlPKcE_clES2_E7mapName
                0x00000000       0x20
 .bss._ZZNK3mod14seq_change_mapMUlPKcE_clES2_E7mapName
                0x00000000       0x20 con_seq.o
                0x00000000                _ZZNK3mod14seq_change_mapMUlPKcE_clES2_E7mapName
                0x00000000                _ZZNK3mod14seq_change_mapMUlPKcE_clES1_E7mapName

.stab
 *(.stab)

.stabstr
 *(.stabstr)

.stab.excl
 *(.stab.excl)

.stab.exclstr
 *(.stab.exclstr)

.stab.index
 *(.stab.index)

.stab.indexstr
 *(.stab.indexstr)

.comment        0x00000000      0x2d0
 *(.comment)
 .comment       0x00000000       0x24 OWR.o
 .comment       0x00000024       0x24 common.o
 .comment       0x00000048       0x24 con_mario.o
 .comment       0x0000006c       0x24 con_perf.o
 .comment       0x00000090       0x24 con_seq.o
 .comment       0x000000b4       0x24 console.o
 .comment       0x000000d8       0x24 cxx.o
 .comment       0x000000fc       0x24 keyboard.o
 .comment       0x00000120       0x24 mod.o
 .comment       0x00000144       0x24 patch.o
 .comment       0x00000168       0x24 rel.o
 .comment       0x0000018c       0x24 ug.o
 .comment       0x000001b0       0x24 util.o
 .comment       0x000001d4       0x24 gor_00.o
 .comment       0x000001f8       0x24 gor_01.o
 .comment       0x0000021c       0x24 gor_02.o
 .comment       0x00000240       0x24 gor_03.o
 .comment       0x00000264       0x24 gor_04.o
 .comment       0x00000288       0x24 gor_misc.o
 .comment       0x000002ac       0x24 C:/devkitPro/devkitPPC/bin/../lib/gcc/powerpc-eabi/13.1.0\libgcc.a(_divdi3.o)

.gnu.attributes
                0x00000000       0x10
 .gnu.attributes
                0x00000000       0x10 OWR.o
 .gnu.attributes
                0x00000010       0x10 common.o
 .gnu.attributes
                0x00000020       0x10 con_mario.o
 .gnu.attributes
                0x00000030       0x10 con_perf.o
 .gnu.attributes
                0x00000040       0x10 console.o
 .gnu.attributes
                0x00000050       0x10 mod.o

.group          0x00000000        0xc
 .group         0x00000000        0xc con_mario.o

.group          0x00000000        0xc
 .group         0x00000000        0xc con_perf.o

.group          0x00000000        0xc
 .group         0x00000000        0xc con_seq.o

.group          0x00000000        0x8
 .group         0x00000000        0x8 con_seq.o

.group          0x00000000        0x8
 .group         0x00000000        0x8 con_seq.o

.group          0x00000000        0xc
 .group         0x00000000        0xc console.o

.debug
 *(.debug)

.line
 *(.line)

.debug_srcinfo
 *(.debug_srcinfo)

.debug_sfnames
 *(.debug_sfnames)

.debug_aranges  0x00000000      0x4b8
 *(.debug_aranges)
 .debug_aranges
                0x00000000       0x80 OWR.o
 .debug_aranges
                0x00000080       0x60 common.o
 .debug_aranges
                0x000000e0       0x30 con_mario.o
 .debug_aranges
                0x00000110       0x30 con_perf.o
 .debug_aranges
                0x00000140       0x38 con_seq.o
 .debug_aranges
                0x00000178       0xb0 console.o
 .debug_aranges
                0x00000228       0x38 cxx.o
 .debug_aranges
                0x00000260       0x40 keyboard.o
 .debug_aranges
                0x000002a0       0x58 mod.o
 .debug_aranges
                0x000002f8       0x78 patch.o
 .debug_aranges
                0x00000370       0x30 rel.o
 .debug_aranges
                0x000003a0       0x30 ug.o
 .debug_aranges
                0x000003d0       0x20 util.o
 .debug_aranges
                0x000003f0       0x28 gor_00.o
 .debug_aranges
                0x00000418       0x20 gor_01.o
 .debug_aranges
                0x00000438       0x20 gor_02.o
 .debug_aranges
                0x00000458       0x20 gor_03.o
 .debug_aranges
                0x00000478       0x20 gor_04.o
 .debug_aranges
                0x00000498       0x20 gor_misc.o

.debug_pubnames
 *(.debug_pubnames)

.debug_info     0x00000000    0x1dd13
 *(.debug_info)
 .debug_info    0x00000000     0x35d7 OWR.o
 .debug_info    0x000035d7      0xf16 common.o
 .debug_info    0x000044ed     0x2576 con_mario.o
 .debug_info    0x00006a63     0x20ea con_perf.o
 .debug_info    0x00008b4d     0x21f8 con_seq.o
 .debug_info    0x0000ad45     0x3e13 console.o
 .debug_info    0x0000eb58      0x394 cxx.o
 .debug_info    0x0000eeec      0xfaf keyboard.o
 .debug_info    0x0000fe9b     0x32f9 mod.o
 .debug_info    0x00013194     0x15c5 patch.o
 .debug_info    0x00014759       0xf3 rel.o
 .debug_info    0x0001484c      0x8d5 ug.o
 .debug_info    0x00015121      0x693 util.o
 .debug_info    0x000157b4     0x1e98 gor_00.o
 .debug_info    0x0001764c     0x1722 gor_01.o
 .debug_info    0x00018d6e     0x1846 gor_02.o
 .debug_info    0x0001a5b4     0x16b6 gor_03.o
 .debug_info    0x0001bc6a     0x103d gor_04.o
 .debug_info    0x0001cca7     0x106c gor_misc.o

.debug_abbrev   0x00000000     0x4514
 *(.debug_abbrev)
 .debug_abbrev  0x00000000      0x7b3 OWR.o
 .debug_abbrev  0x000007b3      0x21a common.o
 .debug_abbrev  0x000009cd      0x5ff con_mario.o
 .debug_abbrev  0x00000fcc      0x620 con_perf.o
 .debug_abbrev  0x000015ec      0x667 con_seq.o
 .debug_abbrev  0x00001c53      0x991 console.o
 .debug_abbrev  0x000025e4      0x170 cxx.o
 .debug_abbrev  0x00002754      0x36e keyboard.o
 .debug_abbrev  0x00002ac2      0x78b mod.o
 .debug_abbrev  0x0000324d      0x2bd patch.o
 .debug_abbrev  0x0000350a       0xeb rel.o
 .debug_abbrev  0x000035f5      0x230 ug.o
 .debug_abbrev  0x00003825      0x12d util.o
 .debug_abbrev  0x00003952      0x28f gor_00.o
 .debug_abbrev  0x00003be1      0x20e gor_01.o
 .debug_abbrev  0x00003def      0x237 gor_02.o
 .debug_abbrev  0x00004026      0x20e gor_03.o
 .debug_abbrev  0x00004234      0x15d gor_04.o
 .debug_abbrev  0x00004391      0x183 gor_misc.o

.debug_line     0x00000000     0x902a
 *(.debug_line)
 .debug_line    0x00000000      0xce8 OWR.o
 .debug_line    0x00000ce8      0x39d common.o
 .debug_line    0x00001085      0x4ce con_mario.o
 .debug_line    0x00001553      0x5e4 con_perf.o
 .debug_line    0x00001b37      0x59e con_seq.o
 .debug_line    0x000020d5     0x1f5f console.o
 .debug_line    0x00004034      0x1c9 cxx.o
 .debug_line    0x000041fd      0xcb4 keyboard.o
 .debug_line    0x00004eb1      0x732 mod.o
 .debug_line    0x000055e3      0x80c patch.o
 .debug_line    0x00005def      0x226 rel.o
 .debug_line    0x00006015      0x4ad ug.o
 .debug_line    0x000064c2      0x2cc util.o
 .debug_line    0x0000678e      0x980 gor_00.o
 .debug_line    0x0000710e      0x6f0 gor_01.o
 .debug_line    0x000077fe      0x87d gor_02.o
 .debug_line    0x0000807b      0x8f4 gor_03.o
 .debug_line    0x0000896f      0x2f6 gor_04.o
 .debug_line    0x00008c65      0x3c5 gor_misc.o

.debug_frame
 *(.debug_frame)

.debug_str      0x00000000    0x1b44b
 *(.debug_str)
 .debug_str     0x00000000     0x2a00 OWR.o
 .debug_str     0x00002a00     0x13e4 common.o
 .debug_str     0x00003de4     0x1a59 con_mario.o
 .debug_str     0x0000583d     0x160e con_perf.o
 .debug_str     0x00006e4b     0x17a6 con_seq.o
 .debug_str     0x000085f1     0x19f9 console.o
 .debug_str     0x00009fea      0x34e cxx.o
 .debug_str     0x0000a338      0x955 keyboard.o
 .debug_str     0x0000ac8d     0x2d04 mod.o
 .debug_str     0x0000d991      0x6eb patch.o
 .debug_str     0x0000e07c      0x191 rel.o
 .debug_str     0x0000e20d      0x39b ug.o
 .debug_str     0x0000e5a8      0x3eb util.o
 .debug_str     0x0000e993     0x27f8 gor_00.o
 .debug_str     0x0001118b     0x21fe gor_01.o
 .debug_str     0x00013389     0x23d3 gor_02.o
 .debug_str     0x0001575c     0x22e0 gor_03.o
 .debug_str     0x00017a3c     0x1cea gor_04.o
 .debug_str     0x00019726     0x1d25 gor_misc.o

.debug_loc
 *(.debug_loc)

.debug_macinfo
 *(.debug_macinfo)

.debug_weaknames
 *(.debug_weaknames)

.debug_funcnames
 *(.debug_funcnames)

.debug_typenames
 *(.debug_typenames)

.debug_varnames
 *(.debug_varnames)
                0x00000000                        __isIPL = 0x0
                0x00023bc0                        __stack_addr = ((((__bss_start + SIZEOF (.bss)) + 0x20000) + 0x7) & 0xfffffffffffffff8)
                0x00003bc0                        __stack_end = (__bss_start + SIZEOF (.bss))
                0x00027bc0                        __intrstack_addr = (__stack_addr + 0x4000)
                0x00023bc0                        __intrstack_end = __stack_addr
                0x00027bc0                        __Arena1Lo = ((__intrstack_addr + 0x1f) & 0xffffffffffffffe0)
                0x817feff0                        __Arena1Hi = 0x817feff0
                0x817ff000                        __gxregs = ((__Arena1Hi + 0x1f) & 0xffffffffffffffe0)
                [!provide]                        PROVIDE (__stack = 0x817feff0)
                [!provide]                        PROVIDE (__isIPL = __isIPL)
                [!provide]                        PROVIDE (__stack_addr = __stack_addr)
                [!provide]                        PROVIDE (__stack_end = __stack_end)
                [!provide]                        PROVIDE (__intrstack_addr = __intrstack_addr)
                [!provide]                        PROVIDE (__intrstack_end = __intrstack_end)
                [!provide]                        PROVIDE (__Arena1Lo = __Arena1Lo)
                [!provide]                        PROVIDE (__Arena1Hi = __Arena1Hi)
                [!provide]                        PROVIDE (__gxregs = __gxregs)
LOAD H:/GhidraProjects/TTYDAP/TTYDAP/rel/source/cxx.ld
                0x00003a64                        _ctors_start = ADDR (.ctors)
                0x00003a80                        _ctors_end = (_ctors_start + SIZEOF (.ctors))
                0x00003a80                        _dtors_start = ADDR (.dtors)
                0x00003a80                        _dtors_end = (_dtors_start + SIZEOF (.dtors))
LOAD OWR.o
LOAD common.o
LOAD con_mario.o
LOAD con_perf.o
LOAD con_seq.o
LOAD console.o
LOAD cxx.o
LOAD keyboard.o
LOAD mod.o
LOAD patch.o
LOAD rel.o
LOAD ug.o
LOAD util.o
LOAD gor_00.o
LOAD gor_01.o
LOAD gor_02.o
LOAD gor_03.o
LOAD gor_04.o
LOAD gor_misc.o
LOAD patch_ih.o
LOAD C:/devkitPro/devkitPPC/bin/../lib/gcc/powerpc-eabi/13.1.0\libgcc.a
OUTPUT(H:/GhidraProjects/TTYDAP/TTYDAP/rel/rel.jp.elf elf32-powerpc)

.debug_loclists
                0x00000000     0x46d0
 .debug_loclists
                0x00000000      0x921 OWR.o
 .debug_loclists
                0x00000921      0x151 common.o
 .debug_loclists
                0x00000a72       0xa9 con_mario.o
 .debug_loclists
                0x00000b1b      0x2eb con_perf.o
 .debug_loclists
                0x00000e06       0xf8 con_seq.o
 .debug_loclists
                0x00000efe     0x1cd1 console.o
 .debug_loclists
                0x00002bcf       0x54 cxx.o
 .debug_loclists
                0x00002c23      0x886 keyboard.o
 .debug_loclists
                0x000034a9      0x154 mod.o
 .debug_loclists
                0x000035fd      0xc5e patch.o
 .debug_loclists
                0x0000425b      0x2cd ug.o
 .debug_loclists
                0x00004528       0xd6 util.o
 .debug_loclists
                0x000045fe       0x2a gor_00.o
 .debug_loclists
                0x00004628       0x2a gor_01.o
 .debug_loclists
                0x00004652       0x2a gor_02.o
 .debug_loclists
                0x0000467c       0x2a gor_03.o
 .debug_loclists
                0x000046a6       0x2a gor_misc.o

.debug_rnglists
                0x00000000     0x12b8
 .debug_rnglists
                0x00000000      0x1b8 OWR.o
 .debug_rnglists
                0x000001b8       0x43 common.o
 .debug_rnglists
                0x000001fb       0x95 con_mario.o
 .debug_rnglists
                0x00000290       0xb4 con_perf.o
 .debug_rnglists
                0x00000344       0xc4 con_seq.o
 .debug_rnglists
                0x00000408      0x71c console.o
 .debug_rnglists
                0x00000b24       0x25 cxx.o
 .debug_rnglists
                0x00000b49      0x315 keyboard.o
 .debug_rnglists
                0x00000e5e       0xc5 mod.o
 .debug_rnglists
                0x00000f23      0x23d patch.o
 .debug_rnglists
                0x00001160       0x47 rel.o
 .debug_rnglists
                0x000011a7       0x73 ug.o
 .debug_rnglists
                0x0000121a       0x21 util.o
 .debug_rnglists
                0x0000123b       0x1a gor_00.o
 .debug_rnglists
                0x00001255       0x14 gor_01.o
 .debug_rnglists
                0x00001269       0x14 gor_02.o
 .debug_rnglists
                0x0000127d       0x14 gor_03.o
 .debug_rnglists
                0x00001291       0x13 gor_04.o
 .debug_rnglists
                0x000012a4       0x14 gor_misc.o
