Archive member included to satisfy reference by file (symbol)

C:/devkitPro/devkitPPC/bin/../lib/gcc/powerpc-eabi/13.1.0\libgcc.a(_divdi3.o)
                              console.o (__divdi3)

Discarded input sections

 .text          0x00000000        0x0 OWR.o
 .data          0x00000000        0x0 OWR.o
 .bss           0x00000000        0x0 OWR.o
 .text._Z13strcpy_StringPcPKc
                0x00000000        0x4 OWR.o
 .text._ZN3mod3owr3OWR6LZTestEv
                0x00000000       0x48 OWR.o
 .text._ZN3mod3owr3OWR11NewFileInitEv
                0x00000000        0x4 OWR.o
 .text._ZN3mod3owr3OWR10DrawStringEPKciijf
                0x00000000       0xb0 OWR.o
 .bss._ZN3mod3owr22g_itemEntry_trampolineE
                0x00000000        0x4 OWR.o
 .bss._ZN3mod3owr6gStateE
                0x00000000        0x4 OWR.o
 .rodata.cst4   0x00000000        0x4 OWR.o
 .text          0x00000000        0x0 StateManager.o
 .data          0x00000000        0x0 StateManager.o
 .bss           0x00000000        0x0 StateManager.o
 .text._ZN3mod3owr12StateManager4InitEv
                0x00000000       0x34 StateManager.o
 .text          0x00000000        0x0 common.o
 .data          0x00000000        0x0 common.o
 .bss           0x00000000        0x0 common.o
 .text._ZN3mod6common14GetCurrentAreaEv
                0x00000000       0x1c common.o
 .text._ZN3mod6common13GetCurrentMapEv
                0x00000000       0x1c common.o
 .text._ZN3mod6common11GetFilenameEv
                0x00000000       0x1c common.o
 .text._ZN3mod6common16GetStorySequenceEv
                0x00000000       0x24 common.o
 .text._ZN3mod6common14GetPitSequenceEv
                0x00000000       0x2c common.o
 .text._ZN3mod6common17GetSavedFlagValueEi
                0x00000000       0x44 common.o
 .text._ZN3mod6common21HasKeyItemInInventoryEs
                0x00000000       0x60 common.o
 .text._ZN3mod6common25GetBattleWindowDataOffsetEv
                0x00000000       0x1c common.o
 .text._ZN3mod6common21GetStatusWindowHeightEv
                0x00000000       0x28 common.o
 .data._ZN3mod6common29kUnknownStatusWindowStructPtrE
                0x00000000        0x4 common.o
 .data._ZN3mod6common10kBattlePtrE
                0x00000000        0x4 common.o
 .data._ZN3mod6common9kPouchPtrE
                0x00000000        0x4 common.o
 .data._ZN3mod6common12kSaveDataPtrE
                0x00000000        0x4 common.o
 .rodata._ZN3mod6common32kUltraHammerChestDespawnIdOffsetE
                0x00000000        0x4 common.o
 .rodata._ZN3mod6common27kObjectCollectionExprOffsetE
                0x00000000        0x4 common.o
 .rodata._ZN3mod6common27kObjectChestScriptPtrOffsetE
                0x00000000        0x4 common.o
 .rodata._ZN3mod6common33kMujModuleFlavioDesiredItemOffsetE
                0x00000000        0x4 common.o
 .rodata._ZN3mod6common36kJinModuleAtomicBooItemGswfSetOffsetE
                0x00000000        0x4 common.o
 .rodata._ZN3mod6common39kJinModuleAtomicBooItemObjectFlagOffsetE
                0x00000000        0x4 common.o
 .rodata._ZN3mod6common32kPitModuleCharlietonChanceOffsetE
                0x00000000        0x4 common.o
 .rodata._ZN3mod6common22kPitModuleNpcArrOffsetE
                0x00000000        0x4 common.o
 .rodata._ZN3mod6common23kSavedWordFlagBaseValueE
                0x00000000        0x4 common.o
 .data._ZN3mod6common20kPiantaParlorItemArrE
                0x00000000        0x4 common.o
 .data._ZN3mod6common21kPitCharlietonItemArrE
                0x00000000        0x4 common.o
 .data._ZN3mod6common12kHowzItemArrE
                0x00000000        0x4 common.o
 .data._ZN3mod6common18kCharlietonItemArrE
                0x00000000        0x4 common.o
 .data._ZN3mod6common14kDazzleItemArrE
                0x00000000        0x4 common.o
 .data._ZN3mod6common20kSuperguardFramesArrE
                0x00000000        0x4 common.o
 .data._ZN3mod6common15kGuardFramesArrE
                0x00000000        0x4 common.o
 .data._ZN3mod6common25kSuperChargePartnerParamsE
                0x00000000        0x4 common.o
 .data._ZN3mod6common18kSuperChargeParamsE
                0x00000000        0x4 common.o
 .data._ZN3mod6common19kPiercingBlowParamsE
                0x00000000        0x4 common.o
 .data._ZN3mod6common18kHammerThrowParamsE
                0x00000000        0x4 common.o
 .data._ZN3mod6common17kKoopaCurseParamsE
                0x00000000        0x4 common.o
 .data._ZN3mod6common15kTradeOffParamsE
                0x00000000        0x4 common.o
 .data._ZN3mod6common17kGulpRecoilParamsE
                0x00000000        0x4 common.o
 .data._ZN3mod6common24kUltraHammerRecoilParamsE
                0x00000000        0x4 common.o
 .data._ZN3mod6common24kSuperHammerRecoilParamsE
                0x00000000        0x4 common.o
 .data._ZN3mod6common8kNextMapE
                0x00000000        0x4 common.o
 .rodata.cst4   0x00000000        0x4 common.o
 .text          0x00000000        0x0 con_mario.o
 .data          0x00000000        0x0 con_mario.o
 .bss           0x00000000        0x0 con_mario.o
 .text          0x00000000        0x0 con_perf.o
 .data          0x00000000        0x0 con_perf.o
 .bss           0x00000000        0x0 con_perf.o
 .text          0x00000000        0x0 con_seq.o
 .data          0x00000000        0x0 con_seq.o
 .bss           0x00000000        0x0 con_seq.o
 .text          0x00000000        0x0 console.o
 .data          0x00000000        0x0 console.o
 .bss           0x00000000        0x0 console.o
 .text._ZN3mod13ConsoleSystem8logDebugEPKcz
                0x00000000       0xbc console.o
 .text._ZN3mod13ConsoleSystem12setMonospaceEb
                0x00000000       0x30 console.o
 .text._ZN3mod13ConsoleSystem8drawLineEiPKcN2gc6color4E
                0x00000000       0xd4 console.o
 .text._ZN3mod13ConsoleSystem14updateUsbGeckoEv
                0x00000000       0x14 console.o
 .text          0x00000000        0x0 cxx.o
 .data          0x00000000        0x0 cxx.o
 .bss           0x00000000        0x0 cxx.o
 .text._ZdlPv   0x00000000        0xc cxx.o
 .text._ZdaPv   0x00000000        0xc cxx.o
 .text          0x00000000        0x0 keyboard.o
 .data          0x00000000        0x0 keyboard.o
 .bss           0x00000000        0x0 keyboard.o
 .text._ZN3mod8Keyboard10setChannelEi
                0x00000000       0xc4 keyboard.o
 .text._ZN3mod8Keyboard7connectEv
                0x00000000       0x78 keyboard.o
 .text._ZN3mod8Keyboard10disconnectEv
                0x00000000       0x4c keyboard.o
 .text          0x00000000        0x0 mod.o
 .data          0x00000000        0x0 mod.o
 .bss           0x00000000        0x0 mod.o
 .text._ZN3mod3Mod11updateEarlyEv
                0x00000000       0x90 mod.o
 .text._ZN3mod3Mod4drawEv
                0x00000000        0x8 mod.o
 .text          0x00000000        0x0 patch.o
 .data          0x00000000        0x0 patch.o
 .bss           0x00000000        0x0 patch.o
 .text._ZN3mod5patch21writeStandardBranchesEPvPFvvES3_
                0x00000000       0x80 patch.o
 .text._ZN3mod5patch15replaceEvtInstrEPit
                0x00000000        0x8 patch.o
 .text._ZN3mod5patch14writeEvtBranchEPiPKib
                0x00000000       0x1c patch.o
 .text._ZN3mod5patch15writeBranchMainEPvS1_j
                0x00000000       0x48 patch.o
 .text._ZN3mod5patch10writePatchEPvPKvS3_
                0x00000000       0x7c patch.o
 .text._ZN3mod5patch10writePatchEPvj
                0x00000000       0x6c patch.o
 .text._ZN3mod5patch15writeBranchPairEPvS1_S1_S1_
                0x00000000       0x88 patch.o
 .text          0x00000000        0x0 rel.o
 .data          0x00000000        0x0 rel.o
 .bss           0x00000000        0x0 rel.o
 .text          0x00000000        0x0 ug.o
 .data          0x00000000        0x0 ug.o
 .bss           0x00000000        0x0 ug.o
 .text          0x00000000        0x0 util.o
 .data          0x00000000        0x0 util.o
 .bss           0x00000000        0x0 util.o
 .text          0x00000000        0x0 aaa.o
 .data          0x00000000        0x0 aaa.o
 .bss           0x00000000        0x0 aaa.o
 .text          0x00000000        0x0 aji.o
 .data          0x00000000        0x0 aji.o
 .bss           0x00000000        0x0 aji.o
 .text          0x00000000        0x0 bom.o
 .data          0x00000000        0x0 bom.o
 .bss           0x00000000        0x0 bom.o
 .text          0x00000000        0x0 dou.o
 .data          0x00000000        0x0 dou.o
 .bss           0x00000000        0x0 dou.o
 .text          0x00000000        0x0 eki.o
 .data          0x00000000        0x0 eki.o
 .bss           0x00000000        0x0 eki.o
 .text          0x00000000        0x0 end.o
 .data          0x00000000        0x0 end.o
 .bss           0x00000000        0x0 end.o
 .text          0x00000000        0x0 gon.o
 .data          0x00000000        0x0 gon.o
 .bss           0x00000000        0x0 gon.o
 .text          0x00000000        0x0 gor_00.o
 .data          0x00000000        0x0 gor_00.o
 .bss           0x00000000        0x0 gor_00.o
 .text          0x00000000        0x0 gor_01.o
 .data          0x00000000        0x0 gor_01.o
 .bss           0x00000000        0x0 gor_01.o
 .text          0x00000000        0x0 gor_02.o
 .data          0x00000000        0x0 gor_02.o
 .bss           0x00000000        0x0 gor_02.o
 .text          0x00000000        0x0 gor_03.o
 .data          0x00000000        0x0 gor_03.o
 .bss           0x00000000        0x0 gor_03.o
 .text          0x00000000        0x0 gor_04.o
 .data          0x00000000        0x0 gor_04.o
 .bss           0x00000000        0x0 gor_04.o
 .text          0x00000000        0x0 gor_misc.o
 .data          0x00000000        0x0 gor_misc.o
 .bss           0x00000000        0x0 gor_misc.o
 .text          0x00000000        0x0 gra.o
 .data          0x00000000        0x0 gra.o
 .bss           0x00000000        0x0 gra.o
 .text          0x00000000        0x0 hei.o
 .data          0x00000000        0x0 hei.o
 .bss           0x00000000        0x0 hei.o
 .text          0x00000000        0x0 hom.o
 .data          0x00000000        0x0 hom.o
 .bss           0x00000000        0x0 hom.o
 .text          0x00000000        0x0 jin.o
 .data          0x00000000        0x0 jin.o
 .bss           0x00000000        0x0 jin.o
 .text          0x00000000        0x0 kpa.o
 .data          0x00000000        0x0 kpa.o
 .bss           0x00000000        0x0 kpa.o
 .text          0x00000000        0x0 las.o
 .data          0x00000000        0x0 las.o
 .bss           0x00000000        0x0 las.o
 .text._Z15ApplyLasPatchesPN2gc6OSLink12OSModuleInfoE
                0x00000000      0x4b4 las.o
 .text          0x00000000        0x0 main.o
 .data          0x00000000        0x0 main.o
 .bss           0x00000000        0x0 main.o
 .text          0x00000000        0x0 moo.o
 .data          0x00000000        0x0 moo.o
 .bss           0x00000000        0x0 moo.o
 .text._Z15ApplyMooPatchesPN2gc6OSLink12OSModuleInfoE
                0x00000000       0xac moo.o
 .rodata._ZL20moo_04_init_evt_hook
                0x00000000       0x28 moo.o
 .rodata._ZL19moo_04_init_evt_evt
                0x00000000      0x144 moo.o
 .text          0x00000000        0x0 mri.o
 .data          0x00000000        0x0 mri.o
 .bss           0x00000000        0x0 mri.o
 .text          0x00000000        0x0 muj.o
 .data          0x00000000        0x0 muj.o
 .bss           0x00000000        0x0 muj.o
 .text          0x00000000        0x0 nok.o
 .data          0x00000000        0x0 nok.o
 .bss           0x00000000        0x0 nok.o
 .text          0x00000000        0x0 pik.o
 .data          0x00000000        0x0 pik.o
 .bss           0x00000000        0x0 pik.o
 .text          0x00000000        0x0 rsh.o
 .data          0x00000000        0x0 rsh.o
 .bss           0x00000000        0x0 rsh.o
 .text          0x00000000        0x0 tik.o
 .data          0x00000000        0x0 tik.o
 .bss           0x00000000        0x0 tik.o
 .text._Z24checkChapterRequirementsPN4ttyd6evtmgr8EvtEntryEb
                0x00000000       0xdc tik.o
 .text          0x00000000        0x0 tou.o
 .data          0x00000000        0x0 tou.o
 .bss           0x00000000        0x0 tou.o
 .text          0x00000000        0x0 tou2.o
 .data          0x00000000        0x0 tou2.o
 .bss           0x00000000        0x0 tou2.o
 .text          0x00000000        0x0 usu.o
 .data          0x00000000        0x0 usu.o
 .bss           0x00000000        0x0 usu.o
 .text          0x00000000        0x0 win.o
 .data          0x00000000        0x0 win.o
 .bss           0x00000000        0x0 win.o
 .data          0x00000000        0x0 asm_main.o
 .bss           0x00000000        0x0 asm_main.o
 .text          0x00000000       0x7c patch_ih.o
 .data          0x00000000        0x0 patch_ih.o
 .bss           0x00000000        0x0 patch_ih.o
 .text          0x00000000        0x0 C:/devkitPro/devkitPPC/bin/../lib/gcc/powerpc-eabi/13.1.0\libgcc.a(_divdi3.o)
 .data          0x00000000        0x0 C:/devkitPro/devkitPPC/bin/../lib/gcc/powerpc-eabi/13.1.0\libgcc.a(_divdi3.o)
 .bss           0x00000000        0x0 C:/devkitPro/devkitPPC/bin/../lib/gcc/powerpc-eabi/13.1.0\libgcc.a(_divdi3.o)

Memory Configuration

Name             Origin             Length             Attributes
*default*        0x00000000         0xffffffff

Linker script and memory map

                0x80003100                        . = 0x80003100

.init
 *crt0.o(*.init)
 *(.init)

.plt
 *(.plt)

.interp
 *(.interp)

.hash
 *(.hash)

.dynsym
 *(.dynsym)

.dynstr
 *(.dynstr)

.gnu.version
 *(.gnu.version)

.gnu.version_d
 *(.gnu.version_d)

.gnu.version_r
 *(.gnu.version_r)

.rel.init
 *(.rel.init)

.rela.init
 *(.rela.init)

.rel.text
 *(.rel.text .rel.text.* .rel.gnu.linkonce.t.*)

.rela.text
 *(.rela.text .rela.text.* .rela.gnu.linkonce.t.*)

.rel.fini
 *(.rel.fini)

.rela.fini
 *(.rela.fini)

.rel.rodata
 *(.rel.rodata .rel.rodata.* .rel.gnu.linkonce.r.*)

.rela.rodata
 *(.rela.rodata .rela.rodata.* .rela.gnu.linkonce.r.*)

.rel.data
 *(.rel.data .rel.data.* .rel.gnu.linkonce.d.*)

.rela.data
 *(.rela.data .rela.data.* .rela.gnu.linkonce.d.*)

.rel.tdata
 *(.rel.tdata .rel.tdata.* .rel.gnu.linkonce.td.*)

.rela.tdata
 *(.rela.tdata .rela.tdata.* .rela.gnu.linkonce.td.*)

.rel.tbss
 *(.rel.tbss .rel.tbss.* .rel.gnu.linkonce.tb.*)

.rela.tbss
 *(.rela.tbss .rela.tbss.* .rela.gnu.linkonce.tb.*)

.rel.ctors
 *(.rel.ctors)

.rela.ctors
 *(.rela.ctors)

.rel.dtors
 *(.rel.dtors)

.rela.dtors
 *(.rela.dtors)

.rel.got
 *(.rel.got)

.rela.got
 *(.rela.got)

.rela.got1
 *(.rela.got1)

.rela.got2
 *(.rela.got2)

.rel.sdata
 *(.rel.sdata .rel.sdata.* .rel.gnu.linkonce.s.*)

.rela.sdata
 *(.rela.sdata .rela.sdata.* .rela.gnu.linkonce.s.*)

.rel.sbss
 *(.rel.sbss .rel.sbss.* .rel.gnu.linkonce.sb.*)

.rela.sbss
 *(.rela.sbss .rela.sbss.* .rel.gnu.linkonce.sb.*)

.rel.sdata2
 *(.rel.sdata2 .rel.sdata2.* .rel.gnu.linkonce.s2.*)

.rela.sdata2
 *(.rela.sdata2 .rela.sdata2.* .rela.gnu.linkonce.s2.*)

.rel.sbss2
 *(.rel.sbss2 .rel.sbss2.* .rel.gnu.linkonce.sb2.*)

.rela.sbss2
 *(.rela.sbss2 .rela.sbss2.* .rela.gnu.linkonce.sb2.*)

.rel.bss
 *(.rel.bss .rel.bss.* .rel.gnu.linkonce.b.*)

.rela.bss
 *(.rela.bss .rela.bss.* .rela.gnu.linkonce.b.*)

.rel.plt
 *(.rel.plt)

.rela.plt
 *(.rela.plt)

.text           0x80003100     0xc840
 *(.text)
 .text          0x80003100      0x204 asm_main.o
                0x80003100                bMapGXArrInject
                0x8000310c                bMapGXArrInjectReturn
                0x80003110                bMapGXArrIncrement
                0x80003118                bMapGXArrIncrementReturn
                0x8000311c                bMapGXChSplit
                0x80003128                bMapGXChSplitReturn
                0x8000312c                bWinLogArrInject
                0x80003138                bWinLogArrInjectReturn
                0x8000313c                bWinLogArrIncrement
                0x80003144                bWinLogArrIncrementReturn
                0x80003148                bChapterClearCheck
                0x80003190                bJohoyaSeqAddition
                0x800031c8                bPrintPartyAddErrorFix
                0x80003204                bPrintPartyAddErrorFixReturn
                0x80003208                bPrintPartyErrorFix
                0x80003244                bPrintPartyErrorFixReturn
                0x80003248                win_log_mapGX_arr
 *(.text.*)
 *fill*         0x80003304        0x0 00000000
 .text._ZZN3mod3owr3OWR4InitEvENUlvE_4_FUNEv
                0x80003304       0x10 OWR.o
 .text._ZZN3mod3owr3OWR4InitEvENUlPKcE_4_FUNES3_
                0x80003314       0x9c OWR.o
 .text._ZN3mod3owr3OWRC2Ev
                0x800033b0        0x4 OWR.o
                0x800033b0                _ZN3mod3owr3OWRC1Ev
                0x800033b0                _ZN3mod3owr3OWRC2Ev
 .text._ZN3mod3owr3OWR12SequenceInitEv
                0x800033b4      0x1e4 OWR.o
                0x800033b4                _ZN3mod3owr3OWR12SequenceInitEv
 .text._ZN3mod3owr3OWR4InitEv
                0x80003598      0x134 OWR.o
                0x80003598                _ZN3mod3owr3OWR4InitEv
 .text._ZN3mod3owr3OWR6UpdateEv
                0x800036cc       0x4c OWR.o
                0x800036cc                _ZN3mod3owr3OWR6UpdateEv
 .text._ZN3mod3owr3OWR4DrawEv
                0x80003718        0x4 OWR.o
                0x80003718                _ZN3mod3owr3OWR4DrawEv
 .text._ZN3mod3owr3OWR14OnModuleLoadedEPN2gc6OSLink12OSModuleInfoE
                0x8000371c       0xd4 OWR.o
                0x8000371c                _ZN3mod3owr3OWR14OnModuleLoadedEPN2gc6OSLink12OSModuleInfoE
 .text._ZZN3mod3owr3OWR4InitEvENUlPN2gc6OSLink12OSModuleInfoEPvE_4_FUNES5_S6_
                0x800037f0       0x84 OWR.o
 .text.startup._GLOBAL__sub_I__Z13strcpy_StringPcPKc
                0x80003874       0x14 OWR.o
 .text._ZN3mod3owr12StateManagerC2Ev
                0x80003888       0x48 StateManager.o
                0x80003888                _ZN3mod3owr12StateManagerC2Ev
                0x80003888                _ZN3mod3owr12StateManagerC1Ev
 .text._ZN3modL13mod_if_func22Ev
                0x800038d0       0x54 con_mario.o
 .text.startup._GLOBAL__sub_I__ZN3mod13mario_set_posE
                0x80003924       0x88 con_mario.o
 .text._ZN3modL13mod_if_func46Ev
                0x800039ac      0x19c con_perf.o
 .text.startup._GLOBAL__sub_I__ZN3mod15perf_fake_spikeE
                0x80003b48       0x8c con_perf.o
 .text._ZZN3modL13mod_if_func16EvENUlPN4ttyd6seqdrv7SeqInfoEE_4_FUNES3_
                0x80003bd4       0x44 con_seq.o
 .text._ZN3modL13mod_if_func16Ev
                0x80003c18       0x74 con_seq.o
 .text.startup._GLOBAL__sub_I__ZN3mod13seq_logo_skipE
                0x80003c8c       0x8c con_seq.o
 .text._ZN3mod13ConsoleSystem4initEv
                0x80003d18       0x38 console.o
                0x80003d18                _ZN3mod13ConsoleSystem4initEv
 .text._ZN3mod13ConsoleSystem8logColorEPKcN2gc6color4E
                0x80003d50      0x2a8 console.o
                0x80003d50                _ZN3mod13ConsoleSystem8logColorEPKcN2gc6color4E
 .text._ZN3mod13ConsoleSystem7logInfoEPKcz
                0x80003ff8       0xb8 console.o
                0x80003ff8                _ZN3mod13ConsoleSystem7logInfoEPKcz
 .text._ZN3mod7CC_findEPKc
                0x800040b0      0x12c console.o
                0x800040b0                _ZN3mod7CC_findEPKc
 .text._ZN3mod13ConsoleSystem10logWarningEPKcz
                0x800041dc       0xbc console.o
                0x800041dc                _ZN3mod13ConsoleSystem10logWarningEPKcz
 .text._ZN3mod13ConsoleSystem8logErrorEPKcz
                0x80004298       0xbc console.o
                0x80004298                _ZN3mod13ConsoleSystem8logErrorEPKcz
 .text._ZN3mod13ConsoleSystem7overlayEPKcz
                0x80004354       0xd0 console.o
                0x80004354                _ZN3mod13ConsoleSystem7overlayEPKcz
 .text._ZN3mod13ConsoleSystem14processCommandEPKc
                0x80004424      0x288 console.o
                0x80004424                _ZN3mod13ConsoleSystem14processCommandEPKc
 .text._ZN3mod13ConsoleSystem12updatePromptEv
                0x800046ac      0x974 console.o
                0x800046ac                _ZN3mod13ConsoleSystem12updatePromptEv
 .text._ZN3mod13ConsoleSystem14updateUsbGeckoEv.part.0
                0x80005020      0x19c console.o
 .text._ZN3mod13ConsoleSystem6updateEv
                0x800051bc       0x70 console.o
                0x800051bc                _ZN3mod13ConsoleSystem6updateEv
 .text._ZN3mod13ConsoleSystem4dispEv
                0x8000522c      0x534 console.o
                0x8000522c                _ZN3mod13ConsoleSystem4dispEv
 .text._ZZN3mod13ConsoleSystem6updateEvENUlN4ttyd7dispdrv8CameraIdEPvE_4_FUNES3_S4_
                0x80005760        0x8 console.o
 .text.startup._GLOBAL__sub_I__ZN3mod10ConCommand6sFirstE
                0x80005768      0x1ac console.o
 .text._Znwj    0x80005914        0xc cxx.o
                0x80005914                _Znwj
 .text._Znaj    0x80005920        0xc cxx.o
                0x80005920                _Znaj
 .text._ZN3mod8KeyboardC2Ei
                0x8000592c       0x84 keyboard.o
                0x8000592c                _ZN3mod8KeyboardC2Ei
                0x8000592c                _ZN3mod8KeyboardC1Ei
 .text._ZN3mod8Keyboard6updateEv
                0x800059b0      0x59c keyboard.o
                0x800059b0                _ZN3mod8Keyboard6updateEv
 .text._ZZN3mod3Mod4initEvENUlvE0_4_FUNEv
                0x80005f4c        0x4 mod.o
 .text._ZZN3mod3Mod11updateEarlyEvENUlN4ttyd7dispdrv8CameraIdEPvE_4_FUNES3_S4_
                0x80005f50        0x8 mod.o
 .text._ZZN3mod3Mod4initEvENUlvE_4_FUNEv
                0x80005f58       0x94 mod.o
 .text._ZN3mod3ModC2Ev
                0x80005fec       0xa0 mod.o
                0x80005fec                _ZN3mod3ModC2Ev
                0x80005fec                _ZN3mod3ModC1Ev
 .text._ZN3mod3Mod4initEv
                0x8000608c       0xfc mod.o
                0x8000608c                _ZN3mod3Mod4initEv
 .text.startup._ZN3mod4mainEv
                0x80006188       0x38 mod.o
                0x80006188                _ZN3mod4mainEv
 .text._ZN3mod5patch17clear_DC_IC_CacheEPvj
                0x800061c0       0x40 patch.o
                0x800061c0                _ZN3mod5patch17clear_DC_IC_CacheEPvj
 .text._ZN3mod5patch11writeBranchEPvS1_
                0x80006200       0x4c patch.o
                0x80006200                _ZN3mod5patch11writeBranchEPvS1_
 .text._ZN3mod5patch13writeBranchBLEPvS1_
                0x8000624c       0x50 patch.o
                0x8000624c                _ZN3mod5patch13writeBranchBLEPvS1_
 .text._ZN3mod5patch10writePatchEPvPKvj
                0x8000629c       0x7c patch.o
                0x8000629c                _ZN3mod5patch10writePatchEPvPKvj
 .text._ZN3mod5patch15writeBranchPairEPvS1_S1_
                0x80006318       0x80 patch.o
                0x80006318                _ZN3mod5patch15writeBranchPairEPvS1_S1_
 .text._prolog  0x80006398       0xac rel.o
                0x80006398                _prolog
 .text._epilog  0x80006444       0xac rel.o
                0x80006444                _epilog
 .text._unresolved
                0x800064f0        0x4 rel.o
                0x800064f0                _unresolved
 .text._ZN3mod7ugProbeEi
                0x800064f4      0x110 ug.o
                0x800064f4                _ZN3mod7ugProbeEi
 .text._ZN3mod6ugSendEiPKvi
                0x80006604      0x12c ug.o
                0x80006604                _ZN3mod6ugSendEiPKvi
 .text._ZN3mod6ugRecvEiPvi
                0x80006730      0x124 ug.o
                0x80006730                _ZN3mod6ugRecvEiPvi
 .text.strstr   0x80006854       0xf0 util.o
                0x80006854                strstr
 .text._Z15ApplyAaaPatchesPN2gc6OSLink12OSModuleInfoE
                0x80006944       0x50 aaa.o
                0x80006944                _Z15ApplyAaaPatchesPN2gc6OSLink12OSModuleInfoE
 .text._Z15ApplyAjiPatchesPN2gc6OSLink12OSModuleInfoE
                0x80006994      0x8ac aji.o
                0x80006994                _Z15ApplyAjiPatchesPN2gc6OSLink12OSModuleInfoE
 .text._Z15ApplyBomPatchesPN2gc6OSLink12OSModuleInfoE
                0x80007240      0x32c bom.o
                0x80007240                _Z15ApplyBomPatchesPN2gc6OSLink12OSModuleInfoE
 .text._Z15ApplyDouPatchesPN2gc6OSLink12OSModuleInfoE
                0x8000756c      0x30c dou.o
                0x8000756c                _Z15ApplyDouPatchesPN2gc6OSLink12OSModuleInfoE
 .text._Z15ApplyEkiPatchesPN2gc6OSLink12OSModuleInfoE
                0x80007878      0x280 eki.o
                0x80007878                _Z15ApplyEkiPatchesPN2gc6OSLink12OSModuleInfoE
 .text._Z15ApplyEndPatchesPN2gc6OSLink12OSModuleInfoE
                0x80007af8       0x30 end.o
                0x80007af8                _Z15ApplyEndPatchesPN2gc6OSLink12OSModuleInfoE
 .text._Z15ApplyGonPatchesPN2gc6OSLink12OSModuleInfoE
                0x80007b28      0x354 gon.o
                0x80007b28                _Z15ApplyGonPatchesPN2gc6OSLink12OSModuleInfoE
 .text._Z17ApplyGor00PatchesPN2gc6OSLink12OSModuleInfoE
                0x80007e7c      0x624 gor_00.o
                0x80007e7c                _Z17ApplyGor00PatchesPN2gc6OSLink12OSModuleInfoE
 .text.startup._GLOBAL__sub_I__Z17ApplyGor00PatchesPN2gc6OSLink12OSModuleInfoE
                0x800084a0       0x14 gor_00.o
 .text._Z17ApplyGor01PatchesPN2gc6OSLink12OSModuleInfoE
                0x800084b4      0x444 gor_01.o
                0x800084b4                _Z17ApplyGor01PatchesPN2gc6OSLink12OSModuleInfoE
 .text._Z17ApplyGor02PatchesPN2gc6OSLink12OSModuleInfoE
                0x800088f8       0x20 gor_02.o
                0x800088f8                _Z17ApplyGor02PatchesPN2gc6OSLink12OSModuleInfoE
 .text._Z17ApplyGor03PatchesPN2gc6OSLink12OSModuleInfoE
                0x80008918      0x50c gor_03.o
                0x80008918                _Z17ApplyGor03PatchesPN2gc6OSLink12OSModuleInfoE
 .text._Z17ApplyGor04PatchesPN2gc6OSLink12OSModuleInfoE
                0x80008e24      0x17c gor_04.o
                0x80008e24                _Z17ApplyGor04PatchesPN2gc6OSLink12OSModuleInfoE
 .text._Z19ApplyGorMiscPatchesPN2gc6OSLink12OSModuleInfoE
                0x80008fa0      0x140 gor_misc.o
                0x80008fa0                _Z19ApplyGorMiscPatchesPN2gc6OSLink12OSModuleInfoE
 .text._Z15ApplyGraPatchesPN2gc6OSLink12OSModuleInfoE
                0x800090e0      0x210 gra.o
                0x800090e0                _Z15ApplyGraPatchesPN2gc6OSLink12OSModuleInfoE
 .text._Z15ApplyHeiPatchesPN2gc6OSLink12OSModuleInfoE
                0x800092f0      0x230 hei.o
                0x800092f0                _Z15ApplyHeiPatchesPN2gc6OSLink12OSModuleInfoE
 .text._Z15ApplyHomPatchesPN2gc6OSLink12OSModuleInfoE
                0x80009520      0x140 hom.o
                0x80009520                _Z15ApplyHomPatchesPN2gc6OSLink12OSModuleInfoE
 .text._Z15ApplyJinPatchesPN2gc6OSLink12OSModuleInfoE
                0x80009660      0x324 jin.o
                0x80009660                _Z15ApplyJinPatchesPN2gc6OSLink12OSModuleInfoE
 .text._Z15ApplyKpaPatchesPN2gc6OSLink12OSModuleInfoE
                0x80009984       0xe4 kpa.o
                0x80009984                _Z15ApplyKpaPatchesPN2gc6OSLink12OSModuleInfoE
 .text._Z24ApplyMainAssemblyPatchesv
                0x80009a68      0x4d0 main.o
                0x80009a68                _Z24ApplyMainAssemblyPatchesv
 .text._Z22ApplyMainScriptPatchesv
                0x80009f38      0x1e8 main.o
                0x80009f38                _Z22ApplyMainScriptPatchesv
 .text._Z15ApplyMriPatchesPN2gc6OSLink12OSModuleInfoE
                0x8000a120      0xc14 mri.o
                0x8000a120                _Z15ApplyMriPatchesPN2gc6OSLink12OSModuleInfoE
 .text._Z15ApplyMujPatchesPN2gc6OSLink12OSModuleInfoE
                0x8000ad34      0x998 muj.o
                0x8000ad34                _Z15ApplyMujPatchesPN2gc6OSLink12OSModuleInfoE
 .text._Z15ApplyNokPatchesPN2gc6OSLink12OSModuleInfoE
                0x8000b6cc      0x390 nok.o
                0x8000b6cc                _Z15ApplyNokPatchesPN2gc6OSLink12OSModuleInfoE
 .text._Z15ApplyPikPatchesPN2gc6OSLink12OSModuleInfoE
                0x8000ba5c      0x518 pik.o
                0x8000ba5c                _Z15ApplyPikPatchesPN2gc6OSLink12OSModuleInfoE
 .text._Z15ApplyRshPatchesPN2gc6OSLink12OSModuleInfoE
                0x8000bf74      0xed0 rsh.o
                0x8000bf74                _Z15ApplyRshPatchesPN2gc6OSLink12OSModuleInfoE
 .text._Z18checkChapterClearsPN4ttyd6evtmgr8EvtEntryEb
                0x8000ce44       0x8c tik.o
                0x8000ce44                _Z18checkChapterClearsPN4ttyd6evtmgr8EvtEntryEb
 .text._Z15ApplyTikPatchesPN2gc6OSLink12OSModuleInfoE
                0x8000ced0      0x5c0 tik.o
                0x8000ced0                _Z15ApplyTikPatchesPN2gc6OSLink12OSModuleInfoE
 .text._Z15ApplyTouPatchesPN2gc6OSLink12OSModuleInfoE
                0x8000d490     0x1130 tou.o
                0x8000d490                _Z15ApplyTouPatchesPN2gc6OSLink12OSModuleInfoE
 .text._Z16ApplyTou2PatchesPN2gc6OSLink12OSModuleInfoE
                0x8000e5c0      0x384 tou2.o
                0x8000e5c0                _Z16ApplyTou2PatchesPN2gc6OSLink12OSModuleInfoE
 .text._Z15ApplyUsuPatchesPN2gc6OSLink12OSModuleInfoE
                0x8000e944      0x8e4 usu.o
                0x8000e944                _Z15ApplyUsuPatchesPN2gc6OSLink12OSModuleInfoE
 .text._Z15ApplyWinPatchesPN2gc6OSLink12OSModuleInfoE
                0x8000f228      0x318 win.o
                0x8000f228                _Z15ApplyWinPatchesPN2gc6OSLink12OSModuleInfoE
 .text.__divdi3
                0x8000f540      0x3ec C:/devkitPro/devkitPPC/bin/../lib/gcc/powerpc-eabi/13.1.0\libgcc.a(_divdi3.o)
                0x8000f540                __divdi3
 *(.gnu.warning)
 *(.gnu.linkonce.t.*)
                0x8000f940                        . = ALIGN (0x20)
 *fill*         0x8000f92c       0x14 00000000

.text._ZN3mod13mario_set_posMUlPKcE_4_FUNES2_
                0x00000000       0x6c
 .text._ZN3mod13mario_set_posMUlPKcE_4_FUNES2_
                0x00000000       0x6c con_mario.o
                0x00000000                _ZN3mod13mario_set_posMUlPKcE_4_FUNES2_
                0x00000000                _ZN3mod13mario_set_posMUlPKcE_4_FUNES1_

.text._ZN3mod15perf_fake_spikeMUlPKcE_4_FUNES2_
                0x00000000       0xa8
 .text._ZN3mod15perf_fake_spikeMUlPKcE_4_FUNES2_
                0x00000000       0xa8 con_perf.o
                0x00000000                _ZN3mod15perf_fake_spikeMUlPKcE_4_FUNES1_
                0x00000000                _ZN3mod15perf_fake_spikeMUlPKcE_4_FUNES2_

.text._ZN3mod14seq_change_mapMUlPKcE_4_FUNES2_
                0x00000000       0xf0
 .text._ZN3mod14seq_change_mapMUlPKcE_4_FUNES2_
                0x00000000       0xf0 con_seq.o
                0x00000000                _ZN3mod14seq_change_mapMUlPKcE_4_FUNES2_
                0x00000000                _ZN3mod14seq_change_mapMUlPKcE_4_FUNES1_

.text._ZN3mod8con_monoMUlPNS_9ConIntVarEiE_4_FUNES2_i
                0x00000000       0x3c
 .text._ZN3mod8con_monoMUlPNS_9ConIntVarEiE_4_FUNES2_i
                0x00000000       0x3c console.o
                0x00000000                _ZN3mod8con_monoMUlPNS_9ConIntVarEiE_4_FUNES1_i
                0x00000000                _ZN3mod8con_monoMUlPNS_9ConIntVarEiE_4_FUNES2_i

.fini           0x0000003c        0x4
 *(.fini)
                0x00000040                        . = ALIGN (0x20)
 *fill*         0x0000003c        0x4 00000000
                [!provide]                        PROVIDE (__etext = .)
                [!provide]                        PROVIDE (_etext = .)
                [!provide]                        PROVIDE (etext = .)

.rodata         0x00000040     0xa86c
 *(.rodata)
 *(.rodata.*)
 .rodata._ZZN3mod3owr3OWR4InitEvENUlPKcE_4_FUNES3_.str1.4
                0x00000040       0x79 OWR.o
 *fill*         0x000000b9        0x3 
 .rodata._ZN3mod3owr3OWR6LZTestEv.str1.4
                0x000000bc        0x7 OWR.o
 *fill*         0x000000c3        0x1 
 .rodata._ZN3mod3owr3OWR14OnModuleLoadedEPN2gc6OSLink12OSModuleInfoE
                0x000000c4       0x74 OWR.o
 .rodata._ZN3mod13mario_set_posMUlPKcE_4_FUNES2_.str1.4
                0x00000138        0x9 con_mario.o
 *fill*         0x00000141        0x3 
 .rodata._ZN3modL13mod_if_func22Ev.str1.4
                0x00000144       0x20 con_mario.o
 .rodata._GLOBAL__sub_I__ZN3mod13mario_set_posE.str1.4
                0x00000164       0x1f con_mario.o
 *fill*         0x00000183        0x1 
 .rodata._ZN3modL13mod_if_func46Ev.str1.4
                0x00000184       0x5e con_perf.o
 *fill*         0x000001e2        0x2 
 .rodata._ZN3mod15perf_fake_spikeMUlPKcE_4_FUNES2_.str1.4
                0x000001e4        0x4 con_perf.o
 .rodata._GLOBAL__sub_I__ZN3mod15perf_fake_spikeE.str1.4
                0x000001e8       0x1f con_perf.o
 *fill*         0x00000207        0x1 
 .rodata.cst4   0x00000208       0x10 con_perf.o
 .rodata._ZN3mod14seq_change_mapMUlPKcE_4_FUNES2_.str1.4
                0x00000218       0x20 con_seq.o
 .rodata._GLOBAL__sub_I__ZN3mod13seq_logo_skipE.str1.4
                0x00000238       0x1f con_seq.o
 *fill*         0x00000257        0x1 
 .rodata._ZN3mod13ConsoleSystem8logColorEPKcN2gc6color4E.str1.4
                0x00000258       0x83 console.o
 *fill*         0x000002db        0x1 
 .rodata._ZN3mod7CC_findEPKc.str1.4
                0x000002dc       0x21 console.o
 *fill*         0x000002fd        0x3 
 .rodata._ZN3mod13ConsoleSystem14processCommandEPKc.str1.4
                0x00000300       0x2e console.o
 *fill*         0x0000032e        0x2 
 .rodata._ZN3mod13ConsoleSystem12updatePromptEv
                0x00000330      0x6c0 console.o
 .rodata._ZN3mod13ConsoleSystem14updateUsbGeckoEv.part.0.str1.4
                0x000009f0       0x75 console.o
 *fill*         0x00000a65        0x3 
 .rodata._ZN3mod13ConsoleSystem4dispEv.str1.4
                0x00000a68       0x16 console.o
 *fill*         0x00000a7e        0x2 
 .rodata._GLOBAL__sub_I__ZN3mod10ConCommand6sFirstE.str1.4
                0x00000a80       0x8d console.o
 .rodata._ZZN3mod13ConsoleSystem4dispEvE12kPromptColor
                0x00000b0d        0x4 console.o
 *fill*         0x00000b11        0x3 
 .rodata.cst4   0x00000b14        0x8 console.o
 .rodata.cst4   0x00000b1c        0x4 mod.o
 .rodata._ZL20aji_17_init_evt_hook
                0x00000b20       0x10 aji.o
 .rodata._ZL19aji_17_init_evt_evt
                0x00000b30       0x4c aji.o
 .rodata._ZL20aji_10_init_evt_hook
                0x00000b7c       0x10 aji.o
 .rodata.str1.4
                0x00000b8c       0x43 aji.o
 *fill*         0x00000bcf        0x1 
 .rodata._ZL19aji_10_init_evt_evt
                0x00000bd0      0x284 aji.o
 .rodata._ZL18teshita3_init_hook
                0x00000e54       0x10 aji.o
 .rodata._ZL17teshita3_init_evt
                0x00000e64       0xc0 aji.o
 .rodata._ZL18teshita2_init_hook
                0x00000f24       0x10 aji.o
 .rodata._ZL17teshita2_init_evt
                0x00000f34       0xc0 aji.o
 .rodata._ZL20peach_evt_ele_2_hook
                0x00000ff4       0x24 aji.o
 .rodata._ZL19peach_evt_ele_2_evt
                0x00001018       0x6c aji.o
 .rodata._ZL20aji_00_init_evt_hook
                0x00001084       0x10 aji.o
 .rodata._ZL19aji_00_init_evt_evt
                0x00001094       0x5c aji.o
 .rodata._ZL4npc4
                0x000010f0       0x13 aji.o
 *fill*         0x00001103        0x1 
 .rodata._ZL4npc3
                0x00001104        0x7 aji.o
 *fill*         0x0000110b        0x1 
 .rodata._ZL4npc2
                0x0000110c        0xf aji.o
 *fill*         0x0000111b        0x1 
 .rodata._ZL4npc1
                0x0000111c        0x7 aji.o
 *fill*         0x00001123        0x1 
 .rodata._ZL12evt_elv_hook
                0x00001124       0x28 eki.o
 .rodata.str1.4
                0x0000114c       0x30 eki.o
 .rodata._ZL11evt_elv_evt
                0x0000117c      0x104 eki.o
 .rodata._ZL21gor_00_init_evt2_hook
                0x00001280       0x10 gor_00.o
 .rodata._ZL21gor_00_init_evt1_hook
                0x00001290       0x10 gor_00.o
 .rodata.str1.4
                0x000012a0      0x2ce gor_00.o
 *fill*         0x0000156e        0x2 
 .rodata._ZL16gor_00_init_evt1
                0x00001570      0x1f8 gor_00.o
 .rodata._ZL18korutesu_init_hook
                0x00001768       0x10 gor_00.o
 .rodata._ZL17korutesu_init_evt
                0x00001778       0x58 gor_00.o
 .rodata._ZL20suifubomb_b_talk_evt
                0x000017d0       0xd4 gor_00.o
 .rodata._ZL21suifubomb_b_regl_hook
                0x000018a4       0x10 gor_00.o
 .rodata._ZL20suifubomb_b_regl_evt
                0x000018b4      0x120 gor_00.o
 .rodata._ZL20suifubomb_a_talk_evt
                0x000019d4      0x150 gor_00.o
 .rodata._ZL21suifubomb_a_regl_hook
                0x00001b24       0x10 gor_00.o
 .rodata._ZL20suifubomb_a_regl_evt
                0x00001b34       0x90 gor_00.o
 .rodata._ZL21suifubomb_a_init_hook
                0x00001bc4       0x10 gor_00.o
 .rodata._ZL20suifubomb_a_init_evt
                0x00001bd4       0xc8 gor_00.o
 .rodata._ZL16suifu_b_talk_evt
                0x00001c9c       0xd4 gor_00.o
 .rodata._ZL20luigi_npcEnt_00_hook
                0x00001d70       0x10 gor_00.o
 .rodata._ZL19luigi_npcEnt_00_evt
                0x00001d80       0x80 gor_00.o
 .rodata._ZL18luigi_init_00_hook
                0x00001e00       0x10 gor_00.o
 .rodata._ZL17luigi_init_00_evt
                0x00001e10       0x50 gor_00.o
 .rodata._ZL16mokorim_init_evt
                0x00001e60       0x30 gor_00.o
 .rodata._ZL17suifu_b_init_hook
                0x00001e90       0x10 gor_00.o
 .rodata._ZL16suifu_b_init_evt
                0x00001ea0       0xc8 gor_00.o
 .rodata._ZL17suifu_a_regl_hook
                0x00001f68       0x10 gor_00.o
 .rodata._ZL16suifu_a_regl_evt
                0x00001f78       0x80 gor_00.o
 .rodata._ZL16suifu_a_talk_evt
                0x00001ff8       0xd4 gor_00.o
 .rodata._ZL19odoodo_ani_talk_evt
                0x000020cc       0x20 gor_00.o
 .rodata._ZL15odoodo_talk_evt
                0x000020ec      0x128 gor_00.o
 .rodata._ZL16odoodo_regl_hook
                0x00002214       0x10 gor_00.o
 .rodata._ZL15odoodo_regl_evt
                0x00002224       0x94 gor_00.o
 .rodata._ZL15odoodo_init_evt
                0x000022b8      0x114 gor_00.o
 .rodata._ZL17garawaru_talk_evt
                0x000023cc       0xb8 gor_00.o
 .rodata._ZL18garawaru_regl_hook
                0x00002484       0x10 gor_00.o
 .rodata._ZL17garawaru_regl_evt
                0x00002494      0x120 gor_00.o
 .rodata._ZL18garawaru_init_hook
                0x000025b4       0x10 gor_00.o
 .rodata._ZL17garawaru_init_evt
                0x000025c4      0x140 gor_00.o
 .rodata._ZL7npcEnt2
                0x00002704        0x9 gor_00.o
 *fill*         0x0000270d        0x3 
 .rodata._ZL6npcEnt
                0x00002710        0x9 gor_00.o
 *fill*         0x00002719        0x3 
 .rodata.str1.4
                0x0000271c       0xb2 gor_01.o
 *fill*         0x000027ce        0x2 
 .rodata._ZL15bomhei_talk_evt
                0x000027d0       0x20 gor_01.o
 .rodata._ZL16chusan2_talk_evt
                0x000027f0       0x20 gor_01.o
 .rodata._ZL16chusan1_talk_evt
                0x00002810       0x20 gor_01.o
 .rodata._ZL16kuribo3_talk_evt
                0x00002830       0x20 gor_01.o
 .rodata._ZL16kuribo2_talk_evt
                0x00002850       0x20 gor_01.o
 .rodata._ZL16kuribo1_talk_evt
                0x00002870       0x20 gor_01.o
 .rodata._ZL15roten2_talk_evt
                0x00002890       0x20 gor_01.o
 .rodata._ZL15roten1_talk_evt
                0x000028b0       0x20 gor_01.o
 .rodata._ZL19shoptender_talk_evt
                0x000028d0       0x20 gor_01.o
 .rodata._ZL15kinoji_talk_evt
                0x000028f0       0x20 gor_01.o
 .rodata._ZL19bottakuru_init_hook
                0x00002910       0x10 gor_01.o
 .rodata._ZL18bottakuru_init_evt
                0x00002920       0x70 gor_01.o
 .rodata._ZL18marco_init_01_hook
                0x00002990       0x10 gor_01.o
 .rodata._ZL17marco_init_01_evt
                0x000029a0       0x40 gor_01.o
 .rodata._ZL20badgemaster_talk_evt
                0x000029e0       0x20 gor_01.o
 .rodata._ZL25gor_shine_sprites_03_hook
                0x00002a00       0x10 gor_03.o
 .rodata.str1.4
                0x00002a10      0x139 gor_03.o
 *fill*         0x00002b49        0x3 
 .rodata._ZL20gor_shine_sprites_03
                0x00002b4c       0x54 gor_03.o
 .rodata._ZL20gor_03_init_evt_hook
                0x00002ba0       0x10 gor_03.o
 .rodata._ZL19gor_03_init_evt_evt
                0x00002bb0      0x160 gor_03.o
 .rodata._ZL16maffia3_talk_evt
                0x00002d10       0x20 gor_03.o
 .rodata._ZL16maffia2_talk_evt
                0x00002d30      0x140 gor_03.o
 .rodata._ZL16maffia1_talk_evt
                0x00002e70      0x140 gor_03.o
 .rodata._ZL26maffiaboss_casino_talk_evt
                0x00002fb0       0x20 gor_03.o
 .rodata._ZL26maffiaboss_talk_common_evt
                0x00002fd0      0x120 gor_03.o
 .rodata.str1.4
                0x000030f0        0x7 gor_misc.o
 *fill*         0x000030f7        0x1 
 .rodata._ZL9party_evt
                0x000030f8       0x5c gor_misc.o
 .rodata.str1.4
                0x00003154       0x18 gra.o
 .rodata._ZL17evt_machibuse_evt
                0x0000316c       0x4c gra.o
 .rodata._ZL8doopliss
                0x000031b8        0xb gra.o
 *fill*         0x000031c3        0x1 
 .rodata._ZL20mri_09_init_evt_hook
                0x000031c4       0x10 mri.o
 .rodata.str1.4
                0x000031d4      0x19f mri.o
 *fill*         0x00003373        0x1 
 .rodata._ZL19mri_09_init_evt_evt
                0x00003374      0x14c mri.o
 .rodata._ZL20mri_04_init_evt_hook
                0x000034c0       0x10 mri.o
 .rodata._ZL19mri_04_init_evt_evt
                0x000034d0       0x30 mri.o
 .rodata._ZL16bero_custom_hook
                0x00003500       0x10 mri.o
 .rodata._ZL15bero_custom_evt
                0x00003510       0x44 mri.o
 .rodata._ZL21mri_01_init_evt_hook2
                0x00003554       0x10 mri.o
 .rodata._ZL19mri_01_init_evt_evt
                0x00003564       0x30 mri.o
 .rodata._ZL18puniinfo_talk_hook
                0x00003594       0x10 mri.o
 .rodata._ZL20mri_03_init_evt_hook
                0x000035a4       0x14 mri.o
 .rodata._ZL22mri_03_init_evt_switch
                0x000035b8       0x9c mri.o
 .rodata._ZL20mri_01_init_evt_hook
                0x00003654       0x14 mri.o
 .rodata._ZL22mri_01_init_evt_switch
                0x00003668       0xb0 mri.o
 .rodata._ZL23mri_sister_init_01_hook
                0x00003718       0x10 mri.o
 .rodata._ZL22mri_sister_init_01_evt
                0x00003728       0xa8 mri.o
 .rodata._ZL16puni_2_init_hook
                0x000037d0       0x10 mri.o
 .rodata._ZL15puni_2_init_evt
                0x000037e0       0x78 mri.o
 .rodata._ZL16puni_1_talk_hook
                0x00003858       0x10 mri.o
 .rodata._ZL15puni_1_talk_evt
                0x00003868       0xb0 mri.o
 .rodata._ZL16puni_1_init_hook
                0x00003918       0x10 mri.o
 .rodata._ZL15puni_1_init_evt
                0x00003928       0x78 mri.o
 .rodata._ZL15elder_talk_hook
                0x000039a0       0x10 mri.o
 .rodata._ZL14elder_talk_evt
                0x000039b0       0xb8 mri.o
 .rodata._ZL22mri_elder_init_01_hook
                0x00003a68       0x10 mri.o
 .rodata._ZL21mri_elder_init_01_evt
                0x00003a78       0xcc mri.o
 .rodata._ZL22mri_rival_init_01_hook
                0x00003b44       0x10 mri.o
 .rodata._ZL21mri_rival_init_01_evt
                0x00003b54       0xa8 mri.o
 .rodata._ZL18guide_init_01_hook
                0x00003bfc       0x10 mri.o
 .rodata._ZL17guide_init_01_evt
                0x00003c0c       0x8c mri.o
 .rodata._ZL15guide_talk_hook
                0x00003c98       0x10 mri.o
 .rodata._ZL14guide_talk_evt
                0x00003ca8       0x98 mri.o
 .rodata._ZL18guide_init_00_hook
                0x00003d40       0x10 mri.o
 .rodata._ZL17guide_init_00_evt
                0x00003d50      0x150 mri.o
 .rodata._ZL20muj_01_init_evt_hook
                0x00003ea0       0x14 muj.o
 .rodata._ZL19muj_01_init_evt_evt
                0x00003eb4       0x50 muj.o
 .rodata._ZL21borosuifu_b_talk_hook
                0x00003f04       0x10 muj.o
 .rodata.str1.4
                0x00003f14      0x384 muj.o
 .rodata._ZL20borosuifu_b_talk_evt
                0x00004298       0xf8 muj.o
 .rodata._ZL21borosuifu_a_talk_hook
                0x00004390       0x10 muj.o
 .rodata._ZL20borosuifu_a_talk_evt
                0x000043a0       0xf8 muj.o
 .rodata._ZL24suifu_d_talk_muj_01_hook
                0x00004498       0x10 muj.o
 .rodata._ZL23suifu_d_talk_muj_01_evt
                0x000044a8       0xf8 muj.o
 .rodata._ZL20suifu_bomb_talk_hook
                0x000045a0       0x10 muj.o
 .rodata._ZL19suifu_bomb_talk_evt
                0x000045b0       0xf4 muj.o
 .rodata._ZL20suifu_bomb_init_hook
                0x000046a4       0x10 muj.o
 .rodata._ZL19suifu_bomb_init_evt
                0x000046b4       0x30 muj.o
 .rodata._ZL24suifu_a_talk_muj_01_hook
                0x000046e4       0x10 muj.o
 .rodata._ZL23suifu_a_talk_muj_01_evt
                0x000046f4       0xf4 muj.o
 .rodata._ZL24suifu_a_init_muj_01_hook
                0x000047e8       0x10 muj.o
 .rodata._ZL23suifu_a_init_muj_01_evt
                0x000047f8       0x30 muj.o
 .rodata._ZL23odoodo_init_muj_01_hook
                0x00004828       0x10 muj.o
 .rodata._ZL22odoodo_init_muj_01_evt
                0x00004838       0x30 muj.o
 .rodata._ZL23megane_init_muj_01_hook
                0x00004868       0x10 muj.o
 .rodata._ZL22megane_init_muj_01_evt
                0x00004878       0x30 muj.o
 .rodata._ZL22marco_init_muj_01_hook
                0x000048a8       0x10 muj.o
 .rodata._ZL21marco_init_muj_01_evt
                0x000048b8       0xcc muj.o
 .rodata._ZL25garawaru_talk_muj_01_hook
                0x00004984       0x10 muj.o
 .rodata._ZL24garawaru_talk_muj_01_evt
                0x00004994      0x4b4 muj.o
 .rodata._ZL25garawaru_init_muj_01_hook
                0x00004e48       0x10 muj.o
 .rodata._ZL24garawaru_init_muj_01_evt
                0x00004e58      0x11c muj.o
 .rodata._ZL20muj_00_init_evt_hook
                0x00004f74       0x44 muj.o
 .rodata._ZL21muj_00_init_evt_evt_2
                0x00004fb8       0x70 muj.o
 .rodata._ZL19muj_00_init_evt_evt
                0x00005028       0x40 muj.o
 .rodata._ZL22peton_talk_muj_00_hook
                0x00005068       0x10 muj.o
 .rodata._ZL21peton_talk_muj_00_evt
                0x00005078       0x8c muj.o
 .rodata._ZL21mony_talk_muj_00_hook
                0x00005104       0x10 muj.o
 .rodata._ZL20mony_talk_muj_00_evt
                0x00005114       0x8c muj.o
 .rodata._ZL17nokorin_talk_hook
                0x000051a0       0x10 nok.o
 .rodata.str1.4
                0x000051b0      0x4ee nok.o
 *fill*         0x0000569e        0x2 
 .rodata._ZL16nokorin_talk_evt
                0x000056a0      0x2f4 nok.o
 .rodata._ZL19boss_noko_talk_hook
                0x00005994       0x10 nok.o
 .rodata._ZL18boss_noko_talk_evt
                0x000059a4      0x164 nok.o
 .rodata._ZL20nokonoko_K_talk_hook
                0x00005b08       0x10 nok.o
 .rodata._ZL19nokonoko_K_talk_evt
                0x00005b18       0xd4 nok.o
 .rodata._ZL18nokopapa_talk_hook
                0x00005bec       0x10 nok.o
 .rodata._ZL17nokopapa_talk_evt
                0x00005bfc      0x128 nok.o
 .rodata._ZL16monban_talk_hook
                0x00005d24       0x10 nok.o
 .rodata._ZL15monban_talk_evt
                0x00005d34      0x11c nok.o
 .rodata._ZL20nokonoko_I_talk_hook
                0x00005e50       0x10 nok.o
 .rodata._ZL19nokonoko_I_talk_evt
                0x00005e60       0xd4 nok.o
 .rodata._ZL20nokonoko_H_talk_hook
                0x00005f34       0x10 nok.o
 .rodata._ZL19nokonoko_H_talk_evt
                0x00005f44       0xfc nok.o
 .rodata._ZL20nokonoko_G_talk_hook
                0x00006040       0x10 nok.o
 .rodata._ZL19nokonoko_G_talk_evt
                0x00006050       0xd4 nok.o
 .rodata._ZL15talk_white_hook
                0x00006124       0x10 nok.o
 .rodata._ZL14talk_white_evt
                0x00006134       0xa4 nok.o
 .rodata._ZL15init_white_hook
                0x000061d8       0x10 nok.o
 .rodata._ZL14init_white_evt
                0x000061e8       0x44 nok.o
 .rodata._ZL20nokonoko_F_talk_hook
                0x0000622c       0x10 nok.o
 .rodata._ZL19nokonoko_F_talk_evt
                0x0000623c       0xd4 nok.o
 .rodata._ZL20nokonoko_D_talk_hook
                0x00006310       0x10 nok.o
 .rodata._ZL19nokonoko_D_talk_evt
                0x00006320       0xfc nok.o
 .rodata._ZL20nokonoko_C_talk_hook
                0x0000641c       0x10 nok.o
 .rodata._ZL19nokonoko_C_talk_evt
                0x0000642c       0xd4 nok.o
 .rodata._ZL20nokonoko_B_talk_hook
                0x00006500       0x10 nok.o
 .rodata._ZL19nokonoko_B_talk_evt
                0x00006510       0xd4 nok.o
 .rodata._ZL20nokonoko_A_talk_hook
                0x000065e4       0x10 nok.o
 .rodata._ZL19nokonoko_A_talk_evt
                0x000065f4      0x10c nok.o
 .rodata._ZL14evt_daiza_hook
                0x00006700       0x1c pik.o
 .rodata.str1.4
                0x0000671c      0x142 pik.o
 *fill*         0x0000685e        0x2 
 .rodata._ZL13evt_daiza_evt
                0x00006860       0x5c pik.o
 .rodata._ZL18pik_evt_powan_hook
                0x000068bc       0x28 pik.o
 .rodata._ZL17pik_evt_powan_evt
                0x000068e4       0x94 pik.o
 .rodata._ZL16takun6_talk_hook
                0x00006978       0x10 pik.o
 .rodata._ZL15takun6_talk_evt
                0x00006988       0x78 pik.o
 .rodata._ZL16takun5_talk_hook
                0x00006a00       0x10 pik.o
 .rodata._ZL15takun5_talk_evt
                0x00006a10       0x78 pik.o
 .rodata._ZL16takun4_talk_hook
                0x00006a88       0x10 pik.o
 .rodata._ZL15takun4_talk_evt
                0x00006a98       0xb4 pik.o
 .rodata._ZL18miyageya_talk_hook
                0x00006b4c       0x28 pik.o
 .rodata._ZL17miyageya_talk_evt
                0x00006b74      0x114 pik.o
 .rodata._ZL28talk_madam_ring_return_hook2
                0x00006c88       0x10 rsh.o
 .rodata._ZL28talk_madam_ring_return_hook1
                0x00006c98       0x10 rsh.o
 .rodata._ZL26talk_madam_ring_return_evt
                0x00006ca8       0x78 rsh.o
 .rodata._ZL16init_konari_hook
                0x00006d20       0x10 rsh.o
 .rodata._ZL14init_papa_hook
                0x00006d30       0x10 rsh.o
 .rodata.str1.4
                0x00006d40      0x1d5 rsh.o
 *fill*         0x00006f15        0x3 
 .rodata._ZL15init_konari_evt
                0x00006f18       0x9c rsh.o
 .rodata._ZL15init_powan_hook
                0x00006fb4       0x10 rsh.o
 .rodata._ZL14init_powan_evt
                0x00006fc4       0xec rsh.o
 .rodata._ZL19talk_waitless_hook2
                0x000070b0       0x10 rsh.o
 .rodata._ZL19talk_waitless_hook1
                0x000070c0       0x10 rsh.o
 .rodata._ZL17talk_waitless_evt
                0x000070d0       0x78 rsh.o
 .rodata._ZL21rsh_01_init_evt_hook2
                0x00007148       0x10 rsh.o
 .rodata._ZL19rsh_01_init_evt_evt
                0x00007158       0x8c rsh.o
 .rodata._ZL20rsh_00_init_evt_hook
                0x000071e4       0x10 rsh.o
 .rodata._ZL19rsh_00_init_evt_evt
                0x000071f4       0xb8 rsh.o
 .rodata._ZL20rsh_04_init_evt_hook
                0x000072ac       0x10 rsh.o
 .rodata._ZL20rsh_03_init_evt_hook
                0x000072bc       0x10 rsh.o
 .rodata._ZL20rsh_02_init_evt_hook
                0x000072cc       0x10 rsh.o
 .rodata._ZL21rsh_01_init_evt_hook1
                0x000072dc       0x10 rsh.o
 .rodata._ZL19rsh_04_init_evt_evt
                0x000072ec       0xa4 rsh.o
 .rodata._ZL26rsh_03_init_evt_music_hook
                0x00007390       0x10 rsh.o
 .rodata._ZL21rsh_03_init_evt_music
                0x000073a0      0x1f8 rsh.o
 .rodata._ZL26rsh_02_init_evt_music_hook
                0x00007598       0x10 rsh.o
 .rodata._ZL21rsh_02_init_evt_music
                0x000075a8      0x270 rsh.o
 .rodata._ZL26rsh_01_init_evt_music_hook
                0x00007818       0x10 rsh.o
 .rodata._ZL21rsh_01_init_evt_music
                0x00007828      0x1f8 rsh.o
 .rodata._ZL26rsh_00_init_evt_music_hook
                0x00007a20       0x10 rsh.o
 .rodata._ZL21rsh_00_init_evt_music
                0x00007a30      0x1f8 rsh.o
 .rodata._ZL26rsh_04_init_evt_music_hook
                0x00007c28       0x10 rsh.o
 .rodata._ZL21rsh_04_init_evt_music
                0x00007c38      0x1f8 rsh.o
 .rodata._ZL20rsh_06_init_evt_hook
                0x00007e30       0x10 rsh.o
 .rodata._ZL19rsh_06_init_evt_evt
                0x00007e40      0x178 rsh.o
 .rodata._ZL21tik_05_init_evt_hook2
                0x00007fb8       0x14 tik.o
 .rodata.str1.4
                0x00007fcc      0x227 tik.o
 *fill*         0x000081f3        0x1 
 .rodata._ZL20tik_05_init_evt_evt2
                0x000081f4       0xd4 tik.o
 .rodata._ZL24tik_kurihakase_init_hook
                0x000082c8       0x10 tik.o
 .rodata._ZL23tik_kurihakase_init_evt
                0x000082d8       0x7c tik.o
 .rodata._ZL18master_2_talk_hook
                0x00008354       0x10 tik.o
 .rodata._ZL17master_2_talk_evt
                0x00008364      0x180 tik.o
 .rodata._ZL17borodo4_talk_hook
                0x000084e4       0x10 tik.o
 .rodata._ZL16borodo4_talk_evt
                0x000084f4      0x180 tik.o
 .rodata._ZL17borodo3_talk_hook
                0x00008674       0x10 tik.o
 .rodata._ZL16borodo3_talk_evt
                0x00008684      0x180 tik.o
 .rodata._ZL17chusan4_talk_hook
                0x00008804       0x10 tik.o
 .rodata._ZL16chusan4_talk_evt
                0x00008814      0x180 tik.o
 .rodata._ZL17kuribo5_talk_hook
                0x00008994       0x10 tik.o
 .rodata._ZL16kuribo5_talk_evt
                0x000089a4      0x180 tik.o
 .rodata._ZL20tou_04_init_evt_hook
                0x00008b24       0x10 tou.o
 .rodata._ZL19tou_04_init_evt_evt
                0x00008b34       0x78 tou.o
 .rodata._ZL14yoshi_gswf_evt
                0x00008bac       0x14 tou.o
 .rodata._ZL15jolene_egg_hook
                0x00008bc0       0x10 tou.o
 .rodata.str1.4
                0x00008bd0       0x5c tou.o
 .rodata._ZL14jolene_egg_evt
                0x00008c2c      0x220 tou.o
 .rodata._ZL16talk_sakaba_hook
                0x00008e4c       0x10 tou.o
 .rodata._ZL15talk_sakaba_evt
                0x00008e5c       0x84 tou.o
 .rodata._ZL6jolene
                0x00008ee0        0xb tou.o
 *fill*         0x00008eeb        0x1 
 .rodata._ZL23village_chief_init_hook
                0x00008eec        0xc usu.o
 .rodata._ZL22village_chief_init_evt
                0x00008ef8       0x58 usu.o
 .rodata._ZL27village_chief_pig_init_hook
                0x00008f50        0xc usu.o
 .rodata._ZL26village_chief_pig_init_evt
                0x00008f5c       0x70 usu.o
 .rodata._ZL23village_chief_talk_hook
                0x00008fcc        0xc usu.o
 .rodata.str1.4
                0x00008fd8      0x4b4 usu.o
 .rodata._ZL22village_chief_talk_evt
                0x0000948c      0x1c8 usu.o
 .rodata._ZL20gatekeeper_init_hook
                0x00009654        0xc usu.o
 .rodata._ZL19gatekeeper_init_evt
                0x00009660       0x9c usu.o
 .rodata._ZL24gatekeeper_pig_init_hook
                0x000096fc        0xc usu.o
 .rodata._ZL23gatekeeper_pig_init_evt
                0x00009708       0x88 usu.o
 .rodata._ZL20gatekeeper_talk_hook
                0x00009790        0xc usu.o
 .rodata._ZL19gatekeeper_talk_evt
                0x0000979c      0x114 usu.o
 .rodata._ZL20usu_00_init_evt_hook
                0x000098b0       0x10 usu.o
 .rodata._ZL19usu_00_init_evt_evt
                0x000098c0       0x5c usu.o
 .rodata._ZL20shop_woman_talk_hook
                0x0000991c       0x10 usu.o
 .rodata._ZL19shop_woman_talk_evt
                0x0000992c       0x78 usu.o
 .rodata._ZL18shop_man_talk_hook
                0x000099a4       0x10 usu.o
 .rodata._ZL17shop_man_talk_evt
                0x000099b4       0x78 usu.o
 .rodata._ZL19villagerJ_talk_hook
                0x00009a2c       0x10 usu.o
 .rodata._ZL18villagerJ_talk_evt
                0x00009a3c      0x104 usu.o
 .rodata._ZL19villagerI_talk_hook
                0x00009b40       0x10 usu.o
 .rodata._ZL18villagerI_talk_evt
                0x00009b50      0x104 usu.o
 .rodata._ZL19villagerH_talk_hook
                0x00009c54       0x10 usu.o
 .rodata._ZL18villagerH_talk_evt
                0x00009c64       0xd0 usu.o
 .rodata._ZL19villagerG_talk_hook
                0x00009d34       0x10 usu.o
 .rodata._ZL18villagerG_talk_evt
                0x00009d44       0xf0 usu.o
 .rodata._ZL19villagerF_talk_hook
                0x00009e34       0x10 usu.o
 .rodata._ZL18villagerF_talk_evt
                0x00009e44       0xf0 usu.o
 .rodata._ZL19villagerK_talk_hook
                0x00009f34       0x10 usu.o
 .rodata._ZL18villagerK_talk_evt
                0x00009f44      0x130 usu.o
 .rodata._ZL19villagerE_talk_hook
                0x0000a074       0x10 usu.o
 .rodata._ZL18villagerE_talk_evt
                0x0000a084      0x130 usu.o
 .rodata._ZL19villagerD_talk_hook
                0x0000a1b4       0x10 usu.o
 .rodata._ZL18villagerD_talk_evt
                0x0000a1c4      0x194 usu.o
 .rodata._ZL19villagerC_talk_hook
                0x0000a358       0x10 usu.o
 .rodata._ZL18villagerC_talk_evt
                0x0000a368       0xfc usu.o
 .rodata._ZL19villagerB_talk_hook
                0x0000a464       0x10 usu.o
 .rodata._ZL18villagerB_talk_evt
                0x0000a474       0xfc usu.o
 .rodata._ZL19villagerA_talk_hook
                0x0000a570       0x10 usu.o
 .rodata._ZL18villagerA_talk_evt
                0x0000a580      0x130 usu.o
 .rodata._ZL19villagerA_init_hook
                0x0000a6b0       0x10 usu.o
 .rodata._ZL18villagerA_init_evt
                0x0000a6c0       0x6c usu.o
 .rodata._ZL5mayor
                0x0000a72c        0x5 usu.o
 *fill*         0x0000a731        0x3 
 .rodata._ZL9mayor_pig
                0x0000a734        0x9 usu.o
 *fill*         0x0000a73d        0x3 
 .rodata._ZL8doopliss
                0x0000a740        0xb usu.o
 *fill*         0x0000a74b        0x1 
 .rodata._ZL10gatekeeper
                0x0000a74c        0x5 usu.o
 *fill*         0x0000a751        0x3 
 .rodata._ZL14gatekeeper_pig
                0x0000a754        0x9 usu.o
 *fill*         0x0000a75d        0x3 
 .rodata._ZL12usuVillagerA
                0x0000a760        0x7 usu.o
 *fill*         0x0000a767        0x1 
 .rodata._ZL20win_00_init_evt_hook
                0x0000a768       0x10 win.o
 .rodata._ZL19win_00_init_evt_evt
                0x0000a778       0x30 win.o
 .rodata.str1.4
                0x0000a7a8       0x14 win.o
 .rodata._ZL16majorin_init_evt
                0x0000a7bc       0x30 win.o
 .rodata._ZL16maririn_init_evt
                0x0000a7ec       0x30 win.o
 .rodata._ZL20win_vivian_init_hook
                0x0000a81c       0x10 win.o
 .rodata._ZL19win_vivian_init_evt
                0x0000a82c       0x80 win.o
 *(.gnu.linkonce.r.*)

.rodata1
 *(.rodata1)

.sdata2         0x0000a8ac        0x0
                [!provide]                        PROVIDE (_SDA2_BASE_ = .)
 *(.sdata2)
 *(.sdata2.*)
 *(.gnu.linkonce.s2.*)

.sbss2
 *(.sbss2)
 *(.sbss2.*)
 *(.gnu.linkonce.sb2.*)
                0x0000a8ac                        . = ALIGN (0x4)
                [!provide]                        PROVIDE (__preinit_array_start = .)

.preinit_array
 *(.preinit_array)
                [!provide]                        PROVIDE (__preinit_array_end = .)
                [!provide]                        PROVIDE (__init_array_start = .)

.init_array
 *(.init_array)
                [!provide]                        PROVIDE (__init_array_end = .)
                [!provide]                        PROVIDE (__fini_array_start = .)

.fini_array
 *(.fini_array)
                [!provide]                        PROVIDE (__fini_array_end = .)

.data           0x0000a8ac      0x2f4
 *(.data)
 *(.data.*)
 .data.GSWF_ARR_SIZE
                0x0000a8ac        0x2 OWR.o
                0x0000a8ac                GSWF_ARR_SIZE
 *fill*         0x0000a8ae        0x2 
 .data.GSWF_ARR
                0x0000a8b0       0x14 OWR.o
                0x0000a8b0                GSWF_ARR
 .data._ZN3mod6common12kItemDataArrE
                0x0000a8c4        0x4 common.o
                0x0000a8c4                _ZN3mod6common12kItemDataArrE
 .data._ZL16gor_00_init_evt2
                0x0000a8c8      0x2bc gor_00.o
 *(.gnu.linkonce.d.*)
                0x0000aba0                        . = ALIGN (0x20)
 *fill*         0x0000ab84       0x1c 

.data1
 *(.data1)

.tdata
 *(.tdata .tdata.* .gnu.linkonce.td.*)

.tbss
 *(.tbss .tbss.* .gnu.linkonce.tb.*)
 *(.tcommon)

.eh_frame       0x0000aba0     0x1530
 *(.eh_frame)
 .eh_frame      0x0000aba0      0x184 OWR.o
                                0x20c (size before relaxing)
 .eh_frame      0x0000ad24       0x28 StateManager.o
                                 0x3c (size before relaxing)
 .eh_frame      0x0000ad4c        0x0 common.o
                                 0xc8 (size before relaxing)
 .eh_frame      0x0000ad4c       0x70 con_mario.o
 .eh_frame      0x0000adbc       0x84 con_perf.o
 .eh_frame      0x0000ae40       0xac con_seq.o
 .eh_frame      0x0000aeec      0x454 console.o
                                0x4e8 (size before relaxing)
 .eh_frame      0x0000b340       0x3c cxx.o
                                 0x64 (size before relaxing)
 .eh_frame      0x0000b37c       0x84 keyboard.o
                                0x110 (size before relaxing)
 .eh_frame      0x0000b400       0xe0 mod.o
                                0x11c (size before relaxing)
 .eh_frame      0x0000b4e0       0xd8 patch.o
                                0x1cc (size before relaxing)
 .eh_frame      0x0000b5b8       0x90 rel.o
 .eh_frame      0x0000b648       0xbc ug.o
 .eh_frame      0x0000b704       0x3c util.o
 .eh_frame      0x0000b740       0x28 aaa.o
 .eh_frame      0x0000b768       0x78 aji.o
 .eh_frame      0x0000b7e0       0x40 bom.o
 .eh_frame      0x0000b820       0x40 dou.o
 .eh_frame      0x0000b860       0x40 eki.o
 .eh_frame      0x0000b8a0       0x28 end.o
 .eh_frame      0x0000b8c8       0x3c gon.o
 .eh_frame      0x0000b904       0x7c gor_00.o
 .eh_frame      0x0000b980       0x50 gor_01.o
 .eh_frame      0x0000b9d0       0x28 gor_02.o
 .eh_frame      0x0000b9f8       0x60 gor_03.o
 .eh_frame      0x0000ba58       0x38 gor_04.o
 .eh_frame      0x0000ba90       0x3c gor_misc.o
 .eh_frame      0x0000bacc       0x48 gra.o
 .eh_frame      0x0000bb14       0x3c hei.o
 .eh_frame      0x0000bb50       0x38 hom.o
 .eh_frame      0x0000bb88       0x40 jin.o
 .eh_frame      0x0000bbc8       0x30 kpa.o
 .eh_frame      0x0000bbf8        0x0 las.o
                                 0x40 (size before relaxing)
 .eh_frame      0x0000bbf8       0x6c main.o
 .eh_frame      0x0000bc64        0x0 moo.o
                                 0x30 (size before relaxing)
 .eh_frame      0x0000bc64       0x74 mri.o
 .eh_frame      0x0000bcd8       0x74 muj.o
 .eh_frame      0x0000bd4c       0x54 nok.o
 .eh_frame      0x0000bda0       0x60 pik.o
 .eh_frame      0x0000be00       0x70 rsh.o
 .eh_frame      0x0000be70       0xa0 tik.o
                                 0xdc (size before relaxing)
 .eh_frame      0x0000bf10       0x70 tou.o
 .eh_frame      0x0000bf80       0x40 tou2.o
 .eh_frame      0x0000bfc0       0x74 usu.o
 .eh_frame      0x0000c034       0x60 win.o
 .eh_frame      0x0000c094       0x3c C:/devkitPro/devkitPPC/bin/../lib/gcc/powerpc-eabi/13.1.0\libgcc.a(_divdi3.o)

.gcc_except_table
 *(.gcc_except_table)

.fixup
 *(.fixup)

.got1
 *(.got1)

.got2
 *(.got2)

.dynamic
 *(.dynamic)

.ctors          0x0000c0d0       0x30
 *crtbegin.o(.ctors)
 *(EXCLUDE_FILE(*crtend.o) .ctors)
 .ctors         0x0000c0d0        0x4 OWR.o
 .ctors         0x0000c0d4        0x4 con_mario.o
 .ctors         0x0000c0d8        0x4 con_perf.o
 .ctors         0x0000c0dc        0x4 con_seq.o
 .ctors         0x0000c0e0        0x4 console.o
 .ctors         0x0000c0e4        0x4 gor_00.o
 *(SORT_BY_NAME(.ctors.*))
 *(.ctors)
                0x0000c100                        . = ALIGN (0x20)
 *fill*         0x0000c0e8       0x18 

.dtors          0x0000c100        0x0
 *crtbegin.o(.dtors)
 *(EXCLUDE_FILE(*crtend.o) .dtors)
 *(SORT_BY_NAME(.dtors.*))
 *(.dtors)
                0x0000c100                        . = ALIGN (0x20)

.jcr
 *(.jcr)

.got
 *(.got.plt)
 *(.got)

.sdata          0x0000c100        0x0
                [!provide]                        PROVIDE (_SDA_BASE_ = .)
 *(.sdata)
 *(.sdata.*)
 *(.gnu.linkonce.s.*)
                0x0000c100                        . = ALIGN (0x20)
                0x0000c100                        _edata = .
                [!provide]                        PROVIDE (edata = .)

.sbss           0x0000c100        0x0
                0x0000c100                        __sbss_start = .
                [!provide]                        PROVIDE (__sbss_start = .)
                [!provide]                        PROVIDE (___sbss_start = .)
 *(.dynsbss)
 *(.sbss)
 *(.sbss.*)
 *(.gnu.linkonce.sb.*)
 *(.scommon)
                [!provide]                        PROVIDE (__sbss_end = .)
                [!provide]                        PROVIDE (___sbss_end = .)
                0x0000c100                        . = ALIGN (0x20)
                0x0000c100                        __sbss_end = .

.bss            0x0000c100      0x140
                0x0000c100                        __bss_start = .
                [!provide]                        PROVIDE (__bss_start = .)
 *(.dynbss)
 *(.bss)
 *(.bss.*)
 .bss._ZN3mod3owr22g_msgSearch_trampolineE
                0x0000c100        0x4 OWR.o
                0x0000c100                _ZN3mod3owr22g_msgSearch_trampolineE
 .bss._ZN3mod3owr25g_stg0_00_init_trampolineE
                0x0000c104        0x4 OWR.o
                0x0000c104                _ZN3mod3owr25g_stg0_00_init_trampolineE
 .bss._ZN3mod3owr19g_OSLink_trampolineE
                0x0000c108        0x4 OWR.o
                0x0000c108                _ZN3mod3owr19g_OSLink_trampolineE
 .bss._ZN3mod3owr5gSelfE
                0x0000c10c        0x4 OWR.o
                0x0000c10c                _ZN3mod3owr5gSelfE
 .bss._ZN3mod3owr7item_dbE
                0x0000c110        0x4 OWR.o
                0x0000c110                _ZN3mod3owr7item_dbE
 .bss.gState    0x0000c114        0x4 StateManager.o
                0x0000c114                gState
 .bss._ZN3modL12mod_if_obj22E
                0x0000c118        0x8 con_mario.o
 .bss._ZN3mod14mario_show_posE
                0x0000c120       0x10 con_mario.o
                0x0000c120                _ZN3mod14mario_show_posE
 .bss._ZN3mod13mario_set_posE
                0x0000c130        0xc con_mario.o
                0x0000c130                _ZN3mod13mario_set_posE
 .bss._ZN3modL12mod_if_obj46E
                0x0000c13c        0x8 con_perf.o
 .bss._ZN3mod14mem_debug_heapE
                0x0000c144       0x10 con_perf.o
                0x0000c144                _ZN3mod14mem_debug_heapE
 .bss._ZN3mod15perf_fake_spikeE
                0x0000c154        0xc con_perf.o
                0x0000c154                _ZN3mod15perf_fake_spikeE
 .bss._ZN3mod14seq_change_mapE
                0x0000c160        0xc con_seq.o
                0x0000c160                _ZN3mod14seq_change_mapE
 .bss._ZN3modL12mod_if_obj16E
                0x0000c16c        0x8 con_seq.o
 .bss._ZN3mod24gTrampoline_seq_logoMainE
                0x0000c174        0x4 con_seq.o
                0x0000c174                _ZN3mod24gTrampoline_seq_logoMainE
 .bss._ZN3mod13seq_logo_skipE
                0x0000c178       0x10 con_seq.o
                0x0000c178                _ZN3mod13seq_logo_skipE
 .bss._ZN3mod4findE
                0x0000c188        0xc console.o
                0x0000c188                _ZN3mod4findE
 .bss._ZN3mod11con_ug_chanE
                0x0000c194       0x10 console.o
                0x0000c194                _ZN3mod11con_ug_chanE
 .bss._ZN3mod11con_ug_modeE
                0x0000c1a4       0x10 console.o
                0x0000c1a4                _ZN3mod11con_ug_modeE
 .bss._ZN3mod21con_log_fade_durationE
                0x0000c1b4       0x10 console.o
                0x0000c1b4                _ZN3mod21con_log_fade_durationE
 .bss._ZN3mod18con_log_fade_startE
                0x0000c1c4       0x10 console.o
                0x0000c1c4                _ZN3mod18con_log_fade_startE
 .bss._ZN3mod12con_log_fadeE
                0x0000c1d4       0x10 console.o
                0x0000c1d4                _ZN3mod12con_log_fadeE
 .bss._ZN3mod13con_log_levelE
                0x0000c1e4       0x10 console.o
                0x0000c1e4                _ZN3mod13con_log_levelE
 .bss._ZN3mod11con_rainbowE
                0x0000c1f4       0x10 console.o
                0x0000c1f4                _ZN3mod11con_rainbowE
 .bss._ZN3mod8con_monoE
                0x0000c204       0x10 console.o
                0x0000c204                _ZN3mod8con_monoE
 .bss._ZN3mod8con_showE
                0x0000c214       0x10 console.o
                0x0000c214                _ZN3mod8con_showE
 .bss._ZN3mod8gConsoleE
                0x0000c224        0x4 console.o
                0x0000c224                _ZN3mod8gConsoleE
 .bss._ZN3mod9ConIntVar6sFirstE
                0x0000c228        0x4 console.o
                0x0000c228                _ZN3mod9ConIntVar6sFirstE
 .bss._ZN3mod10ConCommand6sFirstE
                0x0000c22c        0x4 console.o
                0x0000c22c                _ZN3mod10ConCommand6sFirstE
 .bss._ZN3mod4gModE
                0x0000c230        0x4 mod.o
                0x0000c230                _ZN3mod4gModE
 .bss._ZN17ModUpdateFunction6sFirstE
                0x0000c234        0x4 mod.o
                0x0000c234                _ZN17ModUpdateFunction6sFirstE
 .bss._ZN15ModInitFunction6sFirstE
                0x0000c238        0x4 mod.o
                0x0000c238                _ZN15ModInitFunction6sFirstE
 *(.gnu.linkonce.b.*)
 *(COMMON)
                0x0000c240                        . = ALIGN (0x20)
 *fill*         0x0000c23c        0x4 
                [!provide]                        PROVIDE (__bss_end = .)
                0x0000c240                        __bss_end = .
                0x0000c240                        _end = .
                [!provide]                        PROVIDE (end = .)

.bss._ZZNK3mod14seq_change_mapMUlPKcE_clES2_E8beroName
                0x00000000       0x20
 .bss._ZZNK3mod14seq_change_mapMUlPKcE_clES2_E8beroName
                0x00000000       0x20 con_seq.o
                0x00000000                _ZZNK3mod14seq_change_mapMUlPKcE_clES1_E8beroName
                0x00000000                _ZZNK3mod14seq_change_mapMUlPKcE_clES2_E8beroName

.bss._ZZNK3mod14seq_change_mapMUlPKcE_clES2_E7mapName
                0x00000000       0x20
 .bss._ZZNK3mod14seq_change_mapMUlPKcE_clES2_E7mapName
                0x00000000       0x20 con_seq.o
                0x00000000                _ZZNK3mod14seq_change_mapMUlPKcE_clES2_E7mapName
                0x00000000                _ZZNK3mod14seq_change_mapMUlPKcE_clES1_E7mapName

.stab
 *(.stab)

.stabstr
 *(.stabstr)

.stab.excl
 *(.stab.excl)

.stab.exclstr
 *(.stab.exclstr)

.stab.index
 *(.stab.index)

.stab.indexstr
 *(.stab.indexstr)

.comment        0x00000000      0x678
 *(.comment)
 .comment       0x00000000       0x24 OWR.o
 .comment       0x00000024       0x24 StateManager.o
 .comment       0x00000048       0x24 common.o
 .comment       0x0000006c       0x24 con_mario.o
 .comment       0x00000090       0x24 con_perf.o
 .comment       0x000000b4       0x24 con_seq.o
 .comment       0x000000d8       0x24 console.o
 .comment       0x000000fc       0x24 cxx.o
 .comment       0x00000120       0x24 keyboard.o
 .comment       0x00000144       0x24 mod.o
 .comment       0x00000168       0x24 patch.o
 .comment       0x0000018c       0x24 rel.o
 .comment       0x000001b0       0x24 ug.o
 .comment       0x000001d4       0x24 util.o
 .comment       0x000001f8       0x24 aaa.o
 .comment       0x0000021c       0x24 aji.o
 .comment       0x00000240       0x24 bom.o
 .comment       0x00000264       0x24 dou.o
 .comment       0x00000288       0x24 eki.o
 .comment       0x000002ac       0x24 end.o
 .comment       0x000002d0       0x24 gon.o
 .comment       0x000002f4       0x24 gor_00.o
 .comment       0x00000318       0x24 gor_01.o
 .comment       0x0000033c       0x24 gor_02.o
 .comment       0x00000360       0x24 gor_03.o
 .comment       0x00000384       0x24 gor_04.o
 .comment       0x000003a8       0x24 gor_misc.o
 .comment       0x000003cc       0x24 gra.o
 .comment       0x000003f0       0x24 hei.o
 .comment       0x00000414       0x24 hom.o
 .comment       0x00000438       0x24 jin.o
 .comment       0x0000045c       0x24 kpa.o
 .comment       0x00000480       0x24 las.o
 .comment       0x000004a4       0x24 main.o
 .comment       0x000004c8       0x24 moo.o
 .comment       0x000004ec       0x24 mri.o
 .comment       0x00000510       0x24 muj.o
 .comment       0x00000534       0x24 nok.o
 .comment       0x00000558       0x24 pik.o
 .comment       0x0000057c       0x24 rsh.o
 .comment       0x000005a0       0x24 tik.o
 .comment       0x000005c4       0x24 tou.o
 .comment       0x000005e8       0x24 tou2.o
 .comment       0x0000060c       0x24 usu.o
 .comment       0x00000630       0x24 win.o
 .comment       0x00000654       0x24 C:/devkitPro/devkitPPC/bin/../lib/gcc/powerpc-eabi/13.1.0\libgcc.a(_divdi3.o)

.gnu.attributes
                0x00000000       0x10
 .gnu.attributes
                0x00000000       0x10 OWR.o
 .gnu.attributes
                0x00000010       0x10 common.o
 .gnu.attributes
                0x00000020       0x10 con_mario.o
 .gnu.attributes
                0x00000030       0x10 con_perf.o
 .gnu.attributes
                0x00000040       0x10 console.o
 .gnu.attributes
                0x00000050       0x10 mod.o

.group          0x00000000        0xc
 .group         0x00000000        0xc con_mario.o

.group          0x00000000        0xc
 .group         0x00000000        0xc con_perf.o

.group          0x00000000        0xc
 .group         0x00000000        0xc con_seq.o

.group          0x00000000        0x8
 .group         0x00000000        0x8 con_seq.o

.group          0x00000000        0x8
 .group         0x00000000        0x8 con_seq.o

.group          0x00000000        0xc
 .group         0x00000000        0xc console.o

.debug
 *(.debug)

.line
 *(.line)

.debug_srcinfo
 *(.debug_srcinfo)

.debug_sfnames
 *(.debug_sfnames)

.debug_aranges  0x00000000      0x820
 *(.debug_aranges)
 .debug_aranges
                0x00000000       0x88 OWR.o
 .debug_aranges
                0x00000088       0x28 StateManager.o
 .debug_aranges
                0x000000b0       0x60 common.o
 .debug_aranges
                0x00000110       0x30 con_mario.o
 .debug_aranges
                0x00000140       0x30 con_perf.o
 .debug_aranges
                0x00000170       0x38 con_seq.o
 .debug_aranges
                0x000001a8       0xb0 console.o
 .debug_aranges
                0x00000258       0x38 cxx.o
 .debug_aranges
                0x00000290       0x40 keyboard.o
 .debug_aranges
                0x000002d0       0x58 mod.o
 .debug_aranges
                0x00000328       0x78 patch.o
 .debug_aranges
                0x000003a0       0x30 rel.o
 .debug_aranges
                0x000003d0       0x30 ug.o
 .debug_aranges
                0x00000400       0x20 util.o
 .debug_aranges
                0x00000420       0x20 aaa.o
 .debug_aranges
                0x00000440       0x20 aji.o
 .debug_aranges
                0x00000460       0x20 bom.o
 .debug_aranges
                0x00000480       0x20 dou.o
 .debug_aranges
                0x000004a0       0x20 eki.o
 .debug_aranges
                0x000004c0       0x20 end.o
 .debug_aranges
                0x000004e0       0x20 gon.o
 .debug_aranges
                0x00000500       0x28 gor_00.o
 .debug_aranges
                0x00000528       0x20 gor_01.o
 .debug_aranges
                0x00000548       0x20 gor_02.o
 .debug_aranges
                0x00000568       0x20 gor_03.o
 .debug_aranges
                0x00000588       0x20 gor_04.o
 .debug_aranges
                0x000005a8       0x20 gor_misc.o
 .debug_aranges
                0x000005c8       0x20 gra.o
 .debug_aranges
                0x000005e8       0x20 hei.o
 .debug_aranges
                0x00000608       0x20 hom.o
 .debug_aranges
                0x00000628       0x20 jin.o
 .debug_aranges
                0x00000648       0x20 kpa.o
 .debug_aranges
                0x00000668       0x20 las.o
 .debug_aranges
                0x00000688       0x28 main.o
 .debug_aranges
                0x000006b0       0x20 moo.o
 .debug_aranges
                0x000006d0       0x20 mri.o
 .debug_aranges
                0x000006f0       0x20 muj.o
 .debug_aranges
                0x00000710       0x20 nok.o
 .debug_aranges
                0x00000730       0x20 pik.o
 .debug_aranges
                0x00000750       0x20 rsh.o
 .debug_aranges
                0x00000770       0x30 tik.o
 .debug_aranges
                0x000007a0       0x20 tou.o
 .debug_aranges
                0x000007c0       0x20 tou2.o
 .debug_aranges
                0x000007e0       0x20 usu.o
 .debug_aranges
                0x00000800       0x20 win.o

.debug_pubnames
 *(.debug_pubnames)

.debug_info     0x00000000    0x433d4
 *(.debug_info)
 .debug_info    0x00000000     0x3d1c OWR.o
 .debug_info    0x00003d1c      0x3fb StateManager.o
 .debug_info    0x00004117      0xf16 common.o
 .debug_info    0x0000502d     0x2574 con_mario.o
 .debug_info    0x000075a1     0x20ea con_perf.o
 .debug_info    0x0000968b     0x21f6 con_seq.o
 .debug_info    0x0000b881     0x3e13 console.o
 .debug_info    0x0000f694      0x394 cxx.o
 .debug_info    0x0000fa28      0xfaf keyboard.o
 .debug_info    0x000109d7     0x3339 mod.o
 .debug_info    0x00013d10     0x15c5 patch.o
 .debug_info    0x000152d5       0xf3 rel.o
 .debug_info    0x000153c8      0x8d5 ug.o
 .debug_info    0x00015c9d      0x693 util.o
 .debug_info    0x00016330     0x1156 aaa.o
 .debug_info    0x00017486     0x1ce5 aji.o
 .debug_info    0x0001916b     0x1264 bom.o
 .debug_info    0x0001a3cf     0x125a dou.o
 .debug_info    0x0001b629     0x1824 eki.o
 .debug_info    0x0001ce4d     0x1146 end.o
 .debug_info    0x0001df93     0x126e gon.o
 .debug_info    0x0001f201     0x2104 gor_00.o
 .debug_info    0x00021305     0x1933 gor_01.o
 .debug_info    0x00022c38     0x13e2 gor_02.o
 .debug_info    0x0002401a     0x1956 gor_03.o
 .debug_info    0x00025970     0x119c gor_04.o
 .debug_info    0x00026b0c     0x1626 gor_misc.o
 .debug_info    0x00028132     0x163e gra.o
 .debug_info    0x00029770     0x120a hei.o
 .debug_info    0x0002a97a     0x11a6 hom.o
 .debug_info    0x0002bb20     0x126e jin.o
 .debug_info    0x0002cd8e     0x1192 kpa.o
 .debug_info    0x0002df20     0x130e las.o
 .debug_info    0x0002f22e      0x663 main.o
 .debug_info    0x0002f891     0x165a moo.o
 .debug_info    0x00030eeb     0x219b mri.o
 .debug_info    0x00033086     0x1e17 muj.o
 .debug_info    0x00034e9d     0x1b4a nok.o
 .debug_info    0x000369e7     0x19c1 pik.o
 .debug_info    0x000383a8     0x1f7b rsh.o
 .debug_info    0x0003a323     0x271a tik.o
 .debug_info    0x0003ca3d     0x1f5c tou.o
 .debug_info    0x0003e999     0x126e tou2.o
 .debug_info    0x0003fc07     0x2065 usu.o
 .debug_info    0x00041c6c     0x1768 win.o

.debug_abbrev   0x00000000     0x79f2
 *(.debug_abbrev)
 .debug_abbrev  0x00000000      0x846 OWR.o
 .debug_abbrev  0x00000846      0x1ee StateManager.o
 .debug_abbrev  0x00000a34      0x21a common.o
 .debug_abbrev  0x00000c4e      0x600 con_mario.o
 .debug_abbrev  0x0000124e      0x620 con_perf.o
 .debug_abbrev  0x0000186e      0x668 con_seq.o
 .debug_abbrev  0x00001ed6      0x991 console.o
 .debug_abbrev  0x00002867      0x170 cxx.o
 .debug_abbrev  0x000029d7      0x36e keyboard.o
 .debug_abbrev  0x00002d45      0x7b6 mod.o
 .debug_abbrev  0x000034fb      0x2bd patch.o
 .debug_abbrev  0x000037b8       0xeb rel.o
 .debug_abbrev  0x000038a3      0x230 ug.o
 .debug_abbrev  0x00003ad3      0x12d util.o
 .debug_abbrev  0x00003c00      0x183 aaa.o
 .debug_abbrev  0x00003d83      0x24a aji.o
 .debug_abbrev  0x00003fcd      0x183 bom.o
 .debug_abbrev  0x00004150      0x183 dou.o
 .debug_abbrev  0x000042d3      0x219 eki.o
 .debug_abbrev  0x000044ec      0x180 end.o
 .debug_abbrev  0x0000466c      0x183 gon.o
 .debug_abbrev  0x000047ef      0x27e gor_00.o
 .debug_abbrev  0x00004a6d      0x253 gor_01.o
 .debug_abbrev  0x00004cc0      0x1d0 gor_02.o
 .debug_abbrev  0x00004e90      0x23c gor_03.o
 .debug_abbrev  0x000050cc      0x183 gor_04.o
 .debug_abbrev  0x0000524f      0x24b gor_misc.o
 .debug_abbrev  0x0000549a      0x202 gra.o
 .debug_abbrev  0x0000569c      0x183 hei.o
 .debug_abbrev  0x0000581f      0x183 hom.o
 .debug_abbrev  0x000059a2      0x183 jin.o
 .debug_abbrev  0x00005b25      0x183 kpa.o
 .debug_abbrev  0x00005ca8      0x183 las.o
 .debug_abbrev  0x00005e2b      0x148 main.o
 .debug_abbrev  0x00005f73      0x21d moo.o
 .debug_abbrev  0x00006190      0x246 mri.o
 .debug_abbrev  0x000063d6      0x23f muj.o
 .debug_abbrev  0x00006615      0x238 nok.o
 .debug_abbrev  0x0000684d      0x23a pik.o
 .debug_abbrev  0x00006a87      0x237 rsh.o
 .debug_abbrev  0x00006cbe      0x4d7 tik.o
 .debug_abbrev  0x00007195      0x26c tou.o
 .debug_abbrev  0x00007401      0x183 tou2.o
 .debug_abbrev  0x00007584      0x236 usu.o
 .debug_abbrev  0x000077ba      0x238 win.o

.debug_line     0x00000000    0x18211
 *(.debug_line)
 .debug_line    0x00000000      0xc69 OWR.o
 .debug_line    0x00000c69      0x2c8 StateManager.o
 .debug_line    0x00000f31      0x39d common.o
 .debug_line    0x000012ce      0x4e0 con_mario.o
 .debug_line    0x000017ae      0x5f6 con_perf.o
 .debug_line    0x00001da4      0x5b0 con_seq.o
 .debug_line    0x00002354     0x1f5f console.o
 .debug_line    0x000042b3      0x1c9 cxx.o
 .debug_line    0x0000447c      0xcb4 keyboard.o
 .debug_line    0x00005130      0x718 mod.o
 .debug_line    0x00005848      0x80c patch.o
 .debug_line    0x00006054      0x226 rel.o
 .debug_line    0x0000627a      0x4ad ug.o
 .debug_line    0x00006727      0x2cc util.o
 .debug_line    0x000069f3      0x33c aaa.o
 .debug_line    0x00006d2f      0xefa aji.o
 .debug_line    0x00007c29      0x784 bom.o
 .debug_line    0x000083ad      0x76c dou.o
 .debug_line    0x00008b19      0x690 eki.o
 .debug_line    0x000091a9      0x315 end.o
 .debug_line    0x000094be      0x75c gon.o
 .debug_line    0x00009c1a      0x934 gor_00.o
 .debug_line    0x0000a54e      0x735 gor_01.o
 .debug_line    0x0000ac83      0x320 gor_02.o
 .debug_line    0x0000afa3      0x91c gor_03.o
 .debug_line    0x0000b8bf      0x4d3 gor_04.o
 .debug_line    0x0000bd92      0x476 gor_misc.o
 .debug_line    0x0000c208      0x596 gra.o
 .debug_line    0x0000c79e      0x5c4 hei.o
 .debug_line    0x0000cd62      0x461 hom.o
 .debug_line    0x0000d1c3      0x72c jin.o
 .debug_line    0x0000d8ef      0x3b0 kpa.o
 .debug_line    0x0000dc9f      0x95f las.o
 .debug_line    0x0000e5fe      0x8bf main.o
 .debug_line    0x0000eebd      0x3d0 moo.o
 .debug_line    0x0000f28d     0x135b mri.o
 .debug_line    0x000105e8      0xfc4 muj.o
 .debug_line    0x000115ac      0x63d nok.o
 .debug_line    0x00011be9      0x987 pik.o
 .debug_line    0x00012570     0x1815 rsh.o
 .debug_line    0x00013d85      0xbbe tik.o
 .debug_line    0x00014943     0x1d41 tou.o
 .debug_line    0x00016684      0x805 tou2.o
 .debug_line    0x00016e89      0xd30 usu.o
 .debug_line    0x00017bb9      0x658 win.o

.debug_frame
 *(.debug_frame)

.debug_str      0x00000000    0x54fea
 *(.debug_str)
 .debug_str     0x00000000     0x326c OWR.o
 .debug_str     0x0000326c      0x376 StateManager.o
 .debug_str     0x000035e2     0x13e4 common.o
 .debug_str     0x000049c6     0x1a59 con_mario.o
 .debug_str     0x0000641f     0x160e con_perf.o
 .debug_str     0x00007a2d     0x17a6 con_seq.o
 .debug_str     0x000091d3     0x19f9 console.o
 .debug_str     0x0000abcc      0x34e cxx.o
 .debug_str     0x0000af1a      0x955 keyboard.o
 .debug_str     0x0000b86f     0x2db8 mod.o
 .debug_str     0x0000e627      0x6eb patch.o
 .debug_str     0x0000ed12      0x191 rel.o
 .debug_str     0x0000eea3      0x39b ug.o
 .debug_str     0x0000f23e      0x3eb util.o
 .debug_str     0x0000f629     0x1ee3 aaa.o
 .debug_str     0x0001150c     0x2923 aji.o
 .debug_str     0x00013e2f     0x20cc bom.o
 .debug_str     0x00015efb     0x20b0 dou.o
 .debug_str     0x00017fab     0x25ab eki.o
 .debug_str     0x0001a556     0x1edd end.o
 .debug_str     0x0001c433     0x2095 gon.o
 .debug_str     0x0001e4c8     0x2a8d gor_00.o
 .debug_str     0x00020f55     0x24be gor_01.o
 .debug_str     0x00023413     0x21e0 gor_02.o
 .debug_str     0x000255f3     0x26ce gor_03.o
 .debug_str     0x00027cc1     0x1f5c gor_04.o
 .debug_str     0x00029c1d     0x22fe gor_misc.o
 .debug_str     0x0002bf1b     0x233b gra.o
 .debug_str     0x0002e256     0x1fdd hei.o
 .debug_str     0x00030233     0x1f78 hom.o
 .debug_str     0x000321ab     0x209e jin.o
 .debug_str     0x00034249     0x1f33 kpa.o
 .debug_str     0x0003617c     0x217e las.o
 .debug_str     0x000382fa      0x7c9 main.o
 .debug_str     0x00038ac3     0x22e7 moo.o
 .debug_str     0x0003adaa     0x2ddb mri.o
 .debug_str     0x0003db85     0x2af1 muj.o
 .debug_str     0x00040676     0x2643 nok.o
 .debug_str     0x00042cb9     0x25bd pik.o
 .debug_str     0x00045276     0x2c0d rsh.o
 .debug_str     0x00047e83     0x33c6 tik.o
 .debug_str     0x0004b249     0x2db8 tou.o
 .debug_str     0x0004e001     0x20be tou2.o
 .debug_str     0x000500bf     0x2b26 usu.o
 .debug_str     0x00052be5     0x2405 win.o

.debug_loc
 *(.debug_loc)

.debug_macinfo
 *(.debug_macinfo)

.debug_weaknames
 *(.debug_weaknames)

.debug_funcnames
 *(.debug_funcnames)

.debug_typenames
 *(.debug_typenames)

.debug_varnames
 *(.debug_varnames)
                0x00000000                        __isIPL = 0x0
                0x0002c240                        __stack_addr = ((((__bss_start + SIZEOF (.bss)) + 0x20000) + 0x7) & 0xfffffffffffffff8)
                0x0000c240                        __stack_end = (__bss_start + SIZEOF (.bss))
                0x00030240                        __intrstack_addr = (__stack_addr + 0x4000)
                0x0002c240                        __intrstack_end = __stack_addr
                0x00030240                        __Arena1Lo = ((__intrstack_addr + 0x1f) & 0xffffffffffffffe0)
                0x817feff0                        __Arena1Hi = 0x817feff0
                0x817ff000                        __gxregs = ((__Arena1Hi + 0x1f) & 0xffffffffffffffe0)
                [!provide]                        PROVIDE (__stack = 0x817feff0)
                [!provide]                        PROVIDE (__isIPL = __isIPL)
                [!provide]                        PROVIDE (__stack_addr = __stack_addr)
                [!provide]                        PROVIDE (__stack_end = __stack_end)
                [!provide]                        PROVIDE (__intrstack_addr = __intrstack_addr)
                [!provide]                        PROVIDE (__intrstack_end = __intrstack_end)
                [!provide]                        PROVIDE (__Arena1Lo = __Arena1Lo)
                [!provide]                        PROVIDE (__Arena1Hi = __Arena1Hi)
                [!provide]                        PROVIDE (__gxregs = __gxregs)
LOAD H:/GhidraProjects/TTYDAP/TTYDAP/rel/source/cxx.ld
                0x0000c0d0                        _ctors_start = ADDR (.ctors)
                0x0000c100                        _ctors_end = (_ctors_start + SIZEOF (.ctors))
                0x0000c100                        _dtors_start = ADDR (.dtors)
                0x0000c100                        _dtors_end = (_dtors_start + SIZEOF (.dtors))
LOAD OWR.o
LOAD StateManager.o
LOAD common.o
LOAD con_mario.o
LOAD con_perf.o
LOAD con_seq.o
LOAD console.o
LOAD cxx.o
LOAD keyboard.o
LOAD mod.o
LOAD patch.o
LOAD rel.o
LOAD ug.o
LOAD util.o
LOAD aaa.o
LOAD aji.o
LOAD bom.o
LOAD dou.o
LOAD eki.o
LOAD end.o
LOAD gon.o
LOAD gor_00.o
LOAD gor_01.o
LOAD gor_02.o
LOAD gor_03.o
LOAD gor_04.o
LOAD gor_misc.o
LOAD gra.o
LOAD hei.o
LOAD hom.o
LOAD jin.o
LOAD kpa.o
LOAD las.o
LOAD main.o
LOAD moo.o
LOAD mri.o
LOAD muj.o
LOAD nok.o
LOAD pik.o
LOAD rsh.o
LOAD tik.o
LOAD tou.o
LOAD tou2.o
LOAD usu.o
LOAD win.o
LOAD asm_main.o
LOAD patch_ih.o
LOAD C:/devkitPro/devkitPPC/bin/../lib/gcc/powerpc-eabi/13.1.0\libgcc.a
OUTPUT(H:/GhidraProjects/TTYDAP/TTYDAP/rel/rel.jp.elf elf32-powerpc)

.debug_loclists
                0x00000000     0x48d9
 .debug_loclists
                0x00000000      0x5ef OWR.o
 .debug_loclists
                0x000005ef       0x2f StateManager.o
 .debug_loclists
                0x0000061e      0x151 common.o
 .debug_loclists
                0x0000076f       0xa9 con_mario.o
 .debug_loclists
                0x00000818      0x2eb con_perf.o
 .debug_loclists
                0x00000b03       0xf8 con_seq.o
 .debug_loclists
                0x00000bfb     0x1cd1 console.o
 .debug_loclists
                0x000028cc       0x54 cxx.o
 .debug_loclists
                0x00002920      0x886 keyboard.o
 .debug_loclists
                0x000031a6      0x169 mod.o
 .debug_loclists
                0x0000330f      0xc5e patch.o
 .debug_loclists
                0x00003f6d      0x2cd ug.o
 .debug_loclists
                0x0000423a       0xd6 util.o
 .debug_loclists
                0x00004310       0x29 aaa.o
 .debug_loclists
                0x00004339       0x2a aji.o
 .debug_loclists
                0x00004363       0x2a bom.o
 .debug_loclists
                0x0000438d       0x2a dou.o
 .debug_loclists
                0x000043b7       0x2a eki.o
 .debug_loclists
                0x000043e1       0x2c gon.o
 .debug_loclists
                0x0000440d       0x2c gor_00.o
 .debug_loclists
                0x00004439       0x2a gor_01.o
 .debug_loclists
                0x00004463       0x2c gor_03.o
 .debug_loclists
                0x0000448f       0x2a gor_04.o
 .debug_loclists
                0x000044b9       0x2a gor_misc.o
 .debug_loclists
                0x000044e3       0x2a gra.o
 .debug_loclists
                0x0000450d       0x2a hei.o
 .debug_loclists
                0x00004537       0x2a hom.o
 .debug_loclists
                0x00004561       0x2a jin.o
 .debug_loclists
                0x0000458b       0x2a kpa.o
 .debug_loclists
                0x000045b5       0x2a las.o
 .debug_loclists
                0x000045df       0x2a moo.o
 .debug_loclists
                0x00004609       0x2a mri.o
 .debug_loclists
                0x00004633       0x2c muj.o
 .debug_loclists
                0x0000465f       0x2a nok.o
 .debug_loclists
                0x00004689       0x2c pik.o
 .debug_loclists
                0x000046b5       0x2c rsh.o
 .debug_loclists
                0x000046e1      0x14e tik.o
 .debug_loclists
                0x0000482f       0x2c tou.o
 .debug_loclists
                0x0000485b       0x2a tou2.o
 .debug_loclists
                0x00004885       0x2a usu.o
 .debug_loclists
                0x000048af       0x2a win.o

.debug_rnglists
                0x00000000     0x146d
 .debug_rnglists
                0x00000000      0x11b OWR.o
 .debug_rnglists
                0x0000011b       0x4f StateManager.o
 .debug_rnglists
                0x0000016a       0x43 common.o
 .debug_rnglists
                0x000001ad       0x95 con_mario.o
 .debug_rnglists
                0x00000242       0xb4 con_perf.o
 .debug_rnglists
                0x000002f6       0xc4 con_seq.o
 .debug_rnglists
                0x000003ba      0x71c console.o
 .debug_rnglists
                0x00000ad6       0x25 cxx.o
 .debug_rnglists
                0x00000afb      0x315 keyboard.o
 .debug_rnglists
                0x00000e10       0xa0 mod.o
 .debug_rnglists
                0x00000eb0      0x23d patch.o
 .debug_rnglists
                0x000010ed       0x47 rel.o
 .debug_rnglists
                0x00001134       0x73 ug.o
 .debug_rnglists
                0x000011a7       0x21 util.o
 .debug_rnglists
                0x000011c8       0x13 aaa.o
 .debug_rnglists
                0x000011db       0x14 aji.o
 .debug_rnglists
                0x000011ef       0x14 bom.o
 .debug_rnglists
                0x00001203       0x14 dou.o
 .debug_rnglists
                0x00001217       0x14 eki.o
 .debug_rnglists
                0x0000122b       0x13 end.o
 .debug_rnglists
                0x0000123e       0x14 gon.o
 .debug_rnglists
                0x00001252       0x1a gor_00.o
 .debug_rnglists
                0x0000126c       0x14 gor_01.o
 .debug_rnglists
                0x00001280       0x13 gor_02.o
 .debug_rnglists
                0x00001293       0x14 gor_03.o
 .debug_rnglists
                0x000012a7       0x14 gor_04.o
 .debug_rnglists
                0x000012bb       0x14 gor_misc.o
 .debug_rnglists
                0x000012cf       0x14 gra.o
 .debug_rnglists
                0x000012e3       0x14 hei.o
 .debug_rnglists
                0x000012f7       0x14 hom.o
 .debug_rnglists
                0x0000130b       0x14 jin.o
 .debug_rnglists
                0x0000131f       0x14 kpa.o
 .debug_rnglists
                0x00001333       0x14 las.o
 .debug_rnglists
                0x00001347       0x1b main.o
 .debug_rnglists
                0x00001362       0x14 moo.o
 .debug_rnglists
                0x00001376       0x14 mri.o
 .debug_rnglists
                0x0000138a       0x14 muj.o
 .debug_rnglists
                0x0000139e       0x14 nok.o
 .debug_rnglists
                0x000013b2       0x14 pik.o
 .debug_rnglists
                0x000013c6       0x14 rsh.o
 .debug_rnglists
                0x000013da       0x43 tik.o
 .debug_rnglists
                0x0000141d       0x14 tou.o
 .debug_rnglists
                0x00001431       0x14 tou2.o
 .debug_rnglists
                0x00001445       0x14 usu.o
 .debug_rnglists
                0x00001459       0x14 win.o
