
Discarded input sections

 .text          0x00000000        0x0 OWR.o
 .data          0x00000000        0x0 OWR.o
 .bss           0x00000000        0x0 OWR.o
 .text          0x00000000        0x0 StateManager.o
 .data          0x00000000        0x0 StateManager.o
 .bss           0x00000000        0x0 StateManager.o
 .text._ZN3mod3owr12StateManager4InitEv
                0x00000000       0x18 StateManager.o
 .text          0x00000000        0x0 common.o
 .data          0x00000000        0x0 common.o
 .bss           0x00000000        0x0 common.o
 .text._ZN3mod6common14GetCurrentAreaEv
                0x00000000       0x1c common.o
 .text._ZN3mod6common13GetCurrentMapEv
                0x00000000       0x1c common.o
 .text._ZN3mod6common11GetFilenameEv
                0x00000000       0x1c common.o
 .text._ZN3mod6common16GetStorySequenceEv
                0x00000000       0x20 common.o
 .text._ZN3mod6common14GetPitSequenceEv
                0x00000000       0x24 common.o
 .text._ZN3mod6common17GetSavedFlagValueEi
                0x00000000       0x40 common.o
 .text._ZN3mod6common21HasKeyItemInInventoryEs
                0x00000000       0x3c common.o
 .text._ZN3mod6common25GetBattleWindowDataOffsetEv
                0x00000000       0x1c common.o
 .text._ZN3mod6common21GetStatusWindowHeightEv
                0x00000000       0x24 common.o
 .data._ZN3mod6common29kUnknownStatusWindowStructPtrE
                0x00000000        0x4 common.o
 .data._ZN3mod6common10kBattlePtrE
                0x00000000        0x4 common.o
 .data._ZN3mod6common9kPouchPtrE
                0x00000000        0x4 common.o
 .data._ZN3mod6common12kSaveDataPtrE
                0x00000000        0x4 common.o
 .rodata._ZN3mod6common32kUltraHammerChestDespawnIdOffsetE
                0x00000000        0x4 common.o
 .rodata._ZN3mod6common27kObjectCollectionExprOffsetE
                0x00000000        0x4 common.o
 .rodata._ZN3mod6common27kObjectChestScriptPtrOffsetE
                0x00000000        0x4 common.o
 .rodata._ZN3mod6common33kMujModuleFlavioDesiredItemOffsetE
                0x00000000        0x4 common.o
 .rodata._ZN3mod6common36kJinModuleAtomicBooItemGswfSetOffsetE
                0x00000000        0x4 common.o
 .rodata._ZN3mod6common39kJinModuleAtomicBooItemObjectFlagOffsetE
                0x00000000        0x4 common.o
 .rodata._ZN3mod6common32kPitModuleCharlietonChanceOffsetE
                0x00000000        0x4 common.o
 .rodata._ZN3mod6common22kPitModuleNpcArrOffsetE
                0x00000000        0x4 common.o
 .rodata._ZN3mod6common23kSavedWordFlagBaseValueE
                0x00000000        0x4 common.o
 .data._ZN3mod6common20kPiantaParlorItemArrE
                0x00000000        0x4 common.o
 .data._ZN3mod6common21kPitCharlietonItemArrE
                0x00000000        0x4 common.o
 .data._ZN3mod6common12kHowzItemArrE
                0x00000000        0x4 common.o
 .data._ZN3mod6common18kCharlietonItemArrE
                0x00000000        0x4 common.o
 .data._ZN3mod6common14kDazzleItemArrE
                0x00000000        0x4 common.o
 .data._ZN3mod6common20kSuperguardFramesArrE
                0x00000000        0x4 common.o
 .data._ZN3mod6common15kGuardFramesArrE
                0x00000000        0x4 common.o
 .data._ZN3mod6common25kSuperChargePartnerParamsE
                0x00000000        0x4 common.o
 .data._ZN3mod6common18kSuperChargeParamsE
                0x00000000        0x4 common.o
 .data._ZN3mod6common19kPiercingBlowParamsE
                0x00000000        0x4 common.o
 .data._ZN3mod6common18kHammerThrowParamsE
                0x00000000        0x4 common.o
 .data._ZN3mod6common17kKoopaCurseParamsE
                0x00000000        0x4 common.o
 .data._ZN3mod6common15kTradeOffParamsE
                0x00000000        0x4 common.o
 .data._ZN3mod6common17kGulpRecoilParamsE
                0x00000000        0x4 common.o
 .data._ZN3mod6common24kUltraHammerRecoilParamsE
                0x00000000        0x4 common.o
 .data._ZN3mod6common24kSuperHammerRecoilParamsE
                0x00000000        0x4 common.o
 .data._ZN3mod6common8kNextMapE
                0x00000000        0x4 common.o
 .rodata.cst4   0x00000000        0x4 common.o
 .text          0x00000000        0x0 con_mario.o
 .data          0x00000000        0x0 con_mario.o
 .bss           0x00000000        0x0 con_mario.o
 .text          0x00000000        0x0 con_perf.o
 .data          0x00000000        0x0 con_perf.o
 .bss           0x00000000        0x0 con_perf.o
 .text          0x00000000        0x0 con_seq.o
 .data          0x00000000        0x0 con_seq.o
 .bss           0x00000000        0x0 con_seq.o
 .text          0x00000000        0x0 console.o
 .data          0x00000000        0x0 console.o
 .bss           0x00000000        0x0 console.o
 .text._ZN3mod13ConsoleSystem8logDebugEPKcz
                0x00000000       0xb0 console.o
 .text          0x00000000        0x0 cxx.o
 .data          0x00000000        0x0 cxx.o
[...]
Memory Configuration

Name             Origin             Length             Attributes
*default*        0x00000000         0xffffffff

Linker script and memory map

                0x80003100                        . = 0x80003100

.init
 *crt0.o(*.init)
 *(.init)

.plt
 *(.plt)

.interp
 *(.interp)

.hash
 *(.hash)

.dynsym
 *(.dynsym)

.dynstr
 *(.dynstr)

.gnu.version
 *(.gnu.version)

.gnu.version_d
 *(.gnu.version_d)

.gnu.version_r
 *(.gnu.version_r)

.rel.init
 *(.rel.init)

.rela.init
 *(.rela.init)

.rel.text
 *(.rel.text .rel.text.* .rel.gnu.linkonce.t.*)

.rela.text
 *(.rela.text .rela.text.* .rela.gnu.linkonce.t.*)

.rel.fini
 *(.rel.fini)

.rela.fini
 *(.rela.fini)

.rel.rodata
 *(.rel.rodata .rel.rodata.* .rel.gnu.linkonce.r.*)

.rela.rodata
 *(.rela.rodata .rela.rodata.* .rela.gnu.linkonce.r.*)

.rel.data
 *(.rel.data .rel.data.* .rel.gnu.linkonce.d.*)

.rela.data
 *(.rela.data .rela.data.* .rela.gnu.linkonce.d.*)

.rel.tdata
 *(.rel.tdata .rel.tdata.* .rel.gnu.linkonce.td.*)

.rela.tdata
 *(.rela.tdata .rela.tdata.* .rela.gnu.linkonce.td.*)

.rel.tbss
 *(.rel.tbss .rel.tbss.* .rel.gnu.linkonce.tb.*)

.rela.tbss
 *(.rela.tbss .rela.tbss.* .rela.gnu.linkonce.tb.*)

.rel.ctors
 *(.rel.ctors)

.rela.ctors
 *(.rela.ctors)

.rel.dtors
 *(.rel.dtors)

.rela.dtors
 *(.rela.dtors)

.rel.got
 *(.rel.got)

.rela.got
 *(.rela.got)

.rela.got1
 *(.rela.got1)

.rela.got2
 *(.rela.got2)

.rel.sdata
 *(.rel.sdata .rel.sdata.* .rel.gnu.linkonce.s.*)

.rela.sdata
 *(.rela.sdata .rela.sdata.* .rela.gnu.linkonce.s.*)

.rel.sbss
 *(.rel.sbss .rel.sbss.* .rel.gnu.linkonce.sb.*)

.rela.sbss
 *(.rela.sbss .rela.sbss.* .rel.gnu.linkonce.sb.*)

.rel.sdata2
 *(.rel.sdata2 .rel.sdata2.* .rel.gnu.linkonce.s2.*)

.rela.sdata2
 *(.rela.sdata2 .rela.sdata2.* .rela.gnu.linkonce.s2.*)

.rel.sbss2
 *(.rel.sbss2 .rel.sbss2.* .rel.gnu.linkonce.sb2.*)

.rela.sbss2
 *(.rela.sbss2 .rela.sbss2.* .rela.gnu.linkonce.sb2.*)

.rel.bss
 *(.rel.bss .rel.bss.* .rel.gnu.linkonce.b.*)

.rela.bss
 *(.rela.bss .rela.bss.* .rela.gnu.linkonce.b.*)

.rel.plt
 *(.rel.plt)

.rela.plt
 *(.rela.plt)

.text           0x80003100     0xdce0
 *(.text)
 .text          0x80003100        0xc CrashScreenDecrementYPos.o
                0x80003100                asmCrashScreenDecrementYPosStart
                0x80003108                asmCrashScreenDecrementYPosBranchBack
 .text          0x8000310c        0x8 FixBlooperCrash1.o
                0x8000310c                asmFixBlooperCrash1
 .text          0x80003114       0x14 FixBlooperCrash2.o
                0x80003114                asmFixBlooperCrash2
 .text          0x80003128       0x10 PreventDiaryTextboxSelection.o
                0x80003128                asmPreventDiaryTextboxSelection
 .text          0x80003138      0x2d0 asm_main.o
                0x80003138                bMapGXArrInject
                0x80003144                bMapGXArrInjectReturn
                0x80003148                bMapGXArrIncrement
                0x80003150                bMapGXArrIncrementReturn
                0x80003154                bMapGXChSplit
                0x80003160                bMapGXChSplitReturn
                0x80003164                bWinLogArrInject
                0x80003170                bWinLogArrInjectReturn
                0x80003174                bWinLogArrIncrement
                0x8000317c                bWinLogArrIncrementReturn
                0x80003180                bChapterClearCheck
                0x800031c8                bJohoyaSeqAddition
                0x80003200                bPrintPartyAddErrorFix
                0x8000323c                bPrintPartyAddErrorFixReturn
                0x80003240                bPrintPartyErrorFix
                0x8000327c                bPrintPartyErrorFixReturn
                0x80003280                bKururingFloorCapture
                0x80003288                bKururingFloorCaptureReturn
                0x8000328c                bKururingFloorRelease
                0x80003294                bKururingFloorReleaseReturn
                0x80003298                bPowerupblkCapture
                0x800032b0                bPowerupblkCaptureReturn
                0x800032b4                bPowerupblkRelease
                0x800032bc                bPowerupblkReleaseReturn
                0x800032c0                bPeachPointer
                0x80003318                breakfastValueRestore
                0x80003338                bPeachReturn
                0x8000333c                bShopFlagCheck
                0x80003348                bShopFlagCheckReturn
                0x8000334c                win_log_mapGX_arr
 .text          0x80003408       0x58 restfpr_x.o
                0x80003408                _restfpr_14_x
                0x8000340c                _restfpr_15_x
                0x80003410                _restfpr_16_x
                0x80003414                _restfpr_17_x
                0x80003418                _restfpr_18_x
                0x8000341c                _restfpr_19_x
                0x80003420                _restfpr_20_x
                0x80003424                _restfpr_21_x
                0x80003428                _restfpr_22_x
                0x8000342c                _restfpr_23_x
                0x80003430                _restfpr_24_x
                0x80003434                _restfpr_25_x
                0x80003438                _restfpr_26_x
                0x8000343c                _restfpr_27_x
                0x80003440                _restfpr_28_x
                0x80003444                _restfpr_29_x
                0x80003448                _restfpr_30_x
                0x8000344c                _restfpr_31_x
 .text          0x80003460       0x58 restgpr_x.o
                0x80003460                _restgpr_14_x
                0x80003464                _restgpr_15_x
                0x80003468                _restgpr_16_x
                0x8000346c                _restgpr_17_x
                0x80003470                _restgpr_18_x
                0x80003474                _restgpr_19_x
                0x80003478                _restgpr_20_x
                0x8000347c                _restgpr_21_x
                0x80003480                _restgpr_22_x
                0x80003484                _restgpr_23_x
                0x80003488                _restgpr_24_x
                0x8000348c                _restgpr_25_x
                0x80003490                _restgpr_26_x
                0x80003494                _restgpr_27_x
                0x80003498                _restgpr_28_x
                0x8000349c                _restgpr_29_x
                0x800034a0                _restgpr_30_x
                0x800034a4                _restgpr_31_x
 *(.text.*)
 *fill*         0x800034b8        0x0 00000000
 .text._ZN3mod3owr21partySetForceMoveHookEPN4ttyd5party10PartyEntryEfff
                0x800034b8       0x8c OWR.o
                0x800034b8                _ZN3mod3owr21partySetForceMoveHookEPN4ttyd5party10PartyEntryEfff
 .text._ZN3mod3owr19evtMarioSetPoseHookEPN4ttyd6evtmgr8EvtEntryEb
                0x80003544       0x6c OWR.o
                0x80003544                _ZN3mod3owr19evtMarioSetPoseHookEPN4ttyd6evtmgr8EvtEntryEb
 .text._ZN3mod3owr13seqSetSeqHookEN4ttyd6seqdrv8SeqIndexEPKcS5_
                0x800035b0      0x20c OWR.o
                0x800035b0                _ZN3mod3owr13seqSetSeqHookEN4ttyd6seqdrv8SeqIndexEPKcS5_
 .text._ZN3mod3owr16pouchGetItemHookEi
                0x800037bc      0x1ec OWR.o
                0x800037bc                _ZN3mod3owr16pouchGetItemHookEi
 .text._ZN3mod3owr13msgSearchHookEPKc
                0x800039a8      0x5f8 OWR.o
                0x800039a8                _ZN3mod3owr13msgSearchHookEPKc
 .text._ZN3mod3owr3OWRC2Ev
                0x80003fa0        0x4 OWR.o
                0x80003fa0                _ZN3mod3owr3OWRC1Ev
                0x80003fa0                _ZN3mod3owr3OWRC2Ev
 .text._ZN3mod3owr3OWR12SequenceInitEv
                0x80003fa4      0x118 OWR.o
                0x80003fa4                _ZN3mod3owr3OWR12SequenceInitEv
 .text._ZN3mod3owr13checkIfInGameEv
                0x800040bc       0x64 OWR.o
                0x800040bc                _ZN3mod3owr13checkIfInGameEv
 .text._ZN3mod3owr3OWR12HomewardWarpEv
                0x80004120       0x88 OWR.o
                0x80004120                _ZN3mod3owr3OWR12HomewardWarpEv
 .text._ZN3mod3owr3OWR12RecieveItemsEv
                0x800041a8       0x5c OWR.o
                0x800041a8                _ZN3mod3owr3OWR12RecieveItemsEv
 .text._ZN3mod3owr3OWR4InitEv
                0x80004204      0x1e4 OWR.o
                0x80004204                _ZN3mod3owr3OWR4InitEv
 .text._ZN3mod3owr3OWR6UpdateEv
                0x800043e8       0x38 OWR.o
                0x800043e8                _ZN3mod3owr3OWR6UpdateEv
 .text._ZN3mod3owr3OWR14OnModuleLoadedEP12OSModuleInfo
                0x80004420       0x98 OWR.o
                0x80004420                _ZN3mod3owr3OWR14OnModuleLoadedEP12OSModuleInfo
 .text._ZN3mod3owr10OSLinkHookEP12OSModuleInfoPv
                0x800044b8       0x54 OWR.o
                0x800044b8                _ZN3mod3owr10OSLinkHookEP12OSModuleInfoPv
 .text._ZN3mod3owr3OWR10DrawStringEPKcffjf
                0x8000450c       0xc8 OWR.o
                0x8000450c                _ZN3mod3owr3OWR10DrawStringEPKcffjf
 .text.startup._GLOBAL__sub_I__ZN3mod3owr7item_dbE
                0x800045d4       0x14 OWR.o
 .text._ZN3mod3owr12StateManagerC2Ev
                0x800045e8       0x18 StateManager.o
                0x800045e8                _ZN3mod3owr12StateManagerC2Ev
                0x800045e8                _ZN3mod3owr12StateManagerC1Ev
 .text._ZN3modL13mod_if_func24Ev
                0x80004600       0x54 con_mario.o
 .text.startup._GLOBAL__sub_I__ZN3mod13mario_set_posE
                0x80004654       0x88 con_mario.o
 .text._ZN3modL13mod_if_func51Ev
                0x800046dc      0x158 con_perf.o
 .text.startup._GLOBAL__sub_I__ZN3mod15perf_fake_spikeE
                0x80004834       0x8c con_perf.o
 .text._ZN3modL13mod_if_func16Ev
                0x800048c0       0x60 con_seq.o
 .text._ZZN3modL13mod_if_func16EvENUlPN4ttyd6seqdrv7SeqInfoEE_4_FUNES3_
                0x80004920       0x34 con_seq.o
 .text.startup._GLOBAL__sub_I__ZN3mod13seq_logo_skipE
                0x80004954       0x8c con_seq.o
 .text._ZN3mod13ConsoleSystem8logColorEPKcN2gc6color4E
                0x800049e0      0x1e4 console.o
                0x800049e0                _ZN3mod13ConsoleSystem8logColorEPKcN2gc6color4E
 .text._ZN3mod13ConsoleSystem7logInfoEPKcz
                0x80004bc4       0xac console.o
                0x80004bc4                _ZN3mod13ConsoleSystem7logInfoEPKcz
 .text._ZN3mod7CC_findEPKc
                0x80004c70       0xe8 console.o
                0x80004c70                _ZN3mod7CC_findEPKc
 .text._ZN3mod13ConsoleSystem10logWarningEPKcz
                0x80004d58       0xb0 console.o
                0x80004d58                _ZN3mod13ConsoleSystem10logWarningEPKcz
 .text._ZN3mod13ConsoleSystem8logErrorEPKcz
                0x80004e08       0xb0 console.o
                0x80004e08                _ZN3mod13ConsoleSystem8logErrorEPKcz
 .text._ZN3mod13ConsoleSystem7overlayEPKcz
                0x80004eb8       0xbc console.o
                0x80004eb8                _ZN3mod13ConsoleSystem7overlayEPKcz
 .text._ZN3mod13ConsoleSystem12setMonospaceEb
                0x80004f74       0x24 console.o
                0x80004f74                _ZN3mod13ConsoleSystem12setMonospaceEb
 .text._ZN3mod13ConsoleSystem4initEv
                0x80004f98       0x14 console.o
                0x80004f98                _ZN3mod13ConsoleSystem4initEv
 .text._ZN3mod13ConsoleSystem8drawLineEiPKcN2gc6color4E
                0x80004fac       0xa8 console.o
                0x80004fac                _ZN3mod13ConsoleSystem8drawLineEiPKcN2gc6color4E
 .text._ZN3mod13ConsoleSystem14processCommandEPKc
                0x80005054      0x1e4 console.o
                0x80005054                _ZN3mod13ConsoleSystem14processCommandEPKc
 .text._ZN3mod13ConsoleSystem12updatePromptEv
                0x80005238      0x2f0 console.o
                0x80005238                _ZN3mod13ConsoleSystem12updatePromptEv
 .text._ZN3mod13ConsoleSystem14updateUsbGeckoEv
                0x80005528      0x128 console.o
                0x80005528                _ZN3mod13ConsoleSystem14updateUsbGeckoEv
 .text._ZN3mod13ConsoleSystem6updateEv
                0x80005650       0x68 console.o
                0x80005650                _ZN3mod13ConsoleSystem6updateEv
 .text._ZN3mod13ConsoleSystem4dispEv
                0x800056b8      0x368 console.o
                0x800056b8                _ZN3mod13ConsoleSystem4dispEv
 .text._ZZN3mod13ConsoleSystem6updateEvENUlN4ttyd7dispdrv8CameraIdEPvE_4_FUNES3_S4_
                0x80005a20        0x8 console.o
 .text.startup._GLOBAL__sub_I__ZN3mod10ConCommand6sFirstE
                0x80005a28      0x17c console.o
 .text._Znwj    0x80005ba4        0xc cxx.o
                0x80005ba4                _Znwj
 .text._Znaj    0x80005bb0        0x4 cxx.o
                0x80005bb0                _Znaj
 .text._ZdlPv   0x80005bb4        0xc cxx.o
                0x80005bb4                _ZdlPv
 .text._ZdaPv   0x80005bc0        0x4 cxx.o
                0x80005bc0                _ZdaPv
 .text._ZL27checkIndividualStandardHeapPKN2gc2os9ChunkInfoE
                0x80005bc4       0x64 errorHandling.o
 .text._ZL24checkIndividualSmartHeapPKN4ttyd6memory19SmartAllocationDataE
                0x80005c28       0x64 errorHandling.o
 .text._ZL21initStandardHeapErrorPKvib
                0x80005c8c       0x94 errorHandling.o
 .text._ZL18initSmartHeapErrorPKvb
                0x80005d20       0x8c errorHandling.o
 .text._ZN18HeapCorruptionInfo10drawBufferEv
                0x80005dac       0x98 errorHandling.o
                0x80005dac                _ZN18HeapCorruptionInfo10drawBufferEv
 .text._ZN21NpcNameToPtrErrorInfo16drawErrorMessageEv
                0x80005e44       0x9c errorHandling.o
                0x80005e44                _ZN21NpcNameToPtrErrorInfo16drawErrorMessageEv
 .text._ZN21AnimPoseMainErrorInfo16drawErrorMessageEv
                0x80005ee0       0x9c errorHandling.o
                0x80005ee0                _ZN21AnimPoseMainErrorInfo16drawErrorMessageEv
 .text._Z10checkHeapsv
                0x80005f7c      0x168 errorHandling.o
                0x80005f7c                _Z10checkHeapsv
 .text._Z17drawErrorMessagesv
                0x800060e4       0x74 errorHandling.o
                0x800060e4                _Z17drawErrorMessagesv
 .text._Z25checkForNpcNameToPtrErrorPKc
                0x80006158       0x6c errorHandling.o
                0x80006158                _Z25checkForNpcNameToPtrErrorPKc
 .text._Z24preventAnimPoseMainCrashi
                0x800061c4       0x54 errorHandling.o
                0x800061c4                _Z24preventAnimPoseMainCrashi
 .text.startup._GLOBAL__sub_I_npcNameToPtrErrorInfo
                0x80006218       0x1c errorHandling.o
 .text.exit._GLOBAL__sub_D_npcNameToPtrErrorInfo
                0x80006234       0x14 errorHandling.o
 .text._ZL22fixPouchInitMemoryLeakij
                0x80006248       0x4c gamePatches.o
 .text._ZL12autoMashTextN2gc3pad5PadIdE
                0x80006294       0x48 gamePatches.o
 .text._ZL14fixMapProblemsv
                0x800062dc       0xe8 gamePatches.o
 .text.cFixBlooperCrash1
                0x800063c4       0x38 gamePatches.o
                0x800063c4                cFixBlooperCrash1
 .text.cCrashScreenDecrementYPos
                0x800063fc       0x28 gamePatches.o
                0x800063fc                cCrashScreenDecrementYPos
 .text.cPreventDiaryTextboxOptionSelection
                0x80006424       0x58 gamePatches.o
                0x80006424                cPreventDiaryTextboxOptionSelection
 .text._Z14applyGameFixesv
                0x8000647c       0x68 gamePatches.o
                0x8000647c                _Z14applyGameFixesv
 .text._Z23applyVariousGamePatchesv
                0x800064e4       0xe8 gamePatches.o
                0x800064e4                _Z23applyVariousGamePatchesv
 .text._ZN3mod8Keyboard7connectEv
                0x800065cc       0x58 keyboard.o
                0x800065cc                _ZN3mod8Keyboard7connectEv
 .text._ZN3mod8KeyboardC2Ei
                0x80006624       0x20 keyboard.o
                0x80006624                _ZN3mod8KeyboardC2Ei
                0x80006624                _ZN3mod8KeyboardC1Ei
 .text._ZN3mod8Keyboard10disconnectEv
                0x80006644       0x40 keyboard.o
                0x80006644                _ZN3mod8Keyboard10disconnectEv
 .text._ZN3mod8Keyboard6updateEv
                0x80006684      0x1d4 keyboard.o
                0x80006684                _ZN3mod8Keyboard6updateEv
 .text._ZZN3mod3Mod4initEvENUlvE0_4_FUNEv
                0x80006858        0x4 mod.o
 .text._ZZN3mod3Mod11updateEarlyEvENUlN4ttyd7dispdrv8CameraIdEPvE_4_FUNES3_S4_
                0x8000685c        0x4 mod.o
 .text._ZN3mod3ModC2Ev
                0x80006860       0x90 mod.o
                0x80006860                _ZN3mod3ModC2Ev
                0x80006860                _ZN3mod3ModC1Ev
 .text._ZN3mod3Mod4initEv
                0x800068f0      0x188 mod.o
                0x800068f0                _ZN3mod3Mod4initEv
 .text.startup._ZN3mod4mainEv
                0x80006a78       0x38 mod.o
                0x80006a78                _ZN3mod4mainEv
 .text._ZN3mod3Mod11updateEarlyEv
                0x80006ab0       0x8c mod.o
                0x80006ab0                _ZN3mod3Mod11updateEarlyEv
 .text._ZZN3mod3Mod4initEvENUlvE_4_FUNEv
                0x80006b3c        0xc mod.o
 .text._ZN3mod5patch17clear_DC_IC_CacheEPvj
                0x80006b48       0x3c patch.o
                0x80006b48                _ZN3mod5patch17clear_DC_IC_CacheEPvj
 .text._ZN3mod5patch14writeEvtBranchEPiPKib
                0x80006b84       0x1c patch.o
                0x80006b84                _ZN3mod5patch14writeEvtBranchEPiPKib
 .text._ZN3mod5patch15writeBranchMainEPvS1_j
                0x80006ba0       0x18 patch.o
                0x80006ba0                _ZN3mod5patch15writeBranchMainEPvS1_j
 .text._ZN3mod5patch11writeBranchEPvS1_
                0x80006bb8        0x8 patch.o
                0x80006bb8                _ZN3mod5patch11writeBranchEPvS1_
 .text._ZN3mod5patch21writeStandardBranchesEPvS1_S1_
                0x80006bc0       0x3c patch.o
                0x80006bc0                _ZN3mod5patch21writeStandardBranchesEPvS1_S1_
 .text._ZN3mod5patch13writeBranchBLEPvS1_
                0x80006bfc        0xc patch.o
                0x80006bfc                _ZN3mod5patch13writeBranchBLEPvS1_
 .text._ZN3mod5patch10writePatchEPvPKvj
                0x80006c08       0x5c patch.o
                0x80006c08                _ZN3mod5patch10writePatchEPvPKvj
 .text._ZN3mod5patch10writePatchEPvj
                0x80006c64       0x2c patch.o
                0x80006c64                _ZN3mod5patch10writePatchEPvj
 .text._ZN3mod5patch15writeBranchPairEPvS1_S1_
                0x80006c90       0x3c patch.o
                0x80006c90                _ZN3mod5patch15writeBranchPairEPvS1_S1_
 .text._ZN3mod5patch17writeIntWithCacheEPvj
                0x80006ccc        0xc patch.o
                0x80006ccc                _ZN3mod5patch17writeIntWithCacheEPvj
 .text.vsnprintf
                0x80006cd8       0x70 printf.o
                0x80006cd8                vsnprintf
 .text.snprintf
                0x80006d48       0x7c printf.o
                0x80006d48                snprintf
 .text._prolog  0x80006dc4       0x5c rel.o
                0x80006dc4                _prolog
 .text._epilog  0x80006e20       0x4c rel.o
                0x80006e20                _epilog
 .text._unresolved
                0x80006e6c        0x4 rel.o
                0x80006e6c                _unresolved
 .text._ZN3modL10ugTransferEiPvib
                0x80006e70      0x124 ug.o
 .text._ZN3mod7ugProbeEi
                0x80006f94       0xf8 ug.o
                0x80006f94                _ZN3mod7ugProbeEi
 .text._ZN3mod6ugSendEiPKvi
                0x8000708c        0x8 ug.o
                0x8000708c                _ZN3mod6ugSendEiPKvi
 .text._ZN3mod6ugRecvEiPvi
                0x80007094        0x8 ug.o
                0x80007094                _ZN3mod6ugRecvEiPvi
 .text.strstr   0x8000709c       0x90 util.o
                0x8000709c                strstr
 .text._ZN3mod4util16checkButtonComboEj
                0x8000712c       0x4c util.o
                0x8000712c                _ZN3mod4util16checkButtonComboEj
 .text._ZN3mod4util26checkButtonComboEveryFrameEj
                0x80007178       0x34 util.o
                0x80007178                _ZN3mod4util26checkButtonComboEveryFrameEj
 .text._ZN3mod4util10ptrIsValidEPv
                0x800071ac       0x30 util.o
                0x800071ac                _ZN3mod4util10ptrIsValidEPv
 .text._ZN3mod4util10intToFloatEi
                0x800071dc       0x30 util.o
                0x800071dc                _ZN3mod4util10intToFloatEi
 .text._ZN3mod4util25getTextMultilineIncrementEPKcfj
                0x8000720c       0x4c util.o
                0x8000720c                _ZN3mod4util25getTextMultilineIncrementEPKcfj
 .text._Z15ApplyAaaPatchesv
                0x80007258       0x50 aaa.o
                0x80007258                _Z15ApplyAaaPatchesv
 .text._Z17checkIntermissionPN4ttyd6evtmgr8EvtEntryEb
                0x800072a8       0xd4 aji.o
                0x800072a8                _Z17checkIntermissionPN4ttyd6evtmgr8EvtEntryEb
 .text._Z15ApplyAjiPatchesv
                0x8000737c      0x874 aji.o
                0x8000737c                _Z15ApplyAjiPatchesv
 .text._Z15ApplyBomPatchesv
                0x80007bf0      0x300 bom.o
                0x80007bf0                _Z15ApplyBomPatchesv
 .text._Z15ApplyDouPatchesv
                0x80007ef0      0x2f8 dou.o
                0x80007ef0                _Z15ApplyDouPatchesv
 .text._Z15ApplyEkiPatchesv
                0x800081e8      0x254 eki.o
                0x800081e8                _Z15ApplyEkiPatchesv
 .text._Z15ApplyEndPatchesv
                0x8000843c       0x30 end.o
                0x8000843c                _Z15ApplyEndPatchesv
 .text._Z15ApplyGonPatchesv
                0x8000846c      0x388 gon.o
                0x8000846c                _Z15ApplyGonPatchesv
 .text._Z17ApplyGor00Patchesv
                0x800087f4      0x5cc gor_00.o
                0x800087f4                _Z17ApplyGor00Patchesv
 .text.startup._GLOBAL__sub_I__Z17ApplyGor00Patchesv
                0x80008dc0       0x14 gor_00.o
 .text._Z17ApplyGor01Patchesv
                0x80008dd4      0x410 gor_01.o
                0x80008dd4                _Z17ApplyGor01Patchesv
 .text._Z17ApplyGor02Patchesv
                0x800091e4      0x3fc gor_02.o
                0x800091e4                _Z17ApplyGor02Patchesv
 .text._Z17ApplyGor03Patchesv
                0x800095e0      0x478 gor_03.o
                0x800095e0                _Z17ApplyGor03Patchesv
 .text._Z17ApplyGor04Patchesv
                0x80009a58      0x170 gor_04.o
                0x80009a58                _Z17ApplyGor04Patchesv
 .text._Z19ApplyGorMiscPatchesv
                0x80009bc8      0x14c gor_misc.o
                0x80009bc8                _Z19ApplyGorMiscPatchesv
 .text._Z15ApplyGorPatchesv
                0x80009d14       0x30 gor_misc.o
                0x80009d14                _Z15ApplyGorPatchesv
 .text._Z15ApplyGraPatchesv
                0x80009d44      0x218 gra.o
                0x80009d44                _Z15ApplyGraPatchesv
 .text._Z15ApplyHeiPatchesv
                0x80009f5c      0x294 hei.o
                0x80009f5c                _Z15ApplyHeiPatchesv
 .text._Z15ApplyHomPatchesv
                0x8000a1f0      0x140 hom.o
                0x8000a1f0                _Z15ApplyHomPatchesv
 .text._Z15ApplyJinPatchesv
                0x8000a330      0x348 jin.o
                0x8000a330                _Z15ApplyJinPatchesv
 .text._Z15ApplyKpaPatchesv
                0x8000a678       0xd0 kpa.o
                0x8000a678                _Z15ApplyKpaPatchesv
 .text._Z15ApplyLasPatchesv
                0x8000a748      0x510 las.o
                0x8000a748                _Z15ApplyLasPatchesv
 .text._Z12setShopFlagsPN4ttyd6evtmgr8EvtEntryEb
                0x8000ac58       0x8c main.o
                0x8000ac58                _Z12setShopFlagsPN4ttyd6evtmgr8EvtEntryEb
 .text.checkShopFlag
                0x8000ace4       0x84 main.o
                0x8000ace4                checkShopFlag
 .text._Z24ApplyMainAssemblyPatchesv
                0x8000ad68      0x94c main.o
                0x8000ad68                _Z24ApplyMainAssemblyPatchesv
 .text._Z22ApplyMainScriptPatchesv
                0x8000b6b4      0x1e8 main.o
                0x8000b6b4                _Z22ApplyMainScriptPatchesv
 .text._Z25ApplyItemDataTablePatchesv
                0x8000b89c      0x15c main.o
                0x8000b89c                _Z25ApplyItemDataTablePatchesv
 .text._Z15ApplyMriPatchesv
                0x8000b9f8      0xba4 mri.o
                0x8000b9f8                _Z15ApplyMriPatchesv
 .text._Z14coconut_removePN4ttyd6evtmgr8EvtEntryEb
                0x8000c59c       0x98 muj.o
                0x8000c59c                _Z14coconut_removePN4ttyd6evtmgr8EvtEntryEb
 .text._Z15ApplyMujPatchesv
                0x8000c634      0xafc muj.o
                0x8000c634                _Z15ApplyMujPatchesv
 .text._Z15ApplyNokPatchesv
                0x8000d130      0x36c nok.o
                0x8000d130                _Z15ApplyNokPatchesv
 .text._Z15ApplyPikPatchesv
                0x8000d49c      0x524 pik.o
                0x8000d49c                _Z15ApplyPikPatchesv
 .text._Z15ApplyRshPatchesv
                0x8000d9c0      0xe38 rsh.o
                0x8000d9c0                _Z15ApplyRshPatchesv
 .text._Z24checkChapterRequirementsPN4ttyd6evtmgr8EvtEntryEb
                0x8000e7f8       0x7c tik.o
                0x8000e7f8                _Z24checkChapterRequirementsPN4ttyd6evtmgr8EvtEntryEb
 .text._Z18checkChapterClearsPN4ttyd6evtmgr8EvtEntryEb
                0x8000e874       0x5c tik.o
                0x8000e874                _Z18checkChapterClearsPN4ttyd6evtmgr8EvtEntryEb
 .text._Z15ApplyTikPatchesv
                0x8000e8d0      0x598 tik.o
                0x8000e8d0                _Z15ApplyTikPatchesv
 .text._Z15ApplyTouPatchesv
                0x8000ee68     0x10b0 tou.o
                0x8000ee68                _Z15ApplyTouPatchesv
 .text._Z16ApplyTou2Patchesv
                0x8000ff18      0x34c tou2.o
                0x8000ff18                _Z16ApplyTou2Patchesv
 .text._Z15ApplyUsuPatchesv
                0x80010264      0x884 usu.o
                0x80010264                _Z15ApplyUsuPatchesv
 .text._Z15ApplyWinPatchesv
                0x80010ae8      0x2e4 win.o
                0x80010ae8                _Z15ApplyWinPatchesv
 *(.gnu.warning)
 *(.gnu.linkonce.t.*)
                0x80010de0                        . = ALIGN (0x20)
 *fill*         0x80010dcc       0x14 00000000

.text._ZN3mod13mario_set_posMUlPKcE_4_FUNES2_
                0x00000000       0x5c
 .text._ZN3mod13mario_set_posMUlPKcE_4_FUNES2_
                0x00000000       0x5c con_mario.o
                0x00000000                _ZN3mod13mario_set_posMUlPKcE_4_FUNES2_
                0x00000000                _ZN3mod13mario_set_posMUlPKcE_4_FUNES1_

.text._ZN3mod15perf_fake_spikeMUlPKcE_4_FUNES2_
                0x00000000       0x7c
 .text._ZN3mod15perf_fake_spikeMUlPKcE_4_FUNES2_
                0x00000000       0x7c con_perf.o
                0x00000000                _ZN3mod15perf_fake_spikeMUlPKcE_4_FUNES1_
                0x00000000                _ZN3mod15perf_fake_spikeMUlPKcE_4_FUNES2_

.text._ZN3mod14seq_change_mapMUlPKcE_4_FUNES2_
                0x00000000       0xc4
 .text._ZN3mod14seq_change_mapMUlPKcE_4_FUNES2_
                0x00000000       0xc4 con_seq.o
                0x00000000                _ZN3mod14seq_change_mapMUlPKcE_4_FUNES2_
                0x00000000                _ZN3mod14seq_change_mapMUlPKcE_4_FUNES1_

.text._ZN3mod8con_monoMUlPNS_9ConIntVarEiE_4_FUNES2_i
                0x00000000       0x18
 .text._ZN3mod8con_monoMUlPNS_9ConIntVarEiE_4_FUNES2_i
                0x00000000       0x18 console.o
                0x00000000                _ZN3mod8con_monoMUlPNS_9ConIntVarEiE_4_FUNES1_i
                0x00000000                _ZN3mod8con_monoMUlPNS_9ConIntVarEiE_4_FUNES2_i

.text._ZN18HeapCorruptionInfo10initBufferEv
                0x00000000       0x34
 .text._ZN18HeapCorruptionInfo10initBufferEv
                0x00000000       0x34 errorHandling.o
                0x00000000                _ZN18HeapCorruptionInfo10initBufferEv

.fini           0x00000034        0xc
 *(.fini)
                0x00000040                        . = ALIGN (0x20)
 *fill*         0x00000034        0xc 00000000
                [!provide]                        PROVIDE (__etext = .)
                [!provide]                        PROVIDE (_etext = .)
                [!provide]                        PROVIDE (etext = .)

.rodata         0x00000040     0xcd8d
 *(.rodata)
 *(.rodata.*)
 .rodata._ZN3mod3owr13seqSetSeqHookEN4ttyd6seqdrv8SeqIndexEPKcS5_.str1.1
                0x00000040       0x55 OWR.o
 *fill*         0x00000095        0x3 
 .rodata._ZN3mod3owr16pouchGetItemHookEi
                0x00000098       0x10 OWR.o
 .rodata._ZN3mod3owr13msgSearchHookEPKc.str1.1
                0x000000a8      0x567 OWR.o
 *fill*         0x0000060f        0x1 
 .rodata._ZN3mod3owr3OWR14OnModuleLoadedEP12OSModuleInfo
                0x00000610       0x70 OWR.o
 .rodata._ZL8GSWF_ARR
                0x00000680       0x20 OWR.o
 .rodata.cst4   0x000006a0        0x4 OWR.o
 .rodata._ZN3mod13mario_set_posMUlPKcE_4_FUNES2_.str1.1
                0x000006a4        0x9 con_mario.o
 .rodata._ZN3modL13mod_if_func24Ev.str1.1
                0x000006ad       0x20 con_mario.o
 .rodata._GLOBAL__sub_I__ZN3mod13mario_set_posE.str1.1
                0x000006cd       0x1d con_mario.o
 .rodata._ZN3modL13mod_if_func51Ev.str1.1
                0x000006ea       0x5b con_perf.o
 .rodata._ZN3mod15perf_fake_spikeMUlPKcE_4_FUNES2_.str1.1
                0x00000745        0x3 con_perf.o
 .rodata._GLOBAL__sub_I__ZN3mod15perf_fake_spikeE.str1.1
                0x00000748       0x1f con_perf.o
 *fill*         0x00000767        0x1 
 .rodata.cst4   0x00000768        0xc con_perf.o
 .rodata._ZN3mod14seq_change_mapMUlPKcE_4_FUNES2_.str1.1
                0x00000774       0x1e con_seq.o
 .rodata._GLOBAL__sub_I__ZN3mod13seq_logo_skipE.str1.1
                0x00000792       0x1d con_seq.o
 .rodata._ZN3mod13ConsoleSystem8logColorEPKcN2gc6color4E.str1.1
                0x000007af       0x80 console.o
 .rodata._ZN3mod7CC_findEPKc.str1.1
                0x0000082f       0x1d console.o
 .rodata._ZN3mod13ConsoleSystem14processCommandEPKc.str1.1
                0x0000084c       0x28 console.o
 .rodata._ZN3mod13ConsoleSystem14updateUsbGeckoEv.str1.1
                0x00000874       0x74 console.o
 .rodata._ZN3mod13ConsoleSystem4dispEv.str1.1
                0x000008e8       0x16 console.o
 .rodata._GLOBAL__sub_I__ZN3mod10ConCommand6sFirstE.str1.1
                0x000008fe       0x7f console.o
 .rodata._ZZN3mod13ConsoleSystem4dispEvE12kPromptColor
                0x0000097d        0x4 console.o
 *fill*         0x00000981        0x3 
 .rodata.cst4   0x00000984        0x8 console.o
 .rodata._ZL21initStandardHeapErrorPKvib.str1.1
                0x0000098c       0x30 errorHandling.o
 .rodata._ZL18initSmartHeapErrorPKvb.str1.1
                0x000009bc       0x23 errorHandling.o
 .rodata._ZN21NpcNameToPtrErrorInfo16drawErrorMessageEv.str1.1
                0x000009df       0x1f errorHandling.o
 .rodata._ZN21AnimPoseMainErrorInfo16drawErrorMessageEv.str1.1
                0x000009fe       0x1f errorHandling.o
 .rodata._Z10checkHeapsv.str1.1
                0x00000a1d       0x21 errorHandling.o
 *fill*         0x00000a3e        0x2 
 .rodata.cst4   0x00000a40       0x10 errorHandling.o
 .rodata._ZL14fixMapProblemsv.str1.1
                0x00000a50       0x1e gamePatches.o
 .rodata.cPreventDiaryTextboxOptionSelection.str1.1
                0x00000a6e       0x19 gamePatches.o
 *fill*         0x00000a87        0x1 
 .rodata.cst4   0x00000a88        0x4 mod.o
 .rodata.cst4   0x00000a8c        0x8 util.o
 .rodata._ZL20aji_17_init_evt_hook
                0x00000a94       0x10 aji.o
 .rodata._ZL19aji_17_init_evt_evt
                0x00000aa4       0x4c aji.o
 .rodata._ZL20aji_10_init_evt_hook
                0x00000af0       0x10 aji.o
 .rodata.str1.1
                0x00000b00       0x46 aji.o
 *fill*         0x00000b46        0x2 
 .rodata._ZL19aji_10_init_evt_evt
                0x00000b48      0x288 aji.o
 .rodata._ZL18teshita3_init_hook
                0x00000dd0       0x10 aji.o
 .rodata._ZL17teshita3_init_evt
                0x00000de0       0xc0 aji.o
 .rodata._ZL18teshita2_init_hook
                0x00000ea0       0x10 aji.o
 .rodata._ZL17teshita2_init_evt
                0x00000eb0       0xc0 aji.o
 .rodata._ZL20peach_evt_ele_2_hook
                0x00000f70       0x24 aji.o
 .rodata._ZL19peach_evt_ele_2_evt
                0x00000f94       0x6c aji.o
 .rodata._ZL20aji_16_init_evt_hook
                0x00001000       0x10 aji.o
 .rodata._ZL19aji_16_init_evt_evt
                0x00001010       0x5c aji.o
 .rodata._ZL21aji_10_init_evt_hook2
                0x0000106c       0x10 aji.o
 .rodata._ZL20aji_10_init_evt_evt2
                0x0000107c       0x5c aji.o
 .rodata._ZL20aji_00_init_evt_hook
                0x000010d8       0x10 aji.o
 .rodata._ZL19aji_00_init_evt_evt
                0x000010e8       0x5c aji.o
 .rodata._ZL7npcEnt4
                0x00001144        0xb aji.o
 *fill*         0x0000114f        0x1 
 .rodata._ZL7npcEnt3
                0x00001150       0x13 aji.o
 *fill*         0x00001163        0x1 
 .rodata._ZL4npc4
                0x00001164       0x13 aji.o
 *fill*         0x00001177        0x1 
 .rodata._ZL4npc3
                0x00001178        0x7 aji.o
 *fill*         0x0000117f        0x1 
 .rodata._ZL4npc2
                0x00001180        0xf aji.o
 *fill*         0x0000118f        0x1 
 .rodata._ZL4npc1
                0x00001190        0x7 aji.o
 .rodata.str1.1
                0x00001197       0x12 dou.o
 *fill*         0x000011a9        0x3 
 .rodata._ZL20peramajin_after_item
                0x000011ac       0x9c dou.o
 .rodata._ZL12evt_elv_hook
                0x00001248       0x28 eki.o
 .rodata.str1.1
                0x00001270       0x2f eki.o
 *fill*         0x0000129f        0x1 
 .rodata._ZL11evt_elv_evt
                0x000012a0      0x114 eki.o
 .rodata.str1.1
                0x000013b4        0xb gon.o
 *fill*         0x000013bf        0x1 
 .rodata._ZL19gon_evt_majin2_item
                0x000013c0       0xd0 gon.o
 .rodata._ZL21gor_00_init_evt2_hook
                0x00001490       0x10 gor_00.o
 .rodata._ZL21gor_00_init_evt1_hook
                0x000014a0       0x10 gor_00.o
 .rodata.str1.1
                0x000014b0      0x2af gor_00.o
 *fill*         0x0000175f        0x1 
 .rodata._ZL16gor_00_init_evt1
                0x00001760      0x1f8 gor_00.o
 .rodata._ZL21suifubomb_c_talk_hook
                0x00001958       0x10 gor_00.o
 .rodata._ZL20suifubomb_c_talk_evt
                0x00001968       0xa0 gor_00.o
 .rodata._ZL21suifubomb_c_init_hook
                0x00001a08       0x10 gor_00.o
 .rodata._ZL20suifubomb_c_init_evt
                0x00001a18       0x40 gor_00.o
 .rodata._ZL18korutesu_init_hook
                0x00001a58       0x10 gor_00.o
 .rodata._ZL17korutesu_init_evt
                0x00001a68       0x58 gor_00.o
 .rodata._ZL20suifubomb_b_talk_evt
                0x00001ac0       0xd4 gor_00.o
 .rodata._ZL21suifubomb_b_regl_hook
                0x00001b94       0x10 gor_00.o
 .rodata._ZL20suifubomb_b_regl_evt
                0x00001ba4      0x120 gor_00.o
 .rodata._ZL20suifubomb_a_talk_evt
                0x00001cc4      0x150 gor_00.o
 .rodata._ZL21suifubomb_a_regl_hook
                0x00001e14       0x10 gor_00.o
 .rodata._ZL20suifubomb_a_regl_evt
                0x00001e24       0x90 gor_00.o
 .rodata._ZL21suifubomb_a_init_hook
                0x00001eb4       0x10 gor_00.o
 .rodata._ZL20suifubomb_a_init_evt
                0x00001ec4       0xc8 gor_00.o
 .rodata._ZL16suifu_b_talk_evt
                0x00001f8c       0xd4 gor_00.o
 .rodata._ZL20luigi_npcEnt_00_hook
                0x00002060       0x10 gor_00.o
 .rodata._ZL19luigi_npcEnt_00_evt
                0x00002070       0x80 gor_00.o
 .rodata._ZL18luigi_init_00_hook
                0x000020f0       0x10 gor_00.o
 .rodata._ZL17luigi_init_00_evt
                0x00002100       0x50 gor_00.o
 .rodata._ZL16mokorim_init_evt
                0x00002150       0x30 gor_00.o
 .rodata._ZL17suifu_b_init_hook
                0x00002180       0x10 gor_00.o
 .rodata._ZL16suifu_b_init_evt
                0x00002190       0xc8 gor_00.o
 .rodata._ZL17suifu_a_regl_hook
                0x00002258       0x10 gor_00.o
 .rodata._ZL16suifu_a_regl_evt
                0x00002268       0x80 gor_00.o
 .rodata._ZL16suifu_a_talk_evt
                0x000022e8       0xd4 gor_00.o
 .rodata._ZL19odoodo_ani_talk_evt
                0x000023bc       0x20 gor_00.o
 .rodata._ZL15odoodo_talk_evt
                0x000023dc      0x128 gor_00.o
 .rodata._ZL16odoodo_regl_hook
                0x00002504       0x10 gor_00.o
 .rodata._ZL15odoodo_regl_evt
                0x00002514       0x94 gor_00.o
 .rodata._ZL16odoodo_init_hook
                0x000025a8       0x10 gor_00.o
 .rodata._ZL15odoodo_init_evt
                0x000025b8      0x114 gor_00.o
 .rodata._ZL17garawaru_talk_evt
                0x000026cc       0xb8 gor_00.o
 .rodata._ZL18garawaru_regl_hook
                0x00002784       0x10 gor_00.o
 .rodata._ZL17garawaru_regl_evt
                0x00002794      0x120 gor_00.o
 .rodata._ZL18garawaru_init_hook
                0x000028b4       0x10 gor_00.o
 .rodata._ZL17garawaru_init_evt
                0x000028c4      0x140 gor_00.o
 .rodata._ZL7npcEnt2
                0x00002a04        0x9 gor_00.o
 *fill*         0x00002a0d        0x3 
 .rodata._ZL6npcEnt
                0x00002a10        0x9 gor_00.o
 .rodata.str1.1
                0x00002a19       0x9f gor_01.o
 .rodata._ZL15bomhei_talk_evt
                0x00002ab8       0x20 gor_01.o
 .rodata._ZL16chusan2_talk_evt
                0x00002ad8       0x20 gor_01.o
 .rodata._ZL16chusan1_talk_evt
                0x00002af8       0x20 gor_01.o
 .rodata._ZL16kuribo3_talk_evt
                0x00002b18       0x20 gor_01.o
 .rodata._ZL16kuribo2_talk_evt
                0x00002b38       0x20 gor_01.o
 .rodata._ZL16kuribo1_talk_evt
                0x00002b58       0x20 gor_01.o
 .rodata._ZL15roten2_talk_evt
                0x00002b78       0x20 gor_01.o
 .rodata._ZL15roten1_talk_evt
                0x00002b98       0x20 gor_01.o
 .rodata._ZL19shoptender_talk_evt
                0x00002bb8       0x20 gor_01.o
 .rodata._ZL15kinoji_talk_evt
                0x00002bd8       0x20 gor_01.o
 .rodata._ZL19bottakuru_init_hook
                0x00002bf8       0x10 gor_01.o
 .rodata._ZL18bottakuru_init_evt
                0x00002c08       0x70 gor_01.o
 .rodata._ZL18marco_init_01_hook
                0x00002c78       0x10 gor_01.o
 .rodata._ZL17marco_init_01_evt
                0x00002c88       0x40 gor_01.o
 .rodata._ZL20badgemaster_talk_evt
                0x00002cc8       0x20 gor_01.o
 .rodata._ZL15luigi_init_hook
                0x00002ce8       0x10 gor_02.o
 .rodata.str1.1
                0x00002cf8      0x22d gor_02.o
 *fill*         0x00002f25        0x3 
 .rodata._ZL14luigi_init_evt
                0x00002f28       0x4c gor_02.o
 .rodata._ZL20tozokudan2_talk_hook
                0x00002f74        0xc gor_02.o
 .rodata._ZL19tozokudan2_talk_evt
                0x00002f80      0x160 gor_02.o
 .rodata._ZL20tozokudan1_talk_hook
                0x000030e0        0xc gor_02.o
 .rodata._ZL19tozokudan1_talk_evt
                0x000030ec      0x160 gor_02.o
 .rodata._ZL20kurihakase_init_hook
                0x0000324c       0x10 gor_02.o
 .rodata._ZL19kurihakase_init_evt
                0x0000325c      0x294 gor_02.o
 .rodata._ZL19kurihakase_talk_evt
                0x000034f0      0x2cc gor_02.o
 .rodata._ZL22evt_door_02_open_hook2
                0x000037bc       0x10 gor_02.o
 .rodata._ZL21evt_door_02_open_evt2
                0x000037cc       0xc4 gor_02.o
 .rodata._ZL21evt_door_02_open_hook
                0x00003890       0x10 gor_02.o
 .rodata._ZL20evt_door_02_open_evt
                0x000038a0      0x184 gor_02.o
 .rodata._ZL21gor_02_init_evt2_hook
                0x00003a24       0x10 gor_02.o
 .rodata._ZL16gor_02_init_evt2
                0x00003a34       0xcc gor_02.o
 .rodata._ZL21gor_02_init_evt1_hook
                0x00003b00       0x10 gor_02.o
 .rodata._ZL16gor_02_init_evt1
                0x00003b10      0x138 gor_02.o
 .rodata._ZL16borodo2_talk_evt
                0x00003c48       0x20 gor_02.o
 .rodata._ZL16borodo1_talk_evt
                0x00003c68       0x20 gor_02.o
 .rodata._ZL15roten3_talk_evt
                0x00003c88       0x20 gor_02.o
 .rodata._ZL16chusan3_talk_evt
                0x00003ca8       0x20 gor_02.o
 .rodata._ZL16kuribo4_talk_evt
                0x00003cc8       0x20 gor_02.o
 .rodata._ZL20gor_03_init_evt_hook
                0x00003ce8       0x10 gor_03.o
 .rodata.str1.1
                0x00003cf8      0x100 gor_03.o
 .rodata._ZL19gor_03_init_evt_evt
                0x00003df8      0x160 gor_03.o
 .rodata._ZL16maffia3_talk_evt
                0x00003f58       0x20 gor_03.o
 .rodata._ZL16maffia2_talk_evt
                0x00003f78      0x140 gor_03.o
 .rodata._ZL16maffia1_talk_evt
                0x000040b8      0x140 gor_03.o
 .rodata._ZL26maffiaboss_casino_talk_evt
                0x000041f8       0x20 gor_03.o
 .rodata._ZL26maffiaboss_talk_common_evt
                0x00004218      0x120 gor_03.o
 .rodata.str1.1
                0x00004338        0x7 gor_misc.o
 *fill*         0x0000433f        0x1 
 .rodata._ZL9party_evt
                0x00004340       0x9c gor_misc.o
 .rodata._ZL9goombella
                0x000043dc        0x9 gor_misc.o
 *fill*         0x000043e5        0x3 
 .rodata._ZL16evt_nameent_hook
                0x000043e8       0x10 gra.o
 .rodata._ZL15evt_nameent_evt
                0x000043f8       0x44 gra.o
 .rodata.str1.1
                0x0000443c       0x18 gra.o
 .rodata._ZL17evt_machibuse_evt
                0x00004454       0x4c gra.o
 .rodata._ZL8doopliss
                0x000044a0        0xb gra.o
 *fill*         0x000044ab        0x1 
 .rodata._ZL11stones_hook
                0x000044ac       0x10 hei.o
 .rodata.str1.1
                0x000044bc       0x21 hei.o
 *fill*         0x000044dd        0x3 
 .rodata._ZL10stones_evt
                0x000044e0       0xd8 hei.o
 .rodata._ZL13hei_party_evt
                0x000045b8       0x80 hei.o
 .rodata._ZL5koops
                0x00004638        0xb hei.o
 *fill*         0x00004643        0x1 
 .rodata._ZL20hom_00_init_evt_hook
                0x00004644       0x10 hom.o
 .rodata.str1.1
                0x00004654       0x1f hom.o
 *fill*         0x00004673        0x1 
 .rodata._ZL19hom_00_init_evt_evt
                0x00004674       0x94 hom.o
 .rodata._ZL20jin_08_init_evt_hook
                0x00004708        0x8 jin.o
 .rodata._ZL19jin_08_init_evt_evt
                0x00004710       0x1c jin.o
 .rodata._ZL18tenkyugi_evt2_hook
                0x0000472c       0x10 las.o
 .rodata.str1.1
                0x0000473c       0x68 las.o
 .rodata._ZL17tenkyugi_evt2_evt
                0x000047a4       0x2c las.o
 .rodata._ZL20las_10_init_evt_hook
                0x000047d0       0x10 las.o
 .rodata._ZL19las_10_init_evt_evt
                0x000047e0       0x40 las.o
 .rodata._ZL13stairs_revert
                0x00004820      0x104 las.o
 .rodata._Z25ApplyItemDataTablePatchesv.str1.1
                0x00004924       0xc2 main.o
 *fill*         0x000049e6        0x2 
 .rodata._ZL17main_buy_evt_hook
                0x000049e8       0x10 main.o
 .rodata._ZL16main_buy_evt_evt
                0x000049f8       0x50 main.o
 .rodata._ZL20mri_09_init_evt_hook
                0x00004a48       0x10 mri.o
 .rodata.str1.1
                0x00004a58      0x181 mri.o
 *fill*         0x00004bd9        0x3 
 .rodata._ZL19mri_09_init_evt_evt
                0x00004bdc      0x14c mri.o
 .rodata._ZL20mri_04_init_evt_hook
                0x00004d28       0x10 mri.o
 .rodata._ZL19mri_04_init_evt_evt
                0x00004d38       0x30 mri.o
 .rodata._ZL16bero_custom_hook
                0x00004d68       0x10 mri.o
 .rodata._ZL15bero_custom_evt
                0x00004d78       0x44 mri.o
 .rodata._ZL21mri_01_init_evt_hook2
                0x00004dbc       0x10 mri.o
 .rodata._ZL19mri_01_init_evt_evt
                0x00004dcc       0x30 mri.o
 .rodata._ZL18puniinfo_talk_hook
                0x00004dfc       0x10 mri.o
 .rodata._ZL20mri_03_init_evt_hook
                0x00004e0c       0x14 mri.o
 .rodata._ZL22mri_03_init_evt_switch
                0x00004e20       0x9c mri.o
 .rodata._ZL20mri_01_init_evt_hook
                0x00004ebc       0x14 mri.o
 .rodata._ZL22mri_01_init_evt_switch
                0x00004ed0       0xb0 mri.o
 .rodata._ZL23mri_sister_init_01_hook
                0x00004f80       0x10 mri.o
 .rodata._ZL22mri_sister_init_01_evt
                0x00004f90       0xa8 mri.o
 .rodata._ZL16puni_2_init_hook
                0x00005038       0x10 mri.o
 .rodata._ZL15puni_2_init_evt
                0x00005048       0x78 mri.o
 .rodata._ZL16puni_1_talk_hook
                0x000050c0       0x10 mri.o
 .rodata._ZL15puni_1_talk_evt
                0x000050d0       0xb0 mri.o
 .rodata._ZL16puni_1_init_hook
                0x00005180       0x10 mri.o
 .rodata._ZL15puni_1_init_evt
                0x00005190       0x78 mri.o
 .rodata._ZL15elder_talk_hook
                0x00005208       0x10 mri.o
 .rodata._ZL14elder_talk_evt
                0x00005218       0xb8 mri.o
 .rodata._ZL22mri_elder_init_01_hook
                0x000052d0       0x10 mri.o
 .rodata._ZL21mri_elder_init_01_evt
                0x000052e0       0xcc mri.o
 .rodata._ZL22mri_rival_init_01_hook
                0x000053ac       0x10 mri.o
 .rodata._ZL21mri_rival_init_01_evt
                0x000053bc       0xb8 mri.o
 .rodata._ZL18guide_init_01_hook
                0x00005474       0x10 mri.o
 .rodata._ZL17guide_init_01_evt
                0x00005484       0x8c mri.o
 .rodata._ZL15guide_talk_hook
                0x00005510       0x10 mri.o
 .rodata._ZL14guide_talk_evt
                0x00005520       0x98 mri.o
 .rodata._ZL18guide_init_00_hook
                0x000055b8       0x10 mri.o
 .rodata._ZL17guide_init_00_evt
                0x000055c8      0x150 mri.o
 .rodata._ZL19dokuroiwa_bomb_hook
                0x00005718       0x10 muj.o
 .rodata.str1.1
                0x00005728      0x396 muj.o
 *fill*         0x00005abe        0x2 
 .rodata._ZL18dokuroiwa_bomb_evt
                0x00005ac0       0x34 muj.o
 .rodata._ZL14muj_party_hook
                0x00005af4       0x10 muj.o
 .rodata._ZL13muj_party_evt
                0x00005b04       0xac muj.o
 .rodata._ZL22peton_init_muj_01_hook
                0x00005bb0       0x10 muj.o
 .rodata._ZL21peton_init_muj_01_evt
                0x00005bc0       0x54 muj.o
 .rodata._ZL21mony_init_muj_01_hook
                0x00005c14       0x10 muj.o
 .rodata._ZL20mony_init_muj_01_evt
                0x00005c24       0x54 muj.o
 .rodata._ZL17koburon_dead_hook
                0x00005c78       0x10 muj.o
 .rodata._ZL16koburon_dead_evt
                0x00005c88      0x3bc muj.o
 .rodata._ZL20muj_01_init_evt_hook
                0x00006044       0x10 muj.o
 .rodata._ZL19muj_01_init_evt_evt
                0x00006054       0x50 muj.o
 .rodata._ZL21borosuifu_b_talk_hook
                0x000060a4       0x10 muj.o
 .rodata._ZL20borosuifu_b_talk_evt
                0x000060b4       0xf8 muj.o
 .rodata._ZL21borosuifu_a_talk_hook
                0x000061ac       0x10 muj.o
 .rodata._ZL20borosuifu_a_talk_evt
                0x000061bc       0xf8 muj.o
 .rodata._ZL24suifu_d_talk_muj_01_hook
                0x000062b4       0x10 muj.o
 .rodata._ZL23suifu_d_talk_muj_01_evt
                0x000062c4       0xf8 muj.o
 .rodata._ZL20suifu_bomb_talk_hook
                0x000063bc       0x10 muj.o
 .rodata._ZL19suifu_bomb_talk_evt
                0x000063cc       0xf4 muj.o
 .rodata._ZL20suifu_bomb_init_hook
                0x000064c0       0x10 muj.o
 .rodata._ZL19suifu_bomb_init_evt
                0x000064d0       0x30 muj.o
 .rodata._ZL24suifu_a_talk_muj_01_hook
                0x00006500       0x10 muj.o
 .rodata._ZL23suifu_a_talk_muj_01_evt
                0x00006510       0xf4 muj.o
 .rodata._ZL24suifu_a_init_muj_01_hook
                0x00006604       0x10 muj.o
 .rodata._ZL23suifu_a_init_muj_01_evt
                0x00006614       0x40 muj.o
 .rodata._ZL23odoodo_init_muj_01_hook
                0x00006654       0x10 muj.o
 .rodata._ZL22odoodo_init_muj_01_evt
                0x00006664       0x40 muj.o
 .rodata._ZL23megane_init_muj_01_hook
                0x000066a4       0x10 muj.o
 .rodata._ZL22megane_init_muj_01_evt
                0x000066b4       0x40 muj.o
 .rodata._ZL18marco_talk_coconut
                0x000066f4       0x10 muj.o
 .rodata._ZL22marco_init_muj_01_hook
                0x00006704       0x10 muj.o
 .rodata._ZL21marco_init_muj_01_evt
                0x00006714       0x9c muj.o
 .rodata._ZL25garawaru_talk_muj_01_hook
                0x000067b0       0x10 muj.o
 .rodata._ZL24garawaru_talk_muj_01_evt
                0x000067c0      0x4b4 muj.o
 .rodata._ZL25garawaru_init_muj_01_hook
                0x00006c74       0x10 muj.o
 .rodata._ZL24garawaru_init_muj_01_evt
                0x00006c84       0xd8 muj.o
 .rodata._ZL20muj_00_init_evt_hook
                0x00006d5c       0x44 muj.o
 .rodata._ZL21muj_00_init_evt_evt_2
                0x00006da0       0x70 muj.o
 .rodata._ZL19muj_00_init_evt_evt
                0x00006e10       0x40 muj.o
 .rodata._ZL22peton_talk_muj_00_hook
                0x00006e50       0x10 muj.o
 .rodata._ZL21peton_talk_muj_00_evt
                0x00006e60       0x8c muj.o
 .rodata._ZL21mony_talk_muj_00_hook
                0x00006eec       0x10 muj.o
 .rodata._ZL20mony_talk_muj_00_evt
                0x00006efc       0x8c muj.o
 .rodata._ZL5marco
                0x00006f88        0x7 muj.o
 *fill*         0x00006f8f        0x1 
 .rodata._ZL17nokorin_talk_hook
                0x00006f90       0x10 nok.o
 .rodata.str1.1
                0x00006fa0      0x4b1 nok.o
 *fill*         0x00007451        0x3 
 .rodata._ZL16nokorin_talk_evt
                0x00007454      0x2f4 nok.o
 .rodata._ZL19boss_noko_talk_hook
                0x00007748       0x10 nok.o
 .rodata._ZL18boss_noko_talk_evt
                0x00007758      0x164 nok.o
 .rodata._ZL20nokonoko_K_talk_hook
                0x000078bc       0x10 nok.o
 .rodata._ZL19nokonoko_K_talk_evt
                0x000078cc       0xd4 nok.o
 .rodata._ZL18nokopapa_talk_hook
                0x000079a0       0x10 nok.o
 .rodata._ZL17nokopapa_talk_evt
                0x000079b0      0x128 nok.o
 .rodata._ZL16monban_talk_hook
                0x00007ad8       0x10 nok.o
 .rodata._ZL15monban_talk_evt
                0x00007ae8      0x11c nok.o
 .rodata._ZL20nokonoko_I_talk_hook
                0x00007c04       0x10 nok.o
 .rodata._ZL19nokonoko_I_talk_evt
                0x00007c14       0xd4 nok.o
 .rodata._ZL20nokonoko_H_talk_hook
                0x00007ce8       0x10 nok.o
 .rodata._ZL19nokonoko_H_talk_evt
                0x00007cf8       0xfc nok.o
 .rodata._ZL20nokonoko_G_talk_hook
                0x00007df4       0x10 nok.o
 .rodata._ZL19nokonoko_G_talk_evt
                0x00007e04       0xd4 nok.o
 .rodata._ZL15talk_white_hook
                0x00007ed8       0x10 nok.o
 .rodata._ZL14talk_white_evt
                0x00007ee8       0xa4 nok.o
 .rodata._ZL15init_white_hook
                0x00007f8c       0x10 nok.o
 .rodata._ZL14init_white_evt
                0x00007f9c       0x44 nok.o
 .rodata._ZL20nokonoko_F_talk_hook
                0x00007fe0       0x10 nok.o
 .rodata._ZL19nokonoko_F_talk_evt
                0x00007ff0       0xd4 nok.o
 .rodata._ZL20nokonoko_D_talk_hook
                0x000080c4       0x10 nok.o
 .rodata._ZL19nokonoko_D_talk_evt
                0x000080d4       0xfc nok.o
 .rodata._ZL20nokonoko_C_talk_hook
                0x000081d0       0x10 nok.o
 .rodata._ZL19nokonoko_C_talk_evt
                0x000081e0       0xd4 nok.o
 .rodata._ZL20nokonoko_B_talk_hook
                0x000082b4       0x10 nok.o
 .rodata._ZL19nokonoko_B_talk_evt
                0x000082c4       0xd4 nok.o
 .rodata._ZL20nokonoko_A_talk_hook
                0x00008398       0x10 nok.o
 .rodata._ZL19nokonoko_A_talk_evt
                0x000083a8      0x10c nok.o
 .rodata._ZL16pik_00_init_hook
                0x000084b4       0x10 pik.o
 .rodata.str1.1
                0x000084c4      0x166 pik.o
 *fill*         0x0000862a        0x2 
 .rodata._ZL19pik_00_init_evt_evt
                0x0000862c       0x58 pik.o
 .rodata._ZL31pik_talk_madam_ring_return_hook
                0x00008684       0x10 pik.o
 .rodata._ZL24pik_talk_madam_ring_item
                0x00008694       0xb8 pik.o
 .rodata._ZL14evt_daiza_hook
                0x0000874c       0x1c pik.o
 .rodata._ZL13evt_daiza_evt
                0x00008768       0x5c pik.o
 .rodata._ZL18pik_evt_powan_hook
                0x000087c4       0x28 pik.o
 .rodata._ZL17pik_evt_powan_evt
                0x000087ec       0x94 pik.o
 .rodata._ZL16takun6_talk_hook
                0x00008880       0x10 pik.o
 .rodata._ZL15takun6_talk_evt
                0x00008890       0x78 pik.o
 .rodata._ZL16takun5_talk_hook
                0x00008908       0x10 pik.o
 .rodata._ZL15takun5_talk_evt
                0x00008918       0x78 pik.o
 .rodata._ZL16takun4_talk_hook
                0x00008990       0x10 pik.o
 .rodata._ZL15takun4_talk_evt
                0x000089a0       0xb4 pik.o
 .rodata._ZL18miyageya_talk_hook
                0x00008a54       0x28 pik.o
 .rodata._ZL17miyageya_talk_evt
                0x00008a7c      0x114 pik.o
 .rodata._ZL6madam2
                0x00008b90        0x7 pik.o
 *fill*         0x00008b97        0x1 
 .rodata._ZL28talk_madam_ring_return_hook2
                0x00008b98       0x10 rsh.o
 .rodata.str1.1
                0x00008ba8      0x1b8 rsh.o
 .rodata._ZL24rsh_talk_madam_ring_item
                0x00008d60       0xbc rsh.o
 .rodata._ZL15talk_madam_hook
                0x00008e1c       0x10 rsh.o
 .rodata._ZL28talk_madam_ring_return_hook1
                0x00008e2c       0x10 rsh.o
 .rodata._ZL26talk_madam_ring_return_evt
                0x00008e3c       0x70 rsh.o
 .rodata._ZL16init_konari_hook
                0x00008eac       0x10 rsh.o
 .rodata._ZL14init_papa_hook
                0x00008ebc       0x10 rsh.o
 .rodata._ZL15init_konari_evt
                0x00008ecc       0x9c rsh.o
 .rodata._ZL15init_powan_hook
                0x00008f68       0x10 rsh.o
 .rodata._ZL14init_powan_evt
                0x00008f78       0xec rsh.o
 .rodata._ZL19talk_waitless_hook2
                0x00009064       0x10 rsh.o
 .rodata._ZL19talk_waitless_hook1
                0x00009074       0x10 rsh.o
 .rodata._ZL17talk_waitless_evt
                0x00009084       0x78 rsh.o
 .rodata._ZL21rsh_01_init_evt_hook2
                0x000090fc       0x10 rsh.o
 .rodata._ZL19rsh_01_init_evt_evt
                0x0000910c       0xd8 rsh.o
 .rodata._ZL20rsh_00_init_evt_hook
                0x000091e4       0x10 rsh.o
 .rodata._ZL19rsh_00_init_evt_evt
                0x000091f4       0xb8 rsh.o
 .rodata._ZL20rsh_04_init_evt_hook
                0x000092ac       0x10 rsh.o
 .rodata._ZL20rsh_03_init_evt_hook
                0x000092bc       0x10 rsh.o
 .rodata._ZL20rsh_02_init_evt_hook
                0x000092cc       0x10 rsh.o
 .rodata._ZL21rsh_01_init_evt_hook1
                0x000092dc       0x10 rsh.o
 .rodata._ZL19rsh_04_init_evt_evt
                0x000092ec       0xa4 rsh.o
 .rodata._ZL26rsh_03_init_evt_music_hook
                0x00009390       0x10 rsh.o
 .rodata._ZL21rsh_03_init_evt_music
                0x000093a0      0x1f8 rsh.o
 .rodata._ZL26rsh_02_init_evt_music_hook
                0x00009598       0x10 rsh.o
 .rodata._ZL21rsh_02_init_evt_music
                0x000095a8      0x270 rsh.o
 .rodata._ZL26rsh_01_init_evt_music_hook
                0x00009818       0x10 rsh.o
 .rodata._ZL21rsh_01_init_evt_music
                0x00009828      0x1f8 rsh.o
 .rodata._ZL26rsh_00_init_evt_music_hook
                0x00009a20       0x10 rsh.o
 .rodata._ZL21rsh_00_init_evt_music
                0x00009a30      0x1f8 rsh.o
 .rodata._ZL26rsh_04_init_evt_music_hook
                0x00009c28       0x10 rsh.o
 .rodata._ZL21rsh_04_init_evt_music
                0x00009c38      0x1f8 rsh.o
 .rodata._ZL20rsh_06_init_evt_hook
                0x00009e30       0x10 rsh.o
 .rodata._ZL19rsh_06_init_evt_evt
                0x00009e40      0x178 rsh.o
 .rodata._ZL6madam1
                0x00009fb8        0x7 rsh.o
 .rodata.str1.1
                0x00009fbf      0x20a tik.o
 *fill*         0x0000a1c9        0x3 
 .rodata._ZL19tik_evt_majin2_item
                0x0000a1cc       0xa8 tik.o
 .rodata._ZL21tik_05_init_evt_hook2
                0x0000a274       0x10 tik.o
 .rodata._ZL20tik_05_init_evt_evt2
                0x0000a284       0xa4 tik.o
 .rodata._ZL20tik_05_init_evt_hook
                0x0000a328       0x10 tik.o
 .rodata._ZL19tik_05_init_evt_evt
                0x0000a338       0x48 tik.o
 .rodata._ZL24tik_kurihakase_init_hook
                0x0000a380       0x10 tik.o
 .rodata._ZL23tik_kurihakase_init_evt
                0x0000a390       0x8c tik.o
 .rodata._ZL18master_2_talk_hook
                0x0000a41c       0x10 tik.o
 .rodata._ZL17master_2_talk_evt
                0x0000a42c      0x180 tik.o
 .rodata._ZL17borodo4_talk_hook
                0x0000a5ac       0x10 tik.o
 .rodata._ZL16borodo4_talk_evt
                0x0000a5bc      0x180 tik.o
 .rodata._ZL17borodo3_talk_hook
                0x0000a73c       0x10 tik.o
 .rodata._ZL16borodo3_talk_evt
                0x0000a74c      0x180 tik.o
 .rodata._ZL17chusan4_talk_hook
                0x0000a8cc       0x10 tik.o
 .rodata._ZL16chusan4_talk_evt
                0x0000a8dc      0x180 tik.o
 .rodata._ZL17kuribo5_talk_hook
                0x0000aa5c       0x10 tik.o
 .rodata._ZL16kuribo5_talk_evt
                0x0000aa6c      0x180 tik.o
 .rodata._ZL16hotdog_item_hook
                0x0000abec       0x10 tou.o
 .rodata.str1.1
                0x0000abfc       0x76 tou.o
 *fill*         0x0000ac72        0x2 
 .rodata._ZL11hotdog_item
                0x0000ac74       0xe8 tou.o
 .rodata._ZL18tou_party_evt_hook
                0x0000ad5c       0x10 tou.o
 .rodata._ZL13tou_party_evt
                0x0000ad6c       0x5c tou.o
 .rodata._ZL20tou_04_init_evt_hook
                0x0000adc8       0x10 tou.o
 .rodata._ZL19tou_04_init_evt_evt
                0x0000add8       0x78 tou.o
 .rodata._ZL14yoshi_gswf_evt
                0x0000ae50       0x14 tou.o
 .rodata._ZL15jolene_egg_hook
                0x0000ae64       0x10 tou.o
 .rodata._ZL14jolene_egg_evt
                0x0000ae74      0x220 tou.o
 .rodata._ZL16talk_sakaba_hook
                0x0000b094       0x10 tou.o
 .rodata._ZL15talk_sakaba_evt
                0x0000b0a4       0x84 tou.o
 .rodata._ZL6jolene
                0x0000b128        0xb tou.o
 .rodata.str1.1
                0x0000b133      0x49e usu.o
 *fill*         0x0000b5d1        0x3 
 .rodata._ZL19usu_evt_majin2_item
                0x0000b5d4       0xa8 usu.o
 .rodata._ZL18usu_party_evt_hook
                0x0000b67c       0x10 usu.o
 .rodata._ZL13usu_party_evt
                0x0000b68c       0xc8 usu.o
 .rodata._ZL23village_chief_init_hook
                0x0000b754       0x10 usu.o
 .rodata._ZL22village_chief_init_evt
                0x0000b764       0x58 usu.o
 .rodata._ZL27village_chief_pig_init_hook
                0x0000b7bc       0x10 usu.o
 .rodata._ZL26village_chief_pig_init_evt
                0x0000b7cc       0x70 usu.o
 .rodata._ZL23village_chief_talk_hook
                0x0000b83c       0x10 usu.o
 .rodata._ZL22village_chief_talk_evt
                0x0000b84c      0x1c8 usu.o
 .rodata._ZL20gatekeeper_init_hook
                0x0000ba14       0x10 usu.o
 .rodata._ZL19gatekeeper_init_evt
                0x0000ba24       0x8c usu.o
 .rodata._ZL24gatekeeper_pig_init_hook
                0x0000bab0       0x10 usu.o
 .rodata._ZL23gatekeeper_pig_init_evt
                0x0000bac0       0x78 usu.o
 .rodata._ZL20gatekeeper_talk_hook
                0x0000bb38       0x10 usu.o
 .rodata._ZL19gatekeeper_talk_evt
                0x0000bb48      0x114 usu.o
 .rodata._ZL20usu_00_init_evt_hook
                0x0000bc5c       0x14 usu.o
 .rodata._ZL19usu_00_init_evt_evt
                0x0000bc70       0x5c usu.o
 .rodata._ZL20shop_woman_talk_hook
                0x0000bccc       0x10 usu.o
 .rodata._ZL19shop_woman_talk_evt
                0x0000bcdc       0x78 usu.o
 .rodata._ZL18shop_man_talk_hook
                0x0000bd54       0x10 usu.o
 .rodata._ZL17shop_man_talk_evt
                0x0000bd64       0x78 usu.o
 .rodata._ZL19villagerJ_talk_hook
                0x0000bddc       0x10 usu.o
 .rodata._ZL18villagerJ_talk_evt
                0x0000bdec      0x104 usu.o
 .rodata._ZL19villagerI_talk_hook
                0x0000bef0       0x10 usu.o
 .rodata._ZL18villagerI_talk_evt
                0x0000bf00      0x104 usu.o
 .rodata._ZL19villagerH_talk_hook
                0x0000c004       0x10 usu.o
 .rodata._ZL18villagerH_talk_evt
                0x0000c014       0xd0 usu.o
 .rodata._ZL19villagerG_talk_hook
                0x0000c0e4       0x10 usu.o
 .rodata._ZL18villagerG_talk_evt
                0x0000c0f4       0xf0 usu.o
 .rodata._ZL19villagerF_talk_hook
                0x0000c1e4       0x10 usu.o
 .rodata._ZL18villagerF_talk_evt
                0x0000c1f4       0xf0 usu.o
 .rodata._ZL19villagerK_talk_hook
                0x0000c2e4       0x10 usu.o
 .rodata._ZL18villagerK_talk_evt
                0x0000c2f4      0x130 usu.o
 .rodata._ZL19villagerE_talk_hook
                0x0000c424       0x10 usu.o
 .rodata._ZL18villagerE_talk_evt
                0x0000c434      0x130 usu.o
 .rodata._ZL19villagerD_talk_hook
                0x0000c564       0x10 usu.o
 .rodata._ZL18villagerD_talk_evt
                0x0000c574      0x194 usu.o
 .rodata._ZL19villagerC_talk_hook
                0x0000c708       0x10 usu.o
 .rodata._ZL18villagerC_talk_evt
                0x0000c718       0xfc usu.o
 .rodata._ZL19villagerB_talk_hook
                0x0000c814       0x10 usu.o
 .rodata._ZL18villagerB_talk_evt
                0x0000c824       0xfc usu.o
 .rodata._ZL19villagerA_talk_hook
                0x0000c920       0x10 usu.o
 .rodata._ZL18villagerA_talk_evt
                0x0000c930      0x130 usu.o
 .rodata._ZL19villagerA_init_hook
                0x0000ca60       0x10 usu.o
 .rodata._ZL18villagerA_init_evt
                0x0000ca70       0x6c usu.o
 .rodata._ZL6vivian
                0x0000cadc        0x9 usu.o
 *fill*         0x0000cae5        0x3 
 .rodata._ZL5mayor
                0x0000cae8        0x5 usu.o
 *fill*         0x0000caed        0x3 
 .rodata._ZL9mayor_pig
                0x0000caf0        0x9 usu.o
 *fill*         0x0000caf9        0x3 
 .rodata._ZL8doopliss
                0x0000cafc        0xb usu.o
 *fill*         0x0000cb07        0x1 
 .rodata._ZL10gatekeeper
                0x0000cb08        0x5 usu.o
 *fill*         0x0000cb0d        0x3 
 .rodata._ZL14gatekeeper_pig
                0x0000cb10        0x9 usu.o
 *fill*         0x0000cb19        0x3 
 .rodata._ZL12usuVillagerA
                0x0000cb1c        0x7 usu.o
 *fill*         0x0000cb23        0x1 
 .rodata._ZL14win_party_hook
                0x0000cb24       0x10 win.o
 .rodata.str1.1
                0x0000cb34       0x36 win.o
 *fill*         0x0000cb6a        0x2 
 .rodata._ZL13win_party_evt
                0x0000cb6c       0xf0 win.o
 .rodata._ZL20win_00_init_evt_hook
                0x0000cc5c       0x10 win.o
 .rodata._ZL19win_00_init_evt_evt
                0x0000cc6c       0x30 win.o
 .rodata._ZL17majorin_init_hook
                0x0000cc9c       0x10 win.o
 .rodata._ZL16majorin_init_evt
                0x0000ccac       0x30 win.o
 .rodata._ZL17maririn_init_hook
                0x0000ccdc       0x10 win.o
 .rodata._ZL16maririn_init_evt
                0x0000ccec       0x30 win.o
 .rodata._ZL20win_vivian_init_hook
                0x0000cd1c       0x10 win.o
 .rodata._ZL19win_vivian_init_evt
                0x0000cd2c       0x98 win.o
 .rodata._ZL7flurrie
                0x0000cdc4        0x9 win.o
 *(.gnu.linkonce.r.*)

.rodata1
 *(.rodata1)

.sdata2         0x0000cdcd        0x0
                [!provide]                        PROVIDE (_SDA2_BASE_ = .)
 *(.sdata2)
 *(.sdata2.*)
 *(.gnu.linkonce.s2.*)

.sbss2
 *(.sbss2)
 *(.sbss2.*)
 *(.gnu.linkonce.sb2.*)
                0x0000cdd0                        . = ALIGN (0x4)
                [!provide]                        PROVIDE (__preinit_array_start = .)

.preinit_array
 *(.preinit_array)
                [!provide]                        PROVIDE (__preinit_array_end = .)
                [!provide]                        PROVIDE (__init_array_start = .)

.init_array
 *(.init_array)
                [!provide]                        PROVIDE (__init_array_end = .)
                [!provide]                        PROVIDE (__fini_array_start = .)

.fini_array
 *(.fini_array)
                [!provide]                        PROVIDE (__fini_array_end = .)

.data           0x0000cdd0      0x2f0
 *(.data)
 *(.data.*)
 .data._ZN3mod6common12kItemDataArrE
                0x0000cdd0        0x4 common.o
                0x0000cdd0                _ZN3mod6common12kItemDataArrE
 .data.errorTextPosY
                0x0000cdd4        0x4 errorHandling.o
                0x0000cdd4                errorTextPosY
 .data._ZL16gor_00_init_evt2
                0x0000cdd8      0x2bc gor_00.o
 .data.shopWorkPtr
                0x0000d094        0x4 main.o
                0x0000d094                shopWorkPtr
 .data.goods    0x0000d098       0x28 main.o
                0x0000d098                goods
 *(.gnu.linkonce.d.*)
                0x0000d0c0                        . = ALIGN (0x20)

.data1
 *(.data1)

.tdata
 *(.tdata .tdata.* .gnu.linkonce.td.*)

.tbss
 *(.tbss .tbss.* .gnu.linkonce.tb.*)
 *(.tcommon)

.eh_frame       0x0000d0c0     0x19d8
 *(.eh_frame)
 .eh_frame      0x0000d0c0      0x27c OWR.o
 .eh_frame      0x0000d33c       0x28 StateManager.o
                                 0x3c (size before relaxing)
 .eh_frame      0x0000d364        0x0 common.o
                                 0xc8 (size before relaxing)
 .eh_frame      0x0000d364       0x68 con_mario.o
 .eh_frame      0x0000d3cc       0x68 con_perf.o
 .eh_frame      0x0000d434       0xa0 con_seq.o
 .eh_frame      0x0000d4d4      0x2ec console.o
                                0x310 (size before relaxing)
 .eh_frame      0x0000d7c0       0x64 cxx.o
                                 0x8c (size before relaxing)
 .eh_frame      0x0000d824      0x214 errorHandling.o
 .eh_frame      0x0000da38      0x144 gamePatches.o
 .eh_frame      0x0000db7c       0xa4 keyboard.o
                                 0xcc (size before relaxing)
 .eh_frame      0x0000dc20       0xfc mod.o
                                0x110 (size before relaxing)
 .eh_frame      0x0000dd1c      0x13c patch.o
                                0x18c (size before relaxing)
 .eh_frame      0x0000de58       0x5c printf.o
 .eh_frame      0x0000deb4       0x7c rel.o
 .eh_frame      0x0000df30       0x98 ug.o
 .eh_frame      0x0000dfc8       0xdc util.o
                                0x100 (size before relaxing)
 .eh_frame      0x0000e0a4       0x28 aaa.o
 .eh_frame      0x0000e0cc       0x94 aji.o
 .eh_frame      0x0000e160       0x28 bom.o
 .eh_frame      0x0000e188       0x3c dou.o
 .eh_frame      0x0000e1c4       0x40 eki.o
 .eh_frame      0x0000e204       0x28 end.o
 .eh_frame      0x0000e22c       0x40 gon.o
 .eh_frame      0x0000e26c       0x74 gor_00.o
 .eh_frame      0x0000e2e0       0x48 gor_01.o
 .eh_frame      0x0000e328       0x50 gor_02.o
 .eh_frame      0x0000e378       0x50 gor_03.o
 .eh_frame      0x0000e3c8       0x34 gor_04.o
 .eh_frame      0x0000e3fc       0x54 gor_misc.o
 .eh_frame      0x0000e450       0x44 gra.o
 .eh_frame      0x0000e494       0x4c hei.o
 .eh_frame      0x0000e4e0       0x38 hom.o
 .eh_frame      0x0000e518       0x40 jin.o
 .eh_frame      0x0000e558       0x28 kpa.o
 .eh_frame      0x0000e580       0x50 las.o
 .eh_frame      0x0000e5d0       0xbc main.o
 .eh_frame      0x0000e68c        0x0 moo.o
                                 0x28 (size before relaxing)
 .eh_frame      0x0000e68c       0x68 mri.o
 .eh_frame      0x0000e6f4       0x90 muj.o
 .eh_frame      0x0000e784       0x4c nok.o
 .eh_frame      0x0000e7d0       0x54 pik.o
 .eh_frame      0x0000e824       0x6c rsh.o
 .eh_frame      0x0000e890       0xb8 tik.o
 .eh_frame      0x0000e948       0x6c tou.o
 .eh_frame      0x0000e9b4       0x28 tou2.o
 .eh_frame      0x0000e9dc       0x68 usu.o
 .eh_frame      0x0000ea44       0x54 win.o

.gcc_except_table
 *(.gcc_except_table)

.fixup
 *(.fixup)

.got1
 *(.got1)

.got2
 *(.got2)

.dynamic
 *(.dynamic)

.ctors          0x0000ea98       0x28
 *crtbegin.o(.ctors)
 *(EXCLUDE_FILE(*crtend.o) .ctors)
 .ctors         0x0000ea98        0x4 OWR.o
 .ctors         0x0000ea9c        0x4 con_mario.o
 .ctors         0x0000eaa0        0x4 con_perf.o
 .ctors         0x0000eaa4        0x4 con_seq.o
 .ctors         0x0000eaa8        0x4 console.o
 .ctors         0x0000eaac        0x4 errorHandling.o
 .ctors         0x0000eab0        0x4 gor_00.o
 *(SORT_BY_NAME(.ctors.*))
 *(.ctors)
                0x0000eac0                        . = ALIGN (0x20)
 *fill*         0x0000eab4        0xc 

.dtors          0x0000eac0       0x20
 *crtbegin.o(.dtors)
 *(EXCLUDE_FILE(*crtend.o) .dtors)
 .dtors         0x0000eac0        0x4 errorHandling.o
 *(SORT_BY_NAME(.dtors.*))
 *(.dtors)
                0x0000eae0                        . = ALIGN (0x20)
 *fill*         0x0000eac4       0x1c 

.jcr
 *(.jcr)

.got
 *(.got.plt)
 *(.got)

.sdata          0x0000eae0        0x0
                [!provide]                        PROVIDE (_SDA_BASE_ = .)
 *(.sdata)
 *(.sdata.*)
 *(.gnu.linkonce.s.*)
                0x0000eae0                        . = ALIGN (0x20)
                0x0000eae0                        _edata = .
                [!provide]                        PROVIDE (edata = .)

.sbss           0x0000eae0        0x0
                0x0000eae0                        __sbss_start = .
                [!provide]                        PROVIDE (__sbss_start = .)
                [!provide]                        PROVIDE (___sbss_start = .)
 *(.dynsbss)
 *(.sbss)
 *(.sbss.*)
 *(.gnu.linkonce.sb.*)
 *(.scommon)
                [!provide]                        PROVIDE (__sbss_end = .)
                [!provide]                        PROVIDE (___sbss_end = .)
                0x0000eae0                        . = ALIGN (0x20)
                0x0000eae0                        __sbss_end = .

.bss            0x0000eae0      0x180
                0x0000eae0                        __bss_start = .
                [!provide]                        PROVIDE (__bss_start = .)
 *(.dynbss)
 *(.bss)
 *(.bss.*)
 .bss._ZN3mod3owr22g_msgSearch_trampolineE
                0x0000eae0        0x4 OWR.o
                0x0000eae0                _ZN3mod3owr22g_msgSearch_trampolineE
 .bss._ZN3mod3owr31g_evt_mario_set_pose_trampolineE
                0x0000eae4        0x4 OWR.o
                0x0000eae4                _ZN3mod3owr31g_evt_mario_set_pose_trampolineE
 .bss._ZN3mod3owr30g_partySetForceMove_trampolineE
                0x0000eae8        0x4 OWR.o
                0x0000eae8                _ZN3mod3owr30g_partySetForceMove_trampolineE
 .bss._ZN3mod3owr25g_pouchGetItem_trampolineE
                0x0000eaec        0x4 OWR.o
                0x0000eaec                _ZN3mod3owr25g_pouchGetItem_trampolineE
 .bss._ZN3mod3owr22g_seqSetSeq_trampolineE
                0x0000eaf0        0x4 OWR.o
                0x0000eaf0                _ZN3mod3owr22g_seqSetSeq_trampolineE
 .bss._ZN3mod3owr19g_OSLink_trampolineE
                0x0000eaf4        0x4 OWR.o
                0x0000eaf4                _ZN3mod3owr19g_OSLink_trampolineE
 .bss._ZN3mod3owr6gStateE
                0x0000eaf8        0x4 OWR.o
                0x0000eaf8                _ZN3mod3owr6gStateE
 .bss._ZN3mod3owr5gSelfE
                0x0000eafc        0x4 OWR.o
                0x0000eafc                _ZN3mod3owr5gSelfE
 .bss._ZN3mod3owr7item_dbE
                0x0000eb00        0x4 OWR.o
                0x0000eb00                _ZN3mod3owr7item_dbE
 .bss.gState    0x0000eb04        0x4 StateManager.o
                0x0000eb04                gState
 .bss._ZN3modL12mod_if_obj24E
                0x0000eb08        0x8 con_mario.o
 .bss._ZN3mod14mario_show_posE
                0x0000eb10       0x10 con_mario.o
                0x0000eb10                _ZN3mod14mario_show_posE
 .bss._ZN3mod13mario_set_posE
                0x0000eb20        0xc con_mario.o
                0x0000eb20                _ZN3mod13mario_set_posE
 .bss._ZN3modL12mod_if_obj51E
                0x0000eb2c        0x8 con_perf.o
 .bss._ZN3mod14mem_debug_heapE
                0x0000eb34       0x10 con_perf.o
                0x0000eb34                _ZN3mod14mem_debug_heapE
 .bss._ZN3mod15perf_fake_spikeE
                0x0000eb44        0xc con_perf.o
                0x0000eb44                _ZN3mod15perf_fake_spikeE
 .bss._ZN3mod14seq_change_mapE
                0x0000eb50        0xc con_seq.o
                0x0000eb50                _ZN3mod14seq_change_mapE
 .bss._ZN3modL12mod_if_obj16E
                0x0000eb5c        0x8 con_seq.o
 .bss._ZN3mod24gTrampoline_seq_logoMainE
                0x0000eb64        0x4 con_seq.o
                0x0000eb64                _ZN3mod24gTrampoline_seq_logoMainE
 .bss._ZN3mod13seq_logo_skipE
                0x0000eb68       0x10 con_seq.o
                0x0000eb68                _ZN3mod13seq_logo_skipE
 .bss._ZN3mod4findE
                0x0000eb78        0xc console.o
                0x0000eb78                _ZN3mod4findE
 .bss._ZN3mod11con_ug_chanE
                0x0000eb84       0x10 console.o
                0x0000eb84                _ZN3mod11con_ug_chanE
 .bss._ZN3mod11con_ug_modeE
                0x0000eb94       0x10 console.o
                0x0000eb94                _ZN3mod11con_ug_modeE
 .bss._ZN3mod21con_log_fade_durationE
                0x0000eba4       0x10 console.o
                0x0000eba4                _ZN3mod21con_log_fade_durationE
 .bss._ZN3mod18con_log_fade_startE
                0x0000ebb4       0x10 console.o
                0x0000ebb4                _ZN3mod18con_log_fade_startE
 .bss._ZN3mod12con_log_fadeE
                0x0000ebc4       0x10 console.o
                0x0000ebc4                _ZN3mod12con_log_fadeE
 .bss._ZN3mod13con_log_levelE
                0x0000ebd4       0x10 console.o
                0x0000ebd4                _ZN3mod13con_log_levelE
 .bss._ZN3mod11con_rainbowE
                0x0000ebe4       0x10 console.o
                0x0000ebe4                _ZN3mod11con_rainbowE
 .bss._ZN3mod8con_monoE
                0x0000ebf4       0x10 console.o
                0x0000ebf4                _ZN3mod8con_monoE
 .bss._ZN3mod8con_showE
                0x0000ec04       0x10 console.o
                0x0000ec04                _ZN3mod8con_showE
 .bss._ZN3mod8gConsoleE
                0x0000ec14        0x4 console.o
                0x0000ec14                _ZN3mod8gConsoleE
 .bss._ZN3mod9ConIntVar6sFirstE
                0x0000ec18        0x4 console.o
                0x0000ec18                _ZN3mod9ConIntVar6sFirstE
 .bss._ZN3mod10ConCommand6sFirstE
                0x0000ec1c        0x4 console.o
                0x0000ec1c                _ZN3mod10ConCommand6sFirstE
 .bss.g_animPoseMain_trampoline
                0x0000ec20        0x4 errorHandling.o
                0x0000ec20                g_animPoseMain_trampoline
 .bss.g_npcNameToPtr_trampoline
                0x0000ec24        0x4 errorHandling.o
                0x0000ec24                g_npcNameToPtr_trampoline
 .bss.heapCorruptionInfo
                0x0000ec28        0x8 errorHandling.o
                0x0000ec28                heapCorruptionInfo
 .bss.animPoseMainErrorInfo
                0x0000ec30        0x4 errorHandling.o
                0x0000ec30                animPoseMainErrorInfo
 .bss.npcNameToPtrErrorInfo
                0x0000ec34        0x4 errorHandling.o
                0x0000ec34                npcNameToPtrErrorInfo
 .bss._ZZ25cCrashScreenDecrementYPosE14decrementCount
                0x0000ec38        0x4 gamePatches.o
 .bss._ZN3mod4gModE
                0x0000ec3c        0x4 mod.o
                0x0000ec3c                _ZN3mod4gModE
 .bss._ZN17ModUpdateFunction6sFirstE
                0x0000ec40        0x4 mod.o
                0x0000ec40                _ZN17ModUpdateFunction6sFirstE
 .bss._ZN15ModInitFunction6sFirstE
                0x0000ec44        0x4 mod.o
                0x0000ec44                _ZN15ModInitFunction6sFirstE
 *(.gnu.linkonce.b.*)
 *(COMMON)
                0x0000ec60                        . = ALIGN (0x20)
 *fill*         0x0000ec48       0x18 
                [!provide]                        PROVIDE (__bss_end = .)
                0x0000ec60                        __bss_end = .
                0x0000ec60                        _end = .
                [!provide]                        PROVIDE (end = .)

.bss._ZZNK3mod14seq_change_mapMUlPKcE_clES2_E8beroName
                0x00000000       0x20
 .bss._ZZNK3mod14seq_change_mapMUlPKcE_clES2_E8beroName
                0x00000000       0x20 con_seq.o
                0x00000000                _ZZNK3mod14seq_change_mapMUlPKcE_clES1_E8beroName
                0x00000000                _ZZNK3mod14seq_change_mapMUlPKcE_clES2_E8beroName

.bss._ZZNK3mod14seq_change_mapMUlPKcE_clES2_E7mapName
                0x00000000       0x20
 .bss._ZZNK3mod14seq_change_mapMUlPKcE_clES2_E7mapName
                0x00000000       0x20 con_seq.o
                0x00000000                _ZZNK3mod14seq_change_mapMUlPKcE_clES2_E7mapName
                0x00000000                _ZZNK3mod14seq_change_mapMUlPKcE_clES1_E7mapName

.stab
 *(.stab)

.stabstr
 *(.stabstr)

.stab.excl
 *(.stab.excl)

.stab.exclstr
 *(.stab.exclstr)

.stab.index
 *(.stab.index)

.stab.indexstr
 *(.stab.indexstr)

.comment        0x00000000      0x6c0
 *(.comment)
 .comment       0x00000000       0x24 OWR.o
 .comment       0x00000024       0x24 StateManager.o
 .comment       0x00000048       0x24 common.o
 .comment       0x0000006c       0x24 con_mario.o
 .comment       0x00000090       0x24 con_perf.o
 .comment       0x000000b4       0x24 con_seq.o
 .comment       0x000000d8       0x24 console.o
 .comment       0x000000fc       0x24 cxx.o
 .comment       0x00000120       0x24 errorHandling.o
 .comment       0x00000144       0x24 gamePatches.o
 .comment       0x00000168       0x24 keyboard.o
 .comment       0x0000018c       0x24 mod.o
 .comment       0x000001b0       0x24 patch.o
 .comment       0x000001d4       0x24 printf.o
 .comment       0x000001f8       0x24 rel.o
 .comment       0x0000021c       0x24 ug.o
 .comment       0x00000240       0x24 util.o
 .comment       0x00000264       0x24 aaa.o
 .comment       0x00000288       0x24 aji.o
 .comment       0x000002ac       0x24 bom.o
 .comment       0x000002d0       0x24 dou.o
 .comment       0x000002f4       0x24 eki.o
 .comment       0x00000318       0x24 end.o
 .comment       0x0000033c       0x24 gon.o
 .comment       0x00000360       0x24 gor_00.o
 .comment       0x00000384       0x24 gor_01.o
 .comment       0x000003a8       0x24 gor_02.o
 .comment       0x000003cc       0x24 gor_03.o
 .comment       0x000003f0       0x24 gor_04.o
 .comment       0x00000414       0x24 gor_misc.o
 .comment       0x00000438       0x24 gra.o
 .comment       0x0000045c       0x24 hei.o
 .comment       0x00000480       0x24 hom.o
 .comment       0x000004a4       0x24 jin.o
 .comment       0x000004c8       0x24 kpa.o
 .comment       0x000004ec       0x24 las.o
 .comment       0x00000510       0x24 main.o
 .comment       0x00000534       0x24 moo.o
 .comment       0x00000558       0x24 mri.o
 .comment       0x0000057c       0x24 muj.o
 .comment       0x000005a0       0x24 nok.o
 .comment       0x000005c4       0x24 pik.o
 .comment       0x000005e8       0x24 rsh.o
 .comment       0x0000060c       0x24 tik.o
 .comment       0x00000630       0x24 tou.o
 .comment       0x00000654       0x24 tou2.o
 .comment       0x00000678       0x24 usu.o
 .comment       0x0000069c       0x24 win.o

.gnu.attributes
                0x00000000       0x10
 .gnu.attributes
                0x00000000       0x10 OWR.o
 .gnu.attributes
                0x00000010       0x10 common.o
 .gnu.attributes
                0x00000020       0x10 con_mario.o
 .gnu.attributes
                0x00000030       0x10 con_perf.o
 .gnu.attributes
                0x00000040       0x10 console.o
 .gnu.attributes
                0x00000050       0x10 errorHandling.o
 .gnu.attributes
                0x00000060       0x10 mod.o
 .gnu.attributes
                0x00000070       0x10 printf.o
 .gnu.attributes
                0x00000080       0x10 util.o

.group          0x00000000        0xc
 .group         0x00000000        0xc con_mario.o

.group          0x00000000        0xc
 .group         0x00000000        0xc con_perf.o

.group          0x00000000        0xc
 .group         0x00000000        0xc con_seq.o

.group          0x00000000        0x8
 .group         0x00000000        0x8 con_seq.o

.group          0x00000000        0x8
 .group         0x00000000        0x8 con_seq.o

.group          0x00000000        0xc
 .group         0x00000000        0xc console.o

.group          0x00000000        0xc
 .group         0x00000000        0xc errorHandling.o

.debug
 *(.debug)

.line
 *(.line)

.debug_srcinfo
 *(.debug_srcinfo)

.debug_sfnames
 *(.debug_sfnames)

.debug_aranges  0x00000000      0x9b0
 *(.debug_aranges)
 .debug_aranges
                0x00000000       0x98 OWR.o
 .debug_aranges
                0x00000098       0x28 StateManager.o
 .debug_aranges
                0x000000c0       0x60 common.o
 .debug_aranges
                0x00000120       0x30 con_mario.o
 .debug_aranges
                0x00000150       0x30 con_perf.o
 .debug_aranges
                0x00000180       0x38 con_seq.o
 .debug_aranges
                0x000001b8       0xa8 console.o
 .debug_aranges
                0x00000260       0x48 cxx.o
 .debug_aranges
                0x000002a8       0x88 errorHandling.o
 .debug_aranges
                0x00000330       0x58 gamePatches.o
 .debug_aranges
                0x00000388       0x40 keyboard.o
 .debug_aranges
                0x000003c8       0x58 mod.o
 .debug_aranges
                0x00000420       0x80 patch.o
 .debug_aranges
                0x000004a0       0x28 printf.o
 .debug_aranges
                0x000004c8       0x30 rel.o
 .debug_aranges
                0x000004f8       0x38 ug.o
 .debug_aranges
                0x00000530       0x50 util.o
 .debug_aranges
                0x00000580       0x20 aaa.o
 .debug_aranges
                0x000005a0       0x28 aji.o
 .debug_aranges
                0x000005c8       0x20 bom.o
 .debug_aranges
                0x000005e8       0x20 dou.o
 .debug_aranges
                0x00000608       0x20 eki.o
 .debug_aranges
                0x00000628       0x20 end.o
 .debug_aranges
                0x00000648       0x20 gon.o
 .debug_aranges
                0x00000668       0x28 gor_00.o
 .debug_aranges
                0x00000690       0x20 gor_01.o
 .debug_aranges
                0x000006b0       0x20 gor_02.o
 .debug_aranges
                0x000006d0       0x20 gor_03.o
 .debug_aranges
                0x000006f0       0x20 gor_04.o
 .debug_aranges
                0x00000710       0x28 gor_misc.o
 .debug_aranges
                0x00000738       0x20 gra.o
 .debug_aranges
                0x00000758       0x20 hei.o
 .debug_aranges
                0x00000778       0x20 hom.o
 .debug_aranges
                0x00000798       0x20 jin.o
 .debug_aranges
                0x000007b8       0x20 kpa.o
 .debug_aranges
                0x000007d8       0x20 las.o
 .debug_aranges
                0x000007f8       0x40 main.o
 .debug_aranges
                0x00000838       0x20 moo.o
 .debug_aranges
                0x00000858       0x20 mri.o
 .debug_aranges
                0x00000878       0x28 muj.o
 .debug_aranges
                0x000008a0       0x20 nok.o
 .debug_aranges
                0x000008c0       0x20 pik.o
 .debug_aranges
                0x000008e0       0x20 rsh.o
 .debug_aranges
                0x00000900       0x30 tik.o
 .debug_aranges
                0x00000930       0x20 tou.o
 .debug_aranges
                0x00000950       0x20 tou2.o
 .debug_aranges
                0x00000970       0x20 usu.o
 .debug_aranges
                0x00000990       0x20 win.o

.debug_pubnames
 *(.debug_pubnames)

.debug_info     0x00000000    0x44068
 *(.debug_info)
 .debug_info    0x00000000     0x66b4 OWR.o
 .debug_info    0x000066b4      0x3bd StateManager.o
 .debug_info    0x00006a71      0xf83 common.o
 .debug_info    0x000079f4     0x246d con_mario.o
 .debug_info    0x00009e61     0x2156 con_perf.o
 .debug_info    0x0000bfb7     0x2105 con_seq.o
 .debug_info    0x0000e0bc     0x3a79 console.o
 .debug_info    0x00011b35      0x407 cxx.o
 .debug_info    0x00011f3c     0x3a86 errorHandling.o
 .debug_info    0x000159c2     0x2d28 gamePatches.o
 .debug_info    0x000186ea      0xe4d keyboard.o
 .debug_info    0x00019537     0x33da mod.o
 .debug_info    0x0001c911      0xe1b patch.o
 .debug_info    0x0001d72c      0x580 printf.o
 .debug_info    0x0001dcac      0x103 rel.o
 .debug_info    0x0001ddaf      0x77f ug.o
 .debug_info    0x0001e52e      0x9c5 util.o
 .debug_info    0x0001eef3      0x304 aaa.o
 .debug_info    0x0001f1f7     0x1bad aji.o
 .debug_info    0x00020da4      0x41c bom.o
 .debug_info    0x000211c0     0x1160 dou.o
 .debug_info    0x00022320      0xbfb eki.o
 .debug_info    0x00022f1b      0x2fa end.o
 .debug_info    0x00023215     0x11fc gon.o
 .debug_info    0x00024411     0x1fee gor_00.o
 .debug_info    0x000263ff     0x126b gor_01.o
 .debug_info    0x0002766a     0x18a9 gor_02.o
 .debug_info    0x00028f13      0xc5a gor_03.o
 .debug_info    0x00029b6d      0x710 gor_04.o
 .debug_info    0x0002a27d     0x1154 gor_misc.o
 .debug_info    0x0002b3d1      0xa46 gra.o
 .debug_info    0x0002be17     0x13ea hei.o
 .debug_info    0x0002d201      0x9f5 hom.o
 .debug_info    0x0002dbf6      0x4e5 jin.o
 .debug_info    0x0002e0db      0x340 kpa.o
 .debug_info    0x0002e41b      0xdc8 las.o
 .debug_info    0x0002f1e3     0x38cf main.o
 .debug_info    0x00032ab2      0x98a moo.o
 .debug_info    0x0003343c     0x1dc5 mri.o
 .debug_info    0x00035201     0x2c7a muj.o
 .debug_info    0x00037e7b     0x15dd nok.o
 .debug_info    0x00039458     0x16d8 pik.o
 .debug_info    0x0003ab30     0x1e4e rsh.o
 .debug_info    0x0003c97e     0x249a tik.o
 .debug_info    0x0003ee18     0x1bcf tou.o
 .debug_info    0x000409e7      0x41c tou2.o
 .debug_info    0x00040e03     0x1eb1 usu.o
 .debug_info    0x00042cb4     0x13b4 win.o

.debug_abbrev   0x00000000     0x87bc
 *(.debug_abbrev)
 .debug_abbrev  0x00000000      0x7e4 OWR.o
 .debug_abbrev  0x000007e4      0x17e StateManager.o
 .debug_abbrev  0x00000962      0x217 common.o
 .debug_abbrev  0x00000b79      0x61b con_mario.o
 .debug_abbrev  0x00001194      0x66b con_perf.o
 .debug_abbrev  0x000017ff      0x68b con_seq.o
 .debug_abbrev  0x00001e8a      0x940 console.o
 .debug_abbrev  0x000027ca      0x1a8 cxx.o
 .debug_abbrev  0x00002972      0x7aa errorHandling.o
 .debug_abbrev  0x0000311c      0x4d1 gamePatches.o
 .debug_abbrev  0x000035ed      0x32f keyboard.o
 .debug_abbrev  0x0000391c      0x74f mod.o
 .debug_abbrev  0x0000406b      0x21e patch.o
 .debug_abbrev  0x00004289      0x1d5 printf.o
 .debug_abbrev  0x0000445e       0xf0 rel.o
 .debug_abbrev  0x0000454e      0x1bf ug.o
 .debug_abbrev  0x0000470d      0x21e util.o
 .debug_abbrev  0x0000492b       0xcc aaa.o
 .debug_abbrev  0x000049f7      0x2a4 aji.o
 .debug_abbrev  0x00004c9b       0xcc bom.o
 .debug_abbrev  0x00004d67      0x1f2 dou.o
 .debug_abbrev  0x00004f59      0x1d6 eki.o
 .debug_abbrev  0x0000512f       0xcc end.o
 .debug_abbrev  0x000051fb      0x1e3 gon.o
 .debug_abbrev  0x000053de      0x260 gor_00.o
 .debug_abbrev  0x0000563e      0x21d gor_01.o
 .debug_abbrev  0x0000585b      0x244 gor_02.o
 .debug_abbrev  0x00005a9f      0x1e3 gor_03.o
 .debug_abbrev  0x00005c82      0x12e gor_04.o
 .debug_abbrev  0x00005db0      0x2a0 gor_misc.o
 .debug_abbrev  0x00006050      0x1cb gra.o
 .debug_abbrev  0x0000621b      0x1ee hei.o
 .debug_abbrev  0x00006409      0x1c1 hom.o
 .debug_abbrev  0x000065ca      0x154 jin.o
 .debug_abbrev  0x0000671e       0xcc kpa.o
 .debug_abbrev  0x000067ea      0x1e3 las.o
 .debug_abbrev  0x000069cd      0x45f main.o
 .debug_abbrev  0x00006e2c      0x1c5 moo.o
 .debug_abbrev  0x00006ff1      0x229 mri.o
 .debug_abbrev  0x0000721a      0x338 muj.o
 .debug_abbrev  0x00007552      0x218 nok.o
 .debug_abbrev  0x0000776a      0x217 pik.o
 .debug_abbrev  0x00007981      0x215 rsh.o
 .debug_abbrev  0x00007b96      0x52f tik.o
 .debug_abbrev  0x000080c5      0x227 tou.o
 .debug_abbrev  0x000082ec       0xcc tou2.o
 .debug_abbrev  0x000083b8      0x215 usu.o
 .debug_abbrev  0x000085cd      0x1ef win.o

.debug_line     0x00000000    0x163d5
 *(.debug_line)
 .debug_line    0x00000000     0x11ce OWR.o
 .debug_line    0x000011ce      0x1c2 StateManager.o
 .debug_line    0x00001390      0x351 common.o
 .debug_line    0x000016e1      0x4a2 con_mario.o
 .debug_line    0x00001b83      0x5c0 con_perf.o
 .debug_line    0x00002143      0x52f con_seq.o
 .debug_line    0x00002672     0x131b console.o
 .debug_line    0x0000398d      0x1f6 cxx.o
 .debug_line    0x00003b83      0xcc4 errorHandling.o
 .debug_line    0x00004847      0x6bc gamePatches.o
 .debug_line    0x00004f03      0x4ae keyboard.o
 .debug_line    0x000053b1      0x6c8 mod.o
 .debug_line    0x00005a79      0x41b patch.o
 .debug_line    0x00005e94      0x24f printf.o
 .debug_line    0x000060e3      0x13d rel.o
 .debug_line    0x00006220      0x360 ug.o
 .debug_line    0x00006580      0x40c util.o
 .debug_line    0x0000698c      0x205 aaa.o
 .debug_line    0x00006b91      0xe79 aji.o
 .debug_line    0x00007a0a      0x553 bom.o
 .debug_line    0x00007f5d      0x61b dou.o
 .debug_line    0x00008578      0x507 eki.o
 .debug_line    0x00008a7f      0x1f5 end.o
 .debug_line    0x00008c74      0x666 gon.o
 .debug_line    0x000092da      0x89e gor_00.o
 .debug_line    0x00009b78      0x687 gor_01.o
 .debug_line    0x0000a1ff      0x685 gor_02.o
 .debug_line    0x0000a884      0x7bb gor_03.o
 .debug_line    0x0000b03f      0x4aa gor_04.o
 .debug_line    0x0000b4e9      0x415 gor_misc.o
 .debug_line    0x0000b8fe      0x43d gra.o
 .debug_line    0x0000bd3b      0x554 hei.o
 .debug_line    0x0000c28f      0x3b4 hom.o
 .debug_line    0x0000c643      0x5c2 jin.o
 .debug_line    0x0000cc05      0x28e kpa.o
 .debug_line    0x0000ce93      0x84c las.o
 .debug_line    0x0000d6df      0xc4d main.o
 .debug_line    0x0000e32c      0x2d8 moo.o
 .debug_line    0x0000e604     0x1027 mri.o
 .debug_line    0x0000f62b     0x113e muj.o
 .debug_line    0x00010769      0x59a nok.o
 .debug_line    0x00010d03      0x862 pik.o
 .debug_line    0x00011565     0x151e rsh.o
 .debug_line    0x00012a83      0xa61 tik.o
 .debug_line    0x000134e4     0x1781 tou.o
 .debug_line    0x00014c65      0x583 tou2.o
 .debug_line    0x000151e8      0xc98 usu.o
 .debug_line    0x00015e80      0x555 win.o

.debug_frame
 *(.debug_frame)

.debug_str      0x00000000    0x4821f
 *(.debug_str)
 .debug_str     0x00000000     0x58e5 OWR.o
 .debug_str     0x000058e5      0x3ab StateManager.o
 .debug_str     0x00005c90     0x13e4 common.o
 .debug_str     0x00007074     0x1985 con_mario.o
 .debug_str     0x000089f9     0x159c con_perf.o
 .debug_str     0x00009f95     0x16c0 con_seq.o
 .debug_str     0x0000b655     0x19f9 console.o
 .debug_str     0x0000d04e      0x35e cxx.o
 .debug_str     0x0000d3ac     0x2068 errorHandling.o
 .debug_str     0x0000f414     0x2554 gamePatches.o
 .debug_str     0x00011968      0x95f keyboard.o
 .debug_str     0x000122c7     0x226b mod.o
 .debug_str     0x00014532      0x726 patch.o
 .debug_str     0x00014c58      0x468 printf.o
 .debug_str     0x000150c0      0x191 rel.o
 .debug_str     0x00015251      0x39b ug.o
 .debug_str     0x000155ec      0x654 util.o
 .debug_str     0x00015c40      0x432 aaa.o
 .debug_str     0x00016072     0x2543 aji.o
 .debug_str     0x000185b5      0x62f bom.o
 .debug_str     0x00018be4     0x1cee dou.o
 .debug_str     0x0001a8d2      0xfb0 eki.o
 .debug_str     0x0001b882      0x42c end.o
 .debug_str     0x0001bcae     0x1d77 gon.o
 .debug_str     0x0001da25     0x2a81 gor_00.o
 .debug_str     0x000204a6     0x1ab9 gor_01.o
 .debug_str     0x00021f5f     0x24c3 gor_02.o
 .debug_str     0x00024422      0xfb7 gor_03.o
 .debug_str     0x000253d9      0x5a3 gor_04.o
 .debug_str     0x0002597c     0x1bdd gor_misc.o
 .debug_str     0x00027559      0xcc8 gra.o
 .debug_str     0x00028221     0x20bf hei.o
 .debug_str     0x0002a2e0      0xcd2 hom.o
 .debug_str     0x0002afb2      0x66a jin.o
 .debug_str     0x0002b61c      0x482 kpa.o
 .debug_str     0x0002ba9e     0x1252 las.o
 .debug_str     0x0002ccf0     0x329e main.o
 .debug_str     0x0002ff8e      0xbba moo.o
 .debug_str     0x00030b48     0x2998 mri.o
 .debug_str     0x000334e0     0x3f7c muj.o
 .debug_str     0x0003745c     0x1f01 nok.o
 .debug_str     0x0003935d     0x209e pik.o
 .debug_str     0x0003b3fb     0x2aa7 rsh.o
 .debug_str     0x0003dea2     0x2fba tik.o
 .debug_str     0x00040e5c     0x2767 tou.o
 .debug_str     0x000435c3      0x60d tou2.o
 .debug_str     0x00043bd0     0x28ba usu.o