
Discarded input sections

 .text          0x00000000        0x0 OWR.o
 .data          0x00000000        0x0 OWR.o
 .bss           0x00000000        0x0 OWR.o
 .bss._ZN3mod3owr25g_stg0_00_init_trampolineE
                0x00000000        0x4 OWR.o
 .bss._ZN3mod3owr22g_itemEntry_trampolineE
                0x00000000        0x4 OWR.o
 .text          0x00000000        0x0 StateManager.o
 .data          0x00000000        0x0 StateManager.o
 .bss           0x00000000        0x0 StateManager.o
 .text._ZN3mod3owr12StateManager4InitEv
                0x00000000       0x18 StateManager.o
 .text          0x00000000        0x0 common.o
 .data          0x00000000        0x0 common.o
 .bss           0x00000000        0x0 common.o
 .text._ZN3mod6common14GetCurrentAreaEv
                0x00000000       0x1c common.o
 .text._ZN3mod6common13GetCurrentMapEv
                0x00000000       0x1c common.o
 .text._ZN3mod6common11GetFilenameEv
                0x00000000       0x1c common.o
 .text._ZN3mod6common16GetStorySequenceEv
                0x00000000       0x20 common.o
 .text._ZN3mod6common14GetPitSequenceEv
                0x00000000       0x24 common.o
 .text._ZN3mod6common17GetSavedFlagValueEi
                0x00000000       0x40 common.o
 .text._ZN3mod6common21HasKeyItemInInventoryEs
                0x00000000       0x3c common.o
 .text._ZN3mod6common25GetBattleWindowDataOffsetEv
                0x00000000       0x1c common.o
 .text._ZN3mod6common21GetStatusWindowHeightEv
                0x00000000       0x24 common.o
 .data._ZN3mod6common29kUnknownStatusWindowStructPtrE
                0x00000000        0x4 common.o
 .data._ZN3mod6common10kBattlePtrE
                0x00000000        0x4 common.o
 .data._ZN3mod6common9kPouchPtrE
                0x00000000        0x4 common.o
 .data._ZN3mod6common12kSaveDataPtrE
                0x00000000        0x4 common.o
 .rodata._ZN3mod6common32kUltraHammerChestDespawnIdOffsetE
                0x00000000        0x4 common.o
 .rodata._ZN3mod6common27kObjectCollectionExprOffsetE
                0x00000000        0x4 common.o
 .rodata._ZN3mod6common27kObjectChestScriptPtrOffsetE
                0x00000000        0x4 common.o
 .rodata._ZN3mod6common33kMujModuleFlavioDesiredItemOffsetE
                0x00000000        0x4 common.o
 .rodata._ZN3mod6common36kJinModuleAtomicBooItemGswfSetOffsetE
                0x00000000        0x4 common.o
 .rodata._ZN3mod6common39kJinModuleAtomicBooItemObjectFlagOffsetE
                0x00000000        0x4 common.o
 .rodata._ZN3mod6common32kPitModuleCharlietonChanceOffsetE
                0x00000000        0x4 common.o
 .rodata._ZN3mod6common22kPitModuleNpcArrOffsetE
                0x00000000        0x4 common.o
 .rodata._ZN3mod6common23kSavedWordFlagBaseValueE
                0x00000000        0x4 common.o
 .data._ZN3mod6common20kPiantaParlorItemArrE
                0x00000000        0x4 common.o
 .data._ZN3mod6common21kPitCharlietonItemArrE
                0x00000000        0x4 common.o
 .data._ZN3mod6common12kHowzItemArrE
                0x00000000        0x4 common.o
 .data._ZN3mod6common18kCharlietonItemArrE
                0x00000000        0x4 common.o
 .data._ZN3mod6common14kDazzleItemArrE
                0x00000000        0x4 common.o
 .data._ZN3mod6common20kSuperguardFramesArrE
                0x00000000        0x4 common.o
 .data._ZN3mod6common15kGuardFramesArrE
                0x00000000        0x4 common.o
 .data._ZN3mod6common25kSuperChargePartnerParamsE
                0x00000000        0x4 common.o
 .data._ZN3mod6common18kSuperChargeParamsE
                0x00000000        0x4 common.o
 .data._ZN3mod6common19kPiercingBlowParamsE
                0x00000000        0x4 common.o
 .data._ZN3mod6common18kHammerThrowParamsE
                0x00000000        0x4 common.o
 .data._ZN3mod6common17kKoopaCurseParamsE
                0x00000000        0x4 common.o
 .data._ZN3mod6common15kTradeOffParamsE
                0x00000000        0x4 common.o
 .data._ZN3mod6common17kGulpRecoilParamsE
                0x00000000        0x4 common.o
 .data._ZN3mod6common24kUltraHammerRecoilParamsE
                0x00000000        0x4 common.o
 .data._ZN3mod6common24kSuperHammerRecoilParamsE
                0x00000000        0x4 common.o
 .data._ZN3mod6common8kNextMapE
                0x00000000        0x4 common.o
 .rodata.cst4   0x00000000        0x4 common.o
 .text          0x00000000        0x0 con_mario.o
 .data          0x00000000        0x0 con_mario.o
 .bss           0x00000000        0x0 con_mario.o
 .text          0x00000000        0x0 con_perf.o
 .data          0x00000000        0x0 con_perf.o
 .bss           0x00000000        0x0 con_perf.o
 .text          0x00000000        0x0 con_seq.o
 .data          0x00000000        0x0 con_seq.o
 .bss           0x00000000        0x0 con_seq.o
 .text          0x00000000        0x0 console.o
 .data          0x00000000        0x0 console.o
 .bss           0x00000000        0x0 console.o
[...]
Memory Configuration

Name             Origin             Length             Attributes
*default*        0x00000000         0xffffffff

Linker script and memory map

                0x80003100                        . = 0x80003100

.init
 *crt0.o(*.init)
 *(.init)

.plt
 *(.plt)

.interp
 *(.interp)

.hash
 *(.hash)

.dynsym
 *(.dynsym)

.dynstr
 *(.dynstr)

.gnu.version
 *(.gnu.version)

.gnu.version_d
 *(.gnu.version_d)

.gnu.version_r
 *(.gnu.version_r)

.rel.init
 *(.rel.init)

.rela.init
 *(.rela.init)

.rel.text
 *(.rel.text .rel.text.* .rel.gnu.linkonce.t.*)

.rela.text
 *(.rela.text .rela.text.* .rela.gnu.linkonce.t.*)

.rel.fini
 *(.rel.fini)

.rela.fini
 *(.rela.fini)

.rel.rodata
 *(.rel.rodata .rel.rodata.* .rel.gnu.linkonce.r.*)

.rela.rodata
 *(.rela.rodata .rela.rodata.* .rela.gnu.linkonce.r.*)

.rel.data
 *(.rel.data .rel.data.* .rel.gnu.linkonce.d.*)

.rela.data
 *(.rela.data .rela.data.* .rela.gnu.linkonce.d.*)

.rel.tdata
 *(.rel.tdata .rel.tdata.* .rel.gnu.linkonce.td.*)

.rela.tdata
 *(.rela.tdata .rela.tdata.* .rela.gnu.linkonce.td.*)

.rel.tbss
 *(.rel.tbss .rel.tbss.* .rel.gnu.linkonce.tb.*)

.rela.tbss
 *(.rela.tbss .rela.tbss.* .rela.gnu.linkonce.tb.*)

.rel.ctors
 *(.rel.ctors)

.rela.ctors
 *(.rela.ctors)

.rel.dtors
 *(.rel.dtors)

.rela.dtors
 *(.rela.dtors)

.rel.got
 *(.rel.got)

.rela.got
 *(.rela.got)

.rela.got1
 *(.rela.got1)

.rela.got2
 *(.rela.got2)

.rel.sdata
 *(.rel.sdata .rel.sdata.* .rel.gnu.linkonce.s.*)

.rela.sdata
 *(.rela.sdata .rela.sdata.* .rela.gnu.linkonce.s.*)

.rel.sbss
 *(.rel.sbss .rel.sbss.* .rel.gnu.linkonce.sb.*)

.rela.sbss
 *(.rela.sbss .rela.sbss.* .rel.gnu.linkonce.sb.*)

.rel.sdata2
 *(.rel.sdata2 .rel.sdata2.* .rel.gnu.linkonce.s2.*)

.rela.sdata2
 *(.rela.sdata2 .rela.sdata2.* .rela.gnu.linkonce.s2.*)

.rel.sbss2
 *(.rel.sbss2 .rel.sbss2.* .rel.gnu.linkonce.sb2.*)

.rela.sbss2
 *(.rela.sbss2 .rela.sbss2.* .rela.gnu.linkonce.sb2.*)

.rel.bss
 *(.rel.bss .rel.bss.* .rel.gnu.linkonce.b.*)

.rela.bss
 *(.rela.bss .rela.bss.* .rela.gnu.linkonce.b.*)

.rel.plt
 *(.rel.plt)

.rela.plt
 *(.rela.plt)

.text           0x80003100     0xd980
 *(.text)
 .text          0x80003100        0xc CrashScreenDecrementYPos.o
                0x80003100                asmCrashScreenDecrementYPosStart
                0x80003108                asmCrashScreenDecrementYPosBranchBack
 .text          0x8000310c        0x8 FixBlooperCrash1.o
                0x8000310c                asmFixBlooperCrash1
 .text          0x80003114       0x14 FixBlooperCrash2.o
                0x80003114                asmFixBlooperCrash2
 .text          0x80003128       0x10 PreventDiaryTextboxSelection.o
                0x80003128                asmPreventDiaryTextboxSelection
 .text          0x80003138      0x2d0 asm_main.o
                0x80003138                bMapGXArrInject
                0x80003144                bMapGXArrInjectReturn
                0x80003148                bMapGXArrIncrement
                0x80003150                bMapGXArrIncrementReturn
                0x80003154                bMapGXChSplit
                0x80003160                bMapGXChSplitReturn
                0x80003164                bWinLogArrInject
                0x80003170                bWinLogArrInjectReturn
                0x80003174                bWinLogArrIncrement
                0x8000317c                bWinLogArrIncrementReturn
                0x80003180                bChapterClearCheck
                0x800031c8                bJohoyaSeqAddition
                0x80003200                bPrintPartyAddErrorFix
                0x8000323c                bPrintPartyAddErrorFixReturn
                0x80003240                bPrintPartyErrorFix
                0x8000327c                bPrintPartyErrorFixReturn
                0x80003280                bKururingFloorCapture
                0x80003288                bKururingFloorCaptureReturn
                0x8000328c                bKururingFloorRelease
                0x80003294                bKururingFloorReleaseReturn
                0x80003298                bPowerupblkCapture
                0x800032b0                bPowerupblkCaptureReturn
                0x800032b4                bPowerupblkRelease
                0x800032bc                bPowerupblkReleaseReturn
                0x800032c0                bPeachPointer
                0x80003318                breakfastValueRestore
                0x80003338                bPeachReturn
                0x8000333c                bShopFlagCheck
                0x80003348                bShopFlagCheckReturn
                0x8000334c                win_log_mapGX_arr
 .text          0x80003408       0x58 restfpr_x.o
                0x80003408                _restfpr_14_x
                0x8000340c                _restfpr_15_x
                0x80003410                _restfpr_16_x
                0x80003414                _restfpr_17_x
                0x80003418                _restfpr_18_x
                0x8000341c                _restfpr_19_x
                0x80003420                _restfpr_20_x
                0x80003424                _restfpr_21_x
                0x80003428                _restfpr_22_x
                0x8000342c                _restfpr_23_x
                0x80003430                _restfpr_24_x
                0x80003434                _restfpr_25_x
                0x80003438                _restfpr_26_x
                0x8000343c                _restfpr_27_x
                0x80003440                _restfpr_28_x
                0x80003444                _restfpr_29_x
                0x80003448                _restfpr_30_x
                0x8000344c                _restfpr_31_x
 .text          0x80003460       0x58 restgpr_x.o
                0x80003460                _restgpr_14_x
                0x80003464                _restgpr_15_x
                0x80003468                _restgpr_16_x
                0x8000346c                _restgpr_17_x
                0x80003470                _restgpr_18_x
                0x80003474                _restgpr_19_x
                0x80003478                _restgpr_20_x
                0x8000347c                _restgpr_21_x
                0x80003480                _restgpr_22_x
                0x80003484                _restgpr_23_x
                0x80003488                _restgpr_24_x
                0x8000348c                _restgpr_25_x
                0x80003490                _restgpr_26_x
                0x80003494                _restgpr_27_x
                0x80003498                _restgpr_28_x
                0x8000349c                _restgpr_29_x
                0x800034a0                _restgpr_30_x
                0x800034a4                _restgpr_31_x
 *(.text.*)
 *fill*         0x800034b8        0x0 00000000
 .text._ZZN3mod3owr3OWR4InitEvENUlPN4ttyd6evtmgr8EvtEntryEbE_4_FUNES5_b
                0x800034b8       0x6c OWR.o
 .text._ZZN3mod3owr3OWR4InitEvENUlPN4ttyd5party10PartyEntryEfffE_4_FUNES5_fff
                0x80003524       0x98 OWR.o
 .text._ZZN3mod3owr3OWR4InitEvENUliE0_4_FUNEi
                0x800035bc       0xec OWR.o
 .text._ZZN3mod3owr3OWR4InitEvENUliE_4_FUNEi
                0x800036a8      0x1ec OWR.o
 .text._ZZN3mod3owr3OWR4InitEvENUlPKcE_4_FUNES3_
                0x80003894      0x578 OWR.o
 .text._ZZN3mod3owr3OWR4InitEvENUlN4ttyd6seqdrv8SeqIndexEPKcS6_E_4_FUNES4_S6_S6_
                0x80003e0c       0xa0 OWR.o
 .text._ZN3mod3owr3OWRC2Ev
                0x80003eac        0x4 OWR.o
                0x80003eac                _ZN3mod3owr3OWRC1Ev
                0x80003eac                _ZN3mod3owr3OWRC2Ev
 .text._ZN3mod3owr3OWR12SequenceInitEv
                0x80003eb0      0x118 OWR.o
                0x80003eb0                _ZN3mod3owr3OWR12SequenceInitEv
 .text._ZN3mod3owr13checkIfInGameEv
                0x80003fc8       0x64 OWR.o
                0x80003fc8                _ZN3mod3owr13checkIfInGameEv
 .text._ZN3mod3owr3OWR12HomewardWarpEv
                0x8000402c       0x84 OWR.o
                0x8000402c                _ZN3mod3owr3OWR12HomewardWarpEv
 .text._ZN3mod3owr3OWR12RecieveItemsEv
                0x800040b0       0x5c OWR.o
                0x800040b0                _ZN3mod3owr3OWR12RecieveItemsEv
 .text._ZN3mod3owr3OWR4InitEv
                0x8000410c      0x22c OWR.o
                0x8000410c                _ZN3mod3owr3OWR4InitEv
 .text._ZN3mod3owr3OWR6UpdateEv
                0x80004338       0x38 OWR.o
                0x80004338                _ZN3mod3owr3OWR6UpdateEv
 .text._ZN3mod3owr3OWR14OnModuleLoadedEP12OSModuleInfo
                0x80004370       0x98 OWR.o
                0x80004370                _ZN3mod3owr3OWR14OnModuleLoadedEP12OSModuleInfo
 .text._ZZN3mod3owr3OWR4InitEvENUlP12OSModuleInfoPvE_4_FUNES3_S4_
                0x80004408       0x54 OWR.o
 .text._ZN3mod3owr3OWR10DrawStringEPKcffjf
                0x8000445c       0xc8 OWR.o
                0x8000445c                _ZN3mod3owr3OWR10DrawStringEPKcffjf
 .text.startup._GLOBAL__sub_I__ZN3mod3owr7item_dbE
                0x80004524       0x14 OWR.o
 .text._ZN3mod3owr12StateManagerC2Ev
                0x80004538       0x18 StateManager.o
                0x80004538                _ZN3mod3owr12StateManagerC2Ev
                0x80004538                _ZN3mod3owr12StateManagerC1Ev
 .text._ZN3modL13mod_if_func24Ev
                0x80004550       0x54 con_mario.o
 .text.startup._GLOBAL__sub_I__ZN3mod13mario_set_posE
                0x800045a4       0x88 con_mario.o
 .text._ZN3modL13mod_if_func51Ev
                0x8000462c      0x158 con_perf.o
 .text.startup._GLOBAL__sub_I__ZN3mod15perf_fake_spikeE
                0x80004784       0x8c con_perf.o
 .text._ZN3modL13mod_if_func16Ev
                0x80004810       0x60 con_seq.o
 .text._ZZN3modL13mod_if_func16EvENUlPN4ttyd6seqdrv7SeqInfoEE_4_FUNES3_
                0x80004870       0x34 con_seq.o
 .text.startup._GLOBAL__sub_I__ZN3mod13seq_logo_skipE
                0x800048a4       0x8c con_seq.o
 .text._ZN3mod13ConsoleSystem8logColorEPKcN2gc6color4E
                0x80004930      0x1e4 console.o
                0x80004930                _ZN3mod13ConsoleSystem8logColorEPKcN2gc6color4E
 .text._ZN3mod13ConsoleSystem7logInfoEPKcz
                0x80004b14       0xac console.o
                0x80004b14                _ZN3mod13ConsoleSystem7logInfoEPKcz
 .text._ZN3mod7CC_findEPKc
                0x80004bc0       0xe8 console.o
                0x80004bc0                _ZN3mod7CC_findEPKc
 .text._ZN3mod13ConsoleSystem10logWarningEPKcz
                0x80004ca8       0xb0 console.o
                0x80004ca8                _ZN3mod13ConsoleSystem10logWarningEPKcz
 .text._ZN3mod13ConsoleSystem8logErrorEPKcz
                0x80004d58       0xb0 console.o
                0x80004d58                _ZN3mod13ConsoleSystem8logErrorEPKcz
 .text._ZN3mod13ConsoleSystem7overlayEPKcz
                0x80004e08       0xbc console.o
                0x80004e08                _ZN3mod13ConsoleSystem7overlayEPKcz
 .text._ZN3mod13ConsoleSystem12setMonospaceEb
                0x80004ec4       0x24 console.o
                0x80004ec4                _ZN3mod13ConsoleSystem12setMonospaceEb
 .text._ZN3mod13ConsoleSystem4initEv
                0x80004ee8       0x14 console.o
                0x80004ee8                _ZN3mod13ConsoleSystem4initEv
 .text._ZN3mod13ConsoleSystem8drawLineEiPKcN2gc6color4E
                0x80004efc       0xa8 console.o
                0x80004efc                _ZN3mod13ConsoleSystem8drawLineEiPKcN2gc6color4E
 .text._ZN3mod13ConsoleSystem14processCommandEPKc
                0x80004fa4      0x1e4 console.o
                0x80004fa4                _ZN3mod13ConsoleSystem14processCommandEPKc
 .text._ZN3mod13ConsoleSystem12updatePromptEv
                0x80005188      0x2f0 console.o
                0x80005188                _ZN3mod13ConsoleSystem12updatePromptEv
 .text._ZN3mod13ConsoleSystem14updateUsbGeckoEv
                0x80005478      0x128 console.o
                0x80005478                _ZN3mod13ConsoleSystem14updateUsbGeckoEv
 .text._ZN3mod13ConsoleSystem6updateEv
                0x800055a0       0x68 console.o
                0x800055a0                _ZN3mod13ConsoleSystem6updateEv
 .text._ZN3mod13ConsoleSystem4dispEv
                0x80005608      0x368 console.o
                0x80005608                _ZN3mod13ConsoleSystem4dispEv
 .text._ZZN3mod13ConsoleSystem6updateEvENUlN4ttyd7dispdrv8CameraIdEPvE_4_FUNES3_S4_
                0x80005970        0x8 console.o
 .text.startup._GLOBAL__sub_I__ZN3mod10ConCommand6sFirstE
                0x80005978      0x17c console.o
 .text._Znwj    0x80005af4        0xc cxx.o
                0x80005af4                _Znwj
 .text._Znaj    0x80005b00        0x4 cxx.o
                0x80005b00                _Znaj
 .text._ZdlPv   0x80005b04        0xc cxx.o
                0x80005b04                _ZdlPv
 .text._ZdaPv   0x80005b10        0x4 cxx.o
                0x80005b10                _ZdaPv
 .text._ZL27checkIndividualStandardHeapPKN2gc2os9ChunkInfoE
                0x80005b14       0x64 errorHandling.o
 .text._ZL24checkIndividualSmartHeapPKN4ttyd6memory19SmartAllocationDataE
                0x80005b78       0x64 errorHandling.o
 .text._ZL21initStandardHeapErrorPKvib
                0x80005bdc       0x94 errorHandling.o
 .text._ZL18initSmartHeapErrorPKvb
                0x80005c70       0x8c errorHandling.o
 .text._ZN18HeapCorruptionInfo10drawBufferEv
                0x80005cfc       0x98 errorHandling.o
                0x80005cfc                _ZN18HeapCorruptionInfo10drawBufferEv
 .text._ZN21NpcNameToPtrErrorInfo16drawErrorMessageEv
                0x80005d94       0x9c errorHandling.o
                0x80005d94                _ZN21NpcNameToPtrErrorInfo16drawErrorMessageEv
 .text._ZN21AnimPoseMainErrorInfo16drawErrorMessageEv
                0x80005e30       0x9c errorHandling.o
                0x80005e30                _ZN21AnimPoseMainErrorInfo16drawErrorMessageEv
 .text._Z10checkHeapsv
                0x80005ecc      0x168 errorHandling.o
                0x80005ecc                _Z10checkHeapsv
 .text._Z17drawErrorMessagesv
                0x80006034       0x74 errorHandling.o
                0x80006034                _Z17drawErrorMessagesv
 .text._Z25checkForNpcNameToPtrErrorPKc
                0x800060a8       0x6c errorHandling.o
                0x800060a8                _Z25checkForNpcNameToPtrErrorPKc
 .text._Z24preventAnimPoseMainCrashi
                0x80006114       0x54 errorHandling.o
                0x80006114                _Z24preventAnimPoseMainCrashi
 .text.startup._GLOBAL__sub_I_npcNameToPtrErrorInfo
                0x80006168       0x1c errorHandling.o
 .text.exit._GLOBAL__sub_D_npcNameToPtrErrorInfo
                0x80006184       0x14 errorHandling.o
 .text._ZL22fixPouchInitMemoryLeakij
                0x80006198       0x4c gamePatches.o
 .text._ZL12autoMashTextN2gc3pad5PadIdE
                0x800061e4       0x48 gamePatches.o
 .text._ZL14fixMapProblemsv
                0x8000622c       0xe8 gamePatches.o
 .text.cFixBlooperCrash1
                0x80006314       0x38 gamePatches.o
                0x80006314                cFixBlooperCrash1
 .text.cCrashScreenDecrementYPos
                0x8000634c       0x28 gamePatches.o
                0x8000634c                cCrashScreenDecrementYPos
 .text.cPreventDiaryTextboxOptionSelection
                0x80006374       0x58 gamePatches.o
                0x80006374                cPreventDiaryTextboxOptionSelection
 .text._Z14applyGameFixesv
                0x800063cc       0x68 gamePatches.o
                0x800063cc                _Z14applyGameFixesv
 .text._Z23applyVariousGamePatchesv
                0x80006434       0xe8 gamePatches.o
                0x80006434                _Z23applyVariousGamePatchesv
 .text._ZN3mod8Keyboard7connectEv
                0x8000651c       0x58 keyboard.o
                0x8000651c                _ZN3mod8Keyboard7connectEv
 .text._ZN3mod8KeyboardC2Ei
                0x80006574       0x20 keyboard.o
                0x80006574                _ZN3mod8KeyboardC2Ei
                0x80006574                _ZN3mod8KeyboardC1Ei
 .text._ZN3mod8Keyboard10disconnectEv
                0x80006594       0x40 keyboard.o
                0x80006594                _ZN3mod8Keyboard10disconnectEv
 .text._ZN3mod8Keyboard6updateEv
                0x800065d4      0x1d4 keyboard.o
                0x800065d4                _ZN3mod8Keyboard6updateEv
 .text._ZZN3mod3Mod4initEvENUlvE0_4_FUNEv
                0x800067a8        0x4 mod.o
 .text._ZZN3mod3Mod11updateEarlyEvENUlN4ttyd7dispdrv8CameraIdEPvE_4_FUNES3_S4_
                0x800067ac        0x4 mod.o
 .text._ZN3mod3ModC2Ev
                0x800067b0       0x90 mod.o
                0x800067b0                _ZN3mod3ModC2Ev
                0x800067b0                _ZN3mod3ModC1Ev
 .text._ZN3mod3Mod4initEv
                0x80006840      0x188 mod.o
                0x80006840                _ZN3mod3Mod4initEv
 .text.startup._ZN3mod4mainEv
                0x800069c8       0x38 mod.o
                0x800069c8                _ZN3mod4mainEv
 .text._ZN3mod3Mod11updateEarlyEv
                0x80006a00       0x8c mod.o
                0x80006a00                _ZN3mod3Mod11updateEarlyEv
 .text._ZZN3mod3Mod4initEvENUlvE_4_FUNEv
                0x80006a8c        0xc mod.o
 .text._ZN3mod5patch17clear_DC_IC_CacheEPvj
                0x80006a98       0x3c patch.o
                0x80006a98                _ZN3mod5patch17clear_DC_IC_CacheEPvj
 .text._ZN3mod5patch14writeEvtBranchEPiPKib
                0x80006ad4       0x1c patch.o
                0x80006ad4                _ZN3mod5patch14writeEvtBranchEPiPKib
 .text._ZN3mod5patch15writeBranchMainEPvS1_j
                0x80006af0       0x18 patch.o
                0x80006af0                _ZN3mod5patch15writeBranchMainEPvS1_j
 .text._ZN3mod5patch11writeBranchEPvS1_
                0x80006b08        0x8 patch.o
                0x80006b08                _ZN3mod5patch11writeBranchEPvS1_
 .text._ZN3mod5patch21writeStandardBranchesEPvS1_S1_
                0x80006b10       0x3c patch.o
                0x80006b10                _ZN3mod5patch21writeStandardBranchesEPvS1_S1_
 .text._ZN3mod5patch13writeBranchBLEPvS1_
                0x80006b4c        0xc patch.o
                0x80006b4c                _ZN3mod5patch13writeBranchBLEPvS1_
 .text._ZN3mod5patch10writePatchEPvPKvj
                0x80006b58       0x5c patch.o
                0x80006b58                _ZN3mod5patch10writePatchEPvPKvj
 .text._ZN3mod5patch10writePatchEPvj
                0x80006bb4       0x2c patch.o
                0x80006bb4                _ZN3mod5patch10writePatchEPvj
 .text._ZN3mod5patch15writeBranchPairEPvS1_S1_
                0x80006be0       0x3c patch.o
                0x80006be0                _ZN3mod5patch15writeBranchPairEPvS1_S1_
 .text._ZN3mod5patch17writeIntWithCacheEPvj
                0x80006c1c        0xc patch.o
                0x80006c1c                _ZN3mod5patch17writeIntWithCacheEPvj
 .text.vsnprintf
                0x80006c28       0x70 printf.o
                0x80006c28                vsnprintf
 .text.snprintf
                0x80006c98       0x7c printf.o
                0x80006c98                snprintf
 .text._prolog  0x80006d14       0x5c rel.o
                0x80006d14                _prolog
 .text._epilog  0x80006d70       0x4c rel.o
                0x80006d70                _epilog
 .text._unresolved
                0x80006dbc        0x4 rel.o
                0x80006dbc                _unresolved
 .text._ZN3modL10ugTransferEiPvib
                0x80006dc0      0x124 ug.o
 .text._ZN3mod7ugProbeEi
                0x80006ee4       0xf8 ug.o
                0x80006ee4                _ZN3mod7ugProbeEi
 .text._ZN3mod6ugSendEiPKvi
                0x80006fdc        0x8 ug.o
                0x80006fdc                _ZN3mod6ugSendEiPKvi
 .text._ZN3mod6ugRecvEiPvi
                0x80006fe4        0x8 ug.o
                0x80006fe4                _ZN3mod6ugRecvEiPvi
 .text.strstr   0x80006fec       0x90 util.o
                0x80006fec                strstr
 .text._ZN3mod4util16checkButtonComboEj
                0x8000707c       0x4c util.o
                0x8000707c                _ZN3mod4util16checkButtonComboEj
 .text._ZN3mod4util26checkButtonComboEveryFrameEj
                0x800070c8       0x34 util.o
                0x800070c8                _ZN3mod4util26checkButtonComboEveryFrameEj
 .text._ZN3mod4util10ptrIsValidEPv
                0x800070fc       0x30 util.o
                0x800070fc                _ZN3mod4util10ptrIsValidEPv
 .text._ZN3mod4util10intToFloatEi
                0x8000712c       0x30 util.o
                0x8000712c                _ZN3mod4util10intToFloatEi
 .text._ZN3mod4util25getTextMultilineIncrementEPKcfj
                0x8000715c       0x4c util.o
                0x8000715c                _ZN3mod4util25getTextMultilineIncrementEPKcfj
 .text._Z15ApplyAaaPatchesv
                0x800071a8       0x50 aaa.o
                0x800071a8                _Z15ApplyAaaPatchesv
 .text._Z15ApplyAjiPatchesv
                0x800071f8      0x83c aji.o
                0x800071f8                _Z15ApplyAjiPatchesv
 .text._Z15ApplyBomPatchesv
                0x80007a34      0x300 bom.o
                0x80007a34                _Z15ApplyBomPatchesv
 .text._Z15ApplyDouPatchesv
                0x80007d34      0x2f0 dou.o
                0x80007d34                _Z15ApplyDouPatchesv
 .text._Z15ApplyEkiPatchesv
                0x80008024      0x254 eki.o
                0x80008024                _Z15ApplyEkiPatchesv
 .text._Z15ApplyEndPatchesv
                0x80008278       0x30 end.o
                0x80008278                _Z15ApplyEndPatchesv
 .text._Z15ApplyGonPatchesv
                0x800082a8      0x35c gon.o
                0x800082a8                _Z15ApplyGonPatchesv
 .text._Z17ApplyGor00Patchesv
                0x80008604      0x5b0 gor_00.o
                0x80008604                _Z17ApplyGor00Patchesv
 .text.startup._GLOBAL__sub_I__Z17ApplyGor00Patchesv
                0x80008bb4       0x14 gor_00.o
 .text._Z17ApplyGor01Patchesv
                0x80008bc8      0x404 gor_01.o
                0x80008bc8                _Z17ApplyGor01Patchesv
 .text._Z17ApplyGor02Patchesv
                0x80008fcc      0x400 gor_02.o
                0x80008fcc                _Z17ApplyGor02Patchesv
 .text._Z17ApplyGor03Patchesv
                0x800093cc      0x47c gor_03.o
                0x800093cc                _Z17ApplyGor03Patchesv
 .text._Z17ApplyGor04Patchesv
                0x80009848      0x1d8 gor_04.o
                0x80009848                _Z17ApplyGor04Patchesv
 .text._Z19ApplyGorMiscPatchesv
                0x80009a20      0x14c gor_misc.o
                0x80009a20                _Z19ApplyGorMiscPatchesv
 .text._Z15ApplyGorPatchesv
                0x80009b6c       0x30 gor_misc.o
                0x80009b6c                _Z15ApplyGorPatchesv
 .text._Z15ApplyGraPatchesv
                0x80009b9c      0x200 gra.o
                0x80009b9c                _Z15ApplyGraPatchesv
 .text._Z15ApplyHeiPatchesv
                0x80009d9c      0x294 hei.o
                0x80009d9c                _Z15ApplyHeiPatchesv
 .text._Z15ApplyHomPatchesv
                0x8000a030      0x140 hom.o
                0x8000a030                _Z15ApplyHomPatchesv
 .text._Z15ApplyJinPatchesv
                0x8000a170      0x348 jin.o
                0x8000a170                _Z15ApplyJinPatchesv
 .text._Z15ApplyKpaPatchesv
                0x8000a4b8       0xd0 kpa.o
                0x8000a4b8                _Z15ApplyKpaPatchesv
 .text._Z15ApplyLasPatchesv
                0x8000a588      0x4f0 las.o
                0x8000a588                _Z15ApplyLasPatchesv
 .text._Z12setShopFlagsPN4ttyd6evtmgr8EvtEntryEb
                0x8000aa78       0x8c main.o
                0x8000aa78                _Z12setShopFlagsPN4ttyd6evtmgr8EvtEntryEb
 .text.checkShopFlag
                0x8000ab04       0x84 main.o
                0x8000ab04                checkShopFlag
 .text._Z24ApplyMainAssemblyPatchesv
                0x8000ab88      0x938 main.o
                0x8000ab88                _Z24ApplyMainAssemblyPatchesv
 .text._Z22ApplyMainScriptPatchesv
                0x8000b4c0      0x1e8 main.o
                0x8000b4c0                _Z22ApplyMainScriptPatchesv
 .text._Z25ApplyItemDataTablePatchesv
                0x8000b6a8      0x15c main.o
                0x8000b6a8                _Z25ApplyItemDataTablePatchesv
 .text._Z15ApplyMriPatchesv
                0x8000b804      0xba4 mri.o
                0x8000b804                _Z15ApplyMriPatchesv
 .text._Z15ApplyMujPatchesv
                0x8000c3a8      0xa2c muj.o
                0x8000c3a8                _Z15ApplyMujPatchesv
 .text._Z15ApplyNokPatchesv
                0x8000cdd4      0x36c nok.o
                0x8000cdd4                _Z15ApplyNokPatchesv
 .text._Z15ApplyPikPatchesv
                0x8000d140      0x524 pik.o
                0x8000d140                _Z15ApplyPikPatchesv
 .text._Z15ApplyRshPatchesv
                0x8000d664      0xe34 rsh.o
                0x8000d664                _Z15ApplyRshPatchesv
 .text._Z24checkChapterRequirementsPN4ttyd6evtmgr8EvtEntryEb
                0x8000e498       0x7c tik.o
                0x8000e498                _Z24checkChapterRequirementsPN4ttyd6evtmgr8EvtEntryEb
 .text._Z18checkChapterClearsPN4ttyd6evtmgr8EvtEntryEb
                0x8000e514       0x5c tik.o
                0x8000e514                _Z18checkChapterClearsPN4ttyd6evtmgr8EvtEntryEb
 .text._Z15ApplyTikPatchesv
                0x8000e570      0x598 tik.o
                0x8000e570                _Z15ApplyTikPatchesv
 .text._Z15ApplyTouPatchesv
                0x8000eb08     0x10a8 tou.o
                0x8000eb08                _Z15ApplyTouPatchesv
 .text._Z16ApplyTou2Patchesv
                0x8000fbb0      0x34c tou2.o
                0x8000fbb0                _Z16ApplyTou2Patchesv
 .text._Z15ApplyUsuPatchesv
                0x8000fefc      0x884 usu.o
                0x8000fefc                _Z15ApplyUsuPatchesv
 .text._Z15ApplyWinPatchesv
                0x80010780      0x2e4 win.o
                0x80010780                _Z15ApplyWinPatchesv
 *(.gnu.warning)
 *(.gnu.linkonce.t.*)
                0x80010a80                        . = ALIGN (0x20)
 *fill*         0x80010a64       0x1c 00000000

.text._ZN3mod13mario_set_posMUlPKcE_4_FUNES2_
                0x00000000       0x5c
 .text._ZN3mod13mario_set_posMUlPKcE_4_FUNES2_
                0x00000000       0x5c con_mario.o
                0x00000000                _ZN3mod13mario_set_posMUlPKcE_4_FUNES2_
                0x00000000                _ZN3mod13mario_set_posMUlPKcE_4_FUNES1_

.text._ZN3mod15perf_fake_spikeMUlPKcE_4_FUNES2_
                0x00000000       0x7c
 .text._ZN3mod15perf_fake_spikeMUlPKcE_4_FUNES2_
                0x00000000       0x7c con_perf.o
                0x00000000                _ZN3mod15perf_fake_spikeMUlPKcE_4_FUNES1_
                0x00000000                _ZN3mod15perf_fake_spikeMUlPKcE_4_FUNES2_

.text._ZN3mod14seq_change_mapMUlPKcE_4_FUNES2_
                0x00000000       0xc4
 .text._ZN3mod14seq_change_mapMUlPKcE_4_FUNES2_
                0x00000000       0xc4 con_seq.o
                0x00000000                _ZN3mod14seq_change_mapMUlPKcE_4_FUNES2_
                0x00000000                _ZN3mod14seq_change_mapMUlPKcE_4_FUNES1_

.text._ZN3mod8con_monoMUlPNS_9ConIntVarEiE_4_FUNES2_i
                0x00000000       0x18
 .text._ZN3mod8con_monoMUlPNS_9ConIntVarEiE_4_FUNES2_i
                0x00000000       0x18 console.o
                0x00000000                _ZN3mod8con_monoMUlPNS_9ConIntVarEiE_4_FUNES1_i
                0x00000000                _ZN3mod8con_monoMUlPNS_9ConIntVarEiE_4_FUNES2_i

.text._ZN18HeapCorruptionInfo10initBufferEv
                0x00000000       0x34
 .text._ZN18HeapCorruptionInfo10initBufferEv
                0x00000000       0x34 errorHandling.o
                0x00000000                _ZN18HeapCorruptionInfo10initBufferEv

.fini           0x00000034        0xc
 *(.fini)
                0x00000040                        . = ALIGN (0x20)
 *fill*         0x00000034        0xc 00000000
                [!provide]                        PROVIDE (__etext = .)
                [!provide]                        PROVIDE (_etext = .)
                [!provide]                        PROVIDE (etext = .)

.rodata         0x00000040     0xc949
 *(.rodata)
 *(.rodata.*)
 .rodata._ZZN3mod3owr3OWR4InitEvENUliE_4_FUNEi
                0x00000040       0x10 OWR.o
 .rodata._ZZN3mod3owr3OWR4InitEvENUlPKcE_4_FUNES3_.str1.1
                0x00000050      0x48d OWR.o
 .rodata._ZZN3mod3owr3OWR4InitEvENUlN4ttyd6seqdrv8SeqIndexEPKcS6_E_4_FUNES4_S6_S6_.str1.1
                0x000004dd        0x7 OWR.o
 .rodata._ZN3mod3owr3OWR14OnModuleLoadedEP12OSModuleInfo
                0x000004e4       0x70 OWR.o
 .rodata._ZL8GSWF_ARR
                0x00000554       0x20 OWR.o
 .rodata.cst4   0x00000574        0x4 OWR.o
 .rodata._ZN3mod13mario_set_posMUlPKcE_4_FUNES2_.str1.1
                0x00000578        0x9 con_mario.o
 .rodata._ZN3modL13mod_if_func24Ev.str1.1
                0x00000581       0x20 con_mario.o
 .rodata._GLOBAL__sub_I__ZN3mod13mario_set_posE.str1.1
                0x000005a1       0x1d con_mario.o
 .rodata._ZN3modL13mod_if_func51Ev.str1.1
                0x000005be       0x5b con_perf.o
 .rodata._ZN3mod15perf_fake_spikeMUlPKcE_4_FUNES2_.str1.1
                0x00000619        0x3 con_perf.o
 .rodata._GLOBAL__sub_I__ZN3mod15perf_fake_spikeE.str1.1
                0x0000061c       0x1f con_perf.o
 *fill*         0x0000063b        0x1 
 .rodata.cst4   0x0000063c        0xc con_perf.o
 .rodata._ZN3mod14seq_change_mapMUlPKcE_4_FUNES2_.str1.1
                0x00000648       0x1e con_seq.o
 .rodata._GLOBAL__sub_I__ZN3mod13seq_logo_skipE.str1.1
                0x00000666       0x1d con_seq.o
 .rodata._ZN3mod13ConsoleSystem8logColorEPKcN2gc6color4E.str1.1
                0x00000683       0x80 console.o
 .rodata._ZN3mod7CC_findEPKc.str1.1
                0x00000703       0x1d console.o
 .rodata._ZN3mod13ConsoleSystem14processCommandEPKc.str1.1
                0x00000720       0x28 console.o
 .rodata._ZN3mod13ConsoleSystem14updateUsbGeckoEv.str1.1
                0x00000748       0x74 console.o
 .rodata._ZN3mod13ConsoleSystem4dispEv.str1.1
                0x000007bc       0x16 console.o
 .rodata._GLOBAL__sub_I__ZN3mod10ConCommand6sFirstE.str1.1
                0x000007d2       0x7f console.o
 .rodata._ZZN3mod13ConsoleSystem4dispEvE12kPromptColor
                0x00000851        0x4 console.o
 *fill*         0x00000855        0x3 
 .rodata.cst4   0x00000858        0x8 console.o
 .rodata._ZL21initStandardHeapErrorPKvib.str1.1
                0x00000860       0x30 errorHandling.o
 .rodata._ZL18initSmartHeapErrorPKvb.str1.1
                0x00000890       0x23 errorHandling.o
 .rodata._ZN21NpcNameToPtrErrorInfo16drawErrorMessageEv.str1.1
                0x000008b3       0x1f errorHandling.o
 .rodata._ZN21AnimPoseMainErrorInfo16drawErrorMessageEv.str1.1
                0x000008d2       0x1f errorHandling.o
 .rodata._Z10checkHeapsv.str1.1
                0x000008f1       0x21 errorHandling.o
 *fill*         0x00000912        0x2 
 .rodata.cst4   0x00000914       0x10 errorHandling.o
 .rodata._ZL14fixMapProblemsv.str1.1
                0x00000924       0x1e gamePatches.o
 .rodata.cPreventDiaryTextboxOptionSelection.str1.1
                0x00000942       0x19 gamePatches.o
 *fill*         0x0000095b        0x1 
 .rodata.cst4   0x0000095c        0x4 mod.o
 .rodata.cst4   0x00000960        0x8 util.o
 .rodata._ZL20aji_17_init_evt_hook
                0x00000968       0x10 aji.o
 .rodata._ZL19aji_17_init_evt_evt
                0x00000978       0x4c aji.o
 .rodata._ZL20aji_10_init_evt_hook
                0x000009c4       0x10 aji.o
 .rodata.str1.1
                0x000009d4       0x37 aji.o
 *fill*         0x00000a0b        0x1 
 .rodata._ZL19aji_10_init_evt_evt
                0x00000a0c      0x288 aji.o
 .rodata._ZL18teshita3_init_hook
                0x00000c94       0x10 aji.o
 .rodata._ZL17teshita3_init_evt
                0x00000ca4       0xc0 aji.o
 .rodata._ZL18teshita2_init_hook
                0x00000d64       0x10 aji.o
 .rodata._ZL17teshita2_init_evt
                0x00000d74       0xc0 aji.o
 .rodata._ZL20peach_evt_ele_2_hook
                0x00000e34       0x24 aji.o
 .rodata._ZL19peach_evt_ele_2_evt
                0x00000e58       0x6c aji.o
 .rodata._ZL20aji_00_init_evt_hook
                0x00000ec4       0x10 aji.o
 .rodata._ZL19aji_00_init_evt_evt
                0x00000ed4       0x5c aji.o
 .rodata._ZL4npc4
                0x00000f30       0x13 aji.o
 *fill*         0x00000f43        0x1 
 .rodata._ZL4npc3
                0x00000f44        0x7 aji.o
 *fill*         0x00000f4b        0x1 
 .rodata._ZL4npc2
                0x00000f4c        0xf aji.o
 *fill*         0x00000f5b        0x1 
 .rodata._ZL4npc1
                0x00000f5c        0x7 aji.o
 .rodata.str1.1
                0x00000f63       0x12 dou.o
 *fill*         0x00000f75        0x3 
 .rodata._ZL20peramajin_after_item
                0x00000f78       0x9c dou.o
 .rodata._ZL12evt_elv_hook
                0x00001014       0x28 eki.o
 .rodata.str1.1
                0x0000103c       0x2f eki.o
 *fill*         0x0000106b        0x1 
 .rodata._ZL11evt_elv_evt
                0x0000106c      0x104 eki.o
 .rodata.str1.1
                0x00001170        0xb gon.o
 *fill*         0x0000117b        0x1 
 .rodata._ZL19gon_evt_majin2_item
                0x0000117c       0xd0 gon.o
 .rodata._ZL21gor_00_init_evt2_hook
                0x0000124c       0x10 gor_00.o
 .rodata._ZL21gor_00_init_evt1_hook
                0x0000125c       0x10 gor_00.o
 .rodata.str1.1
                0x0000126c      0x25e gor_00.o
 *fill*         0x000014ca        0x2 
 .rodata._ZL16gor_00_init_evt1
                0x000014cc      0x1f8 gor_00.o
 .rodata._ZL18korutesu_init_hook
                0x000016c4       0x10 gor_00.o
 .rodata._ZL17korutesu_init_evt
                0x000016d4       0x58 gor_00.o
 .rodata._ZL20suifubomb_b_talk_evt
                0x0000172c       0xd4 gor_00.o
 .rodata._ZL21suifubomb_b_regl_hook
                0x00001800       0x10 gor_00.o
 .rodata._ZL20suifubomb_b_regl_evt
                0x00001810      0x120 gor_00.o
 .rodata._ZL20suifubomb_a_talk_evt
                0x00001930      0x150 gor_00.o
 .rodata._ZL21suifubomb_a_regl_hook
                0x00001a80       0x10 gor_00.o
 .rodata._ZL20suifubomb_a_regl_evt
                0x00001a90       0x90 gor_00.o
 .rodata._ZL21suifubomb_a_init_hook
                0x00001b20       0x10 gor_00.o
 .rodata._ZL20suifubomb_a_init_evt
                0x00001b30       0xc8 gor_00.o
 .rodata._ZL16suifu_b_talk_evt
                0x00001bf8       0xd4 gor_00.o
 .rodata._ZL20luigi_npcEnt_00_hook
                0x00001ccc       0x10 gor_00.o
 .rodata._ZL19luigi_npcEnt_00_evt
                0x00001cdc       0x80 gor_00.o
 .rodata._ZL18luigi_init_00_hook
                0x00001d5c       0x10 gor_00.o
 .rodata._ZL17luigi_init_00_evt
                0x00001d6c       0x50 gor_00.o
 .rodata._ZL16mokorim_init_evt
                0x00001dbc       0x30 gor_00.o
 .rodata._ZL17suifu_b_init_hook
                0x00001dec       0x10 gor_00.o
 .rodata._ZL16suifu_b_init_evt
                0x00001dfc       0xc8 gor_00.o
 .rodata._ZL17suifu_a_regl_hook
                0x00001ec4       0x10 gor_00.o
 .rodata._ZL16suifu_a_regl_evt
                0x00001ed4       0x80 gor_00.o
 .rodata._ZL16suifu_a_talk_evt
                0x00001f54       0xd4 gor_00.o
 .rodata._ZL19odoodo_ani_talk_evt
                0x00002028       0x20 gor_00.o
 .rodata._ZL15odoodo_talk_evt
                0x00002048      0x128 gor_00.o
 .rodata._ZL16odoodo_regl_hook
                0x00002170       0x10 gor_00.o
 .rodata._ZL15odoodo_regl_evt
                0x00002180       0x94 gor_00.o
 .rodata._ZL16odoodo_init_hook
                0x00002214       0x10 gor_00.o
 .rodata._ZL15odoodo_init_evt
                0x00002224      0x114 gor_00.o
 .rodata._ZL17garawaru_talk_evt
                0x00002338       0xb8 gor_00.o
 .rodata._ZL18garawaru_regl_hook
                0x000023f0       0x10 gor_00.o
 .rodata._ZL17garawaru_regl_evt
                0x00002400      0x120 gor_00.o
 .rodata._ZL18garawaru_init_hook
                0x00002520       0x10 gor_00.o
 .rodata._ZL17garawaru_init_evt
                0x00002530      0x140 gor_00.o
 .rodata._ZL7npcEnt2
                0x00002670        0x9 gor_00.o
 *fill*         0x00002679        0x3 
 .rodata._ZL6npcEnt
                0x0000267c        0x9 gor_00.o
 .rodata.str1.1
                0x00002685       0x9f gor_01.o
 .rodata._ZL15bomhei_talk_evt
                0x00002724       0x20 gor_01.o
 .rodata._ZL16chusan2_talk_evt
                0x00002744       0x20 gor_01.o
 .rodata._ZL16chusan1_talk_evt
                0x00002764       0x20 gor_01.o
 .rodata._ZL16kuribo3_talk_evt
                0x00002784       0x20 gor_01.o
 .rodata._ZL16kuribo2_talk_evt
                0x000027a4       0x20 gor_01.o
 .rodata._ZL16kuribo1_talk_evt
                0x000027c4       0x20 gor_01.o
 .rodata._ZL15roten2_talk_evt
                0x000027e4       0x20 gor_01.o
 .rodata._ZL15roten1_talk_evt
                0x00002804       0x20 gor_01.o
 .rodata._ZL19shoptender_talk_evt
                0x00002824       0x20 gor_01.o
 .rodata._ZL15kinoji_talk_evt
                0x00002844       0x20 gor_01.o
 .rodata._ZL19bottakuru_init_hook
                0x00002864       0x10 gor_01.o
 .rodata._ZL18bottakuru_init_evt
                0x00002874       0x70 gor_01.o
 .rodata._ZL18marco_init_01_hook
                0x000028e4       0x10 gor_01.o
 .rodata._ZL17marco_init_01_evt
                0x000028f4       0x40 gor_01.o
 .rodata._ZL20badgemaster_talk_evt
                0x00002934       0x20 gor_01.o
 .rodata._ZL15luigi_init_hook
                0x00002954       0x10 gor_02.o
 .rodata.str1.1
                0x00002964      0x22d gor_02.o
 *fill*         0x00002b91        0x3 
 .rodata._ZL14luigi_init_evt
                0x00002b94       0x4c gor_02.o
 .rodata._ZL20tozokudan2_talk_hook
                0x00002be0        0xc gor_02.o
 .rodata._ZL19tozokudan2_talk_evt
                0x00002bec      0x160 gor_02.o
 .rodata._ZL20tozokudan1_talk_hook
                0x00002d4c        0xc gor_02.o
 .rodata._ZL19tozokudan1_talk_evt
                0x00002d58      0x160 gor_02.o
 .rodata._ZL20kurihakase_init_hook
                0x00002eb8       0x10 gor_02.o
 .rodata._ZL19kurihakase_init_evt
                0x00002ec8      0x294 gor_02.o
 .rodata._ZL19kurihakase_talk_evt
                0x0000315c      0x2cc gor_02.o
 .rodata._ZL22evt_door_02_open_hook2
                0x00003428       0x10 gor_02.o
 .rodata._ZL21evt_door_02_open_evt2
                0x00003438       0xc4 gor_02.o
 .rodata._ZL21evt_door_02_open_hook
                0x000034fc       0x10 gor_02.o
 .rodata._ZL20evt_door_02_open_evt
                0x0000350c      0x184 gor_02.o
 .rodata._ZL21gor_02_init_evt2_hook
                0x00003690       0x10 gor_02.o
 .rodata._ZL16gor_02_init_evt2
                0x000036a0       0xcc gor_02.o
 .rodata._ZL21gor_02_init_evt1_hook
                0x0000376c       0x10 gor_02.o
 .rodata._ZL16gor_02_init_evt1
                0x0000377c      0x138 gor_02.o
 .rodata._ZL16borodo2_talk_evt
                0x000038b4       0x20 gor_02.o
 .rodata._ZL16borodo1_talk_evt
                0x000038d4       0x20 gor_02.o
 .rodata._ZL15roten3_talk_evt
                0x000038f4       0x20 gor_02.o
 .rodata._ZL16chusan3_talk_evt
                0x00003914       0x20 gor_02.o
 .rodata._ZL16kuribo4_talk_evt
                0x00003934       0x20 gor_02.o
 .rodata._ZL20gor_03_init_evt_hook
                0x00003954       0x10 gor_03.o
 .rodata.str1.1
                0x00003964      0x100 gor_03.o
 .rodata._ZL19gor_03_init_evt_evt
                0x00003a64      0x160 gor_03.o
 .rodata._ZL16maffia3_talk_evt
                0x00003bc4       0x20 gor_03.o
 .rodata._ZL16maffia2_talk_evt
                0x00003be4      0x140 gor_03.o
 .rodata._ZL16maffia1_talk_evt
                0x00003d24      0x140 gor_03.o
 .rodata._ZL26maffiaboss_casino_talk_evt
                0x00003e64       0x20 gor_03.o
 .rodata._ZL26maffiaboss_talk_common_evt
                0x00003e84      0x120 gor_03.o
 .rodata._Z17ApplyGor04Patchesv.str1.1
                0x00003fa4       0x12 gor_04.o
 .rodata.str1.1
                0x00003fb6        0x7 gor_misc.o
 *fill*         0x00003fbd        0x3 
 .rodata._ZL9party_evt
                0x00003fc0       0x9c gor_misc.o
 .rodata._ZL9goombella
                0x0000405c        0x9 gor_misc.o
 .rodata.str1.1
                0x00004065       0x18 gra.o
 *fill*         0x0000407d        0x3 
 .rodata._ZL17evt_machibuse_evt
                0x00004080       0x4c gra.o
 .rodata._ZL8doopliss
                0x000040cc        0xb gra.o
 *fill*         0x000040d7        0x1 
 .rodata._ZL11stones_hook
                0x000040d8       0x10 hei.o
 .rodata.str1.1
                0x000040e8       0x21 hei.o
 *fill*         0x00004109        0x3 
 .rodata._ZL10stones_evt
                0x0000410c       0xd8 hei.o
 .rodata._ZL9party_evt
                0x000041e4       0x80 hei.o
 .rodata._ZL5koops
                0x00004264        0xb hei.o
 *fill*         0x0000426f        0x1 
 .rodata._ZL20hom_00_init_evt_hook
                0x00004270       0x10 hom.o
 .rodata.str1.1
                0x00004280       0x1f hom.o
 *fill*         0x0000429f        0x1 
 .rodata._ZL19hom_00_init_evt_evt
                0x000042a0       0x94 hom.o
 .rodata._ZL20jin_08_init_evt_hook
                0x00004334        0x8 jin.o
 .rodata._ZL19jin_08_init_evt_evt
                0x0000433c       0x1c jin.o
 .rodata._ZL18tenkyugi_evt2_hook
                0x00004358       0x10 las.o
 .rodata.str1.1
                0x00004368       0x68 las.o
 .rodata._ZL17tenkyugi_evt2_evt
                0x000043d0       0x2c las.o
 .rodata._ZL20las_10_init_evt_hook
                0x000043fc       0x10 las.o
 .rodata._ZL19las_10_init_evt_evt
                0x0000440c       0x40 las.o
 .rodata._ZL13stairs_revert
                0x0000444c      0x104 las.o
 .rodata._Z25ApplyItemDataTablePatchesv.str1.1
                0x00004550       0xc2 main.o
 *fill*         0x00004612        0x2 
 .rodata._ZL17main_buy_evt_hook
                0x00004614       0x10 main.o
 .rodata._ZL16main_buy_evt_evt
                0x00004624       0x50 main.o
 .rodata._ZL20mri_09_init_evt_hook
                0x00004674       0x10 mri.o
 .rodata.str1.1
                0x00004684      0x181 mri.o
 *fill*         0x00004805        0x3 
 .rodata._ZL19mri_09_init_evt_evt
                0x00004808      0x14c mri.o
 .rodata._ZL20mri_04_init_evt_hook
                0x00004954       0x10 mri.o
 .rodata._ZL19mri_04_init_evt_evt
                0x00004964       0x30 mri.o
 .rodata._ZL16bero_custom_hook
                0x00004994       0x10 mri.o
 .rodata._ZL15bero_custom_evt
                0x000049a4       0x44 mri.o
 .rodata._ZL21mri_01_init_evt_hook2
                0x000049e8       0x10 mri.o
 .rodata._ZL19mri_01_init_evt_evt
                0x000049f8       0x30 mri.o
 .rodata._ZL18puniinfo_talk_hook
                0x00004a28       0x10 mri.o
 .rodata._ZL20mri_03_init_evt_hook
                0x00004a38       0x14 mri.o
 .rodata._ZL22mri_03_init_evt_switch
                0x00004a4c       0x9c mri.o
 .rodata._ZL20mri_01_init_evt_hook
                0x00004ae8       0x14 mri.o
 .rodata._ZL22mri_01_init_evt_switch
                0x00004afc       0xb0 mri.o
 .rodata._ZL23mri_sister_init_01_hook
                0x00004bac       0x10 mri.o
 .rodata._ZL22mri_sister_init_01_evt
                0x00004bbc       0xa8 mri.o
 .rodata._ZL16puni_2_init_hook
                0x00004c64       0x10 mri.o
 .rodata._ZL15puni_2_init_evt
                0x00004c74       0x78 mri.o
 .rodata._ZL16puni_1_talk_hook
                0x00004cec       0x10 mri.o
 .rodata._ZL15puni_1_talk_evt
                0x00004cfc       0xb0 mri.o
 .rodata._ZL16puni_1_init_hook
                0x00004dac       0x10 mri.o
 .rodata._ZL15puni_1_init_evt
                0x00004dbc       0x78 mri.o
 .rodata._ZL15elder_talk_hook
                0x00004e34       0x10 mri.o
 .rodata._ZL14elder_talk_evt
                0x00004e44       0xb8 mri.o
 .rodata._ZL22mri_elder_init_01_hook
                0x00004efc       0x10 mri.o
 .rodata._ZL21mri_elder_init_01_evt
                0x00004f0c       0xcc mri.o
 .rodata._ZL22mri_rival_init_01_hook
                0x00004fd8       0x10 mri.o
 .rodata._ZL21mri_rival_init_01_evt
                0x00004fe8       0xb8 mri.o
 .rodata._ZL18guide_init_01_hook
                0x000050a0       0x10 mri.o
 .rodata._ZL17guide_init_01_evt
                0x000050b0       0x8c mri.o
 .rodata._ZL15guide_talk_hook
                0x0000513c       0x10 mri.o
 .rodata._ZL14guide_talk_evt
                0x0000514c       0x98 mri.o
 .rodata._ZL18guide_init_00_hook
                0x000051e4       0x10 mri.o
 .rodata._ZL17guide_init_00_evt
                0x000051f4      0x150 mri.o
 .rodata._ZL14muj_party_hook
                0x00005344       0x10 muj.o
 .rodata.str1.1
                0x00005354      0x38f muj.o
 *fill*         0x000056e3        0x1 
 .rodata._ZL13muj_party_evt
                0x000056e4       0xac muj.o
 .rodata._ZL22peton_init_muj_01_hook
                0x00005790       0x10 muj.o
 .rodata._ZL21peton_init_muj_01_evt
                0x000057a0       0x54 muj.o
 .rodata._ZL21mony_init_muj_01_hook
                0x000057f4       0x10 muj.o
 .rodata._ZL20mony_init_muj_01_evt
                0x00005804       0x54 muj.o
 .rodata._ZL17koburon_dead_hook
                0x00005858       0x10 muj.o
 .rodata._ZL16koburon_dead_evt
                0x00005868      0x3bc muj.o
 .rodata._ZL20muj_01_init_evt_hook
                0x00005c24       0x10 muj.o
 .rodata._ZL19muj_01_init_evt_evt
                0x00005c34       0x50 muj.o
 .rodata._ZL21borosuifu_b_talk_hook
                0x00005c84       0x10 muj.o
 .rodata._ZL20borosuifu_b_talk_evt
                0x00005c94       0xf8 muj.o
 .rodata._ZL21borosuifu_a_talk_hook
                0x00005d8c       0x10 muj.o
 .rodata._ZL20borosuifu_a_talk_evt
                0x00005d9c       0xf8 muj.o
 .rodata._ZL24suifu_d_talk_muj_01_hook
                0x00005e94       0x10 muj.o
 .rodata._ZL23suifu_d_talk_muj_01_evt
                0x00005ea4       0xf8 muj.o
 .rodata._ZL20suifu_bomb_talk_hook
                0x00005f9c       0x10 muj.o
 .rodata._ZL19suifu_bomb_talk_evt
                0x00005fac       0xf4 muj.o
 .rodata._ZL20suifu_bomb_init_hook
                0x000060a0       0x10 muj.o
 .rodata._ZL19suifu_bomb_init_evt
                0x000060b0       0x30 muj.o
 .rodata._ZL24suifu_a_talk_muj_01_hook
                0x000060e0       0x10 muj.o
 .rodata._ZL23suifu_a_talk_muj_01_evt
                0x000060f0       0xf4 muj.o
 .rodata._ZL24suifu_a_init_muj_01_hook
                0x000061e4       0x10 muj.o
 .rodata._ZL23suifu_a_init_muj_01_evt
                0x000061f4       0x40 muj.o
 .rodata._ZL23odoodo_init_muj_01_hook
                0x00006234       0x10 muj.o
 .rodata._ZL22odoodo_init_muj_01_evt
                0x00006244       0x40 muj.o
 .rodata._ZL23megane_init_muj_01_hook
                0x00006284       0x10 muj.o
 .rodata._ZL22megane_init_muj_01_evt
                0x00006294       0x40 muj.o
 .rodata._ZL22marco_init_muj_01_hook
                0x000062d4       0x10 muj.o
 .rodata._ZL21marco_init_muj_01_evt
                0x000062e4       0x9c muj.o
 .rodata._ZL25garawaru_talk_muj_01_hook
                0x00006380       0x10 muj.o
 .rodata._ZL24garawaru_talk_muj_01_evt
                0x00006390      0x4b4 muj.o
 .rodata._ZL25garawaru_init_muj_01_hook
                0x00006844       0x10 muj.o
 .rodata._ZL24garawaru_init_muj_01_evt
                0x00006854       0xd8 muj.o
 .rodata._ZL20muj_00_init_evt_hook
                0x0000692c       0x44 muj.o
 .rodata._ZL21muj_00_init_evt_evt_2
                0x00006970       0x70 muj.o
 .rodata._ZL19muj_00_init_evt_evt
                0x000069e0       0x40 muj.o
 .rodata._ZL22peton_talk_muj_00_hook
                0x00006a20       0x10 muj.o
 .rodata._ZL21peton_talk_muj_00_evt
                0x00006a30       0x8c muj.o
 .rodata._ZL21mony_talk_muj_00_hook
                0x00006abc       0x10 muj.o
 .rodata._ZL20mony_talk_muj_00_evt
                0x00006acc       0x8c muj.o
 .rodata._ZL17nokorin_talk_hook
                0x00006b58       0x10 nok.o
 .rodata.str1.1
                0x00006b68      0x4b1 nok.o
 *fill*         0x00007019        0x3 
 .rodata._ZL16nokorin_talk_evt
                0x0000701c      0x2f4 nok.o
 .rodata._ZL19boss_noko_talk_hook
                0x00007310       0x10 nok.o
 .rodata._ZL18boss_noko_talk_evt
                0x00007320      0x164 nok.o
 .rodata._ZL20nokonoko_K_talk_hook
                0x00007484       0x10 nok.o
 .rodata._ZL19nokonoko_K_talk_evt
                0x00007494       0xd4 nok.o
 .rodata._ZL18nokopapa_talk_hook
                0x00007568       0x10 nok.o
 .rodata._ZL17nokopapa_talk_evt
                0x00007578      0x128 nok.o
 .rodata._ZL16monban_talk_hook
                0x000076a0       0x10 nok.o
 .rodata._ZL15monban_talk_evt
                0x000076b0      0x11c nok.o
 .rodata._ZL20nokonoko_I_talk_hook
                0x000077cc       0x10 nok.o
 .rodata._ZL19nokonoko_I_talk_evt
                0x000077dc       0xd4 nok.o
 .rodata._ZL20nokonoko_H_talk_hook
                0x000078b0       0x10 nok.o
 .rodata._ZL19nokonoko_H_talk_evt
                0x000078c0       0xfc nok.o
 .rodata._ZL20nokonoko_G_talk_hook
                0x000079bc       0x10 nok.o
 .rodata._ZL19nokonoko_G_talk_evt
                0x000079cc       0xd4 nok.o
 .rodata._ZL15talk_white_hook
                0x00007aa0       0x10 nok.o
 .rodata._ZL14talk_white_evt
                0x00007ab0       0xa4 nok.o
 .rodata._ZL15init_white_hook
                0x00007b54       0x10 nok.o
 .rodata._ZL14init_white_evt
                0x00007b64       0x44 nok.o
 .rodata._ZL20nokonoko_F_talk_hook
                0x00007ba8       0x10 nok.o
 .rodata._ZL19nokonoko_F_talk_evt
                0x00007bb8       0xd4 nok.o
 .rodata._ZL20nokonoko_D_talk_hook
                0x00007c8c       0x10 nok.o
 .rodata._ZL19nokonoko_D_talk_evt
                0x00007c9c       0xfc nok.o
 .rodata._ZL20nokonoko_C_talk_hook
                0x00007d98       0x10 nok.o
 .rodata._ZL19nokonoko_C_talk_evt
                0x00007da8       0xd4 nok.o
 .rodata._ZL20nokonoko_B_talk_hook
                0x00007e7c       0x10 nok.o
 .rodata._ZL19nokonoko_B_talk_evt
                0x00007e8c       0xd4 nok.o
 .rodata._ZL20nokonoko_A_talk_hook
                0x00007f60       0x10 nok.o
 .rodata._ZL19nokonoko_A_talk_evt
                0x00007f70      0x10c nok.o
 .rodata._ZL16pik_00_init_hook
                0x0000807c       0x10 pik.o
 .rodata.str1.1
                0x0000808c      0x166 pik.o
 *fill*         0x000081f2        0x2 
 .rodata._ZL19pik_00_init_evt_evt
                0x000081f4       0x58 pik.o
 .rodata._ZL31pik_talk_madam_ring_return_hook
                0x0000824c       0x10 pik.o
 .rodata._ZL20talk_madam_ring_item
                0x0000825c       0xb8 pik.o
 .rodata._ZL14evt_daiza_hook
                0x00008314       0x1c pik.o
 .rodata._ZL13evt_daiza_evt
                0x00008330       0x5c pik.o
 .rodata._ZL18pik_evt_powan_hook
                0x0000838c       0x28 pik.o
 .rodata._ZL17pik_evt_powan_evt
                0x000083b4       0x94 pik.o
 .rodata._ZL16takun6_talk_hook
                0x00008448       0x10 pik.o
 .rodata._ZL15takun6_talk_evt
                0x00008458       0x78 pik.o
 .rodata._ZL16takun5_talk_hook
                0x000084d0       0x10 pik.o
 .rodata._ZL15takun5_talk_evt
                0x000084e0       0x78 pik.o
 .rodata._ZL16takun4_talk_hook
                0x00008558       0x10 pik.o
 .rodata._ZL15takun4_talk_evt
                0x00008568       0xb4 pik.o
 .rodata._ZL18miyageya_talk_hook
                0x0000861c       0x28 pik.o
 .rodata._ZL17miyageya_talk_evt
                0x00008644      0x114 pik.o
 .rodata._ZL6madam2
                0x00008758        0x7 pik.o
 *fill*         0x0000875f        0x1 
 .rodata._ZL28talk_madam_ring_return_hook2
                0x00008760       0x10 rsh.o
 .rodata.str1.1
                0x00008770      0x1b8 rsh.o
 .rodata._ZL20talk_madam_ring_item
                0x00008928       0xbc rsh.o
 .rodata._ZL15talk_madam_hook
                0x000089e4       0x10 rsh.o
 .rodata._ZL28talk_madam_ring_return_hook1
                0x000089f4       0x10 rsh.o
 .rodata._ZL26talk_madam_ring_return_evt
                0x00008a04       0x70 rsh.o
 .rodata._ZL16init_konari_hook
                0x00008a74       0x10 rsh.o
 .rodata._ZL14init_papa_hook
                0x00008a84       0x10 rsh.o
 .rodata._ZL15init_konari_evt
                0x00008a94       0x9c rsh.o
 .rodata._ZL15init_powan_hook
                0x00008b30       0x10 rsh.o
 .rodata._ZL14init_powan_evt
                0x00008b40       0xec rsh.o
 .rodata._ZL19talk_waitless_hook2
                0x00008c2c       0x10 rsh.o
 .rodata._ZL19talk_waitless_hook1
                0x00008c3c       0x10 rsh.o
 .rodata._ZL17talk_waitless_evt
                0x00008c4c       0x78 rsh.o
 .rodata._ZL21rsh_01_init_evt_hook2
                0x00008cc4       0x10 rsh.o
 .rodata._ZL19rsh_01_init_evt_evt
                0x00008cd4       0xd8 rsh.o
 .rodata._ZL20rsh_00_init_evt_hook
                0x00008dac       0x10 rsh.o
 .rodata._ZL19rsh_00_init_evt_evt
                0x00008dbc       0xb8 rsh.o
 .rodata._ZL20rsh_04_init_evt_hook
                0x00008e74       0x10 rsh.o
 .rodata._ZL20rsh_03_init_evt_hook
                0x00008e84       0x10 rsh.o
 .rodata._ZL20rsh_02_init_evt_hook
                0x00008e94       0x10 rsh.o
 .rodata._ZL21rsh_01_init_evt_hook1
                0x00008ea4       0x10 rsh.o
 .rodata._ZL19rsh_04_init_evt_evt
                0x00008eb4       0xc0 rsh.o
 .rodata._ZL26rsh_03_init_evt_music_hook
                0x00008f74       0x10 rsh.o
 .rodata._ZL21rsh_03_init_evt_music
                0x00008f84      0x1f8 rsh.o
 .rodata._ZL26rsh_02_init_evt_music_hook
                0x0000917c       0x10 rsh.o
 .rodata._ZL21rsh_02_init_evt_music
                0x0000918c      0x270 rsh.o
 .rodata._ZL26rsh_01_init_evt_music_hook
                0x000093fc       0x10 rsh.o
 .rodata._ZL21rsh_01_init_evt_music
                0x0000940c      0x1f8 rsh.o
 .rodata._ZL26rsh_00_init_evt_music_hook
                0x00009604       0x10 rsh.o
 .rodata._ZL21rsh_00_init_evt_music
                0x00009614      0x1f8 rsh.o
 .rodata._ZL26rsh_04_init_evt_music_hook
                0x0000980c       0x10 rsh.o
 .rodata._ZL21rsh_04_init_evt_music
                0x0000981c      0x1f8 rsh.o
 .rodata._ZL20rsh_06_init_evt_hook
                0x00009a14       0x10 rsh.o
 .rodata._ZL19rsh_06_init_evt_evt
                0x00009a24      0x178 rsh.o
 .rodata._ZL6madam1
                0x00009b9c        0x7 rsh.o
 .rodata.str1.1
                0x00009ba3      0x20a tik.o
 *fill*         0x00009dad        0x3 
 .rodata._ZL19tik_evt_majin2_item
                0x00009db0       0xa8 tik.o
 .rodata._ZL21tik_05_init_evt_hook2
                0x00009e58       0x10 tik.o
 .rodata._ZL20tik_05_init_evt_evt2
                0x00009e68       0xa4 tik.o
 .rodata._ZL20tik_05_init_evt_hook
                0x00009f0c       0x10 tik.o
 .rodata._ZL19tik_05_init_evt_evt
                0x00009f1c       0x48 tik.o
 .rodata._ZL24tik_kurihakase_init_hook
                0x00009f64       0x10 tik.o
 .rodata._ZL23tik_kurihakase_init_evt
                0x00009f74       0x8c tik.o
 .rodata._ZL18master_2_talk_hook
                0x0000a000       0x10 tik.o
 .rodata._ZL17master_2_talk_evt
                0x0000a010      0x180 tik.o
 .rodata._ZL17borodo4_talk_hook
                0x0000a190       0x10 tik.o
 .rodata._ZL16borodo4_talk_evt
                0x0000a1a0      0x180 tik.o
 .rodata._ZL17borodo3_talk_hook
                0x0000a320       0x10 tik.o
 .rodata._ZL16borodo3_talk_evt
                0x0000a330      0x180 tik.o
 .rodata._ZL17chusan4_talk_hook
                0x0000a4b0       0x10 tik.o
 .rodata._ZL16chusan4_talk_evt
                0x0000a4c0      0x180 tik.o
 .rodata._ZL17kuribo5_talk_hook
                0x0000a640       0x10 tik.o
 .rodata._ZL16kuribo5_talk_evt
                0x0000a650      0x180 tik.o
 .rodata._ZL16hotdog_item_hook
                0x0000a7d0       0x10 tou.o
 .rodata.str1.1
                0x0000a7e0       0x76 tou.o
 *fill*         0x0000a856        0x2 
 .rodata._ZL11hotdog_item
                0x0000a858       0xe8 tou.o
 .rodata._ZL18tou_party_evt_hook
                0x0000a940       0x10 tou.o
 .rodata._ZL13tou_party_evt
                0x0000a950       0x5c tou.o
 .rodata._ZL20tou_04_init_evt_hook
                0x0000a9ac       0x10 tou.o
 .rodata._ZL19tou_04_init_evt_evt
                0x0000a9bc       0x78 tou.o
 .rodata._ZL14yoshi_gswf_evt
                0x0000aa34       0x14 tou.o
 .rodata._ZL15jolene_egg_hook
                0x0000aa48       0x10 tou.o
 .rodata._ZL14jolene_egg_evt
                0x0000aa58      0x220 tou.o
 .rodata._ZL16talk_sakaba_hook
                0x0000ac78       0x10 tou.o
 .rodata._ZL15talk_sakaba_evt
                0x0000ac88       0x84 tou.o
 .rodata._ZL6jolene
                0x0000ad0c        0xb tou.o
 .rodata.str1.1
                0x0000ad17      0x49e usu.o
 *fill*         0x0000b1b5        0x3 
 .rodata._ZL19usu_evt_majin2_item
                0x0000b1b8       0xa8 usu.o
 .rodata._ZL13usu_party_evt
                0x0000b260       0xbc usu.o
 .rodata._ZL23village_chief_init_hook
                0x0000b31c       0x10 usu.o
 .rodata._ZL22village_chief_init_evt
                0x0000b32c       0x58 usu.o
 .rodata._ZL27village_chief_pig_init_hook
                0x0000b384       0x10 usu.o
 .rodata._ZL26village_chief_pig_init_evt
                0x0000b394       0x70 usu.o
 .rodata._ZL23village_chief_talk_hook
                0x0000b404       0x10 usu.o
 .rodata._ZL22village_chief_talk_evt
                0x0000b414      0x1c8 usu.o
 .rodata._ZL20gatekeeper_init_hook
                0x0000b5dc       0x10 usu.o
 .rodata._ZL19gatekeeper_init_evt
                0x0000b5ec       0x8c usu.o
 .rodata._ZL24gatekeeper_pig_init_hook
                0x0000b678       0x10 usu.o
 .rodata._ZL23gatekeeper_pig_init_evt
                0x0000b688       0x78 usu.o
 .rodata._ZL20gatekeeper_talk_hook
                0x0000b700       0x10 usu.o
 .rodata._ZL19gatekeeper_talk_evt
                0x0000b710      0x114 usu.o
 .rodata._ZL20usu_00_init_evt_hook
                0x0000b824       0x14 usu.o
 .rodata._ZL19usu_00_init_evt_evt
                0x0000b838       0x5c usu.o
 .rodata._ZL20shop_woman_talk_hook
                0x0000b894       0x10 usu.o
 .rodata._ZL19shop_woman_talk_evt
                0x0000b8a4       0x78 usu.o
 .rodata._ZL18shop_man_talk_hook
                0x0000b91c       0x10 usu.o
 .rodata._ZL17shop_man_talk_evt
                0x0000b92c       0x78 usu.o
 .rodata._ZL19villagerJ_talk_hook
                0x0000b9a4       0x10 usu.o
 .rodata._ZL18villagerJ_talk_evt
                0x0000b9b4      0x104 usu.o
 .rodata._ZL19villagerI_talk_hook
                0x0000bab8       0x10 usu.o
 .rodata._ZL18villagerI_talk_evt
                0x0000bac8      0x104 usu.o
 .rodata._ZL19villagerH_talk_hook
                0x0000bbcc       0x10 usu.o
 .rodata._ZL18villagerH_talk_evt
                0x0000bbdc       0xd0 usu.o
 .rodata._ZL19villagerG_talk_hook
                0x0000bcac       0x10 usu.o
 .rodata._ZL18villagerG_talk_evt
                0x0000bcbc       0xf0 usu.o
 .rodata._ZL19villagerF_talk_hook
                0x0000bdac       0x10 usu.o
 .rodata._ZL18villagerF_talk_evt
                0x0000bdbc       0xf0 usu.o
 .rodata._ZL19villagerK_talk_hook
                0x0000beac       0x10 usu.o
 .rodata._ZL18villagerK_talk_evt
                0x0000bebc      0x130 usu.o
 .rodata._ZL19villagerE_talk_hook
                0x0000bfec       0x10 usu.o
 .rodata._ZL18villagerE_talk_evt
                0x0000bffc      0x130 usu.o
 .rodata._ZL19villagerD_talk_hook
                0x0000c12c       0x10 usu.o
 .rodata._ZL18villagerD_talk_evt
                0x0000c13c      0x194 usu.o
 .rodata._ZL19villagerC_talk_hook
                0x0000c2d0       0x10 usu.o
 .rodata._ZL18villagerC_talk_evt
                0x0000c2e0       0xfc usu.o
 .rodata._ZL19villagerB_talk_hook
                0x0000c3dc       0x10 usu.o
 .rodata._ZL18villagerB_talk_evt
                0x0000c3ec       0xfc usu.o
 .rodata._ZL19villagerA_talk_hook
                0x0000c4e8       0x10 usu.o
 .rodata._ZL18villagerA_talk_evt
                0x0000c4f8      0x130 usu.o
 .rodata._ZL19villagerA_init_hook
                0x0000c628       0x10 usu.o
 .rodata._ZL18villagerA_init_evt
                0x0000c638       0x6c usu.o
 .rodata._ZL6vivian
                0x0000c6a4        0x9 usu.o
 *fill*         0x0000c6ad        0x3 
 .rodata._ZL5mayor
                0x0000c6b0        0x5 usu.o
 *fill*         0x0000c6b5        0x3 
 .rodata._ZL9mayor_pig
                0x0000c6b8        0x9 usu.o
 *fill*         0x0000c6c1        0x3 
 .rodata._ZL8doopliss
                0x0000c6c4        0xb usu.o
 *fill*         0x0000c6cf        0x1 
 .rodata._ZL10gatekeeper
                0x0000c6d0        0x5 usu.o
 *fill*         0x0000c6d5        0x3 
 .rodata._ZL14gatekeeper_pig
                0x0000c6d8        0x9 usu.o
 *fill*         0x0000c6e1        0x3 
 .rodata._ZL12usuVillagerA
                0x0000c6e4        0x7 usu.o
 *fill*         0x0000c6eb        0x1 
 .rodata._ZL14win_party_hook
                0x0000c6ec       0x10 win.o
 .rodata.str1.1
                0x0000c6fc       0x36 win.o
 *fill*         0x0000c732        0x2 
 .rodata._ZL13win_party_evt
                0x0000c734       0xe4 win.o
 .rodata._ZL20win_00_init_evt_hook
                0x0000c818       0x10 win.o
 .rodata._ZL19win_00_init_evt_evt
                0x0000c828       0x30 win.o
 .rodata._ZL17majorin_init_hook
                0x0000c858       0x10 win.o
 .rodata._ZL16majorin_init_evt
                0x0000c868       0x30 win.o
 .rodata._ZL17maririn_init_hook
                0x0000c898       0x10 win.o
 .rodata._ZL16maririn_init_evt
                0x0000c8a8       0x30 win.o
 .rodata._ZL20win_vivian_init_hook
                0x0000c8d8       0x10 win.o
 .rodata._ZL19win_vivian_init_evt
                0x0000c8e8       0x98 win.o
 .rodata._ZL7flurrie
                0x0000c980        0x9 win.o
 *(.gnu.linkonce.r.*)

.rodata1
 *(.rodata1)

.sdata2         0x0000c989        0x0
                [!provide]                        PROVIDE (_SDA2_BASE_ = .)
 *(.sdata2)
 *(.sdata2.*)
 *(.gnu.linkonce.s2.*)

.sbss2
 *(.sbss2)
 *(.sbss2.*)
 *(.gnu.linkonce.sb2.*)
                0x0000c98c                        . = ALIGN (0x4)
                [!provide]                        PROVIDE (__preinit_array_start = .)

.preinit_array
 *(.preinit_array)
                [!provide]                        PROVIDE (__preinit_array_end = .)
                [!provide]                        PROVIDE (__init_array_start = .)

.init_array
 *(.init_array)
                [!provide]                        PROVIDE (__init_array_end = .)
                [!provide]                        PROVIDE (__fini_array_start = .)

.fini_array
 *(.fini_array)
                [!provide]                        PROVIDE (__fini_array_end = .)

.data           0x0000c98c      0x2f4
 *(.data)
 *(.data.*)
 .data._ZN3mod6common12kItemDataArrE
                0x0000c98c        0x4 common.o
                0x0000c98c                _ZN3mod6common12kItemDataArrE
 .data.errorTextPosY
                0x0000c990        0x4 errorHandling.o
                0x0000c990                errorTextPosY
 .data._ZL16gor_00_init_evt2
                0x0000c994      0x2bc gor_00.o
 .data.shopWorkPtr
                0x0000cc50        0x4 main.o
                0x0000cc50                shopWorkPtr
 .data.goods    0x0000cc54       0x28 main.o
                0x0000cc54                goods
 *(.gnu.linkonce.d.*)
                0x0000cc80                        . = ALIGN (0x20)
 *fill*         0x0000cc7c        0x4 

.data1
 *(.data1)

.tdata
 *(.tdata .tdata.* .gnu.linkonce.td.*)

.tbss
 *(.tbss .tbss.* .gnu.linkonce.tb.*)
 *(.tcommon)

.eh_frame       0x0000cc80     0x19cc
 *(.eh_frame)
 .eh_frame      0x0000cc80      0x2bc OWR.o
 .eh_frame      0x0000cf3c       0x28 StateManager.o
                                 0x3c (size before relaxing)
 .eh_frame      0x0000cf64        0x0 common.o
                                 0xc8 (size before relaxing)
 .eh_frame      0x0000cf64       0x68 con_mario.o
 .eh_frame      0x0000cfcc       0x68 con_perf.o
 .eh_frame      0x0000d034       0xa0 con_seq.o
 .eh_frame      0x0000d0d4      0x2ec console.o
                                0x310 (size before relaxing)
 .eh_frame      0x0000d3c0       0x64 cxx.o
                                 0x8c (size before relaxing)
 .eh_frame      0x0000d424      0x214 errorHandling.o
 .eh_frame      0x0000d638      0x144 gamePatches.o
 .eh_frame      0x0000d77c       0xa4 keyboard.o
                                 0xcc (size before relaxing)
 .eh_frame      0x0000d820       0xfc mod.o
                                0x110 (size before relaxing)
 .eh_frame      0x0000d91c      0x13c patch.o
                                0x18c (size before relaxing)
 .eh_frame      0x0000da58       0x5c printf.o
 .eh_frame      0x0000dab4       0x7c rel.o
 .eh_frame      0x0000db30       0x98 ug.o
 .eh_frame      0x0000dbc8       0xdc util.o
                                0x100 (size before relaxing)
 .eh_frame      0x0000dca4       0x28 aaa.o
 .eh_frame      0x0000dccc       0x6c aji.o
 .eh_frame      0x0000dd38       0x28 bom.o
 .eh_frame      0x0000dd60       0x3c dou.o
 .eh_frame      0x0000dd9c       0x40 eki.o
 .eh_frame      0x0000dddc       0x28 end.o
 .eh_frame      0x0000de04       0x40 gon.o
 .eh_frame      0x0000de44       0x74 gor_00.o
 .eh_frame      0x0000deb8       0x48 gor_01.o
 .eh_frame      0x0000df00       0x50 gor_02.o
 .eh_frame      0x0000df50       0x50 gor_03.o
 .eh_frame      0x0000dfa0       0x38 gor_04.o
 .eh_frame      0x0000dfd8       0x54 gor_misc.o
 .eh_frame      0x0000e02c       0x40 gra.o
 .eh_frame      0x0000e06c       0x4c hei.o
 .eh_frame      0x0000e0b8       0x38 hom.o
 .eh_frame      0x0000e0f0       0x40 jin.o
 .eh_frame      0x0000e130       0x28 kpa.o
 .eh_frame      0x0000e158       0x50 las.o
 .eh_frame      0x0000e1a8       0xbc main.o
 .eh_frame      0x0000e264        0x0 moo.o
                                 0x28 (size before relaxing)
 .eh_frame      0x0000e264       0x68 mri.o
 .eh_frame      0x0000e2cc       0x6c muj.o
 .eh_frame      0x0000e338       0x4c nok.o
 .eh_frame      0x0000e384       0x54 pik.o
 .eh_frame      0x0000e3d8       0x6c rsh.o
 .eh_frame      0x0000e444       0xb8 tik.o
 .eh_frame      0x0000e4fc       0x6c tou.o
 .eh_frame      0x0000e568       0x28 tou2.o
 .eh_frame      0x0000e590       0x68 usu.o
 .eh_frame      0x0000e5f8       0x54 win.o

.gcc_except_table
 *(.gcc_except_table)

.fixup
 *(.fixup)

.got1
 *(.got1)

.got2
 *(.got2)

.dynamic
 *(.dynamic)

.ctors          0x0000e64c       0x34
 *crtbegin.o(.ctors)
 *(EXCLUDE_FILE(*crtend.o) .ctors)
 .ctors         0x0000e64c        0x4 OWR.o
 .ctors         0x0000e650        0x4 con_mario.o
 .ctors         0x0000e654        0x4 con_perf.o
 .ctors         0x0000e658        0x4 con_seq.o
 .ctors         0x0000e65c        0x4 console.o
 .ctors         0x0000e660        0x4 errorHandling.o
 .ctors         0x0000e664        0x4 gor_00.o
 *(SORT_BY_NAME(.ctors.*))
 *(.ctors)
                0x0000e680                        . = ALIGN (0x20)
 *fill*         0x0000e668       0x18 

.dtors          0x0000e680       0x20
 *crtbegin.o(.dtors)
 *(EXCLUDE_FILE(*crtend.o) .dtors)
 .dtors         0x0000e680        0x4 errorHandling.o
 *(SORT_BY_NAME(.dtors.*))
 *(.dtors)
                0x0000e6a0                        . = ALIGN (0x20)
 *fill*         0x0000e684       0x1c 

.jcr
 *(.jcr)

.got
 *(.got.plt)
 *(.got)

.sdata          0x0000e6a0        0x0
                [!provide]                        PROVIDE (_SDA_BASE_ = .)
 *(.sdata)
 *(.sdata.*)
 *(.gnu.linkonce.s.*)
                0x0000e6a0                        . = ALIGN (0x20)
                0x0000e6a0                        _edata = .
                [!provide]                        PROVIDE (edata = .)

.sbss           0x0000e6a0        0x0
                0x0000e6a0                        __sbss_start = .
                [!provide]                        PROVIDE (__sbss_start = .)
                [!provide]                        PROVIDE (___sbss_start = .)
 *(.dynsbss)
 *(.sbss)
 *(.sbss.*)
 *(.gnu.linkonce.sb.*)
 *(.scommon)
                [!provide]                        PROVIDE (__sbss_end = .)
                [!provide]                        PROVIDE (___sbss_end = .)
                0x0000e6a0                        . = ALIGN (0x20)
                0x0000e6a0                        __sbss_end = .

.bss            0x0000e6a0      0x180
                0x0000e6a0                        __bss_start = .
                [!provide]                        PROVIDE (__bss_start = .)
 *(.dynbss)
 *(.bss)
 *(.bss.*)
 .bss._ZN3mod3owr22g_msgSearch_trampolineE
                0x0000e6a0        0x4 OWR.o
                0x0000e6a0                _ZN3mod3owr22g_msgSearch_trampolineE
 .bss._ZN3mod3owr31g_evt_mario_set_pose_trampolineE
                0x0000e6a4        0x4 OWR.o
                0x0000e6a4                _ZN3mod3owr31g_evt_mario_set_pose_trampolineE
 .bss._ZN3mod3owr30g_partySetForceMove_trampolineE
                0x0000e6a8        0x4 OWR.o
                0x0000e6a8                _ZN3mod3owr30g_partySetForceMove_trampolineE
 .bss._ZN3mod3owr28g_pouchRemoveItem_trampolineE
                0x0000e6ac        0x4 OWR.o
                0x0000e6ac                _ZN3mod3owr28g_pouchRemoveItem_trampolineE
 .bss._ZN3mod3owr25g_pouchGetItem_trampolineE
                0x0000e6b0        0x4 OWR.o
                0x0000e6b0                _ZN3mod3owr25g_pouchGetItem_trampolineE
 .bss._ZN3mod3owr22g_seqSetSeq_trampolineE
                0x0000e6b4        0x4 OWR.o
                0x0000e6b4                _ZN3mod3owr22g_seqSetSeq_trampolineE
 .bss._ZN3mod3owr19g_OSLink_trampolineE
                0x0000e6b8        0x4 OWR.o
                0x0000e6b8                _ZN3mod3owr19g_OSLink_trampolineE
 .bss._ZN3mod3owr6gStateE
                0x0000e6bc        0x4 OWR.o
                0x0000e6bc                _ZN3mod3owr6gStateE
 .bss._ZN3mod3owr5gSelfE
                0x0000e6c0        0x4 OWR.o
                0x0000e6c0                _ZN3mod3owr5gSelfE
 .bss._ZN3mod3owr7item_dbE
                0x0000e6c4        0x4 OWR.o
                0x0000e6c4                _ZN3mod3owr7item_dbE
 .bss.gState    0x0000e6c8        0x4 StateManager.o
                0x0000e6c8                gState
 .bss._ZN3modL12mod_if_obj24E
                0x0000e6cc        0x8 con_mario.o
 .bss._ZN3mod14mario_show_posE
                0x0000e6d4       0x10 con_mario.o
                0x0000e6d4                _ZN3mod14mario_show_posE
 .bss._ZN3mod13mario_set_posE
                0x0000e6e4        0xc con_mario.o
                0x0000e6e4                _ZN3mod13mario_set_posE
 .bss._ZN3modL12mod_if_obj51E
                0x0000e6f0        0x8 con_perf.o
 .bss._ZN3mod14mem_debug_heapE
                0x0000e6f8       0x10 con_perf.o
                0x0000e6f8                _ZN3mod14mem_debug_heapE
 .bss._ZN3mod15perf_fake_spikeE
                0x0000e708        0xc con_perf.o
                0x0000e708                _ZN3mod15perf_fake_spikeE
 .bss._ZN3mod14seq_change_mapE
                0x0000e714        0xc con_seq.o
                0x0000e714                _ZN3mod14seq_change_mapE
 .bss._ZN3modL12mod_if_obj16E
                0x0000e720        0x8 con_seq.o
 .bss._ZN3mod24gTrampoline_seq_logoMainE
                0x0000e728        0x4 con_seq.o
                0x0000e728                _ZN3mod24gTrampoline_seq_logoMainE
 .bss._ZN3mod13seq_logo_skipE
                0x0000e72c       0x10 con_seq.o
                0x0000e72c                _ZN3mod13seq_logo_skipE
 .bss._ZN3mod4findE
                0x0000e73c        0xc console.o
                0x0000e73c                _ZN3mod4findE
 .bss._ZN3mod11con_ug_chanE
                0x0000e748       0x10 console.o
                0x0000e748                _ZN3mod11con_ug_chanE
 .bss._ZN3mod11con_ug_modeE
                0x0000e758       0x10 console.o
                0x0000e758                _ZN3mod11con_ug_modeE
 .bss._ZN3mod21con_log_fade_durationE
                0x0000e768       0x10 console.o
                0x0000e768                _ZN3mod21con_log_fade_durationE
 .bss._ZN3mod18con_log_fade_startE
                0x0000e778       0x10 console.o
                0x0000e778                _ZN3mod18con_log_fade_startE
 .bss._ZN3mod12con_log_fadeE
                0x0000e788       0x10 console.o
                0x0000e788                _ZN3mod12con_log_fadeE
 .bss._ZN3mod13con_log_levelE
                0x0000e798       0x10 console.o
                0x0000e798                _ZN3mod13con_log_levelE
 .bss._ZN3mod11con_rainbowE
                0x0000e7a8       0x10 console.o
                0x0000e7a8                _ZN3mod11con_rainbowE
 .bss._ZN3mod8con_monoE
                0x0000e7b8       0x10 console.o
                0x0000e7b8                _ZN3mod8con_monoE
 .bss._ZN3mod8con_showE
                0x0000e7c8       0x10 console.o
                0x0000e7c8                _ZN3mod8con_showE
 .bss._ZN3mod8gConsoleE
                0x0000e7d8        0x4 console.o
                0x0000e7d8                _ZN3mod8gConsoleE
 .bss._ZN3mod9ConIntVar6sFirstE
                0x0000e7dc        0x4 console.o
                0x0000e7dc                _ZN3mod9ConIntVar6sFirstE
 .bss._ZN3mod10ConCommand6sFirstE
                0x0000e7e0        0x4 console.o
                0x0000e7e0                _ZN3mod10ConCommand6sFirstE
 .bss.g_animPoseMain_trampoline
                0x0000e7e4        0x4 errorHandling.o
                0x0000e7e4                g_animPoseMain_trampoline
 .bss.g_npcNameToPtr_trampoline
                0x0000e7e8        0x4 errorHandling.o
                0x0000e7e8                g_npcNameToPtr_trampoline
 .bss.heapCorruptionInfo
                0x0000e7ec        0x8 errorHandling.o
                0x0000e7ec                heapCorruptionInfo
 .bss.animPoseMainErrorInfo
                0x0000e7f4        0x4 errorHandling.o
                0x0000e7f4                animPoseMainErrorInfo
 .bss.npcNameToPtrErrorInfo
                0x0000e7f8        0x4 errorHandling.o
                0x0000e7f8                npcNameToPtrErrorInfo
 .bss._ZZ25cCrashScreenDecrementYPosE14decrementCount
                0x0000e7fc        0x4 gamePatches.o
 .bss._ZN3mod4gModE
                0x0000e800        0x4 mod.o
                0x0000e800                _ZN3mod4gModE
 .bss._ZN17ModUpdateFunction6sFirstE
                0x0000e804        0x4 mod.o
                0x0000e804                _ZN17ModUpdateFunction6sFirstE
 .bss._ZN15ModInitFunction6sFirstE
                0x0000e808        0x4 mod.o
                0x0000e808                _ZN15ModInitFunction6sFirstE
 *(.gnu.linkonce.b.*)
 *(COMMON)
                0x0000e820                        . = ALIGN (0x20)
 *fill*         0x0000e80c       0x14 
                [!provide]                        PROVIDE (__bss_end = .)
                0x0000e820                        __bss_end = .
                0x0000e820                        _end = .
                [!provide]                        PROVIDE (end = .)

.bss._ZZNK3mod14seq_change_mapMUlPKcE_clES2_E8beroName
                0x00000000       0x20
 .bss._ZZNK3mod14seq_change_mapMUlPKcE_clES2_E8beroName
                0x00000000       0x20 con_seq.o
                0x00000000                _ZZNK3mod14seq_change_mapMUlPKcE_clES1_E8beroName
                0x00000000                _ZZNK3mod14seq_change_mapMUlPKcE_clES2_E8beroName

.bss._ZZNK3mod14seq_change_mapMUlPKcE_clES2_E7mapName
                0x00000000       0x20
 .bss._ZZNK3mod14seq_change_mapMUlPKcE_clES2_E7mapName
                0x00000000       0x20 con_seq.o
                0x00000000                _ZZNK3mod14seq_change_mapMUlPKcE_clES2_E7mapName
                0x00000000                _ZZNK3mod14seq_change_mapMUlPKcE_clES1_E7mapName

.stab
 *(.stab)

.stabstr
 *(.stabstr)

.stab.excl
 *(.stab.excl)

.stab.exclstr
 *(.stab.exclstr)

.stab.index
 *(.stab.index)

.stab.indexstr
 *(.stab.indexstr)

.comment        0x00000000      0x6c0
 *(.comment)
 .comment       0x00000000       0x24 OWR.o
 .comment       0x00000024       0x24 StateManager.o
 .comment       0x00000048       0x24 common.o
 .comment       0x0000006c       0x24 con_mario.o
 .comment       0x00000090       0x24 con_perf.o
 .comment       0x000000b4       0x24 con_seq.o
 .comment       0x000000d8       0x24 console.o
 .comment       0x000000fc       0x24 cxx.o
 .comment       0x00000120       0x24 errorHandling.o
 .comment       0x00000144       0x24 gamePatches.o
 .comment       0x00000168       0x24 keyboard.o
 .comment       0x0000018c       0x24 mod.o
 .comment       0x000001b0       0x24 patch.o
 .comment       0x000001d4       0x24 printf.o
 .comment       0x000001f8       0x24 rel.o
 .comment       0x0000021c       0x24 ug.o
 .comment       0x00000240       0x24 util.o
 .comment       0x00000264       0x24 aaa.o
 .comment       0x00000288       0x24 aji.o
 .comment       0x000002ac       0x24 bom.o
 .comment       0x000002d0       0x24 dou.o
 .comment       0x000002f4       0x24 eki.o
 .comment       0x00000318       0x24 end.o
 .comment       0x0000033c       0x24 gon.o
 .comment       0x00000360       0x24 gor_00.o
 .comment       0x00000384       0x24 gor_01.o
 .comment       0x000003a8       0x24 gor_02.o
 .comment       0x000003cc       0x24 gor_03.o
 .comment       0x000003f0       0x24 gor_04.o
 .comment       0x00000414       0x24 gor_misc.o
 .comment       0x00000438       0x24 gra.o
 .comment       0x0000045c       0x24 hei.o
 .comment       0x00000480       0x24 hom.o
 .comment       0x000004a4       0x24 jin.o
 .comment       0x000004c8       0x24 kpa.o
 .comment       0x000004ec       0x24 las.o
 .comment       0x00000510       0x24 main.o
 .comment       0x00000534       0x24 moo.o
 .comment       0x00000558       0x24 mri.o
 .comment       0x0000057c       0x24 muj.o
 .comment       0x000005a0       0x24 nok.o
 .comment       0x000005c4       0x24 pik.o
 .comment       0x000005e8       0x24 rsh.o
 .comment       0x0000060c       0x24 tik.o
 .comment       0x00000630       0x24 tou.o
 .comment       0x00000654       0x24 tou2.o
 .comment       0x00000678       0x24 usu.o
 .comment       0x0000069c       0x24 win.o

.gnu.attributes
                0x00000000       0x10
 .gnu.attributes
                0x00000000       0x10 OWR.o
 .gnu.attributes
                0x00000010       0x10 common.o
 .gnu.attributes
                0x00000020       0x10 con_mario.o
 .gnu.attributes
                0x00000030       0x10 con_perf.o
 .gnu.attributes
                0x00000040       0x10 console.o
 .gnu.attributes
                0x00000050       0x10 errorHandling.o
 .gnu.attributes
                0x00000060       0x10 mod.o
 .gnu.attributes
                0x00000070       0x10 printf.o
 .gnu.attributes
                0x00000080       0x10 util.o

.group          0x00000000        0xc
 .group         0x00000000        0xc con_mario.o

.group          0x00000000        0xc
 .group         0x00000000        0xc con_perf.o

.group          0x00000000        0xc
 .group         0x00000000        0xc con_seq.o

.group          0x00000000        0x8
 .group         0x00000000        0x8 con_seq.o

.group          0x00000000        0x8
 .group         0x00000000        0x8 con_seq.o

.group          0x00000000        0xc
 .group         0x00000000        0xc console.o

.group          0x00000000        0xc
 .group         0x00000000        0xc errorHandling.o

.debug
 *(.debug)

.line
 *(.line)

.debug_srcinfo
 *(.debug_srcinfo)

.debug_sfnames
 *(.debug_sfnames)

.debug_aranges  0x00000000      0x9a8
 *(.debug_aranges)
 .debug_aranges
                0x00000000       0xa0 OWR.o
 .debug_aranges
                0x000000a0       0x28 StateManager.o
 .debug_aranges
                0x000000c8       0x60 common.o
 .debug_aranges
                0x00000128       0x30 con_mario.o
 .debug_aranges
                0x00000158       0x30 con_perf.o
 .debug_aranges
                0x00000188       0x38 con_seq.o
 .debug_aranges
                0x000001c0       0xa8 console.o
 .debug_aranges
                0x00000268       0x48 cxx.o
 .debug_aranges
                0x000002b0       0x88 errorHandling.o
 .debug_aranges
                0x00000338       0x58 gamePatches.o
 .debug_aranges
                0x00000390       0x40 keyboard.o
 .debug_aranges
                0x000003d0       0x58 mod.o
 .debug_aranges
                0x00000428       0x80 patch.o
 .debug_aranges
                0x000004a8       0x28 printf.o
 .debug_aranges
                0x000004d0       0x30 rel.o
 .debug_aranges
                0x00000500       0x38 ug.o
 .debug_aranges
                0x00000538       0x50 util.o
 .debug_aranges
                0x00000588       0x20 aaa.o
 .debug_aranges
                0x000005a8       0x20 aji.o
 .debug_aranges
                0x000005c8       0x20 bom.o
 .debug_aranges
                0x000005e8       0x20 dou.o
 .debug_aranges
                0x00000608       0x20 eki.o
 .debug_aranges
                0x00000628       0x20 end.o
 .debug_aranges
                0x00000648       0x20 gon.o
 .debug_aranges
                0x00000668       0x28 gor_00.o
 .debug_aranges
                0x00000690       0x20 gor_01.o
 .debug_aranges
                0x000006b0       0x20 gor_02.o
 .debug_aranges
                0x000006d0       0x20 gor_03.o
 .debug_aranges
                0x000006f0       0x20 gor_04.o
 .debug_aranges
                0x00000710       0x28 gor_misc.o
 .debug_aranges
                0x00000738       0x20 gra.o
 .debug_aranges
                0x00000758       0x20 hei.o
 .debug_aranges
                0x00000778       0x20 hom.o
 .debug_aranges
                0x00000798       0x20 jin.o
 .debug_aranges
                0x000007b8       0x20 kpa.o
 .debug_aranges
                0x000007d8       0x20 las.o
 .debug_aranges
                0x000007f8       0x40 main.o
 .debug_aranges
                0x00000838       0x20 moo.o
 .debug_aranges
                0x00000858       0x20 mri.o
 .debug_aranges
                0x00000878       0x20 muj.o
 .debug_aranges
                0x00000898       0x20 nok.o
 .debug_aranges
                0x000008b8       0x20 pik.o
 .debug_aranges
                0x000008d8       0x20 rsh.o
 .debug_aranges
                0x000008f8       0x30 tik.o
 .debug_aranges
                0x00000928       0x20 tou.o
 .debug_aranges
                0x00000948       0x20 tou2.o
 .debug_aranges
                0x00000968       0x20 usu.o
 .debug_aranges
                0x00000988       0x20 win.o

.debug_pubnames
 *(.debug_pubnames)

.debug_info     0x00000000    0x428b1
 *(.debug_info)
 .debug_info    0x00000000     0x6a5b OWR.o
 .debug_info    0x00006a5b      0x3bd StateManager.o
 .debug_info    0x00006e18      0xf83 common.o
 .debug_info    0x00007d9b     0x2443 con_mario.o
 .debug_info    0x0000a1de     0x211f con_perf.o
 .debug_info    0x0000c2fd     0x20e3 con_seq.o
 .debug_info    0x0000e3e0     0x3a79 console.o
 .debug_info    0x00011e59      0x407 cxx.o
 .debug_info    0x00012260     0x3a59 errorHandling.o
 .debug_info    0x00015cb9     0x2d28 gamePatches.o
 .debug_info    0x000189e1      0xe4d keyboard.o
 .debug_info    0x0001982e     0x33aa mod.o
 .debug_info    0x0001cbd8      0xe1b patch.o
 .debug_info    0x0001d9f3      0x580 printf.o
 .debug_info    0x0001df73      0x103 rel.o
 .debug_info    0x0001e076      0x77f ug.o
 .debug_info    0x0001e7f5      0x9c5 util.o
 .debug_info    0x0001f1ba      0x2ee aaa.o
 .debug_info    0x0001f4a8     0x1780 aji.o
 .debug_info    0x00020c28      0x406 bom.o
 .debug_info    0x0002102e     0x1139 dou.o
 .debug_info    0x00022167      0xbd4 eki.o
 .debug_info    0x00022d3b      0x2e4 end.o
 .debug_info    0x0002301f     0x11ad gon.o
 .debug_info    0x000241cc     0x1ec9 gor_00.o
 .debug_info    0x00026095     0x1255 gor_01.o
 .debug_info    0x000272ea     0x1882 gor_02.o
 .debug_info    0x00028b6c      0xc44 gor_03.o
 .debug_info    0x000297b0      0x751 gor_04.o
 .debug_info    0x00029f01     0x112d gor_misc.o
 .debug_info    0x0002b02e      0x84c gra.o
 .debug_info    0x0002b87a     0x13c3 hei.o
 .debug_info    0x0002cc3d      0x9df hom.o
 .debug_info    0x0002d61c      0x4cf jin.o
 .debug_info    0x0002daeb      0x32a kpa.o
 .debug_info    0x0002de15      0xd83 las.o
 .debug_info    0x0002eb98     0x3898 main.o
 .debug_info    0x00032430      0x963 moo.o
 .debug_info    0x00032d93     0x1daf mri.o
 .debug_info    0x00034b42     0x1ded muj.o
 .debug_info    0x0003692f     0x15b6 nok.o
 .debug_info    0x00037ee5     0x16b1 pik.o
 .debug_info    0x00039596     0x1e1a rsh.o
 .debug_info    0x0003b3b0     0x2448 tik.o
 .debug_info    0x0003d7f8     0x1ba8 tou.o
 .debug_info    0x0003f3a0      0x406 tou2.o
 .debug_info    0x0003f7a6     0x1df1 usu.o
 .debug_info    0x00041597     0x131a win.o

.debug_abbrev   0x00000000     0x86b8
 *(.debug_abbrev)
 .debug_abbrev  0x00000000      0x861 OWR.o
 .debug_abbrev  0x00000861      0x17e StateManager.o
 .debug_abbrev  0x000009df      0x217 common.o
 .debug_abbrev  0x00000bf6      0x60c con_mario.o
 .debug_abbrev  0x00001202      0x64d con_perf.o
 .debug_abbrev  0x0000184f      0x67c con_seq.o
 .debug_abbrev  0x00001ecb      0x940 console.o
 .debug_abbrev  0x0000280b      0x1a8 cxx.o
 .debug_abbrev  0x000029b3      0x79c errorHandling.o
 .debug_abbrev  0x0000314f      0x4d1 gamePatches.o
 .debug_abbrev  0x00003620      0x32f keyboard.o
 .debug_abbrev  0x0000394f      0x74f mod.o
 .debug_abbrev  0x0000409e      0x21e patch.o
 .debug_abbrev  0x000042bc      0x1d5 printf.o
 .debug_abbrev  0x00004491       0xf0 rel.o
 .debug_abbrev  0x00004581      0x1bf ug.o
 .debug_abbrev  0x00004740      0x21e util.o
 .debug_abbrev  0x0000495e       0xcc aaa.o
 .debug_abbrev  0x00004a2a      0x22a aji.o
 .debug_abbrev  0x00004c54       0xcc bom.o
 .debug_abbrev  0x00004d20      0x1f2 dou.o
 .debug_abbrev  0x00004f12      0x1d6 eki.o
 .debug_abbrev  0x000050e8       0xcc end.o
 .debug_abbrev  0x000051b4      0x1e3 gon.o
 .debug_abbrev  0x00005397      0x260 gor_00.o
 .debug_abbrev  0x000055f7      0x21d gor_01.o
 .debug_abbrev  0x00005814      0x244 gor_02.o
 .debug_abbrev  0x00005a58      0x1e3 gor_03.o
 .debug_abbrev  0x00005c3b      0x191 gor_04.o
 .debug_abbrev  0x00005dcc      0x2a0 gor_misc.o
 .debug_abbrev  0x0000606c      0x1c2 gra.o
 .debug_abbrev  0x0000622e      0x1ee hei.o
 .debug_abbrev  0x0000641c      0x1c1 hom.o
 .debug_abbrev  0x000065dd      0x154 jin.o
 .debug_abbrev  0x00006731       0xcc kpa.o
 .debug_abbrev  0x000067fd      0x1e3 las.o
 .debug_abbrev  0x000069e0      0x45f main.o
 .debug_abbrev  0x00006e3f      0x1c5 moo.o
 .debug_abbrev  0x00007004      0x229 mri.o
 .debug_abbrev  0x0000722d      0x220 muj.o
 .debug_abbrev  0x0000744d      0x218 nok.o
 .debug_abbrev  0x00007665      0x217 pik.o
 .debug_abbrev  0x0000787c      0x215 rsh.o
 .debug_abbrev  0x00007a91      0x530 tik.o
 .debug_abbrev  0x00007fc1      0x227 tou.o
 .debug_abbrev  0x000081e8       0xcc tou2.o
 .debug_abbrev  0x000082b4      0x215 usu.o
 .debug_abbrev  0x000084c9      0x1ef win.o

.debug_line     0x00000000    0x15e90
 *(.debug_line)
 .debug_line    0x00000000     0x11d5 OWR.o
 .debug_line    0x000011d5      0x1c2 StateManager.o
 .debug_line    0x00001397      0x351 common.o
 .debug_line    0x000016e8      0x476 con_mario.o
 .debug_line    0x00001b5e      0x563 con_perf.o
 .debug_line    0x000020c1      0x50f con_seq.o
 .debug_line    0x000025d0     0x131b console.o
 .debug_line    0x000038eb      0x1f6 cxx.o
 .debug_line    0x00003ae1      0xca1 errorHandling.o
 .debug_line    0x00004782      0x6bc gamePatches.o
 .debug_line    0x00004e3e      0x4ae keyboard.o
 .debug_line    0x000052ec      0x6a5 mod.o
 .debug_line    0x00005991      0x41b patch.o
 .debug_line    0x00005dac      0x24f printf.o
 .debug_line    0x00005ffb      0x13d rel.o
 .debug_line    0x00006138      0x360 ug.o
 .debug_line    0x00006498      0x40c util.o
 .debug_line    0x000068a4      0x205 aaa.o
 .debug_line    0x00006aa9      0xd67 aji.o
 .debug_line    0x00007810      0x553 bom.o
 .debug_line    0x00007d63      0x614 dou.o
 .debug_line    0x00008377      0x507 eki.o
 .debug_line    0x0000887e      0x1f5 end.o
 .debug_line    0x00008a73      0x62c gon.o
 .debug_line    0x0000909f      0x8af gor_00.o
 .debug_line    0x0000994e      0x67b gor_01.o
 .debug_line    0x00009fc9      0x68c gor_02.o
 .debug_line    0x0000a655      0x79d gor_03.o
 .debug_line    0x0000adf2      0x487 gor_04.o
 .debug_line    0x0000b279      0x415 gor_misc.o
 .debug_line    0x0000b68e      0x40e gra.o
 .debug_line    0x0000ba9c      0x554 hei.o
 .debug_line    0x0000bff0      0x3b4 hom.o
 .debug_line    0x0000c3a4      0x5c2 jin.o
 .debug_line    0x0000c966      0x28e kpa.o
 .debug_line    0x0000cbf4      0x82d las.o
 .debug_line    0x0000d421      0xc49 main.o
 .debug_line    0x0000e06a      0x2d8 moo.o
 .debug_line    0x0000e342     0x1020 mri.o
 .debug_line    0x0000f362      0xf06 muj.o
 .debug_line    0x00010268      0x59a nok.o
 .debug_line    0x00010802      0x862 pik.o
 .debug_line    0x00011064     0x14fd rsh.o
 .debug_line    0x00012561      0xa4a tik.o
 .debug_line    0x00012fab     0x1793 tou.o
 .debug_line    0x0001473e      0x583 tou2.o
 .debug_line    0x00014cc1      0xc89 usu.o
 .debug_line    0x0001594a      0x546 win.o

.debug_frame
 *(.debug_frame)

.debug_str      0x00000000    0x45834
 *(.debug_str)
 .debug_str     0x00000000     0x5754 OWR.o
 .debug_str     0x00005754      0x3ab StateManager.o
 .debug_str     0x00005aff     0x13e4 common.o
 .debug_str     0x00006ee3     0x1971 con_mario.o
 .debug_str     0x00008854     0x1583 con_perf.o
 .debug_str     0x00009dd7     0x16b3 con_seq.o
 .debug_str     0x0000b48a     0x19f9 console.o
 .debug_str     0x0000ce83      0x35e cxx.o
 .debug_str     0x0000d1e1     0x2054 errorHandling.o
 .debug_str     0x0000f235     0x2554 gamePatches.o
 .debug_str     0x00011789      0x95f keyboard.o
 .debug_str     0x000120e8     0x2257 mod.o
 .debug_str     0x0001433f      0x726 patch.o
 .debug_str     0x00014a65      0x468 printf.o
 .debug_str     0x00014ecd      0x191 rel.o
 .debug_str     0x0001505e      0x39b ug.o
 .debug_str     0x000153f9      0x654 util.o
 .debug_str     0x00015a4d      0x3f1 aaa.o
 .debug_str     0x00015e3e     0x2161 aji.o
 .debug_str     0x00017f9f      0x5ee bom.o
 .debug_str     0x0001858d     0x1c8a dou.o
 .debug_str     0x0001a217      0xf4c eki.o
 .debug_str     0x0001b163      0x3eb end.o
 .debug_str     0x0001b54e     0x1cd3 gon.o
 .debug_str     0x0001d221     0x2982 gor_00.o
 .debug_str     0x0001fba3     0x1a78 gor_01.o
 .debug_str     0x0002161b     0x245f gor_02.o
 .debug_str     0x00023a7a      0xf76 gor_03.o
 .debug_str     0x000249f0      0x57d gor_04.o
 .debug_str     0x00024f6d     0x1b79 gor_misc.o
 .debug_str     0x00026ae6      0x98a gra.o
 .debug_str     0x00027470     0x2057 hei.o
 .debug_str     0x000294c7      0xc91 hom.o
 .debug_str     0x0002a158      0x629 jin.o
 .debug_str     0x0002a781      0x441 kpa.o
 .debug_str     0x0002abc2     0x11c1 las.o
 .debug_str     0x0002bd83     0x3254 main.o
 .debug_str     0x0002efd7      0xb56 moo.o
 .debug_str     0x0002fb2d     0x2957 mri.o
 .debug_str     0x00032484     0x2aa1 muj.o
 .debug_str     0x00034f25     0x1e9d nok.o
 .debug_str     0x00036dc2     0x2036 pik.o
 .debug_str     0x00038df8     0x2a3f rsh.o
 .debug_str     0x0003b837     0x2f49 tik.o
 .debug_str     0x0003e780     0x2703 tou.o
 .debug_str     0x00040e83      0x5cc tou2.o
 .debug_str     0x0004144f     0x275b usu.o
 .debug_str     0x00043baa     0x1c8a win.o

.debug_loc
 *(.debug_loc)

.debug_macinfo
 *(.debug_macinfo)

.debug_weaknames
 *(.debug_weaknames)

.debug_funcnames
 *(.debug_funcnames)

.debug_typenames
 *(.debug_typenames)

.debug_varnames
 *(.debug_varnames)
                0x00000000                        __isIPL = 0x0
                0x0002e820                        __stack_addr = ((((__bss_start + SIZEOF (.bss)) + 0x20000) + 0x7) & 0xfffffffffffffff8)
                0x0000e820                        __stack_end = (__bss_start + SIZEOF (.bss))
                0x00032820                        __intrstack_addr = (__stack_addr + 0x4000)
                0x0002e820                        __intrstack_end = __stack_addr
                0x00032820                        __Arena1Lo = ((__intrstack_addr + 0x1f) & 0xffffffffffffffe0)
                0x817feff0                        __Arena1Hi = 0x817feff0
                0x817ff000                        __gxregs = ((__Arena1Hi + 0x1f) & 0xffffffffffffffe0)
                [!provide]                        PROVIDE (__stack = 0x817feff0)
                [!provide]                        PROVIDE (__isIPL = __isIPL)
                [!provide]                        PROVIDE (__stack_addr = __stack_addr)
                [!provide]                        PROVIDE (__stack_end = __stack_end)
                [!provide]                        PROVIDE (__intrstack_addr = __intrstack_addr)
                [!provide]                        PROVIDE (__intrstack_end = __intrstack_end)
                [!provide]                        PROVIDE (__Arena1Lo = __Arena1Lo)
                [!provide]                        PROVIDE (__Arena1Hi = __Arena1Hi)
                [!provide]                        PROVIDE (__gxregs = __gxregs)
LOAD H:/GhidraProjects/TTYDAP/TTYDAP/rel/source/cxx.ld
                0x0000e64c                        _ctors_start = ADDR (.ctors)