Archive member included to satisfy reference by file (symbol)

C:/devkitPro/devkitPPC/bin/../lib/gcc/powerpc-eabi/13.1.0\libgcc.a(_divdi3.o)
                              console.o (__divdi3)

Discarded input sections

 .text          0x00000000        0x0 OWR.o
 .data          0x00000000        0x0 OWR.o
 .bss           0x00000000        0x0 OWR.o
 .text._Z13strcpy_StringPcPKc
                0x00000000        0x4 OWR.o
 .text._ZN3mod3owr3OWR12SequenceInitEv
                0x00000000       0x3c OWR.o
 .text._ZN3mod3owr3OWR6LZTestEv
                0x00000000       0x48 OWR.o
 .text._ZN3mod3owr3OWR11NewFileInitEv
                0x00000000        0x4 OWR.o
 .text._ZN3mod3owr3OWR10DrawStringEPKciijf
                0x00000000       0xb0 OWR.o
 .bss._ZN3mod3owr22g_itemEntry_trampolineE
                0x00000000        0x4 OWR.o
 .rodata.cst4   0x00000000        0x4 OWR.o
 .text          0x00000000        0x0 common.o
 .data          0x00000000        0x0 common.o
 .bss           0x00000000        0x0 common.o
 .text._ZN3mod6common14GetCurrentAreaEv
                0x00000000       0x1c common.o
 .text._ZN3mod6common13GetCurrentMapEv
                0x00000000       0x1c common.o
 .text._ZN3mod6common11GetFilenameEv
                0x00000000       0x1c common.o
 .text._ZN3mod6common16GetStorySequenceEv
                0x00000000       0x24 common.o
 .text._ZN3mod6common14GetPitSequenceEv
                0x00000000       0x2c common.o
 .text._ZN3mod6common17GetSavedFlagValueEi
                0x00000000       0x44 common.o
 .text._ZN3mod6common21HasKeyItemInInventoryEs
                0x00000000       0x60 common.o
 .text._ZN3mod6common25GetBattleWindowDataOffsetEv
                0x00000000       0x1c common.o
 .text._ZN3mod6common21GetStatusWindowHeightEv
                0x00000000       0x28 common.o
 .data._ZN3mod6common29kUnknownStatusWindowStructPtrE
                0x00000000        0x4 common.o
 .data._ZN3mod6common10kBattlePtrE
                0x00000000        0x4 common.o
 .data._ZN3mod6common9kPouchPtrE
                0x00000000        0x4 common.o
 .data._ZN3mod6common12kSaveDataPtrE
                0x00000000        0x4 common.o
 .rodata._ZN3mod6common32kUltraHammerChestDespawnIdOffsetE
                0x00000000        0x4 common.o
 .rodata._ZN3mod6common27kObjectCollectionExprOffsetE
                0x00000000        0x4 common.o
 .rodata._ZN3mod6common27kObjectChestScriptPtrOffsetE
                0x00000000        0x4 common.o
 .rodata._ZN3mod6common33kMujModuleFlavioDesiredItemOffsetE
                0x00000000        0x4 common.o
 .rodata._ZN3mod6common36kJinModuleAtomicBooItemGswfSetOffsetE
                0x00000000        0x4 common.o
 .rodata._ZN3mod6common39kJinModuleAtomicBooItemObjectFlagOffsetE
                0x00000000        0x4 common.o
 .rodata._ZN3mod6common32kPitModuleCharlietonChanceOffsetE
                0x00000000        0x4 common.o
 .rodata._ZN3mod6common22kPitModuleNpcArrOffsetE
                0x00000000        0x4 common.o
 .rodata._ZN3mod6common23kSavedWordFlagBaseValueE
                0x00000000        0x4 common.o
 .data._ZN3mod6common20kPiantaParlorItemArrE
                0x00000000        0x4 common.o
 .data._ZN3mod6common21kPitCharlietonItemArrE
                0x00000000        0x4 common.o
 .data._ZN3mod6common12kHowzItemArrE
                0x00000000        0x4 common.o
 .data._ZN3mod6common18kCharlietonItemArrE
                0x00000000        0x4 common.o
 .data._ZN3mod6common14kDazzleItemArrE
                0x00000000        0x4 common.o
 .data._ZN3mod6common20kSuperguardFramesArrE
                0x00000000        0x4 common.o
 .data._ZN3mod6common15kGuardFramesArrE
                0x00000000        0x4 common.o
 .data._ZN3mod6common25kSuperChargePartnerParamsE
                0x00000000        0x4 common.o
 .data._ZN3mod6common18kSuperChargeParamsE
                0x00000000        0x4 common.o
 .data._ZN3mod6common19kPiercingBlowParamsE
                0x00000000        0x4 common.o
 .data._ZN3mod6common18kHammerThrowParamsE
                0x00000000        0x4 common.o
 .data._ZN3mod6common17kKoopaCurseParamsE
                0x00000000        0x4 common.o
 .data._ZN3mod6common15kTradeOffParamsE
                0x00000000        0x4 common.o
 .data._ZN3mod6common17kGulpRecoilParamsE
                0x00000000        0x4 common.o
 .data._ZN3mod6common24kUltraHammerRecoilParamsE
                0x00000000        0x4 common.o
 .data._ZN3mod6common24kSuperHammerRecoilParamsE
                0x00000000        0x4 common.o
 .data._ZN3mod6common8kNextMapE
                0x00000000        0x4 common.o
 .rodata.cst4   0x00000000        0x4 common.o
 .text          0x00000000        0x0 con_mario.o
 .data          0x00000000        0x0 con_mario.o
 .bss           0x00000000        0x0 con_mario.o
 .text          0x00000000        0x0 con_perf.o
 .data          0x00000000        0x0 con_perf.o
 .bss           0x00000000        0x0 con_perf.o
 .text          0x00000000        0x0 con_seq.o
 .data          0x00000000        0x0 con_seq.o
 .bss           0x00000000        0x0 con_seq.o
 .text          0x00000000        0x0 console.o
 .data          0x00000000        0x0 console.o
 .bss           0x00000000        0x0 console.o
 .text._ZN3mod13ConsoleSystem8logDebugEPKcz
                0x00000000       0xbc console.o
 .text._ZN3mod13ConsoleSystem12setMonospaceEb
                0x00000000       0x30 console.o
 .text._ZN3mod13ConsoleSystem8drawLineEiPKcN2gc6color4E
                0x00000000       0xd4 console.o
 .text._ZN3mod13ConsoleSystem14updateUsbGeckoEv
                0x00000000       0x14 console.o
 .text          0x00000000        0x0 cxx.o
 .data          0x00000000        0x0 cxx.o
 .bss           0x00000000        0x0 cxx.o
 .text._ZdlPv   0x00000000        0xc cxx.o
 .text._ZdaPv   0x00000000        0xc cxx.o
 .text          0x00000000        0x0 keyboard.o
 .data          0x00000000        0x0 keyboard.o
 .bss           0x00000000        0x0 keyboard.o
 .text._ZN3mod8Keyboard10setChannelEi
                0x00000000       0xc4 keyboard.o
 .text._ZN3mod8Keyboard7connectEv
                0x00000000       0x78 keyboard.o
 .text._ZN3mod8Keyboard10disconnectEv
                0x00000000       0x4c keyboard.o
 .text          0x00000000        0x0 mod.o
 .data          0x00000000        0x0 mod.o
 .bss           0x00000000        0x0 mod.o
 .text._ZN3mod3ModC2Ev
                0x00000000       0x9c mod.o
 .text._ZN3mod3Mod11updateEarlyEv
                0x00000000       0x90 mod.o
 .text._ZN3mod3Mod4drawEv
                0x00000000        0x8 mod.o
 .text          0x00000000        0x0 patch.o
 .data          0x00000000        0x0 patch.o
 .bss           0x00000000        0x0 patch.o
 .text._ZN3mod5patch21writeStandardBranchesEPvPFvvES3_
                0x00000000       0x80 patch.o
 .text._ZN3mod5patch15replaceEvtInstrEPit
                0x00000000        0x8 patch.o
 .text._ZN3mod5patch14writeEvtBranchEPiPKib
                0x00000000       0x1c patch.o
 .text._ZN3mod5patch13writeBranchBLEPvS1_
                0x00000000       0x50 patch.o
 .text._ZN3mod5patch15writeBranchMainEPvS1_j
                0x00000000       0x48 patch.o
 .text._ZN3mod5patch10writePatchEPvPKvS3_
                0x00000000       0x7c patch.o
 .text._ZN3mod5patch10writePatchEPvj
                0x00000000       0x6c patch.o
 .text._ZN3mod5patch15writeBranchPairEPvS1_S1_S1_
                0x00000000       0x88 patch.o
 .text._ZN3mod5patch15writeBranchPairEPvS1_S1_
                0x00000000       0x80 patch.o
 .text          0x00000000        0x0 rel.o
 .data          0x00000000        0x0 rel.o
 .bss           0x00000000        0x0 rel.o
 .text          0x00000000        0x0 ug.o
 .data          0x00000000        0x0 ug.o
 .bss           0x00000000        0x0 ug.o
 .text          0x00000000        0x0 util.o
 .data          0x00000000        0x0 util.o
 .bss           0x00000000        0x0 util.o
 .text          0x00000000        0x0 aji.o
 .data          0x00000000        0x0 aji.o
 .bss           0x00000000        0x0 aji.o
 .text          0x00000000        0x0 bom.o
 .data          0x00000000        0x0 bom.o
 .bss           0x00000000        0x0 bom.o
 .text          0x00000000        0x0 dou.o
 .data          0x00000000        0x0 dou.o
 .bss           0x00000000        0x0 dou.o
 .text          0x00000000        0x0 eki.o
 .data          0x00000000        0x0 eki.o
 .bss           0x00000000        0x0 eki.o
 .text          0x00000000        0x0 end.o
 .data          0x00000000        0x0 end.o
 .bss           0x00000000        0x0 end.o
 .text          0x00000000        0x0 gon.o
 .data          0x00000000        0x0 gon.o
 .bss           0x00000000        0x0 gon.o
 .text          0x00000000        0x0 gor_00.o
 .data          0x00000000        0x0 gor_00.o
 .bss           0x00000000        0x0 gor_00.o
 .text._Z17ApplyGor00PatchesPN2gc6OSLink12OSModuleInfoE
                0x00000000      0x5fc gor_00.o
 .rodata._ZL16gor_00_init_evt1
                0x00000000      0x1f8 gor_00.o
 .rodata._ZL18korutesu_init_hook
                0x00000000       0x10 gor_00.o
 .rodata._ZL17korutesu_init_evt
                0x00000000       0x58 gor_00.o
 .rodata._ZL20suifubomb_b_talk_evt
                0x00000000       0xf4 gor_00.o
 .rodata._ZL21suifubomb_b_regl_hook
                0x00000000       0x10 gor_00.o
 .rodata._ZL20suifubomb_b_regl_evt
                0x00000000      0x110 gor_00.o
 .rodata._ZL20suifubomb_a_talk_evt
                0x00000000      0x170 gor_00.o
 .rodata._ZL21suifubomb_a_regl_hook
                0x00000000       0x10 gor_00.o
 .rodata._ZL20suifubomb_a_regl_evt
                0x00000000       0x90 gor_00.o
 .rodata._ZL21suifubomb_a_init_hook
                0x00000000       0x10 gor_00.o
 .rodata._ZL20suifubomb_a_init_evt
                0x00000000       0xc8 gor_00.o
 .rodata._ZL16suifu_b_talk_evt
                0x00000000       0xf4 gor_00.o
 .rodata._ZL17suifu_b_init_hook
                0x00000000       0x10 gor_00.o
 .rodata._ZL16suifu_b_init_evt
                0x00000000       0xc8 gor_00.o
 .rodata._ZL16suifu_a_talk_evt
                0x00000000       0xf4 gor_00.o
 .rodata._ZL19odoodo_ani_talk_evt
                0x00000000       0x20 gor_00.o
 .rodata._ZL15odoodo_talk_evt
                0x00000000       0xfc gor_00.o
 .rodata._ZL16odoodo_regl_hook
                0x00000000       0x10 gor_00.o
 .rodata._ZL15odoodo_regl_evt
                0x00000000       0x90 gor_00.o
 .rodata._ZL15odoodo_init_evt
                0x00000000       0xb8 gor_00.o
 .rodata._ZL17garawaru_talk_evt
                0x00000000       0xb8 gor_00.o
 .rodata._ZL18garawaru_regl_hook
                0x00000000       0x10 gor_00.o
 .rodata._ZL17garawaru_regl_evt
                0x00000000      0x110 gor_00.o
 .rodata._ZL18garawaru_init_hook
                0x00000000       0x10 gor_00.o
 .rodata._ZL17garawaru_init_evt
                0x00000000      0x140 gor_00.o
 .text          0x00000000        0x0 gor_01.o
 .data          0x00000000        0x0 gor_01.o
 .bss           0x00000000        0x0 gor_01.o
 .text._Z17ApplyGor01PatchesPN2gc6OSLink12OSModuleInfoE
                0x00000000      0x420 gor_01.o
 .rodata.str1.4
                0x00000000       0xb2 gor_01.o
 .rodata._ZL15bomhei_talk_evt
                0x00000000       0x20 gor_01.o
 .rodata._ZL16chusan2_talk_evt
                0x00000000       0x20 gor_01.o
 .rodata._ZL16chusan1_talk_evt
                0x00000000       0x20 gor_01.o
 .rodata._ZL16kuribo3_talk_evt
                0x00000000       0x20 gor_01.o
 .rodata._ZL16kuribo2_talk_evt
                0x00000000       0x20 gor_01.o
 .rodata._ZL16kuribo1_talk_evt
                0x00000000       0x20 gor_01.o
 .rodata._ZL15roten2_talk_evt
                0x00000000       0x20 gor_01.o
 .rodata._ZL15roten1_talk_evt
                0x00000000       0x20 gor_01.o
 .rodata._ZL19shoptender_talk_evt
                0x00000000       0x20 gor_01.o
 .rodata._ZL15kinoji_talk_evt
                0x00000000       0x20 gor_01.o
 .rodata._ZL20badgemaster_talk_evt
                0x00000000       0x20 gor_01.o
 .text          0x00000000        0x0 gor_02.o
 .data          0x00000000        0x0 gor_02.o
 .bss           0x00000000        0x0 gor_02.o
 .rodata._Z17ApplyGor02PatchesPN2gc6OSLink12OSModuleInfoE.str1.4
                0x00000000        0x3 gor_02.o
 .text._Z17ApplyGor02PatchesPN2gc6OSLink12OSModuleInfoE
                0x00000000      0x4c8 gor_02.o
 .rodata.str1.4
                0x00000000      0x14e gor_02.o
 .rodata._ZL19kurihakase_talk_evt
                0x00000000      0x2cc gor_02.o
 .rodata._ZL21evt_door_02_open_hook
                0x00000000       0x14 gor_02.o
 .rodata._ZL20evt_door_02_open_evt
                0x00000000      0x188 gor_02.o
 .rodata._ZL16gor_02_init_evt1
                0x00000000      0x138 gor_02.o
 .rodata._ZL16borodo2_talk_evt
                0x00000000       0x20 gor_02.o
 .rodata._ZL16borodo1_talk_evt
                0x00000000       0x20 gor_02.o
 .rodata._ZL15roten3_talk_evt
                0x00000000       0x20 gor_02.o
 .rodata._ZL16chusan3_talk_evt
                0x00000000       0x20 gor_02.o
 .rodata._ZL16kuribo4_talk_evt
                0x00000000       0x20 gor_02.o
 .text          0x00000000        0x0 gor_03.o
 .data          0x00000000        0x0 gor_03.o
 .bss           0x00000000        0x0 gor_03.o
 .text._Z17ApplyGor03PatchesPN2gc6OSLink12OSModuleInfoE
                0x00000000      0x4e4 gor_03.o
 .rodata.str1.4
                0x00000000       0xf9 gor_03.o
 .rodata._ZL16maffia3_talk_evt
                0x00000000       0x20 gor_03.o
 .rodata._ZL16maffia2_talk_evt
                0x00000000      0x140 gor_03.o
 .rodata._ZL16maffia1_talk_evt
                0x00000000      0x140 gor_03.o
 .rodata._ZL26maffiaboss_casino_talk_evt
                0x00000000       0x20 gor_03.o
 .rodata._ZL26maffiaboss_talk_common_evt
                0x00000000      0x120 gor_03.o
 .text          0x00000000        0x0 gor_04.o
 .data          0x00000000        0x0 gor_04.o
 .bss           0x00000000        0x0 gor_04.o
 .text._Z17ApplyGor04PatchesPN2gc6OSLink12OSModuleInfoE
                0x00000000      0x170 gor_04.o
 .text          0x00000000        0x0 gor_misc.o
 .data          0x00000000        0x0 gor_misc.o
 .bss           0x00000000        0x0 gor_misc.o
 .text._Z19ApplyGorMiscPatchesPN2gc6OSLink12OSModuleInfoE
                0x00000000       0xc8 gor_misc.o
 .text          0x00000000        0x0 gra.o
 .data          0x00000000        0x0 gra.o
 .bss           0x00000000        0x0 gra.o
 .text          0x00000000        0x0 hei.o
 .data          0x00000000        0x0 hei.o
 .bss           0x00000000        0x0 hei.o
 .text          0x00000000        0x0 hom.o
 .data          0x00000000        0x0 hom.o
 .bss           0x00000000        0x0 hom.o
 .text          0x00000000        0x0 jin.o
 .data          0x00000000        0x0 jin.o
 .bss           0x00000000        0x0 jin.o
 .text          0x00000000        0x0 moo.o
 .data          0x00000000        0x0 moo.o
 .bss           0x00000000        0x0 moo.o
 .text._Z15ApplyMooPatchesPN2gc6OSLink12OSModuleInfoE
                0x00000000       0xac moo.o
 .rodata._ZL20moo_04_init_evt_hook
                0x00000000       0x28 moo.o
 .rodata._ZL19moo_04_init_evt_evt
                0x00000000      0x144 moo.o
 .text          0x00000000        0x0 mri.o
 .data          0x00000000        0x0 mri.o
 .bss           0x00000000        0x0 mri.o
 .text          0x00000000        0x0 muj.o
 .data          0x00000000        0x0 muj.o
 .bss           0x00000000        0x0 muj.o
 .text          0x00000000        0x0 nok.o
 .data          0x00000000        0x0 nok.o
 .bss           0x00000000        0x0 nok.o
 .text          0x00000000        0x0 pik.o
 .data          0x00000000        0x0 pik.o
 .bss           0x00000000        0x0 pik.o
 .text          0x00000000        0x0 rsh.o
 .data          0x00000000        0x0 rsh.o
 .bss           0x00000000        0x0 rsh.o
 .text          0x00000000        0x0 tou.o
 .data          0x00000000        0x0 tou.o
 .bss           0x00000000        0x0 tou.o
 .text          0x00000000        0x0 tou2.o
 .data          0x00000000        0x0 tou2.o
 .bss           0x00000000        0x0 tou2.o
 .text          0x00000000        0x0 usu.o
 .data          0x00000000        0x0 usu.o
 .bss           0x00000000        0x0 usu.o
 .text          0x00000000        0x0 win.o
 .data          0x00000000        0x0 win.o
 .bss           0x00000000        0x0 win.o
 .text          0x00000000       0x7c patch_ih.o
 .data          0x00000000        0x0 patch_ih.o
 .bss           0x00000000        0x0 patch_ih.o
 .text          0x00000000        0x0 C:/devkitPro/devkitPPC/bin/../lib/gcc/powerpc-eabi/13.1.0\libgcc.a(_divdi3.o)
 .data          0x00000000        0x0 C:/devkitPro/devkitPPC/bin/../lib/gcc/powerpc-eabi/13.1.0\libgcc.a(_divdi3.o)
 .bss           0x00000000        0x0 C:/devkitPro/devkitPPC/bin/../lib/gcc/powerpc-eabi/13.1.0\libgcc.a(_divdi3.o)

Memory Configuration

Name             Origin             Length             Attributes
*default*        0x00000000         0xffffffff

Linker script and memory map

                0x80003100                        . = 0x80003100

.init
 *crt0.o(*.init)
 *(.init)

.plt
 *(.plt)

.interp
 *(.interp)

.hash
 *(.hash)

.dynsym
 *(.dynsym)

.dynstr
 *(.dynstr)

.gnu.version
 *(.gnu.version)

.gnu.version_d
 *(.gnu.version_d)

.gnu.version_r
 *(.gnu.version_r)

.rel.init
 *(.rel.init)

.rela.init
 *(.rela.init)

.rel.text
 *(.rel.text .rel.text.* .rel.gnu.linkonce.t.*)

.rela.text
 *(.rela.text .rela.text.* .rela.gnu.linkonce.t.*)

.rel.fini
 *(.rel.fini)

.rela.fini
 *(.rela.fini)

.rel.rodata
 *(.rel.rodata .rel.rodata.* .rel.gnu.linkonce.r.*)

.rela.rodata
 *(.rela.rodata .rela.rodata.* .rela.gnu.linkonce.r.*)

.rel.data
 *(.rel.data .rel.data.* .rel.gnu.linkonce.d.*)

.rela.data
 *(.rela.data .rela.data.* .rela.gnu.linkonce.d.*)

.rel.tdata
 *(.rel.tdata .rel.tdata.* .rel.gnu.linkonce.td.*)

.rela.tdata
 *(.rela.tdata .rela.tdata.* .rela.gnu.linkonce.td.*)

.rel.tbss
 *(.rel.tbss .rel.tbss.* .rel.gnu.linkonce.tb.*)

.rela.tbss
 *(.rela.tbss .rela.tbss.* .rela.gnu.linkonce.tb.*)

.rel.ctors
 *(.rel.ctors)

.rela.ctors
 *(.rela.ctors)

.rel.dtors
 *(.rel.dtors)

.rela.dtors
 *(.rela.dtors)

.rel.got
 *(.rel.got)

.rela.got
 *(.rela.got)

.rela.got1
 *(.rela.got1)

.rela.got2
 *(.rela.got2)

.rel.sdata
 *(.rel.sdata .rel.sdata.* .rel.gnu.linkonce.s.*)

.rela.sdata
 *(.rela.sdata .rela.sdata.* .rela.gnu.linkonce.s.*)

.rel.sbss
 *(.rel.sbss .rel.sbss.* .rel.gnu.linkonce.sb.*)

.rela.sbss
 *(.rela.sbss .rela.sbss.* .rel.gnu.linkonce.sb.*)

.rel.sdata2
 *(.rel.sdata2 .rel.sdata2.* .rel.gnu.linkonce.s2.*)

.rela.sdata2
 *(.rela.sdata2 .rela.sdata2.* .rela.gnu.linkonce.s2.*)

.rel.sbss2
 *(.rel.sbss2 .rel.sbss2.* .rel.gnu.linkonce.sb2.*)

.rela.sbss2
 *(.rela.sbss2 .rela.sbss2.* .rela.gnu.linkonce.sb2.*)

.rel.bss
 *(.rel.bss .rel.bss.* .rel.gnu.linkonce.b.*)

.rela.bss
 *(.rela.bss .rela.bss.* .rela.gnu.linkonce.b.*)

.rel.plt
 *(.rel.plt)

.rela.plt
 *(.rela.plt)

.text           0x80003100     0xa2a0
 *(.text)
 *(.text.*)
 .text._ZZN3mod3owr3OWR4InitEvENUlvE_4_FUNEv
                0x80003100       0x10 OWR.o
 .text._ZN3mod3owr3OWR12SequenceInitEv.part.0
                0x80003110       0xe8 OWR.o
 .text._ZN3mod3owr3OWRC2Ev
                0x800031f8        0x4 OWR.o
                0x800031f8                _ZN3mod3owr3OWRC1Ev
                0x800031f8                _ZN3mod3owr3OWRC2Ev
 .text._ZN3mod3owr3OWR4InitEv
                0x800031fc      0x144 OWR.o
                0x800031fc                _ZN3mod3owr3OWR4InitEv
 .text._ZN3mod3owr3OWR6UpdateEv
                0x80003340       0x5c OWR.o
                0x80003340                _ZN3mod3owr3OWR6UpdateEv
 .text._ZN3mod3owr3OWR4DrawEv
                0x8000339c        0x4 OWR.o
                0x8000339c                _ZN3mod3owr3OWR4DrawEv
 .text._ZN3mod3owr3OWR14OnModuleLoadedEPN2gc6OSLink12OSModuleInfoE
                0x800033a0      0x1b8 OWR.o
                0x800033a0                _ZN3mod3owr3OWR14OnModuleLoadedEPN2gc6OSLink12OSModuleInfoE
 .text._ZZN3mod3owr3OWR4InitEvENUlPN2gc6OSLink12OSModuleInfoEPvE_4_FUNES5_S6_
                0x80003558       0x84 OWR.o
 .text.startup._GLOBAL__sub_I__Z13strcpy_StringPcPKc
                0x800035dc       0x14 OWR.o
 .text._ZN3modL13mod_if_func22Ev
                0x800035f0       0x54 con_mario.o
 .text.startup._GLOBAL__sub_I__ZN3mod13mario_set_posE
                0x80003644       0x88 con_mario.o
 .text._ZN3modL13mod_if_func46Ev
                0x800036cc      0x19c con_perf.o
 .text.startup._GLOBAL__sub_I__ZN3mod15perf_fake_spikeE
                0x80003868       0x8c con_perf.o
 .text._ZZN3modL13mod_if_func16EvENUlPN4ttyd6seqdrv7SeqInfoEE_4_FUNES3_
                0x800038f4       0x44 con_seq.o
 .text._ZN3modL13mod_if_func16Ev
                0x80003938       0x74 con_seq.o
 .text.startup._GLOBAL__sub_I__ZN3mod13seq_logo_skipE
                0x800039ac       0x8c con_seq.o
 .text._ZN3mod13ConsoleSystem4initEv
                0x80003a38       0x38 console.o
                0x80003a38                _ZN3mod13ConsoleSystem4initEv
 .text._ZN3mod13ConsoleSystem8logColorEPKcN2gc6color4E
                0x80003a70      0x2a8 console.o
                0x80003a70                _ZN3mod13ConsoleSystem8logColorEPKcN2gc6color4E
 .text._ZN3mod13ConsoleSystem7logInfoEPKcz
                0x80003d18       0xb8 console.o
                0x80003d18                _ZN3mod13ConsoleSystem7logInfoEPKcz
 .text._ZN3mod7CC_findEPKc
                0x80003dd0      0x12c console.o
                0x80003dd0                _ZN3mod7CC_findEPKc
 .text._ZN3mod13ConsoleSystem10logWarningEPKcz
                0x80003efc       0xbc console.o
                0x80003efc                _ZN3mod13ConsoleSystem10logWarningEPKcz
 .text._ZN3mod13ConsoleSystem8logErrorEPKcz
                0x80003fb8       0xbc console.o
                0x80003fb8                _ZN3mod13ConsoleSystem8logErrorEPKcz
 .text._ZN3mod13ConsoleSystem7overlayEPKcz
                0x80004074       0xd0 console.o
                0x80004074                _ZN3mod13ConsoleSystem7overlayEPKcz
 .text._ZN3mod13ConsoleSystem14processCommandEPKc
                0x80004144      0x288 console.o
                0x80004144                _ZN3mod13ConsoleSystem14processCommandEPKc
 .text._ZN3mod13ConsoleSystem12updatePromptEv
                0x800043cc      0x974 console.o
                0x800043cc                _ZN3mod13ConsoleSystem12updatePromptEv
 .text._ZN3mod13ConsoleSystem14updateUsbGeckoEv.part.0
                0x80004d40      0x19c console.o
 .text._ZN3mod13ConsoleSystem6updateEv
                0x80004edc       0x70 console.o
                0x80004edc                _ZN3mod13ConsoleSystem6updateEv
 .text._ZN3mod13ConsoleSystem4dispEv
                0x80004f4c      0x534 console.o
                0x80004f4c                _ZN3mod13ConsoleSystem4dispEv
 .text._ZZN3mod13ConsoleSystem6updateEvENUlN4ttyd7dispdrv8CameraIdEPvE_4_FUNES3_S4_
                0x80005480        0x8 console.o
 .text.startup._GLOBAL__sub_I__ZN3mod10ConCommand6sFirstE
                0x80005488      0x1ac console.o
 .text._Znwj    0x80005634        0xc cxx.o
                0x80005634                _Znwj
 .text._Znaj    0x80005640        0xc cxx.o
                0x80005640                _Znaj
 .text._ZN3mod8KeyboardC2Ei
                0x8000564c       0x84 keyboard.o
                0x8000564c                _ZN3mod8KeyboardC2Ei
                0x8000564c                _ZN3mod8KeyboardC1Ei
 .text._ZN3mod8Keyboard6updateEv
                0x800056d0      0x59c keyboard.o
                0x800056d0                _ZN3mod8Keyboard6updateEv
 .text._ZZN3mod3Mod4initEvENUlvE0_4_FUNEv
                0x80005c6c        0x4 mod.o
 .text._ZZN3mod3Mod11updateEarlyEvENUlN4ttyd7dispdrv8CameraIdEPvE_4_FUNES3_S4_
                0x80005c70        0x8 mod.o
 .text._ZZN3mod3Mod4initEvENUlvE_4_FUNEv
                0x80005c78       0x94 mod.o
 .text._ZN3mod3Mod4initEv
                0x80005d0c       0xfc mod.o
                0x80005d0c                _ZN3mod3Mod4initEv
 .text.startup._ZN3mod4mainEv
                0x80005e08       0xa8 mod.o
                0x80005e08                _ZN3mod4mainEv
 .text._ZN3mod5patch17clear_DC_IC_CacheEPvj
                0x80005eb0       0x40 patch.o
                0x80005eb0                _ZN3mod5patch17clear_DC_IC_CacheEPvj
 .text._ZN3mod5patch11writeBranchEPvS1_
                0x80005ef0       0x4c patch.o
                0x80005ef0                _ZN3mod5patch11writeBranchEPvS1_
 .text._ZN3mod5patch10writePatchEPvPKvj
                0x80005f3c       0x7c patch.o
                0x80005f3c                _ZN3mod5patch10writePatchEPvPKvj
 .text._prolog  0x80005fb8       0xac rel.o
                0x80005fb8                _prolog
 .text._epilog  0x80006064       0xac rel.o
                0x80006064                _epilog
 .text._unresolved
                0x80006110        0x4 rel.o
                0x80006110                _unresolved
 .text._ZN3mod7ugProbeEi
                0x80006114      0x110 ug.o
                0x80006114                _ZN3mod7ugProbeEi
 .text._ZN3mod6ugSendEiPKvi
                0x80006224      0x12c ug.o
                0x80006224                _ZN3mod6ugSendEiPKvi
 .text._ZN3mod6ugRecvEiPvi
                0x80006350      0x124 ug.o
                0x80006350                _ZN3mod6ugRecvEiPvi
 .text.strstr   0x80006474       0xf0 util.o
                0x80006474                strstr
 .text._Z15ApplyAjiPatchesPN2gc6OSLink12OSModuleInfoE
                0x80006564      0x8a0 aji.o
                0x80006564                _Z15ApplyAjiPatchesPN2gc6OSLink12OSModuleInfoE
 .text._Z15ApplyBomPatchesPN2gc6OSLink12OSModuleInfoE
                0x80006e04      0x2fc bom.o
                0x80006e04                _Z15ApplyBomPatchesPN2gc6OSLink12OSModuleInfoE
 .text._Z15ApplyDouPatchesPN2gc6OSLink12OSModuleInfoE
                0x80007100      0x304 dou.o
                0x80007100                _Z15ApplyDouPatchesPN2gc6OSLink12OSModuleInfoE
 .text._Z15ApplyEkiPatchesPN2gc6OSLink12OSModuleInfoE
                0x80007404      0x270 eki.o
                0x80007404                _Z15ApplyEkiPatchesPN2gc6OSLink12OSModuleInfoE
 .text._Z15ApplyEndPatchesPN2gc6OSLink12OSModuleInfoE
                0x80007674       0x30 end.o
                0x80007674                _Z15ApplyEndPatchesPN2gc6OSLink12OSModuleInfoE
 .text._Z15ApplyGonPatchesPN2gc6OSLink12OSModuleInfoE
                0x800076a4      0x35c gon.o
                0x800076a4                _Z15ApplyGonPatchesPN2gc6OSLink12OSModuleInfoE
 .text.startup._GLOBAL__sub_I__Z17ApplyGor00PatchesPN2gc6OSLink12OSModuleInfoE
                0x80007a00       0x1c gor_00.o
 .text._Z15ApplyGraPatchesPN2gc6OSLink12OSModuleInfoE
                0x80007a1c      0x22c gra.o
                0x80007a1c                _Z15ApplyGraPatchesPN2gc6OSLink12OSModuleInfoE
 .text._Z15ApplyHeiPatchesPN2gc6OSLink12OSModuleInfoE
                0x80007c48      0x224 hei.o
                0x80007c48                _Z15ApplyHeiPatchesPN2gc6OSLink12OSModuleInfoE
 .text._Z15ApplyHomPatchesPN2gc6OSLink12OSModuleInfoE
                0x80007e6c      0x13c hom.o
                0x80007e6c                _Z15ApplyHomPatchesPN2gc6OSLink12OSModuleInfoE
 .text._Z15ApplyJinPatchesPN2gc6OSLink12OSModuleInfoE
                0x80007fa8      0x2e8 jin.o
                0x80007fa8                _Z15ApplyJinPatchesPN2gc6OSLink12OSModuleInfoE
 .text._Z15ApplyMriPatchesPN2gc6OSLink12OSModuleInfoE
                0x80008290      0xb8c mri.o
                0x80008290                _Z15ApplyMriPatchesPN2gc6OSLink12OSModuleInfoE
 .text.startup._GLOBAL__sub_I__Z15ApplyMriPatchesPN2gc6OSLink12OSModuleInfoE
                0x80008e1c       0x14 mri.o
 .text._Z15ApplyMujPatchesPN2gc6OSLink12OSModuleInfoE
                0x80008e30      0x9b0 muj.o
                0x80008e30                _Z15ApplyMujPatchesPN2gc6OSLink12OSModuleInfoE
 .text.startup._GLOBAL__sub_I__Z15ApplyMujPatchesPN2gc6OSLink12OSModuleInfoE
                0x800097e0       0x30 muj.o
 .text._Z15ApplyNokPatchesPN2gc6OSLink12OSModuleInfoE
                0x80009810      0x370 nok.o
                0x80009810                _Z15ApplyNokPatchesPN2gc6OSLink12OSModuleInfoE
 .text._Z15ApplyPikPatchesPN2gc6OSLink12OSModuleInfoE
                0x80009b80      0x534 pik.o
                0x80009b80                _Z15ApplyPikPatchesPN2gc6OSLink12OSModuleInfoE
 .text._Z15ApplyRshPatchesPN2gc6OSLink12OSModuleInfoE
                0x8000a0b4     0x10e4 rsh.o
                0x8000a0b4                _Z15ApplyRshPatchesPN2gc6OSLink12OSModuleInfoE
 .text._Z15ApplyTouPatchesPN2gc6OSLink12OSModuleInfoE
                0x8000b198      0xfb8 tou.o
                0x8000b198                _Z15ApplyTouPatchesPN2gc6OSLink12OSModuleInfoE
 .text._Z16ApplyTou2PatchesPN2gc6OSLink12OSModuleInfoE
                0x8000c150      0x2e8 tou2.o
                0x8000c150                _Z16ApplyTou2PatchesPN2gc6OSLink12OSModuleInfoE
 .text._Z15ApplyUsuPatchesPN2gc6OSLink12OSModuleInfoE
                0x8000c438      0x8a8 usu.o
                0x8000c438                _Z15ApplyUsuPatchesPN2gc6OSLink12OSModuleInfoE
 .text._Z15ApplyWinPatchesPN2gc6OSLink12OSModuleInfoE
                0x8000cce0      0x2cc win.o
                0x8000cce0                _Z15ApplyWinPatchesPN2gc6OSLink12OSModuleInfoE
 .text.__divdi3
                0x8000cfac      0x3ec C:/devkitPro/devkitPPC/bin/../lib/gcc/powerpc-eabi/13.1.0\libgcc.a(_divdi3.o)
                0x8000cfac                __divdi3
 *(.gnu.warning)
 *(.gnu.linkonce.t.*)
                0x8000d3a0                        . = ALIGN (0x20)
 *fill*         0x8000d398        0x8 00000000

.text._ZN3mod13mario_set_posMUlPKcE_4_FUNES2_
                0x00000000       0x6c
 .text._ZN3mod13mario_set_posMUlPKcE_4_FUNES2_
                0x00000000       0x6c con_mario.o
                0x00000000                _ZN3mod13mario_set_posMUlPKcE_4_FUNES2_
                0x00000000                _ZN3mod13mario_set_posMUlPKcE_4_FUNES1_

.text._ZN3mod15perf_fake_spikeMUlPKcE_4_FUNES2_
                0x00000000       0xa8
 .text._ZN3mod15perf_fake_spikeMUlPKcE_4_FUNES2_
                0x00000000       0xa8 con_perf.o
                0x00000000                _ZN3mod15perf_fake_spikeMUlPKcE_4_FUNES1_
                0x00000000                _ZN3mod15perf_fake_spikeMUlPKcE_4_FUNES2_

.text._ZN3mod14seq_change_mapMUlPKcE_4_FUNES2_
                0x00000000       0xf0
 .text._ZN3mod14seq_change_mapMUlPKcE_4_FUNES2_
                0x00000000       0xf0 con_seq.o
                0x00000000                _ZN3mod14seq_change_mapMUlPKcE_4_FUNES2_
                0x00000000                _ZN3mod14seq_change_mapMUlPKcE_4_FUNES1_

.text._ZN3mod8con_monoMUlPNS_9ConIntVarEiE_4_FUNES2_i
                0x00000000       0x3c
 .text._ZN3mod8con_monoMUlPNS_9ConIntVarEiE_4_FUNES2_i
                0x00000000       0x3c console.o
                0x00000000                _ZN3mod8con_monoMUlPNS_9ConIntVarEiE_4_FUNES1_i
                0x00000000                _ZN3mod8con_monoMUlPNS_9ConIntVarEiE_4_FUNES2_i

.fini           0x0000003c        0x4
 *(.fini)
                0x00000040                        . = ALIGN (0x20)
 *fill*         0x0000003c        0x4 00000000
                [!provide]                        PROVIDE (__etext = .)
                [!provide]                        PROVIDE (_etext = .)
                [!provide]                        PROVIDE (etext = .)

.rodata         0x00000040     0x5bb0
 *(.rodata)
 *(.rodata.*)
 .rodata._ZN3mod3owr3OWR6LZTestEv.str1.4
                0x00000040        0x7 OWR.o
 *fill*         0x00000047        0x1 
 .rodata._ZN3mod3owr3OWR14OnModuleLoadedEPN2gc6OSLink12OSModuleInfoE
                0x00000048       0x74 OWR.o
 .rodata._ZN3mod13mario_set_posMUlPKcE_4_FUNES2_.str1.4
                0x000000bc        0x9 con_mario.o
 *fill*         0x000000c5        0x3 
 .rodata._ZN3modL13mod_if_func22Ev.str1.4
                0x000000c8       0x20 con_mario.o
 .rodata._GLOBAL__sub_I__ZN3mod13mario_set_posE.str1.4
                0x000000e8       0x1f con_mario.o
 *fill*         0x00000107        0x1 
 .rodata._ZN3modL13mod_if_func46Ev.str1.4
                0x00000108       0x5e con_perf.o
 *fill*         0x00000166        0x2 
 .rodata._ZN3mod15perf_fake_spikeMUlPKcE_4_FUNES2_.str1.4
                0x00000168        0x4 con_perf.o
 .rodata._GLOBAL__sub_I__ZN3mod15perf_fake_spikeE.str1.4
                0x0000016c       0x1f con_perf.o
 *fill*         0x0000018b        0x1 
 .rodata.cst4   0x0000018c       0x10 con_perf.o
 .rodata._ZN3mod14seq_change_mapMUlPKcE_4_FUNES2_.str1.4
                0x0000019c       0x20 con_seq.o
 .rodata._GLOBAL__sub_I__ZN3mod13seq_logo_skipE.str1.4
                0x000001bc       0x1f con_seq.o
 *fill*         0x000001db        0x1 
 .rodata._ZN3mod13ConsoleSystem8logColorEPKcN2gc6color4E.str1.4
                0x000001dc       0x83 console.o
 *fill*         0x0000025f        0x1 
 .rodata._ZN3mod7CC_findEPKc.str1.4
                0x00000260       0x21 console.o
 *fill*         0x00000281        0x3 
 .rodata._ZN3mod13ConsoleSystem14processCommandEPKc.str1.4
                0x00000284       0x2e console.o
 *fill*         0x000002b2        0x2 
 .rodata._ZN3mod13ConsoleSystem12updatePromptEv
                0x000002b4      0x6c0 console.o
 .rodata._ZN3mod13ConsoleSystem14updateUsbGeckoEv.part.0.str1.4
                0x00000974       0x75 console.o
 *fill*         0x000009e9        0x3 
 .rodata._ZN3mod13ConsoleSystem4dispEv.str1.4
                0x000009ec       0x16 console.o
 *fill*         0x00000a02        0x2 
 .rodata._GLOBAL__sub_I__ZN3mod10ConCommand6sFirstE.str1.4
                0x00000a04       0x8d console.o
 .rodata._ZZN3mod13ConsoleSystem4dispEvE12kPromptColor
                0x00000a91        0x4 console.o
 *fill*         0x00000a95        0x3 
 .rodata.cst4   0x00000a98        0x8 console.o
 .rodata.cst4   0x00000aa0        0x4 mod.o
 .rodata._ZL20aji_17_init_evt_hook
                0x00000aa4       0x14 aji.o
 .rodata._ZL19aji_17_init_evt_evt
                0x00000ab8       0x4c aji.o
 .rodata._ZL20aji_10_init_evt_hook
                0x00000b04       0x14 aji.o
 .rodata.str1.4
                0x00000b18       0x43 aji.o
 *fill*         0x00000b5b        0x1 
 .rodata._ZL19aji_10_init_evt_evt
                0x00000b5c      0x284 aji.o
 .rodata._ZL18teshita3_init_hook
                0x00000de0       0x10 aji.o
 .rodata._ZL17teshita3_init_evt
                0x00000df0       0xc0 aji.o
 .rodata._ZL18teshita2_init_hook
                0x00000eb0       0x10 aji.o
 .rodata._ZL17teshita2_init_evt
                0x00000ec0       0xc0 aji.o
 .rodata._ZL20peach_evt_ele_2_hook
                0x00000f80       0x14 aji.o
 .rodata._ZL19peach_evt_ele_2_evt
                0x00000f94       0x6c aji.o
 .rodata._ZL20aji_00_init_evt_hook
                0x00001000       0x10 aji.o
 .rodata._ZL19aji_00_init_evt_evt
                0x00001010       0x5c aji.o
 .rodata._ZL4npc4
                0x0000106c       0x13 aji.o
 *fill*         0x0000107f        0x1 
 .rodata._ZL4npc3
                0x00001080        0x7 aji.o
 *fill*         0x00001087        0x1 
 .rodata._ZL4npc2
                0x00001088        0xf aji.o
 *fill*         0x00001097        0x1 
 .rodata._ZL4npc1
                0x00001098        0x7 aji.o
 *fill*         0x0000109f        0x1 
 .rodata.str1.4
                0x000010a0      0x2ea gor_00.o
 *fill*         0x0000138a        0x2 
 .rodata.str1.4
                0x0000138c       0x18 gra.o
 .rodata._ZL18evt_machibuse_evt1
                0x000013a4       0x50 gra.o
 .rodata._ZL8doopliss
                0x000013f4        0xb gra.o
 *fill*         0x000013ff        0x1 
 .rodata._ZL18puniinfo_talk_hook
                0x00001400       0x10 mri.o
 .rodata._ZL20mri_03_init_evt_hook
                0x00001410       0x14 mri.o
 .rodata.str1.4
                0x00001424      0x10b mri.o
 *fill*         0x0000152f        0x1 
 .rodata._ZL22mri_03_init_evt_switch
                0x00001530       0x9c mri.o
 .rodata._ZL20mri_01_init_evt_hook
                0x000015cc       0x14 mri.o
 .rodata._ZL22mri_01_init_evt_switch
                0x000015e0       0xb0 mri.o
 .rodata._ZL23mri_sister_init_01_hook
                0x00001690       0x10 mri.o
 .rodata._ZL22mri_sister_init_01_evt
                0x000016a0       0xa8 mri.o
 .rodata._ZL16puni_2_init_hook
                0x00001748       0x10 mri.o
 .rodata._ZL15puni_2_init_evt
                0x00001758       0x78 mri.o
 .rodata._ZL16puni_1_talk_hook
                0x000017d0       0x10 mri.o
 .rodata._ZL15puni_1_talk_evt
                0x000017e0       0xb0 mri.o
 .rodata._ZL16puni_1_init_hook
                0x00001890       0x10 mri.o
 .rodata._ZL15puni_1_init_evt
                0x000018a0       0x78 mri.o
 .rodata._ZL15elder_talk_hook
                0x00001918       0x10 mri.o
 .rodata._ZL22mri_elder_init_01_hook
                0x00001928       0x10 mri.o
 .rodata._ZL21mri_elder_init_01_evt
                0x00001938       0xcc mri.o
 .rodata._ZL22mri_rival_init_01_hook
                0x00001a04       0x10 mri.o
 .rodata._ZL21mri_rival_init_01_evt
                0x00001a14       0xa8 mri.o
 .rodata._ZL18guide_init_01_hook
                0x00001abc       0x10 mri.o
 .rodata._ZL17guide_init_01_evt
                0x00001acc       0x8c mri.o
 .rodata._ZL15guide_talk_hook
                0x00001b58       0x10 mri.o
 .rodata._ZL14guide_talk_evt
                0x00001b68       0x98 mri.o
 .rodata._ZL18guide_init_00_hook
                0x00001c00       0x10 mri.o
 .rodata._ZL17guide_init_00_evt
                0x00001c10      0x150 mri.o
 .rodata._ZL21borosuifu_b_talk_hook
                0x00001d60       0x10 muj.o
 .rodata.str1.4
                0x00001d70      0x368 muj.o
 .rodata._ZL20borosuifu_b_talk_evt
                0x000020d8      0x130 muj.o
 .rodata._ZL21borosuifu_a_talk_hook
                0x00002208       0x10 muj.o
 .rodata._ZL20borosuifu_a_talk_evt
                0x00002218      0x130 muj.o
 .rodata._ZL24suifu_d_talk_muj_01_hook
                0x00002348       0x10 muj.o
 .rodata._ZL23suifu_d_talk_muj_01_evt
                0x00002358      0x130 muj.o
 .rodata._ZL20suifu_bomb_talk_hook
                0x00002488       0x10 muj.o
 .rodata._ZL19suifu_bomb_talk_evt
                0x00002498       0xf0 muj.o
 .rodata._ZL20suifu_bomb_init_hook
                0x00002588       0x10 muj.o
 .rodata._ZL19suifu_bomb_init_evt
                0x00002598       0x40 muj.o
 .rodata._ZL24suifu_a_talk_muj_01_hook
                0x000025d8       0x10 muj.o
 .rodata._ZL23suifu_a_talk_muj_01_evt
                0x000025e8       0xf0 muj.o
 .rodata._ZL24suifu_a_init_muj_01_hook
                0x000026d8       0x10 muj.o
 .rodata._ZL23suifu_a_init_muj_01_evt
                0x000026e8       0x40 muj.o
 .rodata._ZL23odoodo_init_muj_01_hook
                0x00002728       0x10 muj.o
 .rodata._ZL22odoodo_init_muj_01_evt
                0x00002738       0x40 muj.o
 .rodata._ZL23megane_init_muj_01_hook
                0x00002778       0x10 muj.o
 .rodata._ZL22megane_init_muj_01_evt
                0x00002788       0x40 muj.o
 .rodata._ZL22marco_init_muj_01_hook
                0x000027c8       0x10 muj.o
 .rodata._ZL21marco_init_muj_01_evt
                0x000027d8       0x9c muj.o
 .rodata._ZL25garawaru_talk_muj_01_hook
                0x00002874       0x10 muj.o
 .rodata._ZL24garawaru_talk_muj_01_evt
                0x00002884      0x4b0 muj.o
 .rodata._ZL25garawaru_init_muj_01_hook
                0x00002d34       0x10 muj.o
 .rodata._ZL24garawaru_init_muj_01_evt
                0x00002d44       0xe0 muj.o
 .rodata._ZL20muj_00_init_evt_hook
                0x00002e24       0x58 muj.o
 .rodata._ZL19muj_00_init_evt_evt
                0x00002e7c       0x3c muj.o
 .rodata._ZL22peton_talk_muj_00_hook
                0x00002eb8       0x10 muj.o
 .rodata._ZL21peton_talk_muj_00_evt
                0x00002ec8       0x8c muj.o
 .rodata._ZL21mony_talk_muj_00_hook
                0x00002f54       0x10 muj.o
 .rodata._ZL20mony_talk_muj_00_evt
                0x00002f64       0x8c muj.o
 .rodata._ZL17nokorin_talk_hook
                0x00002ff0       0x10 nok.o
 .rodata.str1.4
                0x00003000      0x45e nok.o
 *fill*         0x0000345e        0x2 
 .rodata._ZL16nokorin_talk_evt
                0x00003460      0x180 nok.o
 .rodata._ZL19boss_noko_talk_hook
                0x000035e0       0x10 nok.o
 .rodata._ZL18boss_noko_talk_evt
                0x000035f0      0x164 nok.o
 .rodata._ZL20nokonoko_K_talk_hook
                0x00003754       0x10 nok.o
 .rodata._ZL19nokonoko_K_talk_evt
                0x00003764       0xd0 nok.o
 .rodata._ZL18nokopapa_talk_hook
                0x00003834       0x10 nok.o
 .rodata._ZL17nokopapa_talk_evt
                0x00003844      0x128 nok.o
 .rodata._ZL16monban_talk_hook
                0x0000396c       0x10 nok.o
 .rodata._ZL15monban_talk_evt
                0x0000397c      0x110 nok.o
 .rodata._ZL20nokonoko_I_talk_hook
                0x00003a8c       0x10 nok.o
 .rodata._ZL19nokonoko_I_talk_evt
                0x00003a9c       0xd0 nok.o
 .rodata._ZL20nokonoko_H_talk_hook
                0x00003b6c       0x10 nok.o
 .rodata._ZL19nokonoko_H_talk_evt
                0x00003b7c       0xf8 nok.o
 .rodata._ZL20nokonoko_G_talk_hook
                0x00003c74       0x10 nok.o
 .rodata._ZL19nokonoko_G_talk_evt
                0x00003c84       0xd0 nok.o
 .rodata._ZL15talk_white_hook
                0x00003d54       0x10 nok.o
 .rodata._ZL14talk_white_evt
                0x00003d64       0xa8 nok.o
 .rodata._ZL15init_white_hook
                0x00003e0c       0x10 nok.o
 .rodata._ZL14init_white_evt
                0x00003e1c       0x44 nok.o
 .rodata._ZL20nokonoko_F_talk_hook
                0x00003e60       0x10 nok.o
 .rodata._ZL19nokonoko_F_talk_evt
                0x00003e70       0xd0 nok.o
 .rodata._ZL20nokonoko_D_talk_hook
                0x00003f40       0x10 nok.o
 .rodata._ZL19nokonoko_D_talk_evt
                0x00003f50       0xf8 nok.o
 .rodata._ZL20nokonoko_C_talk_hook
                0x00004048       0x10 nok.o
 .rodata._ZL19nokonoko_C_talk_evt
                0x00004058       0xd0 nok.o
 .rodata._ZL20nokonoko_B_talk_hook
                0x00004128       0x10 nok.o
 .rodata._ZL19nokonoko_B_talk_evt
                0x00004138       0xd0 nok.o
 .rodata._ZL20nokonoko_A_talk_hook
                0x00004208       0x10 nok.o
 .rodata._ZL19nokonoko_A_talk_evt
                0x00004218       0xfc nok.o
 .rodata._ZL14evt_daiza_hook
                0x00004314       0x1c pik.o
 .rodata.str1.4
                0x00004330      0x142 pik.o
 *fill*         0x00004472        0x2 
 .rodata._ZL13evt_daiza_evt
                0x00004474       0x5c pik.o
 .rodata._ZL18pik_evt_powan_hook
                0x000044d0       0x28 pik.o
 .rodata._ZL17pik_evt_powan_evt
                0x000044f8       0x80 pik.o
 .rodata._ZL16takun6_talk_hook
                0x00004578       0x10 pik.o
 .rodata._ZL15takun6_talk_evt
                0x00004588       0x78 pik.o
 .rodata._ZL16takun5_talk_hook
                0x00004600       0x10 pik.o
 .rodata._ZL15takun5_talk_evt
                0x00004610       0x78 pik.o
 .rodata._ZL16takun4_talk_hook
                0x00004688       0x10 pik.o
 .rodata._ZL15takun4_talk_evt
                0x00004698       0xb4 pik.o
 .rodata._ZL18miyageya_talk_hook
                0x0000474c       0x28 pik.o
 .rodata._ZL17miyageya_talk_evt
                0x00004774      0x114 pik.o
 .rodata._ZL16talk_sakaba_hook
                0x00004888       0x10 tou.o
 .rodata.str1.4
                0x00004898       0x28 tou.o
 .rodata._ZL15talk_sakaba_evt
                0x000048c0       0x84 tou.o
 .rodata._ZL20shop_woman_talk_hook
                0x00004944       0x10 usu.o
 .rodata.str1.4
                0x00004954      0x400 usu.o
 .rodata._ZL19shop_woman_talk_evt
                0x00004d54       0x78 usu.o
 .rodata._ZL18shop_man_talk_hook
                0x00004dcc       0x10 usu.o
 .rodata._ZL17shop_man_talk_evt
                0x00004ddc       0x78 usu.o
 .rodata._ZL19villagerJ_talk_hook
                0x00004e54       0x10 usu.o
 .rodata._ZL18villagerJ_talk_evt
                0x00004e64      0x104 usu.o
 .rodata._ZL19villagerI_talk_hook
                0x00004f68       0x10 usu.o
 .rodata._ZL18villagerI_talk_evt
                0x00004f78      0x104 usu.o
 .rodata._ZL19villagerH_talk_hook
                0x0000507c       0x10 usu.o
 .rodata._ZL18villagerH_talk_evt
                0x0000508c       0xd0 usu.o
 .rodata._ZL19villagerG_talk_hook
                0x0000515c       0x10 usu.o
 .rodata._ZL18villagerG_talk_evt
                0x0000516c       0xf0 usu.o
 .rodata._ZL19villagerF_talk_hook
                0x0000525c       0x10 usu.o
 .rodata._ZL18villagerF_talk_evt
                0x0000526c       0xf0 usu.o
 .rodata._ZL19villagerK_talk_hook
                0x0000535c       0x10 usu.o
 .rodata._ZL18villagerK_talk_evt
                0x0000536c      0x130 usu.o
 .rodata._ZL19villagerE_talk_hook
                0x0000549c       0x10 usu.o
 .rodata._ZL18villagerE_talk_evt
                0x000054ac      0x130 usu.o
 .rodata._ZL19villagerD_talk_hook
                0x000055dc       0x10 usu.o
 .rodata._ZL18villagerD_talk_evt
                0x000055ec      0x194 usu.o
 .rodata._ZL19villagerC_talk_hook
                0x00005780       0x10 usu.o
 .rodata._ZL18villagerC_talk_evt
                0x00005790       0xfc usu.o
 .rodata._ZL19villagerB_talk_hook
                0x0000588c       0x10 usu.o
 .rodata._ZL18villagerB_talk_evt
                0x0000589c       0xfc usu.o
 .rodata._ZL19villagerA_talk_hook
                0x00005998       0x10 usu.o
 .rodata._ZL18villagerA_talk_evt
                0x000059a8      0x130 usu.o
 .rodata._ZL19villagerA_init_hook
                0x00005ad8       0x10 usu.o
 .rodata._ZL18villagerA_init_evt
                0x00005ae8       0x6c usu.o
 .rodata._ZL12usuVillagerA
                0x00005b54        0x7 usu.o
 *fill*         0x00005b5b        0x1 
 .rodata.str1.4
                0x00005b5c        0x3 win.o
 *fill*         0x00005b5f        0x1 
 .rodata._ZL16majorin_init_evt
                0x00005b60       0x30 win.o
 .rodata._ZL16maririn_init_evt
                0x00005b90       0x30 win.o
 .rodata._ZL15vivian_init_evt
                0x00005bc0       0x30 win.o
 *(.gnu.linkonce.r.*)

.rodata1
 *(.rodata1)

.sdata2         0x00005bf0        0x0
                [!provide]                        PROVIDE (_SDA2_BASE_ = .)
 *(.sdata2)
 *(.sdata2.*)
 *(.gnu.linkonce.s2.*)

.sbss2
 *(.sbss2)
 *(.sbss2.*)
 *(.gnu.linkonce.sb2.*)
                0x00005bf0                        . = ALIGN (0x4)
                [!provide]                        PROVIDE (__preinit_array_start = .)

.preinit_array
 *(.preinit_array)
                [!provide]                        PROVIDE (__preinit_array_end = .)
                [!provide]                        PROVIDE (__init_array_start = .)

.init_array
 *(.init_array)
                [!provide]                        PROVIDE (__init_array_end = .)
                [!provide]                        PROVIDE (__fini_array_start = .)

.fini_array
 *(.fini_array)
                [!provide]                        PROVIDE (__fini_array_end = .)

.data           0x00005bf0      0x3f0
 *(.data)
 *(.data.*)
 .data.GSWF_ARR_SIZE
                0x00005bf0        0x2 OWR.o
                0x00005bf0                GSWF_ARR_SIZE
 *fill*         0x00005bf2        0x2 
 .data.GSWF_ARR
                0x00005bf4       0x14 OWR.o
                0x00005bf4                GSWF_ARR
 .data._ZN3mod6common12kItemDataArrE
                0x00005c08        0x4 common.o
                0x00005c08                _ZN3mod6common12kItemDataArrE
 .data._ZL16gor_00_init_evt2
                0x00005c0c      0x2a8 gor_00.o
 .data._ZL14elder_talk_evt
                0x00005eb4       0xb8 mri.o
 .data._ZL21muj_00_init_evt_evt_2
                0x00005f6c       0x70 muj.o
 *(.gnu.linkonce.d.*)
                0x00005fe0                        . = ALIGN (0x20)
 *fill*         0x00005fdc        0x4 

.data1
 *(.data1)

.tdata
 *(.tdata .tdata.* .gnu.linkonce.td.*)

.tbss
 *(.tbss .tbss.* .gnu.linkonce.tb.*)
 *(.tcommon)

.eh_frame       0x00005fe0     0x1148
 *(.eh_frame)
 .eh_frame      0x00005fe0      0x14c OWR.o
                                0x1fc (size before relaxing)
 .eh_frame      0x0000612c        0x0 common.o
                                 0xc8 (size before relaxing)
 .eh_frame      0x0000612c       0x70 con_mario.o
 .eh_frame      0x0000619c       0x84 con_perf.o
 .eh_frame      0x00006220       0xac con_seq.o
 .eh_frame      0x000062cc      0x454 console.o
                                0x4e8 (size before relaxing)
 .eh_frame      0x00006720       0x3c cxx.o
                                 0x64 (size before relaxing)
 .eh_frame      0x0000675c       0x84 keyboard.o
                                0x110 (size before relaxing)
 .eh_frame      0x000067e0       0xb8 mod.o
                                0x120 (size before relaxing)
 .eh_frame      0x00006898       0x90 patch.o
                                0x1cc (size before relaxing)
 .eh_frame      0x00006928       0x90 rel.o
 .eh_frame      0x000069b8       0xbc ug.o
 .eh_frame      0x00006a74       0x3c util.o
 .eh_frame      0x00006ab0       0x78 aji.o
 .eh_frame      0x00006b28       0x40 bom.o
 .eh_frame      0x00006b68       0x40 dou.o
 .eh_frame      0x00006ba8       0x3c eki.o
 .eh_frame      0x00006be4       0x28 end.o
 .eh_frame      0x00006c0c       0x3c gon.o
 .eh_frame      0x00006c48       0x28 gor_00.o
                                 0x70 (size before relaxing)
 .eh_frame      0x00006c70        0x0 gor_01.o
                                 0x58 (size before relaxing)
 .eh_frame      0x00006c70        0x0 gor_02.o
                                 0x60 (size before relaxing)
 .eh_frame      0x00006c70        0x0 gor_03.o
                                 0x64 (size before relaxing)
 .eh_frame      0x00006c70        0x0 gor_04.o
                                 0x38 (size before relaxing)
 .eh_frame      0x00006c70        0x0 gor_misc.o
                                 0x34 (size before relaxing)
 .eh_frame      0x00006c70       0x48 gra.o
 .eh_frame      0x00006cb8       0x3c hei.o
 .eh_frame      0x00006cf4       0x38 hom.o
 .eh_frame      0x00006d2c       0x40 jin.o
 .eh_frame      0x00006d6c        0x0 moo.o
                                 0x30 (size before relaxing)
 .eh_frame      0x00006d6c       0x74 mri.o
 .eh_frame      0x00006de0       0x88 muj.o
 .eh_frame      0x00006e68       0x4c nok.o
 .eh_frame      0x00006eb4       0x60 pik.o
 .eh_frame      0x00006f14       0x74 rsh.o
 .eh_frame      0x00006f88       0x68 tou.o
 .eh_frame      0x00006ff0       0x40 tou2.o
 .eh_frame      0x00007030       0x78 usu.o
 .eh_frame      0x000070a8       0x44 win.o
 .eh_frame      0x000070ec       0x3c C:/devkitPro/devkitPPC/bin/../lib/gcc/powerpc-eabi/13.1.0\libgcc.a(_divdi3.o)

.gcc_except_table
 *(.gcc_except_table)

.fixup
 *(.fixup)

.got1
 *(.got1)

.got2
 *(.got2)

.dynamic
 *(.dynamic)

.ctors          0x00007128       0x38
 *crtbegin.o(.ctors)
 *(EXCLUDE_FILE(*crtend.o) .ctors)
 .ctors         0x00007128        0x4 OWR.o
 .ctors         0x0000712c        0x4 con_mario.o
 .ctors         0x00007130        0x4 con_perf.o
 .ctors         0x00007134        0x4 con_seq.o
 .ctors         0x00007138        0x4 console.o
 .ctors         0x0000713c        0x4 gor_00.o
 .ctors         0x00007140        0x4 mri.o
 .ctors         0x00007144        0x4 muj.o
 *(SORT_BY_NAME(.ctors.*))
 *(.ctors)
                0x00007160                        . = ALIGN (0x20)
 *fill*         0x00007148       0x18 

.dtors          0x00007160        0x0
 *crtbegin.o(.dtors)
 *(EXCLUDE_FILE(*crtend.o) .dtors)
 *(SORT_BY_NAME(.dtors.*))
 *(.dtors)
                0x00007160                        . = ALIGN (0x20)

.jcr
 *(.jcr)

.got
 *(.got.plt)
 *(.got)

.sdata          0x00007160        0x0
                [!provide]                        PROVIDE (_SDA_BASE_ = .)
 *(.sdata)
 *(.sdata.*)
 *(.gnu.linkonce.s.*)
                0x00007160                        . = ALIGN (0x20)
                0x00007160                        _edata = .
                [!provide]                        PROVIDE (edata = .)

.sbss           0x00007160        0x0
                0x00007160                        __sbss_start = .
                [!provide]                        PROVIDE (__sbss_start = .)
                [!provide]                        PROVIDE (___sbss_start = .)
 *(.dynsbss)
 *(.sbss)
 *(.sbss.*)
 *(.gnu.linkonce.sb.*)
 *(.scommon)
                [!provide]                        PROVIDE (__sbss_end = .)
                [!provide]                        PROVIDE (___sbss_end = .)
                0x00007160                        . = ALIGN (0x20)
                0x00007160                        __sbss_end = .

.bss            0x00007160      0x140
                0x00007160                        __bss_start = .
                [!provide]                        PROVIDE (__bss_start = .)
 *(.dynbss)
 *(.bss)
 *(.bss.*)
 .bss._ZN3mod3owr25g_stg0_00_init_trampolineE
                0x00007160        0x4 OWR.o
                0x00007160                _ZN3mod3owr25g_stg0_00_init_trampolineE
 .bss._ZN3mod3owr19g_OSLink_trampolineE
                0x00007164        0x4 OWR.o
                0x00007164                _ZN3mod3owr19g_OSLink_trampolineE
 .bss._ZN3mod3owr5gSelfE
                0x00007168        0x4 OWR.o
                0x00007168                _ZN3mod3owr5gSelfE
 .bss._ZN3mod3owr7item_dbE
                0x0000716c        0x4 OWR.o
                0x0000716c                _ZN3mod3owr7item_dbE
 .bss._ZN3modL12mod_if_obj22E
                0x00007170        0x8 con_mario.o
 .bss._ZN3mod14mario_show_posE
                0x00007178       0x10 con_mario.o
                0x00007178                _ZN3mod14mario_show_posE
 .bss._ZN3mod13mario_set_posE
                0x00007188        0xc con_mario.o
                0x00007188                _ZN3mod13mario_set_posE
 .bss._ZN3modL12mod_if_obj46E
                0x00007194        0x8 con_perf.o
 .bss._ZN3mod14mem_debug_heapE
                0x0000719c       0x10 con_perf.o
                0x0000719c                _ZN3mod14mem_debug_heapE
 .bss._ZN3mod15perf_fake_spikeE
                0x000071ac        0xc con_perf.o
                0x000071ac                _ZN3mod15perf_fake_spikeE
 .bss._ZN3mod14seq_change_mapE
                0x000071b8        0xc con_seq.o
                0x000071b8                _ZN3mod14seq_change_mapE
 .bss._ZN3modL12mod_if_obj16E
                0x000071c4        0x8 con_seq.o
 .bss._ZN3mod24gTrampoline_seq_logoMainE
                0x000071cc        0x4 con_seq.o
                0x000071cc                _ZN3mod24gTrampoline_seq_logoMainE
 .bss._ZN3mod13seq_logo_skipE
                0x000071d0       0x10 con_seq.o
                0x000071d0                _ZN3mod13seq_logo_skipE
 .bss._ZN3mod4findE
                0x000071e0        0xc console.o
                0x000071e0                _ZN3mod4findE
 .bss._ZN3mod11con_ug_chanE
                0x000071ec       0x10 console.o
                0x000071ec                _ZN3mod11con_ug_chanE
 .bss._ZN3mod11con_ug_modeE
                0x000071fc       0x10 console.o
                0x000071fc                _ZN3mod11con_ug_modeE
 .bss._ZN3mod21con_log_fade_durationE
                0x0000720c       0x10 console.o
                0x0000720c                _ZN3mod21con_log_fade_durationE
 .bss._ZN3mod18con_log_fade_startE
                0x0000721c       0x10 console.o
                0x0000721c                _ZN3mod18con_log_fade_startE
 .bss._ZN3mod12con_log_fadeE
                0x0000722c       0x10 console.o
                0x0000722c                _ZN3mod12con_log_fadeE
 .bss._ZN3mod13con_log_levelE
                0x0000723c       0x10 console.o
                0x0000723c                _ZN3mod13con_log_levelE
 .bss._ZN3mod11con_rainbowE
                0x0000724c       0x10 console.o
                0x0000724c                _ZN3mod11con_rainbowE
 .bss._ZN3mod8con_monoE
                0x0000725c       0x10 console.o
                0x0000725c                _ZN3mod8con_monoE
 .bss._ZN3mod8con_showE
                0x0000726c       0x10 console.o
                0x0000726c                _ZN3mod8con_showE
 .bss._ZN3mod8gConsoleE
                0x0000727c        0x4 console.o
                0x0000727c                _ZN3mod8gConsoleE
 .bss._ZN3mod9ConIntVar6sFirstE
                0x00007280        0x4 console.o
                0x00007280                _ZN3mod9ConIntVar6sFirstE
 .bss._ZN3mod10ConCommand6sFirstE
                0x00007284        0x4 console.o
                0x00007284                _ZN3mod10ConCommand6sFirstE
 .bss._ZN3mod4gModE
                0x00007288        0x4 mod.o
                0x00007288                _ZN3mod4gModE
 .bss._ZN17ModUpdateFunction6sFirstE
                0x0000728c        0x4 mod.o
                0x0000728c                _ZN17ModUpdateFunction6sFirstE
 .bss._ZN15ModInitFunction6sFirstE
                0x00007290        0x4 mod.o
                0x00007290                _ZN15ModInitFunction6sFirstE
 *(.gnu.linkonce.b.*)
 *(COMMON)
                0x000072a0                        . = ALIGN (0x20)
 *fill*         0x00007294        0xc 
                [!provide]                        PROVIDE (__bss_end = .)
                0x000072a0                        __bss_end = .
                0x000072a0                        _end = .
                [!provide]                        PROVIDE (end = .)

.bss._ZZNK3mod14seq_change_mapMUlPKcE_clES2_E8beroName
                0x00000000       0x20
 .bss._ZZNK3mod14seq_change_mapMUlPKcE_clES2_E8beroName
                0x00000000       0x20 con_seq.o
                0x00000000                _ZZNK3mod14seq_change_mapMUlPKcE_clES1_E8beroName
                0x00000000                _ZZNK3mod14seq_change_mapMUlPKcE_clES2_E8beroName

.bss._ZZNK3mod14seq_change_mapMUlPKcE_clES2_E7mapName
                0x00000000       0x20
 .bss._ZZNK3mod14seq_change_mapMUlPKcE_clES2_E7mapName
                0x00000000       0x20 con_seq.o
                0x00000000                _ZZNK3mod14seq_change_mapMUlPKcE_clES2_E7mapName
                0x00000000                _ZZNK3mod14seq_change_mapMUlPKcE_clES1_E7mapName

.stab
 *(.stab)

.stabstr
 *(.stabstr)

.stab.excl
 *(.stab.excl)

.stab.exclstr
 *(.stab.exclstr)

.stab.index
 *(.stab.index)

.stab.indexstr
 *(.stab.indexstr)

.comment        0x00000000      0x5a0
 *(.comment)
 .comment       0x00000000       0x24 OWR.o
 .comment       0x00000024       0x24 common.o
 .comment       0x00000048       0x24 con_mario.o
 .comment       0x0000006c       0x24 con_perf.o
 .comment       0x00000090       0x24 con_seq.o
 .comment       0x000000b4       0x24 console.o
 .comment       0x000000d8       0x24 cxx.o
 .comment       0x000000fc       0x24 keyboard.o
 .comment       0x00000120       0x24 mod.o
 .comment       0x00000144       0x24 patch.o
 .comment       0x00000168       0x24 rel.o
 .comment       0x0000018c       0x24 ug.o
 .comment       0x000001b0       0x24 util.o
 .comment       0x000001d4       0x24 aji.o
 .comment       0x000001f8       0x24 bom.o
 .comment       0x0000021c       0x24 dou.o
 .comment       0x00000240       0x24 eki.o
 .comment       0x00000264       0x24 end.o
 .comment       0x00000288       0x24 gon.o
 .comment       0x000002ac       0x24 gor_00.o
 .comment       0x000002d0       0x24 gor_01.o
 .comment       0x000002f4       0x24 gor_02.o
 .comment       0x00000318       0x24 gor_03.o
 .comment       0x0000033c       0x24 gor_04.o
 .comment       0x00000360       0x24 gor_misc.o
 .comment       0x00000384       0x24 gra.o
 .comment       0x000003a8       0x24 hei.o
 .comment       0x000003cc       0x24 hom.o
 .comment       0x000003f0       0x24 jin.o
 .comment       0x00000414       0x24 moo.o
 .comment       0x00000438       0x24 mri.o
 .comment       0x0000045c       0x24 muj.o
 .comment       0x00000480       0x24 nok.o
 .comment       0x000004a4       0x24 pik.o
 .comment       0x000004c8       0x24 rsh.o
 .comment       0x000004ec       0x24 tou.o
 .comment       0x00000510       0x24 tou2.o
 .comment       0x00000534       0x24 usu.o
 .comment       0x00000558       0x24 win.o
 .comment       0x0000057c       0x24 C:/devkitPro/devkitPPC/bin/../lib/gcc/powerpc-eabi/13.1.0\libgcc.a(_divdi3.o)

.gnu.attributes
                0x00000000       0x10
 .gnu.attributes
                0x00000000       0x10 OWR.o
 .gnu.attributes
                0x00000010       0x10 common.o
 .gnu.attributes
                0x00000020       0x10 con_mario.o
 .gnu.attributes
                0x00000030       0x10 con_perf.o
 .gnu.attributes
                0x00000040       0x10 console.o
 .gnu.attributes
                0x00000050       0x10 mod.o

.group          0x00000000        0xc
 .group         0x00000000        0xc con_mario.o

.group          0x00000000        0xc
 .group         0x00000000        0xc con_perf.o

.group          0x00000000        0xc
 .group         0x00000000        0xc con_seq.o

.group          0x00000000        0x8
 .group         0x00000000        0x8 con_seq.o

.group          0x00000000        0x8
 .group         0x00000000        0x8 con_seq.o

.group          0x00000000        0xc
 .group         0x00000000        0xc console.o

.debug
 *(.debug)

.line
 *(.line)

.debug_srcinfo
 *(.debug_srcinfo)

.debug_sfnames
 *(.debug_sfnames)

.debug_aranges  0x00000000      0x750
 *(.debug_aranges)
 .debug_aranges
                0x00000000       0x88 OWR.o
 .debug_aranges
                0x00000088       0x60 common.o
 .debug_aranges
                0x000000e8       0x30 con_mario.o
 .debug_aranges
                0x00000118       0x30 con_perf.o
 .debug_aranges
                0x00000148       0x38 con_seq.o
 .debug_aranges
                0x00000180       0xb0 console.o
 .debug_aranges
                0x00000230       0x38 cxx.o
 .debug_aranges
                0x00000268       0x40 keyboard.o
 .debug_aranges
                0x000002a8       0x58 mod.o
 .debug_aranges
                0x00000300       0x78 patch.o
 .debug_aranges
                0x00000378       0x30 rel.o
 .debug_aranges
                0x000003a8       0x30 ug.o
 .debug_aranges
                0x000003d8       0x20 util.o
 .debug_aranges
                0x000003f8       0x20 aji.o
 .debug_aranges
                0x00000418       0x20 bom.o
 .debug_aranges
                0x00000438       0x20 dou.o
 .debug_aranges
                0x00000458       0x20 eki.o
 .debug_aranges
                0x00000478       0x20 end.o
 .debug_aranges
                0x00000498       0x20 gon.o
 .debug_aranges
                0x000004b8       0x28 gor_00.o
 .debug_aranges
                0x000004e0       0x20 gor_01.o
 .debug_aranges
                0x00000500       0x20 gor_02.o
 .debug_aranges
                0x00000520       0x20 gor_03.o
 .debug_aranges
                0x00000540       0x20 gor_04.o
 .debug_aranges
                0x00000560       0x20 gor_misc.o
 .debug_aranges
                0x00000580       0x20 gra.o
 .debug_aranges
                0x000005a0       0x20 hei.o
 .debug_aranges
                0x000005c0       0x20 hom.o
 .debug_aranges
                0x000005e0       0x20 jin.o
 .debug_aranges
                0x00000600       0x20 moo.o
 .debug_aranges
                0x00000620       0x28 mri.o
 .debug_aranges
                0x00000648       0x28 muj.o
 .debug_aranges
                0x00000670       0x20 nok.o
 .debug_aranges
                0x00000690       0x20 pik.o
 .debug_aranges
                0x000006b0       0x20 rsh.o
 .debug_aranges
                0x000006d0       0x20 tou.o
 .debug_aranges
                0x000006f0       0x20 tou2.o
 .debug_aranges
                0x00000710       0x20 usu.o
 .debug_aranges
                0x00000730       0x20 win.o

.debug_pubnames
 *(.debug_pubnames)

.debug_info     0x00000000    0x3a071
 *(.debug_info)
 .debug_info    0x00000000     0x3774 OWR.o
 .debug_info    0x00003774      0xf16 common.o
 .debug_info    0x0000468a     0x2576 con_mario.o
 .debug_info    0x00006c00     0x20ea con_perf.o
 .debug_info    0x00008cea     0x21f8 con_seq.o
 .debug_info    0x0000aee2     0x3e13 console.o
 .debug_info    0x0000ecf5      0x394 cxx.o
 .debug_info    0x0000f089      0xfaf keyboard.o
 .debug_info    0x00010038     0x330a mod.o
 .debug_info    0x00013342     0x15c5 patch.o
 .debug_info    0x00014907       0xf3 rel.o
 .debug_info    0x000149fa      0x8d5 ug.o
 .debug_info    0x000152cf      0x693 util.o
 .debug_info    0x00015962     0x1c98 aji.o
 .debug_info    0x000175fa     0x121a bom.o
 .debug_info    0x00018814     0x1224 dou.o
 .debug_info    0x00019a38     0x11d4 eki.o
 .debug_info    0x0001ac0c     0x1110 end.o
 .debug_info    0x0001bd1c     0x1238 gon.o
 .debug_info    0x0001cf54     0x1f3a gor_00.o
 .debug_info    0x0001ee8e     0x17c4 gor_01.o
 .debug_info    0x00020652     0x18fa gor_02.o
 .debug_info    0x00021f4c     0x176a gor_03.o
 .debug_info    0x000236b6     0x1166 gor_04.o
 .debug_info    0x0002481c     0x1120 gor_misc.o
 .debug_info    0x0002593c     0x15fe gra.o
 .debug_info    0x00026f3a     0x11d4 hei.o
 .debug_info    0x0002810e     0x1170 hom.o
 .debug_info    0x0002927e     0x122e jin.o
 .debug_info    0x0002a4ac     0x1624 moo.o
 .debug_info    0x0002bad0     0x1f2a mri.o
 .debug_info    0x0002d9fa     0x1d8a muj.o
 .debug_info    0x0002f784     0x1aa2 nok.o
 .debug_info    0x00031226     0x198b pik.o
 .debug_info    0x00032bb1     0x14c2 rsh.o
 .debug_info    0x00034073     0x1b0d tou.o
 .debug_info    0x00035b80     0x11e8 tou2.o
 .debug_info    0x00036d68     0x1c8a usu.o
 .debug_info    0x000389f2     0x167f win.o

.debug_abbrev   0x00000000     0x6ac8
 *(.debug_abbrev)
 .debug_abbrev  0x00000000      0x816 OWR.o
 .debug_abbrev  0x00000816      0x21a common.o
 .debug_abbrev  0x00000a30      0x5ff con_mario.o
 .debug_abbrev  0x0000102f      0x620 con_perf.o
 .debug_abbrev  0x0000164f      0x667 con_seq.o
 .debug_abbrev  0x00001cb6      0x991 console.o
 .debug_abbrev  0x00002647      0x170 cxx.o
 .debug_abbrev  0x000027b7      0x36e keyboard.o
 .debug_abbrev  0x00002b25      0x78b mod.o
 .debug_abbrev  0x000032b0      0x2bd patch.o
 .debug_abbrev  0x0000356d       0xeb rel.o
 .debug_abbrev  0x00003658      0x230 ug.o
 .debug_abbrev  0x00003888      0x12d util.o
 .debug_abbrev  0x000039b5      0x24a aji.o
 .debug_abbrev  0x00003bff      0x183 bom.o
 .debug_abbrev  0x00003d82      0x183 dou.o
 .debug_abbrev  0x00003f05      0x183 eki.o
 .debug_abbrev  0x00004088      0x180 end.o
 .debug_abbrev  0x00004208      0x183 gon.o
 .debug_abbrev  0x0000438b      0x28f gor_00.o
 .debug_abbrev  0x0000461a      0x20e gor_01.o
 .debug_abbrev  0x00004828      0x237 gor_02.o
 .debug_abbrev  0x00004a5f      0x20e gor_03.o
 .debug_abbrev  0x00004c6d      0x183 gor_04.o
 .debug_abbrev  0x00004df0      0x183 gor_misc.o
 .debug_abbrev  0x00004f73      0x202 gra.o
 .debug_abbrev  0x00005175      0x183 hei.o
 .debug_abbrev  0x000052f8      0x183 hom.o
 .debug_abbrev  0x0000547b      0x183 jin.o
 .debug_abbrev  0x000055fe      0x21d moo.o
 .debug_abbrev  0x0000581b      0x27b mri.o
 .debug_abbrev  0x00005a96      0x273 muj.o
 .debug_abbrev  0x00005d09      0x237 nok.o
 .debug_abbrev  0x00005f40      0x23a pik.o
 .debug_abbrev  0x0000617a      0x183 rsh.o
 .debug_abbrev  0x000062fd      0x203 tou.o
 .debug_abbrev  0x00006500      0x183 tou2.o
 .debug_abbrev  0x00006683      0x237 usu.o
 .debug_abbrev  0x000068ba      0x20e win.o

.debug_line     0x00000000    0x15cb1
 *(.debug_line)
 .debug_line    0x00000000      0xc67 OWR.o
 .debug_line    0x00000c67      0x39d common.o
 .debug_line    0x00001004      0x4ce con_mario.o
 .debug_line    0x000014d2      0x5e4 con_perf.o
 .debug_line    0x00001ab6      0x59e con_seq.o
 .debug_line    0x00002054     0x1f5f console.o
 .debug_line    0x00003fb3      0x1c9 cxx.o
 .debug_line    0x0000417c      0xcb4 keyboard.o
 .debug_line    0x00004e30      0x732 mod.o
 .debug_line    0x00005562      0x80c patch.o
 .debug_line    0x00005d6e      0x226 rel.o
 .debug_line    0x00005f94      0x4ad ug.o
 .debug_line    0x00006441      0x2cc util.o
 .debug_line    0x0000670d      0xee4 aji.o
 .debug_line    0x000075f1      0x789 bom.o
 .debug_line    0x00007d7a      0x75c dou.o
 .debug_line    0x000084d6      0x679 eki.o
 .debug_line    0x00008b4f      0x315 end.o
 .debug_line    0x00008e64      0x730 gon.o
 .debug_line    0x00009594      0x982 gor_00.o
 .debug_line    0x00009f16      0x6f0 gor_01.o
 .debug_line    0x0000a606      0x87d gor_02.o
 .debug_line    0x0000ae83      0x8d4 gor_03.o
 .debug_line    0x0000b757      0x4fe gor_04.o
 .debug_line    0x0000bc55      0x3c5 gor_misc.o
 .debug_line    0x0000c01a      0x571 gra.o
 .debug_line    0x0000c58b      0x5bc hei.o
 .debug_line    0x0000cb47      0x463 hom.o
 .debug_line    0x0000cfaa      0x6d8 jin.o
 .debug_line    0x0000d682      0x3d0 moo.o
 .debug_line    0x0000da52     0x13e7 mri.o
 .debug_line    0x0000ee39      0xf19 muj.o
 .debug_line    0x0000fd52      0x61a nok.o
 .debug_line    0x0001036c      0x9b2 pik.o
 .debug_line    0x00010d1e     0x19d7 rsh.o
 .debug_line    0x000126f5     0x19fe tou.o
 .debug_line    0x000140f3      0x795 tou2.o
 .debug_line    0x00014888      0xe02 usu.o
 .debug_line    0x0001568a      0x627 win.o

.debug_frame
 *(.debug_frame)

.debug_str      0x00000000    0x48613
 *(.debug_str)
 .debug_str     0x00000000     0x2dc2 OWR.o
 .debug_str     0x00002dc2     0x13e4 common.o
 .debug_str     0x000041a6     0x1a59 con_mario.o
 .debug_str     0x00005bff     0x160e con_perf.o
 .debug_str     0x0000720d     0x17a6 con_seq.o
 .debug_str     0x000089b3     0x19f9 console.o
 .debug_str     0x0000a3ac      0x34e cxx.o
 .debug_str     0x0000a6fa      0x955 keyboard.o
 .debug_str     0x0000b04f     0x2d27 mod.o
 .debug_str     0x0000dd76      0x6eb patch.o
 .debug_str     0x0000e461      0x191 rel.o
 .debug_str     0x0000e5f2      0x39b ug.o
 .debug_str     0x0000e98d      0x3eb util.o
 .debug_str     0x0000ed78     0x289a aji.o
 .debug_str     0x00011612     0x2035 bom.o
 .debug_str     0x00013647     0x203f dou.o
 .debug_str     0x00015686     0x1f67 eki.o
 .debug_str     0x000175ed     0x1e6c end.o
 .debug_str     0x00019459     0x2018 gon.o
 .debug_str     0x0001b471     0x2938 gor_00.o
 .debug_str     0x0001dda9     0x233b gor_01.o
 .debug_str     0x000200e4     0x2532 gor_02.o
 .debug_str     0x00022616     0x2445 gor_03.o
 .debug_str     0x00024a5b     0x1eeb gor_04.o
 .debug_str     0x00026946     0x1e84 gor_misc.o
 .debug_str     0x000287ca     0x22b4 gra.o
 .debug_str     0x0002aa7e     0x1f6c hei.o
 .debug_str     0x0002c9ea     0x1f07 hom.o
 .debug_str     0x0002e8f1     0x2016 jin.o
 .debug_str     0x00030907     0x2276 moo.o
 .debug_str     0x00032b7d     0x2bac mri.o
 .debug_str     0x00035729     0x2aa0 muj.o
 .debug_str     0x000381c9     0x2580 nok.o
 .debug_str     0x0003a749     0x254c pik.o
 .debug_str     0x0003cc95     0x24c2 rsh.o
 .debug_str     0x0003f157     0x294e tou.o
 .debug_str     0x00041aa5     0x1f8a tou2.o
 .debug_str     0x00043a2f     0x28cb usu.o
 .debug_str     0x000462fa     0x2319 win.o

.debug_loc
 *(.debug_loc)

.debug_macinfo
 *(.debug_macinfo)

.debug_weaknames
 *(.debug_weaknames)

.debug_funcnames
 *(.debug_funcnames)

.debug_typenames
 *(.debug_typenames)

.debug_varnames
 *(.debug_varnames)
                0x00000000                        __isIPL = 0x0
                0x000272a0                        __stack_addr = ((((__bss_start + SIZEOF (.bss)) + 0x20000) + 0x7) & 0xfffffffffffffff8)
                0x000072a0                        __stack_end = (__bss_start + SIZEOF (.bss))
                0x0002b2a0                        __intrstack_addr = (__stack_addr + 0x4000)
                0x000272a0                        __intrstack_end = __stack_addr
                0x0002b2a0                        __Arena1Lo = ((__intrstack_addr + 0x1f) & 0xffffffffffffffe0)
                0x817feff0                        __Arena1Hi = 0x817feff0
                0x817ff000                        __gxregs = ((__Arena1Hi + 0x1f) & 0xffffffffffffffe0)
                [!provide]                        PROVIDE (__stack = 0x817feff0)
                [!provide]                        PROVIDE (__isIPL = __isIPL)
                [!provide]                        PROVIDE (__stack_addr = __stack_addr)
                [!provide]                        PROVIDE (__stack_end = __stack_end)
                [!provide]                        PROVIDE (__intrstack_addr = __intrstack_addr)
                [!provide]                        PROVIDE (__intrstack_end = __intrstack_end)
                [!provide]                        PROVIDE (__Arena1Lo = __Arena1Lo)
                [!provide]                        PROVIDE (__Arena1Hi = __Arena1Hi)
                [!provide]                        PROVIDE (__gxregs = __gxregs)
LOAD H:/GhidraProjects/TTYDAP/TTYDAP/rel/source/cxx.ld
                0x00007128                        _ctors_start = ADDR (.ctors)
                0x00007160                        _ctors_end = (_ctors_start + SIZEOF (.ctors))
                0x00007160                        _dtors_start = ADDR (.dtors)
                0x00007160                        _dtors_end = (_dtors_start + SIZEOF (.dtors))
LOAD OWR.o
LOAD common.o
LOAD con_mario.o
LOAD con_perf.o
LOAD con_seq.o
LOAD console.o
LOAD cxx.o
LOAD keyboard.o
LOAD mod.o
LOAD patch.o
LOAD rel.o
LOAD ug.o
LOAD util.o
LOAD aji.o
LOAD bom.o
LOAD dou.o
LOAD eki.o
LOAD end.o
LOAD gon.o
LOAD gor_00.o
LOAD gor_01.o
LOAD gor_02.o
LOAD gor_03.o
LOAD gor_04.o
LOAD gor_misc.o
LOAD gra.o
LOAD hei.o
LOAD hom.o
LOAD jin.o
LOAD moo.o
LOAD mri.o
LOAD muj.o
LOAD nok.o
LOAD pik.o
LOAD rsh.o
LOAD tou.o
LOAD tou2.o
LOAD usu.o
LOAD win.o
LOAD patch_ih.o
LOAD C:/devkitPro/devkitPPC/bin/../lib/gcc/powerpc-eabi/13.1.0\libgcc.a
OUTPUT(H:/GhidraProjects/TTYDAP/TTYDAP/rel/rel.jp.elf elf32-powerpc)

.debug_loclists
                0x00000000     0x4bfd
 .debug_loclists
                0x00000000      0xafe OWR.o
 .debug_loclists
                0x00000afe      0x151 common.o
 .debug_loclists
                0x00000c4f       0xa9 con_mario.o
 .debug_loclists
                0x00000cf8      0x2eb con_perf.o
 .debug_loclists
                0x00000fe3       0xf8 con_seq.o
 .debug_loclists
                0x000010db     0x1cd1 console.o
 .debug_loclists
                0x00002dac       0x54 cxx.o
 .debug_loclists
                0x00002e00      0x886 keyboard.o
 .debug_loclists
                0x00003686      0x154 mod.o
 .debug_loclists
                0x000037da      0xc5e patch.o
 .debug_loclists
                0x00004438      0x2cd ug.o
 .debug_loclists
                0x00004705       0xd6 util.o
 .debug_loclists
                0x000047db       0x2a aji.o
 .debug_loclists
                0x00004805       0x2a bom.o
 .debug_loclists
                0x0000482f       0x2a dou.o
 .debug_loclists
                0x00004859       0x2a eki.o
 .debug_loclists
                0x00004883       0x2a gon.o
 .debug_loclists
                0x000048ad       0x2a gor_00.o
 .debug_loclists
                0x000048d7       0x2a gor_01.o
 .debug_loclists
                0x00004901       0x2a gor_02.o
 .debug_loclists
                0x0000492b       0x2a gor_03.o
 .debug_loclists
                0x00004955       0x2a gor_04.o
 .debug_loclists
                0x0000497f       0x2a gor_misc.o
 .debug_loclists
                0x000049a9       0x2a gra.o
 .debug_loclists
                0x000049d3       0x2a hei.o
 .debug_loclists
                0x000049fd       0x2c hom.o
 .debug_loclists
                0x00004a29       0x2a jin.o
 .debug_loclists
                0x00004a53       0x2a moo.o
 .debug_loclists
                0x00004a7d       0x2a mri.o
 .debug_loclists
                0x00004aa7       0x2c muj.o
 .debug_loclists
                0x00004ad3       0x2a nok.o
 .debug_loclists
                0x00004afd       0x2c pik.o
 .debug_loclists
                0x00004b29       0x2c rsh.o
 .debug_loclists
                0x00004b55       0x2a tou.o
 .debug_loclists
                0x00004b7f       0x2a tou2.o
 .debug_loclists
                0x00004ba9       0x2a usu.o
 .debug_loclists
                0x00004bd3       0x2a win.o

.debug_rnglists
                0x00000000     0x13d4
 .debug_rnglists
                0x00000000      0x138 OWR.o
 .debug_rnglists
                0x00000138       0x43 common.o
 .debug_rnglists
                0x0000017b       0x95 con_mario.o
 .debug_rnglists
                0x00000210       0xb4 con_perf.o
 .debug_rnglists
                0x000002c4       0xc4 con_seq.o
 .debug_rnglists
                0x00000388      0x71c console.o
 .debug_rnglists
                0x00000aa4       0x25 cxx.o
 .debug_rnglists
                0x00000ac9      0x315 keyboard.o
 .debug_rnglists
                0x00000dde       0xc5 mod.o
 .debug_rnglists
                0x00000ea3      0x23d patch.o
 .debug_rnglists
                0x000010e0       0x47 rel.o
 .debug_rnglists
                0x00001127       0x73 ug.o
 .debug_rnglists
                0x0000119a       0x21 util.o
 .debug_rnglists
                0x000011bb       0x14 aji.o
 .debug_rnglists
                0x000011cf       0x14 bom.o
 .debug_rnglists
                0x000011e3       0x14 dou.o
 .debug_rnglists
                0x000011f7       0x14 eki.o
 .debug_rnglists
                0x0000120b       0x13 end.o
 .debug_rnglists
                0x0000121e       0x14 gon.o
 .debug_rnglists
                0x00001232       0x1a gor_00.o
 .debug_rnglists
                0x0000124c       0x14 gor_01.o
 .debug_rnglists
                0x00001260       0x14 gor_02.o
 .debug_rnglists
                0x00001274       0x14 gor_03.o
 .debug_rnglists
                0x00001288       0x14 gor_04.o
 .debug_rnglists
                0x0000129c       0x14 gor_misc.o
 .debug_rnglists
                0x000012b0       0x14 gra.o
 .debug_rnglists
                0x000012c4       0x14 hei.o
 .debug_rnglists
                0x000012d8       0x14 hom.o
 .debug_rnglists
                0x000012ec       0x14 jin.o
 .debug_rnglists
                0x00001300       0x14 moo.o
 .debug_rnglists
                0x00001314       0x1a mri.o
 .debug_rnglists
                0x0000132e       0x1a muj.o
 .debug_rnglists
                0x00001348       0x14 nok.o
 .debug_rnglists
                0x0000135c       0x14 pik.o
 .debug_rnglists
                0x00001370       0x14 rsh.o
 .debug_rnglists
                0x00001384       0x14 tou.o
 .debug_rnglists
                0x00001398       0x14 tou2.o
 .debug_rnglists
                0x000013ac       0x14 usu.o
 .debug_rnglists
                0x000013c0       0x14 win.o
