Archive member included to satisfy reference by file (symbol)

C:/devkitPro/devkitPPC/bin/../lib/gcc/powerpc-eabi/13.1.0\libgcc.a(_divdi3.o)
                              console.o (__divdi3)

Discarded input sections

 .text          0x00000000        0x0 OWR.o
 .data          0x00000000        0x0 OWR.o
 .bss           0x00000000        0x0 OWR.o
 .text._Z13strcpy_StringPcPKc
                0x00000000        0x4 OWR.o
 .text._ZN3mod3owr3OWR6LZTestEv
                0x00000000       0x48 OWR.o
 .text._ZN3mod3owr3OWR11NewFileInitEv
                0x00000000        0x4 OWR.o
 .text._ZN3mod3owr3OWR10DrawStringEPKciijf
                0x00000000       0xb0 OWR.o
 .bss._ZN3mod3owr22g_itemEntry_trampolineE
                0x00000000        0x4 OWR.o
 .rodata.cst4   0x00000000        0x4 OWR.o
 .text          0x00000000        0x0 StateManager.o
 .data          0x00000000        0x0 StateManager.o
 .bss           0x00000000        0x0 StateManager.o
 .debug_line    0x00000000        0x0 StateManager.o
 .debug_str     0x00000000      0x123 StateManager.o
 .comment       0x00000000       0x24 StateManager.o
 .text          0x00000000        0x0 common.o
 .data          0x00000000        0x0 common.o
 .bss           0x00000000        0x0 common.o
 .text._ZN3mod6common14GetCurrentAreaEv
                0x00000000       0x1c common.o
 .text._ZN3mod6common13GetCurrentMapEv
                0x00000000       0x1c common.o
 .text._ZN3mod6common11GetFilenameEv
                0x00000000       0x1c common.o
 .text._ZN3mod6common16GetStorySequenceEv
                0x00000000       0x24 common.o
 .text._ZN3mod6common14GetPitSequenceEv
                0x00000000       0x2c common.o
 .text._ZN3mod6common17GetSavedFlagValueEi
                0x00000000       0x44 common.o
 .text._ZN3mod6common21HasKeyItemInInventoryEs
                0x00000000       0x60 common.o
 .text._ZN3mod6common25GetBattleWindowDataOffsetEv
                0x00000000       0x1c common.o
 .text._ZN3mod6common21GetStatusWindowHeightEv
                0x00000000       0x28 common.o
 .data._ZN3mod6common29kUnknownStatusWindowStructPtrE
                0x00000000        0x4 common.o
 .data._ZN3mod6common10kBattlePtrE
                0x00000000        0x4 common.o
 .data._ZN3mod6common9kPouchPtrE
                0x00000000        0x4 common.o
 .data._ZN3mod6common12kSaveDataPtrE
                0x00000000        0x4 common.o
 .rodata._ZN3mod6common32kUltraHammerChestDespawnIdOffsetE
                0x00000000        0x4 common.o
 .rodata._ZN3mod6common27kObjectCollectionExprOffsetE
                0x00000000        0x4 common.o
 .rodata._ZN3mod6common27kObjectChestScriptPtrOffsetE
                0x00000000        0x4 common.o
 .rodata._ZN3mod6common33kMujModuleFlavioDesiredItemOffsetE
                0x00000000        0x4 common.o
 .rodata._ZN3mod6common36kJinModuleAtomicBooItemGswfSetOffsetE
                0x00000000        0x4 common.o
 .rodata._ZN3mod6common39kJinModuleAtomicBooItemObjectFlagOffsetE
                0x00000000        0x4 common.o
 .rodata._ZN3mod6common32kPitModuleCharlietonChanceOffsetE
                0x00000000        0x4 common.o
 .rodata._ZN3mod6common22kPitModuleNpcArrOffsetE
                0x00000000        0x4 common.o
 .rodata._ZN3mod6common23kSavedWordFlagBaseValueE
                0x00000000        0x4 common.o
 .data._ZN3mod6common20kPiantaParlorItemArrE
                0x00000000        0x4 common.o
 .data._ZN3mod6common21kPitCharlietonItemArrE
                0x00000000        0x4 common.o
 .data._ZN3mod6common12kHowzItemArrE
                0x00000000        0x4 common.o
 .data._ZN3mod6common18kCharlietonItemArrE
                0x00000000        0x4 common.o
 .data._ZN3mod6common14kDazzleItemArrE
                0x00000000        0x4 common.o
 .data._ZN3mod6common20kSuperguardFramesArrE
                0x00000000        0x4 common.o
 .data._ZN3mod6common15kGuardFramesArrE
                0x00000000        0x4 common.o
 .data._ZN3mod6common25kSuperChargePartnerParamsE
                0x00000000        0x4 common.o
 .data._ZN3mod6common18kSuperChargeParamsE
                0x00000000        0x4 common.o
 .data._ZN3mod6common19kPiercingBlowParamsE
                0x00000000        0x4 common.o
 .data._ZN3mod6common18kHammerThrowParamsE
                0x00000000        0x4 common.o
 .data._ZN3mod6common17kKoopaCurseParamsE
                0x00000000        0x4 common.o
 .data._ZN3mod6common15kTradeOffParamsE
                0x00000000        0x4 common.o
 .data._ZN3mod6common17kGulpRecoilParamsE
                0x00000000        0x4 common.o
 .data._ZN3mod6common24kUltraHammerRecoilParamsE
                0x00000000        0x4 common.o
 .data._ZN3mod6common24kSuperHammerRecoilParamsE
                0x00000000        0x4 common.o
 .data._ZN3mod6common8kNextMapE
                0x00000000        0x4 common.o
 .rodata.cst4   0x00000000        0x4 common.o
 .text          0x00000000        0x0 con_mario.o
 .data          0x00000000        0x0 con_mario.o
 .bss           0x00000000        0x0 con_mario.o
 .text          0x00000000        0x0 con_perf.o
 .data          0x00000000        0x0 con_perf.o
 .bss           0x00000000        0x0 con_perf.o
 .text          0x00000000        0x0 con_seq.o
 .data          0x00000000        0x0 con_seq.o
 .bss           0x00000000        0x0 con_seq.o
 .text          0x00000000        0x0 console.o
 .data          0x00000000        0x0 console.o
 .bss           0x00000000        0x0 console.o
 .text._ZN3mod13ConsoleSystem8logDebugEPKcz
                0x00000000       0xbc console.o
 .text._ZN3mod13ConsoleSystem12setMonospaceEb
                0x00000000       0x30 console.o
 .text._ZN3mod13ConsoleSystem8drawLineEiPKcN2gc6color4E
                0x00000000       0xd4 console.o
 .text._ZN3mod13ConsoleSystem14updateUsbGeckoEv
                0x00000000       0x14 console.o
 .text          0x00000000        0x0 cxx.o
 .data          0x00000000        0x0 cxx.o
 .bss           0x00000000        0x0 cxx.o
 .text._ZdlPv   0x00000000        0xc cxx.o
 .text._ZdaPv   0x00000000        0xc cxx.o
 .text          0x00000000        0x0 keyboard.o
 .data          0x00000000        0x0 keyboard.o
 .bss           0x00000000        0x0 keyboard.o
 .text._ZN3mod8Keyboard10setChannelEi
                0x00000000       0xc4 keyboard.o
 .text._ZN3mod8Keyboard7connectEv
                0x00000000       0x78 keyboard.o
 .text._ZN3mod8Keyboard10disconnectEv
                0x00000000       0x4c keyboard.o
 .text          0x00000000        0x0 mod.o
 .data          0x00000000        0x0 mod.o
 .bss           0x00000000        0x0 mod.o
 .text._ZN3mod3ModC2Ev
                0x00000000       0xa0 mod.o
 .text._ZN3mod3Mod11updateEarlyEv
                0x00000000       0x90 mod.o
 .text._ZN3mod3Mod4drawEv
                0x00000000        0x8 mod.o
 .text          0x00000000        0x0 patch.o
 .data          0x00000000        0x0 patch.o
 .bss           0x00000000        0x0 patch.o
 .text._ZN3mod5patch21writeStandardBranchesEPvPFvvES3_
                0x00000000       0x80 patch.o
 .text._ZN3mod5patch15replaceEvtInstrEPit
                0x00000000        0x8 patch.o
 .text._ZN3mod5patch14writeEvtBranchEPiPKib
                0x00000000       0x1c patch.o
 .text._ZN3mod5patch13writeBranchBLEPvS1_
                0x00000000       0x50 patch.o
 .text._ZN3mod5patch15writeBranchMainEPvS1_j
                0x00000000       0x48 patch.o
 .text._ZN3mod5patch10writePatchEPvPKvS3_
                0x00000000       0x7c patch.o
 .text._ZN3mod5patch10writePatchEPvj
                0x00000000       0x6c patch.o
 .text._ZN3mod5patch15writeBranchPairEPvS1_S1_S1_
                0x00000000       0x88 patch.o
 .text._ZN3mod5patch15writeBranchPairEPvS1_S1_
                0x00000000       0x80 patch.o
 .text          0x00000000        0x0 rel.o
 .data          0x00000000        0x0 rel.o
 .bss           0x00000000        0x0 rel.o
 .text          0x00000000        0x0 ug.o
 .data          0x00000000        0x0 ug.o
 .bss           0x00000000        0x0 ug.o
 .text          0x00000000        0x0 util.o
 .data          0x00000000        0x0 util.o
 .bss           0x00000000        0x0 util.o
 .text          0x00000000        0x0 aaa.o
 .data          0x00000000        0x0 aaa.o
 .bss           0x00000000        0x0 aaa.o
 .text          0x00000000        0x0 aji.o
 .data          0x00000000        0x0 aji.o
 .bss           0x00000000        0x0 aji.o
 .text          0x00000000        0x0 bom.o
 .data          0x00000000        0x0 bom.o
 .bss           0x00000000        0x0 bom.o
 .text          0x00000000        0x0 dou.o
 .data          0x00000000        0x0 dou.o
 .bss           0x00000000        0x0 dou.o
 .text          0x00000000        0x0 eki.o
 .data          0x00000000        0x0 eki.o
 .bss           0x00000000        0x0 eki.o
 .text          0x00000000        0x0 end.o
 .data          0x00000000        0x0 end.o
 .bss           0x00000000        0x0 end.o
 .text          0x00000000        0x0 gon.o
 .data          0x00000000        0x0 gon.o
 .bss           0x00000000        0x0 gon.o
 .text          0x00000000        0x0 gor_00.o
 .data          0x00000000        0x0 gor_00.o
 .bss           0x00000000        0x0 gor_00.o
 .text          0x00000000        0x0 gor_01.o
 .data          0x00000000        0x0 gor_01.o
 .bss           0x00000000        0x0 gor_01.o
 .text          0x00000000        0x0 gor_02.o
 .data          0x00000000        0x0 gor_02.o
 .bss           0x00000000        0x0 gor_02.o
 .text          0x00000000        0x0 gor_03.o
 .data          0x00000000        0x0 gor_03.o
 .bss           0x00000000        0x0 gor_03.o
 .text          0x00000000        0x0 gor_04.o
 .data          0x00000000        0x0 gor_04.o
 .bss           0x00000000        0x0 gor_04.o
 .text          0x00000000        0x0 gor_misc.o
 .data          0x00000000        0x0 gor_misc.o
 .bss           0x00000000        0x0 gor_misc.o
 .text          0x00000000        0x0 gra.o
 .data          0x00000000        0x0 gra.o
 .bss           0x00000000        0x0 gra.o
 .text          0x00000000        0x0 hei.o
 .data          0x00000000        0x0 hei.o
 .bss           0x00000000        0x0 hei.o
 .text          0x00000000        0x0 hom.o
 .data          0x00000000        0x0 hom.o
 .bss           0x00000000        0x0 hom.o
 .text          0x00000000        0x0 jin.o
 .data          0x00000000        0x0 jin.o
 .bss           0x00000000        0x0 jin.o
 .text          0x00000000        0x0 kpa.o
 .data          0x00000000        0x0 kpa.o
 .bss           0x00000000        0x0 kpa.o
 .text          0x00000000        0x0 las.o
 .data          0x00000000        0x0 las.o
 .bss           0x00000000        0x0 las.o
 .text._Z15ApplyLasPatchesPN2gc6OSLink12OSModuleInfoE
                0x00000000      0x4b4 las.o
 .text          0x00000000        0x0 main.o
 .data          0x00000000        0x0 main.o
 .bss           0x00000000        0x0 main.o
 .text._Z24ApplyMainAssemblyPatchesv
                0x00000000      0x57c main.o
 .text._Z22ApplyMainScriptPatchesv
                0x00000000      0x1e8 main.o
 .text          0x00000000        0x0 moo.o
 .data          0x00000000        0x0 moo.o
 .bss           0x00000000        0x0 moo.o
 .text._Z15ApplyMooPatchesPN2gc6OSLink12OSModuleInfoE
                0x00000000       0xac moo.o
 .rodata._ZL20moo_04_init_evt_hook
                0x00000000       0x28 moo.o
 .rodata._ZL19moo_04_init_evt_evt
                0x00000000      0x144 moo.o
 .text          0x00000000        0x0 mri.o
 .data          0x00000000        0x0 mri.o
 .bss           0x00000000        0x0 mri.o
 .text          0x00000000        0x0 muj.o
 .data          0x00000000        0x0 muj.o
 .bss           0x00000000        0x0 muj.o
 .text          0x00000000        0x0 nok.o
 .data          0x00000000        0x0 nok.o
 .bss           0x00000000        0x0 nok.o
 .text          0x00000000        0x0 pik.o
 .data          0x00000000        0x0 pik.o
 .bss           0x00000000        0x0 pik.o
 .text          0x00000000        0x0 rsh.o
 .data          0x00000000        0x0 rsh.o
 .bss           0x00000000        0x0 rsh.o
 .text          0x00000000        0x0 tik.o
 .data          0x00000000        0x0 tik.o
 .bss           0x00000000        0x0 tik.o
 .text          0x00000000        0x0 tou.o
 .data          0x00000000        0x0 tou.o
 .bss           0x00000000        0x0 tou.o
 .text          0x00000000        0x0 tou2.o
 .data          0x00000000        0x0 tou2.o
 .bss           0x00000000        0x0 tou2.o
 .text          0x00000000        0x0 usu.o
 .data          0x00000000        0x0 usu.o
 .bss           0x00000000        0x0 usu.o
 .text          0x00000000        0x0 win.o
 .data          0x00000000        0x0 win.o
 .bss           0x00000000        0x0 win.o
 .text          0x00000000      0x176 asm_main.o
 .data          0x00000000        0x0 asm_main.o
 .bss           0x00000000        0x0 asm_main.o
 .text          0x00000000       0x7c patch_ih.o
 .data          0x00000000        0x0 patch_ih.o
 .bss           0x00000000        0x0 patch_ih.o
 .text          0x00000000        0x0 C:/devkitPro/devkitPPC/bin/../lib/gcc/powerpc-eabi/13.1.0\libgcc.a(_divdi3.o)
 .data          0x00000000        0x0 C:/devkitPro/devkitPPC/bin/../lib/gcc/powerpc-eabi/13.1.0\libgcc.a(_divdi3.o)
 .bss           0x00000000        0x0 C:/devkitPro/devkitPPC/bin/../lib/gcc/powerpc-eabi/13.1.0\libgcc.a(_divdi3.o)

Memory Configuration

Name             Origin             Length             Attributes
*default*        0x00000000         0xffffffff

Linker script and memory map

                0x80003100                        . = 0x80003100

.init
 *crt0.o(*.init)
 *(.init)

.plt
 *(.plt)

.interp
 *(.interp)

.hash
 *(.hash)

.dynsym
 *(.dynsym)

.dynstr
 *(.dynstr)

.gnu.version
 *(.gnu.version)

.gnu.version_d
 *(.gnu.version_d)

.gnu.version_r
 *(.gnu.version_r)

.rel.init
 *(.rel.init)

.rela.init
 *(.rela.init)

.rel.text
 *(.rel.text .rel.text.* .rel.gnu.linkonce.t.*)

.rela.text
 *(.rela.text .rela.text.* .rela.gnu.linkonce.t.*)

.rel.fini
 *(.rel.fini)

.rela.fini
 *(.rela.fini)

.rel.rodata
 *(.rel.rodata .rel.rodata.* .rel.gnu.linkonce.r.*)

.rela.rodata
 *(.rela.rodata .rela.rodata.* .rela.gnu.linkonce.r.*)

.rel.data
 *(.rel.data .rel.data.* .rel.gnu.linkonce.d.*)

.rela.data
 *(.rela.data .rela.data.* .rela.gnu.linkonce.d.*)

.rel.tdata
 *(.rel.tdata .rel.tdata.* .rel.gnu.linkonce.td.*)

.rela.tdata
 *(.rela.tdata .rela.tdata.* .rela.gnu.linkonce.td.*)

.rel.tbss
 *(.rel.tbss .rel.tbss.* .rel.gnu.linkonce.tb.*)

.rela.tbss
 *(.rela.tbss .rela.tbss.* .rela.gnu.linkonce.tb.*)

.rel.ctors
 *(.rel.ctors)

.rela.ctors
 *(.rela.ctors)

.rel.dtors
 *(.rel.dtors)

.rela.dtors
 *(.rela.dtors)

.rel.got
 *(.rel.got)

.rela.got
 *(.rela.got)

.rela.got1
 *(.rela.got1)

.rela.got2
 *(.rela.got2)

.rel.sdata
 *(.rel.sdata .rel.sdata.* .rel.gnu.linkonce.s.*)

.rela.sdata
 *(.rela.sdata .rela.sdata.* .rela.gnu.linkonce.s.*)

.rel.sbss
 *(.rel.sbss .rel.sbss.* .rel.gnu.linkonce.sb.*)

.rela.sbss
 *(.rela.sbss .rela.sbss.* .rel.gnu.linkonce.sb.*)

.rel.sdata2
 *(.rel.sdata2 .rel.sdata2.* .rel.gnu.linkonce.s2.*)

.rela.sdata2
 *(.rela.sdata2 .rela.sdata2.* .rela.gnu.linkonce.s2.*)

.rel.sbss2
 *(.rel.sbss2 .rel.sbss2.* .rel.gnu.linkonce.sb2.*)

.rela.sbss2
 *(.rela.sbss2 .rela.sbss2.* .rela.gnu.linkonce.sb2.*)

.rel.bss
 *(.rel.bss .rel.bss.* .rel.gnu.linkonce.b.*)

.rela.bss
 *(.rela.bss .rela.bss.* .rela.gnu.linkonce.b.*)

.rel.plt
 *(.rel.plt)

.rela.plt
 *(.rela.plt)

.text           0x80003100     0xbe40
 *(.text)
 *(.text.*)
 .text._ZZN3mod3owr3OWR4InitEvENUlvE_4_FUNEv
                0x80003100       0x10 OWR.o
 .text._ZN3mod3owr3OWRC2Ev
                0x80003110        0xc OWR.o
                0x80003110                _ZN3mod3owr3OWRC1Ev
                0x80003110                _ZN3mod3owr3OWRC2Ev
 .text._ZN3mod3owr3OWR12SequenceInitEv
                0x8000311c      0x1a4 OWR.o
                0x8000311c                _ZN3mod3owr3OWR12SequenceInitEv
 .text._ZN3mod3owr3OWR4InitEv
                0x800032c0       0xe8 OWR.o
                0x800032c0                _ZN3mod3owr3OWR4InitEv
 .text._ZN3mod3owr3OWR6UpdateEv
                0x800033a8       0x4c OWR.o
                0x800033a8                _ZN3mod3owr3OWR6UpdateEv
 .text._ZN3mod3owr3OWR4DrawEv
                0x800033f4        0x4 OWR.o
                0x800033f4                _ZN3mod3owr3OWR4DrawEv
 .text._ZN3mod3owr3OWR14OnModuleLoadedEPN2gc6OSLink12OSModuleInfoE
                0x800033f8       0xd4 OWR.o
                0x800033f8                _ZN3mod3owr3OWR14OnModuleLoadedEPN2gc6OSLink12OSModuleInfoE
 .text._ZZN3mod3owr3OWR4InitEvENUlPN2gc6OSLink12OSModuleInfoEPvE_4_FUNES5_S6_
                0x800034cc       0x84 OWR.o
 .text.startup._GLOBAL__sub_I__Z13strcpy_StringPcPKc
                0x80003550       0x14 OWR.o
 .text._ZN3modL13mod_if_func22Ev
                0x80003564       0x54 con_mario.o
 .text.startup._GLOBAL__sub_I__ZN3mod13mario_set_posE
                0x800035b8       0x88 con_mario.o
 .text._ZN3modL13mod_if_func46Ev
                0x80003640      0x19c con_perf.o
 .text.startup._GLOBAL__sub_I__ZN3mod15perf_fake_spikeE
                0x800037dc       0x8c con_perf.o
 .text._ZZN3modL13mod_if_func16EvENUlPN4ttyd6seqdrv7SeqInfoEE_4_FUNES3_
                0x80003868       0x44 con_seq.o
 .text._ZN3modL13mod_if_func16Ev
                0x800038ac       0x74 con_seq.o
 .text.startup._GLOBAL__sub_I__ZN3mod13seq_logo_skipE
                0x80003920       0x8c con_seq.o
 .text._ZN3mod13ConsoleSystem4initEv
                0x800039ac       0x38 console.o
                0x800039ac                _ZN3mod13ConsoleSystem4initEv
 .text._ZN3mod13ConsoleSystem8logColorEPKcN2gc6color4E
                0x800039e4      0x2a8 console.o
                0x800039e4                _ZN3mod13ConsoleSystem8logColorEPKcN2gc6color4E
 .text._ZN3mod13ConsoleSystem7logInfoEPKcz
                0x80003c8c       0xb8 console.o
                0x80003c8c                _ZN3mod13ConsoleSystem7logInfoEPKcz
 .text._ZN3mod7CC_findEPKc
                0x80003d44      0x12c console.o
                0x80003d44                _ZN3mod7CC_findEPKc
 .text._ZN3mod13ConsoleSystem10logWarningEPKcz
                0x80003e70       0xbc console.o
                0x80003e70                _ZN3mod13ConsoleSystem10logWarningEPKcz
 .text._ZN3mod13ConsoleSystem8logErrorEPKcz
                0x80003f2c       0xbc console.o
                0x80003f2c                _ZN3mod13ConsoleSystem8logErrorEPKcz
 .text._ZN3mod13ConsoleSystem7overlayEPKcz
                0x80003fe8       0xd0 console.o
                0x80003fe8                _ZN3mod13ConsoleSystem7overlayEPKcz
 .text._ZN3mod13ConsoleSystem14processCommandEPKc
                0x800040b8      0x288 console.o
                0x800040b8                _ZN3mod13ConsoleSystem14processCommandEPKc
 .text._ZN3mod13ConsoleSystem12updatePromptEv
                0x80004340      0x974 console.o
                0x80004340                _ZN3mod13ConsoleSystem12updatePromptEv
 .text._ZN3mod13ConsoleSystem14updateUsbGeckoEv.part.0
                0x80004cb4      0x19c console.o
 .text._ZN3mod13ConsoleSystem6updateEv
                0x80004e50       0x70 console.o
                0x80004e50                _ZN3mod13ConsoleSystem6updateEv
 .text._ZN3mod13ConsoleSystem4dispEv
                0x80004ec0      0x534 console.o
                0x80004ec0                _ZN3mod13ConsoleSystem4dispEv
 .text._ZZN3mod13ConsoleSystem6updateEvENUlN4ttyd7dispdrv8CameraIdEPvE_4_FUNES3_S4_
                0x800053f4        0x8 console.o
 .text.startup._GLOBAL__sub_I__ZN3mod10ConCommand6sFirstE
                0x800053fc      0x1ac console.o
 .text._Znwj    0x800055a8        0xc cxx.o
                0x800055a8                _Znwj
 .text._Znaj    0x800055b4        0xc cxx.o
                0x800055b4                _Znaj
 .text._ZN3mod8KeyboardC2Ei
                0x800055c0       0x84 keyboard.o
                0x800055c0                _ZN3mod8KeyboardC2Ei
                0x800055c0                _ZN3mod8KeyboardC1Ei
 .text._ZN3mod8Keyboard6updateEv
                0x80005644      0x59c keyboard.o
                0x80005644                _ZN3mod8Keyboard6updateEv
 .text._ZZN3mod3Mod4initEvENUlvE0_4_FUNEv
                0x80005be0        0x4 mod.o
 .text._ZZN3mod3Mod11updateEarlyEvENUlN4ttyd7dispdrv8CameraIdEPvE_4_FUNES3_S4_
                0x80005be4        0x8 mod.o
 .text._ZZN3mod3Mod4initEvENUlvE_4_FUNEv
                0x80005bec       0x94 mod.o
 .text._ZN3mod3Mod4initEv
                0x80005c80       0xfc mod.o
                0x80005c80                _ZN3mod3Mod4initEv
 .text.startup._ZN3mod4mainEv
                0x80005d7c       0xb0 mod.o
                0x80005d7c                _ZN3mod4mainEv
 .text._ZN3mod5patch17clear_DC_IC_CacheEPvj
                0x80005e2c       0x40 patch.o
                0x80005e2c                _ZN3mod5patch17clear_DC_IC_CacheEPvj
 .text._ZN3mod5patch11writeBranchEPvS1_
                0x80005e6c       0x4c patch.o
                0x80005e6c                _ZN3mod5patch11writeBranchEPvS1_
 .text._ZN3mod5patch10writePatchEPvPKvj
                0x80005eb8       0x7c patch.o
                0x80005eb8                _ZN3mod5patch10writePatchEPvPKvj
 .text._prolog  0x80005f34       0xac rel.o
                0x80005f34                _prolog
 .text._epilog  0x80005fe0       0xac rel.o
                0x80005fe0                _epilog
 .text._unresolved
                0x8000608c        0x4 rel.o
                0x8000608c                _unresolved
 .text._ZN3mod7ugProbeEi
                0x80006090      0x110 ug.o
                0x80006090                _ZN3mod7ugProbeEi
 .text._ZN3mod6ugSendEiPKvi
                0x800061a0      0x12c ug.o
                0x800061a0                _ZN3mod6ugSendEiPKvi
 .text._ZN3mod6ugRecvEiPvi
                0x800062cc      0x124 ug.o
                0x800062cc                _ZN3mod6ugRecvEiPvi
 .text.strstr   0x800063f0       0xf0 util.o
                0x800063f0                strstr
 .text._Z15ApplyAaaPatchesPN2gc6OSLink12OSModuleInfoE
                0x800064e0       0x50 aaa.o
                0x800064e0                _Z15ApplyAaaPatchesPN2gc6OSLink12OSModuleInfoE
 .text._Z15ApplyAjiPatchesPN2gc6OSLink12OSModuleInfoE
                0x80006530      0x864 aji.o
                0x80006530                _Z15ApplyAjiPatchesPN2gc6OSLink12OSModuleInfoE
 .text._Z15ApplyBomPatchesPN2gc6OSLink12OSModuleInfoE
                0x80006d94      0x2fc bom.o
                0x80006d94                _Z15ApplyBomPatchesPN2gc6OSLink12OSModuleInfoE
 .text._Z15ApplyDouPatchesPN2gc6OSLink12OSModuleInfoE
                0x80007090      0x30c dou.o
                0x80007090                _Z15ApplyDouPatchesPN2gc6OSLink12OSModuleInfoE
 .text._Z15ApplyEkiPatchesPN2gc6OSLink12OSModuleInfoE
                0x8000739c      0x270 eki.o
                0x8000739c                _Z15ApplyEkiPatchesPN2gc6OSLink12OSModuleInfoE
 .text._Z15ApplyEndPatchesPN2gc6OSLink12OSModuleInfoE
                0x8000760c       0x30 end.o
                0x8000760c                _Z15ApplyEndPatchesPN2gc6OSLink12OSModuleInfoE
 .text._Z15ApplyGonPatchesPN2gc6OSLink12OSModuleInfoE
                0x8000763c      0x35c gon.o
                0x8000763c                _Z15ApplyGonPatchesPN2gc6OSLink12OSModuleInfoE
 .text._Z17ApplyGor00PatchesPN2gc6OSLink12OSModuleInfoE
                0x80007998      0x624 gor_00.o
                0x80007998                _Z17ApplyGor00PatchesPN2gc6OSLink12OSModuleInfoE
 .text.startup._GLOBAL__sub_I__Z17ApplyGor00PatchesPN2gc6OSLink12OSModuleInfoE
                0x80007fbc       0x1c gor_00.o
 .text._Z17ApplyGor01PatchesPN2gc6OSLink12OSModuleInfoE
                0x80007fd8      0x43c gor_01.o
                0x80007fd8                _Z17ApplyGor01PatchesPN2gc6OSLink12OSModuleInfoE
 .text._Z17ApplyGor02PatchesPN2gc6OSLink12OSModuleInfoE
                0x80008414      0x4d8 gor_02.o
                0x80008414                _Z17ApplyGor02PatchesPN2gc6OSLink12OSModuleInfoE
 .text._Z17ApplyGor03PatchesPN2gc6OSLink12OSModuleInfoE
                0x800088ec      0x4e4 gor_03.o
                0x800088ec                _Z17ApplyGor03PatchesPN2gc6OSLink12OSModuleInfoE
 .text._Z17ApplyGor04PatchesPN2gc6OSLink12OSModuleInfoE
                0x80008dd0      0x170 gor_04.o
                0x80008dd0                _Z17ApplyGor04PatchesPN2gc6OSLink12OSModuleInfoE
 .text._Z19ApplyGorMiscPatchesPN2gc6OSLink12OSModuleInfoE
                0x80008f40       0xc8 gor_misc.o
                0x80008f40                _Z19ApplyGorMiscPatchesPN2gc6OSLink12OSModuleInfoE
 .text._Z15ApplyGraPatchesPN2gc6OSLink12OSModuleInfoE
                0x80009008      0x22c gra.o
                0x80009008                _Z15ApplyGraPatchesPN2gc6OSLink12OSModuleInfoE
 .text._Z15ApplyHeiPatchesPN2gc6OSLink12OSModuleInfoE
                0x80009234      0x230 hei.o
                0x80009234                _Z15ApplyHeiPatchesPN2gc6OSLink12OSModuleInfoE
 .text._Z15ApplyHomPatchesPN2gc6OSLink12OSModuleInfoE
                0x80009464      0x140 hom.o
                0x80009464                _Z15ApplyHomPatchesPN2gc6OSLink12OSModuleInfoE
 .text._Z15ApplyJinPatchesPN2gc6OSLink12OSModuleInfoE
                0x800095a4      0x2e8 jin.o
                0x800095a4                _Z15ApplyJinPatchesPN2gc6OSLink12OSModuleInfoE
 .text._Z15ApplyKpaPatchesPN2gc6OSLink12OSModuleInfoE
                0x8000988c       0xe4 kpa.o
                0x8000988c                _Z15ApplyKpaPatchesPN2gc6OSLink12OSModuleInfoE
 .text._Z15ApplyMriPatchesPN2gc6OSLink12OSModuleInfoE
                0x80009970      0xb8c mri.o
                0x80009970                _Z15ApplyMriPatchesPN2gc6OSLink12OSModuleInfoE
 .text.startup._GLOBAL__sub_I__Z15ApplyMriPatchesPN2gc6OSLink12OSModuleInfoE
                0x8000a4fc       0x14 mri.o
 .text._Z15ApplyMujPatchesPN2gc6OSLink12OSModuleInfoE
                0x8000a510      0x998 muj.o
                0x8000a510                _Z15ApplyMujPatchesPN2gc6OSLink12OSModuleInfoE
 .text._Z15ApplyNokPatchesPN2gc6OSLink12OSModuleInfoE
                0x8000aea8      0x384 nok.o
                0x8000aea8                _Z15ApplyNokPatchesPN2gc6OSLink12OSModuleInfoE
 .text._Z15ApplyPikPatchesPN2gc6OSLink12OSModuleInfoE
                0x8000b22c      0x534 pik.o
                0x8000b22c                _Z15ApplyPikPatchesPN2gc6OSLink12OSModuleInfoE
 .text._Z15ApplyRshPatchesPN2gc6OSLink12OSModuleInfoE
                0x8000b760      0xf70 rsh.o
                0x8000b760                _Z15ApplyRshPatchesPN2gc6OSLink12OSModuleInfoE
 .text._Z24checkChapterRequirementsPN4ttyd6evtmgr8EvtEntryEb
                0x8000c6d0       0xac tik.o
                0x8000c6d0                _Z24checkChapterRequirementsPN4ttyd6evtmgr8EvtEntryEb
 .text._Z15ApplyTikPatchesPN2gc6OSLink12OSModuleInfoE
                0x8000c77c      0x5c0 tik.o
                0x8000c77c                _Z15ApplyTikPatchesPN2gc6OSLink12OSModuleInfoE
 .text._Z15ApplyTouPatchesPN2gc6OSLink12OSModuleInfoE
                0x8000cd3c      0xfb8 tou.o
                0x8000cd3c                _Z15ApplyTouPatchesPN2gc6OSLink12OSModuleInfoE
 .text._Z16ApplyTou2PatchesPN2gc6OSLink12OSModuleInfoE
                0x8000dcf4      0x2e8 tou2.o
                0x8000dcf4                _Z16ApplyTou2PatchesPN2gc6OSLink12OSModuleInfoE
 .text._Z15ApplyUsuPatchesPN2gc6OSLink12OSModuleInfoE
                0x8000dfdc      0x8a8 usu.o
                0x8000dfdc                _Z15ApplyUsuPatchesPN2gc6OSLink12OSModuleInfoE
 .text._Z15ApplyWinPatchesPN2gc6OSLink12OSModuleInfoE
                0x8000e884      0x2cc win.o
                0x8000e884                _Z15ApplyWinPatchesPN2gc6OSLink12OSModuleInfoE
 .text.__divdi3
                0x8000eb50      0x3ec C:/devkitPro/devkitPPC/bin/../lib/gcc/powerpc-eabi/13.1.0\libgcc.a(_divdi3.o)
                0x8000eb50                __divdi3
 *(.gnu.warning)
 *(.gnu.linkonce.t.*)
                0x8000ef40                        . = ALIGN (0x20)
 *fill*         0x8000ef3c        0x4 00000000

.text._ZN3mod13mario_set_posMUlPKcE_4_FUNES2_
                0x00000000       0x6c
 .text._ZN3mod13mario_set_posMUlPKcE_4_FUNES2_
                0x00000000       0x6c con_mario.o
                0x00000000                _ZN3mod13mario_set_posMUlPKcE_4_FUNES2_
                0x00000000                _ZN3mod13mario_set_posMUlPKcE_4_FUNES1_

.text._ZN3mod15perf_fake_spikeMUlPKcE_4_FUNES2_
                0x00000000       0xa8
 .text._ZN3mod15perf_fake_spikeMUlPKcE_4_FUNES2_
                0x00000000       0xa8 con_perf.o
                0x00000000                _ZN3mod15perf_fake_spikeMUlPKcE_4_FUNES1_
                0x00000000                _ZN3mod15perf_fake_spikeMUlPKcE_4_FUNES2_

.text._ZN3mod14seq_change_mapMUlPKcE_4_FUNES2_
                0x00000000       0xf0
 .text._ZN3mod14seq_change_mapMUlPKcE_4_FUNES2_
                0x00000000       0xf0 con_seq.o
                0x00000000                _ZN3mod14seq_change_mapMUlPKcE_4_FUNES2_
                0x00000000                _ZN3mod14seq_change_mapMUlPKcE_4_FUNES1_

.text._ZN3mod8con_monoMUlPNS_9ConIntVarEiE_4_FUNES2_i
                0x00000000       0x3c
 .text._ZN3mod8con_monoMUlPNS_9ConIntVarEiE_4_FUNES2_i
                0x00000000       0x3c console.o
                0x00000000                _ZN3mod8con_monoMUlPNS_9ConIntVarEiE_4_FUNES1_i
                0x00000000                _ZN3mod8con_monoMUlPNS_9ConIntVarEiE_4_FUNES2_i

.fini           0x0000003c        0x4
 *(.fini)
                0x00000040                        . = ALIGN (0x20)
 *fill*         0x0000003c        0x4 00000000
                [!provide]                        PROVIDE (__etext = .)
                [!provide]                        PROVIDE (_etext = .)
                [!provide]                        PROVIDE (etext = .)

.rodata         0x00000040     0x9eb8
 *(.rodata)
 *(.rodata.*)
 .rodata._ZN3mod3owr3OWR6LZTestEv.str1.4
                0x00000040        0x7 OWR.o
 *fill*         0x00000047        0x1 
 .rodata._ZN3mod3owr3OWR14OnModuleLoadedEPN2gc6OSLink12OSModuleInfoE
                0x00000048       0x74 OWR.o
 .rodata._ZN3mod13mario_set_posMUlPKcE_4_FUNES2_.str1.4
                0x000000bc        0x9 con_mario.o
 *fill*         0x000000c5        0x3 
 .rodata._ZN3modL13mod_if_func22Ev.str1.4
                0x000000c8       0x20 con_mario.o
 .rodata._GLOBAL__sub_I__ZN3mod13mario_set_posE.str1.4
                0x000000e8       0x1f con_mario.o
 *fill*         0x00000107        0x1 
 .rodata._ZN3modL13mod_if_func46Ev.str1.4
                0x00000108       0x5e con_perf.o
 *fill*         0x00000166        0x2 
 .rodata._ZN3mod15perf_fake_spikeMUlPKcE_4_FUNES2_.str1.4
                0x00000168        0x4 con_perf.o
 .rodata._GLOBAL__sub_I__ZN3mod15perf_fake_spikeE.str1.4
                0x0000016c       0x1f con_perf.o
 *fill*         0x0000018b        0x1 
 .rodata.cst4   0x0000018c       0x10 con_perf.o
 .rodata._ZN3mod14seq_change_mapMUlPKcE_4_FUNES2_.str1.4
                0x0000019c       0x20 con_seq.o
 .rodata._GLOBAL__sub_I__ZN3mod13seq_logo_skipE.str1.4
                0x000001bc       0x1f con_seq.o
 *fill*         0x000001db        0x1 
 .rodata._ZN3mod13ConsoleSystem8logColorEPKcN2gc6color4E.str1.4
                0x000001dc       0x83 console.o
 *fill*         0x0000025f        0x1 
 .rodata._ZN3mod7CC_findEPKc.str1.4
                0x00000260       0x21 console.o
 *fill*         0x00000281        0x3 
 .rodata._ZN3mod13ConsoleSystem14processCommandEPKc.str1.4
                0x00000284       0x2e console.o
 *fill*         0x000002b2        0x2 
 .rodata._ZN3mod13ConsoleSystem12updatePromptEv
                0x000002b4      0x6c0 console.o
 .rodata._ZN3mod13ConsoleSystem14updateUsbGeckoEv.part.0.str1.4
                0x00000974       0x75 console.o
 *fill*         0x000009e9        0x3 
 .rodata._ZN3mod13ConsoleSystem4dispEv.str1.4
                0x000009ec       0x16 console.o
 *fill*         0x00000a02        0x2 
 .rodata._GLOBAL__sub_I__ZN3mod10ConCommand6sFirstE.str1.4
                0x00000a04       0x8d console.o
 .rodata._ZZN3mod13ConsoleSystem4dispEvE12kPromptColor
                0x00000a91        0x4 console.o
 *fill*         0x00000a95        0x3 
 .rodata.cst4   0x00000a98        0x8 console.o
 .rodata.cst4   0x00000aa0        0x4 mod.o
 .rodata._ZL20aji_17_init_evt_hook
                0x00000aa4       0x14 aji.o
 .rodata._ZL19aji_17_init_evt_evt
                0x00000ab8       0x4c aji.o
 .rodata._ZL20aji_10_init_evt_hook
                0x00000b04       0x14 aji.o
 .rodata.str1.4
                0x00000b18       0x43 aji.o
 *fill*         0x00000b5b        0x1 
 .rodata._ZL19aji_10_init_evt_evt
                0x00000b5c      0x284 aji.o
 .rodata._ZL18teshita3_init_hook
                0x00000de0       0x10 aji.o
 .rodata._ZL17teshita3_init_evt
                0x00000df0       0xc0 aji.o
 .rodata._ZL18teshita2_init_hook
                0x00000eb0       0x10 aji.o
 .rodata._ZL17teshita2_init_evt
                0x00000ec0       0xc0 aji.o
 .rodata._ZL20peach_evt_ele_2_hook
                0x00000f80       0x30 aji.o
 .rodata._ZL19peach_evt_ele_2_evt
                0x00000fb0       0x6c aji.o
 .rodata._ZL20aji_00_init_evt_hook
                0x0000101c       0x10 aji.o
 .rodata._ZL19aji_00_init_evt_evt
                0x0000102c       0x5c aji.o
 .rodata._ZL4npc4
                0x00001088       0x13 aji.o
 *fill*         0x0000109b        0x1 
 .rodata._ZL4npc3
                0x0000109c        0x7 aji.o
 *fill*         0x000010a3        0x1 
 .rodata._ZL4npc2
                0x000010a4        0xf aji.o
 *fill*         0x000010b3        0x1 
 .rodata._ZL4npc1
                0x000010b4        0x7 aji.o
 *fill*         0x000010bb        0x1 
 .rodata._ZL21gor_00_init_evt2_hook
                0x000010bc       0x14 gor_00.o
 .rodata._ZL21gor_00_init_evt1_hook
                0x000010d0       0x14 gor_00.o
 .rodata.str1.4
                0x000010e4      0x2ce gor_00.o
 *fill*         0x000013b2        0x2 
 .rodata._ZL16gor_00_init_evt1
                0x000013b4      0x1f8 gor_00.o
 .rodata._ZL18korutesu_init_hook
                0x000015ac       0x10 gor_00.o
 .rodata._ZL17korutesu_init_evt
                0x000015bc       0x58 gor_00.o
 .rodata._ZL20suifubomb_b_talk_evt
                0x00001614       0xd4 gor_00.o
 .rodata._ZL21suifubomb_b_regl_hook
                0x000016e8       0x10 gor_00.o
 .rodata._ZL20suifubomb_b_regl_evt
                0x000016f8      0x120 gor_00.o
 .rodata._ZL20suifubomb_a_talk_evt
                0x00001818      0x150 gor_00.o
 .rodata._ZL21suifubomb_a_regl_hook
                0x00001968       0x10 gor_00.o
 .rodata._ZL20suifubomb_a_regl_evt
                0x00001978       0x90 gor_00.o
 .rodata._ZL21suifubomb_a_init_hook
                0x00001a08       0x10 gor_00.o
 .rodata._ZL20suifubomb_a_init_evt
                0x00001a18       0xc8 gor_00.o
 .rodata._ZL16suifu_b_talk_evt
                0x00001ae0       0xd4 gor_00.o
 .rodata._ZL20luigi_npcEnt_00_hook
                0x00001bb4       0x10 gor_00.o
 .rodata._ZL19luigi_npcEnt_00_evt
                0x00001bc4       0x80 gor_00.o
 .rodata._ZL18luigi_init_00_hook
                0x00001c44       0x10 gor_00.o
 .rodata._ZL17luigi_init_00_evt
                0x00001c54       0x50 gor_00.o
 .rodata._ZL16mokorim_init_evt
                0x00001ca4       0x30 gor_00.o
 .rodata._ZL17suifu_b_init_hook
                0x00001cd4       0x10 gor_00.o
 .rodata._ZL16suifu_b_init_evt
                0x00001ce4       0xc8 gor_00.o
 .rodata._ZL17suifu_a_regl_hook
                0x00001dac       0x10 gor_00.o
 .rodata._ZL16suifu_a_regl_evt
                0x00001dbc       0x80 gor_00.o
 .rodata._ZL16suifu_a_talk_evt
                0x00001e3c       0xd4 gor_00.o
 .rodata._ZL19odoodo_ani_talk_evt
                0x00001f10       0x20 gor_00.o
 .rodata._ZL15odoodo_talk_evt
                0x00001f30      0x128 gor_00.o
 .rodata._ZL16odoodo_regl_hook
                0x00002058       0x10 gor_00.o
 .rodata._ZL15odoodo_regl_evt
                0x00002068       0x94 gor_00.o
 .rodata._ZL15odoodo_init_evt
                0x000020fc      0x114 gor_00.o
 .rodata._ZL17garawaru_talk_evt
                0x00002210       0xb8 gor_00.o
 .rodata._ZL18garawaru_regl_hook
                0x000022c8       0x10 gor_00.o
 .rodata._ZL17garawaru_regl_evt
                0x000022d8      0x120 gor_00.o
 .rodata._ZL18garawaru_init_hook
                0x000023f8       0x10 gor_00.o
 .rodata._ZL17garawaru_init_evt
                0x00002408      0x140 gor_00.o
 .rodata._ZL6npcEnt
                0x00002548        0x9 gor_00.o
 *fill*         0x00002551        0x3 
 .rodata.str1.4
                0x00002554       0xb2 gor_01.o
 *fill*         0x00002606        0x2 
 .rodata._ZL15bomhei_talk_evt
                0x00002608       0x20 gor_01.o
 .rodata._ZL16chusan2_talk_evt
                0x00002628       0x20 gor_01.o
 .rodata._ZL16chusan1_talk_evt
                0x00002648       0x20 gor_01.o
 .rodata._ZL16kuribo3_talk_evt
                0x00002668       0x20 gor_01.o
 .rodata._ZL16kuribo2_talk_evt
                0x00002688       0x20 gor_01.o
 .rodata._ZL16kuribo1_talk_evt
                0x000026a8       0x20 gor_01.o
 .rodata._ZL15roten2_talk_evt
                0x000026c8       0x20 gor_01.o
 .rodata._ZL15roten1_talk_evt
                0x000026e8       0x20 gor_01.o
 .rodata._ZL19shoptender_talk_evt
                0x00002708       0x20 gor_01.o
 .rodata._ZL15kinoji_talk_evt
                0x00002728       0x20 gor_01.o
 .rodata._ZL19bottakuru_init_hook
                0x00002748       0x10 gor_01.o
 .rodata._ZL18bottakuru_init_evt
                0x00002758       0x70 gor_01.o
 .rodata._ZL18marco_init_01_hook
                0x000027c8       0x10 gor_01.o
 .rodata._ZL17marco_init_01_evt
                0x000027d8       0x40 gor_01.o
 .rodata._ZL20badgemaster_talk_evt
                0x00002818       0x20 gor_01.o
 .rodata._Z17ApplyGor02PatchesPN2gc6OSLink12OSModuleInfoE.str1.4
                0x00002838        0x3 gor_02.o
 *fill*         0x0000283b        0x1 
 .rodata.str1.4
                0x0000283c      0x14e gor_02.o
 *fill*         0x0000298a        0x2 
 .rodata._ZL19kurihakase_talk_evt
                0x0000298c      0x2cc gor_02.o
 .rodata._ZL21evt_door_02_open_hook
                0x00002c58       0x14 gor_02.o
 .rodata._ZL20evt_door_02_open_evt
                0x00002c6c      0x188 gor_02.o
 .rodata._ZL21gor_02_init_evt2_hook
                0x00002df4       0x14 gor_02.o
 .rodata._ZL16gor_02_init_evt2
                0x00002e08       0xcc gor_02.o
 .rodata._ZL21gor_02_init_evt1_hook
                0x00002ed4       0x14 gor_02.o
 .rodata._ZL16gor_02_init_evt1
                0x00002ee8      0x138 gor_02.o
 .rodata._ZL16borodo2_talk_evt
                0x00003020       0x20 gor_02.o
 .rodata._ZL16borodo1_talk_evt
                0x00003040       0x20 gor_02.o
 .rodata._ZL15roten3_talk_evt
                0x00003060       0x20 gor_02.o
 .rodata._ZL16chusan3_talk_evt
                0x00003080       0x20 gor_02.o
 .rodata._ZL16kuribo4_talk_evt
                0x000030a0       0x20 gor_02.o
 .rodata.str1.4
                0x000030c0       0xf9 gor_03.o
 *fill*         0x000031b9        0x3 
 .rodata._ZL16maffia3_talk_evt
                0x000031bc       0x20 gor_03.o
 .rodata._ZL16maffia2_talk_evt
                0x000031dc      0x140 gor_03.o
 .rodata._ZL16maffia1_talk_evt
                0x0000331c      0x140 gor_03.o
 .rodata._ZL26maffiaboss_casino_talk_evt
                0x0000345c       0x20 gor_03.o
 .rodata._ZL26maffiaboss_talk_common_evt
                0x0000347c      0x120 gor_03.o
 .rodata.str1.4
                0x0000359c       0x18 gra.o
 .rodata._ZL18evt_machibuse_evt1
                0x000035b4       0x50 gra.o
 .rodata._ZL8doopliss
                0x00003604        0xb gra.o
 *fill*         0x0000360f        0x1 
 .rodata._ZL18puniinfo_talk_hook
                0x00003610       0x10 mri.o
 .rodata._ZL20mri_03_init_evt_hook
                0x00003620       0x14 mri.o
 .rodata.str1.4
                0x00003634      0x10b mri.o
 *fill*         0x0000373f        0x1 
 .rodata._ZL22mri_03_init_evt_switch
                0x00003740       0x9c mri.o
 .rodata._ZL20mri_01_init_evt_hook
                0x000037dc       0x14 mri.o
 .rodata._ZL22mri_01_init_evt_switch
                0x000037f0       0xb0 mri.o
 .rodata._ZL23mri_sister_init_01_hook
                0x000038a0       0x10 mri.o
 .rodata._ZL22mri_sister_init_01_evt
                0x000038b0       0xa8 mri.o
 .rodata._ZL16puni_2_init_hook
                0x00003958       0x10 mri.o
 .rodata._ZL15puni_2_init_evt
                0x00003968       0x78 mri.o
 .rodata._ZL16puni_1_talk_hook
                0x000039e0       0x10 mri.o
 .rodata._ZL15puni_1_talk_evt
                0x000039f0       0xb0 mri.o
 .rodata._ZL16puni_1_init_hook
                0x00003aa0       0x10 mri.o
 .rodata._ZL15puni_1_init_evt
                0x00003ab0       0x78 mri.o
 .rodata._ZL15elder_talk_hook
                0x00003b28       0x10 mri.o
 .rodata._ZL22mri_elder_init_01_hook
                0x00003b38       0x10 mri.o
 .rodata._ZL21mri_elder_init_01_evt
                0x00003b48       0xcc mri.o
 .rodata._ZL22mri_rival_init_01_hook
                0x00003c14       0x10 mri.o
 .rodata._ZL21mri_rival_init_01_evt
                0x00003c24       0xa8 mri.o
 .rodata._ZL18guide_init_01_hook
                0x00003ccc       0x10 mri.o
 .rodata._ZL17guide_init_01_evt
                0x00003cdc       0x8c mri.o
 .rodata._ZL15guide_talk_hook
                0x00003d68       0x10 mri.o
 .rodata._ZL14guide_talk_evt
                0x00003d78       0x98 mri.o
 .rodata._ZL18guide_init_00_hook
                0x00003e10       0x10 mri.o
 .rodata._ZL17guide_init_00_evt
                0x00003e20      0x150 mri.o
 .rodata._ZL20muj_01_init_evt_hook
                0x00003f70       0x14 muj.o
 .rodata._ZL19muj_01_init_evt_evt
                0x00003f84       0x50 muj.o
 .rodata._ZL21borosuifu_b_talk_hook
                0x00003fd4       0x10 muj.o
 .rodata.str1.4
                0x00003fe4      0x384 muj.o
 .rodata._ZL20borosuifu_b_talk_evt
                0x00004368       0xf8 muj.o
 .rodata._ZL21borosuifu_a_talk_hook
                0x00004460       0x10 muj.o
 .rodata._ZL20borosuifu_a_talk_evt
                0x00004470       0xf8 muj.o
 .rodata._ZL24suifu_d_talk_muj_01_hook
                0x00004568       0x10 muj.o
 .rodata._ZL23suifu_d_talk_muj_01_evt
                0x00004578       0xf8 muj.o
 .rodata._ZL20suifu_bomb_talk_hook
                0x00004670       0x10 muj.o
 .rodata._ZL19suifu_bomb_talk_evt
                0x00004680       0xf4 muj.o
 .rodata._ZL20suifu_bomb_init_hook
                0x00004774       0x10 muj.o
 .rodata._ZL19suifu_bomb_init_evt
                0x00004784       0x30 muj.o
 .rodata._ZL24suifu_a_talk_muj_01_hook
                0x000047b4       0x10 muj.o
 .rodata._ZL23suifu_a_talk_muj_01_evt
                0x000047c4       0xf4 muj.o
 .rodata._ZL24suifu_a_init_muj_01_hook
                0x000048b8       0x10 muj.o
 .rodata._ZL23suifu_a_init_muj_01_evt
                0x000048c8       0x30 muj.o
 .rodata._ZL23odoodo_init_muj_01_hook
                0x000048f8       0x10 muj.o
 .rodata._ZL22odoodo_init_muj_01_evt
                0x00004908       0x30 muj.o
 .rodata._ZL23megane_init_muj_01_hook
                0x00004938       0x10 muj.o
 .rodata._ZL22megane_init_muj_01_evt
                0x00004948       0x30 muj.o
 .rodata._ZL22marco_init_muj_01_hook
                0x00004978       0x10 muj.o
 .rodata._ZL21marco_init_muj_01_evt
                0x00004988       0xcc muj.o
 .rodata._ZL25garawaru_talk_muj_01_hook
                0x00004a54       0x10 muj.o
 .rodata._ZL24garawaru_talk_muj_01_evt
                0x00004a64      0x4b4 muj.o
 .rodata._ZL25garawaru_init_muj_01_hook
                0x00004f18       0x10 muj.o
 .rodata._ZL24garawaru_init_muj_01_evt
                0x00004f28      0x11c muj.o
 .rodata._ZL20muj_00_init_evt_hook
                0x00005044       0x44 muj.o
 .rodata._ZL21muj_00_init_evt_evt_2
                0x00005088       0x70 muj.o
 .rodata._ZL19muj_00_init_evt_evt
                0x000050f8       0x40 muj.o
 .rodata._ZL22peton_talk_muj_00_hook
                0x00005138       0x10 muj.o
 .rodata._ZL21peton_talk_muj_00_evt
                0x00005148       0x8c muj.o
 .rodata._ZL21mony_talk_muj_00_hook
                0x000051d4       0x10 muj.o
 .rodata._ZL20mony_talk_muj_00_evt
                0x000051e4       0x8c muj.o
 .rodata._ZL17nokorin_talk_hook
                0x00005270       0x10 nok.o
 .rodata.str1.4
                0x00005280      0x4ee nok.o
 *fill*         0x0000576e        0x2 
 .rodata._ZL16nokorin_talk_evt
                0x00005770      0x2f4 nok.o
 .rodata._ZL19boss_noko_talk_hook
                0x00005a64       0x10 nok.o
 .rodata._ZL18boss_noko_talk_evt
                0x00005a74      0x164 nok.o
 .rodata._ZL20nokonoko_K_talk_hook
                0x00005bd8       0x10 nok.o
 .rodata._ZL19nokonoko_K_talk_evt
                0x00005be8       0xd4 nok.o
 .rodata._ZL18nokopapa_talk_hook
                0x00005cbc       0x10 nok.o
 .rodata._ZL17nokopapa_talk_evt
                0x00005ccc      0x128 nok.o
 .rodata._ZL16monban_talk_hook
                0x00005df4       0x10 nok.o
 .rodata._ZL15monban_talk_evt
                0x00005e04      0x11c nok.o
 .rodata._ZL20nokonoko_I_talk_hook
                0x00005f20       0x10 nok.o
 .rodata._ZL19nokonoko_I_talk_evt
                0x00005f30       0xd4 nok.o
 .rodata._ZL20nokonoko_H_talk_hook
                0x00006004       0x10 nok.o
 .rodata._ZL19nokonoko_H_talk_evt
                0x00006014       0xfc nok.o
 .rodata._ZL20nokonoko_G_talk_hook
                0x00006110       0x10 nok.o
 .rodata._ZL19nokonoko_G_talk_evt
                0x00006120       0xd4 nok.o
 .rodata._ZL15talk_white_hook
                0x000061f4       0x10 nok.o
 .rodata._ZL14talk_white_evt
                0x00006204       0xa4 nok.o
 .rodata._ZL15init_white_hook
                0x000062a8       0x10 nok.o
 .rodata._ZL14init_white_evt
                0x000062b8       0x44 nok.o
 .rodata._ZL20nokonoko_F_talk_hook
                0x000062fc       0x10 nok.o
 .rodata._ZL19nokonoko_F_talk_evt
                0x0000630c       0xd4 nok.o
 .rodata._ZL20nokonoko_D_talk_hook
                0x000063e0       0x10 nok.o
 .rodata._ZL19nokonoko_D_talk_evt
                0x000063f0       0xfc nok.o
 .rodata._ZL20nokonoko_C_talk_hook
                0x000064ec       0x10 nok.o
 .rodata._ZL19nokonoko_C_talk_evt
                0x000064fc       0xd4 nok.o
 .rodata._ZL20nokonoko_B_talk_hook
                0x000065d0       0x10 nok.o
 .rodata._ZL19nokonoko_B_talk_evt
                0x000065e0       0xd4 nok.o
 .rodata._ZL20nokonoko_A_talk_hook
                0x000066b4       0x10 nok.o
 .rodata._ZL19nokonoko_A_talk_evt
                0x000066c4      0x10c nok.o
 .rodata._ZL14evt_daiza_hook
                0x000067d0       0x1c pik.o
 .rodata.str1.4
                0x000067ec      0x142 pik.o
 *fill*         0x0000692e        0x2 
 .rodata._ZL13evt_daiza_evt
                0x00006930       0x5c pik.o
 .rodata._ZL18pik_evt_powan_hook
                0x0000698c       0x28 pik.o
 .rodata._ZL17pik_evt_powan_evt
                0x000069b4       0x80 pik.o
 .rodata._ZL16takun6_talk_hook
                0x00006a34       0x10 pik.o
 .rodata._ZL15takun6_talk_evt
                0x00006a44       0x78 pik.o
 .rodata._ZL16takun5_talk_hook
                0x00006abc       0x10 pik.o
 .rodata._ZL15takun5_talk_evt
                0x00006acc       0x78 pik.o
 .rodata._ZL16takun4_talk_hook
                0x00006b44       0x10 pik.o
 .rodata._ZL15takun4_talk_evt
                0x00006b54       0xb4 pik.o
 .rodata._ZL18miyageya_talk_hook
                0x00006c08       0x28 pik.o
 .rodata._ZL17miyageya_talk_evt
                0x00006c30      0x114 pik.o
 .rodata._ZL27talk_madam_ring_return_hook
                0x00006d44       0x14 rsh.o
 .rodata._ZL26talk_madam_ring_return_evt
                0x00006d58       0x78 rsh.o
 .rodata._ZL16init_konari_hook
                0x00006dd0       0x14 rsh.o
 .rodata.str1.4
                0x00006de4      0x1d5 rsh.o
 *fill*         0x00006fb9        0x3 
 .rodata._ZL15init_konari_evt
                0x00006fbc       0x9c rsh.o
 .rodata._ZL15init_powan_hook
                0x00007058       0x14 rsh.o
 .rodata._ZL14init_powan_evt
                0x0000706c       0xec rsh.o
 .rodata._ZL18talk_waitless_hook
                0x00007158       0x14 rsh.o
 .rodata._ZL17talk_waitless_evt
                0x0000716c       0x78 rsh.o
 .rodata._ZL20rsh_01_init_evt_hook
                0x000071e4       0x14 rsh.o
 .rodata._ZL19rsh_01_init_evt_evt
                0x000071f8       0x80 rsh.o
 .rodata._ZL20rsh_00_init_evt_hook
                0x00007278       0x14 rsh.o
 .rodata._ZL19rsh_00_init_evt_evt
                0x0000728c       0xb8 rsh.o
 .rodata._ZL20rsh_04_init_evt_hook
                0x00007344       0x14 rsh.o
 .rodata._ZL19rsh_04_init_evt_evt
                0x00007358       0xa4 rsh.o
 .rodata._ZL26rsh_03_init_evt_music_hook
                0x000073fc       0x10 rsh.o
 .rodata._ZL21rsh_03_init_evt_music
                0x0000740c      0x1f8 rsh.o
 .rodata._ZL26rsh_02_init_evt_music_hook
                0x00007604       0x10 rsh.o
 .rodata._ZL21rsh_02_init_evt_music
                0x00007614      0x270 rsh.o
 .rodata._ZL26rsh_01_init_evt_music_hook
                0x00007884       0x10 rsh.o
 .rodata._ZL21rsh_01_init_evt_music
                0x00007894      0x1f8 rsh.o
 .rodata._ZL26rsh_00_init_evt_music_hook
                0x00007a8c       0x10 rsh.o
 .rodata._ZL21rsh_00_init_evt_music
                0x00007a9c      0x1f8 rsh.o
 .rodata._ZL26rsh_04_init_evt_music_hook
                0x00007c94       0x10 rsh.o
 .rodata._ZL21rsh_04_init_evt_music
                0x00007ca4      0x1f8 rsh.o
 .rodata._ZL20rsh_06_init_evt_hook
                0x00007e9c       0x10 rsh.o
 .rodata._ZL19rsh_06_init_evt_evt
                0x00007eac      0x178 rsh.o
 .rodata._ZL21tik_05_init_evt_hook2
                0x00008024       0x14 tik.o
 .rodata.str1.4
                0x00008038      0x227 tik.o
 *fill*         0x0000825f        0x1 
 .rodata._ZL20tik_05_init_evt_evt2
                0x00008260       0xd4 tik.o
 .rodata._ZL24tik_kurihakase_init_hook
                0x00008334       0x10 tik.o
 .rodata._ZL23tik_kurihakase_init_evt
                0x00008344       0x7c tik.o
 .rodata._ZL18master_2_talk_hook
                0x000083c0       0x10 tik.o
 .rodata._ZL17master_2_talk_evt
                0x000083d0      0x180 tik.o
 .rodata._ZL17borodo4_talk_hook
                0x00008550       0x10 tik.o
 .rodata._ZL16borodo4_talk_evt
                0x00008560      0x180 tik.o
 .rodata._ZL17borodo3_talk_hook
                0x000086e0       0x10 tik.o
 .rodata._ZL16borodo3_talk_evt
                0x000086f0      0x180 tik.o
 .rodata._ZL17chusan4_talk_hook
                0x00008870       0x10 tik.o
 .rodata._ZL16chusan4_talk_evt
                0x00008880      0x180 tik.o
 .rodata._ZL17kuribo5_talk_hook
                0x00008a00       0x10 tik.o
 .rodata._ZL16kuribo5_talk_evt
                0x00008a10      0x180 tik.o
 .rodata._ZL16talk_sakaba_hook
                0x00008b90       0x10 tou.o
 .rodata.str1.4
                0x00008ba0       0x28 tou.o
 .rodata._ZL15talk_sakaba_evt
                0x00008bc8       0x84 tou.o
 .rodata._ZL20shop_woman_talk_hook
                0x00008c4c       0x10 usu.o
 .rodata.str1.4
                0x00008c5c      0x400 usu.o
 .rodata._ZL19shop_woman_talk_evt
                0x0000905c       0x78 usu.o
 .rodata._ZL18shop_man_talk_hook
                0x000090d4       0x10 usu.o
 .rodata._ZL17shop_man_talk_evt
                0x000090e4       0x78 usu.o
 .rodata._ZL19villagerJ_talk_hook
                0x0000915c       0x10 usu.o
 .rodata._ZL18villagerJ_talk_evt
                0x0000916c      0x104 usu.o
 .rodata._ZL19villagerI_talk_hook
                0x00009270       0x10 usu.o
 .rodata._ZL18villagerI_talk_evt
                0x00009280      0x104 usu.o
 .rodata._ZL19villagerH_talk_hook
                0x00009384       0x10 usu.o
 .rodata._ZL18villagerH_talk_evt
                0x00009394       0xd0 usu.o
 .rodata._ZL19villagerG_talk_hook
                0x00009464       0x10 usu.o
 .rodata._ZL18villagerG_talk_evt
                0x00009474       0xf0 usu.o
 .rodata._ZL19villagerF_talk_hook
                0x00009564       0x10 usu.o
 .rodata._ZL18villagerF_talk_evt
                0x00009574       0xf0 usu.o
 .rodata._ZL19villagerK_talk_hook
                0x00009664       0x10 usu.o
 .rodata._ZL18villagerK_talk_evt
                0x00009674      0x130 usu.o
 .rodata._ZL19villagerE_talk_hook
                0x000097a4       0x10 usu.o
 .rodata._ZL18villagerE_talk_evt
                0x000097b4      0x130 usu.o
 .rodata._ZL19villagerD_talk_hook
                0x000098e4       0x10 usu.o
 .rodata._ZL18villagerD_talk_evt
                0x000098f4      0x194 usu.o
 .rodata._ZL19villagerC_talk_hook
                0x00009a88       0x10 usu.o
 .rodata._ZL18villagerC_talk_evt
                0x00009a98       0xfc usu.o
 .rodata._ZL19villagerB_talk_hook
                0x00009b94       0x10 usu.o
 .rodata._ZL18villagerB_talk_evt
                0x00009ba4       0xfc usu.o
 .rodata._ZL19villagerA_talk_hook
                0x00009ca0       0x10 usu.o
 .rodata._ZL18villagerA_talk_evt
                0x00009cb0      0x130 usu.o
 .rodata._ZL19villagerA_init_hook
                0x00009de0       0x10 usu.o
 .rodata._ZL18villagerA_init_evt
                0x00009df0       0x6c usu.o
 .rodata._ZL12usuVillagerA
                0x00009e5c        0x7 usu.o
 *fill*         0x00009e63        0x1 
 .rodata.str1.4
                0x00009e64        0x3 win.o
 *fill*         0x00009e67        0x1 
 .rodata._ZL16majorin_init_evt
                0x00009e68       0x30 win.o
 .rodata._ZL16maririn_init_evt
                0x00009e98       0x30 win.o
 .rodata._ZL15vivian_init_evt
                0x00009ec8       0x30 win.o
 *(.gnu.linkonce.r.*)

.rodata1
 *(.rodata1)

.sdata2         0x00009ef8        0x0
                [!provide]                        PROVIDE (_SDA2_BASE_ = .)
 *(.sdata2)
 *(.sdata2.*)
 *(.gnu.linkonce.s2.*)

.sbss2
 *(.sbss2)
 *(.sbss2.*)
 *(.gnu.linkonce.sb2.*)
                0x00009ef8                        . = ALIGN (0x4)
                [!provide]                        PROVIDE (__preinit_array_start = .)

.preinit_array
 *(.preinit_array)
                [!provide]                        PROVIDE (__preinit_array_end = .)
                [!provide]                        PROVIDE (__init_array_start = .)

.init_array
 *(.init_array)
                [!provide]                        PROVIDE (__init_array_end = .)
                [!provide]                        PROVIDE (__fini_array_start = .)

.fini_array
 *(.fini_array)
                [!provide]                        PROVIDE (__fini_array_end = .)

.data           0x00009ef8      0x388
 *(.data)
 *(.data.*)
 .data.GSWF_ARR_SIZE
                0x00009ef8        0x2 OWR.o
                0x00009ef8                GSWF_ARR_SIZE
 *fill*         0x00009efa        0x2 
 .data.GSWF_ARR
                0x00009efc       0x14 OWR.o
                0x00009efc                GSWF_ARR
 .data._ZN3mod6common12kItemDataArrE
                0x00009f10        0x4 common.o
                0x00009f10                _ZN3mod6common12kItemDataArrE
 .data._ZL16gor_00_init_evt2
                0x00009f14      0x2a8 gor_00.o
 .data._ZL14elder_talk_evt
                0x0000a1bc       0xb8 mri.o
 *(.gnu.linkonce.d.*)
                0x0000a280                        . = ALIGN (0x20)
 *fill*         0x0000a274        0xc 

.data1
 *(.data1)

.tdata
 *(.tdata .tdata.* .gnu.linkonce.td.*)

.tbss
 *(.tbss .tbss.* .gnu.linkonce.tb.*)
 *(.tcommon)

.eh_frame       0x0000a280     0x13fc
 *(.eh_frame)
 .eh_frame      0x0000a280      0x138 OWR.o
                                0x1c0 (size before relaxing)
 .eh_frame      0x0000a3b8        0x0 common.o
                                 0xc8 (size before relaxing)
 .eh_frame      0x0000a3b8       0x70 con_mario.o
 .eh_frame      0x0000a428       0x84 con_perf.o
 .eh_frame      0x0000a4ac       0xac con_seq.o
 .eh_frame      0x0000a558      0x454 console.o
                                0x4e8 (size before relaxing)
 .eh_frame      0x0000a9ac       0x3c cxx.o
                                 0x64 (size before relaxing)
 .eh_frame      0x0000a9e8       0x84 keyboard.o
                                0x110 (size before relaxing)
 .eh_frame      0x0000aa6c       0xb8 mod.o
                                0x120 (size before relaxing)
 .eh_frame      0x0000ab24       0x90 patch.o
                                0x1cc (size before relaxing)
 .eh_frame      0x0000abb4       0x90 rel.o
 .eh_frame      0x0000ac44       0xbc ug.o
 .eh_frame      0x0000ad00       0x3c util.o
 .eh_frame      0x0000ad3c       0x28 aaa.o
 .eh_frame      0x0000ad64       0x78 aji.o
 .eh_frame      0x0000addc       0x40 bom.o
 .eh_frame      0x0000ae1c       0x40 dou.o
 .eh_frame      0x0000ae5c       0x3c eki.o
 .eh_frame      0x0000ae98       0x28 end.o
 .eh_frame      0x0000aec0       0x3c gon.o
 .eh_frame      0x0000aefc       0x7c gor_00.o
 .eh_frame      0x0000af78       0x54 gor_01.o
 .eh_frame      0x0000afcc       0x64 gor_02.o
 .eh_frame      0x0000b030       0x64 gor_03.o
 .eh_frame      0x0000b094       0x38 gor_04.o
 .eh_frame      0x0000b0cc       0x34 gor_misc.o
 .eh_frame      0x0000b100       0x48 gra.o
 .eh_frame      0x0000b148       0x3c hei.o
 .eh_frame      0x0000b184       0x38 hom.o
 .eh_frame      0x0000b1bc       0x40 jin.o
 .eh_frame      0x0000b1fc       0x30 kpa.o
 .eh_frame      0x0000b22c        0x0 las.o
                                 0x40 (size before relaxing)
 .eh_frame      0x0000b22c        0x0 main.o
                                 0x74 (size before relaxing)
 .eh_frame      0x0000b22c        0x0 moo.o
                                 0x30 (size before relaxing)
 .eh_frame      0x0000b22c       0x74 mri.o
 .eh_frame      0x0000b2a0       0x74 muj.o
 .eh_frame      0x0000b314       0x4c nok.o
 .eh_frame      0x0000b360       0x60 pik.o
 .eh_frame      0x0000b3c0       0x78 rsh.o
 .eh_frame      0x0000b438       0xa4 tik.o
 .eh_frame      0x0000b4dc       0x68 tou.o
 .eh_frame      0x0000b544       0x40 tou2.o
 .eh_frame      0x0000b584       0x78 usu.o
 .eh_frame      0x0000b5fc       0x44 win.o
 .eh_frame      0x0000b640       0x3c C:/devkitPro/devkitPPC/bin/../lib/gcc/powerpc-eabi/13.1.0\libgcc.a(_divdi3.o)

.gcc_except_table
 *(.gcc_except_table)

.fixup
 *(.fixup)

.got1
 *(.got1)

.got2
 *(.got2)

.dynamic
 *(.dynamic)

.ctors          0x0000b67c       0x24
 *crtbegin.o(.ctors)
 *(EXCLUDE_FILE(*crtend.o) .ctors)
 .ctors         0x0000b67c        0x4 OWR.o
 .ctors         0x0000b680        0x4 con_mario.o
 .ctors         0x0000b684        0x4 con_perf.o
 .ctors         0x0000b688        0x4 con_seq.o
 .ctors         0x0000b68c        0x4 console.o
 .ctors         0x0000b690        0x4 gor_00.o
 .ctors         0x0000b694        0x4 mri.o
 *(SORT_BY_NAME(.ctors.*))
 *(.ctors)
                0x0000b6a0                        . = ALIGN (0x20)
 *fill*         0x0000b698        0x8 

.dtors          0x0000b6a0        0x0
 *crtbegin.o(.dtors)
 *(EXCLUDE_FILE(*crtend.o) .dtors)
 *(SORT_BY_NAME(.dtors.*))
 *(.dtors)
                0x0000b6a0                        . = ALIGN (0x20)

.jcr
 *(.jcr)

.got
 *(.got.plt)
 *(.got)

.sdata          0x0000b6a0        0x0
                [!provide]                        PROVIDE (_SDA_BASE_ = .)
 *(.sdata)
 *(.sdata.*)
 *(.gnu.linkonce.s.*)
                0x0000b6a0                        . = ALIGN (0x20)
                0x0000b6a0                        _edata = .
                [!provide]                        PROVIDE (edata = .)

.sbss           0x0000b6a0        0x0
                0x0000b6a0                        __sbss_start = .
                [!provide]                        PROVIDE (__sbss_start = .)
                [!provide]                        PROVIDE (___sbss_start = .)
 *(.dynsbss)
 *(.sbss)
 *(.sbss.*)
 *(.gnu.linkonce.sb.*)
 *(.scommon)
                [!provide]                        PROVIDE (__sbss_end = .)
                [!provide]                        PROVIDE (___sbss_end = .)
                0x0000b6a0                        . = ALIGN (0x20)
                0x0000b6a0                        __sbss_end = .

.bss            0x0000b6a0      0x140
                0x0000b6a0                        __bss_start = .
                [!provide]                        PROVIDE (__bss_start = .)
 *(.dynbss)
 *(.bss)
 *(.bss.*)
 .bss._ZN3mod3owr25g_stg0_00_init_trampolineE
                0x0000b6a0        0x4 OWR.o
                0x0000b6a0                _ZN3mod3owr25g_stg0_00_init_trampolineE
 .bss._ZN3mod3owr19g_OSLink_trampolineE
                0x0000b6a4        0x4 OWR.o
                0x0000b6a4                _ZN3mod3owr19g_OSLink_trampolineE
 .bss._ZN3mod3owr5gSelfE
                0x0000b6a8        0x4 OWR.o
                0x0000b6a8                _ZN3mod3owr5gSelfE
 .bss._ZN3mod3owr7item_dbE
                0x0000b6ac        0x4 OWR.o
                0x0000b6ac                _ZN3mod3owr7item_dbE
 .bss._ZN3modL12mod_if_obj22E
                0x0000b6b0        0x8 con_mario.o
 .bss._ZN3mod14mario_show_posE
                0x0000b6b8       0x10 con_mario.o
                0x0000b6b8                _ZN3mod14mario_show_posE
 .bss._ZN3mod13mario_set_posE
                0x0000b6c8        0xc con_mario.o
                0x0000b6c8                _ZN3mod13mario_set_posE
 .bss._ZN3modL12mod_if_obj46E
                0x0000b6d4        0x8 con_perf.o
 .bss._ZN3mod14mem_debug_heapE
                0x0000b6dc       0x10 con_perf.o
                0x0000b6dc                _ZN3mod14mem_debug_heapE
 .bss._ZN3mod15perf_fake_spikeE
                0x0000b6ec        0xc con_perf.o
                0x0000b6ec                _ZN3mod15perf_fake_spikeE
 .bss._ZN3mod14seq_change_mapE
                0x0000b6f8        0xc con_seq.o
                0x0000b6f8                _ZN3mod14seq_change_mapE
 .bss._ZN3modL12mod_if_obj16E
                0x0000b704        0x8 con_seq.o
 .bss._ZN3mod24gTrampoline_seq_logoMainE
                0x0000b70c        0x4 con_seq.o
                0x0000b70c                _ZN3mod24gTrampoline_seq_logoMainE
 .bss._ZN3mod13seq_logo_skipE
                0x0000b710       0x10 con_seq.o
                0x0000b710                _ZN3mod13seq_logo_skipE
 .bss._ZN3mod4findE
                0x0000b720        0xc console.o
                0x0000b720                _ZN3mod4findE
 .bss._ZN3mod11con_ug_chanE
                0x0000b72c       0x10 console.o
                0x0000b72c                _ZN3mod11con_ug_chanE
 .bss._ZN3mod11con_ug_modeE
                0x0000b73c       0x10 console.o
                0x0000b73c                _ZN3mod11con_ug_modeE
 .bss._ZN3mod21con_log_fade_durationE
                0x0000b74c       0x10 console.o
                0x0000b74c                _ZN3mod21con_log_fade_durationE
 .bss._ZN3mod18con_log_fade_startE
                0x0000b75c       0x10 console.o
                0x0000b75c                _ZN3mod18con_log_fade_startE
 .bss._ZN3mod12con_log_fadeE
                0x0000b76c       0x10 console.o
                0x0000b76c                _ZN3mod12con_log_fadeE
 .bss._ZN3mod13con_log_levelE
                0x0000b77c       0x10 console.o
                0x0000b77c                _ZN3mod13con_log_levelE
 .bss._ZN3mod11con_rainbowE
                0x0000b78c       0x10 console.o
                0x0000b78c                _ZN3mod11con_rainbowE
 .bss._ZN3mod8con_monoE
                0x0000b79c       0x10 console.o
                0x0000b79c                _ZN3mod8con_monoE
 .bss._ZN3mod8con_showE
                0x0000b7ac       0x10 console.o
                0x0000b7ac                _ZN3mod8con_showE
 .bss._ZN3mod8gConsoleE
                0x0000b7bc        0x4 console.o
                0x0000b7bc                _ZN3mod8gConsoleE
 .bss._ZN3mod9ConIntVar6sFirstE
                0x0000b7c0        0x4 console.o
                0x0000b7c0                _ZN3mod9ConIntVar6sFirstE
 .bss._ZN3mod10ConCommand6sFirstE
                0x0000b7c4        0x4 console.o
                0x0000b7c4                _ZN3mod10ConCommand6sFirstE
 .bss._ZN3mod4gModE
                0x0000b7c8        0x4 mod.o
                0x0000b7c8                _ZN3mod4gModE
 .bss._ZN17ModUpdateFunction6sFirstE
                0x0000b7cc        0x4 mod.o
                0x0000b7cc                _ZN17ModUpdateFunction6sFirstE
 .bss._ZN15ModInitFunction6sFirstE
                0x0000b7d0        0x4 mod.o
                0x0000b7d0                _ZN15ModInitFunction6sFirstE
 *(.gnu.linkonce.b.*)
 *(COMMON)
                0x0000b7e0                        . = ALIGN (0x20)
 *fill*         0x0000b7d4        0xc 
                [!provide]                        PROVIDE (__bss_end = .)
                0x0000b7e0                        __bss_end = .
                0x0000b7e0                        _end = .
                [!provide]                        PROVIDE (end = .)

.bss._ZZNK3mod14seq_change_mapMUlPKcE_clES2_E8beroName
                0x00000000       0x20
 .bss._ZZNK3mod14seq_change_mapMUlPKcE_clES2_E8beroName
                0x00000000       0x20 con_seq.o
                0x00000000                _ZZNK3mod14seq_change_mapMUlPKcE_clES1_E8beroName
                0x00000000                _ZZNK3mod14seq_change_mapMUlPKcE_clES2_E8beroName

.bss._ZZNK3mod14seq_change_mapMUlPKcE_clES2_E7mapName
                0x00000000       0x20
 .bss._ZZNK3mod14seq_change_mapMUlPKcE_clES2_E7mapName
                0x00000000       0x20 con_seq.o
                0x00000000                _ZZNK3mod14seq_change_mapMUlPKcE_clES2_E7mapName
                0x00000000                _ZZNK3mod14seq_change_mapMUlPKcE_clES1_E7mapName

.stab
 *(.stab)

.stabstr
 *(.stabstr)

.stab.excl
 *(.stab.excl)

.stab.exclstr
 *(.stab.exclstr)

.stab.index
 *(.stab.index)

.stab.indexstr
 *(.stab.indexstr)

.comment        0x00000000      0x654
 *(.comment)
 .comment       0x00000000       0x24 OWR.o
 .comment       0x00000024       0x24 common.o
 .comment       0x00000048       0x24 con_mario.o
 .comment       0x0000006c       0x24 con_perf.o
 .comment       0x00000090       0x24 con_seq.o
 .comment       0x000000b4       0x24 console.o
 .comment       0x000000d8       0x24 cxx.o
 .comment       0x000000fc       0x24 keyboard.o
 .comment       0x00000120       0x24 mod.o
 .comment       0x00000144       0x24 patch.o
 .comment       0x00000168       0x24 rel.o
 .comment       0x0000018c       0x24 ug.o
 .comment       0x000001b0       0x24 util.o
 .comment       0x000001d4       0x24 aaa.o
 .comment       0x000001f8       0x24 aji.o
 .comment       0x0000021c       0x24 bom.o
 .comment       0x00000240       0x24 dou.o
 .comment       0x00000264       0x24 eki.o
 .comment       0x00000288       0x24 end.o
 .comment       0x000002ac       0x24 gon.o
 .comment       0x000002d0       0x24 gor_00.o
 .comment       0x000002f4       0x24 gor_01.o
 .comment       0x00000318       0x24 gor_02.o
 .comment       0x0000033c       0x24 gor_03.o
 .comment       0x00000360       0x24 gor_04.o
 .comment       0x00000384       0x24 gor_misc.o
 .comment       0x000003a8       0x24 gra.o
 .comment       0x000003cc       0x24 hei.o
 .comment       0x000003f0       0x24 hom.o
 .comment       0x00000414       0x24 jin.o
 .comment       0x00000438       0x24 kpa.o
 .comment       0x0000045c       0x24 las.o
 .comment       0x00000480       0x24 main.o
 .comment       0x000004a4       0x24 moo.o
 .comment       0x000004c8       0x24 mri.o
 .comment       0x000004ec       0x24 muj.o
 .comment       0x00000510       0x24 nok.o
 .comment       0x00000534       0x24 pik.o
 .comment       0x00000558       0x24 rsh.o
 .comment       0x0000057c       0x24 tik.o
 .comment       0x000005a0       0x24 tou.o
 .comment       0x000005c4       0x24 tou2.o
 .comment       0x000005e8       0x24 usu.o
 .comment       0x0000060c       0x24 win.o
 .comment       0x00000630       0x24 C:/devkitPro/devkitPPC/bin/../lib/gcc/powerpc-eabi/13.1.0\libgcc.a(_divdi3.o)

.gnu.attributes
                0x00000000       0x10
 .gnu.attributes
                0x00000000       0x10 OWR.o
 .gnu.attributes
                0x00000010       0x10 common.o
 .gnu.attributes
                0x00000020       0x10 con_mario.o
 .gnu.attributes
                0x00000030       0x10 con_perf.o
 .gnu.attributes
                0x00000040       0x10 console.o
 .gnu.attributes
                0x00000050       0x10 mod.o

.group          0x00000000        0xc
 .group         0x00000000        0xc con_mario.o

.group          0x00000000        0xc
 .group         0x00000000        0xc con_perf.o

.group          0x00000000        0xc
 .group         0x00000000        0xc con_seq.o

.group          0x00000000        0x8
 .group         0x00000000        0x8 con_seq.o

.group          0x00000000        0x8
 .group         0x00000000        0x8 con_seq.o

.group          0x00000000        0xc
 .group         0x00000000        0xc console.o

.debug
 *(.debug)

.line
 *(.line)

.debug_srcinfo
 *(.debug_srcinfo)

.debug_sfnames
 *(.debug_sfnames)

.debug_aranges  0x00000000      0x7f0
 *(.debug_aranges)
 .debug_aranges
                0x00000000       0x80 OWR.o
 .debug_aranges
                0x00000080       0x60 common.o
 .debug_aranges
                0x000000e0       0x30 con_mario.o
 .debug_aranges
                0x00000110       0x30 con_perf.o
 .debug_aranges
                0x00000140       0x38 con_seq.o
 .debug_aranges
                0x00000178       0xb0 console.o
 .debug_aranges
                0x00000228       0x38 cxx.o
 .debug_aranges
                0x00000260       0x40 keyboard.o
 .debug_aranges
                0x000002a0       0x58 mod.o
 .debug_aranges
                0x000002f8       0x78 patch.o
 .debug_aranges
                0x00000370       0x30 rel.o
 .debug_aranges
                0x000003a0       0x30 ug.o
 .debug_aranges
                0x000003d0       0x20 util.o
 .debug_aranges
                0x000003f0       0x20 aaa.o
 .debug_aranges
                0x00000410       0x20 aji.o
 .debug_aranges
                0x00000430       0x20 bom.o
 .debug_aranges
                0x00000450       0x20 dou.o
 .debug_aranges
                0x00000470       0x20 eki.o
 .debug_aranges
                0x00000490       0x20 end.o
 .debug_aranges
                0x000004b0       0x20 gon.o
 .debug_aranges
                0x000004d0       0x28 gor_00.o
 .debug_aranges
                0x000004f8       0x20 gor_01.o
 .debug_aranges
                0x00000518       0x20 gor_02.o
 .debug_aranges
                0x00000538       0x20 gor_03.o
 .debug_aranges
                0x00000558       0x20 gor_04.o
 .debug_aranges
                0x00000578       0x20 gor_misc.o
 .debug_aranges
                0x00000598       0x20 gra.o
 .debug_aranges
                0x000005b8       0x20 hei.o
 .debug_aranges
                0x000005d8       0x20 hom.o
 .debug_aranges
                0x000005f8       0x20 jin.o
 .debug_aranges
                0x00000618       0x20 kpa.o
 .debug_aranges
                0x00000638       0x20 las.o
 .debug_aranges
                0x00000658       0x28 main.o
 .debug_aranges
                0x00000680       0x20 moo.o
 .debug_aranges
                0x000006a0       0x28 mri.o
 .debug_aranges
                0x000006c8       0x20 muj.o
 .debug_aranges
                0x000006e8       0x20 nok.o
 .debug_aranges
                0x00000708       0x20 pik.o
 .debug_aranges
                0x00000728       0x20 rsh.o
 .debug_aranges
                0x00000748       0x28 tik.o
 .debug_aranges
                0x00000770       0x20 tou.o
 .debug_aranges
                0x00000790       0x20 tou2.o
 .debug_aranges
                0x000007b0       0x20 usu.o
 .debug_aranges
                0x000007d0       0x20 win.o

.debug_pubnames
 *(.debug_pubnames)

.debug_info     0x00000000    0x41320
 *(.debug_info)
 .debug_info    0x00000000     0x3988 OWR.o
 .debug_info    0x00003988      0xf16 common.o
 .debug_info    0x0000489e     0x2574 con_mario.o
 .debug_info    0x00006e12     0x20ea con_perf.o
 .debug_info    0x00008efc     0x21f6 con_seq.o
 .debug_info    0x0000b0f2     0x3e13 console.o
 .debug_info    0x0000ef05      0x394 cxx.o
 .debug_info    0x0000f299      0xfaf keyboard.o
 .debug_info    0x00010248     0x33f4 mod.o
 .debug_info    0x0001363c     0x15c5 patch.o
 .debug_info    0x00014c01       0xf3 rel.o
 .debug_info    0x00014cf4      0x8d5 ug.o
 .debug_info    0x000155c9      0x693 util.o
 .debug_info    0x00015c5c     0x1120 aaa.o
 .debug_info    0x00016d7c     0x1cad aji.o
 .debug_info    0x00018a29     0x121a bom.o
 .debug_info    0x00019c43     0x1224 dou.o
 .debug_info    0x0001ae67     0x11d4 eki.o
 .debug_info    0x0001c03b     0x1110 end.o
 .debug_info    0x0001d14b     0x1238 gon.o
 .debug_info    0x0001e383     0x20d2 gor_00.o
 .debug_info    0x00020455     0x18f6 gor_01.o
 .debug_info    0x00021d4b     0x1968 gor_02.o
 .debug_info    0x000236b3     0x176a gor_03.o
 .debug_info    0x00024e1d     0x1166 gor_04.o
 .debug_info    0x00025f83     0x1120 gor_misc.o
 .debug_info    0x000270a3     0x15fe gra.o
 .debug_info    0x000286a1     0x11d4 hei.o
 .debug_info    0x00029875     0x1170 hom.o
 .debug_info    0x0002a9e5     0x122e jin.o
 .debug_info    0x0002bc13     0x115c kpa.o
 .debug_info    0x0002cd6f     0x12d8 las.o
 .debug_info    0x0002e047      0x693 main.o
 .debug_info    0x0002e6da     0x1624 moo.o
 .debug_info    0x0002fcfe     0x1f2a mri.o
 .debug_info    0x00031c28     0x1de1 muj.o
 .debug_info    0x00033a09     0x1b05 nok.o
 .debug_info    0x0003550e     0x198b pik.o
 .debug_info    0x00036e99     0x1f21 rsh.o
 .debug_info    0x00038dba     0x2568 tik.o
 .debug_info    0x0003b322     0x1b0d tou.o
 .debug_info    0x0003ce2f     0x11e8 tou2.o
 .debug_info    0x0003e017     0x1c8a usu.o
 .debug_info    0x0003fca1     0x167f win.o

.debug_abbrev   0x00000000     0x75f3
 *(.debug_abbrev)
 .debug_abbrev  0x00000000      0x82d OWR.o
 .debug_abbrev  0x0000082d      0x21a common.o
 .debug_abbrev  0x00000a47      0x600 con_mario.o
 .debug_abbrev  0x00001047      0x620 con_perf.o
 .debug_abbrev  0x00001667      0x668 con_seq.o
 .debug_abbrev  0x00001ccf      0x991 console.o
 .debug_abbrev  0x00002660      0x170 cxx.o
 .debug_abbrev  0x000027d0      0x36e keyboard.o
 .debug_abbrev  0x00002b3e      0x7a7 mod.o
 .debug_abbrev  0x000032e5      0x2bd patch.o
 .debug_abbrev  0x000035a2       0xeb rel.o
 .debug_abbrev  0x0000368d      0x230 ug.o
 .debug_abbrev  0x000038bd      0x12d util.o
 .debug_abbrev  0x000039ea      0x183 aaa.o
 .debug_abbrev  0x00003b6d      0x24a aji.o
 .debug_abbrev  0x00003db7      0x183 bom.o
 .debug_abbrev  0x00003f3a      0x183 dou.o
 .debug_abbrev  0x000040bd      0x183 eki.o
 .debug_abbrev  0x00004240      0x180 end.o
 .debug_abbrev  0x000043c0      0x183 gon.o
 .debug_abbrev  0x00004543      0x27e gor_00.o
 .debug_abbrev  0x000047c1      0x250 gor_01.o
 .debug_abbrev  0x00004a11      0x237 gor_02.o
 .debug_abbrev  0x00004c48      0x20e gor_03.o
 .debug_abbrev  0x00004e56      0x183 gor_04.o
 .debug_abbrev  0x00004fd9      0x183 gor_misc.o
 .debug_abbrev  0x0000515c      0x202 gra.o
 .debug_abbrev  0x0000535e      0x183 hei.o
 .debug_abbrev  0x000054e1      0x183 hom.o
 .debug_abbrev  0x00005664      0x183 jin.o
 .debug_abbrev  0x000057e7      0x183 kpa.o
 .debug_abbrev  0x0000596a      0x183 las.o
 .debug_abbrev  0x00005aed      0x13f main.o
 .debug_abbrev  0x00005c2c      0x21d moo.o
 .debug_abbrev  0x00005e49      0x27b mri.o
 .debug_abbrev  0x000060c4      0x23f muj.o
 .debug_abbrev  0x00006303      0x238 nok.o
 .debug_abbrev  0x0000653b      0x23a pik.o
 .debug_abbrev  0x00006775      0x237 rsh.o
 .debug_abbrev  0x000069ac      0x47c tik.o
 .debug_abbrev  0x00006e28      0x203 tou.o
 .debug_abbrev  0x0000702b      0x183 tou2.o
 .debug_abbrev  0x000071ae      0x237 usu.o
 .debug_abbrev  0x000073e5      0x20e win.o

.debug_line     0x00000000    0x1808d
 *(.debug_line)
 .debug_line    0x00000000      0xb5c OWR.o
 .debug_line    0x00000b5c      0x39d common.o
 .debug_line    0x00000ef9      0x4e0 con_mario.o
 .debug_line    0x000013d9      0x5f6 con_perf.o
 .debug_line    0x000019cf      0x5b0 con_seq.o
 .debug_line    0x00001f7f     0x1f5f console.o
 .debug_line    0x00003ede      0x1c9 cxx.o
 .debug_line    0x000040a7      0xcb4 keyboard.o
 .debug_line    0x00004d5b      0x79d mod.o
 .debug_line    0x000054f8      0x80c patch.o
 .debug_line    0x00005d04      0x226 rel.o
 .debug_line    0x00005f2a      0x4ad ug.o
 .debug_line    0x000063d7      0x2cc util.o
 .debug_line    0x000066a3      0x33c aaa.o
 .debug_line    0x000069df      0xebb aji.o
 .debug_line    0x0000789a      0x789 bom.o
 .debug_line    0x00008023      0x76c dou.o
 .debug_line    0x0000878f      0x679 eki.o
 .debug_line    0x00008e08      0x315 end.o
 .debug_line    0x0000911d      0x730 gon.o
 .debug_line    0x0000984d      0x934 gor_00.o
 .debug_line    0x0000a181      0x71b gor_01.o
 .debug_line    0x0000a89c      0x833 gor_02.o
 .debug_line    0x0000b0cf      0x8d4 gor_03.o
 .debug_line    0x0000b9a3      0x4fe gor_04.o
 .debug_line    0x0000bea1      0x3c5 gor_misc.o
 .debug_line    0x0000c266      0x571 gra.o
 .debug_line    0x0000c7d7      0x5c4 hei.o
 .debug_line    0x0000cd9b      0x461 hom.o
 .debug_line    0x0000d1fc      0x6d8 jin.o
 .debug_line    0x0000d8d4      0x3b0 kpa.o
 .debug_line    0x0000dc84      0x95f las.o
 .debug_line    0x0000e5e3      0x990 main.o
 .debug_line    0x0000ef73      0x3d0 moo.o
 .debug_line    0x0000f343     0x13e7 mri.o
 .debug_line    0x0001072a      0xfc4 muj.o
 .debug_line    0x000116ee      0x631 nok.o
 .debug_line    0x00011d1f      0x9b2 pik.o
 .debug_line    0x000126d1     0x1925 rsh.o
 .debug_line    0x00013ff6      0xadf tik.o
 .debug_line    0x00014ad5     0x19fe tou.o
 .debug_line    0x000164d3      0x795 tou2.o
 .debug_line    0x00016c68      0xe02 usu.o
 .debug_line    0x00017a6a      0x623 win.o

.debug_frame
 *(.debug_frame)

.debug_str      0x00000000    0x52aa2
 *(.debug_str)
 .debug_str     0x00000000     0x30c6 OWR.o
 .debug_str     0x000030c6     0x13e4 common.o
 .debug_str     0x000044aa     0x1a59 con_mario.o
 .debug_str     0x00005f03     0x160e con_perf.o
 .debug_str     0x00007511     0x17a6 con_seq.o
 .debug_str     0x00008cb7     0x19f9 console.o
 .debug_str     0x0000a6b0      0x34e cxx.o
 .debug_str     0x0000a9fe      0x955 keyboard.o
 .debug_str     0x0000b353     0x2d81 mod.o
 .debug_str     0x0000e0d4      0x6eb patch.o
 .debug_str     0x0000e7bf      0x191 rel.o
 .debug_str     0x0000e950      0x39b ug.o
 .debug_str     0x0000eceb      0x3eb util.o
 .debug_str     0x0000f0d6     0x1e72 aaa.o
 .debug_str     0x00010f48     0x289a aji.o
 .debug_str     0x000137e2     0x2035 bom.o
 .debug_str     0x00015817     0x203f dou.o
 .debug_str     0x00017856     0x1f67 eki.o
 .debug_str     0x000197bd     0x1e6c end.o
 .debug_str     0x0001b629     0x2018 gon.o
 .debug_str     0x0001d641     0x2a14 gor_00.o
 .debug_str     0x00020055     0x2436 gor_01.o
 .debug_str     0x0002248b     0x256f gor_02.o
 .debug_str     0x000249fa     0x2445 gor_03.o
 .debug_str     0x00026e3f     0x1eeb gor_04.o
 .debug_str     0x00028d2a     0x1e84 gor_misc.o
 .debug_str     0x0002abae     0x22b4 gra.o
 .debug_str     0x0002ce62     0x1f6c hei.o
 .debug_str     0x0002edce     0x1f07 hom.o
 .debug_str     0x00030cd5     0x2016 jin.o
 .debug_str     0x00032ceb     0x1ec2 kpa.o
 .debug_str     0x00034bad     0x210d las.o
 .debug_str     0x00036cba      0x7e3 main.o
 .debug_str     0x0003749d     0x2276 moo.o
 .debug_str     0x00039713     0x2bac mri.o
 .debug_str     0x0003c2bf     0x2a80 muj.o
 .debug_str     0x0003ed3f     0x25d2 nok.o
 .debug_str     0x00041311     0x254c pik.o
 .debug_str     0x0004385d     0x2b06 rsh.o
 .debug_str     0x00046363     0x3283 tik.o
 .debug_str     0x000495e6     0x294e tou.o
 .debug_str     0x0004bf34     0x1f8a tou2.o
 .debug_str     0x0004debe     0x28cb usu.o
 .debug_str     0x00050789     0x2319 win.o

.debug_loc
 *(.debug_loc)

.debug_macinfo
 *(.debug_macinfo)

.debug_weaknames
 *(.debug_weaknames)

.debug_funcnames
 *(.debug_funcnames)

.debug_typenames
 *(.debug_typenames)

.debug_varnames
 *(.debug_varnames)
                0x00000000                        __isIPL = 0x0
                0x0002b7e0                        __stack_addr = ((((__bss_start + SIZEOF (.bss)) + 0x20000) + 0x7) & 0xfffffffffffffff8)
                0x0000b7e0                        __stack_end = (__bss_start + SIZEOF (.bss))
                0x0002f7e0                        __intrstack_addr = (__stack_addr + 0x4000)
                0x0002b7e0                        __intrstack_end = __stack_addr
                0x0002f7e0                        __Arena1Lo = ((__intrstack_addr + 0x1f) & 0xffffffffffffffe0)
                0x817feff0                        __Arena1Hi = 0x817feff0
                0x817ff000                        __gxregs = ((__Arena1Hi + 0x1f) & 0xffffffffffffffe0)
                [!provide]                        PROVIDE (__stack = 0x817feff0)
                [!provide]                        PROVIDE (__isIPL = __isIPL)
                [!provide]                        PROVIDE (__stack_addr = __stack_addr)
                [!provide]                        PROVIDE (__stack_end = __stack_end)
                [!provide]                        PROVIDE (__intrstack_addr = __intrstack_addr)
                [!provide]                        PROVIDE (__intrstack_end = __intrstack_end)
                [!provide]                        PROVIDE (__Arena1Lo = __Arena1Lo)
                [!provide]                        PROVIDE (__Arena1Hi = __Arena1Hi)
                [!provide]                        PROVIDE (__gxregs = __gxregs)
LOAD H:/GhidraProjects/TTYDAP/TTYDAP/rel/source/cxx.ld
                0x0000b67c                        _ctors_start = ADDR (.ctors)
                0x0000b6a0                        _ctors_end = (_ctors_start + SIZEOF (.ctors))
                0x0000b6a0                        _dtors_start = ADDR (.dtors)
                0x0000b6a0                        _dtors_end = (_dtors_start + SIZEOF (.dtors))
LOAD OWR.o
LOAD StateManager.o
LOAD common.o
LOAD con_mario.o
LOAD con_perf.o
LOAD con_seq.o
LOAD console.o
LOAD cxx.o
LOAD keyboard.o
LOAD mod.o
LOAD patch.o
LOAD rel.o
LOAD ug.o
LOAD util.o
LOAD aaa.o
LOAD aji.o
LOAD bom.o
LOAD dou.o
LOAD eki.o
LOAD end.o
LOAD gon.o
LOAD gor_00.o
LOAD gor_01.o
LOAD gor_02.o
LOAD gor_03.o
LOAD gor_04.o
LOAD gor_misc.o
LOAD gra.o
LOAD hei.o
LOAD hom.o
LOAD jin.o
LOAD kpa.o
LOAD las.o
LOAD main.o
LOAD moo.o
LOAD mri.o
LOAD muj.o
LOAD nok.o
LOAD pik.o
LOAD rsh.o
LOAD tik.o
LOAD tou.o
LOAD tou2.o
LOAD usu.o
LOAD win.o
LOAD asm_main.o
LOAD patch_ih.o
LOAD C:/devkitPro/devkitPPC/bin/../lib/gcc/powerpc-eabi/13.1.0\libgcc.a
OUTPUT(H:/GhidraProjects/TTYDAP/TTYDAP/rel/rel.jp.elf elf32-powerpc)

.debug_loclists
                0x00000000     0x4a22
 .debug_loclists
                0x00000000      0x7a0 OWR.o
 .debug_loclists
                0x000007a0      0x151 common.o
 .debug_loclists
                0x000008f1       0xa9 con_mario.o
 .debug_loclists
                0x0000099a      0x2eb con_perf.o
 .debug_loclists
                0x00000c85       0xf8 con_seq.o
 .debug_loclists
                0x00000d7d     0x1cd1 console.o
 .debug_loclists
                0x00002a4e       0x54 cxx.o
 .debug_loclists
                0x00002aa2      0x886 keyboard.o
 .debug_loclists
                0x00003328      0x1b8 mod.o
 .debug_loclists
                0x000034e0      0xc5e patch.o
 .debug_loclists
                0x0000413e      0x2cd ug.o
 .debug_loclists
                0x0000440b       0xd6 util.o
 .debug_loclists
                0x000044e1       0x29 aaa.o
 .debug_loclists
                0x0000450a       0x2a aji.o
 .debug_loclists
                0x00004534       0x2a bom.o
 .debug_loclists
                0x0000455e       0x2a dou.o
 .debug_loclists
                0x00004588       0x2a eki.o
 .debug_loclists
                0x000045b2       0x2a gon.o
 .debug_loclists
                0x000045dc       0x2c gor_00.o
 .debug_loclists
                0x00004608       0x2a gor_01.o
 .debug_loclists
                0x00004632       0x2a gor_02.o
 .debug_loclists
                0x0000465c       0x2a gor_03.o
 .debug_loclists
                0x00004686       0x2a gor_04.o
 .debug_loclists
                0x000046b0       0x2a gor_misc.o
 .debug_loclists
                0x000046da       0x2a gra.o
 .debug_loclists
                0x00004704       0x2a hei.o
 .debug_loclists
                0x0000472e       0x2a hom.o
 .debug_loclists
                0x00004758       0x2a jin.o
 .debug_loclists
                0x00004782       0x2a kpa.o
 .debug_loclists
                0x000047ac       0x2a las.o
 .debug_loclists
                0x000047d6       0x2a moo.o
 .debug_loclists
                0x00004800       0x2a mri.o
 .debug_loclists
                0x0000482a       0x2c muj.o
 .debug_loclists
                0x00004856       0x2a nok.o
 .debug_loclists
                0x00004880       0x2c pik.o
 .debug_loclists
                0x000048ac       0x2c rsh.o
 .debug_loclists
                0x000048d8       0xa2 tik.o
 .debug_loclists
                0x0000497a       0x2a tou.o
 .debug_loclists
                0x000049a4       0x2a tou2.o
 .debug_loclists
                0x000049ce       0x2a usu.o
 .debug_loclists
                0x000049f8       0x2a win.o

.debug_rnglists
                0x00000000     0x1401
 .debug_rnglists
                0x00000000       0xd2 OWR.o
 .debug_rnglists
                0x000000d2       0x43 common.o
 .debug_rnglists
                0x00000115       0x95 con_mario.o
 .debug_rnglists
                0x000001aa       0xb4 con_perf.o
 .debug_rnglists
                0x0000025e       0xc4 con_seq.o
 .debug_rnglists
                0x00000322      0x71c console.o
 .debug_rnglists
                0x00000a3e       0x25 cxx.o
 .debug_rnglists
                0x00000a63      0x315 keyboard.o
 .debug_rnglists
                0x00000d78       0xde mod.o
 .debug_rnglists
                0x00000e56      0x23d patch.o
 .debug_rnglists
                0x00001093       0x47 rel.o
 .debug_rnglists
                0x000010da       0x73 ug.o
 .debug_rnglists
                0x0000114d       0x21 util.o
 .debug_rnglists
                0x0000116e       0x13 aaa.o
 .debug_rnglists
                0x00001181       0x14 aji.o
 .debug_rnglists
                0x00001195       0x14 bom.o
 .debug_rnglists
                0x000011a9       0x14 dou.o
 .debug_rnglists
                0x000011bd       0x14 eki.o
 .debug_rnglists
                0x000011d1       0x13 end.o
 .debug_rnglists
                0x000011e4       0x14 gon.o
 .debug_rnglists
                0x000011f8       0x1a gor_00.o
 .debug_rnglists
                0x00001212       0x14 gor_01.o
 .debug_rnglists
                0x00001226       0x14 gor_02.o
 .debug_rnglists
                0x0000123a       0x14 gor_03.o
 .debug_rnglists
                0x0000124e       0x14 gor_04.o
 .debug_rnglists
                0x00001262       0x14 gor_misc.o
 .debug_rnglists
                0x00001276       0x14 gra.o
 .debug_rnglists
                0x0000128a       0x14 hei.o
 .debug_rnglists
                0x0000129e       0x14 hom.o
 .debug_rnglists
                0x000012b2       0x14 jin.o
 .debug_rnglists
                0x000012c6       0x14 kpa.o
 .debug_rnglists
                0x000012da       0x14 las.o
 .debug_rnglists
                0x000012ee       0x1b main.o
 .debug_rnglists
                0x00001309       0x14 moo.o
 .debug_rnglists
                0x0000131d       0x1a mri.o
 .debug_rnglists
                0x00001337       0x14 muj.o
 .debug_rnglists
                0x0000134b       0x14 nok.o
 .debug_rnglists
                0x0000135f       0x14 pik.o
 .debug_rnglists
                0x00001373       0x14 rsh.o
 .debug_rnglists
                0x00001387       0x2a tik.o
 .debug_rnglists
                0x000013b1       0x14 tou.o
 .debug_rnglists
                0x000013c5       0x14 tou2.o
 .debug_rnglists
                0x000013d9       0x14 usu.o
 .debug_rnglists
                0x000013ed       0x14 win.o
