Archive member included to satisfy reference by file (symbol)

C:/devkitPro/devkitPPC/bin/../lib/gcc/powerpc-eabi/13.1.0\libgcc.a(_divdi3.o)
                              console.o (__divdi3)

Discarded input sections

 .text          0x00000000        0x0 OWR.o
 .data          0x00000000        0x0 OWR.o
 .bss           0x00000000        0x0 OWR.o
 .text._Z13strcpy_StringPcPKc
                0x00000000        0x4 OWR.o
 .text._ZN3mod3owr3OWR12SequenceInitEv
                0x00000000       0xe4 OWR.o
 .text._ZN3mod3owr3OWR6LZTestEv
                0x00000000       0x48 OWR.o
 .text._ZN3mod3owr3OWR11NewFileInitEv
                0x00000000        0x4 OWR.o
 .text._ZN3mod3owr3OWR10DrawStringEPKciijf
                0x00000000       0xb0 OWR.o
 .bss._ZN3mod3owr22g_itemEntry_trampolineE
                0x00000000        0x4 OWR.o
 .rodata.cst4   0x00000000        0x4 OWR.o
 .text          0x00000000        0x0 common.o
 .data          0x00000000        0x0 common.o
 .bss           0x00000000        0x0 common.o
 .text._ZN3mod6common14GetCurrentAreaEv
                0x00000000       0x1c common.o
 .text._ZN3mod6common13GetCurrentMapEv
                0x00000000       0x1c common.o
 .text._ZN3mod6common11GetFilenameEv
                0x00000000       0x1c common.o
 .text._ZN3mod6common16GetStorySequenceEv
                0x00000000       0x24 common.o
 .text._ZN3mod6common14GetPitSequenceEv
                0x00000000       0x2c common.o
 .text._ZN3mod6common17GetSavedFlagValueEi
                0x00000000       0x44 common.o
 .text._ZN3mod6common21HasKeyItemInInventoryEs
                0x00000000       0x60 common.o
 .text._ZN3mod6common25GetBattleWindowDataOffsetEv
                0x00000000       0x1c common.o
 .text._ZN3mod6common21GetStatusWindowHeightEv
                0x00000000       0x28 common.o
 .data._ZN3mod6common29kUnknownStatusWindowStructPtrE
                0x00000000        0x4 common.o
 .data._ZN3mod6common10kBattlePtrE
                0x00000000        0x4 common.o
 .data._ZN3mod6common9kPouchPtrE
                0x00000000        0x4 common.o
 .data._ZN3mod6common12kSaveDataPtrE
                0x00000000        0x4 common.o
 .rodata._ZN3mod6common32kUltraHammerChestDespawnIdOffsetE
                0x00000000        0x4 common.o
 .rodata._ZN3mod6common27kObjectCollectionExprOffsetE
                0x00000000        0x4 common.o
 .rodata._ZN3mod6common27kObjectChestScriptPtrOffsetE
                0x00000000        0x4 common.o
 .rodata._ZN3mod6common33kMujModuleFlavioDesiredItemOffsetE
                0x00000000        0x4 common.o
 .rodata._ZN3mod6common36kJinModuleAtomicBooItemGswfSetOffsetE
                0x00000000        0x4 common.o
 .rodata._ZN3mod6common39kJinModuleAtomicBooItemObjectFlagOffsetE
                0x00000000        0x4 common.o
 .rodata._ZN3mod6common32kPitModuleCharlietonChanceOffsetE
                0x00000000        0x4 common.o
 .rodata._ZN3mod6common22kPitModuleNpcArrOffsetE
                0x00000000        0x4 common.o
 .rodata._ZN3mod6common23kSavedWordFlagBaseValueE
                0x00000000        0x4 common.o
 .data._ZN3mod6common20kPiantaParlorItemArrE
                0x00000000        0x4 common.o
 .data._ZN3mod6common21kPitCharlietonItemArrE
                0x00000000        0x4 common.o
 .data._ZN3mod6common12kHowzItemArrE
                0x00000000        0x4 common.o
 .data._ZN3mod6common18kCharlietonItemArrE
                0x00000000        0x4 common.o
 .data._ZN3mod6common14kDazzleItemArrE
                0x00000000        0x4 common.o
 .data._ZN3mod6common20kSuperguardFramesArrE
                0x00000000        0x4 common.o
 .data._ZN3mod6common15kGuardFramesArrE
                0x00000000        0x4 common.o
 .data._ZN3mod6common25kSuperChargePartnerParamsE
                0x00000000        0x4 common.o
 .data._ZN3mod6common18kSuperChargeParamsE
                0x00000000        0x4 common.o
 .data._ZN3mod6common19kPiercingBlowParamsE
                0x00000000        0x4 common.o
 .data._ZN3mod6common18kHammerThrowParamsE
                0x00000000        0x4 common.o
 .data._ZN3mod6common17kKoopaCurseParamsE
                0x00000000        0x4 common.o
 .data._ZN3mod6common15kTradeOffParamsE
                0x00000000        0x4 common.o
 .data._ZN3mod6common17kGulpRecoilParamsE
                0x00000000        0x4 common.o
 .data._ZN3mod6common24kUltraHammerRecoilParamsE
                0x00000000        0x4 common.o
 .data._ZN3mod6common24kSuperHammerRecoilParamsE
                0x00000000        0x4 common.o
 .data._ZN3mod6common8kNextMapE
                0x00000000        0x4 common.o
 .rodata.cst4   0x00000000        0x4 common.o
 .text          0x00000000        0x0 con_mario.o
 .data          0x00000000        0x0 con_mario.o
 .bss           0x00000000        0x0 con_mario.o
 .text          0x00000000        0x0 con_perf.o
 .data          0x00000000        0x0 con_perf.o
 .bss           0x00000000        0x0 con_perf.o
 .text          0x00000000        0x0 con_seq.o
 .data          0x00000000        0x0 con_seq.o
 .bss           0x00000000        0x0 con_seq.o
 .text          0x00000000        0x0 console.o
 .data          0x00000000        0x0 console.o
 .bss           0x00000000        0x0 console.o
 .text._ZN3mod13ConsoleSystem8logDebugEPKcz
                0x00000000       0xbc console.o
 .text._ZN3mod13ConsoleSystem12setMonospaceEb
                0x00000000       0x30 console.o
 .text._ZN3mod13ConsoleSystem8drawLineEiPKcN2gc6color4E
                0x00000000       0xd4 console.o
 .text._ZN3mod13ConsoleSystem14updateUsbGeckoEv
                0x00000000       0x14 console.o
 .text          0x00000000        0x0 cxx.o
 .data          0x00000000        0x0 cxx.o
 .bss           0x00000000        0x0 cxx.o
 .text._ZdlPv   0x00000000        0xc cxx.o
 .text._ZdaPv   0x00000000        0xc cxx.o
 .text          0x00000000        0x0 keyboard.o
 .data          0x00000000        0x0 keyboard.o
 .bss           0x00000000        0x0 keyboard.o
 .text._ZN3mod8Keyboard10setChannelEi
                0x00000000       0xc4 keyboard.o
 .text._ZN3mod8Keyboard7connectEv
                0x00000000       0x78 keyboard.o
 .text._ZN3mod8Keyboard10disconnectEv
                0x00000000       0x4c keyboard.o
 .text          0x00000000        0x0 mod.o
 .data          0x00000000        0x0 mod.o
 .bss           0x00000000        0x0 mod.o
 .text._ZN3mod3ModC2Ev
                0x00000000       0x9c mod.o
 .text._ZN3mod3Mod11updateEarlyEv
                0x00000000       0x90 mod.o
 .text._ZN3mod3Mod4drawEv
                0x00000000        0x8 mod.o
 .text          0x00000000        0x0 patch.o
 .data          0x00000000        0x0 patch.o
 .bss           0x00000000        0x0 patch.o
 .text._ZN3mod5patch21writeStandardBranchesEPvPFvvES3_
                0x00000000       0x80 patch.o
 .text._ZN3mod5patch15replaceEvtInstrEPit
                0x00000000        0x8 patch.o
 .text._ZN3mod5patch14writeEvtBranchEPiPKib
                0x00000000       0x1c patch.o
 .text._ZN3mod5patch13writeBranchBLEPvS1_
                0x00000000       0x50 patch.o
 .text._ZN3mod5patch15writeBranchMainEPvS1_j
                0x00000000       0x48 patch.o
 .text._ZN3mod5patch10writePatchEPvPKvS3_
                0x00000000       0x7c patch.o
 .text._ZN3mod5patch10writePatchEPvj
                0x00000000       0x6c patch.o
 .text._ZN3mod5patch15writeBranchPairEPvS1_S1_S1_
                0x00000000       0x88 patch.o
 .text._ZN3mod5patch15writeBranchPairEPvS1_S1_
                0x00000000       0x80 patch.o
 .text          0x00000000        0x0 rel.o
 .data          0x00000000        0x0 rel.o
 .bss           0x00000000        0x0 rel.o
 .text          0x00000000        0x0 ug.o
 .data          0x00000000        0x0 ug.o
 .bss           0x00000000        0x0 ug.o
 .text          0x00000000        0x0 util.o
 .data          0x00000000        0x0 util.o
 .bss           0x00000000        0x0 util.o
 .text          0x00000000        0x0 gon.o
 .data          0x00000000        0x0 gon.o
 .bss           0x00000000        0x0 gon.o
 .text          0x00000000        0x0 gor_00.o
 .data          0x00000000        0x0 gor_00.o
 .bss           0x00000000        0x0 gor_00.o
 .text          0x00000000        0x0 gor_01.o
 .data          0x00000000        0x0 gor_01.o
 .bss           0x00000000        0x0 gor_01.o
 .text          0x00000000        0x0 gor_02.o
 .data          0x00000000        0x0 gor_02.o
 .bss           0x00000000        0x0 gor_02.o
 .text          0x00000000        0x0 gor_03.o
 .data          0x00000000        0x0 gor_03.o
 .bss           0x00000000        0x0 gor_03.o
 .text          0x00000000        0x0 gor_04.o
 .data          0x00000000        0x0 gor_04.o
 .bss           0x00000000        0x0 gor_04.o
 .text          0x00000000        0x0 gor_misc.o
 .data          0x00000000        0x0 gor_misc.o
 .bss           0x00000000        0x0 gor_misc.o
 .text          0x00000000        0x0 hei.o
 .data          0x00000000        0x0 hei.o
 .bss           0x00000000        0x0 hei.o
 .text          0x00000000        0x0 mri.o
 .data          0x00000000        0x0 mri.o
 .bss           0x00000000        0x0 mri.o
 .text          0x00000000        0x0 nok.o
 .data          0x00000000        0x0 nok.o
 .bss           0x00000000        0x0 nok.o
 .text          0x00000000        0x0 tou.o
 .data          0x00000000        0x0 tou.o
 .bss           0x00000000        0x0 tou.o
 .text          0x00000000        0x0 tou2.o
 .data          0x00000000        0x0 tou2.o
 .bss           0x00000000        0x0 tou2.o
 .text          0x00000000        0x0 usu.o
 .data          0x00000000        0x0 usu.o
 .bss           0x00000000        0x0 usu.o
 .text          0x00000000        0x0 win.o
 .data          0x00000000        0x0 win.o
 .bss           0x00000000        0x0 win.o
 .text          0x00000000       0x7c patch_ih.o
 .data          0x00000000        0x0 patch_ih.o
 .bss           0x00000000        0x0 patch_ih.o
 .text          0x00000000        0x0 C:/devkitPro/devkitPPC/bin/../lib/gcc/powerpc-eabi/13.1.0\libgcc.a(_divdi3.o)
 .data          0x00000000        0x0 C:/devkitPro/devkitPPC/bin/../lib/gcc/powerpc-eabi/13.1.0\libgcc.a(_divdi3.o)
 .bss           0x00000000        0x0 C:/devkitPro/devkitPPC/bin/../lib/gcc/powerpc-eabi/13.1.0\libgcc.a(_divdi3.o)

Memory Configuration

Name             Origin             Length             Attributes
*default*        0x00000000         0xffffffff

Linker script and memory map

                0x80003100                        . = 0x80003100

.init
 *crt0.o(*.init)
 *(.init)

.plt
 *(.plt)

.interp
 *(.interp)

.hash
 *(.hash)

.dynsym
 *(.dynsym)

.dynstr
 *(.dynstr)

.gnu.version
 *(.gnu.version)

.gnu.version_d
 *(.gnu.version_d)

.gnu.version_r
 *(.gnu.version_r)

.rel.init
 *(.rel.init)

.rela.init
 *(.rela.init)

.rel.text
 *(.rel.text .rel.text.* .rel.gnu.linkonce.t.*)

.rela.text
 *(.rela.text .rela.text.* .rela.gnu.linkonce.t.*)

.rel.fini
 *(.rel.fini)

.rela.fini
 *(.rela.fini)

.rel.rodata
 *(.rel.rodata .rel.rodata.* .rel.gnu.linkonce.r.*)

.rela.rodata
 *(.rela.rodata .rela.rodata.* .rela.gnu.linkonce.r.*)

.rel.data
 *(.rel.data .rel.data.* .rel.gnu.linkonce.d.*)

.rela.data
 *(.rela.data .rela.data.* .rela.gnu.linkonce.d.*)

.rel.tdata
 *(.rel.tdata .rel.tdata.* .rel.gnu.linkonce.td.*)

.rela.tdata
 *(.rela.tdata .rela.tdata.* .rela.gnu.linkonce.td.*)

.rel.tbss
 *(.rel.tbss .rel.tbss.* .rel.gnu.linkonce.tb.*)

.rela.tbss
 *(.rela.tbss .rela.tbss.* .rela.gnu.linkonce.tb.*)

.rel.ctors
 *(.rel.ctors)

.rela.ctors
 *(.rela.ctors)

.rel.dtors
 *(.rel.dtors)

.rela.dtors
 *(.rela.dtors)

.rel.got
 *(.rel.got)

.rela.got
 *(.rela.got)

.rela.got1
 *(.rela.got1)

.rela.got2
 *(.rela.got2)

.rel.sdata
 *(.rel.sdata .rel.sdata.* .rel.gnu.linkonce.s.*)

.rela.sdata
 *(.rela.sdata .rela.sdata.* .rela.gnu.linkonce.s.*)

.rel.sbss
 *(.rel.sbss .rel.sbss.* .rel.gnu.linkonce.sb.*)

.rela.sbss
 *(.rela.sbss .rela.sbss.* .rel.gnu.linkonce.sb.*)

.rel.sdata2
 *(.rel.sdata2 .rel.sdata2.* .rel.gnu.linkonce.s2.*)

.rela.sdata2
 *(.rela.sdata2 .rela.sdata2.* .rela.gnu.linkonce.s2.*)

.rel.sbss2
 *(.rel.sbss2 .rel.sbss2.* .rel.gnu.linkonce.sb2.*)

.rela.sbss2
 *(.rela.sbss2 .rela.sbss2.* .rela.gnu.linkonce.sb2.*)

.rel.bss
 *(.rel.bss .rel.bss.* .rel.gnu.linkonce.b.*)

.rela.bss
 *(.rela.bss .rela.bss.* .rela.gnu.linkonce.b.*)

.rel.plt
 *(.rel.plt)

.rela.plt
 *(.rela.plt)

.text           0x80003100     0x7780
 *(.text)
 *(.text.*)
 .text._ZZN3mod3owr3OWR4InitEvENUlvE_4_FUNEv
                0x80003100       0x10 OWR.o
 .text._ZN3mod3owr3OWRC2Ev
                0x80003110        0x4 OWR.o
                0x80003110                _ZN3mod3owr3OWRC1Ev
                0x80003110                _ZN3mod3owr3OWRC2Ev
 .text._ZN3mod3owr3OWR4InitEv
                0x80003114      0x144 OWR.o
                0x80003114                _ZN3mod3owr3OWR4InitEv
 .text._ZN3mod3owr3OWR6UpdateEv
                0x80003258      0x110 OWR.o
                0x80003258                _ZN3mod3owr3OWR6UpdateEv
 .text._ZN3mod3owr3OWR4DrawEv
                0x80003368        0x4 OWR.o
                0x80003368                _ZN3mod3owr3OWR4DrawEv
 .text._ZN3mod3owr3OWR14OnModuleLoadedEPN2gc6OSLink12OSModuleInfoE
                0x8000336c      0x130 OWR.o
                0x8000336c                _ZN3mod3owr3OWR14OnModuleLoadedEPN2gc6OSLink12OSModuleInfoE
 .text._ZZN3mod3owr3OWR4InitEvENUlPN2gc6OSLink12OSModuleInfoEPvE_4_FUNES5_S6_
                0x8000349c       0x84 OWR.o
 .text.startup._GLOBAL__sub_I__Z13strcpy_StringPcPKc
                0x80003520       0x14 OWR.o
 .text._ZN3modL13mod_if_func22Ev
                0x80003534       0x54 con_mario.o
 .text.startup._GLOBAL__sub_I__ZN3mod13mario_set_posE
                0x80003588       0x88 con_mario.o
 .text._ZN3modL13mod_if_func46Ev
                0x80003610      0x19c con_perf.o
 .text.startup._GLOBAL__sub_I__ZN3mod15perf_fake_spikeE
                0x800037ac       0x8c con_perf.o
 .text._ZZN3modL13mod_if_func16EvENUlPN4ttyd6seqdrv7SeqInfoEE_4_FUNES3_
                0x80003838       0x44 con_seq.o
 .text._ZN3modL13mod_if_func16Ev
                0x8000387c       0x74 con_seq.o
 .text.startup._GLOBAL__sub_I__ZN3mod13seq_logo_skipE
                0x800038f0       0x8c con_seq.o
 .text._ZN3mod13ConsoleSystem4initEv
                0x8000397c       0x38 console.o
                0x8000397c                _ZN3mod13ConsoleSystem4initEv
 .text._ZN3mod13ConsoleSystem8logColorEPKcN2gc6color4E
                0x800039b4      0x2a8 console.o
                0x800039b4                _ZN3mod13ConsoleSystem8logColorEPKcN2gc6color4E
 .text._ZN3mod13ConsoleSystem7logInfoEPKcz
                0x80003c5c       0xb8 console.o
                0x80003c5c                _ZN3mod13ConsoleSystem7logInfoEPKcz
 .text._ZN3mod7CC_findEPKc
                0x80003d14      0x12c console.o
                0x80003d14                _ZN3mod7CC_findEPKc
 .text._ZN3mod13ConsoleSystem10logWarningEPKcz
                0x80003e40       0xbc console.o
                0x80003e40                _ZN3mod13ConsoleSystem10logWarningEPKcz
 .text._ZN3mod13ConsoleSystem8logErrorEPKcz
                0x80003efc       0xbc console.o
                0x80003efc                _ZN3mod13ConsoleSystem8logErrorEPKcz
 .text._ZN3mod13ConsoleSystem7overlayEPKcz
                0x80003fb8       0xd0 console.o
                0x80003fb8                _ZN3mod13ConsoleSystem7overlayEPKcz
 .text._ZN3mod13ConsoleSystem14processCommandEPKc
                0x80004088      0x288 console.o
                0x80004088                _ZN3mod13ConsoleSystem14processCommandEPKc
 .text._ZN3mod13ConsoleSystem12updatePromptEv
                0x80004310      0x974 console.o
                0x80004310                _ZN3mod13ConsoleSystem12updatePromptEv
 .text._ZN3mod13ConsoleSystem14updateUsbGeckoEv.part.0
                0x80004c84      0x19c console.o
 .text._ZN3mod13ConsoleSystem6updateEv
                0x80004e20       0x70 console.o
                0x80004e20                _ZN3mod13ConsoleSystem6updateEv
 .text._ZN3mod13ConsoleSystem4dispEv
                0x80004e90      0x534 console.o
                0x80004e90                _ZN3mod13ConsoleSystem4dispEv
 .text._ZZN3mod13ConsoleSystem6updateEvENUlN4ttyd7dispdrv8CameraIdEPvE_4_FUNES3_S4_
                0x800053c4        0x8 console.o
 .text.startup._GLOBAL__sub_I__ZN3mod10ConCommand6sFirstE
                0x800053cc      0x1ac console.o
 .text._Znwj    0x80005578        0xc cxx.o
                0x80005578                _Znwj
 .text._Znaj    0x80005584        0xc cxx.o
                0x80005584                _Znaj
 .text._ZN3mod8KeyboardC2Ei
                0x80005590       0x84 keyboard.o
                0x80005590                _ZN3mod8KeyboardC2Ei
                0x80005590                _ZN3mod8KeyboardC1Ei
 .text._ZN3mod8Keyboard6updateEv
                0x80005614      0x59c keyboard.o
                0x80005614                _ZN3mod8Keyboard6updateEv
 .text._ZZN3mod3Mod4initEvENUlvE0_4_FUNEv
                0x80005bb0        0x4 mod.o
 .text._ZZN3mod3Mod11updateEarlyEvENUlN4ttyd7dispdrv8CameraIdEPvE_4_FUNES3_S4_
                0x80005bb4        0x8 mod.o
 .text._ZZN3mod3Mod4initEvENUlvE_4_FUNEv
                0x80005bbc       0x94 mod.o
 .text._ZN3mod3Mod4initEv
                0x80005c50       0xfc mod.o
                0x80005c50                _ZN3mod3Mod4initEv
 .text.startup._ZN3mod4mainEv
                0x80005d4c       0xa8 mod.o
                0x80005d4c                _ZN3mod4mainEv
 .text._ZN3mod5patch17clear_DC_IC_CacheEPvj
                0x80005df4       0x40 patch.o
                0x80005df4                _ZN3mod5patch17clear_DC_IC_CacheEPvj
 .text._ZN3mod5patch11writeBranchEPvS1_
                0x80005e34       0x4c patch.o
                0x80005e34                _ZN3mod5patch11writeBranchEPvS1_
 .text._ZN3mod5patch10writePatchEPvPKvj
                0x80005e80       0x7c patch.o
                0x80005e80                _ZN3mod5patch10writePatchEPvPKvj
 .text._prolog  0x80005efc       0xac rel.o
                0x80005efc                _prolog
 .text._epilog  0x80005fa8       0xac rel.o
                0x80005fa8                _epilog
 .text._unresolved
                0x80006054        0x4 rel.o
                0x80006054                _unresolved
 .text._ZN3mod7ugProbeEi
                0x80006058      0x110 ug.o
                0x80006058                _ZN3mod7ugProbeEi
 .text._ZN3mod6ugSendEiPKvi
                0x80006168      0x12c ug.o
                0x80006168                _ZN3mod6ugSendEiPKvi
 .text._ZN3mod6ugRecvEiPvi
                0x80006294      0x124 ug.o
                0x80006294                _ZN3mod6ugRecvEiPvi
 .text.strstr   0x800063b8       0xf0 util.o
                0x800063b8                strstr
 .text._Z15ApplyGonPatchesPN2gc6OSLink12OSModuleInfoE
                0x800064a8      0x354 gon.o
                0x800064a8                _Z15ApplyGonPatchesPN2gc6OSLink12OSModuleInfoE
 .text._Z17ApplyGor00PatchesPN2gc6OSLink12OSModuleInfoE
                0x800067fc      0x5fc gor_00.o
                0x800067fc                _Z17ApplyGor00PatchesPN2gc6OSLink12OSModuleInfoE
 .text.startup._GLOBAL__sub_I__Z17ApplyGor00PatchesPN2gc6OSLink12OSModuleInfoE
                0x80006df8       0x1c gor_00.o
 .text._Z17ApplyGor01PatchesPN2gc6OSLink12OSModuleInfoE
                0x80006e14      0x420 gor_01.o
                0x80006e14                _Z17ApplyGor01PatchesPN2gc6OSLink12OSModuleInfoE
 .text._Z17ApplyGor02PatchesPN2gc6OSLink12OSModuleInfoE
                0x80007234      0x4c8 gor_02.o
                0x80007234                _Z17ApplyGor02PatchesPN2gc6OSLink12OSModuleInfoE
 .text._Z17ApplyGor03PatchesPN2gc6OSLink12OSModuleInfoE
                0x800076fc      0x4d4 gor_03.o
                0x800076fc                _Z17ApplyGor03PatchesPN2gc6OSLink12OSModuleInfoE
 .text._Z17ApplyGor04PatchesPN2gc6OSLink12OSModuleInfoE
                0x80007bd0      0x170 gor_04.o
                0x80007bd0                _Z17ApplyGor04PatchesPN2gc6OSLink12OSModuleInfoE
 .text._Z19ApplyGorMiscPatchesPN2gc6OSLink12OSModuleInfoE
                0x80007d40       0xc8 gor_misc.o
                0x80007d40                _Z19ApplyGorMiscPatchesPN2gc6OSLink12OSModuleInfoE
 .text._Z15ApplyHeiPatchesPN2gc6OSLink12OSModuleInfoE
                0x80007e08      0x228 hei.o
                0x80007e08                _Z15ApplyHeiPatchesPN2gc6OSLink12OSModuleInfoE
 .text._Z15ApplyMriPatchesPN2gc6OSLink12OSModuleInfoE
                0x80008030      0xb88 mri.o
                0x80008030                _Z15ApplyMriPatchesPN2gc6OSLink12OSModuleInfoE
 .text.startup._GLOBAL__sub_I__Z15ApplyMriPatchesPN2gc6OSLink12OSModuleInfoE
                0x80008bb8       0x14 mri.o
 .text._Z15ApplyNokPatchesPN2gc6OSLink12OSModuleInfoE
                0x80008bcc      0x370 nok.o
                0x80008bcc                _Z15ApplyNokPatchesPN2gc6OSLink12OSModuleInfoE
 .text._Z15ApplyTouPatchesPN2gc6OSLink12OSModuleInfoE
                0x80008f3c      0xf8c tou.o
                0x80008f3c                _Z15ApplyTouPatchesPN2gc6OSLink12OSModuleInfoE
 .text._Z16ApplyTou2PatchesPN2gc6OSLink12OSModuleInfoE
                0x80009ec8      0x2e8 tou2.o
                0x80009ec8                _Z16ApplyTou2PatchesPN2gc6OSLink12OSModuleInfoE
 .text._Z15ApplyUsuPatchesPN2gc6OSLink12OSModuleInfoE
                0x8000a1b0       0x14 usu.o
                0x8000a1b0                _Z15ApplyUsuPatchesPN2gc6OSLink12OSModuleInfoE
 .text._Z15ApplyWinPatchesPN2gc6OSLink12OSModuleInfoE
                0x8000a1c4      0x2c0 win.o
                0x8000a1c4                _Z15ApplyWinPatchesPN2gc6OSLink12OSModuleInfoE
 .text.__divdi3
                0x8000a484      0x3ec C:/devkitPro/devkitPPC/bin/../lib/gcc/powerpc-eabi/13.1.0\libgcc.a(_divdi3.o)
                0x8000a484                __divdi3
 *(.gnu.warning)
 *(.gnu.linkonce.t.*)
                0x8000a880                        . = ALIGN (0x20)
 *fill*         0x8000a870       0x10 00000000

.text._ZN3mod13mario_set_posMUlPKcE_4_FUNES2_
                0x00000000       0x6c
 .text._ZN3mod13mario_set_posMUlPKcE_4_FUNES2_
                0x00000000       0x6c con_mario.o
                0x00000000                _ZN3mod13mario_set_posMUlPKcE_4_FUNES2_
                0x00000000                _ZN3mod13mario_set_posMUlPKcE_4_FUNES1_

.text._ZN3mod15perf_fake_spikeMUlPKcE_4_FUNES2_
                0x00000000       0xa8
 .text._ZN3mod15perf_fake_spikeMUlPKcE_4_FUNES2_
                0x00000000       0xa8 con_perf.o
                0x00000000                _ZN3mod15perf_fake_spikeMUlPKcE_4_FUNES1_
                0x00000000                _ZN3mod15perf_fake_spikeMUlPKcE_4_FUNES2_

.text._ZN3mod14seq_change_mapMUlPKcE_4_FUNES2_
                0x00000000       0xf0
 .text._ZN3mod14seq_change_mapMUlPKcE_4_FUNES2_
                0x00000000       0xf0 con_seq.o
                0x00000000                _ZN3mod14seq_change_mapMUlPKcE_4_FUNES2_
                0x00000000                _ZN3mod14seq_change_mapMUlPKcE_4_FUNES1_

.text._ZN3mod8con_monoMUlPNS_9ConIntVarEiE_4_FUNES2_i
                0x00000000       0x3c
 .text._ZN3mod8con_monoMUlPNS_9ConIntVarEiE_4_FUNES2_i
                0x00000000       0x3c console.o
                0x00000000                _ZN3mod8con_monoMUlPNS_9ConIntVarEiE_4_FUNES1_i
                0x00000000                _ZN3mod8con_monoMUlPNS_9ConIntVarEiE_4_FUNES2_i

.fini           0x0000003c        0x4
 *(.fini)
                0x00000040                        . = ALIGN (0x20)
 *fill*         0x0000003c        0x4 00000000
                [!provide]                        PROVIDE (__etext = .)
                [!provide]                        PROVIDE (_etext = .)
                [!provide]                        PROVIDE (etext = .)

.rodata         0x00000040     0x48f0
 *(.rodata)
 *(.rodata.*)
 .rodata._ZN3mod3owr3OWR6LZTestEv.str1.4
                0x00000040        0x7 OWR.o
 *fill*         0x00000047        0x1 
 .rodata._ZN3mod13mario_set_posMUlPKcE_4_FUNES2_.str1.4
                0x00000048        0x9 con_mario.o
 *fill*         0x00000051        0x3 
 .rodata._ZN3modL13mod_if_func22Ev.str1.4
                0x00000054       0x20 con_mario.o
 .rodata._GLOBAL__sub_I__ZN3mod13mario_set_posE.str1.4
                0x00000074       0x1f con_mario.o
 *fill*         0x00000093        0x1 
 .rodata._ZN3modL13mod_if_func46Ev.str1.4
                0x00000094       0x5e con_perf.o
 *fill*         0x000000f2        0x2 
 .rodata._ZN3mod15perf_fake_spikeMUlPKcE_4_FUNES2_.str1.4
                0x000000f4        0x4 con_perf.o
 .rodata._GLOBAL__sub_I__ZN3mod15perf_fake_spikeE.str1.4
                0x000000f8       0x1f con_perf.o
 *fill*         0x00000117        0x1 
 .rodata.cst4   0x00000118       0x10 con_perf.o
 .rodata._ZN3mod14seq_change_mapMUlPKcE_4_FUNES2_.str1.4
                0x00000128       0x20 con_seq.o
 .rodata._GLOBAL__sub_I__ZN3mod13seq_logo_skipE.str1.4
                0x00000148       0x1f con_seq.o
 *fill*         0x00000167        0x1 
 .rodata._ZN3mod13ConsoleSystem8logColorEPKcN2gc6color4E.str1.4
                0x00000168       0x83 console.o
 *fill*         0x000001eb        0x1 
 .rodata._ZN3mod7CC_findEPKc.str1.4
                0x000001ec       0x21 console.o
 *fill*         0x0000020d        0x3 
 .rodata._ZN3mod13ConsoleSystem14processCommandEPKc.str1.4
                0x00000210       0x2e console.o
 *fill*         0x0000023e        0x2 
 .rodata._ZN3mod13ConsoleSystem12updatePromptEv
                0x00000240      0x6c0 console.o
 .rodata._ZN3mod13ConsoleSystem14updateUsbGeckoEv.part.0.str1.4
                0x00000900       0x75 console.o
 *fill*         0x00000975        0x3 
 .rodata._ZN3mod13ConsoleSystem4dispEv.str1.4
                0x00000978       0x16 console.o
 *fill*         0x0000098e        0x2 
 .rodata._GLOBAL__sub_I__ZN3mod10ConCommand6sFirstE.str1.4
                0x00000990       0x8d console.o
 .rodata._ZZN3mod13ConsoleSystem4dispEvE12kPromptColor
                0x00000a1d        0x4 console.o
 *fill*         0x00000a21        0x3 
 .rodata.cst4   0x00000a24        0x8 console.o
 .rodata.cst4   0x00000a2c        0x4 mod.o
 .rodata.str1.4
                0x00000a30      0x2ea gor_00.o
 *fill*         0x00000d1a        0x2 
 .rodata._ZL16gor_00_init_evt1
                0x00000d1c      0x1f8 gor_00.o
 .rodata._ZL18korutesu_init_hook
                0x00000f14       0x10 gor_00.o
 .rodata._ZL17korutesu_init_evt
                0x00000f24       0x58 gor_00.o
 .rodata._ZL20suifubomb_b_talk_evt
                0x00000f7c       0xf4 gor_00.o
 .rodata._ZL21suifubomb_b_regl_hook
                0x00001070       0x10 gor_00.o
 .rodata._ZL20suifubomb_b_regl_evt
                0x00001080      0x110 gor_00.o
 .rodata._ZL20suifubomb_a_talk_evt
                0x00001190      0x170 gor_00.o
 .rodata._ZL21suifubomb_a_regl_hook
                0x00001300       0x10 gor_00.o
 .rodata._ZL20suifubomb_a_regl_evt
                0x00001310       0x90 gor_00.o
 .rodata._ZL21suifubomb_a_init_hook
                0x000013a0       0x10 gor_00.o
 .rodata._ZL20suifubomb_a_init_evt
                0x000013b0       0xc8 gor_00.o
 .rodata._ZL16suifu_b_talk_evt
                0x00001478       0xf4 gor_00.o
 .rodata._ZL17suifu_b_init_hook
                0x0000156c       0x10 gor_00.o
 .rodata._ZL16suifu_b_init_evt
                0x0000157c       0xc8 gor_00.o
 .rodata._ZL16suifu_a_talk_evt
                0x00001644       0xf4 gor_00.o
 .rodata._ZL19odoodo_ani_talk_evt
                0x00001738       0x20 gor_00.o
 .rodata._ZL15odoodo_talk_evt
                0x00001758       0xfc gor_00.o
 .rodata._ZL16odoodo_regl_hook
                0x00001854       0x10 gor_00.o
 .rodata._ZL15odoodo_regl_evt
                0x00001864       0x90 gor_00.o
 .rodata._ZL15odoodo_init_evt
                0x000018f4       0xb8 gor_00.o
 .rodata._ZL17garawaru_talk_evt
                0x000019ac       0xb8 gor_00.o
 .rodata._ZL18garawaru_regl_hook
                0x00001a64       0x10 gor_00.o
 .rodata._ZL17garawaru_regl_evt
                0x00001a74      0x110 gor_00.o
 .rodata._ZL18garawaru_init_hook
                0x00001b84       0x10 gor_00.o
 .rodata._ZL17garawaru_init_evt
                0x00001b94      0x140 gor_00.o
 .rodata.str1.4
                0x00001cd4       0xb2 gor_01.o
 *fill*         0x00001d86        0x2 
 .rodata._ZL15bomhei_talk_evt
                0x00001d88       0x20 gor_01.o
 .rodata._ZL16chusan2_talk_evt
                0x00001da8       0x20 gor_01.o
 .rodata._ZL16chusan1_talk_evt
                0x00001dc8       0x20 gor_01.o
 .rodata._ZL16kuribo3_talk_evt
                0x00001de8       0x20 gor_01.o
 .rodata._ZL16kuribo2_talk_evt
                0x00001e08       0x20 gor_01.o
 .rodata._ZL16kuribo1_talk_evt
                0x00001e28       0x20 gor_01.o
 .rodata._ZL15roten2_talk_evt
                0x00001e48       0x20 gor_01.o
 .rodata._ZL15roten1_talk_evt
                0x00001e68       0x20 gor_01.o
 .rodata._ZL19shoptender_talk_evt
                0x00001e88       0x20 gor_01.o
 .rodata._ZL15kinoji_talk_evt
                0x00001ea8       0x20 gor_01.o
 .rodata._ZL20badgemaster_talk_evt
                0x00001ec8       0x20 gor_01.o
 .rodata._Z17ApplyGor02PatchesPN2gc6OSLink12OSModuleInfoE.str1.4
                0x00001ee8        0x3 gor_02.o
 *fill*         0x00001eeb        0x1 
 .rodata.str1.4
                0x00001eec      0x14e gor_02.o
 *fill*         0x0000203a        0x2 
 .rodata._ZL19kurihakase_talk_evt
                0x0000203c      0x2cc gor_02.o
 .rodata._ZL21evt_door_02_open_hook
                0x00002308       0x14 gor_02.o
 .rodata._ZL20evt_door_02_open_evt
                0x0000231c      0x188 gor_02.o
 .rodata._ZL16gor_02_init_evt1
                0x000024a4      0x138 gor_02.o
 .rodata._ZL16borodo2_talk_evt
                0x000025dc       0x20 gor_02.o
 .rodata._ZL16borodo1_talk_evt
                0x000025fc       0x20 gor_02.o
 .rodata._ZL15roten3_talk_evt
                0x0000261c       0x20 gor_02.o
 .rodata._ZL16chusan3_talk_evt
                0x0000263c       0x20 gor_02.o
 .rodata._ZL16kuribo4_talk_evt
                0x0000265c       0x20 gor_02.o
 .rodata.str1.4
                0x0000267c       0xf9 gor_03.o
 *fill*         0x00002775        0x3 
 .rodata._ZL16maffia3_talk_evt
                0x00002778       0x20 gor_03.o
 .rodata._ZL16maffia2_talk_evt
                0x00002798      0x140 gor_03.o
 .rodata._ZL16maffia1_talk_evt
                0x000028d8      0x140 gor_03.o
 .rodata._ZL26maffiaboss_casino_talk_evt
                0x00002a18       0x20 gor_03.o
 .rodata._ZL26maffiaboss_talk_common_evt
                0x00002a38      0x120 gor_03.o
 .rodata._ZL18puniinfo_talk_hook
                0x00002b58       0x10 mri.o
 .rodata._ZL20mri_03_init_evt_hook
                0x00002b68       0x14 mri.o
 .rodata.str1.4
                0x00002b7c      0x10b mri.o
 *fill*         0x00002c87        0x1 
 .rodata._ZL22mri_03_init_evt_switch
                0x00002c88       0x9c mri.o
 .rodata._ZL20mri_01_init_evt_hook
                0x00002d24       0x14 mri.o
 .rodata._ZL22mri_01_init_evt_switch
                0x00002d38       0xb0 mri.o
 .rodata._ZL23mri_sister_init_01_hook
                0x00002de8       0x10 mri.o
 .rodata._ZL22mri_sister_init_01_evt
                0x00002df8       0xa8 mri.o
 .rodata._ZL16puni_2_init_hook
                0x00002ea0       0x10 mri.o
 .rodata._ZL15puni_2_init_evt
                0x00002eb0       0x78 mri.o
 .rodata._ZL16puni_1_talk_hook
                0x00002f28       0x10 mri.o
 .rodata._ZL15puni_1_talk_evt
                0x00002f38       0xb0 mri.o
 .rodata._ZL16puni_1_init_hook
                0x00002fe8       0x10 mri.o
 .rodata._ZL15puni_1_init_evt
                0x00002ff8       0x78 mri.o
 .rodata._ZL15elder_talk_hook
                0x00003070       0x10 mri.o
 .rodata._ZL22mri_elder_init_01_hook
                0x00003080       0x10 mri.o
 .rodata._ZL21mri_elder_init_01_evt
                0x00003090       0xcc mri.o
 .rodata._ZL22mri_rival_init_01_hook
                0x0000315c       0x10 mri.o
 .rodata._ZL21mri_rival_init_01_evt
                0x0000316c       0xa8 mri.o
 .rodata._ZL18guide_init_01_hook
                0x00003214       0x10 mri.o
 .rodata._ZL17guide_init_01_evt
                0x00003224       0x8c mri.o
 .rodata._ZL15guide_talk_hook
                0x000032b0       0x10 mri.o
 .rodata._ZL14guide_talk_evt
                0x000032c0       0x98 mri.o
 .rodata._ZL18guide_init_00_hook
                0x00003358       0x10 mri.o
 .rodata._ZL17guide_init_00_evt
                0x00003368      0x150 mri.o
 .rodata._ZL17nokorin_talk_hook
                0x000034b8       0x10 nok.o
 .rodata.str1.4
                0x000034c8      0x45e nok.o
 *fill*         0x00003926        0x2 
 .rodata._ZL16nokorin_talk_evt
                0x00003928      0x180 nok.o
 .rodata._ZL19boss_noko_talk_hook
                0x00003aa8       0x10 nok.o
 .rodata._ZL18boss_noko_talk_evt
                0x00003ab8      0x164 nok.o
 .rodata._ZL20nokonoko_K_talk_hook
                0x00003c1c       0x10 nok.o
 .rodata._ZL19nokonoko_K_talk_evt
                0x00003c2c       0xd0 nok.o
 .rodata._ZL18nokopapa_talk_hook
                0x00003cfc       0x10 nok.o
 .rodata._ZL17nokopapa_talk_evt
                0x00003d0c      0x128 nok.o
 .rodata._ZL16monban_talk_hook
                0x00003e34       0x10 nok.o
 .rodata._ZL15monban_talk_evt
                0x00003e44      0x110 nok.o
 .rodata._ZL20nokonoko_I_talk_hook
                0x00003f54       0x10 nok.o
 .rodata._ZL19nokonoko_I_talk_evt
                0x00003f64       0xd0 nok.o
 .rodata._ZL20nokonoko_H_talk_hook
                0x00004034       0x10 nok.o
 .rodata._ZL19nokonoko_H_talk_evt
                0x00004044       0xf8 nok.o
 .rodata._ZL20nokonoko_G_talk_hook
                0x0000413c       0x10 nok.o
 .rodata._ZL19nokonoko_G_talk_evt
                0x0000414c       0xd0 nok.o
 .rodata._ZL15talk_white_hook
                0x0000421c       0x10 nok.o
 .rodata._ZL14talk_white_evt
                0x0000422c       0xa8 nok.o
 .rodata._ZL15init_white_hook
                0x000042d4       0x10 nok.o
 .rodata._ZL14init_white_evt
                0x000042e4       0x44 nok.o
 .rodata._ZL20nokonoko_F_talk_hook
                0x00004328       0x10 nok.o
 .rodata._ZL19nokonoko_F_talk_evt
                0x00004338       0xd0 nok.o
 .rodata._ZL20nokonoko_D_talk_hook
                0x00004408       0x10 nok.o
 .rodata._ZL19nokonoko_D_talk_evt
                0x00004418       0xf8 nok.o
 .rodata._ZL20nokonoko_C_talk_hook
                0x00004510       0x10 nok.o
 .rodata._ZL19nokonoko_C_talk_evt
                0x00004520       0xd0 nok.o
 .rodata._ZL20nokonoko_B_talk_hook
                0x000045f0       0x10 nok.o
 .rodata._ZL19nokonoko_B_talk_evt
                0x00004600       0xd0 nok.o
 .rodata._ZL20nokonoko_A_talk_hook
                0x000046d0       0x10 nok.o
 .rodata._ZL19nokonoko_A_talk_evt
                0x000046e0       0xfc nok.o
 .rodata._ZL16talk_sakaba_hook
                0x000047dc       0x14 tou.o
 .rodata.str1.4
                0x000047f0       0x28 tou.o
 .rodata._ZL15talk_sakaba_evt
                0x00004818       0x84 tou.o
 .rodata.str1.4
                0x0000489c        0x3 win.o
 *fill*         0x0000489f        0x1 
 .rodata._ZL16majorin_init_evt
                0x000048a0       0x30 win.o
 .rodata._ZL16maririn_init_evt
                0x000048d0       0x30 win.o
 .rodata._ZL15vivian_init_evt
                0x00004900       0x30 win.o
 *(.gnu.linkonce.r.*)

.rodata1
 *(.rodata1)

.sdata2         0x00004930        0x0
                [!provide]                        PROVIDE (_SDA2_BASE_ = .)
 *(.sdata2)
 *(.sdata2.*)
 *(.gnu.linkonce.s2.*)

.sbss2
 *(.sbss2)
 *(.sbss2.*)
 *(.gnu.linkonce.sb2.*)
                0x00004930                        . = ALIGN (0x4)
                [!provide]                        PROVIDE (__preinit_array_start = .)

.preinit_array
 *(.preinit_array)
                [!provide]                        PROVIDE (__preinit_array_end = .)
                [!provide]                        PROVIDE (__init_array_start = .)

.init_array
 *(.init_array)
                [!provide]                        PROVIDE (__init_array_end = .)
                [!provide]                        PROVIDE (__fini_array_start = .)

.fini_array
 *(.fini_array)
                [!provide]                        PROVIDE (__fini_array_end = .)

.data           0x00004930      0x390
 *(.data)
 *(.data.*)
 .data.GSWF_ARR_SIZE
                0x00004930        0x2 OWR.o
                0x00004930                GSWF_ARR_SIZE
 *fill*         0x00004932        0x2 
 .data.GSWF_ARR
                0x00004934       0x14 OWR.o
                0x00004934                GSWF_ARR
 .data._ZN3mod6common12kItemDataArrE
                0x00004948        0x4 common.o
                0x00004948                _ZN3mod6common12kItemDataArrE
 .data._ZL16gor_00_init_evt2
                0x0000494c      0x2a8 gor_00.o
 .data._ZL14elder_talk_evt
                0x00004bf4       0xb8 mri.o
 *(.gnu.linkonce.d.*)
                0x00004cc0                        . = ALIGN (0x20)
 *fill*         0x00004cac       0x14 

.data1
 *(.data1)

.tdata
 *(.tdata .tdata.* .gnu.linkonce.td.*)

.tbss
 *(.tbss .tbss.* .gnu.linkonce.tb.*)
 *(.tcommon)

.eh_frame       0x00004cc0      0xf40
 *(.eh_frame)
 .eh_frame      0x00004cc0      0x130 OWR.o
                                0x1f0 (size before relaxing)
 .eh_frame      0x00004df0        0x0 common.o
                                 0xc8 (size before relaxing)
 .eh_frame      0x00004df0       0x70 con_mario.o
 .eh_frame      0x00004e60       0x84 con_perf.o
 .eh_frame      0x00004ee4       0xac con_seq.o
 .eh_frame      0x00004f90      0x454 console.o
                                0x4e8 (size before relaxing)
 .eh_frame      0x000053e4       0x3c cxx.o
                                 0x64 (size before relaxing)
 .eh_frame      0x00005420       0x84 keyboard.o
                                0x110 (size before relaxing)
 .eh_frame      0x000054a4       0xb8 mod.o
                                0x120 (size before relaxing)
 .eh_frame      0x0000555c       0x90 patch.o
                                0x1cc (size before relaxing)
 .eh_frame      0x000055ec       0x90 rel.o
 .eh_frame      0x0000567c       0xbc ug.o
 .eh_frame      0x00005738       0x3c util.o
 .eh_frame      0x00005774       0x3c gon.o
 .eh_frame      0x000057b0       0x70 gor_00.o
 .eh_frame      0x00005820       0x58 gor_01.o
 .eh_frame      0x00005878       0x60 gor_02.o
 .eh_frame      0x000058d8       0x68 gor_03.o
 .eh_frame      0x00005940       0x38 gor_04.o
 .eh_frame      0x00005978       0x34 gor_misc.o
 .eh_frame      0x000059ac       0x3c hei.o
 .eh_frame      0x000059e8       0x7c mri.o
 .eh_frame      0x00005a64       0x4c nok.o
 .eh_frame      0x00005ab0       0x64 tou.o
 .eh_frame      0x00005b14       0x40 tou2.o
 .eh_frame      0x00005b54       0x28 usu.o
 .eh_frame      0x00005b7c       0x48 win.o
 .eh_frame      0x00005bc4       0x3c C:/devkitPro/devkitPPC/bin/../lib/gcc/powerpc-eabi/13.1.0\libgcc.a(_divdi3.o)

.gcc_except_table
 *(.gcc_except_table)

.fixup
 *(.fixup)

.got1
 *(.got1)

.got2
 *(.got2)

.dynamic
 *(.dynamic)

.ctors          0x00005c00       0x20
 *crtbegin.o(.ctors)
 *(EXCLUDE_FILE(*crtend.o) .ctors)
 .ctors         0x00005c00        0x4 OWR.o
 .ctors         0x00005c04        0x4 con_mario.o
 .ctors         0x00005c08        0x4 con_perf.o
 .ctors         0x00005c0c        0x4 con_seq.o
 .ctors         0x00005c10        0x4 console.o
 .ctors         0x00005c14        0x4 gor_00.o
 .ctors         0x00005c18        0x4 mri.o
 *(SORT_BY_NAME(.ctors.*))
 *(.ctors)
                0x00005c20                        . = ALIGN (0x20)
 *fill*         0x00005c1c        0x4 

.dtors          0x00005c20        0x0
 *crtbegin.o(.dtors)
 *(EXCLUDE_FILE(*crtend.o) .dtors)
 *(SORT_BY_NAME(.dtors.*))
 *(.dtors)
                0x00005c20                        . = ALIGN (0x20)

.jcr
 *(.jcr)

.got
 *(.got.plt)
 *(.got)

.sdata          0x00005c20        0x0
                [!provide]                        PROVIDE (_SDA_BASE_ = .)
 *(.sdata)
 *(.sdata.*)
 *(.gnu.linkonce.s.*)
                0x00005c20                        . = ALIGN (0x20)
                0x00005c20                        _edata = .
                [!provide]                        PROVIDE (edata = .)

.sbss           0x00005c20        0x0
                0x00005c20                        __sbss_start = .
                [!provide]                        PROVIDE (__sbss_start = .)
                [!provide]                        PROVIDE (___sbss_start = .)
 *(.dynsbss)
 *(.sbss)
 *(.sbss.*)
 *(.gnu.linkonce.sb.*)
 *(.scommon)
                [!provide]                        PROVIDE (__sbss_end = .)
                [!provide]                        PROVIDE (___sbss_end = .)
                0x00005c20                        . = ALIGN (0x20)
                0x00005c20                        __sbss_end = .

.bss            0x00005c20      0x140
                0x00005c20                        __bss_start = .
                [!provide]                        PROVIDE (__bss_start = .)
 *(.dynbss)
 *(.bss)
 *(.bss.*)
 .bss._ZN3mod3owr25g_stg0_00_init_trampolineE
                0x00005c20        0x4 OWR.o
                0x00005c20                _ZN3mod3owr25g_stg0_00_init_trampolineE
 .bss._ZN3mod3owr19g_OSLink_trampolineE
                0x00005c24        0x4 OWR.o
                0x00005c24                _ZN3mod3owr19g_OSLink_trampolineE
 .bss._ZN3mod3owr5gSelfE
                0x00005c28        0x4 OWR.o
                0x00005c28                _ZN3mod3owr5gSelfE
 .bss._ZN3mod3owr7item_dbE
                0x00005c2c        0x4 OWR.o
                0x00005c2c                _ZN3mod3owr7item_dbE
 .bss._ZN3modL12mod_if_obj22E
                0x00005c30        0x8 con_mario.o
 .bss._ZN3mod14mario_show_posE
                0x00005c38       0x10 con_mario.o
                0x00005c38                _ZN3mod14mario_show_posE
 .bss._ZN3mod13mario_set_posE
                0x00005c48        0xc con_mario.o
                0x00005c48                _ZN3mod13mario_set_posE
 .bss._ZN3modL12mod_if_obj46E
                0x00005c54        0x8 con_perf.o
 .bss._ZN3mod14mem_debug_heapE
                0x00005c5c       0x10 con_perf.o
                0x00005c5c                _ZN3mod14mem_debug_heapE
 .bss._ZN3mod15perf_fake_spikeE
                0x00005c6c        0xc con_perf.o
                0x00005c6c                _ZN3mod15perf_fake_spikeE
 .bss._ZN3mod14seq_change_mapE
                0x00005c78        0xc con_seq.o
                0x00005c78                _ZN3mod14seq_change_mapE
 .bss._ZN3modL12mod_if_obj16E
                0x00005c84        0x8 con_seq.o
 .bss._ZN3mod24gTrampoline_seq_logoMainE
                0x00005c8c        0x4 con_seq.o
                0x00005c8c                _ZN3mod24gTrampoline_seq_logoMainE
 .bss._ZN3mod13seq_logo_skipE
                0x00005c90       0x10 con_seq.o
                0x00005c90                _ZN3mod13seq_logo_skipE
 .bss._ZN3mod4findE
                0x00005ca0        0xc console.o
                0x00005ca0                _ZN3mod4findE
 .bss._ZN3mod11con_ug_chanE
                0x00005cac       0x10 console.o
                0x00005cac                _ZN3mod11con_ug_chanE
 .bss._ZN3mod11con_ug_modeE
                0x00005cbc       0x10 console.o
                0x00005cbc                _ZN3mod11con_ug_modeE
 .bss._ZN3mod21con_log_fade_durationE
                0x00005ccc       0x10 console.o
                0x00005ccc                _ZN3mod21con_log_fade_durationE
 .bss._ZN3mod18con_log_fade_startE
                0x00005cdc       0x10 console.o
                0x00005cdc                _ZN3mod18con_log_fade_startE
 .bss._ZN3mod12con_log_fadeE
                0x00005cec       0x10 console.o
                0x00005cec                _ZN3mod12con_log_fadeE
 .bss._ZN3mod13con_log_levelE
                0x00005cfc       0x10 console.o
                0x00005cfc                _ZN3mod13con_log_levelE
 .bss._ZN3mod11con_rainbowE
                0x00005d0c       0x10 console.o
                0x00005d0c                _ZN3mod11con_rainbowE
 .bss._ZN3mod8con_monoE
                0x00005d1c       0x10 console.o
                0x00005d1c                _ZN3mod8con_monoE
 .bss._ZN3mod8con_showE
                0x00005d2c       0x10 console.o
                0x00005d2c                _ZN3mod8con_showE
 .bss._ZN3mod8gConsoleE
                0x00005d3c        0x4 console.o
                0x00005d3c                _ZN3mod8gConsoleE
 .bss._ZN3mod9ConIntVar6sFirstE
                0x00005d40        0x4 console.o
                0x00005d40                _ZN3mod9ConIntVar6sFirstE
 .bss._ZN3mod10ConCommand6sFirstE
                0x00005d44        0x4 console.o
                0x00005d44                _ZN3mod10ConCommand6sFirstE
 .bss._ZN3mod4gModE
                0x00005d48        0x4 mod.o
                0x00005d48                _ZN3mod4gModE
 .bss._ZN17ModUpdateFunction6sFirstE
                0x00005d4c        0x4 mod.o
                0x00005d4c                _ZN17ModUpdateFunction6sFirstE
 .bss._ZN15ModInitFunction6sFirstE
                0x00005d50        0x4 mod.o
                0x00005d50                _ZN15ModInitFunction6sFirstE
 *(.gnu.linkonce.b.*)
 *(COMMON)
                0x00005d60                        . = ALIGN (0x20)
 *fill*         0x00005d54        0xc 
                [!provide]                        PROVIDE (__bss_end = .)
                0x00005d60                        __bss_end = .
                0x00005d60                        _end = .
                [!provide]                        PROVIDE (end = .)

.bss._ZZNK3mod14seq_change_mapMUlPKcE_clES2_E8beroName
                0x00000000       0x20
 .bss._ZZNK3mod14seq_change_mapMUlPKcE_clES2_E8beroName
                0x00000000       0x20 con_seq.o
                0x00000000                _ZZNK3mod14seq_change_mapMUlPKcE_clES1_E8beroName
                0x00000000                _ZZNK3mod14seq_change_mapMUlPKcE_clES2_E8beroName

.bss._ZZNK3mod14seq_change_mapMUlPKcE_clES2_E7mapName
                0x00000000       0x20
 .bss._ZZNK3mod14seq_change_mapMUlPKcE_clES2_E7mapName
                0x00000000       0x20 con_seq.o
                0x00000000                _ZZNK3mod14seq_change_mapMUlPKcE_clES2_E7mapName
                0x00000000                _ZZNK3mod14seq_change_mapMUlPKcE_clES1_E7mapName

.stab
 *(.stab)

.stabstr
 *(.stabstr)

.stab.excl
 *(.stab.excl)

.stab.exclstr
 *(.stab.exclstr)

.stab.index
 *(.stab.index)

.stab.indexstr
 *(.stab.indexstr)

.comment        0x00000000      0x3f0
 *(.comment)
 .comment       0x00000000       0x24 OWR.o
 .comment       0x00000024       0x24 common.o
 .comment       0x00000048       0x24 con_mario.o
 .comment       0x0000006c       0x24 con_perf.o
 .comment       0x00000090       0x24 con_seq.o
 .comment       0x000000b4       0x24 console.o
 .comment       0x000000d8       0x24 cxx.o
 .comment       0x000000fc       0x24 keyboard.o
 .comment       0x00000120       0x24 mod.o
 .comment       0x00000144       0x24 patch.o
 .comment       0x00000168       0x24 rel.o
 .comment       0x0000018c       0x24 ug.o
 .comment       0x000001b0       0x24 util.o
 .comment       0x000001d4       0x24 gon.o
 .comment       0x000001f8       0x24 gor_00.o
 .comment       0x0000021c       0x24 gor_01.o
 .comment       0x00000240       0x24 gor_02.o
 .comment       0x00000264       0x24 gor_03.o
 .comment       0x00000288       0x24 gor_04.o
 .comment       0x000002ac       0x24 gor_misc.o
 .comment       0x000002d0       0x24 hei.o
 .comment       0x000002f4       0x24 mri.o
 .comment       0x00000318       0x24 nok.o
 .comment       0x0000033c       0x24 tou.o
 .comment       0x00000360       0x24 tou2.o
 .comment       0x00000384       0x24 usu.o
 .comment       0x000003a8       0x24 win.o
 .comment       0x000003cc       0x24 C:/devkitPro/devkitPPC/bin/../lib/gcc/powerpc-eabi/13.1.0\libgcc.a(_divdi3.o)

.gnu.attributes
                0x00000000       0x10
 .gnu.attributes
                0x00000000       0x10 OWR.o
 .gnu.attributes
                0x00000010       0x10 common.o
 .gnu.attributes
                0x00000020       0x10 con_mario.o
 .gnu.attributes
                0x00000030       0x10 con_perf.o
 .gnu.attributes
                0x00000040       0x10 console.o
 .gnu.attributes
                0x00000050       0x10 mod.o

.group          0x00000000        0xc
 .group         0x00000000        0xc con_mario.o

.group          0x00000000        0xc
 .group         0x00000000        0xc con_perf.o

.group          0x00000000        0xc
 .group         0x00000000        0xc con_seq.o

.group          0x00000000        0x8
 .group         0x00000000        0x8 con_seq.o

.group          0x00000000        0x8
 .group         0x00000000        0x8 con_seq.o

.group          0x00000000        0xc
 .group         0x00000000        0xc console.o

.debug
 *(.debug)

.line
 *(.line)

.debug_srcinfo
 *(.debug_srcinfo)

.debug_sfnames
 *(.debug_sfnames)

.debug_aranges  0x00000000      0x5c0
 *(.debug_aranges)
 .debug_aranges
                0x00000000       0x80 OWR.o
 .debug_aranges
                0x00000080       0x60 common.o
 .debug_aranges
                0x000000e0       0x30 con_mario.o
 .debug_aranges
                0x00000110       0x30 con_perf.o
 .debug_aranges
                0x00000140       0x38 con_seq.o
 .debug_aranges
                0x00000178       0xb0 console.o
 .debug_aranges
                0x00000228       0x38 cxx.o
 .debug_aranges
                0x00000260       0x40 keyboard.o
 .debug_aranges
                0x000002a0       0x58 mod.o
 .debug_aranges
                0x000002f8       0x78 patch.o
 .debug_aranges
                0x00000370       0x30 rel.o
 .debug_aranges
                0x000003a0       0x30 ug.o
 .debug_aranges
                0x000003d0       0x20 util.o
 .debug_aranges
                0x000003f0       0x20 gon.o
 .debug_aranges
                0x00000410       0x28 gor_00.o
 .debug_aranges
                0x00000438       0x20 gor_01.o
 .debug_aranges
                0x00000458       0x20 gor_02.o
 .debug_aranges
                0x00000478       0x20 gor_03.o
 .debug_aranges
                0x00000498       0x20 gor_04.o
 .debug_aranges
                0x000004b8       0x20 gor_misc.o
 .debug_aranges
                0x000004d8       0x20 hei.o
 .debug_aranges
                0x000004f8       0x28 mri.o
 .debug_aranges
                0x00000520       0x20 nok.o
 .debug_aranges
                0x00000540       0x20 tou.o
 .debug_aranges
                0x00000560       0x20 tou2.o
 .debug_aranges
                0x00000580       0x20 usu.o
 .debug_aranges
                0x000005a0       0x20 win.o

.debug_pubnames
 *(.debug_pubnames)

.debug_info     0x00000000    0x28b16
 *(.debug_info)
 .debug_info    0x00000000     0x36b3 OWR.o
 .debug_info    0x000036b3      0xf16 common.o
 .debug_info    0x000045c9     0x2576 con_mario.o
 .debug_info    0x00006b3f     0x20ea con_perf.o
 .debug_info    0x00008c29     0x21f8 con_seq.o
 .debug_info    0x0000ae21     0x3e13 console.o
 .debug_info    0x0000ec34      0x394 cxx.o
 .debug_info    0x0000efc8      0xfaf keyboard.o
 .debug_info    0x0000ff77     0x32f9 mod.o
 .debug_info    0x00013270     0x15c5 patch.o
 .debug_info    0x00014835       0xf3 rel.o
 .debug_info    0x00014928      0x8d5 ug.o
 .debug_info    0x000151fd      0x693 util.o
 .debug_info    0x00015890     0x1184 gon.o
 .debug_info    0x00016a14     0x1e98 gor_00.o
 .debug_info    0x000188ac     0x1722 gor_01.o
 .debug_info    0x00019fce     0x1846 gor_02.o
 .debug_info    0x0001b814     0x16b6 gor_03.o
 .debug_info    0x0001ceca     0x10b2 gor_04.o
 .debug_info    0x0001df7c     0x106c gor_misc.o
 .debug_info    0x0001efe8     0x1120 hei.o
 .debug_info    0x00020108     0x1e6c mri.o
 .debug_info    0x00021f74     0x19ee nok.o
 .debug_info    0x00023962     0x1a45 tou.o
 .debug_info    0x000253a7     0x1134 tou2.o
 .debug_info    0x000264db     0x107a usu.o
 .debug_info    0x00027555     0x15c1 win.o

.debug_abbrev   0x00000000     0x541b
 *(.debug_abbrev)
 .debug_abbrev  0x00000000      0x7b2 OWR.o
 .debug_abbrev  0x000007b2      0x21a common.o
 .debug_abbrev  0x000009cc      0x5ff con_mario.o
 .debug_abbrev  0x00000fcb      0x620 con_perf.o
 .debug_abbrev  0x000015eb      0x667 con_seq.o
 .debug_abbrev  0x00001c52      0x991 console.o
 .debug_abbrev  0x000025e3      0x170 cxx.o
 .debug_abbrev  0x00002753      0x36e keyboard.o
 .debug_abbrev  0x00002ac1      0x78b mod.o
 .debug_abbrev  0x0000324c      0x2bd patch.o
 .debug_abbrev  0x00003509       0xeb rel.o
 .debug_abbrev  0x000035f4      0x230 ug.o
 .debug_abbrev  0x00003824      0x12d util.o
 .debug_abbrev  0x00003951      0x183 gon.o
 .debug_abbrev  0x00003ad4      0x28f gor_00.o
 .debug_abbrev  0x00003d63      0x20e gor_01.o
 .debug_abbrev  0x00003f71      0x237 gor_02.o
 .debug_abbrev  0x000041a8      0x20e gor_03.o
 .debug_abbrev  0x000043b6      0x183 gor_04.o
 .debug_abbrev  0x00004539      0x183 gor_misc.o
 .debug_abbrev  0x000046bc      0x183 hei.o
 .debug_abbrev  0x0000483f      0x27b mri.o
 .debug_abbrev  0x00004aba      0x237 nok.o
 .debug_abbrev  0x00004cf1      0x203 tou.o
 .debug_abbrev  0x00004ef4      0x183 tou2.o
 .debug_abbrev  0x00005077      0x196 usu.o
 .debug_abbrev  0x0000520d      0x20e win.o

.debug_line     0x00000000     0xe25f
 *(.debug_line)
 .debug_line    0x00000000      0xbc1 OWR.o
 .debug_line    0x00000bc1      0x39d common.o
 .debug_line    0x00000f5e      0x4ce con_mario.o
 .debug_line    0x0000142c      0x5e4 con_perf.o
 .debug_line    0x00001a10      0x59e con_seq.o
 .debug_line    0x00001fae     0x1f5f console.o
 .debug_line    0x00003f0d      0x1c9 cxx.o
 .debug_line    0x000040d6      0xcb4 keyboard.o
 .debug_line    0x00004d8a      0x732 mod.o
 .debug_line    0x000054bc      0x80c patch.o
 .debug_line    0x00005cc8      0x226 rel.o
 .debug_line    0x00005eee      0x4ad ug.o
 .debug_line    0x0000639b      0x2cc util.o
 .debug_line    0x00006667      0x759 gon.o
 .debug_line    0x00006dc0      0x982 gor_00.o
 .debug_line    0x00007742      0x6f0 gor_01.o
 .debug_line    0x00007e32      0x87d gor_02.o
 .debug_line    0x000086af      0x8fc gor_03.o
 .debug_line    0x00008fab      0x500 gor_04.o
 .debug_line    0x000094ab      0x3c5 gor_misc.o
 .debug_line    0x00009870      0x5c2 hei.o
 .debug_line    0x00009e32     0x13e1 mri.o
 .debug_line    0x0000b213      0x61a nok.o
 .debug_line    0x0000b82d     0x198c tou.o
 .debug_line    0x0000d1b9      0x795 tou2.o
 .debug_line    0x0000d94e      0x2f9 usu.o
 .debug_line    0x0000dc47      0x618 win.o

.debug_frame
 *(.debug_frame)

.debug_str      0x00000000    0x2c701
 *(.debug_str)
 .debug_str     0x00000000     0x2c84 OWR.o
 .debug_str     0x00002c84     0x13e4 common.o
 .debug_str     0x00004068     0x1a59 con_mario.o
 .debug_str     0x00005ac1     0x160e con_perf.o
 .debug_str     0x000070cf     0x17a6 con_seq.o
 .debug_str     0x00008875     0x19f9 console.o
 .debug_str     0x0000a26e      0x34e cxx.o
 .debug_str     0x0000a5bc      0x955 keyboard.o
 .debug_str     0x0000af11     0x2d04 mod.o
 .debug_str     0x0000dc15      0x6eb patch.o
 .debug_str     0x0000e300      0x191 rel.o
 .debug_str     0x0000e491      0x39b ug.o
 .debug_str     0x0000e82c      0x3eb util.o
 .debug_str     0x0000ec17     0x1eb9 gon.o
 .debug_str     0x00010ad0     0x27fb gor_00.o
 .debug_str     0x000132cb     0x21fe gor_01.o
 .debug_str     0x000154c9     0x23d3 gor_02.o
 .debug_str     0x0001789c     0x22e6 gor_03.o
 .debug_str     0x00019b82     0x1d81 gor_04.o
 .debug_str     0x0001b903     0x1d25 gor_misc.o
 .debug_str     0x0001d628     0x1e0d hei.o
 .debug_str     0x0001f435     0x2a40 mri.o
 .debug_str     0x00021e75     0x2421 nok.o
 .debug_str     0x00024296     0x2792 tou.o
 .debug_str     0x00026a28     0x1e2b tou2.o
 .debug_str     0x00028853     0x1d05 usu.o
 .debug_str     0x0002a558     0x21a9 win.o

.debug_loc
 *(.debug_loc)

.debug_macinfo
 *(.debug_macinfo)

.debug_weaknames
 *(.debug_weaknames)

.debug_funcnames
 *(.debug_funcnames)

.debug_typenames
 *(.debug_typenames)

.debug_varnames
 *(.debug_varnames)
                0x00000000                        __isIPL = 0x0
                0x00025d60                        __stack_addr = ((((__bss_start + SIZEOF (.bss)) + 0x20000) + 0x7) & 0xfffffffffffffff8)
                0x00005d60                        __stack_end = (__bss_start + SIZEOF (.bss))
                0x00029d60                        __intrstack_addr = (__stack_addr + 0x4000)
                0x00025d60                        __intrstack_end = __stack_addr
                0x00029d60                        __Arena1Lo = ((__intrstack_addr + 0x1f) & 0xffffffffffffffe0)
                0x817feff0                        __Arena1Hi = 0x817feff0
                0x817ff000                        __gxregs = ((__Arena1Hi + 0x1f) & 0xffffffffffffffe0)
                [!provide]                        PROVIDE (__stack = 0x817feff0)
                [!provide]                        PROVIDE (__isIPL = __isIPL)
                [!provide]                        PROVIDE (__stack_addr = __stack_addr)
                [!provide]                        PROVIDE (__stack_end = __stack_end)
                [!provide]                        PROVIDE (__intrstack_addr = __intrstack_addr)
                [!provide]                        PROVIDE (__intrstack_end = __intrstack_end)
                [!provide]                        PROVIDE (__Arena1Lo = __Arena1Lo)
                [!provide]                        PROVIDE (__Arena1Hi = __Arena1Hi)
                [!provide]                        PROVIDE (__gxregs = __gxregs)
LOAD H:/GhidraProjects/TTYDAP/TTYDAP/rel/source/cxx.ld
                0x00005c00                        _ctors_start = ADDR (.ctors)
                0x00005c20                        _ctors_end = (_ctors_start + SIZEOF (.ctors))
                0x00005c20                        _dtors_start = ADDR (.dtors)
                0x00005c20                        _dtors_end = (_dtors_start + SIZEOF (.dtors))
LOAD OWR.o
LOAD common.o
LOAD con_mario.o
LOAD con_perf.o
LOAD con_seq.o
LOAD console.o
LOAD cxx.o
LOAD keyboard.o
LOAD mod.o
LOAD patch.o
LOAD rel.o
LOAD ug.o
LOAD util.o
LOAD gon.o
LOAD gor_00.o
LOAD gor_01.o
LOAD gor_02.o
LOAD gor_03.o
LOAD gor_04.o
LOAD gor_misc.o
LOAD hei.o
LOAD mri.o
LOAD nok.o
LOAD tou.o
LOAD tou2.o
LOAD usu.o
LOAD win.o
LOAD patch_ih.o
LOAD C:/devkitPro/devkitPPC/bin/../lib/gcc/powerpc-eabi/13.1.0\libgcc.a
OUTPUT(H:/GhidraProjects/TTYDAP/TTYDAP/rel/rel.jp.elf elf32-powerpc)

.debug_loclists
                0x00000000     0x465e
 .debug_loclists
                0x00000000      0x75d OWR.o
 .debug_loclists
                0x0000075d      0x151 common.o
 .debug_loclists
                0x000008ae       0xa9 con_mario.o
 .debug_loclists
                0x00000957      0x2eb con_perf.o
 .debug_loclists
                0x00000c42       0xf8 con_seq.o
 .debug_loclists
                0x00000d3a     0x1cd1 console.o
 .debug_loclists
                0x00002a0b       0x54 cxx.o
 .debug_loclists
                0x00002a5f      0x886 keyboard.o
 .debug_loclists
                0x000032e5      0x154 mod.o
 .debug_loclists
                0x00003439      0xc5e patch.o
 .debug_loclists
                0x00004097      0x2cd ug.o
 .debug_loclists
                0x00004364       0xd6 util.o
 .debug_loclists
                0x0000443a       0x2a gon.o
 .debug_loclists
                0x00004464       0x2a gor_00.o
 .debug_loclists
                0x0000448e       0x2a gor_01.o
 .debug_loclists
                0x000044b8       0x2a gor_02.o
 .debug_loclists
                0x000044e2       0x2a gor_03.o
 .debug_loclists
                0x0000450c       0x2a gor_04.o
 .debug_loclists
                0x00004536       0x2a gor_misc.o
 .debug_loclists
                0x00004560       0x2a hei.o
 .debug_loclists
                0x0000458a       0x2a mri.o
 .debug_loclists
                0x000045b4       0x2a nok.o
 .debug_loclists
                0x000045de       0x2c tou.o
 .debug_loclists
                0x0000460a       0x2a tou2.o
 .debug_loclists
                0x00004634       0x2a win.o

.debug_rnglists
                0x00000000     0x1303
 .debug_rnglists
                0x00000000      0x15d OWR.o
 .debug_rnglists
                0x0000015d       0x43 common.o
 .debug_rnglists
                0x000001a0       0x95 con_mario.o
 .debug_rnglists
                0x00000235       0xb4 con_perf.o
 .debug_rnglists
                0x000002e9       0xc4 con_seq.o
 .debug_rnglists
                0x000003ad      0x71c console.o
 .debug_rnglists
                0x00000ac9       0x25 cxx.o
 .debug_rnglists
                0x00000aee      0x315 keyboard.o
 .debug_rnglists
                0x00000e03       0xc5 mod.o
 .debug_rnglists
                0x00000ec8      0x23d patch.o
 .debug_rnglists
                0x00001105       0x47 rel.o
 .debug_rnglists
                0x0000114c       0x73 ug.o
 .debug_rnglists
                0x000011bf       0x21 util.o
 .debug_rnglists
                0x000011e0       0x14 gon.o
 .debug_rnglists
                0x000011f4       0x1a gor_00.o
 .debug_rnglists
                0x0000120e       0x14 gor_01.o
 .debug_rnglists
                0x00001222       0x14 gor_02.o
 .debug_rnglists
                0x00001236       0x14 gor_03.o
 .debug_rnglists
                0x0000124a       0x14 gor_04.o
 .debug_rnglists
                0x0000125e       0x14 gor_misc.o
 .debug_rnglists
                0x00001272       0x14 hei.o
 .debug_rnglists
                0x00001286       0x1a mri.o
 .debug_rnglists
                0x000012a0       0x14 nok.o
 .debug_rnglists
                0x000012b4       0x14 tou.o
 .debug_rnglists
                0x000012c8       0x14 tou2.o
 .debug_rnglists
                0x000012dc       0x13 usu.o
 .debug_rnglists
                0x000012ef       0x14 win.o
