Archive member included to satisfy reference by file (symbol)

C:/devkitPro/devkitPPC/bin/../lib/gcc/powerpc-eabi/13.1.0\libgcc.a(_divdi3.o)
                              console.o (__divdi3)

Discarded input sections

 .text          0x00000000        0x0 OWR.o
 .data          0x00000000        0x0 OWR.o
 .bss           0x00000000        0x0 OWR.o
 .text._Z13strcpy_StringPcPKc
                0x00000000        0x4 OWR.o
 .text._ZN3mod3owr3OWR12SequenceInitEv
                0x00000000       0x3c OWR.o
 .text._ZN3mod3owr3OWR6LZTestEv
                0x00000000       0x48 OWR.o
 .text._ZN3mod3owr3OWR11NewFileInitEv
                0x00000000        0x4 OWR.o
 .text._ZN3mod3owr3OWR10DrawStringEPKciijf
                0x00000000       0xb0 OWR.o
 .bss._ZN3mod3owr22g_itemEntry_trampolineE
                0x00000000        0x4 OWR.o
 .rodata.cst4   0x00000000        0x4 OWR.o
 .text          0x00000000        0x0 StateManager.o
 .data          0x00000000        0x0 StateManager.o
 .bss           0x00000000        0x0 StateManager.o
 .debug_line    0x00000000        0x0 StateManager.o
 .debug_str     0x00000000      0x123 StateManager.o
 .comment       0x00000000       0x24 StateManager.o
 .text          0x00000000        0x0 common.o
 .data          0x00000000        0x0 common.o
 .bss           0x00000000        0x0 common.o
 .text._ZN3mod6common14GetCurrentAreaEv
                0x00000000       0x1c common.o
 .text._ZN3mod6common13GetCurrentMapEv
                0x00000000       0x1c common.o
 .text._ZN3mod6common11GetFilenameEv
                0x00000000       0x1c common.o
 .text._ZN3mod6common16GetStorySequenceEv
                0x00000000       0x24 common.o
 .text._ZN3mod6common14GetPitSequenceEv
                0x00000000       0x2c common.o
 .text._ZN3mod6common17GetSavedFlagValueEi
                0x00000000       0x44 common.o
 .text._ZN3mod6common21HasKeyItemInInventoryEs
                0x00000000       0x60 common.o
 .text._ZN3mod6common25GetBattleWindowDataOffsetEv
                0x00000000       0x1c common.o
 .text._ZN3mod6common21GetStatusWindowHeightEv
                0x00000000       0x28 common.o
 .data._ZN3mod6common29kUnknownStatusWindowStructPtrE
                0x00000000        0x4 common.o
 .data._ZN3mod6common10kBattlePtrE
                0x00000000        0x4 common.o
 .data._ZN3mod6common9kPouchPtrE
                0x00000000        0x4 common.o
 .data._ZN3mod6common12kSaveDataPtrE
                0x00000000        0x4 common.o
 .rodata._ZN3mod6common32kUltraHammerChestDespawnIdOffsetE
                0x00000000        0x4 common.o
 .rodata._ZN3mod6common27kObjectCollectionExprOffsetE
                0x00000000        0x4 common.o
 .rodata._ZN3mod6common27kObjectChestScriptPtrOffsetE
                0x00000000        0x4 common.o
 .rodata._ZN3mod6common33kMujModuleFlavioDesiredItemOffsetE
                0x00000000        0x4 common.o
 .rodata._ZN3mod6common36kJinModuleAtomicBooItemGswfSetOffsetE
                0x00000000        0x4 common.o
 .rodata._ZN3mod6common39kJinModuleAtomicBooItemObjectFlagOffsetE
                0x00000000        0x4 common.o
 .rodata._ZN3mod6common32kPitModuleCharlietonChanceOffsetE
                0x00000000        0x4 common.o
 .rodata._ZN3mod6common22kPitModuleNpcArrOffsetE
                0x00000000        0x4 common.o
 .rodata._ZN3mod6common23kSavedWordFlagBaseValueE
                0x00000000        0x4 common.o
 .data._ZN3mod6common20kPiantaParlorItemArrE
                0x00000000        0x4 common.o
 .data._ZN3mod6common21kPitCharlietonItemArrE
                0x00000000        0x4 common.o
 .data._ZN3mod6common12kHowzItemArrE
                0x00000000        0x4 common.o
 .data._ZN3mod6common18kCharlietonItemArrE
                0x00000000        0x4 common.o
 .data._ZN3mod6common14kDazzleItemArrE
                0x00000000        0x4 common.o
 .data._ZN3mod6common20kSuperguardFramesArrE
                0x00000000        0x4 common.o
 .data._ZN3mod6common15kGuardFramesArrE
                0x00000000        0x4 common.o
 .data._ZN3mod6common25kSuperChargePartnerParamsE
                0x00000000        0x4 common.o
 .data._ZN3mod6common18kSuperChargeParamsE
                0x00000000        0x4 common.o
 .data._ZN3mod6common19kPiercingBlowParamsE
                0x00000000        0x4 common.o
 .data._ZN3mod6common18kHammerThrowParamsE
                0x00000000        0x4 common.o
 .data._ZN3mod6common17kKoopaCurseParamsE
                0x00000000        0x4 common.o
 .data._ZN3mod6common15kTradeOffParamsE
                0x00000000        0x4 common.o
 .data._ZN3mod6common17kGulpRecoilParamsE
                0x00000000        0x4 common.o
 .data._ZN3mod6common24kUltraHammerRecoilParamsE
                0x00000000        0x4 common.o
 .data._ZN3mod6common24kSuperHammerRecoilParamsE
                0x00000000        0x4 common.o
 .data._ZN3mod6common8kNextMapE
                0x00000000        0x4 common.o
 .rodata.cst4   0x00000000        0x4 common.o
 .text          0x00000000        0x0 con_mario.o
 .data          0x00000000        0x0 con_mario.o
 .bss           0x00000000        0x0 con_mario.o
 .text          0x00000000        0x0 con_perf.o
 .data          0x00000000        0x0 con_perf.o
 .bss           0x00000000        0x0 con_perf.o
 .text          0x00000000        0x0 con_seq.o
 .data          0x00000000        0x0 con_seq.o
 .bss           0x00000000        0x0 con_seq.o
 .text          0x00000000        0x0 console.o
 .data          0x00000000        0x0 console.o
 .bss           0x00000000        0x0 console.o
 .text._ZN3mod13ConsoleSystem8logDebugEPKcz
                0x00000000       0xbc console.o
 .text._ZN3mod13ConsoleSystem12setMonospaceEb
                0x00000000       0x30 console.o
 .text._ZN3mod13ConsoleSystem8drawLineEiPKcN2gc6color4E
                0x00000000       0xd4 console.o
 .text._ZN3mod13ConsoleSystem14updateUsbGeckoEv
                0x00000000       0x14 console.o
 .text          0x00000000        0x0 cxx.o
 .data          0x00000000        0x0 cxx.o
 .bss           0x00000000        0x0 cxx.o
 .text._ZdlPv   0x00000000        0xc cxx.o
 .text._ZdaPv   0x00000000        0xc cxx.o
 .text          0x00000000        0x0 keyboard.o
 .data          0x00000000        0x0 keyboard.o
 .bss           0x00000000        0x0 keyboard.o
 .text._ZN3mod8Keyboard10setChannelEi
                0x00000000       0xc4 keyboard.o
 .text._ZN3mod8Keyboard7connectEv
                0x00000000       0x78 keyboard.o
 .text._ZN3mod8Keyboard10disconnectEv
                0x00000000       0x4c keyboard.o
 .text          0x00000000        0x0 mod.o
 .data          0x00000000        0x0 mod.o
 .bss           0x00000000        0x0 mod.o
 .text._ZN3mod3ModC2Ev
                0x00000000       0xa0 mod.o
 .text._ZN3mod3Mod11updateEarlyEv
                0x00000000       0x90 mod.o
 .text._ZN3mod3Mod4drawEv
                0x00000000        0x8 mod.o
 .text          0x00000000        0x0 patch.o
 .data          0x00000000        0x0 patch.o
 .bss           0x00000000        0x0 patch.o
 .text._ZN3mod5patch21writeStandardBranchesEPvPFvvES3_
                0x00000000       0x80 patch.o
 .text._ZN3mod5patch15replaceEvtInstrEPit
                0x00000000        0x8 patch.o
 .text._ZN3mod5patch14writeEvtBranchEPiPKib
                0x00000000       0x1c patch.o
 .text._ZN3mod5patch15writeBranchMainEPvS1_j
                0x00000000       0x48 patch.o
 .text._ZN3mod5patch10writePatchEPvPKvS3_
                0x00000000       0x7c patch.o
 .text._ZN3mod5patch10writePatchEPvj
                0x00000000       0x6c patch.o
 .text._ZN3mod5patch15writeBranchPairEPvS1_S1_S1_
                0x00000000       0x88 patch.o
 .text          0x00000000        0x0 rel.o
 .data          0x00000000        0x0 rel.o
 .bss           0x00000000        0x0 rel.o
 .text          0x00000000        0x0 ug.o
 .data          0x00000000        0x0 ug.o
 .bss           0x00000000        0x0 ug.o
 .text          0x00000000        0x0 util.o
 .data          0x00000000        0x0 util.o
 .bss           0x00000000        0x0 util.o
 .text          0x00000000        0x0 aaa.o
 .data          0x00000000        0x0 aaa.o
 .bss           0x00000000        0x0 aaa.o
 .text          0x00000000        0x0 aji.o
 .data          0x00000000        0x0 aji.o
 .bss           0x00000000        0x0 aji.o
 .text          0x00000000        0x0 bom.o
 .data          0x00000000        0x0 bom.o
 .bss           0x00000000        0x0 bom.o
 .text          0x00000000        0x0 dou.o
 .data          0x00000000        0x0 dou.o
 .bss           0x00000000        0x0 dou.o
 .text          0x00000000        0x0 eki.o
 .data          0x00000000        0x0 eki.o
 .bss           0x00000000        0x0 eki.o
 .text          0x00000000        0x0 end.o
 .data          0x00000000        0x0 end.o
 .bss           0x00000000        0x0 end.o
 .text          0x00000000        0x0 gon.o
 .data          0x00000000        0x0 gon.o
 .bss           0x00000000        0x0 gon.o
 .text          0x00000000        0x0 gor_00.o
 .data          0x00000000        0x0 gor_00.o
 .bss           0x00000000        0x0 gor_00.o
 .text          0x00000000        0x0 gor_01.o
 .data          0x00000000        0x0 gor_01.o
 .bss           0x00000000        0x0 gor_01.o
 .text          0x00000000        0x0 gor_02.o
 .data          0x00000000        0x0 gor_02.o
 .bss           0x00000000        0x0 gor_02.o
 .text          0x00000000        0x0 gor_03.o
 .data          0x00000000        0x0 gor_03.o
 .bss           0x00000000        0x0 gor_03.o
 .text          0x00000000        0x0 gor_04.o
 .data          0x00000000        0x0 gor_04.o
 .bss           0x00000000        0x0 gor_04.o
 .text          0x00000000        0x0 gor_misc.o
 .data          0x00000000        0x0 gor_misc.o
 .bss           0x00000000        0x0 gor_misc.o
 .text          0x00000000        0x0 gra.o
 .data          0x00000000        0x0 gra.o
 .bss           0x00000000        0x0 gra.o
 .text          0x00000000        0x0 hei.o
 .data          0x00000000        0x0 hei.o
 .bss           0x00000000        0x0 hei.o
 .text          0x00000000        0x0 hom.o
 .data          0x00000000        0x0 hom.o
 .bss           0x00000000        0x0 hom.o
 .text          0x00000000        0x0 jin.o
 .data          0x00000000        0x0 jin.o
 .bss           0x00000000        0x0 jin.o
 .text          0x00000000        0x0 kpa.o
 .data          0x00000000        0x0 kpa.o
 .bss           0x00000000        0x0 kpa.o
 .text          0x00000000        0x0 las.o
 .data          0x00000000        0x0 las.o
 .bss           0x00000000        0x0 las.o
 .text._Z15ApplyLasPatchesPN2gc6OSLink12OSModuleInfoE
                0x00000000      0x4b4 las.o
 .text          0x00000000        0x0 main.o
 .data          0x00000000        0x0 main.o
 .bss           0x00000000        0x0 main.o
 .text          0x00000000        0x0 moo.o
 .data          0x00000000        0x0 moo.o
 .bss           0x00000000        0x0 moo.o
 .text._Z15ApplyMooPatchesPN2gc6OSLink12OSModuleInfoE
                0x00000000       0xac moo.o
 .rodata._ZL20moo_04_init_evt_hook
                0x00000000       0x28 moo.o
 .rodata._ZL19moo_04_init_evt_evt
                0x00000000      0x144 moo.o
 .text          0x00000000        0x0 mri.o
 .data          0x00000000        0x0 mri.o
 .bss           0x00000000        0x0 mri.o
 .text          0x00000000        0x0 muj.o
 .data          0x00000000        0x0 muj.o
 .bss           0x00000000        0x0 muj.o
 .text          0x00000000        0x0 nok.o
 .data          0x00000000        0x0 nok.o
 .bss           0x00000000        0x0 nok.o
 .text          0x00000000        0x0 pik.o
 .data          0x00000000        0x0 pik.o
 .bss           0x00000000        0x0 pik.o
 .text          0x00000000        0x0 rsh.o
 .data          0x00000000        0x0 rsh.o
 .bss           0x00000000        0x0 rsh.o
 .text          0x00000000        0x0 tik.o
 .data          0x00000000        0x0 tik.o
 .bss           0x00000000        0x0 tik.o
 .text._Z24checkChapterRequirementsPN4ttyd6evtmgr8EvtEntryEb
                0x00000000       0xdc tik.o
 .text          0x00000000        0x0 tou.o
 .data          0x00000000        0x0 tou.o
 .bss           0x00000000        0x0 tou.o
 .text          0x00000000        0x0 tou2.o
 .data          0x00000000        0x0 tou2.o
 .bss           0x00000000        0x0 tou2.o
 .text          0x00000000        0x0 usu.o
 .data          0x00000000        0x0 usu.o
 .bss           0x00000000        0x0 usu.o
 .text          0x00000000        0x0 win.o
 .data          0x00000000        0x0 win.o
 .bss           0x00000000        0x0 win.o
 .data          0x00000000        0x0 asm_main.o
 .bss           0x00000000        0x0 asm_main.o
 .text          0x00000000       0x7c patch_ih.o
 .data          0x00000000        0x0 patch_ih.o
 .bss           0x00000000        0x0 patch_ih.o
 .text          0x00000000        0x0 C:/devkitPro/devkitPPC/bin/../lib/gcc/powerpc-eabi/13.1.0\libgcc.a(_divdi3.o)
 .data          0x00000000        0x0 C:/devkitPro/devkitPPC/bin/../lib/gcc/powerpc-eabi/13.1.0\libgcc.a(_divdi3.o)
 .bss           0x00000000        0x0 C:/devkitPro/devkitPPC/bin/../lib/gcc/powerpc-eabi/13.1.0\libgcc.a(_divdi3.o)

Memory Configuration

Name             Origin             Length             Attributes
*default*        0x00000000         0xffffffff

Linker script and memory map

                0x80003100                        . = 0x80003100

.init
 *crt0.o(*.init)
 *(.init)

.plt
 *(.plt)

.interp
 *(.interp)

.hash
 *(.hash)

.dynsym
 *(.dynsym)

.dynstr
 *(.dynstr)

.gnu.version
 *(.gnu.version)

.gnu.version_d
 *(.gnu.version_d)

.gnu.version_r
 *(.gnu.version_r)

.rel.init
 *(.rel.init)

.rela.init
 *(.rela.init)

.rel.text
 *(.rel.text .rel.text.* .rel.gnu.linkonce.t.*)

.rela.text
 *(.rela.text .rela.text.* .rela.gnu.linkonce.t.*)

.rel.fini
 *(.rel.fini)

.rela.fini
 *(.rela.fini)

.rel.rodata
 *(.rel.rodata .rel.rodata.* .rel.gnu.linkonce.r.*)

.rela.rodata
 *(.rela.rodata .rela.rodata.* .rela.gnu.linkonce.r.*)

.rel.data
 *(.rel.data .rel.data.* .rel.gnu.linkonce.d.*)

.rela.data
 *(.rela.data .rela.data.* .rela.gnu.linkonce.d.*)

.rel.tdata
 *(.rel.tdata .rel.tdata.* .rel.gnu.linkonce.td.*)

.rela.tdata
 *(.rela.tdata .rela.tdata.* .rela.gnu.linkonce.td.*)

.rel.tbss
 *(.rel.tbss .rel.tbss.* .rel.gnu.linkonce.tb.*)

.rela.tbss
 *(.rela.tbss .rela.tbss.* .rela.gnu.linkonce.tb.*)

.rel.ctors
 *(.rel.ctors)

.rela.ctors
 *(.rela.ctors)

.rel.dtors
 *(.rel.dtors)

.rela.dtors
 *(.rela.dtors)

.rel.got
 *(.rel.got)

.rela.got
 *(.rela.got)

.rela.got1
 *(.rela.got1)

.rela.got2
 *(.rela.got2)

.rel.sdata
 *(.rel.sdata .rel.sdata.* .rel.gnu.linkonce.s.*)

.rela.sdata
 *(.rela.sdata .rela.sdata.* .rela.gnu.linkonce.s.*)

.rel.sbss
 *(.rel.sbss .rel.sbss.* .rel.gnu.linkonce.sb.*)

.rela.sbss
 *(.rela.sbss .rela.sbss.* .rel.gnu.linkonce.sb.*)

.rel.sdata2
 *(.rel.sdata2 .rel.sdata2.* .rel.gnu.linkonce.s2.*)

.rela.sdata2
 *(.rela.sdata2 .rela.sdata2.* .rela.gnu.linkonce.s2.*)

.rel.sbss2
 *(.rel.sbss2 .rel.sbss2.* .rel.gnu.linkonce.sb2.*)

.rela.sbss2
 *(.rela.sbss2 .rela.sbss2.* .rela.gnu.linkonce.sb2.*)

.rel.bss
 *(.rel.bss .rel.bss.* .rel.gnu.linkonce.b.*)

.rela.bss
 *(.rela.bss .rela.bss.* .rela.gnu.linkonce.b.*)

.rel.plt
 *(.rel.plt)

.rela.plt
 *(.rela.plt)

.text           0x80003100     0xcb40
 *(.text)
 .text          0x80003100      0x204 asm_main.o
                0x80003100                bMapGXArrInject
                0x8000310c                bMapGXArrInjectReturn
                0x80003110                bMapGXArrIncrement
                0x80003118                bMapGXArrIncrementReturn
                0x8000311c                bMapGXChSplit
                0x80003128                bMapGXChSplitReturn
                0x8000312c                bWinLogArrInject
                0x80003138                bWinLogArrInjectReturn
                0x8000313c                bWinLogArrIncrement
                0x80003144                bWinLogArrIncrementReturn
                0x80003148                bChapterClearCheck
                0x80003190                bJohoyaSeqAddition
                0x800031c8                bPrintPartyAddErrorFix
                0x80003204                bPrintPartyAddErrorFixReturn
                0x80003208                bPrintPartyErrorFix
                0x80003244                bPrintPartyErrorFixReturn
                0x80003248                win_log_mapGX_arr
 *(.text.*)
 *fill*         0x80003304        0x0 00000000
 .text._ZZN3mod3owr3OWR4InitEvENUlvE_4_FUNEv
                0x80003304       0x10 OWR.o
 .text._ZN3mod3owr3OWR12SequenceInitEv.part.0
                0x80003314      0x198 OWR.o
 .text._ZN3mod3owr3OWRC2Ev
                0x800034ac        0xc OWR.o
                0x800034ac                _ZN3mod3owr3OWRC1Ev
                0x800034ac                _ZN3mod3owr3OWRC2Ev
 .text._ZN3mod3owr3OWR4InitEv
                0x800034b8       0xec OWR.o
                0x800034b8                _ZN3mod3owr3OWR4InitEv
 .text._ZN3mod3owr3OWR6UpdateEv
                0x800035a4       0x5c OWR.o
                0x800035a4                _ZN3mod3owr3OWR6UpdateEv
 .text._ZN3mod3owr3OWR4DrawEv
                0x80003600        0x4 OWR.o
                0x80003600                _ZN3mod3owr3OWR4DrawEv
 .text._ZN3mod3owr3OWR14OnModuleLoadedEPN2gc6OSLink12OSModuleInfoE
                0x80003604       0xd4 OWR.o
                0x80003604                _ZN3mod3owr3OWR14OnModuleLoadedEPN2gc6OSLink12OSModuleInfoE
 .text._ZZN3mod3owr3OWR4InitEvENUlPN2gc6OSLink12OSModuleInfoEPvE_4_FUNES5_S6_
                0x800036d8       0x84 OWR.o
 .text.startup._GLOBAL__sub_I__Z13strcpy_StringPcPKc
                0x8000375c       0x14 OWR.o
 .text._ZN3modL13mod_if_func22Ev
                0x80003770       0x54 con_mario.o
 .text.startup._GLOBAL__sub_I__ZN3mod13mario_set_posE
                0x800037c4       0x88 con_mario.o
 .text._ZN3modL13mod_if_func46Ev
                0x8000384c      0x19c con_perf.o
 .text.startup._GLOBAL__sub_I__ZN3mod15perf_fake_spikeE
                0x800039e8       0x8c con_perf.o
 .text._ZZN3modL13mod_if_func16EvENUlPN4ttyd6seqdrv7SeqInfoEE_4_FUNES3_
                0x80003a74       0x44 con_seq.o
 .text._ZN3modL13mod_if_func16Ev
                0x80003ab8       0x74 con_seq.o
 .text.startup._GLOBAL__sub_I__ZN3mod13seq_logo_skipE
                0x80003b2c       0x8c con_seq.o
 .text._ZN3mod13ConsoleSystem4initEv
                0x80003bb8       0x38 console.o
                0x80003bb8                _ZN3mod13ConsoleSystem4initEv
 .text._ZN3mod13ConsoleSystem8logColorEPKcN2gc6color4E
                0x80003bf0      0x2a8 console.o
                0x80003bf0                _ZN3mod13ConsoleSystem8logColorEPKcN2gc6color4E
 .text._ZN3mod13ConsoleSystem7logInfoEPKcz
                0x80003e98       0xb8 console.o
                0x80003e98                _ZN3mod13ConsoleSystem7logInfoEPKcz
 .text._ZN3mod7CC_findEPKc
                0x80003f50      0x12c console.o
                0x80003f50                _ZN3mod7CC_findEPKc
 .text._ZN3mod13ConsoleSystem10logWarningEPKcz
                0x8000407c       0xbc console.o
                0x8000407c                _ZN3mod13ConsoleSystem10logWarningEPKcz
 .text._ZN3mod13ConsoleSystem8logErrorEPKcz
                0x80004138       0xbc console.o
                0x80004138                _ZN3mod13ConsoleSystem8logErrorEPKcz
 .text._ZN3mod13ConsoleSystem7overlayEPKcz
                0x800041f4       0xd0 console.o
                0x800041f4                _ZN3mod13ConsoleSystem7overlayEPKcz
 .text._ZN3mod13ConsoleSystem14processCommandEPKc
                0x800042c4      0x288 console.o
                0x800042c4                _ZN3mod13ConsoleSystem14processCommandEPKc
 .text._ZN3mod13ConsoleSystem12updatePromptEv
                0x8000454c      0x974 console.o
                0x8000454c                _ZN3mod13ConsoleSystem12updatePromptEv
 .text._ZN3mod13ConsoleSystem14updateUsbGeckoEv.part.0
                0x80004ec0      0x19c console.o
 .text._ZN3mod13ConsoleSystem6updateEv
                0x8000505c       0x70 console.o
                0x8000505c                _ZN3mod13ConsoleSystem6updateEv
 .text._ZN3mod13ConsoleSystem4dispEv
                0x800050cc      0x534 console.o
                0x800050cc                _ZN3mod13ConsoleSystem4dispEv
 .text._ZZN3mod13ConsoleSystem6updateEvENUlN4ttyd7dispdrv8CameraIdEPvE_4_FUNES3_S4_
                0x80005600        0x8 console.o
 .text.startup._GLOBAL__sub_I__ZN3mod10ConCommand6sFirstE
                0x80005608      0x1ac console.o
 .text._Znwj    0x800057b4        0xc cxx.o
                0x800057b4                _Znwj
 .text._Znaj    0x800057c0        0xc cxx.o
                0x800057c0                _Znaj
 .text._ZN3mod8KeyboardC2Ei
                0x800057cc       0x84 keyboard.o
                0x800057cc                _ZN3mod8KeyboardC2Ei
                0x800057cc                _ZN3mod8KeyboardC1Ei
 .text._ZN3mod8Keyboard6updateEv
                0x80005850      0x59c keyboard.o
                0x80005850                _ZN3mod8Keyboard6updateEv
 .text._ZZN3mod3Mod4initEvENUlvE0_4_FUNEv
                0x80005dec        0x4 mod.o
 .text._ZZN3mod3Mod11updateEarlyEvENUlN4ttyd7dispdrv8CameraIdEPvE_4_FUNES3_S4_
                0x80005df0        0x8 mod.o
 .text._ZZN3mod3Mod4initEvENUlvE_4_FUNEv
                0x80005df8       0x94 mod.o
 .text._ZN3mod3Mod4initEv
                0x80005e8c       0xfc mod.o
                0x80005e8c                _ZN3mod3Mod4initEv
 .text.startup._ZN3mod4mainEv
                0x80005f88       0xb0 mod.o
                0x80005f88                _ZN3mod4mainEv
 .text._ZN3mod5patch17clear_DC_IC_CacheEPvj
                0x80006038       0x40 patch.o
                0x80006038                _ZN3mod5patch17clear_DC_IC_CacheEPvj
 .text._ZN3mod5patch11writeBranchEPvS1_
                0x80006078       0x4c patch.o
                0x80006078                _ZN3mod5patch11writeBranchEPvS1_
 .text._ZN3mod5patch13writeBranchBLEPvS1_
                0x800060c4       0x50 patch.o
                0x800060c4                _ZN3mod5patch13writeBranchBLEPvS1_
 .text._ZN3mod5patch10writePatchEPvPKvj
                0x80006114       0x7c patch.o
                0x80006114                _ZN3mod5patch10writePatchEPvPKvj
 .text._ZN3mod5patch15writeBranchPairEPvS1_S1_
                0x80006190       0x80 patch.o
                0x80006190                _ZN3mod5patch15writeBranchPairEPvS1_S1_
 .text._prolog  0x80006210       0xac rel.o
                0x80006210                _prolog
 .text._epilog  0x800062bc       0xac rel.o
                0x800062bc                _epilog
 .text._unresolved
                0x80006368        0x4 rel.o
                0x80006368                _unresolved
 .text._ZN3mod7ugProbeEi
                0x8000636c      0x110 ug.o
                0x8000636c                _ZN3mod7ugProbeEi
 .text._ZN3mod6ugSendEiPKvi
                0x8000647c      0x12c ug.o
                0x8000647c                _ZN3mod6ugSendEiPKvi
 .text._ZN3mod6ugRecvEiPvi
                0x800065a8      0x124 ug.o
                0x800065a8                _ZN3mod6ugRecvEiPvi
 .text.strstr   0x800066cc       0xf0 util.o
                0x800066cc                strstr
 .text._Z15ApplyAaaPatchesPN2gc6OSLink12OSModuleInfoE
                0x800067bc       0x50 aaa.o
                0x800067bc                _Z15ApplyAaaPatchesPN2gc6OSLink12OSModuleInfoE
 .text._Z15ApplyAjiPatchesPN2gc6OSLink12OSModuleInfoE
                0x8000680c      0x8ac aji.o
                0x8000680c                _Z15ApplyAjiPatchesPN2gc6OSLink12OSModuleInfoE
 .text._Z15ApplyBomPatchesPN2gc6OSLink12OSModuleInfoE
                0x800070b8      0x32c bom.o
                0x800070b8                _Z15ApplyBomPatchesPN2gc6OSLink12OSModuleInfoE
 .text._Z15ApplyDouPatchesPN2gc6OSLink12OSModuleInfoE
                0x800073e4      0x30c dou.o
                0x800073e4                _Z15ApplyDouPatchesPN2gc6OSLink12OSModuleInfoE
 .text._Z15ApplyEkiPatchesPN2gc6OSLink12OSModuleInfoE
                0x800076f0      0x270 eki.o
                0x800076f0                _Z15ApplyEkiPatchesPN2gc6OSLink12OSModuleInfoE
 .text._Z15ApplyEndPatchesPN2gc6OSLink12OSModuleInfoE
                0x80007960       0x30 end.o
                0x80007960                _Z15ApplyEndPatchesPN2gc6OSLink12OSModuleInfoE
 .text._Z15ApplyGonPatchesPN2gc6OSLink12OSModuleInfoE
                0x80007990      0x354 gon.o
                0x80007990                _Z15ApplyGonPatchesPN2gc6OSLink12OSModuleInfoE
 .text._Z17ApplyGor00PatchesPN2gc6OSLink12OSModuleInfoE
                0x80007ce4      0x624 gor_00.o
                0x80007ce4                _Z17ApplyGor00PatchesPN2gc6OSLink12OSModuleInfoE
 .text.startup._GLOBAL__sub_I__Z17ApplyGor00PatchesPN2gc6OSLink12OSModuleInfoE
                0x80008308       0x14 gor_00.o
 .text._Z17ApplyGor01PatchesPN2gc6OSLink12OSModuleInfoE
                0x8000831c      0x43c gor_01.o
                0x8000831c                _Z17ApplyGor01PatchesPN2gc6OSLink12OSModuleInfoE
 .text._Z17ApplyGor02PatchesPN2gc6OSLink12OSModuleInfoE
                0x80008758      0x4d8 gor_02.o
                0x80008758                _Z17ApplyGor02PatchesPN2gc6OSLink12OSModuleInfoE
 .text._Z17ApplyGor03PatchesPN2gc6OSLink12OSModuleInfoE
                0x80008c30      0x4e4 gor_03.o
                0x80008c30                _Z17ApplyGor03PatchesPN2gc6OSLink12OSModuleInfoE
 .text._Z17ApplyGor04PatchesPN2gc6OSLink12OSModuleInfoE
                0x80009114      0x170 gor_04.o
                0x80009114                _Z17ApplyGor04PatchesPN2gc6OSLink12OSModuleInfoE
 .text._Z19ApplyGorMiscPatchesPN2gc6OSLink12OSModuleInfoE
                0x80009284      0x118 gor_misc.o
                0x80009284                _Z19ApplyGorMiscPatchesPN2gc6OSLink12OSModuleInfoE
 .text._Z15ApplyGraPatchesPN2gc6OSLink12OSModuleInfoE
                0x8000939c      0x218 gra.o
                0x8000939c                _Z15ApplyGraPatchesPN2gc6OSLink12OSModuleInfoE
 .text._Z15ApplyHeiPatchesPN2gc6OSLink12OSModuleInfoE
                0x800095b4      0x230 hei.o
                0x800095b4                _Z15ApplyHeiPatchesPN2gc6OSLink12OSModuleInfoE
 .text._Z15ApplyHomPatchesPN2gc6OSLink12OSModuleInfoE
                0x800097e4      0x140 hom.o
                0x800097e4                _Z15ApplyHomPatchesPN2gc6OSLink12OSModuleInfoE
 .text._Z15ApplyJinPatchesPN2gc6OSLink12OSModuleInfoE
                0x80009924      0x314 jin.o
                0x80009924                _Z15ApplyJinPatchesPN2gc6OSLink12OSModuleInfoE
 .text._Z15ApplyKpaPatchesPN2gc6OSLink12OSModuleInfoE
                0x80009c38       0xe4 kpa.o
                0x80009c38                _Z15ApplyKpaPatchesPN2gc6OSLink12OSModuleInfoE
 .text._Z24ApplyMainAssemblyPatchesv
                0x80009d1c      0x4d0 main.o
                0x80009d1c                _Z24ApplyMainAssemblyPatchesv
 .text._Z22ApplyMainScriptPatchesv
                0x8000a1ec      0x1e8 main.o
                0x8000a1ec                _Z22ApplyMainScriptPatchesv
 .text._Z15ApplyMriPatchesPN2gc6OSLink12OSModuleInfoE
                0x8000a3d4      0xc14 mri.o
                0x8000a3d4                _Z15ApplyMriPatchesPN2gc6OSLink12OSModuleInfoE
 .text._Z15ApplyMujPatchesPN2gc6OSLink12OSModuleInfoE
                0x8000afe8      0x998 muj.o
                0x8000afe8                _Z15ApplyMujPatchesPN2gc6OSLink12OSModuleInfoE
 .text._Z15ApplyNokPatchesPN2gc6OSLink12OSModuleInfoE
                0x8000b980      0x390 nok.o
                0x8000b980                _Z15ApplyNokPatchesPN2gc6OSLink12OSModuleInfoE
 .text._Z15ApplyPikPatchesPN2gc6OSLink12OSModuleInfoE
                0x8000bd10      0x534 pik.o
                0x8000bd10                _Z15ApplyPikPatchesPN2gc6OSLink12OSModuleInfoE
 .text._Z15ApplyRshPatchesPN2gc6OSLink12OSModuleInfoE
                0x8000c244      0xf90 rsh.o
                0x8000c244                _Z15ApplyRshPatchesPN2gc6OSLink12OSModuleInfoE
 .text._Z18checkChapterClearsPN4ttyd6evtmgr8EvtEntryEb
                0x8000d1d4       0x8c tik.o
                0x8000d1d4                _Z18checkChapterClearsPN4ttyd6evtmgr8EvtEntryEb
 .text._Z15ApplyTikPatchesPN2gc6OSLink12OSModuleInfoE
                0x8000d260      0x5c0 tik.o
                0x8000d260                _Z15ApplyTikPatchesPN2gc6OSLink12OSModuleInfoE
 .text._Z15ApplyTouPatchesPN2gc6OSLink12OSModuleInfoE
                0x8000d820     0x107c tou.o
                0x8000d820                _Z15ApplyTouPatchesPN2gc6OSLink12OSModuleInfoE
 .text._Z16ApplyTou2PatchesPN2gc6OSLink12OSModuleInfoE
                0x8000e89c      0x384 tou2.o
                0x8000e89c                _Z16ApplyTou2PatchesPN2gc6OSLink12OSModuleInfoE
 .text._Z15ApplyUsuPatchesPN2gc6OSLink12OSModuleInfoE
                0x8000ec20      0x90c usu.o
                0x8000ec20                _Z15ApplyUsuPatchesPN2gc6OSLink12OSModuleInfoE
 .text._Z15ApplyWinPatchesPN2gc6OSLink12OSModuleInfoE
                0x8000f52c      0x318 win.o
                0x8000f52c                _Z15ApplyWinPatchesPN2gc6OSLink12OSModuleInfoE
 .text.__divdi3
                0x8000f844      0x3ec C:/devkitPro/devkitPPC/bin/../lib/gcc/powerpc-eabi/13.1.0\libgcc.a(_divdi3.o)
                0x8000f844                __divdi3
 *(.gnu.warning)
 *(.gnu.linkonce.t.*)
                0x8000fc40                        . = ALIGN (0x20)
 *fill*         0x8000fc30       0x10 00000000

.text._ZN3mod13mario_set_posMUlPKcE_4_FUNES2_
                0x00000000       0x6c
 .text._ZN3mod13mario_set_posMUlPKcE_4_FUNES2_
                0x00000000       0x6c con_mario.o
                0x00000000                _ZN3mod13mario_set_posMUlPKcE_4_FUNES2_
                0x00000000                _ZN3mod13mario_set_posMUlPKcE_4_FUNES1_

.text._ZN3mod15perf_fake_spikeMUlPKcE_4_FUNES2_
                0x00000000       0xa8
 .text._ZN3mod15perf_fake_spikeMUlPKcE_4_FUNES2_
                0x00000000       0xa8 con_perf.o
                0x00000000                _ZN3mod15perf_fake_spikeMUlPKcE_4_FUNES1_
                0x00000000                _ZN3mod15perf_fake_spikeMUlPKcE_4_FUNES2_

.text._ZN3mod14seq_change_mapMUlPKcE_4_FUNES2_
                0x00000000       0xf0
 .text._ZN3mod14seq_change_mapMUlPKcE_4_FUNES2_
                0x00000000       0xf0 con_seq.o
                0x00000000                _ZN3mod14seq_change_mapMUlPKcE_4_FUNES2_
                0x00000000                _ZN3mod14seq_change_mapMUlPKcE_4_FUNES1_

.text._ZN3mod8con_monoMUlPNS_9ConIntVarEiE_4_FUNES2_i
                0x00000000       0x3c
 .text._ZN3mod8con_monoMUlPNS_9ConIntVarEiE_4_FUNES2_i
                0x00000000       0x3c console.o
                0x00000000                _ZN3mod8con_monoMUlPNS_9ConIntVarEiE_4_FUNES1_i
                0x00000000                _ZN3mod8con_monoMUlPNS_9ConIntVarEiE_4_FUNES2_i

.fini           0x0000003c        0x4
 *(.fini)
                0x00000040                        . = ALIGN (0x20)
 *fill*         0x0000003c        0x4 00000000
                [!provide]                        PROVIDE (__etext = .)
                [!provide]                        PROVIDE (_etext = .)
                [!provide]                        PROVIDE (etext = .)

.rodata         0x00000040     0xa3e0
 *(.rodata)
 *(.rodata.*)
 .rodata._ZN3mod3owr3OWR6LZTestEv.str1.4
                0x00000040        0x7 OWR.o
 *fill*         0x00000047        0x1 
 .rodata._ZN3mod3owr3OWR14OnModuleLoadedEPN2gc6OSLink12OSModuleInfoE
                0x00000048       0x74 OWR.o
 .rodata._ZN3mod13mario_set_posMUlPKcE_4_FUNES2_.str1.4
                0x000000bc        0x9 con_mario.o
 *fill*         0x000000c5        0x3 
 .rodata._ZN3modL13mod_if_func22Ev.str1.4
                0x000000c8       0x20 con_mario.o
 .rodata._GLOBAL__sub_I__ZN3mod13mario_set_posE.str1.4
                0x000000e8       0x1f con_mario.o
 *fill*         0x00000107        0x1 
 .rodata._ZN3modL13mod_if_func46Ev.str1.4
                0x00000108       0x5e con_perf.o
 *fill*         0x00000166        0x2 
 .rodata._ZN3mod15perf_fake_spikeMUlPKcE_4_FUNES2_.str1.4
                0x00000168        0x4 con_perf.o
 .rodata._GLOBAL__sub_I__ZN3mod15perf_fake_spikeE.str1.4
                0x0000016c       0x1f con_perf.o
 *fill*         0x0000018b        0x1 
 .rodata.cst4   0x0000018c       0x10 con_perf.o
 .rodata._ZN3mod14seq_change_mapMUlPKcE_4_FUNES2_.str1.4
                0x0000019c       0x20 con_seq.o
 .rodata._GLOBAL__sub_I__ZN3mod13seq_logo_skipE.str1.4
                0x000001bc       0x1f con_seq.o
 *fill*         0x000001db        0x1 
 .rodata._ZN3mod13ConsoleSystem8logColorEPKcN2gc6color4E.str1.4
                0x000001dc       0x83 console.o
 *fill*         0x0000025f        0x1 
 .rodata._ZN3mod7CC_findEPKc.str1.4
                0x00000260       0x21 console.o
 *fill*         0x00000281        0x3 
 .rodata._ZN3mod13ConsoleSystem14processCommandEPKc.str1.4
                0x00000284       0x2e console.o
 *fill*         0x000002b2        0x2 
 .rodata._ZN3mod13ConsoleSystem12updatePromptEv
                0x000002b4      0x6c0 console.o
 .rodata._ZN3mod13ConsoleSystem14updateUsbGeckoEv.part.0.str1.4
                0x00000974       0x75 console.o
 *fill*         0x000009e9        0x3 
 .rodata._ZN3mod13ConsoleSystem4dispEv.str1.4
                0x000009ec       0x16 console.o
 *fill*         0x00000a02        0x2 
 .rodata._GLOBAL__sub_I__ZN3mod10ConCommand6sFirstE.str1.4
                0x00000a04       0x8d console.o
 .rodata._ZZN3mod13ConsoleSystem4dispEvE12kPromptColor
                0x00000a91        0x4 console.o
 *fill*         0x00000a95        0x3 
 .rodata.cst4   0x00000a98        0x8 console.o
 .rodata.cst4   0x00000aa0        0x4 mod.o
 .rodata._ZL20aji_17_init_evt_hook
                0x00000aa4       0x10 aji.o
 .rodata._ZL19aji_17_init_evt_evt
                0x00000ab4       0x4c aji.o
 .rodata._ZL20aji_10_init_evt_hook
                0x00000b00       0x10 aji.o
 .rodata.str1.4
                0x00000b10       0x43 aji.o
 *fill*         0x00000b53        0x1 
 .rodata._ZL19aji_10_init_evt_evt
                0x00000b54      0x284 aji.o
 .rodata._ZL18teshita3_init_hook
                0x00000dd8       0x10 aji.o
 .rodata._ZL17teshita3_init_evt
                0x00000de8       0xc0 aji.o
 .rodata._ZL18teshita2_init_hook
                0x00000ea8       0x10 aji.o
 .rodata._ZL17teshita2_init_evt
                0x00000eb8       0xc0 aji.o
 .rodata._ZL20peach_evt_ele_2_hook
                0x00000f78       0x24 aji.o
 .rodata._ZL19peach_evt_ele_2_evt
                0x00000f9c       0x6c aji.o
 .rodata._ZL20aji_00_init_evt_hook
                0x00001008       0x10 aji.o
 .rodata._ZL19aji_00_init_evt_evt
                0x00001018       0x5c aji.o
 .rodata._ZL4npc4
                0x00001074       0x13 aji.o
 *fill*         0x00001087        0x1 
 .rodata._ZL4npc3
                0x00001088        0x7 aji.o
 *fill*         0x0000108f        0x1 
 .rodata._ZL4npc2
                0x00001090        0xf aji.o
 *fill*         0x0000109f        0x1 
 .rodata._ZL4npc1
                0x000010a0        0x7 aji.o
 *fill*         0x000010a7        0x1 
 .rodata._ZL21gor_00_init_evt2_hook
                0x000010a8       0x10 gor_00.o
 .rodata._ZL21gor_00_init_evt1_hook
                0x000010b8       0x10 gor_00.o
 .rodata.str1.4
                0x000010c8      0x2ce gor_00.o
 *fill*         0x00001396        0x2 
 .rodata._ZL16gor_00_init_evt1
                0x00001398      0x1f8 gor_00.o
 .rodata._ZL18korutesu_init_hook
                0x00001590       0x10 gor_00.o
 .rodata._ZL17korutesu_init_evt
                0x000015a0       0x58 gor_00.o
 .rodata._ZL20suifubomb_b_talk_evt
                0x000015f8       0xd4 gor_00.o
 .rodata._ZL21suifubomb_b_regl_hook
                0x000016cc       0x10 gor_00.o
 .rodata._ZL20suifubomb_b_regl_evt
                0x000016dc      0x120 gor_00.o
 .rodata._ZL20suifubomb_a_talk_evt
                0x000017fc      0x150 gor_00.o
 .rodata._ZL21suifubomb_a_regl_hook
                0x0000194c       0x10 gor_00.o
 .rodata._ZL20suifubomb_a_regl_evt
                0x0000195c       0x90 gor_00.o
 .rodata._ZL21suifubomb_a_init_hook
                0x000019ec       0x10 gor_00.o
 .rodata._ZL20suifubomb_a_init_evt
                0x000019fc       0xc8 gor_00.o
 .rodata._ZL16suifu_b_talk_evt
                0x00001ac4       0xd4 gor_00.o
 .rodata._ZL20luigi_npcEnt_00_hook
                0x00001b98       0x10 gor_00.o
 .rodata._ZL19luigi_npcEnt_00_evt
                0x00001ba8       0x80 gor_00.o
 .rodata._ZL18luigi_init_00_hook
                0x00001c28       0x10 gor_00.o
 .rodata._ZL17luigi_init_00_evt
                0x00001c38       0x50 gor_00.o
 .rodata._ZL16mokorim_init_evt
                0x00001c88       0x30 gor_00.o
 .rodata._ZL17suifu_b_init_hook
                0x00001cb8       0x10 gor_00.o
 .rodata._ZL16suifu_b_init_evt
                0x00001cc8       0xc8 gor_00.o
 .rodata._ZL17suifu_a_regl_hook
                0x00001d90       0x10 gor_00.o
 .rodata._ZL16suifu_a_regl_evt
                0x00001da0       0x80 gor_00.o
 .rodata._ZL16suifu_a_talk_evt
                0x00001e20       0xd4 gor_00.o
 .rodata._ZL19odoodo_ani_talk_evt
                0x00001ef4       0x20 gor_00.o
 .rodata._ZL15odoodo_talk_evt
                0x00001f14      0x128 gor_00.o
 .rodata._ZL16odoodo_regl_hook
                0x0000203c       0x10 gor_00.o
 .rodata._ZL15odoodo_regl_evt
                0x0000204c       0x94 gor_00.o
 .rodata._ZL15odoodo_init_evt
                0x000020e0      0x114 gor_00.o
 .rodata._ZL17garawaru_talk_evt
                0x000021f4       0xb8 gor_00.o
 .rodata._ZL18garawaru_regl_hook
                0x000022ac       0x10 gor_00.o
 .rodata._ZL17garawaru_regl_evt
                0x000022bc      0x120 gor_00.o
 .rodata._ZL18garawaru_init_hook
                0x000023dc       0x10 gor_00.o
 .rodata._ZL17garawaru_init_evt
                0x000023ec      0x140 gor_00.o
 .rodata._ZL7npcEnt2
                0x0000252c        0x9 gor_00.o
 *fill*         0x00002535        0x3 
 .rodata._ZL6npcEnt
                0x00002538        0x9 gor_00.o
 *fill*         0x00002541        0x3 
 .rodata.str1.4
                0x00002544       0xb2 gor_01.o
 *fill*         0x000025f6        0x2 
 .rodata._ZL15bomhei_talk_evt
                0x000025f8       0x20 gor_01.o
 .rodata._ZL16chusan2_talk_evt
                0x00002618       0x20 gor_01.o
 .rodata._ZL16chusan1_talk_evt
                0x00002638       0x20 gor_01.o
 .rodata._ZL16kuribo3_talk_evt
                0x00002658       0x20 gor_01.o
 .rodata._ZL16kuribo2_talk_evt
                0x00002678       0x20 gor_01.o
 .rodata._ZL16kuribo1_talk_evt
                0x00002698       0x20 gor_01.o
 .rodata._ZL15roten2_talk_evt
                0x000026b8       0x20 gor_01.o
 .rodata._ZL15roten1_talk_evt
                0x000026d8       0x20 gor_01.o
 .rodata._ZL19shoptender_talk_evt
                0x000026f8       0x20 gor_01.o
 .rodata._ZL15kinoji_talk_evt
                0x00002718       0x20 gor_01.o
 .rodata._ZL19bottakuru_init_hook
                0x00002738       0x10 gor_01.o
 .rodata._ZL18bottakuru_init_evt
                0x00002748       0x70 gor_01.o
 .rodata._ZL18marco_init_01_hook
                0x000027b8       0x10 gor_01.o
 .rodata._ZL17marco_init_01_evt
                0x000027c8       0x40 gor_01.o
 .rodata._ZL20badgemaster_talk_evt
                0x00002808       0x20 gor_01.o
 .rodata._Z17ApplyGor02PatchesPN2gc6OSLink12OSModuleInfoE.str1.4
                0x00002828        0x3 gor_02.o
 *fill*         0x0000282b        0x1 
 .rodata.str1.4
                0x0000282c      0x14e gor_02.o
 *fill*         0x0000297a        0x2 
 .rodata._ZL19kurihakase_talk_evt
                0x0000297c      0x2cc gor_02.o
 .rodata._ZL21evt_door_02_open_hook
                0x00002c48       0x14 gor_02.o
 .rodata._ZL20evt_door_02_open_evt
                0x00002c5c      0x188 gor_02.o
 .rodata._ZL21gor_02_init_evt2_hook
                0x00002de4       0x14 gor_02.o
 .rodata._ZL16gor_02_init_evt2
                0x00002df8       0xcc gor_02.o
 .rodata._ZL21gor_02_init_evt1_hook
                0x00002ec4       0x14 gor_02.o
 .rodata._ZL16gor_02_init_evt1
                0x00002ed8      0x138 gor_02.o
 .rodata._ZL16borodo2_talk_evt
                0x00003010       0x20 gor_02.o
 .rodata._ZL16borodo1_talk_evt
                0x00003030       0x20 gor_02.o
 .rodata._ZL15roten3_talk_evt
                0x00003050       0x20 gor_02.o
 .rodata._ZL16chusan3_talk_evt
                0x00003070       0x20 gor_02.o
 .rodata._ZL16kuribo4_talk_evt
                0x00003090       0x20 gor_02.o
 .rodata.str1.4
                0x000030b0       0xf9 gor_03.o
 *fill*         0x000031a9        0x3 
 .rodata._ZL16maffia3_talk_evt
                0x000031ac       0x20 gor_03.o
 .rodata._ZL16maffia2_talk_evt
                0x000031cc      0x140 gor_03.o
 .rodata._ZL16maffia1_talk_evt
                0x0000330c      0x140 gor_03.o
 .rodata._ZL26maffiaboss_casino_talk_evt
                0x0000344c       0x20 gor_03.o
 .rodata._ZL26maffiaboss_talk_common_evt
                0x0000346c      0x120 gor_03.o
 .rodata.str1.4
                0x0000358c       0x18 gra.o
 .rodata._ZL17evt_machibuse_evt
                0x000035a4       0x4c gra.o
 .rodata._ZL8doopliss
                0x000035f0        0xb gra.o
 *fill*         0x000035fb        0x1 
 .rodata._ZL20mri_09_init_evt_hook
                0x000035fc       0x10 mri.o
 .rodata.str1.4
                0x0000360c      0x19f mri.o
 *fill*         0x000037ab        0x1 
 .rodata._ZL19mri_09_init_evt_evt
                0x000037ac      0x14c mri.o
 .rodata._ZL20mri_04_init_evt_hook
                0x000038f8       0x10 mri.o
 .rodata._ZL19mri_04_init_evt_evt
                0x00003908       0x30 mri.o
 .rodata._ZL16bero_custom_hook
                0x00003938       0x10 mri.o
 .rodata._ZL15bero_custom_evt
                0x00003948       0x44 mri.o
 .rodata._ZL21mri_01_init_evt_hook2
                0x0000398c       0x10 mri.o
 .rodata._ZL19mri_01_init_evt_evt
                0x0000399c       0x30 mri.o
 .rodata._ZL18puniinfo_talk_hook
                0x000039cc       0x10 mri.o
 .rodata._ZL20mri_03_init_evt_hook
                0x000039dc       0x14 mri.o
 .rodata._ZL22mri_03_init_evt_switch
                0x000039f0       0x9c mri.o
 .rodata._ZL20mri_01_init_evt_hook
                0x00003a8c       0x14 mri.o
 .rodata._ZL22mri_01_init_evt_switch
                0x00003aa0       0xb0 mri.o
 .rodata._ZL23mri_sister_init_01_hook
                0x00003b50       0x10 mri.o
 .rodata._ZL22mri_sister_init_01_evt
                0x00003b60       0xa8 mri.o
 .rodata._ZL16puni_2_init_hook
                0x00003c08       0x10 mri.o
 .rodata._ZL15puni_2_init_evt
                0x00003c18       0x78 mri.o
 .rodata._ZL16puni_1_talk_hook
                0x00003c90       0x10 mri.o
 .rodata._ZL15puni_1_talk_evt
                0x00003ca0       0xb0 mri.o
 .rodata._ZL16puni_1_init_hook
                0x00003d50       0x10 mri.o
 .rodata._ZL15puni_1_init_evt
                0x00003d60       0x78 mri.o
 .rodata._ZL15elder_talk_hook
                0x00003dd8       0x10 mri.o
 .rodata._ZL14elder_talk_evt
                0x00003de8       0xb8 mri.o
 .rodata._ZL22mri_elder_init_01_hook
                0x00003ea0       0x10 mri.o
 .rodata._ZL21mri_elder_init_01_evt
                0x00003eb0       0xcc mri.o
 .rodata._ZL22mri_rival_init_01_hook
                0x00003f7c       0x10 mri.o
 .rodata._ZL21mri_rival_init_01_evt
                0x00003f8c       0xa8 mri.o
 .rodata._ZL18guide_init_01_hook
                0x00004034       0x10 mri.o
 .rodata._ZL17guide_init_01_evt
                0x00004044       0x8c mri.o
 .rodata._ZL15guide_talk_hook
                0x000040d0       0x10 mri.o
 .rodata._ZL14guide_talk_evt
                0x000040e0       0x98 mri.o
 .rodata._ZL18guide_init_00_hook
                0x00004178       0x10 mri.o
 .rodata._ZL17guide_init_00_evt
                0x00004188      0x150 mri.o
 .rodata._ZL20muj_01_init_evt_hook
                0x000042d8       0x14 muj.o
 .rodata._ZL19muj_01_init_evt_evt
                0x000042ec       0x50 muj.o
 .rodata._ZL21borosuifu_b_talk_hook
                0x0000433c       0x10 muj.o
 .rodata.str1.4
                0x0000434c      0x384 muj.o
 .rodata._ZL20borosuifu_b_talk_evt
                0x000046d0       0xf8 muj.o
 .rodata._ZL21borosuifu_a_talk_hook
                0x000047c8       0x10 muj.o
 .rodata._ZL20borosuifu_a_talk_evt
                0x000047d8       0xf8 muj.o
 .rodata._ZL24suifu_d_talk_muj_01_hook
                0x000048d0       0x10 muj.o
 .rodata._ZL23suifu_d_talk_muj_01_evt
                0x000048e0       0xf8 muj.o
 .rodata._ZL20suifu_bomb_talk_hook
                0x000049d8       0x10 muj.o
 .rodata._ZL19suifu_bomb_talk_evt
                0x000049e8       0xf4 muj.o
 .rodata._ZL20suifu_bomb_init_hook
                0x00004adc       0x10 muj.o
 .rodata._ZL19suifu_bomb_init_evt
                0x00004aec       0x30 muj.o
 .rodata._ZL24suifu_a_talk_muj_01_hook
                0x00004b1c       0x10 muj.o
 .rodata._ZL23suifu_a_talk_muj_01_evt
                0x00004b2c       0xf4 muj.o
 .rodata._ZL24suifu_a_init_muj_01_hook
                0x00004c20       0x10 muj.o
 .rodata._ZL23suifu_a_init_muj_01_evt
                0x00004c30       0x30 muj.o
 .rodata._ZL23odoodo_init_muj_01_hook
                0x00004c60       0x10 muj.o
 .rodata._ZL22odoodo_init_muj_01_evt
                0x00004c70       0x30 muj.o
 .rodata._ZL23megane_init_muj_01_hook
                0x00004ca0       0x10 muj.o
 .rodata._ZL22megane_init_muj_01_evt
                0x00004cb0       0x30 muj.o
 .rodata._ZL22marco_init_muj_01_hook
                0x00004ce0       0x10 muj.o
 .rodata._ZL21marco_init_muj_01_evt
                0x00004cf0       0xcc muj.o
 .rodata._ZL25garawaru_talk_muj_01_hook
                0x00004dbc       0x10 muj.o
 .rodata._ZL24garawaru_talk_muj_01_evt
                0x00004dcc      0x4b4 muj.o
 .rodata._ZL25garawaru_init_muj_01_hook
                0x00005280       0x10 muj.o
 .rodata._ZL24garawaru_init_muj_01_evt
                0x00005290      0x11c muj.o
 .rodata._ZL20muj_00_init_evt_hook
                0x000053ac       0x44 muj.o
 .rodata._ZL21muj_00_init_evt_evt_2
                0x000053f0       0x70 muj.o
 .rodata._ZL19muj_00_init_evt_evt
                0x00005460       0x40 muj.o
 .rodata._ZL22peton_talk_muj_00_hook
                0x000054a0       0x10 muj.o
 .rodata._ZL21peton_talk_muj_00_evt
                0x000054b0       0x8c muj.o
 .rodata._ZL21mony_talk_muj_00_hook
                0x0000553c       0x10 muj.o
 .rodata._ZL20mony_talk_muj_00_evt
                0x0000554c       0x8c muj.o
 .rodata._ZL17nokorin_talk_hook
                0x000055d8       0x10 nok.o
 .rodata.str1.4
                0x000055e8      0x4ee nok.o
 *fill*         0x00005ad6        0x2 
 .rodata._ZL16nokorin_talk_evt
                0x00005ad8      0x2f4 nok.o
 .rodata._ZL19boss_noko_talk_hook
                0x00005dcc       0x10 nok.o
 .rodata._ZL18boss_noko_talk_evt
                0x00005ddc      0x164 nok.o
 .rodata._ZL20nokonoko_K_talk_hook
                0x00005f40       0x10 nok.o
 .rodata._ZL19nokonoko_K_talk_evt
                0x00005f50       0xd4 nok.o
 .rodata._ZL18nokopapa_talk_hook
                0x00006024       0x10 nok.o
 .rodata._ZL17nokopapa_talk_evt
                0x00006034      0x128 nok.o
 .rodata._ZL16monban_talk_hook
                0x0000615c       0x10 nok.o
 .rodata._ZL15monban_talk_evt
                0x0000616c      0x11c nok.o
 .rodata._ZL20nokonoko_I_talk_hook
                0x00006288       0x10 nok.o
 .rodata._ZL19nokonoko_I_talk_evt
                0x00006298       0xd4 nok.o
 .rodata._ZL20nokonoko_H_talk_hook
                0x0000636c       0x10 nok.o
 .rodata._ZL19nokonoko_H_talk_evt
                0x0000637c       0xfc nok.o
 .rodata._ZL20nokonoko_G_talk_hook
                0x00006478       0x10 nok.o
 .rodata._ZL19nokonoko_G_talk_evt
                0x00006488       0xd4 nok.o
 .rodata._ZL15talk_white_hook
                0x0000655c       0x10 nok.o
 .rodata._ZL14talk_white_evt
                0x0000656c       0xa4 nok.o
 .rodata._ZL15init_white_hook
                0x00006610       0x10 nok.o
 .rodata._ZL14init_white_evt
                0x00006620       0x44 nok.o
 .rodata._ZL20nokonoko_F_talk_hook
                0x00006664       0x10 nok.o
 .rodata._ZL19nokonoko_F_talk_evt
                0x00006674       0xd4 nok.o
 .rodata._ZL20nokonoko_D_talk_hook
                0x00006748       0x10 nok.o
 .rodata._ZL19nokonoko_D_talk_evt
                0x00006758       0xfc nok.o
 .rodata._ZL20nokonoko_C_talk_hook
                0x00006854       0x10 nok.o
 .rodata._ZL19nokonoko_C_talk_evt
                0x00006864       0xd4 nok.o
 .rodata._ZL20nokonoko_B_talk_hook
                0x00006938       0x10 nok.o
 .rodata._ZL19nokonoko_B_talk_evt
                0x00006948       0xd4 nok.o
 .rodata._ZL20nokonoko_A_talk_hook
                0x00006a1c       0x10 nok.o
 .rodata._ZL19nokonoko_A_talk_evt
                0x00006a2c      0x10c nok.o
 .rodata._ZL14evt_daiza_hook
                0x00006b38       0x1c pik.o
 .rodata.str1.4
                0x00006b54      0x142 pik.o
 *fill*         0x00006c96        0x2 
 .rodata._ZL13evt_daiza_evt
                0x00006c98       0x5c pik.o
 .rodata._ZL18pik_evt_powan_hook
                0x00006cf4       0x28 pik.o
 .rodata._ZL17pik_evt_powan_evt
                0x00006d1c       0x80 pik.o
 .rodata._ZL16takun6_talk_hook
                0x00006d9c       0x10 pik.o
 .rodata._ZL15takun6_talk_evt
                0x00006dac       0x78 pik.o
 .rodata._ZL16takun5_talk_hook
                0x00006e24       0x10 pik.o
 .rodata._ZL15takun5_talk_evt
                0x00006e34       0x78 pik.o
 .rodata._ZL16takun4_talk_hook
                0x00006eac       0x10 pik.o
 .rodata._ZL15takun4_talk_evt
                0x00006ebc       0xb4 pik.o
 .rodata._ZL18miyageya_talk_hook
                0x00006f70       0x28 pik.o
 .rodata._ZL17miyageya_talk_evt
                0x00006f98      0x114 pik.o
 .rodata._ZL27talk_madam_ring_return_hook
                0x000070ac       0x14 rsh.o
 .rodata._ZL26talk_madam_ring_return_evt
                0x000070c0       0x78 rsh.o
 .rodata._ZL16init_konari_hook
                0x00007138       0x14 rsh.o
 .rodata.str1.4
                0x0000714c      0x1d5 rsh.o
 *fill*         0x00007321        0x3 
 .rodata._ZL15init_konari_evt
                0x00007324       0x9c rsh.o
 .rodata._ZL15init_powan_hook
                0x000073c0       0x14 rsh.o
 .rodata._ZL14init_powan_evt
                0x000073d4       0xec rsh.o
 .rodata._ZL18talk_waitless_hook
                0x000074c0       0x14 rsh.o
 .rodata._ZL17talk_waitless_evt
                0x000074d4       0x78 rsh.o
 .rodata._ZL20rsh_01_init_evt_hook
                0x0000754c       0x14 rsh.o
 .rodata._ZL19rsh_01_init_evt_evt
                0x00007560       0x80 rsh.o
 .rodata._ZL20rsh_00_init_evt_hook
                0x000075e0       0x14 rsh.o
 .rodata._ZL19rsh_00_init_evt_evt
                0x000075f4       0xb8 rsh.o
 .rodata._ZL20rsh_04_init_evt_hook
                0x000076ac       0x14 rsh.o
 .rodata._ZL19rsh_04_init_evt_evt
                0x000076c0       0xa4 rsh.o
 .rodata._ZL26rsh_03_init_evt_music_hook
                0x00007764       0x10 rsh.o
 .rodata._ZL21rsh_03_init_evt_music
                0x00007774      0x1f8 rsh.o
 .rodata._ZL26rsh_02_init_evt_music_hook
                0x0000796c       0x10 rsh.o
 .rodata._ZL21rsh_02_init_evt_music
                0x0000797c      0x270 rsh.o
 .rodata._ZL26rsh_01_init_evt_music_hook
                0x00007bec       0x10 rsh.o
 .rodata._ZL21rsh_01_init_evt_music
                0x00007bfc      0x1f8 rsh.o
 .rodata._ZL26rsh_00_init_evt_music_hook
                0x00007df4       0x10 rsh.o
 .rodata._ZL21rsh_00_init_evt_music
                0x00007e04      0x1f8 rsh.o
 .rodata._ZL26rsh_04_init_evt_music_hook
                0x00007ffc       0x10 rsh.o
 .rodata._ZL21rsh_04_init_evt_music
                0x0000800c      0x1f8 rsh.o
 .rodata._ZL20rsh_06_init_evt_hook
                0x00008204       0x10 rsh.o
 .rodata._ZL19rsh_06_init_evt_evt
                0x00008214      0x178 rsh.o
 .rodata._ZL21tik_05_init_evt_hook2
                0x0000838c       0x14 tik.o
 .rodata.str1.4
                0x000083a0      0x227 tik.o
 *fill*         0x000085c7        0x1 
 .rodata._ZL20tik_05_init_evt_evt2
                0x000085c8       0xd4 tik.o
 .rodata._ZL24tik_kurihakase_init_hook
                0x0000869c       0x10 tik.o
 .rodata._ZL23tik_kurihakase_init_evt
                0x000086ac       0x7c tik.o
 .rodata._ZL18master_2_talk_hook
                0x00008728       0x10 tik.o
 .rodata._ZL17master_2_talk_evt
                0x00008738      0x180 tik.o
 .rodata._ZL17borodo4_talk_hook
                0x000088b8       0x10 tik.o
 .rodata._ZL16borodo4_talk_evt
                0x000088c8      0x180 tik.o
 .rodata._ZL17borodo3_talk_hook
                0x00008a48       0x10 tik.o
 .rodata._ZL16borodo3_talk_evt
                0x00008a58      0x180 tik.o
 .rodata._ZL17chusan4_talk_hook
                0x00008bd8       0x10 tik.o
 .rodata._ZL16chusan4_talk_evt
                0x00008be8      0x180 tik.o
 .rodata._ZL17kuribo5_talk_hook
                0x00008d68       0x10 tik.o
 .rodata._ZL16kuribo5_talk_evt
                0x00008d78      0x180 tik.o
 .rodata._ZL14talk_gard_hook
                0x00008ef8       0x10 tou.o
 .rodata.str1.4
                0x00008f08       0x30 tou.o
 .rodata._ZL13talk_gard_evt
                0x00008f38       0x9c tou.o
 .rodata._ZL16talk_sakaba_hook
                0x00008fd4       0x10 tou.o
 .rodata._ZL15talk_sakaba_evt
                0x00008fe4       0x84 tou.o
 .rodata._ZL20usu_00_init_evt_hook
                0x00009068       0x10 usu.o
 .rodata._ZL19usu_00_init_evt_evt
                0x00009078       0x4c usu.o
 .rodata._ZL20shop_woman_talk_hook
                0x000090c4       0x10 usu.o
 .rodata.str1.4
                0x000090d4      0x400 usu.o
 .rodata._ZL19shop_woman_talk_evt
                0x000094d4       0x78 usu.o
 .rodata._ZL18shop_man_talk_hook
                0x0000954c       0x10 usu.o
 .rodata._ZL17shop_man_talk_evt
                0x0000955c       0x78 usu.o
 .rodata._ZL19villagerJ_talk_hook
                0x000095d4       0x10 usu.o
 .rodata._ZL18villagerJ_talk_evt
                0x000095e4      0x104 usu.o
 .rodata._ZL19villagerI_talk_hook
                0x000096e8       0x10 usu.o
 .rodata._ZL18villagerI_talk_evt
                0x000096f8      0x104 usu.o
 .rodata._ZL19villagerH_talk_hook
                0x000097fc       0x10 usu.o
 .rodata._ZL18villagerH_talk_evt
                0x0000980c       0xd0 usu.o
 .rodata._ZL19villagerG_talk_hook
                0x000098dc       0x10 usu.o
 .rodata._ZL18villagerG_talk_evt
                0x000098ec       0xf0 usu.o
 .rodata._ZL19villagerF_talk_hook
                0x000099dc       0x10 usu.o
 .rodata._ZL18villagerF_talk_evt
                0x000099ec       0xf0 usu.o
 .rodata._ZL19villagerK_talk_hook
                0x00009adc       0x10 usu.o
 .rodata._ZL18villagerK_talk_evt
                0x00009aec      0x130 usu.o
 .rodata._ZL19villagerE_talk_hook
                0x00009c1c       0x10 usu.o
 .rodata._ZL18villagerE_talk_evt
                0x00009c2c      0x130 usu.o
 .rodata._ZL19villagerD_talk_hook
                0x00009d5c       0x10 usu.o
 .rodata._ZL18villagerD_talk_evt
                0x00009d6c      0x194 usu.o
 .rodata._ZL19villagerC_talk_hook
                0x00009f00       0x10 usu.o
 .rodata._ZL18villagerC_talk_evt
                0x00009f10       0xfc usu.o
 .rodata._ZL19villagerB_talk_hook
                0x0000a00c       0x10 usu.o
 .rodata._ZL18villagerB_talk_evt
                0x0000a01c       0xfc usu.o
 .rodata._ZL19villagerA_talk_hook
                0x0000a118       0x10 usu.o
 .rodata._ZL18villagerA_talk_evt
                0x0000a128      0x130 usu.o
 .rodata._ZL19villagerA_init_hook
                0x0000a258       0x10 usu.o
 .rodata._ZL18villagerA_init_evt
                0x0000a268       0x6c usu.o
 .rodata._ZL12usuVillagerA
                0x0000a2d4        0x7 usu.o
 *fill*         0x0000a2db        0x1 
 .rodata._ZL20win_00_init_evt_hook
                0x0000a2dc       0x10 win.o
 .rodata._ZL19win_00_init_evt_evt
                0x0000a2ec       0x30 win.o
 .rodata.str1.4
                0x0000a31c       0x14 win.o
 .rodata._ZL16majorin_init_evt
                0x0000a330       0x30 win.o
 .rodata._ZL16maririn_init_evt
                0x0000a360       0x30 win.o
 .rodata._ZL20win_vivian_init_hook
                0x0000a390       0x10 win.o
 .rodata._ZL19win_vivian_init_evt
                0x0000a3a0       0x80 win.o
 *(.gnu.linkonce.r.*)

.rodata1
 *(.rodata1)

.sdata2         0x0000a420        0x0
                [!provide]                        PROVIDE (_SDA2_BASE_ = .)
 *(.sdata2)
 *(.sdata2.*)
 *(.gnu.linkonce.s2.*)

.sbss2
 *(.sbss2)
 *(.sbss2.*)
 *(.gnu.linkonce.sb2.*)
                0x0000a420                        . = ALIGN (0x4)
                [!provide]                        PROVIDE (__preinit_array_start = .)

.preinit_array
 *(.preinit_array)
                [!provide]                        PROVIDE (__preinit_array_end = .)
                [!provide]                        PROVIDE (__init_array_start = .)

.init_array
 *(.init_array)
                [!provide]                        PROVIDE (__init_array_end = .)
                [!provide]                        PROVIDE (__fini_array_start = .)

.fini_array
 *(.fini_array)
                [!provide]                        PROVIDE (__fini_array_end = .)

.data           0x0000a420      0x2e0
 *(.data)
 *(.data.*)
 .data.GSWF_ARR_SIZE
                0x0000a420        0x2 OWR.o
                0x0000a420                GSWF_ARR_SIZE
 *fill*         0x0000a422        0x2 
 .data.GSWF_ARR
                0x0000a424       0x14 OWR.o
                0x0000a424                GSWF_ARR
 .data._ZN3mod6common12kItemDataArrE
                0x0000a438        0x4 common.o
                0x0000a438                _ZN3mod6common12kItemDataArrE
 .data._ZL16gor_00_init_evt2
                0x0000a43c      0x2bc gor_00.o
 *(.gnu.linkonce.d.*)
                0x0000a700                        . = ALIGN (0x20)
 *fill*         0x0000a6f8        0x8 

.data1
 *(.data1)

.tdata
 *(.tdata .tdata.* .gnu.linkonce.td.*)

.tbss
 *(.tbss .tbss.* .gnu.linkonce.tb.*)
 *(.tcommon)

.eh_frame       0x0000a700     0x14dc
 *(.eh_frame)
 .eh_frame      0x0000a700      0x134 OWR.o
                                0x1e4 (size before relaxing)
 .eh_frame      0x0000a834        0x0 common.o
                                 0xc8 (size before relaxing)
 .eh_frame      0x0000a834       0x70 con_mario.o
 .eh_frame      0x0000a8a4       0x84 con_perf.o
 .eh_frame      0x0000a928       0xac con_seq.o
 .eh_frame      0x0000a9d4      0x454 console.o
                                0x4e8 (size before relaxing)
 .eh_frame      0x0000ae28       0x3c cxx.o
                                 0x64 (size before relaxing)
 .eh_frame      0x0000ae64       0x84 keyboard.o
                                0x110 (size before relaxing)
 .eh_frame      0x0000aee8       0xb8 mod.o
                                0x120 (size before relaxing)
 .eh_frame      0x0000afa0       0xd8 patch.o
                                0x1cc (size before relaxing)
 .eh_frame      0x0000b078       0x90 rel.o
 .eh_frame      0x0000b108       0xbc ug.o
 .eh_frame      0x0000b1c4       0x3c util.o
 .eh_frame      0x0000b200       0x28 aaa.o
 .eh_frame      0x0000b228       0x78 aji.o
 .eh_frame      0x0000b2a0       0x40 bom.o
 .eh_frame      0x0000b2e0       0x40 dou.o
 .eh_frame      0x0000b320       0x3c eki.o
 .eh_frame      0x0000b35c       0x28 end.o
 .eh_frame      0x0000b384       0x3c gon.o
 .eh_frame      0x0000b3c0       0x7c gor_00.o
 .eh_frame      0x0000b43c       0x54 gor_01.o
 .eh_frame      0x0000b490       0x64 gor_02.o
 .eh_frame      0x0000b4f4       0x64 gor_03.o
 .eh_frame      0x0000b558       0x38 gor_04.o
 .eh_frame      0x0000b590       0x34 gor_misc.o
 .eh_frame      0x0000b5c4       0x48 gra.o
 .eh_frame      0x0000b60c       0x3c hei.o
 .eh_frame      0x0000b648       0x38 hom.o
 .eh_frame      0x0000b680       0x40 jin.o
 .eh_frame      0x0000b6c0       0x30 kpa.o
 .eh_frame      0x0000b6f0        0x0 las.o
                                 0x40 (size before relaxing)
 .eh_frame      0x0000b6f0       0x6c main.o
 .eh_frame      0x0000b75c        0x0 moo.o
                                 0x30 (size before relaxing)
 .eh_frame      0x0000b75c       0x74 mri.o
 .eh_frame      0x0000b7d0       0x74 muj.o
 .eh_frame      0x0000b844       0x54 nok.o
 .eh_frame      0x0000b898       0x60 pik.o
 .eh_frame      0x0000b8f8       0x78 rsh.o
 .eh_frame      0x0000b970       0xa0 tik.o
                                 0xdc (size before relaxing)
 .eh_frame      0x0000ba10       0x78 tou.o
 .eh_frame      0x0000ba88       0x40 tou2.o
 .eh_frame      0x0000bac8       0x78 usu.o
 .eh_frame      0x0000bb40       0x60 win.o
 .eh_frame      0x0000bba0       0x3c C:/devkitPro/devkitPPC/bin/../lib/gcc/powerpc-eabi/13.1.0\libgcc.a(_divdi3.o)

.gcc_except_table
 *(.gcc_except_table)

.fixup
 *(.fixup)

.got1
 *(.got1)

.got2
 *(.got2)

.dynamic
 *(.dynamic)

.ctors          0x0000bbdc       0x24
 *crtbegin.o(.ctors)
 *(EXCLUDE_FILE(*crtend.o) .ctors)
 .ctors         0x0000bbdc        0x4 OWR.o
 .ctors         0x0000bbe0        0x4 con_mario.o
 .ctors         0x0000bbe4        0x4 con_perf.o
 .ctors         0x0000bbe8        0x4 con_seq.o
 .ctors         0x0000bbec        0x4 console.o
 .ctors         0x0000bbf0        0x4 gor_00.o
 *(SORT_BY_NAME(.ctors.*))
 *(.ctors)
                0x0000bc00                        . = ALIGN (0x20)
 *fill*         0x0000bbf4        0xc 

.dtors          0x0000bc00        0x0
 *crtbegin.o(.dtors)
 *(EXCLUDE_FILE(*crtend.o) .dtors)
 *(SORT_BY_NAME(.dtors.*))
 *(.dtors)
                0x0000bc00                        . = ALIGN (0x20)

.jcr
 *(.jcr)

.got
 *(.got.plt)
 *(.got)

.sdata          0x0000bc00        0x0
                [!provide]                        PROVIDE (_SDA_BASE_ = .)
 *(.sdata)
 *(.sdata.*)
 *(.gnu.linkonce.s.*)
                0x0000bc00                        . = ALIGN (0x20)
                0x0000bc00                        _edata = .
                [!provide]                        PROVIDE (edata = .)

.sbss           0x0000bc00        0x0
                0x0000bc00                        __sbss_start = .
                [!provide]                        PROVIDE (__sbss_start = .)
                [!provide]                        PROVIDE (___sbss_start = .)
 *(.dynsbss)
 *(.sbss)
 *(.sbss.*)
 *(.gnu.linkonce.sb.*)
 *(.scommon)
                [!provide]                        PROVIDE (__sbss_end = .)
                [!provide]                        PROVIDE (___sbss_end = .)
                0x0000bc00                        . = ALIGN (0x20)
                0x0000bc00                        __sbss_end = .

.bss            0x0000bc00      0x140
                0x0000bc00                        __bss_start = .
                [!provide]                        PROVIDE (__bss_start = .)
 *(.dynbss)
 *(.bss)
 *(.bss.*)
 .bss._ZN3mod3owr25g_stg0_00_init_trampolineE
                0x0000bc00        0x4 OWR.o
                0x0000bc00                _ZN3mod3owr25g_stg0_00_init_trampolineE
 .bss._ZN3mod3owr19g_OSLink_trampolineE
                0x0000bc04        0x4 OWR.o
                0x0000bc04                _ZN3mod3owr19g_OSLink_trampolineE
 .bss._ZN3mod3owr5gSelfE
                0x0000bc08        0x4 OWR.o
                0x0000bc08                _ZN3mod3owr5gSelfE
 .bss._ZN3mod3owr7item_dbE
                0x0000bc0c        0x4 OWR.o
                0x0000bc0c                _ZN3mod3owr7item_dbE
 .bss._ZN3modL12mod_if_obj22E
                0x0000bc10        0x8 con_mario.o
 .bss._ZN3mod14mario_show_posE
                0x0000bc18       0x10 con_mario.o
                0x0000bc18                _ZN3mod14mario_show_posE
 .bss._ZN3mod13mario_set_posE
                0x0000bc28        0xc con_mario.o
                0x0000bc28                _ZN3mod13mario_set_posE
 .bss._ZN3modL12mod_if_obj46E
                0x0000bc34        0x8 con_perf.o
 .bss._ZN3mod14mem_debug_heapE
                0x0000bc3c       0x10 con_perf.o
                0x0000bc3c                _ZN3mod14mem_debug_heapE
 .bss._ZN3mod15perf_fake_spikeE
                0x0000bc4c        0xc con_perf.o
                0x0000bc4c                _ZN3mod15perf_fake_spikeE
 .bss._ZN3mod14seq_change_mapE
                0x0000bc58        0xc con_seq.o
                0x0000bc58                _ZN3mod14seq_change_mapE
 .bss._ZN3modL12mod_if_obj16E
                0x0000bc64        0x8 con_seq.o
 .bss._ZN3mod24gTrampoline_seq_logoMainE
                0x0000bc6c        0x4 con_seq.o
                0x0000bc6c                _ZN3mod24gTrampoline_seq_logoMainE
 .bss._ZN3mod13seq_logo_skipE
                0x0000bc70       0x10 con_seq.o
                0x0000bc70                _ZN3mod13seq_logo_skipE
 .bss._ZN3mod4findE
                0x0000bc80        0xc console.o
                0x0000bc80                _ZN3mod4findE
 .bss._ZN3mod11con_ug_chanE
                0x0000bc8c       0x10 console.o
                0x0000bc8c                _ZN3mod11con_ug_chanE
 .bss._ZN3mod11con_ug_modeE
                0x0000bc9c       0x10 console.o
                0x0000bc9c                _ZN3mod11con_ug_modeE
 .bss._ZN3mod21con_log_fade_durationE
                0x0000bcac       0x10 console.o
                0x0000bcac                _ZN3mod21con_log_fade_durationE
 .bss._ZN3mod18con_log_fade_startE
                0x0000bcbc       0x10 console.o
                0x0000bcbc                _ZN3mod18con_log_fade_startE
 .bss._ZN3mod12con_log_fadeE
                0x0000bccc       0x10 console.o
                0x0000bccc                _ZN3mod12con_log_fadeE
 .bss._ZN3mod13con_log_levelE
                0x0000bcdc       0x10 console.o
                0x0000bcdc                _ZN3mod13con_log_levelE
 .bss._ZN3mod11con_rainbowE
                0x0000bcec       0x10 console.o
                0x0000bcec                _ZN3mod11con_rainbowE
 .bss._ZN3mod8con_monoE
                0x0000bcfc       0x10 console.o
                0x0000bcfc                _ZN3mod8con_monoE
 .bss._ZN3mod8con_showE
                0x0000bd0c       0x10 console.o
                0x0000bd0c                _ZN3mod8con_showE
 .bss._ZN3mod8gConsoleE
                0x0000bd1c        0x4 console.o
                0x0000bd1c                _ZN3mod8gConsoleE
 .bss._ZN3mod9ConIntVar6sFirstE
                0x0000bd20        0x4 console.o
                0x0000bd20                _ZN3mod9ConIntVar6sFirstE
 .bss._ZN3mod10ConCommand6sFirstE
                0x0000bd24        0x4 console.o
                0x0000bd24                _ZN3mod10ConCommand6sFirstE
 .bss._ZN3mod4gModE
                0x0000bd28        0x4 mod.o
                0x0000bd28                _ZN3mod4gModE
 .bss._ZN17ModUpdateFunction6sFirstE
                0x0000bd2c        0x4 mod.o
                0x0000bd2c                _ZN17ModUpdateFunction6sFirstE
 .bss._ZN15ModInitFunction6sFirstE
                0x0000bd30        0x4 mod.o
                0x0000bd30                _ZN15ModInitFunction6sFirstE
 *(.gnu.linkonce.b.*)
 *(COMMON)
                0x0000bd40                        . = ALIGN (0x20)
 *fill*         0x0000bd34        0xc 
                [!provide]                        PROVIDE (__bss_end = .)
                0x0000bd40                        __bss_end = .
                0x0000bd40                        _end = .
                [!provide]                        PROVIDE (end = .)

.bss._ZZNK3mod14seq_change_mapMUlPKcE_clES2_E8beroName
                0x00000000       0x20
 .bss._ZZNK3mod14seq_change_mapMUlPKcE_clES2_E8beroName
                0x00000000       0x20 con_seq.o
                0x00000000                _ZZNK3mod14seq_change_mapMUlPKcE_clES1_E8beroName
                0x00000000                _ZZNK3mod14seq_change_mapMUlPKcE_clES2_E8beroName

.bss._ZZNK3mod14seq_change_mapMUlPKcE_clES2_E7mapName
                0x00000000       0x20
 .bss._ZZNK3mod14seq_change_mapMUlPKcE_clES2_E7mapName
                0x00000000       0x20 con_seq.o
                0x00000000                _ZZNK3mod14seq_change_mapMUlPKcE_clES2_E7mapName
                0x00000000                _ZZNK3mod14seq_change_mapMUlPKcE_clES1_E7mapName

.stab
 *(.stab)

.stabstr
 *(.stabstr)

.stab.excl
 *(.stab.excl)

.stab.exclstr
 *(.stab.exclstr)

.stab.index
 *(.stab.index)

.stab.indexstr
 *(.stab.indexstr)

.comment        0x00000000      0x654
 *(.comment)
 .comment       0x00000000       0x24 OWR.o
 .comment       0x00000024       0x24 common.o
 .comment       0x00000048       0x24 con_mario.o
 .comment       0x0000006c       0x24 con_perf.o
 .comment       0x00000090       0x24 con_seq.o
 .comment       0x000000b4       0x24 console.o
 .comment       0x000000d8       0x24 cxx.o
 .comment       0x000000fc       0x24 keyboard.o
 .comment       0x00000120       0x24 mod.o
 .comment       0x00000144       0x24 patch.o
 .comment       0x00000168       0x24 rel.o
 .comment       0x0000018c       0x24 ug.o
 .comment       0x000001b0       0x24 util.o
 .comment       0x000001d4       0x24 aaa.o
 .comment       0x000001f8       0x24 aji.o
 .comment       0x0000021c       0x24 bom.o
 .comment       0x00000240       0x24 dou.o
 .comment       0x00000264       0x24 eki.o
 .comment       0x00000288       0x24 end.o
 .comment       0x000002ac       0x24 gon.o
 .comment       0x000002d0       0x24 gor_00.o
 .comment       0x000002f4       0x24 gor_01.o
 .comment       0x00000318       0x24 gor_02.o
 .comment       0x0000033c       0x24 gor_03.o
 .comment       0x00000360       0x24 gor_04.o
 .comment       0x00000384       0x24 gor_misc.o
 .comment       0x000003a8       0x24 gra.o
 .comment       0x000003cc       0x24 hei.o
 .comment       0x000003f0       0x24 hom.o
 .comment       0x00000414       0x24 jin.o
 .comment       0x00000438       0x24 kpa.o
 .comment       0x0000045c       0x24 las.o
 .comment       0x00000480       0x24 main.o
 .comment       0x000004a4       0x24 moo.o
 .comment       0x000004c8       0x24 mri.o
 .comment       0x000004ec       0x24 muj.o
 .comment       0x00000510       0x24 nok.o
 .comment       0x00000534       0x24 pik.o
 .comment       0x00000558       0x24 rsh.o
 .comment       0x0000057c       0x24 tik.o
 .comment       0x000005a0       0x24 tou.o
 .comment       0x000005c4       0x24 tou2.o
 .comment       0x000005e8       0x24 usu.o
 .comment       0x0000060c       0x24 win.o
 .comment       0x00000630       0x24 C:/devkitPro/devkitPPC/bin/../lib/gcc/powerpc-eabi/13.1.0\libgcc.a(_divdi3.o)

.gnu.attributes
                0x00000000       0x10
 .gnu.attributes
                0x00000000       0x10 OWR.o
 .gnu.attributes
                0x00000010       0x10 common.o
 .gnu.attributes
                0x00000020       0x10 con_mario.o
 .gnu.attributes
                0x00000030       0x10 con_perf.o
 .gnu.attributes
                0x00000040       0x10 console.o
 .gnu.attributes
                0x00000050       0x10 mod.o

.group          0x00000000        0xc
 .group         0x00000000        0xc con_mario.o

.group          0x00000000        0xc
 .group         0x00000000        0xc con_perf.o

.group          0x00000000        0xc
 .group         0x00000000        0xc con_seq.o

.group          0x00000000        0x8
 .group         0x00000000        0x8 con_seq.o

.group          0x00000000        0x8
 .group         0x00000000        0x8 con_seq.o

.group          0x00000000        0xc
 .group         0x00000000        0xc console.o

.debug
 *(.debug)

.line
 *(.line)

.debug_srcinfo
 *(.debug_srcinfo)

.debug_sfnames
 *(.debug_sfnames)

.debug_aranges  0x00000000      0x7f8
 *(.debug_aranges)
 .debug_aranges
                0x00000000       0x88 OWR.o
 .debug_aranges
                0x00000088       0x60 common.o
 .debug_aranges
                0x000000e8       0x30 con_mario.o
 .debug_aranges
                0x00000118       0x30 con_perf.o
 .debug_aranges
                0x00000148       0x38 con_seq.o
 .debug_aranges
                0x00000180       0xb0 console.o
 .debug_aranges
                0x00000230       0x38 cxx.o
 .debug_aranges
                0x00000268       0x40 keyboard.o
 .debug_aranges
                0x000002a8       0x58 mod.o
 .debug_aranges
                0x00000300       0x78 patch.o
 .debug_aranges
                0x00000378       0x30 rel.o
 .debug_aranges
                0x000003a8       0x30 ug.o
 .debug_aranges
                0x000003d8       0x20 util.o
 .debug_aranges
                0x000003f8       0x20 aaa.o
 .debug_aranges
                0x00000418       0x20 aji.o
 .debug_aranges
                0x00000438       0x20 bom.o
 .debug_aranges
                0x00000458       0x20 dou.o
 .debug_aranges
                0x00000478       0x20 eki.o
 .debug_aranges
                0x00000498       0x20 end.o
 .debug_aranges
                0x000004b8       0x20 gon.o
 .debug_aranges
                0x000004d8       0x28 gor_00.o
 .debug_aranges
                0x00000500       0x20 gor_01.o
 .debug_aranges
                0x00000520       0x20 gor_02.o
 .debug_aranges
                0x00000540       0x20 gor_03.o
 .debug_aranges
                0x00000560       0x20 gor_04.o
 .debug_aranges
                0x00000580       0x20 gor_misc.o
 .debug_aranges
                0x000005a0       0x20 gra.o
 .debug_aranges
                0x000005c0       0x20 hei.o
 .debug_aranges
                0x000005e0       0x20 hom.o
 .debug_aranges
                0x00000600       0x20 jin.o
 .debug_aranges
                0x00000620       0x20 kpa.o
 .debug_aranges
                0x00000640       0x20 las.o
 .debug_aranges
                0x00000660       0x28 main.o
 .debug_aranges
                0x00000688       0x20 moo.o
 .debug_aranges
                0x000006a8       0x20 mri.o
 .debug_aranges
                0x000006c8       0x20 muj.o
 .debug_aranges
                0x000006e8       0x20 nok.o
 .debug_aranges
                0x00000708       0x20 pik.o
 .debug_aranges
                0x00000728       0x20 rsh.o
 .debug_aranges
                0x00000748       0x30 tik.o
 .debug_aranges
                0x00000778       0x20 tou.o
 .debug_aranges
                0x00000798       0x20 tou2.o
 .debug_aranges
                0x000007b8       0x20 usu.o
 .debug_aranges
                0x000007d8       0x20 win.o

.debug_pubnames
 *(.debug_pubnames)

.debug_info     0x00000000    0x41f20
 *(.debug_info)
 .debug_info    0x00000000     0x3a6b OWR.o
 .debug_info    0x00003a6b      0xf16 common.o
 .debug_info    0x00004981     0x2574 con_mario.o
 .debug_info    0x00006ef5     0x20ea con_perf.o
 .debug_info    0x00008fdf     0x21f6 con_seq.o
 .debug_info    0x0000b1d5     0x3e13 console.o
 .debug_info    0x0000efe8      0x394 cxx.o
 .debug_info    0x0000f37c      0xfaf keyboard.o
 .debug_info    0x0001032b     0x33f4 mod.o
 .debug_info    0x0001371f     0x15c5 patch.o
 .debug_info    0x00014ce4       0xf3 rel.o
 .debug_info    0x00014dd7      0x8d5 ug.o
 .debug_info    0x000156ac      0x693 util.o
 .debug_info    0x00015d3f     0x1144 aaa.o
 .debug_info    0x00016e83     0x1cd3 aji.o
 .debug_info    0x00018b56     0x1252 bom.o
 .debug_info    0x00019da8     0x1248 dou.o
 .debug_info    0x0001aff0     0x11f8 eki.o
 .debug_info    0x0001c1e8     0x1134 end.o
 .debug_info    0x0001d31c     0x125c gon.o
 .debug_info    0x0001e578     0x20f2 gor_00.o
 .debug_info    0x0002066a     0x1921 gor_01.o
 .debug_info    0x00021f8b     0x198c gor_02.o
 .debug_info    0x00023917     0x178e gor_03.o
 .debug_info    0x000250a5     0x118a gor_04.o
 .debug_info    0x0002622f     0x1193 gor_misc.o
 .debug_info    0x000273c2     0x162c gra.o
 .debug_info    0x000289ee     0x11f8 hei.o
 .debug_info    0x00029be6     0x1194 hom.o
 .debug_info    0x0002ad7a     0x125c jin.o
 .debug_info    0x0002bfd6     0x1180 kpa.o
 .debug_info    0x0002d156     0x12fc las.o
 .debug_info    0x0002e452      0x663 main.o
 .debug_info    0x0002eab5     0x1648 moo.o
 .debug_info    0x000300fd     0x2153 mri.o
 .debug_info    0x00032250     0x1e05 muj.o
 .debug_info    0x00034055     0x1b38 nok.o
 .debug_info    0x00035b8d     0x19af pik.o
 .debug_info    0x0003753c     0x1f50 rsh.o
 .debug_info    0x0003948c     0x26a3 tik.o
 .debug_info    0x0003bb2f     0x1d19 tou.o
 .debug_info    0x0003d848     0x125c tou2.o
 .debug_info    0x0003eaa4     0x1d26 usu.o
 .debug_info    0x000407ca     0x1756 win.o

.debug_abbrev   0x00000000     0x76ae
 *(.debug_abbrev)
 .debug_abbrev  0x00000000      0x835 OWR.o
 .debug_abbrev  0x00000835      0x21a common.o
 .debug_abbrev  0x00000a4f      0x600 con_mario.o
 .debug_abbrev  0x0000104f      0x620 con_perf.o
 .debug_abbrev  0x0000166f      0x668 con_seq.o
 .debug_abbrev  0x00001cd7      0x991 console.o
 .debug_abbrev  0x00002668      0x170 cxx.o
 .debug_abbrev  0x000027d8      0x36e keyboard.o
 .debug_abbrev  0x00002b46      0x7a7 mod.o
 .debug_abbrev  0x000032ed      0x2bd patch.o
 .debug_abbrev  0x000035aa       0xeb rel.o
 .debug_abbrev  0x00003695      0x230 ug.o
 .debug_abbrev  0x000038c5      0x12d util.o
 .debug_abbrev  0x000039f2      0x183 aaa.o
 .debug_abbrev  0x00003b75      0x24a aji.o
 .debug_abbrev  0x00003dbf      0x183 bom.o
 .debug_abbrev  0x00003f42      0x183 dou.o
 .debug_abbrev  0x000040c5      0x183 eki.o
 .debug_abbrev  0x00004248      0x180 end.o
 .debug_abbrev  0x000043c8      0x183 gon.o
 .debug_abbrev  0x0000454b      0x27e gor_00.o
 .debug_abbrev  0x000047c9      0x253 gor_01.o
 .debug_abbrev  0x00004a1c      0x237 gor_02.o
 .debug_abbrev  0x00004c53      0x20e gor_03.o
 .debug_abbrev  0x00004e61      0x183 gor_04.o
 .debug_abbrev  0x00004fe4      0x1ba gor_misc.o
 .debug_abbrev  0x0000519e      0x202 gra.o
 .debug_abbrev  0x000053a0      0x183 hei.o
 .debug_abbrev  0x00005523      0x183 hom.o
 .debug_abbrev  0x000056a6      0x183 jin.o
 .debug_abbrev  0x00005829      0x183 kpa.o
 .debug_abbrev  0x000059ac      0x183 las.o
 .debug_abbrev  0x00005b2f      0x148 main.o
 .debug_abbrev  0x00005c77      0x21d moo.o
 .debug_abbrev  0x00005e94      0x246 mri.o
 .debug_abbrev  0x000060da      0x23f muj.o
 .debug_abbrev  0x00006319      0x238 nok.o
 .debug_abbrev  0x00006551      0x23a pik.o
 .debug_abbrev  0x0000678b      0x237 rsh.o
 .debug_abbrev  0x000069c2      0x4c1 tik.o
 .debug_abbrev  0x00006e83      0x239 tou.o
 .debug_abbrev  0x000070bc      0x183 tou2.o
 .debug_abbrev  0x0000723f      0x237 usu.o
 .debug_abbrev  0x00007476      0x238 win.o

.debug_line     0x00000000    0x1845f
 *(.debug_line)
 .debug_line    0x00000000      0xbad OWR.o
 .debug_line    0x00000bad      0x39d common.o
 .debug_line    0x00000f4a      0x4e0 con_mario.o
 .debug_line    0x0000142a      0x5f6 con_perf.o
 .debug_line    0x00001a20      0x5b0 con_seq.o
 .debug_line    0x00001fd0     0x1f5f console.o
 .debug_line    0x00003f2f      0x1c9 cxx.o
 .debug_line    0x000040f8      0xcb4 keyboard.o
 .debug_line    0x00004dac      0x79d mod.o
 .debug_line    0x00005549      0x80c patch.o
 .debug_line    0x00005d55      0x226 rel.o
 .debug_line    0x00005f7b      0x4ad ug.o
 .debug_line    0x00006428      0x2cc util.o
 .debug_line    0x000066f4      0x33c aaa.o
 .debug_line    0x00006a30      0xef4 aji.o
 .debug_line    0x00007924      0x782 bom.o
 .debug_line    0x000080a6      0x76c dou.o
 .debug_line    0x00008812      0x679 eki.o
 .debug_line    0x00008e8b      0x315 end.o
 .debug_line    0x000091a0      0x75c gon.o
 .debug_line    0x000098fc      0x934 gor_00.o
 .debug_line    0x0000a230      0x71b gor_01.o
 .debug_line    0x0000a94b      0x833 gor_02.o
 .debug_line    0x0000b17e      0x8d4 gor_03.o
 .debug_line    0x0000ba52      0x4fe gor_04.o
 .debug_line    0x0000bf50      0x45c gor_misc.o
 .debug_line    0x0000c3ac      0x57e gra.o
 .debug_line    0x0000c92a      0x5c4 hei.o
 .debug_line    0x0000ceee      0x461 hom.o
 .debug_line    0x0000d34f      0x6fd jin.o
 .debug_line    0x0000da4c      0x3b0 kpa.o
 .debug_line    0x0000ddfc      0x95f las.o
 .debug_line    0x0000e75b      0x8bf main.o
 .debug_line    0x0000f01a      0x3d0 moo.o
 .debug_line    0x0000f3ea     0x135b mri.o
 .debug_line    0x00010745      0xfc4 muj.o
 .debug_line    0x00011709      0x63d nok.o
 .debug_line    0x00011d46      0x9b2 pik.o
 .debug_line    0x000126f8     0x193e rsh.o
 .debug_line    0x00014036      0xbbe tik.o
 .debug_line    0x00014bf4     0x1bd0 tou.o
 .debug_line    0x000167c4      0x805 tou2.o
 .debug_line    0x00016fc9      0xe3e usu.o
 .debug_line    0x00017e07      0x658 win.o

.debug_frame
 *(.debug_frame)

.debug_str      0x00000000    0x53b95
 *(.debug_str)
 .debug_str     0x00000000     0x3144 OWR.o
 .debug_str     0x00003144     0x13e4 common.o
 .debug_str     0x00004528     0x1a59 con_mario.o
 .debug_str     0x00005f81     0x160e con_perf.o
 .debug_str     0x0000758f     0x17a6 con_seq.o
 .debug_str     0x00008d35     0x19f9 console.o
 .debug_str     0x0000a72e      0x34e cxx.o
 .debug_str     0x0000aa7c      0x955 keyboard.o
 .debug_str     0x0000b3d1     0x2d81 mod.o
 .debug_str     0x0000e152      0x6eb patch.o
 .debug_str     0x0000e83d      0x191 rel.o
 .debug_str     0x0000e9ce      0x39b ug.o
 .debug_str     0x0000ed69      0x3eb util.o
 .debug_str     0x0000f154     0x1ec1 aaa.o
 .debug_str     0x00011015     0x2901 aji.o
 .debug_str     0x00013916     0x20a2 bom.o
 .debug_str     0x000159b8     0x208e dou.o
 .debug_str     0x00017a46     0x1fb6 eki.o
 .debug_str     0x000199fc     0x1ebb end.o
 .debug_str     0x0001b8b7     0x2073 gon.o
 .debug_str     0x0001d92a     0x2a6b gor_00.o
 .debug_str     0x00020395     0x249c gor_01.o
 .debug_str     0x00022831     0x25be gor_02.o
 .debug_str     0x00024def     0x2494 gor_03.o
 .debug_str     0x00027283     0x1f3a gor_04.o
 .debug_str     0x000291bd     0x1f4f gor_misc.o
 .debug_str     0x0002b10c     0x2319 gra.o
 .debug_str     0x0002d425     0x1fbb hei.o
 .debug_str     0x0002f3e0     0x1f56 hom.o
 .debug_str     0x00031336     0x207c jin.o
 .debug_str     0x000333b2     0x1f11 kpa.o
 .debug_str     0x000352c3     0x215c las.o
 .debug_str     0x0003741f      0x7c9 main.o
 .debug_str     0x00037be8     0x22c5 moo.o
 .debug_str     0x00039ead     0x2d52 mri.o
 .debug_str     0x0003cbff     0x2acf muj.o
 .debug_str     0x0003f6ce     0x2621 nok.o
 .debug_str     0x00041cef     0x259b pik.o
 .debug_str     0x0004428a     0x2b60 rsh.o
 .debug_str     0x00046dea     0x334f tik.o
 .debug_str     0x0004a139     0x2c4f tou.o
 .debug_str     0x0004cd88     0x209c tou2.o
 .debug_str     0x0004ee24     0x298e usu.o
 .debug_str     0x000517b2     0x23e3 win.o

.debug_loc
 *(.debug_loc)

.debug_macinfo
 *(.debug_macinfo)

.debug_weaknames
 *(.debug_weaknames)

.debug_funcnames
 *(.debug_funcnames)

.debug_typenames
 *(.debug_typenames)

.debug_varnames
 *(.debug_varnames)
                0x00000000                        __isIPL = 0x0
                0x0002bd40                        __stack_addr = ((((__bss_start + SIZEOF (.bss)) + 0x20000) + 0x7) & 0xfffffffffffffff8)
                0x0000bd40                        __stack_end = (__bss_start + SIZEOF (.bss))
                0x0002fd40                        __intrstack_addr = (__stack_addr + 0x4000)
                0x0002bd40                        __intrstack_end = __stack_addr
                0x0002fd40                        __Arena1Lo = ((__intrstack_addr + 0x1f) & 0xffffffffffffffe0)
                0x817feff0                        __Arena1Hi = 0x817feff0
                0x817ff000                        __gxregs = ((__Arena1Hi + 0x1f) & 0xffffffffffffffe0)
                [!provide]                        PROVIDE (__stack = 0x817feff0)
                [!provide]                        PROVIDE (__isIPL = __isIPL)
                [!provide]                        PROVIDE (__stack_addr = __stack_addr)
                [!provide]                        PROVIDE (__stack_end = __stack_end)
                [!provide]                        PROVIDE (__intrstack_addr = __intrstack_addr)
                [!provide]                        PROVIDE (__intrstack_end = __intrstack_end)
                [!provide]                        PROVIDE (__Arena1Lo = __Arena1Lo)
                [!provide]                        PROVIDE (__Arena1Hi = __Arena1Hi)
                [!provide]                        PROVIDE (__gxregs = __gxregs)
LOAD H:/GhidraProjects/TTYDAP/TTYDAP/rel/source/cxx.ld
                0x0000bbdc                        _ctors_start = ADDR (.ctors)
                0x0000bc00                        _ctors_end = (_ctors_start + SIZEOF (.ctors))
                0x0000bc00                        _dtors_start = ADDR (.dtors)
                0x0000bc00                        _dtors_end = (_dtors_start + SIZEOF (.dtors))
LOAD OWR.o
LOAD StateManager.o
LOAD common.o
LOAD con_mario.o
LOAD con_perf.o
LOAD con_seq.o
LOAD console.o
LOAD cxx.o
LOAD keyboard.o
LOAD mod.o
LOAD patch.o
LOAD rel.o
LOAD ug.o
LOAD util.o
LOAD aaa.o
LOAD aji.o
LOAD bom.o
LOAD dou.o
LOAD eki.o
LOAD end.o
LOAD gon.o
LOAD gor_00.o
LOAD gor_01.o
LOAD gor_02.o
LOAD gor_03.o
LOAD gor_04.o
LOAD gor_misc.o
LOAD gra.o
LOAD hei.o
LOAD hom.o
LOAD jin.o
LOAD kpa.o
LOAD las.o
LOAD main.o
LOAD moo.o
LOAD mri.o
LOAD muj.o
LOAD nok.o
LOAD pik.o
LOAD rsh.o
LOAD tik.o
LOAD tou.o
LOAD tou2.o
LOAD usu.o
LOAD win.o
LOAD asm_main.o
LOAD patch_ih.o
LOAD C:/devkitPro/devkitPPC/bin/../lib/gcc/powerpc-eabi/13.1.0\libgcc.a
OUTPUT(H:/GhidraProjects/TTYDAP/TTYDAP/rel/rel.jp.elf elf32-powerpc)

.debug_loclists
                0x00000000     0x4895
 .debug_loclists
                0x00000000      0x563 OWR.o
 .debug_loclists
                0x00000563      0x151 common.o
 .debug_loclists
                0x000006b4       0xa9 con_mario.o
 .debug_loclists
                0x0000075d      0x2eb con_perf.o
 .debug_loclists
                0x00000a48       0xf8 con_seq.o
 .debug_loclists
                0x00000b40     0x1cd1 console.o
 .debug_loclists
                0x00002811       0x54 cxx.o
 .debug_loclists
                0x00002865      0x886 keyboard.o
 .debug_loclists
                0x000030eb      0x1b8 mod.o
 .debug_loclists
                0x000032a3      0xc5e patch.o
 .debug_loclists
                0x00003f01      0x2cd ug.o
 .debug_loclists
                0x000041ce       0xd6 util.o
 .debug_loclists
                0x000042a4       0x29 aaa.o
 .debug_loclists
                0x000042cd       0x2a aji.o
 .debug_loclists
                0x000042f7       0x2a bom.o
 .debug_loclists
                0x00004321       0x2a dou.o
 .debug_loclists
                0x0000434b       0x2a eki.o
 .debug_loclists
                0x00004375       0x2c gon.o
 .debug_loclists
                0x000043a1       0x2c gor_00.o
 .debug_loclists
                0x000043cd       0x2a gor_01.o
 .debug_loclists
                0x000043f7       0x2a gor_02.o
 .debug_loclists
                0x00004421       0x2a gor_03.o
 .debug_loclists
                0x0000444b       0x2a gor_04.o
 .debug_loclists
                0x00004475       0x2c gor_misc.o
 .debug_loclists
                0x000044a1       0x2a gra.o
 .debug_loclists
                0x000044cb       0x2a hei.o
 .debug_loclists
                0x000044f5       0x2a hom.o
 .debug_loclists
                0x0000451f       0x2a jin.o
 .debug_loclists
                0x00004549       0x2a kpa.o
 .debug_loclists
                0x00004573       0x2a las.o
 .debug_loclists
                0x0000459d       0x2a moo.o
 .debug_loclists
                0x000045c7       0x2a mri.o
 .debug_loclists
                0x000045f1       0x2c muj.o
 .debug_loclists
                0x0000461d       0x2a nok.o
 .debug_loclists
                0x00004647       0x2c pik.o
 .debug_loclists
                0x00004673       0x2c rsh.o
 .debug_loclists
                0x0000469f      0x14e tik.o
 .debug_loclists
                0x000047ed       0x2a tou.o
 .debug_loclists
                0x00004817       0x2a tou2.o
 .debug_loclists
                0x00004841       0x2a usu.o
 .debug_loclists
                0x0000486b       0x2a win.o

.debug_rnglists
                0x00000000     0x141a
 .debug_rnglists
                0x00000000       0xd8 OWR.o
 .debug_rnglists
                0x000000d8       0x43 common.o
 .debug_rnglists
                0x0000011b       0x95 con_mario.o
 .debug_rnglists
                0x000001b0       0xb4 con_perf.o
 .debug_rnglists
                0x00000264       0xc4 con_seq.o
 .debug_rnglists
                0x00000328      0x71c console.o
 .debug_rnglists
                0x00000a44       0x25 cxx.o
 .debug_rnglists
                0x00000a69      0x315 keyboard.o
 .debug_rnglists
                0x00000d7e       0xde mod.o
 .debug_rnglists
                0x00000e5c      0x23d patch.o
 .debug_rnglists
                0x00001099       0x47 rel.o
 .debug_rnglists
                0x000010e0       0x73 ug.o
 .debug_rnglists
                0x00001153       0x21 util.o
 .debug_rnglists
                0x00001174       0x13 aaa.o
 .debug_rnglists
                0x00001187       0x14 aji.o
 .debug_rnglists
                0x0000119b       0x14 bom.o
 .debug_rnglists
                0x000011af       0x14 dou.o
 .debug_rnglists
                0x000011c3       0x14 eki.o
 .debug_rnglists
                0x000011d7       0x13 end.o
 .debug_rnglists
                0x000011ea       0x14 gon.o
 .debug_rnglists
                0x000011fe       0x1a gor_00.o
 .debug_rnglists
                0x00001218       0x14 gor_01.o
 .debug_rnglists
                0x0000122c       0x14 gor_02.o
 .debug_rnglists
                0x00001240       0x14 gor_03.o
 .debug_rnglists
                0x00001254       0x14 gor_04.o
 .debug_rnglists
                0x00001268       0x14 gor_misc.o
 .debug_rnglists
                0x0000127c       0x14 gra.o
 .debug_rnglists
                0x00001290       0x14 hei.o
 .debug_rnglists
                0x000012a4       0x14 hom.o
 .debug_rnglists
                0x000012b8       0x14 jin.o
 .debug_rnglists
                0x000012cc       0x14 kpa.o
 .debug_rnglists
                0x000012e0       0x14 las.o
 .debug_rnglists
                0x000012f4       0x1b main.o
 .debug_rnglists
                0x0000130f       0x14 moo.o
 .debug_rnglists
                0x00001323       0x14 mri.o
 .debug_rnglists
                0x00001337       0x14 muj.o
 .debug_rnglists
                0x0000134b       0x14 nok.o
 .debug_rnglists
                0x0000135f       0x14 pik.o
 .debug_rnglists
                0x00001373       0x14 rsh.o
 .debug_rnglists
                0x00001387       0x43 tik.o
 .debug_rnglists
                0x000013ca       0x14 tou.o
 .debug_rnglists
                0x000013de       0x14 tou2.o
 .debug_rnglists
                0x000013f2       0x14 usu.o
 .debug_rnglists
                0x00001406       0x14 win.o
