Archive member included to satisfy reference by file (symbol)

C:/devkitPro/devkitPPC/bin/../lib/gcc/powerpc-eabi/13.1.0\libgcc.a(_divdi3.o)
                              console.o (__divdi3)

Discarded input sections

 .text          0x00000000        0x0 OWR.o
 .data          0x00000000        0x0 OWR.o
 .bss           0x00000000        0x0 OWR.o
 .text._Z13strcpy_StringPcPKc
                0x00000000        0x4 OWR.o
 .text._ZN3mod3owr3OWR8AAAToGOREv
                0x00000000       0x48 OWR.o
 .text._ZN3mod3owr3OWR12RecieveItemsEv
                0x00000000       0x68 OWR.o
 .bss._ZN3mod3owr25g_stg0_00_init_trampolineE
                0x00000000        0x4 OWR.o
 .bss._ZN3mod3owr22g_itemEntry_trampolineE
                0x00000000        0x4 OWR.o
 .bss._ZN3mod3owr6gStateE
                0x00000000        0x4 OWR.o
 .text          0x00000000        0x0 StateManager.o
 .data          0x00000000        0x0 StateManager.o
 .bss           0x00000000        0x0 StateManager.o
 .text._ZN3mod3owr12StateManager4InitEv
                0x00000000       0x34 StateManager.o
 .text          0x00000000        0x0 common.o
 .data          0x00000000        0x0 common.o
 .bss           0x00000000        0x0 common.o
 .text._ZN3mod6common14GetCurrentAreaEv
                0x00000000       0x1c common.o
 .text._ZN3mod6common13GetCurrentMapEv
                0x00000000       0x1c common.o
 .text._ZN3mod6common11GetFilenameEv
                0x00000000       0x1c common.o
 .text._ZN3mod6common16GetStorySequenceEv
                0x00000000       0x24 common.o
 .text._ZN3mod6common14GetPitSequenceEv
                0x00000000       0x2c common.o
 .text._ZN3mod6common17GetSavedFlagValueEi
                0x00000000       0x44 common.o
 .text._ZN3mod6common21HasKeyItemInInventoryEs
                0x00000000       0x60 common.o
 .text._ZN3mod6common25GetBattleWindowDataOffsetEv
                0x00000000       0x1c common.o
 .text._ZN3mod6common21GetStatusWindowHeightEv
                0x00000000       0x28 common.o
 .data._ZN3mod6common29kUnknownStatusWindowStructPtrE
                0x00000000        0x4 common.o
 .data._ZN3mod6common10kBattlePtrE
                0x00000000        0x4 common.o
 .data._ZN3mod6common9kPouchPtrE
                0x00000000        0x4 common.o
 .data._ZN3mod6common12kSaveDataPtrE
                0x00000000        0x4 common.o
 .rodata._ZN3mod6common32kUltraHammerChestDespawnIdOffsetE
                0x00000000        0x4 common.o
 .rodata._ZN3mod6common27kObjectCollectionExprOffsetE
                0x00000000        0x4 common.o
 .rodata._ZN3mod6common27kObjectChestScriptPtrOffsetE
                0x00000000        0x4 common.o
 .rodata._ZN3mod6common33kMujModuleFlavioDesiredItemOffsetE
                0x00000000        0x4 common.o
 .rodata._ZN3mod6common36kJinModuleAtomicBooItemGswfSetOffsetE
                0x00000000        0x4 common.o
 .rodata._ZN3mod6common39kJinModuleAtomicBooItemObjectFlagOffsetE
                0x00000000        0x4 common.o
 .rodata._ZN3mod6common32kPitModuleCharlietonChanceOffsetE
                0x00000000        0x4 common.o
 .rodata._ZN3mod6common22kPitModuleNpcArrOffsetE
                0x00000000        0x4 common.o
 .rodata._ZN3mod6common23kSavedWordFlagBaseValueE
                0x00000000        0x4 common.o
 .data._ZN3mod6common20kPiantaParlorItemArrE
                0x00000000        0x4 common.o
 .data._ZN3mod6common21kPitCharlietonItemArrE
                0x00000000        0x4 common.o
 .data._ZN3mod6common12kHowzItemArrE
                0x00000000        0x4 common.o
 .data._ZN3mod6common18kCharlietonItemArrE
                0x00000000        0x4 common.o
 .data._ZN3mod6common14kDazzleItemArrE
                0x00000000        0x4 common.o
 .data._ZN3mod6common20kSuperguardFramesArrE
                0x00000000        0x4 common.o
 .data._ZN3mod6common15kGuardFramesArrE
                0x00000000        0x4 common.o
 .data._ZN3mod6common25kSuperChargePartnerParamsE
                0x00000000        0x4 common.o
 .data._ZN3mod6common18kSuperChargeParamsE
                0x00000000        0x4 common.o
 .data._ZN3mod6common19kPiercingBlowParamsE
                0x00000000        0x4 common.o
 .data._ZN3mod6common18kHammerThrowParamsE
                0x00000000        0x4 common.o
 .data._ZN3mod6common17kKoopaCurseParamsE
                0x00000000        0x4 common.o
 .data._ZN3mod6common15kTradeOffParamsE
                0x00000000        0x4 common.o
 .data._ZN3mod6common17kGulpRecoilParamsE
                0x00000000        0x4 common.o
 .data._ZN3mod6common24kUltraHammerRecoilParamsE
                0x00000000        0x4 common.o
 .data._ZN3mod6common24kSuperHammerRecoilParamsE
                0x00000000        0x4 common.o
 .data._ZN3mod6common8kNextMapE
                0x00000000        0x4 common.o
 .rodata.cst4   0x00000000        0x4 common.o
 .text          0x00000000        0x0 con_mario.o
 .data          0x00000000        0x0 con_mario.o
[...]
Memory Configuration

Name             Origin             Length             Attributes
*default*        0x00000000         0xffffffff

Linker script and memory map

                0x80003100                        . = 0x80003100

.init
 *crt0.o(*.init)
 *(.init)

.plt
 *(.plt)

.interp
 *(.interp)

.hash
 *(.hash)

.dynsym
 *(.dynsym)

.dynstr
 *(.dynstr)

.gnu.version
 *(.gnu.version)

.gnu.version_d
 *(.gnu.version_d)

.gnu.version_r
 *(.gnu.version_r)

.rel.init
 *(.rel.init)

.rela.init
 *(.rela.init)

.rel.text
 *(.rel.text .rel.text.* .rel.gnu.linkonce.t.*)

.rela.text
 *(.rela.text .rela.text.* .rela.gnu.linkonce.t.*)

.rel.fini
 *(.rel.fini)

.rela.fini
 *(.rela.fini)

.rel.rodata
 *(.rel.rodata .rel.rodata.* .rel.gnu.linkonce.r.*)

.rela.rodata
 *(.rela.rodata .rela.rodata.* .rela.gnu.linkonce.r.*)

.rel.data
 *(.rel.data .rel.data.* .rel.gnu.linkonce.d.*)

.rela.data
 *(.rela.data .rela.data.* .rela.gnu.linkonce.d.*)

.rel.tdata
 *(.rel.tdata .rel.tdata.* .rel.gnu.linkonce.td.*)

.rela.tdata
 *(.rela.tdata .rela.tdata.* .rela.gnu.linkonce.td.*)

.rel.tbss
 *(.rel.tbss .rel.tbss.* .rel.gnu.linkonce.tb.*)

.rela.tbss
 *(.rela.tbss .rela.tbss.* .rela.gnu.linkonce.tb.*)

.rel.ctors
 *(.rel.ctors)

.rela.ctors
 *(.rela.ctors)

.rel.dtors
 *(.rel.dtors)

.rela.dtors
 *(.rela.dtors)

.rel.got
 *(.rel.got)

.rela.got
 *(.rela.got)

.rela.got1
 *(.rela.got1)

.rela.got2
 *(.rela.got2)

.rel.sdata
 *(.rel.sdata .rel.sdata.* .rel.gnu.linkonce.s.*)

.rela.sdata
 *(.rela.sdata .rela.sdata.* .rela.gnu.linkonce.s.*)

.rel.sbss
 *(.rel.sbss .rel.sbss.* .rel.gnu.linkonce.sb.*)

.rela.sbss
 *(.rela.sbss .rela.sbss.* .rel.gnu.linkonce.sb.*)

.rel.sdata2
 *(.rel.sdata2 .rel.sdata2.* .rel.gnu.linkonce.s2.*)

.rela.sdata2
 *(.rela.sdata2 .rela.sdata2.* .rela.gnu.linkonce.s2.*)

.rel.sbss2
 *(.rel.sbss2 .rel.sbss2.* .rel.gnu.linkonce.sb2.*)

.rela.sbss2
 *(.rela.sbss2 .rela.sbss2.* .rela.gnu.linkonce.sb2.*)

.rel.bss
 *(.rel.bss .rel.bss.* .rel.gnu.linkonce.b.*)

.rela.bss
 *(.rela.bss .rela.bss.* .rela.gnu.linkonce.b.*)

.rel.plt
 *(.rel.plt)

.rela.plt
 *(.rela.plt)

.text           0x80003100     0xe2c0
 *(.text)
 .text          0x80003100        0x8 FixBlooperCrash1.o
                0x80003100                asmFixBlooperCrash1
 .text          0x80003108       0x14 FixBlooperCrash2.o
                0x80003108                asmFixBlooperCrash2
 .text          0x8000311c      0x244 asm_main.o
                0x8000311c                bMapGXArrInject
                0x80003128                bMapGXArrInjectReturn
                0x8000312c                bMapGXArrIncrement
                0x80003134                bMapGXArrIncrementReturn
                0x80003138                bMapGXChSplit
                0x80003144                bMapGXChSplitReturn
                0x80003148                bWinLogArrInject
                0x80003154                bWinLogArrInjectReturn
                0x80003158                bWinLogArrIncrement
                0x80003160                bWinLogArrIncrementReturn
                0x80003164                bChapterClearCheck
                0x800031ac                bJohoyaSeqAddition
                0x800031e4                bPrintPartyAddErrorFix
                0x80003220                bPrintPartyAddErrorFixReturn
                0x80003224                bPrintPartyErrorFix
                0x80003260                bPrintPartyErrorFixReturn
                0x80003264                bKururingFloorCapture
                0x8000326c                bKururingFloorCaptureReturn
                0x80003270                bKururingFloorRelease
                0x80003278                bKururingFloorReleaseReturn
                0x8000327c                bPowerupblkCapture
                0x80003294                bPowerupblkCaptureReturn
                0x80003298                bPowerupblkRelease
                0x800032a0                bPowerupblkReleaseReturn
                0x800032a4                win_log_mapGX_arr
 *(.text.*)
 *fill*         0x80003360        0x0 00000000
 .text._ZZN3mod3owr3OWR4InitEvENUliE_4_FUNEi
                0x80003360      0x1cc OWR.o
 .text._ZZN3mod3owr3OWR4InitEvENUlPKcE_4_FUNES3_
                0x8000352c      0x2ec OWR.o
 .text._ZN3mod3owr3OWRC2Ev
                0x80003818        0x4 OWR.o
                0x80003818                _ZN3mod3owr3OWRC1Ev
                0x80003818                _ZN3mod3owr3OWRC2Ev
 .text._ZN3mod3owr3OWR12SequenceInitEv
                0x8000381c       0xfc OWR.o
                0x8000381c                _ZN3mod3owr3OWR12SequenceInitEv
 .text._ZN3mod3owr3OWR4InitEv
                0x80003918      0x138 OWR.o
                0x80003918                _ZN3mod3owr3OWR4InitEv
 .text._ZN3mod3owr3OWR6UpdateEv
                0x80003a50       0x90 OWR.o
                0x80003a50                _ZN3mod3owr3OWR6UpdateEv
 .text._ZN3mod3owr3OWR4DrawEv
                0x80003ae0        0x4 OWR.o
                0x80003ae0                _ZN3mod3owr3OWR4DrawEv
 .text._ZN3mod3owr3OWR14OnModuleLoadedEPN2gc6OSLink12OSModuleInfoE
                0x80003ae4       0xd4 OWR.o
                0x80003ae4                _ZN3mod3owr3OWR14OnModuleLoadedEPN2gc6OSLink12OSModuleInfoE
 .text._ZZN3mod3owr3OWR4InitEvENUlPN2gc6OSLink12OSModuleInfoEPvE_4_FUNES5_S6_
                0x80003bb8       0x84 OWR.o
 .text._ZN3mod3owr3OWR10DrawStringEPKcffjf
                0x80003c3c       0xfc OWR.o
                0x80003c3c                _ZN3mod3owr3OWR10DrawStringEPKcffjf
 .text.startup._GLOBAL__sub_I__Z13strcpy_StringPcPKc
                0x80003d38       0x14 OWR.o
 .text._ZN3mod3owr12StateManagerC2Ev
                0x80003d4c       0x48 StateManager.o
                0x80003d4c                _ZN3mod3owr12StateManagerC2Ev
                0x80003d4c                _ZN3mod3owr12StateManagerC1Ev
 .text._ZN3modL13mod_if_func22Ev
                0x80003d94       0x54 con_mario.o
 .text.startup._GLOBAL__sub_I__ZN3mod13mario_set_posE
                0x80003de8       0x88 con_mario.o
 .text._ZN3modL13mod_if_func46Ev
                0x80003e70      0x19c con_perf.o
 .text.startup._GLOBAL__sub_I__ZN3mod15perf_fake_spikeE
                0x8000400c       0x8c con_perf.o
 .text._ZZN3modL13mod_if_func16EvENUlPN4ttyd6seqdrv7SeqInfoEE_4_FUNES3_
                0x80004098       0x44 con_seq.o
 .text._ZN3modL13mod_if_func16Ev
                0x800040dc       0x74 con_seq.o
 .text.startup._GLOBAL__sub_I__ZN3mod13seq_logo_skipE
                0x80004150       0x8c con_seq.o
 .text._ZN3mod13ConsoleSystem4initEv
                0x800041dc       0x38 console.o
                0x800041dc                _ZN3mod13ConsoleSystem4initEv
 .text._ZN3mod13ConsoleSystem8logColorEPKcN2gc6color4E
                0x80004214      0x2a8 console.o
                0x80004214                _ZN3mod13ConsoleSystem8logColorEPKcN2gc6color4E
 .text._ZN3mod13ConsoleSystem7logInfoEPKcz
                0x800044bc       0xb8 console.o
                0x800044bc                _ZN3mod13ConsoleSystem7logInfoEPKcz
 .text._ZN3mod7CC_findEPKc
                0x80004574      0x12c console.o
                0x80004574                _ZN3mod7CC_findEPKc
 .text._ZN3mod13ConsoleSystem10logWarningEPKcz
                0x800046a0       0xbc console.o
                0x800046a0                _ZN3mod13ConsoleSystem10logWarningEPKcz
 .text._ZN3mod13ConsoleSystem8logErrorEPKcz
                0x8000475c       0xbc console.o
                0x8000475c                _ZN3mod13ConsoleSystem8logErrorEPKcz
 .text._ZN3mod13ConsoleSystem7overlayEPKcz
                0x80004818       0xd0 console.o
                0x80004818                _ZN3mod13ConsoleSystem7overlayEPKcz
 .text._ZN3mod13ConsoleSystem14processCommandEPKc
                0x800048e8      0x288 console.o
                0x800048e8                _ZN3mod13ConsoleSystem14processCommandEPKc
 .text._ZN3mod13ConsoleSystem12updatePromptEv
                0x80004b70      0x974 console.o
                0x80004b70                _ZN3mod13ConsoleSystem12updatePromptEv
 .text._ZN3mod13ConsoleSystem14updateUsbGeckoEv.part.0
                0x800054e4      0x19c console.o
 .text._ZN3mod13ConsoleSystem6updateEv
                0x80005680       0x70 console.o
                0x80005680                _ZN3mod13ConsoleSystem6updateEv
 .text._ZN3mod13ConsoleSystem4dispEv
                0x800056f0      0x534 console.o
                0x800056f0                _ZN3mod13ConsoleSystem4dispEv
 .text._ZZN3mod13ConsoleSystem6updateEvENUlN4ttyd7dispdrv8CameraIdEPvE_4_FUNES3_S4_
                0x80005c24        0x8 console.o
 .text.startup._GLOBAL__sub_I__ZN3mod10ConCommand6sFirstE
                0x80005c2c      0x1ac console.o
 .text._Znwj    0x80005dd8        0xc cxx.o
                0x80005dd8                _Znwj
 .text._Znaj    0x80005de4        0xc cxx.o
                0x80005de4                _Znaj
 .text._ZdaPv   0x80005df0        0xc cxx.o
                0x80005df0                _ZdaPv
 .text._Z10checkHeapsv
                0x80005dfc      0x484 errorHandling.o
                0x80005dfc                _Z10checkHeapsv
 .text._Z17drawErrorMessagesv
                0x80006280      0x234 errorHandling.o
                0x80006280                _Z17drawErrorMessagesv
 .text._Z25checkForNpcNameToPtrErrorPKc
                0x800064b4       0x90 errorHandling.o
                0x800064b4                _Z25checkForNpcNameToPtrErrorPKc
 .text._Z24preventAnimPoseMainCrashi
                0x80006544       0x54 errorHandling.o
                0x80006544                _Z24preventAnimPoseMainCrashi
 .text.startup._GLOBAL__sub_I_npcNameToPtrErrorInfo
                0x80006598       0x1c errorHandling.o
 .text.exit._GLOBAL__sub_D_npcNameToPtrErrorInfo
                0x800065b4       0x14 errorHandling.o
 .text._ZL22fixPouchInitMemoryLeakij
                0x800065c8       0x60 gamePatches.o
 .text._ZL12autoMashTextN2gc3pad5PadIdE
                0x80006628       0x54 gamePatches.o
 .text._ZL14fixMapProblemsv
                0x8000667c      0x12c gamePatches.o
 .text.cFixBlooperCrash1
                0x800067a8       0x4c gamePatches.o
                0x800067a8                cFixBlooperCrash1
 .text._Z14applyGameFixesv
                0x800067f4       0x68 gamePatches.o
                0x800067f4                _Z14applyGameFixesv
 .text._Z23applyVariousGamePatchesv
                0x8000685c       0xd4 gamePatches.o
                0x8000685c                _Z23applyVariousGamePatchesv
 .text._ZN3mod8KeyboardC2Ei
                0x80006930       0x84 keyboard.o
                0x80006930                _ZN3mod8KeyboardC2Ei
                0x80006930                _ZN3mod8KeyboardC1Ei
 .text._ZN3mod8Keyboard6updateEv
                0x800069b4      0x59c keyboard.o
                0x800069b4                _ZN3mod8Keyboard6updateEv
 .text._ZZN3mod3Mod4initEvENUlvE0_4_FUNEv
                0x80006f50        0x4 mod.o
 .text._ZZN3mod3Mod11updateEarlyEvENUlN4ttyd7dispdrv8CameraIdEPvE_4_FUNES3_S4_
                0x80006f54       0x30 mod.o
 .text._ZZN3mod3Mod4initEvENUlvE_4_FUNEv
                0x80006f84       0x98 mod.o
 .text._ZN3mod3ModC2Ev
                0x8000701c       0xa0 mod.o
                0x8000701c                _ZN3mod3ModC2Ev
                0x8000701c                _ZN3mod3ModC1Ev
 .text._ZN3mod3Mod4initEv
                0x800070bc      0x194 mod.o
                0x800070bc                _ZN3mod3Mod4initEv
 .text.startup._ZN3mod4mainEv
                0x80007250       0x38 mod.o
                0x80007250                _ZN3mod4mainEv
 .text._ZN3mod5patch17clear_DC_IC_CacheEPvj
                0x80007288       0x40 patch.o
                0x80007288                _ZN3mod5patch17clear_DC_IC_CacheEPvj
 .text._ZN3mod5patch11writeBranchEPvS1_
                0x800072c8       0x4c patch.o
                0x800072c8                _ZN3mod5patch11writeBranchEPvS1_
 .text._ZN3mod5patch14writeEvtBranchEPiPKib
                0x80007314       0x1c patch.o
                0x80007314                _ZN3mod5patch14writeEvtBranchEPiPKib
 .text._ZN3mod5patch13writeBranchBLEPvS1_
                0x80007330       0x50 patch.o
                0x80007330                _ZN3mod5patch13writeBranchBLEPvS1_
 .text._ZN3mod5patch10writePatchEPvPKvj
                0x80007380       0x7c patch.o
                0x80007380                _ZN3mod5patch10writePatchEPvPKvj
 .text._ZN3mod5patch10writePatchEPvj
                0x800073fc       0x6c patch.o
                0x800073fc                _ZN3mod5patch10writePatchEPvj
 .text._ZN3mod5patch15writeBranchPairEPvS1_S1_
                0x80007468       0x80 patch.o
                0x80007468                _ZN3mod5patch15writeBranchPairEPvS1_S1_
 .text.snprintf
                0x800074e8       0xe4 printf.o
                0x800074e8                snprintf
 .text._prolog  0x800075cc       0xac rel.o
                0x800075cc                _prolog
 .text._epilog  0x80007678       0xac rel.o
                0x80007678                _epilog
 .text._unresolved
                0x80007724        0x4 rel.o
                0x80007724                _unresolved
 .text._ZN3mod7ugProbeEi
                0x80007728      0x110 ug.o
                0x80007728                _ZN3mod7ugProbeEi
 .text._ZN3mod6ugSendEiPKvi
                0x80007838      0x12c ug.o
                0x80007838                _ZN3mod6ugSendEiPKvi
 .text._ZN3mod6ugRecvEiPvi
                0x80007964      0x124 ug.o
                0x80007964                _ZN3mod6ugRecvEiPvi
 .text.strstr   0x80007a88       0xf0 util.o
                0x80007a88                strstr
 .text._ZN3mod4util26checkButtonComboEveryFrameEj
                0x80007b78       0x40 util.o
                0x80007b78                _ZN3mod4util26checkButtonComboEveryFrameEj
 .text._ZN3mod4util10ptrIsValidEPv
                0x80007bb8       0x30 util.o
                0x80007bb8                _ZN3mod4util10ptrIsValidEPv
 .text._ZN3mod4util10intToFloatEi
                0x80007be8       0x30 util.o
                0x80007be8                _ZN3mod4util10intToFloatEi
 .text._ZN3mod4util25getTextMultilineIncrementEPKcfj
                0x80007c18       0x58 util.o
                0x80007c18                _ZN3mod4util25getTextMultilineIncrementEPKcfj
 .text._Z15ApplyAaaPatchesPN2gc6OSLink12OSModuleInfoE
                0x80007c70       0x50 aaa.o
                0x80007c70                _Z15ApplyAaaPatchesPN2gc6OSLink12OSModuleInfoE
 .text._Z15ApplyAjiPatchesPN2gc6OSLink12OSModuleInfoE
                0x80007cc0      0x8f4 aji.o
                0x80007cc0                _Z15ApplyAjiPatchesPN2gc6OSLink12OSModuleInfoE
 .text._Z15ApplyBomPatchesPN2gc6OSLink12OSModuleInfoE
                0x800085b4      0x340 bom.o
                0x800085b4                _Z15ApplyBomPatchesPN2gc6OSLink12OSModuleInfoE
 .text._Z15ApplyDouPatchesPN2gc6OSLink12OSModuleInfoE
                0x800088f4      0x310 dou.o
                0x800088f4                _Z15ApplyDouPatchesPN2gc6OSLink12OSModuleInfoE
 .text._Z15ApplyEkiPatchesPN2gc6OSLink12OSModuleInfoE
                0x80008c04      0x280 eki.o
                0x80008c04                _Z15ApplyEkiPatchesPN2gc6OSLink12OSModuleInfoE
 .text._Z15ApplyEndPatchesPN2gc6OSLink12OSModuleInfoE
                0x80008e84       0x30 end.o
                0x80008e84                _Z15ApplyEndPatchesPN2gc6OSLink12OSModuleInfoE
 .text._Z15ApplyGonPatchesPN2gc6OSLink12OSModuleInfoE
                0x80008eb4      0x354 gon.o
                0x80008eb4                _Z15ApplyGonPatchesPN2gc6OSLink12OSModuleInfoE
 .text._Z17ApplyGor00PatchesPN2gc6OSLink12OSModuleInfoE
                0x80009208      0x624 gor_00.o
                0x80009208                _Z17ApplyGor00PatchesPN2gc6OSLink12OSModuleInfoE
 .text.startup._GLOBAL__sub_I__Z17ApplyGor00PatchesPN2gc6OSLink12OSModuleInfoE
                0x8000982c       0x14 gor_00.o
 .text._Z17ApplyGor01PatchesPN2gc6OSLink12OSModuleInfoE
                0x80009840      0x43c gor_01.o
                0x80009840                _Z17ApplyGor01PatchesPN2gc6OSLink12OSModuleInfoE
 .text._Z17ApplyGor02PatchesPN2gc6OSLink12OSModuleInfoE
                0x80009c7c      0x450 gor_02.o
                0x80009c7c                _Z17ApplyGor02PatchesPN2gc6OSLink12OSModuleInfoE
 .text._Z17ApplyGor03PatchesPN2gc6OSLink12OSModuleInfoE
                0x8000a0cc      0x4d8 gor_03.o
                0x8000a0cc                _Z17ApplyGor03PatchesPN2gc6OSLink12OSModuleInfoE
 .text._Z17ApplyGor04PatchesPN2gc6OSLink12OSModuleInfoE
                0x8000a5a4      0x17c gor_04.o
                0x8000a5a4                _Z17ApplyGor04PatchesPN2gc6OSLink12OSModuleInfoE
 .text._Z19ApplyGorMiscPatchesPN2gc6OSLink12OSModuleInfoE
                0x8000a720      0x140 gor_misc.o
                0x8000a720                _Z19ApplyGorMiscPatchesPN2gc6OSLink12OSModuleInfoE
 .text._Z15ApplyGraPatchesPN2gc6OSLink12OSModuleInfoE
                0x8000a860      0x22c gra.o
                0x8000a860                _Z15ApplyGraPatchesPN2gc6OSLink12OSModuleInfoE
 .text._Z15ApplyHeiPatchesPN2gc6OSLink12OSModuleInfoE
                0x8000aa8c      0x264 hei.o
                0x8000aa8c                _Z15ApplyHeiPatchesPN2gc6OSLink12OSModuleInfoE
 .text._Z15ApplyHomPatchesPN2gc6OSLink12OSModuleInfoE
                0x8000acf0      0x140 hom.o
                0x8000acf0                _Z15ApplyHomPatchesPN2gc6OSLink12OSModuleInfoE
 .text._Z15ApplyJinPatchesPN2gc6OSLink12OSModuleInfoE
                0x8000ae30      0x324 jin.o
                0x8000ae30                _Z15ApplyJinPatchesPN2gc6OSLink12OSModuleInfoE
 .text._Z15ApplyKpaPatchesPN2gc6OSLink12OSModuleInfoE
                0x8000b154       0xe4 kpa.o
                0x8000b154                _Z15ApplyKpaPatchesPN2gc6OSLink12OSModuleInfoE
 .text._Z24ApplyMainAssemblyPatchesv
                0x8000b238      0x56c main.o
                0x8000b238                _Z24ApplyMainAssemblyPatchesv
 .text._Z22ApplyMainScriptPatchesv
                0x8000b7a4      0x1e8 main.o
                0x8000b7a4                _Z22ApplyMainScriptPatchesv
 .text._Z25ApplyItemDataTablePatchesv
                0x8000b98c      0x12c main.o
                0x8000b98c                _Z25ApplyItemDataTablePatchesv
 .text._Z15ApplyMriPatchesPN2gc6OSLink12OSModuleInfoE
                0x8000bab8      0xc20 mri.o
                0x8000bab8                _Z15ApplyMriPatchesPN2gc6OSLink12OSModuleInfoE
 .text._Z15ApplyMujPatchesPN2gc6OSLink12OSModuleInfoE
                0x8000c6d8      0x9fc muj.o
                0x8000c6d8                _Z15ApplyMujPatchesPN2gc6OSLink12OSModuleInfoE
 .text._Z15ApplyNokPatchesPN2gc6OSLink12OSModuleInfoE
                0x8000d0d4      0x390 nok.o
                0x8000d0d4                _Z15ApplyNokPatchesPN2gc6OSLink12OSModuleInfoE
 .text._Z15ApplyPikPatchesPN2gc6OSLink12OSModuleInfoE
                0x8000d464      0x54c pik.o
                0x8000d464                _Z15ApplyPikPatchesPN2gc6OSLink12OSModuleInfoE
 .text._Z15ApplyRshPatchesPN2gc6OSLink12OSModuleInfoE
                0x8000d9b0      0xf00 rsh.o
                0x8000d9b0                _Z15ApplyRshPatchesPN2gc6OSLink12OSModuleInfoE
 .text._Z18checkChapterClearsPN4ttyd6evtmgr8EvtEntryEb
                0x8000e8b0       0x8c tik.o
                0x8000e8b0                _Z18checkChapterClearsPN4ttyd6evtmgr8EvtEntryEb
 .text._Z15ApplyTikPatchesPN2gc6OSLink12OSModuleInfoE
                0x8000e93c      0x5c0 tik.o
                0x8000e93c                _Z15ApplyTikPatchesPN2gc6OSLink12OSModuleInfoE
 .text._Z15ApplyTouPatchesPN2gc6OSLink12OSModuleInfoE
                0x8000eefc     0x1118 tou.o
                0x8000eefc                _Z15ApplyTouPatchesPN2gc6OSLink12OSModuleInfoE
 .text._Z16ApplyTou2PatchesPN2gc6OSLink12OSModuleInfoE
                0x80010014      0x384 tou2.o
                0x80010014                _Z16ApplyTou2PatchesPN2gc6OSLink12OSModuleInfoE
 .text._Z15ApplyUsuPatchesPN2gc6OSLink12OSModuleInfoE
                0x80010398      0x8ec usu.o
                0x80010398                _Z15ApplyUsuPatchesPN2gc6OSLink12OSModuleInfoE
 .text._Z15ApplyWinPatchesPN2gc6OSLink12OSModuleInfoE
                0x80010c84      0x338 win.o
                0x80010c84                _Z15ApplyWinPatchesPN2gc6OSLink12OSModuleInfoE
 .text.__divdi3
                0x80010fbc      0x3ec C:/devkitPro/devkitPPC/bin/../lib/gcc/powerpc-eabi/13.1.0\libgcc.a(_divdi3.o)
                0x80010fbc                __divdi3
 *(.gnu.warning)
 *(.gnu.linkonce.t.*)
                0x800113c0                        . = ALIGN (0x20)
 *fill*         0x800113a8       0x18 00000000

.text._ZN3mod13mario_set_posMUlPKcE_4_FUNES2_
                0x00000000       0x6c
 .text._ZN3mod13mario_set_posMUlPKcE_4_FUNES2_
                0x00000000       0x6c con_mario.o
                0x00000000                _ZN3mod13mario_set_posMUlPKcE_4_FUNES2_
                0x00000000                _ZN3mod13mario_set_posMUlPKcE_4_FUNES1_

.text._ZN3mod15perf_fake_spikeMUlPKcE_4_FUNES2_
                0x00000000       0xa8
 .text._ZN3mod15perf_fake_spikeMUlPKcE_4_FUNES2_
                0x00000000       0xa8 con_perf.o
                0x00000000                _ZN3mod15perf_fake_spikeMUlPKcE_4_FUNES1_
                0x00000000                _ZN3mod15perf_fake_spikeMUlPKcE_4_FUNES2_

.text._ZN3mod14seq_change_mapMUlPKcE_4_FUNES2_
                0x00000000       0xf0
 .text._ZN3mod14seq_change_mapMUlPKcE_4_FUNES2_
                0x00000000       0xf0 con_seq.o
                0x00000000                _ZN3mod14seq_change_mapMUlPKcE_4_FUNES2_
                0x00000000                _ZN3mod14seq_change_mapMUlPKcE_4_FUNES1_

.text._ZN3mod8con_monoMUlPNS_9ConIntVarEiE_4_FUNES2_i
                0x00000000       0x3c
 .text._ZN3mod8con_monoMUlPNS_9ConIntVarEiE_4_FUNES2_i
                0x00000000       0x3c console.o
                0x00000000                _ZN3mod8con_monoMUlPNS_9ConIntVarEiE_4_FUNES1_i
                0x00000000                _ZN3mod8con_monoMUlPNS_9ConIntVarEiE_4_FUNES2_i

.fini           0x0000003c        0x4
 *(.fini)
                0x00000040                        . = ALIGN (0x20)
 *fill*         0x0000003c        0x4 00000000
                [!provide]                        PROVIDE (__etext = .)
                [!provide]                        PROVIDE (_etext = .)
                [!provide]                        PROVIDE (etext = .)

.rodata         0x00000040     0xc5cd
 *(.rodata)
 *(.rodata.*)
 .rodata._ZZN3mod3owr3OWR4InitEvENUliE_4_FUNEi
                0x00000040       0xec OWR.o
 .rodata._ZZN3mod3owr3OWR4InitEvENUlPKcE_4_FUNES3_.str1.4
                0x0000012c      0x1d5 OWR.o
 *fill*         0x00000301        0x3 
 .rodata._ZN3mod3owr3OWR8AAAToGOREv.str1.4
                0x00000304        0x7 OWR.o
 *fill*         0x0000030b        0x1 
 .rodata._ZN3mod3owr3OWR14OnModuleLoadedEPN2gc6OSLink12OSModuleInfoE
                0x0000030c       0x74 OWR.o
 .rodata.cst4   0x00000380        0x4 OWR.o
 .rodata._ZN3mod13mario_set_posMUlPKcE_4_FUNES2_.str1.4
                0x00000384        0x9 con_mario.o
 *fill*         0x0000038d        0x3 
 .rodata._ZN3modL13mod_if_func22Ev.str1.4
                0x00000390       0x20 con_mario.o
 .rodata._GLOBAL__sub_I__ZN3mod13mario_set_posE.str1.4
                0x000003b0       0x1f con_mario.o
 *fill*         0x000003cf        0x1 
 .rodata._ZN3modL13mod_if_func46Ev.str1.4
                0x000003d0       0x5e con_perf.o
 *fill*         0x0000042e        0x2 
 .rodata._ZN3mod15perf_fake_spikeMUlPKcE_4_FUNES2_.str1.4
                0x00000430        0x4 con_perf.o
 .rodata._GLOBAL__sub_I__ZN3mod15perf_fake_spikeE.str1.4
                0x00000434       0x1f con_perf.o
 *fill*         0x00000453        0x1 
 .rodata.cst4   0x00000454       0x10 con_perf.o
 .rodata._ZN3mod14seq_change_mapMUlPKcE_4_FUNES2_.str1.4
                0x00000464       0x20 con_seq.o
 .rodata._GLOBAL__sub_I__ZN3mod13seq_logo_skipE.str1.4
                0x00000484       0x1f con_seq.o
 *fill*         0x000004a3        0x1 
 .rodata._ZN3mod13ConsoleSystem8logColorEPKcN2gc6color4E.str1.4
                0x000004a4       0x83 console.o
 *fill*         0x00000527        0x1 
 .rodata._ZN3mod7CC_findEPKc.str1.4
                0x00000528       0x21 console.o
 *fill*         0x00000549        0x3 
 .rodata._ZN3mod13ConsoleSystem14processCommandEPKc.str1.4
                0x0000054c       0x2e console.o
 *fill*         0x0000057a        0x2 
 .rodata._ZN3mod13ConsoleSystem12updatePromptEv
                0x0000057c      0x6c0 console.o
 .rodata._ZN3mod13ConsoleSystem14updateUsbGeckoEv.part.0.str1.4
                0x00000c3c       0x75 console.o
 *fill*         0x00000cb1        0x3 
 .rodata._ZN3mod13ConsoleSystem4dispEv.str1.4
                0x00000cb4       0x16 console.o
 *fill*         0x00000cca        0x2 
 .rodata._GLOBAL__sub_I__ZN3mod10ConCommand6sFirstE.str1.4
                0x00000ccc       0x8d console.o
 .rodata._ZZN3mod13ConsoleSystem4dispEvE12kPromptColor
                0x00000d59        0x4 console.o
 *fill*         0x00000d5d        0x3 
 .rodata.cst4   0x00000d60        0x8 console.o
 .rodata._ZN21NpcNameToPtrErrorInfo16drawErrorMessageEv.str1.4
                0x00000d68       0x1f errorHandling.o
 *fill*         0x00000d87        0x1 
 .rodata._ZN21AnimPoseMainErrorInfo16drawErrorMessageEv.str1.4
                0x00000d88       0x1f errorHandling.o
 *fill*         0x00000da7        0x1 
 .rodata._Z10checkHeapsv.str1.4
                0x00000da8       0x7d errorHandling.o
 *fill*         0x00000e25        0x3 
 .rodata.cst4   0x00000e28       0x10 errorHandling.o
 .rodata._ZL14fixMapProblemsv.str1.4
                0x00000e38       0x23 gamePatches.o
 *fill*         0x00000e5b        0x1 
 .rodata.cst4   0x00000e5c        0x4 mod.o
 .rodata.cst4   0x00000e60        0x8 util.o
 .rodata._ZL20aji_17_init_evt_hook
                0x00000e68       0x10 aji.o
 .rodata._ZL19aji_17_init_evt_evt
                0x00000e78       0x4c aji.o
 .rodata._ZL20aji_10_init_evt_hook
                0x00000ec4       0x10 aji.o
 .rodata.str1.4
                0x00000ed4       0x43 aji.o
 *fill*         0x00000f17        0x1 
 .rodata._ZL19aji_10_init_evt_evt
                0x00000f18      0x284 aji.o
 .rodata._ZL18teshita3_init_hook
                0x0000119c       0x10 aji.o
 .rodata._ZL17teshita3_init_evt
                0x000011ac       0xc0 aji.o
 .rodata._ZL18teshita2_init_hook
                0x0000126c       0x10 aji.o
 .rodata._ZL17teshita2_init_evt
                0x0000127c       0xc0 aji.o
 .rodata._ZL20peach_evt_ele_2_hook
                0x0000133c       0x24 aji.o
 .rodata._ZL19peach_evt_ele_2_evt
                0x00001360       0x6c aji.o
 .rodata._ZL20aji_00_init_evt_hook
                0x000013cc       0x10 aji.o
 .rodata._ZL19aji_00_init_evt_evt
                0x000013dc       0x5c aji.o
 .rodata._ZL4npc4
                0x00001438       0x13 aji.o
 *fill*         0x0000144b        0x1 
 .rodata._ZL4npc3
                0x0000144c        0x7 aji.o
 *fill*         0x00001453        0x1 
 .rodata._ZL4npc2
                0x00001454        0xf aji.o
 *fill*         0x00001463        0x1 
 .rodata._ZL4npc1
                0x00001464        0x7 aji.o
 *fill*         0x0000146b        0x1 
 .rodata._ZL12evt_elv_hook
                0x0000146c       0x28 eki.o
 .rodata.str1.4
                0x00001494       0x30 eki.o
 .rodata._ZL11evt_elv_evt
                0x000014c4      0x104 eki.o
 .rodata._ZL21gor_00_init_evt2_hook
                0x000015c8       0x10 gor_00.o
 .rodata._ZL21gor_00_init_evt1_hook
                0x000015d8       0x10 gor_00.o
 .rodata.str1.4
                0x000015e8      0x2ce gor_00.o
 *fill*         0x000018b6        0x2 
 .rodata._ZL16gor_00_init_evt1
                0x000018b8      0x1f8 gor_00.o
 .rodata._ZL18korutesu_init_hook
                0x00001ab0       0x10 gor_00.o
 .rodata._ZL17korutesu_init_evt
                0x00001ac0       0x58 gor_00.o
 .rodata._ZL20suifubomb_b_talk_evt
                0x00001b18       0xd4 gor_00.o
 .rodata._ZL21suifubomb_b_regl_hook
                0x00001bec       0x10 gor_00.o
 .rodata._ZL20suifubomb_b_regl_evt
                0x00001bfc      0x120 gor_00.o
 .rodata._ZL20suifubomb_a_talk_evt
                0x00001d1c      0x150 gor_00.o
 .rodata._ZL21suifubomb_a_regl_hook
                0x00001e6c       0x10 gor_00.o
 .rodata._ZL20suifubomb_a_regl_evt
                0x00001e7c       0x90 gor_00.o
 .rodata._ZL21suifubomb_a_init_hook
                0x00001f0c       0x10 gor_00.o
 .rodata._ZL20suifubomb_a_init_evt
                0x00001f1c       0xc8 gor_00.o
 .rodata._ZL16suifu_b_talk_evt
                0x00001fe4       0xd4 gor_00.o
 .rodata._ZL20luigi_npcEnt_00_hook
                0x000020b8       0x10 gor_00.o
 .rodata._ZL19luigi_npcEnt_00_evt
                0x000020c8       0x80 gor_00.o
 .rodata._ZL18luigi_init_00_hook
                0x00002148       0x10 gor_00.o
 .rodata._ZL17luigi_init_00_evt
                0x00002158       0x50 gor_00.o
 .rodata._ZL16mokorim_init_evt
                0x000021a8       0x30 gor_00.o
 .rodata._ZL17suifu_b_init_hook
                0x000021d8       0x10 gor_00.o
 .rodata._ZL16suifu_b_init_evt
                0x000021e8       0xc8 gor_00.o
 .rodata._ZL17suifu_a_regl_hook
                0x000022b0       0x10 gor_00.o
 .rodata._ZL16suifu_a_regl_evt
                0x000022c0       0x80 gor_00.o
 .rodata._ZL16suifu_a_talk_evt
                0x00002340       0xd4 gor_00.o
 .rodata._ZL19odoodo_ani_talk_evt
                0x00002414       0x20 gor_00.o
 .rodata._ZL15odoodo_talk_evt
                0x00002434      0x128 gor_00.o
 .rodata._ZL16odoodo_regl_hook
                0x0000255c       0x10 gor_00.o
 .rodata._ZL15odoodo_regl_evt
                0x0000256c       0x94 gor_00.o
 .rodata._ZL15odoodo_init_evt
                0x00002600      0x114 gor_00.o
 .rodata._ZL17garawaru_talk_evt
                0x00002714       0xb8 gor_00.o
 .rodata._ZL18garawaru_regl_hook
                0x000027cc       0x10 gor_00.o
 .rodata._ZL17garawaru_regl_evt
                0x000027dc      0x120 gor_00.o
 .rodata._ZL18garawaru_init_hook
                0x000028fc       0x10 gor_00.o
 .rodata._ZL17garawaru_init_evt
                0x0000290c      0x140 gor_00.o
 .rodata._ZL7npcEnt2
                0x00002a4c        0x9 gor_00.o
 *fill*         0x00002a55        0x3 
 .rodata._ZL6npcEnt
                0x00002a58        0x9 gor_00.o
 *fill*         0x00002a61        0x3 
 .rodata.str1.4
                0x00002a64       0xb2 gor_01.o
 *fill*         0x00002b16        0x2 
 .rodata._ZL15bomhei_talk_evt
                0x00002b18       0x20 gor_01.o
 .rodata._ZL16chusan2_talk_evt
                0x00002b38       0x20 gor_01.o
 .rodata._ZL16chusan1_talk_evt
                0x00002b58       0x20 gor_01.o
 .rodata._ZL16kuribo3_talk_evt
                0x00002b78       0x20 gor_01.o
 .rodata._ZL16kuribo2_talk_evt
                0x00002b98       0x20 gor_01.o
 .rodata._ZL16kuribo1_talk_evt
                0x00002bb8       0x20 gor_01.o
 .rodata._ZL15roten2_talk_evt
                0x00002bd8       0x20 gor_01.o
 .rodata._ZL15roten1_talk_evt
                0x00002bf8       0x20 gor_01.o
 .rodata._ZL19shoptender_talk_evt
                0x00002c18       0x20 gor_01.o
 .rodata._ZL15kinoji_talk_evt
                0x00002c38       0x20 gor_01.o
 .rodata._ZL19bottakuru_init_hook
                0x00002c58       0x10 gor_01.o
 .rodata._ZL18bottakuru_init_evt
                0x00002c68       0x70 gor_01.o
 .rodata._ZL18marco_init_01_hook
                0x00002cd8       0x10 gor_01.o
 .rodata._ZL17marco_init_01_evt
                0x00002ce8       0x40 gor_01.o
 .rodata._ZL20badgemaster_talk_evt
                0x00002d28       0x20 gor_01.o
 .rodata._ZL15luigi_init_hook
                0x00002d48        0xc gor_02.o
 .rodata.str1.4
                0x00002d54      0x276 gor_02.o
 *fill*         0x00002fca        0x2 
 .rodata._ZL14luigi_init_evt
                0x00002fcc       0x4c gor_02.o
 .rodata._ZL20tozokudan2_talk_hook
                0x00003018        0xc gor_02.o
 .rodata._ZL19tozokudan2_talk_evt
                0x00003024      0x160 gor_02.o
 .rodata._ZL20tozokudan1_talk_hook
                0x00003184        0xc gor_02.o
 .rodata._ZL19tozokudan1_talk_evt
                0x00003190      0x160 gor_02.o
 .rodata._ZL20kurihakase_init_hook
                0x000032f0       0x10 gor_02.o
 .rodata._ZL19kurihakase_init_evt
                0x00003300      0x294 gor_02.o
 .rodata._ZL19kurihakase_talk_evt
                0x00003594      0x2cc gor_02.o
 .rodata._ZL22evt_door_02_open_hook2
                0x00003860       0x10 gor_02.o
 .rodata._ZL21evt_door_02_open_evt2
                0x00003870       0xc4 gor_02.o
 .rodata._ZL21evt_door_02_open_hook
                0x00003934       0x10 gor_02.o
 .rodata._ZL20evt_door_02_open_evt
                0x00003944      0x188 gor_02.o
 .rodata._ZL21gor_02_init_evt2_hook
                0x00003acc       0x10 gor_02.o
 .rodata._ZL16gor_02_init_evt2
                0x00003adc       0xcc gor_02.o
 .rodata._ZL21gor_02_init_evt1_hook
                0x00003ba8       0x10 gor_02.o
 .rodata._ZL16gor_02_init_evt1
                0x00003bb8      0x138 gor_02.o
 .rodata._ZL16borodo2_talk_evt
                0x00003cf0       0x20 gor_02.o
 .rodata._ZL16borodo1_talk_evt
                0x00003d10       0x20 gor_02.o
 .rodata._ZL15roten3_talk_evt
                0x00003d30       0x20 gor_02.o
 .rodata._ZL16chusan3_talk_evt
                0x00003d50       0x20 gor_02.o
 .rodata._ZL16kuribo4_talk_evt
                0x00003d70       0x20 gor_02.o
 .rodata._ZL20gor_03_init_evt_hook
                0x00003d90       0x10 gor_03.o
 .rodata.str1.4
                0x00003da0      0x129 gor_03.o
 *fill*         0x00003ec9        0x3 
 .rodata._ZL19gor_03_init_evt_evt
                0x00003ecc      0x160 gor_03.o
 .rodata._ZL16maffia3_talk_evt
                0x0000402c       0x20 gor_03.o
 .rodata._ZL16maffia2_talk_evt
                0x0000404c      0x140 gor_03.o
 .rodata._ZL16maffia1_talk_evt
                0x0000418c      0x140 gor_03.o
 .rodata._ZL26maffiaboss_casino_talk_evt
                0x000042cc       0x20 gor_03.o
 .rodata._ZL26maffiaboss_talk_common_evt
                0x000042ec      0x120 gor_03.o
 .rodata.str1.4
                0x0000440c        0x7 gor_misc.o
 *fill*         0x00004413        0x1 
 .rodata._ZL9party_evt
                0x00004414       0x9c gor_misc.o
 .rodata._ZL9goombella
                0x000044b0        0x9 gor_misc.o
 *fill*         0x000044b9        0x3 
 .rodata.str1.4
                0x000044bc       0x18 gra.o
 .rodata._ZL17evt_machibuse_evt
                0x000044d4       0x4c gra.o
 .rodata._ZL8doopliss
                0x00004520        0xb gra.o
 *fill*         0x0000452b        0x1 
 .rodata.str1.4
                0x0000452c        0x7 hei.o
 *fill*         0x00004533        0x1 
 .rodata._ZL9party_evt
                0x00004534       0x80 hei.o
 .rodata._ZL5koops
                0x000045b4        0xb hei.o
 *fill*         0x000045bf        0x1 
 .rodata._Z25ApplyItemDataTablePatchesv.str1.4
                0x000045c0       0xad main.o
 *fill*         0x0000466d        0x3 
 .rodata._ZL20mri_09_init_evt_hook
                0x00004670       0x10 mri.o
 .rodata.str1.4
                0x00004680      0x19f mri.o
 *fill*         0x0000481f        0x1 
 .rodata._ZL19mri_09_init_evt_evt
                0x00004820      0x14c mri.o
 .rodata._ZL20mri_04_init_evt_hook
                0x0000496c       0x10 mri.o
 .rodata._ZL19mri_04_init_evt_evt
                0x0000497c       0x30 mri.o
 .rodata._ZL16bero_custom_hook
                0x000049ac       0x10 mri.o
 .rodata._ZL15bero_custom_evt
                0x000049bc       0x44 mri.o
 .rodata._ZL21mri_01_init_evt_hook2
                0x00004a00       0x10 mri.o
 .rodata._ZL19mri_01_init_evt_evt
                0x00004a10       0x30 mri.o
 .rodata._ZL18puniinfo_talk_hook
                0x00004a40       0x10 mri.o
 .rodata._ZL20mri_03_init_evt_hook
                0x00004a50       0x14 mri.o
 .rodata._ZL22mri_03_init_evt_switch
                0x00004a64       0x9c mri.o
 .rodata._ZL20mri_01_init_evt_hook
                0x00004b00       0x14 mri.o
 .rodata._ZL22mri_01_init_evt_switch
                0x00004b14       0xb0 mri.o
 .rodata._ZL23mri_sister_init_01_hook
                0x00004bc4       0x10 mri.o
 .rodata._ZL22mri_sister_init_01_evt
                0x00004bd4       0xa8 mri.o
 .rodata._ZL16puni_2_init_hook
                0x00004c7c       0x10 mri.o
 .rodata._ZL15puni_2_init_evt
                0x00004c8c       0x78 mri.o
 .rodata._ZL16puni_1_talk_hook
                0x00004d04       0x10 mri.o
 .rodata._ZL15puni_1_talk_evt
                0x00004d14       0xb0 mri.o
 .rodata._ZL16puni_1_init_hook
                0x00004dc4       0x10 mri.o
 .rodata._ZL15puni_1_init_evt
                0x00004dd4       0x78 mri.o
 .rodata._ZL15elder_talk_hook
                0x00004e4c       0x10 mri.o
 .rodata._ZL14elder_talk_evt
                0x00004e5c       0xb8 mri.o
 .rodata._ZL22mri_elder_init_01_hook
                0x00004f14       0x10 mri.o
 .rodata._ZL21mri_elder_init_01_evt
                0x00004f24       0xcc mri.o
 .rodata._ZL22mri_rival_init_01_hook
                0x00004ff0       0x10 mri.o
 .rodata._ZL21mri_rival_init_01_evt
                0x00005000       0xa8 mri.o
 .rodata._ZL18guide_init_01_hook
                0x000050a8       0x10 mri.o
 .rodata._ZL17guide_init_01_evt
                0x000050b8       0x8c mri.o
 .rodata._ZL15guide_talk_hook
                0x00005144       0x10 mri.o
 .rodata._ZL14guide_talk_evt
                0x00005154       0x98 mri.o
 .rodata._ZL18guide_init_00_hook
                0x000051ec       0x10 mri.o
 .rodata._ZL17guide_init_00_evt
                0x000051fc      0x150 mri.o
 .rodata.str1.4
                0x0000534c      0x3f8 muj.o
 .rodata._ZL9party_evt
                0x00005744       0xac muj.o
 .rodata._ZL17koburon_dead_hook
                0x000057f0      0x158 muj.o
 .rodata._ZL16koburon_dead_evt
                0x00005948      0x238 muj.o
 .rodata._ZL20muj_01_init_evt_hook
                0x00005b80       0x14 muj.o
 .rodata._ZL19muj_01_init_evt_evt
                0x00005b94       0x50 muj.o
 .rodata._ZL21borosuifu_b_talk_hook
                0x00005be4       0x10 muj.o
 .rodata._ZL20borosuifu_b_talk_evt
                0x00005bf4       0xf8 muj.o
 .rodata._ZL21borosuifu_a_talk_hook
                0x00005cec       0x10 muj.o
 .rodata._ZL20borosuifu_a_talk_evt
                0x00005cfc       0xf8 muj.o
 .rodata._ZL24suifu_d_talk_muj_01_hook
                0x00005df4       0x10 muj.o
 .rodata._ZL23suifu_d_talk_muj_01_evt
                0x00005e04       0xf8 muj.o
 .rodata._ZL20suifu_bomb_talk_hook
                0x00005efc       0x10 muj.o
 .rodata._ZL19suifu_bomb_talk_evt
                0x00005f0c       0xf4 muj.o
 .rodata._ZL20suifu_bomb_init_hook
                0x00006000       0x10 muj.o
 .rodata._ZL19suifu_bomb_init_evt
                0x00006010       0x30 muj.o
 .rodata._ZL24suifu_a_talk_muj_01_hook
                0x00006040       0x10 muj.o
 .rodata._ZL23suifu_a_talk_muj_01_evt
                0x00006050       0xf4 muj.o
 .rodata._ZL24suifu_a_init_muj_01_hook
                0x00006144       0x10 muj.o
 .rodata._ZL23suifu_a_init_muj_01_evt
                0x00006154       0x30 muj.o
 .rodata._ZL23odoodo_init_muj_01_hook
                0x00006184       0x10 muj.o
 .rodata._ZL22odoodo_init_muj_01_evt
                0x00006194       0x30 muj.o
 .rodata._ZL23megane_init_muj_01_hook
                0x000061c4       0x10 muj.o
 .rodata._ZL22megane_init_muj_01_evt
                0x000061d4       0x30 muj.o
 .rodata._ZL22marco_init_muj_01_hook
                0x00006204       0x10 muj.o
 .rodata._ZL21marco_init_muj_01_evt
                0x00006214       0xcc muj.o
 .rodata._ZL25garawaru_talk_muj_01_hook
                0x000062e0       0x10 muj.o
 .rodata._ZL24garawaru_talk_muj_01_evt
                0x000062f0      0x4b4 muj.o
 .rodata._ZL25garawaru_init_muj_01_hook
                0x000067a4       0x10 muj.o
 .rodata._ZL24garawaru_init_muj_01_evt
                0x000067b4      0x11c muj.o
 .rodata._ZL20muj_00_init_evt_hook
                0x000068d0       0x44 muj.o
 .rodata._ZL21muj_00_init_evt_evt_2
                0x00006914       0x70 muj.o
 .rodata._ZL19muj_00_init_evt_evt
                0x00006984       0x40 muj.o
 .rodata._ZL22peton_talk_muj_00_hook
                0x000069c4       0x10 muj.o
 .rodata._ZL21peton_talk_muj_00_evt
                0x000069d4       0x8c muj.o
 .rodata._ZL21mony_talk_muj_00_hook
                0x00006a60       0x10 muj.o
 .rodata._ZL20mony_talk_muj_00_evt
                0x00006a70       0x8c muj.o
 .rodata._ZL17nokorin_talk_hook
                0x00006afc       0x10 nok.o
 .rodata.str1.4
                0x00006b0c      0x4ee nok.o
 *fill*         0x00006ffa        0x2 
 .rodata._ZL16nokorin_talk_evt
                0x00006ffc      0x2f4 nok.o
 .rodata._ZL19boss_noko_talk_hook
                0x000072f0       0x10 nok.o
 .rodata._ZL18boss_noko_talk_evt
                0x00007300      0x164 nok.o
 .rodata._ZL20nokonoko_K_talk_hook
                0x00007464       0x10 nok.o
 .rodata._ZL19nokonoko_K_talk_evt
                0x00007474       0xd4 nok.o
 .rodata._ZL18nokopapa_talk_hook
                0x00007548       0x10 nok.o
 .rodata._ZL17nokopapa_talk_evt
                0x00007558      0x128 nok.o
 .rodata._ZL16monban_talk_hook
                0x00007680       0x10 nok.o
 .rodata._ZL15monban_talk_evt
                0x00007690      0x11c nok.o
 .rodata._ZL20nokonoko_I_talk_hook
                0x000077ac       0x10 nok.o
 .rodata._ZL19nokonoko_I_talk_evt
                0x000077bc       0xd4 nok.o
 .rodata._ZL20nokonoko_H_talk_hook
                0x00007890       0x10 nok.o
 .rodata._ZL19nokonoko_H_talk_evt
                0x000078a0       0xfc nok.o
 .rodata._ZL20nokonoko_G_talk_hook
                0x0000799c       0x10 nok.o
 .rodata._ZL19nokonoko_G_talk_evt
                0x000079ac       0xd4 nok.o
 .rodata._ZL15talk_white_hook
                0x00007a80       0x10 nok.o
 .rodata._ZL14talk_white_evt
                0x00007a90       0xa4 nok.o
 .rodata._ZL15init_white_hook
                0x00007b34       0x10 nok.o
 .rodata._ZL14init_white_evt
                0x00007b44       0x44 nok.o
 .rodata._ZL20nokonoko_F_talk_hook
                0x00007b88       0x10 nok.o
 .rodata._ZL19nokonoko_F_talk_evt
                0x00007b98       0xd4 nok.o
 .rodata._ZL20nokonoko_D_talk_hook
                0x00007c6c       0x10 nok.o
 .rodata._ZL19nokonoko_D_talk_evt
                0x00007c7c       0xfc nok.o
 .rodata._ZL20nokonoko_C_talk_hook
                0x00007d78       0x10 nok.o
 .rodata._ZL19nokonoko_C_talk_evt
                0x00007d88       0xd4 nok.o
 .rodata._ZL20nokonoko_B_talk_hook
                0x00007e5c       0x10 nok.o
 .rodata._ZL19nokonoko_B_talk_evt
                0x00007e6c       0xd4 nok.o
 .rodata._ZL20nokonoko_A_talk_hook
                0x00007f40       0x10 nok.o
 .rodata._ZL19nokonoko_A_talk_evt
                0x00007f50      0x10c nok.o
 .rodata._ZL32pik_talk_madam_ring_return_hook3
                0x0000805c       0x10 pik.o
 .rodata.str1.4
                0x0000806c      0x16a pik.o
 *fill*         0x000081d6        0x2 
 .rodata._ZL20talk_madam_ring_item
                0x000081d8       0x8c pik.o
 .rodata._ZL14evt_daiza_hook
                0x00008264       0x1c pik.o
 .rodata._ZL13evt_daiza_evt
                0x00008280       0x5c pik.o
 .rodata._ZL18pik_evt_powan_hook
                0x000082dc       0x28 pik.o
 .rodata._ZL17pik_evt_powan_evt
                0x00008304       0x94 pik.o
 .rodata._ZL16takun6_talk_hook
                0x00008398       0x10 pik.o
 .rodata._ZL15takun6_talk_evt
                0x000083a8       0x78 pik.o
 .rodata._ZL16takun5_talk_hook
                0x00008420       0x10 pik.o
 .rodata._ZL15takun5_talk_evt
                0x00008430       0x78 pik.o
 .rodata._ZL16takun4_talk_hook
                0x000084a8       0x10 pik.o
 .rodata._ZL15takun4_talk_evt
                0x000084b8       0xb4 pik.o
 .rodata._ZL18miyageya_talk_hook
                0x0000856c       0x28 pik.o
 .rodata._ZL17miyageya_talk_evt
                0x00008594      0x114 pik.o
 .rodata._ZL7madame2
                0x000086a8        0x7 pik.o
 *fill*         0x000086af        0x1 
 .rodata._ZL28talk_madam_ring_return_hook3
                0x000086b0       0x10 rsh.o
 .rodata.str1.4
                0x000086c0      0x1fd rsh.o
 *fill*         0x000088bd        0x3 
 .rodata._ZL20talk_madam_ring_item
                0x000088c0       0x8c rsh.o
 .rodata._ZL28talk_madam_ring_return_hook2
                0x0000894c       0x10 rsh.o
 .rodata._ZL28talk_madam_ring_return_hook1
                0x0000895c       0x10 rsh.o
 .rodata._ZL26talk_madam_ring_return_evt
                0x0000896c       0x78 rsh.o
 .rodata._ZL16init_konari_hook
                0x000089e4       0x10 rsh.o
 .rodata._ZL14init_papa_hook
                0x000089f4       0x10 rsh.o
 .rodata._ZL15init_konari_evt
                0x00008a04       0x9c rsh.o
 .rodata._ZL15init_powan_hook
                0x00008aa0       0x10 rsh.o
 .rodata._ZL14init_powan_evt
                0x00008ab0       0xec rsh.o
 .rodata._ZL19talk_waitless_hook2
                0x00008b9c       0x10 rsh.o
 .rodata._ZL19talk_waitless_hook1
                0x00008bac       0x10 rsh.o
 .rodata._ZL17talk_waitless_evt
                0x00008bbc       0x78 rsh.o
 .rodata._ZL21rsh_01_init_evt_hook2
                0x00008c34       0x10 rsh.o
 .rodata._ZL19rsh_01_init_evt_evt
                0x00008c44       0x8c rsh.o
 .rodata._ZL20rsh_00_init_evt_hook
                0x00008cd0       0x10 rsh.o
 .rodata._ZL19rsh_00_init_evt_evt
                0x00008ce0       0xb8 rsh.o
 .rodata._ZL20rsh_04_init_evt_hook
                0x00008d98       0x10 rsh.o
 .rodata._ZL20rsh_03_init_evt_hook
                0x00008da8       0x10 rsh.o
 .rodata._ZL20rsh_02_init_evt_hook
                0x00008db8       0x10 rsh.o
 .rodata._ZL21rsh_01_init_evt_hook1
                0x00008dc8       0x10 rsh.o
 .rodata._ZL19rsh_04_init_evt_evt
                0x00008dd8       0xa4 rsh.o
 .rodata._ZL26rsh_03_init_evt_music_hook
                0x00008e7c       0x10 rsh.o
 .rodata._ZL21rsh_03_init_evt_music
                0x00008e8c      0x1f8 rsh.o
 .rodata._ZL26rsh_02_init_evt_music_hook
                0x00009084       0x10 rsh.o
 .rodata._ZL21rsh_02_init_evt_music
                0x00009094      0x270 rsh.o
 .rodata._ZL26rsh_01_init_evt_music_hook
                0x00009304       0x10 rsh.o
 .rodata._ZL21rsh_01_init_evt_music
                0x00009314      0x1f8 rsh.o
 .rodata._ZL26rsh_00_init_evt_music_hook
                0x0000950c       0x10 rsh.o
 .rodata._ZL21rsh_00_init_evt_music
                0x0000951c      0x1f8 rsh.o
 .rodata._ZL26rsh_04_init_evt_music_hook
                0x00009714       0x10 rsh.o
 .rodata._ZL21rsh_04_init_evt_music
                0x00009724      0x1f8 rsh.o
 .rodata._ZL20rsh_06_init_evt_hook
                0x0000991c       0x10 rsh.o
 .rodata._ZL19rsh_06_init_evt_evt
                0x0000992c      0x178 rsh.o
 .rodata._ZL6madame
                0x00009aa4        0x7 rsh.o
 *fill*         0x00009aab        0x1 
 .rodata._ZL21tik_05_init_evt_hook2
                0x00009aac       0x14 tik.o
 .rodata.str1.4
                0x00009ac0      0x227 tik.o
 *fill*         0x00009ce7        0x1 
 .rodata._ZL20tik_05_init_evt_evt2
                0x00009ce8       0xd4 tik.o
 .rodata._ZL24tik_kurihakase_init_hook
                0x00009dbc       0x10 tik.o
 .rodata._ZL23tik_kurihakase_init_evt
                0x00009dcc       0x7c tik.o
 .rodata._ZL18master_2_talk_hook
                0x00009e48       0x10 tik.o
 .rodata._ZL17master_2_talk_evt
                0x00009e58      0x180 tik.o
 .rodata._ZL17borodo4_talk_hook
                0x00009fd8       0x10 tik.o
 .rodata._ZL16borodo4_talk_evt
                0x00009fe8      0x180 tik.o
 .rodata._ZL17borodo3_talk_hook
                0x0000a168       0x10 tik.o
 .rodata._ZL16borodo3_talk_evt
                0x0000a178      0x180 tik.o
 .rodata._ZL17chusan4_talk_hook
                0x0000a2f8       0x10 tik.o
 .rodata._ZL16chusan4_talk_evt
                0x0000a308      0x180 tik.o
 .rodata._ZL17kuribo5_talk_hook
                0x0000a488       0x10 tik.o
 .rodata._ZL16kuribo5_talk_evt
                0x0000a498      0x180 tik.o
 .rodata._ZL14party_evt_hook
                0x0000a618       0x10 tou.o
 .rodata.str1.4
                0x0000a628       0x64 tou.o
 .rodata._ZL9party_evt
                0x0000a68c       0x5c tou.o
 .rodata._ZL20tou_04_init_evt_hook
                0x0000a6e8       0x10 tou.o
 .rodata._ZL19tou_04_init_evt_evt
                0x0000a6f8       0x78 tou.o
 .rodata._ZL14yoshi_gswf_evt
                0x0000a770       0x14 tou.o
 .rodata._ZL15jolene_egg_hook
                0x0000a784       0x10 tou.o
 .rodata._ZL14jolene_egg_evt
                0x0000a794      0x220 tou.o
 .rodata._ZL16talk_sakaba_hook
                0x0000a9b4       0x10 tou.o
 .rodata._ZL15talk_sakaba_evt
                0x0000a9c4       0x84 tou.o
 .rodata._ZL6jolene
                0x0000aa48        0xb tou.o
 *fill*         0x0000aa53        0x1 
 .rodata.str1.4
                0x0000aa54      0x4dc usu.o
 .rodata._ZL9party_evt
                0x0000af30       0xbc usu.o
 .rodata._ZL23village_chief_init_hook
                0x0000afec        0xc usu.o
 .rodata._ZL22village_chief_init_evt
                0x0000aff8       0x58 usu.o
 .rodata._ZL27village_chief_pig_init_hook
                0x0000b050        0xc usu.o
 .rodata._ZL26village_chief_pig_init_evt
                0x0000b05c       0x70 usu.o
 .rodata._ZL23village_chief_talk_hook
                0x0000b0cc        0xc usu.o
 .rodata._ZL22village_chief_talk_evt
                0x0000b0d8      0x1c8 usu.o
 .rodata._ZL20gatekeeper_init_hook
                0x0000b2a0        0xc usu.o
 .rodata._ZL19gatekeeper_init_evt
                0x0000b2ac       0x9c usu.o
 .rodata._ZL24gatekeeper_pig_init_hook
                0x0000b348        0xc usu.o
 .rodata._ZL23gatekeeper_pig_init_evt
                0x0000b354       0x88 usu.o
 .rodata._ZL20gatekeeper_talk_hook
                0x0000b3dc        0xc usu.o
 .rodata._ZL19gatekeeper_talk_evt
                0x0000b3e8      0x114 usu.o
 .rodata._ZL20usu_00_init_evt_hook
                0x0000b4fc       0x10 usu.o
 .rodata._ZL19usu_00_init_evt_evt
                0x0000b50c       0x5c usu.o
 .rodata._ZL20shop_woman_talk_hook
                0x0000b568       0x10 usu.o
 .rodata._ZL19shop_woman_talk_evt
                0x0000b578       0x78 usu.o
 .rodata._ZL18shop_man_talk_hook
                0x0000b5f0       0x10 usu.o
 .rodata._ZL17shop_man_talk_evt
                0x0000b600       0x78 usu.o
 .rodata._ZL19villagerJ_talk_hook
                0x0000b678       0x10 usu.o
 .rodata._ZL18villagerJ_talk_evt
                0x0000b688      0x104 usu.o
 .rodata._ZL19villagerI_talk_hook
                0x0000b78c       0x10 usu.o
 .rodata._ZL18villagerI_talk_evt
                0x0000b79c      0x104 usu.o
 .rodata._ZL19villagerH_talk_hook
                0x0000b8a0       0x10 usu.o
 .rodata._ZL18villagerH_talk_evt
                0x0000b8b0       0xd0 usu.o
 .rodata._ZL19villagerG_talk_hook
                0x0000b980       0x10 usu.o
 .rodata._ZL18villagerG_talk_evt
                0x0000b990       0xf0 usu.o
 .rodata._ZL19villagerF_talk_hook
                0x0000ba80       0x10 usu.o
 .rodata._ZL18villagerF_talk_evt
                0x0000ba90       0xf0 usu.o
 .rodata._ZL19villagerK_talk_hook
                0x0000bb80       0x10 usu.o
 .rodata._ZL18villagerK_talk_evt
                0x0000bb90      0x130 usu.o
 .rodata._ZL19villagerE_talk_hook
                0x0000bcc0       0x10 usu.o
 .rodata._ZL18villagerE_talk_evt
                0x0000bcd0      0x130 usu.o
 .rodata._ZL19villagerD_talk_hook
                0x0000be00       0x10 usu.o
 .rodata._ZL18villagerD_talk_evt
                0x0000be10      0x194 usu.o
 .rodata._ZL19villagerC_talk_hook
                0x0000bfa4       0x10 usu.o
 .rodata._ZL18villagerC_talk_evt
                0x0000bfb4       0xfc usu.o
 .rodata._ZL19villagerB_talk_hook
                0x0000c0b0       0x10 usu.o
 .rodata._ZL18villagerB_talk_evt
                0x0000c0c0       0xfc usu.o
 .rodata._ZL19villagerA_talk_hook
                0x0000c1bc       0x10 usu.o
 .rodata._ZL18villagerA_talk_evt
                0x0000c1cc      0x130 usu.o
 .rodata._ZL19villagerA_init_hook
                0x0000c2fc       0x10 usu.o
 .rodata._ZL18villagerA_init_evt
                0x0000c30c       0x6c usu.o
 .rodata._ZL6vivian
                0x0000c378        0x9 usu.o
 *fill*         0x0000c381        0x3 
 .rodata._ZL5mayor
                0x0000c384        0x5 usu.o
 *fill*         0x0000c389        0x3 
 .rodata._ZL9mayor_pig
                0x0000c38c        0x9 usu.o
 *fill*         0x0000c395        0x3 
 .rodata._ZL8doopliss
                0x0000c398        0xb usu.o
 *fill*         0x0000c3a3        0x1 
 .rodata._ZL10gatekeeper
                0x0000c3a4        0x5 usu.o
 *fill*         0x0000c3a9        0x3 
 .rodata._ZL14gatekeeper_pig
                0x0000c3ac        0x9 usu.o
 *fill*         0x0000c3b5        0x3 
 .rodata._ZL12usuVillagerA
                0x0000c3b8        0x7 usu.o
 *fill*         0x0000c3bf        0x1 
 .rodata.str1.4
                0x0000c3c0       0x3c win.o
 .rodata._ZL9party_evt
                0x0000c3fc       0xd8 win.o
 .rodata._ZL20win_00_init_evt_hook
                0x0000c4d4       0x10 win.o
 .rodata._ZL19win_00_init_evt_evt
                0x0000c4e4       0x30 win.o
 .rodata._ZL16majorin_init_evt
                0x0000c514       0x30 win.o
 .rodata._ZL16maririn_init_evt
                0x0000c544       0x30 win.o
 .rodata._ZL20win_vivian_init_hook
                0x0000c574       0x10 win.o
 .rodata._ZL19win_vivian_init_evt
                0x0000c584       0x80 win.o
 .rodata._ZL7flurrie
                0x0000c604        0x9 win.o
 *(.gnu.linkonce.r.*)

.rodata1
 *(.rodata1)

.sdata2         0x0000c60d        0x0
                [!provide]                        PROVIDE (_SDA2_BASE_ = .)
 *(.sdata2)
 *(.sdata2.*)
 *(.gnu.linkonce.s2.*)

.sbss2
 *(.sbss2)
 *(.sbss2.*)
 *(.gnu.linkonce.sb2.*)
                0x0000c610                        . = ALIGN (0x4)
                [!provide]                        PROVIDE (__preinit_array_start = .)

.preinit_array
 *(.preinit_array)
                [!provide]                        PROVIDE (__preinit_array_end = .)
                [!provide]                        PROVIDE (__init_array_start = .)

.init_array
 *(.init_array)
                [!provide]                        PROVIDE (__init_array_end = .)
                [!provide]                        PROVIDE (__fini_array_start = .)

.fini_array
 *(.fini_array)
                [!provide]                        PROVIDE (__fini_array_end = .)

.data           0x0000c610      0x2f0
 *(.data)
 *(.data.*)
 .data.GSWF_ARR_SIZE
                0x0000c610        0x2 OWR.o
                0x0000c610                GSWF_ARR_SIZE
 *fill*         0x0000c612        0x2 
 .data.GSWF_ARR
                0x0000c614       0x14 OWR.o
                0x0000c614                GSWF_ARR
 .data._ZN3mod6common12kItemDataArrE
                0x0000c628        0x4 common.o
                0x0000c628                _ZN3mod6common12kItemDataArrE
 .data.errorTextPosY
                0x0000c62c        0x4 errorHandling.o
                0x0000c62c                errorTextPosY
 .data._ZL16gor_00_init_evt2
                0x0000c630      0x2bc gor_00.o
 *(.gnu.linkonce.d.*)
                0x0000c900                        . = ALIGN (0x20)
 *fill*         0x0000c8ec       0x14 

.data1
 *(.data1)

.tdata
 *(.tdata .tdata.* .gnu.linkonce.td.*)

.tbss
 *(.tbss .tbss.* .gnu.linkonce.tb.*)
 *(.tcommon)

.eh_frame       0x0000c900     0x19e0
 *(.eh_frame)
 .eh_frame      0x0000c900      0x224 OWR.o
                                0x294 (size before relaxing)
 .eh_frame      0x0000cb24       0x28 StateManager.o
                                 0x3c (size before relaxing)
 .eh_frame      0x0000cb4c        0x0 common.o
                                 0xc8 (size before relaxing)
 .eh_frame      0x0000cb4c       0x70 con_mario.o
 .eh_frame      0x0000cbbc       0x84 con_perf.o
 .eh_frame      0x0000cc40       0xac con_seq.o
 .eh_frame      0x0000ccec      0x454 console.o
                                0x4e8 (size before relaxing)
 .eh_frame      0x0000d140       0x50 cxx.o
                                 0x64 (size before relaxing)
 .eh_frame      0x0000d190      0x158 errorHandling.o
                                0x1e0 (size before relaxing)
 .eh_frame      0x0000d2e8      0x120 gamePatches.o
                                0x134 (size before relaxing)
 .eh_frame      0x0000d408       0x84 keyboard.o
                                0x110 (size before relaxing)
 .eh_frame      0x0000d48c       0xf8 mod.o
                                0x148 (size before relaxing)
 .eh_frame      0x0000d584      0x114 patch.o
                                0x1cc (size before relaxing)
 .eh_frame      0x0000d698       0x50 printf.o
                                 0x8c (size before relaxing)
 .eh_frame      0x0000d6e8       0x90 rel.o
 .eh_frame      0x0000d778       0xbc ug.o
 .eh_frame      0x0000d834       0xb8 util.o
                                0x110 (size before relaxing)
 .eh_frame      0x0000d8ec       0x28 aaa.o
 .eh_frame      0x0000d914       0x78 aji.o
 .eh_frame      0x0000d98c       0x44 bom.o
 .eh_frame      0x0000d9d0       0x40 dou.o
 .eh_frame      0x0000da10       0x40 eki.o
 .eh_frame      0x0000da50       0x28 end.o
 .eh_frame      0x0000da78       0x3c gon.o
 .eh_frame      0x0000dab4       0x7c gor_00.o
 .eh_frame      0x0000db30       0x50 gor_01.o
 .eh_frame      0x0000db80       0x60 gor_02.o
 .eh_frame      0x0000dbe0       0x64 gor_03.o
 .eh_frame      0x0000dc44       0x38 gor_04.o
 .eh_frame      0x0000dc7c       0x3c gor_misc.o
 .eh_frame      0x0000dcb8       0x48 gra.o
 .eh_frame      0x0000dd00       0x44 hei.o
 .eh_frame      0x0000dd44       0x38 hom.o
 .eh_frame      0x0000dd7c       0x40 jin.o
 .eh_frame      0x0000ddbc       0x30 kpa.o
 .eh_frame      0x0000ddec        0x0 las.o
                                 0x40 (size before relaxing)
 .eh_frame      0x0000ddec       0x88 main.o
 .eh_frame      0x0000de74        0x0 moo.o
                                 0x30 (size before relaxing)
 .eh_frame      0x0000de74       0x74 mri.o
 .eh_frame      0x0000dee8       0x78 muj.o
 .eh_frame      0x0000df60       0x54 nok.o
 .eh_frame      0x0000dfb4       0x5c pik.o
 .eh_frame      0x0000e010       0x70 rsh.o
 .eh_frame      0x0000e080       0xa0 tik.o
                                 0xdc (size before relaxing)
 .eh_frame      0x0000e120       0x70 tou.o
 .eh_frame      0x0000e190       0x40 tou2.o
 .eh_frame      0x0000e1d0       0x74 usu.o
 .eh_frame      0x0000e244       0x60 win.o
 .eh_frame      0x0000e2a4       0x3c C:/devkitPro/devkitPPC/bin/../lib/gcc/powerpc-eabi/13.1.0\libgcc.a(_divdi3.o)

.gcc_except_table
 *(.gcc_except_table)

.fixup
 *(.fixup)

.got1
 *(.got1)

.got2
 *(.got2)

.dynamic
 *(.dynamic)

.ctors          0x0000e2e0       0x20
 *crtbegin.o(.ctors)
 *(EXCLUDE_FILE(*crtend.o) .ctors)
 .ctors         0x0000e2e0        0x4 OWR.o
 .ctors         0x0000e2e4        0x4 con_mario.o
 .ctors         0x0000e2e8        0x4 con_perf.o
 .ctors         0x0000e2ec        0x4 con_seq.o
 .ctors         0x0000e2f0        0x4 console.o
 .ctors         0x0000e2f4        0x4 errorHandling.o
 .ctors         0x0000e2f8        0x4 gor_00.o
 *(SORT_BY_NAME(.ctors.*))
 *(.ctors)
                0x0000e300                        . = ALIGN (0x20)
 *fill*         0x0000e2fc        0x4 

.dtors          0x0000e300       0x20
 *crtbegin.o(.dtors)
 *(EXCLUDE_FILE(*crtend.o) .dtors)
 .dtors         0x0000e300        0x4 errorHandling.o
 *(SORT_BY_NAME(.dtors.*))
 *(.dtors)
                0x0000e320                        . = ALIGN (0x20)
 *fill*         0x0000e304       0x1c 

.jcr
 *(.jcr)

.got
 *(.got.plt)
 *(.got)

.sdata          0x0000e320        0x0
                [!provide]                        PROVIDE (_SDA_BASE_ = .)
 *(.sdata)
 *(.sdata.*)
 *(.gnu.linkonce.s.*)
                0x0000e320                        . = ALIGN (0x20)
                0x0000e320                        _edata = .
                [!provide]                        PROVIDE (edata = .)

.sbss           0x0000e320        0x0
                0x0000e320                        __sbss_start = .
                [!provide]                        PROVIDE (__sbss_start = .)
                [!provide]                        PROVIDE (___sbss_start = .)
 *(.dynsbss)
 *(.sbss)
 *(.sbss.*)
 *(.gnu.linkonce.sb.*)
 *(.scommon)
                [!provide]                        PROVIDE (__sbss_end = .)
                [!provide]                        PROVIDE (___sbss_end = .)
                0x0000e320                        . = ALIGN (0x20)
                0x0000e320                        __sbss_end = .

.bss            0x0000e320      0x160
                0x0000e320                        __bss_start = .
                [!provide]                        PROVIDE (__bss_start = .)
 *(.dynbss)
 *(.bss)
 *(.bss.*)
 .bss._ZN3mod3owr22g_msgSearch_trampolineE
                0x0000e320        0x4 OWR.o
                0x0000e320                _ZN3mod3owr22g_msgSearch_trampolineE
 .bss._ZN3mod3owr25g_pouchGetItem_trampolineE
                0x0000e324        0x4 OWR.o
                0x0000e324                _ZN3mod3owr25g_pouchGetItem_trampolineE
 .bss._ZN3mod3owr19g_OSLink_trampolineE
                0x0000e328        0x4 OWR.o
                0x0000e328                _ZN3mod3owr19g_OSLink_trampolineE
 .bss._ZN3mod3owr5gSelfE
                0x0000e32c        0x4 OWR.o
                0x0000e32c                _ZN3mod3owr5gSelfE
 .bss._ZN3mod3owr7item_dbE
                0x0000e330        0x4 OWR.o
                0x0000e330                _ZN3mod3owr7item_dbE
 .bss.gState    0x0000e334        0x4 StateManager.o
                0x0000e334                gState
 .bss._ZN3modL12mod_if_obj22E
                0x0000e338        0x8 con_mario.o
 .bss._ZN3mod14mario_show_posE
                0x0000e340       0x10 con_mario.o
                0x0000e340                _ZN3mod14mario_show_posE
 .bss._ZN3mod13mario_set_posE
                0x0000e350        0xc con_mario.o
                0x0000e350                _ZN3mod13mario_set_posE
 .bss._ZN3modL12mod_if_obj46E
                0x0000e35c        0x8 con_perf.o
 .bss._ZN3mod14mem_debug_heapE
                0x0000e364       0x10 con_perf.o
                0x0000e364                _ZN3mod14mem_debug_heapE
 .bss._ZN3mod15perf_fake_spikeE
                0x0000e374        0xc con_perf.o
                0x0000e374                _ZN3mod15perf_fake_spikeE
 .bss._ZN3mod14seq_change_mapE
                0x0000e380        0xc con_seq.o
                0x0000e380                _ZN3mod14seq_change_mapE
 .bss._ZN3modL12mod_if_obj16E
                0x0000e38c        0x8 con_seq.o
 .bss._ZN3mod24gTrampoline_seq_logoMainE
                0x0000e394        0x4 con_seq.o
                0x0000e394                _ZN3mod24gTrampoline_seq_logoMainE
 .bss._ZN3mod13seq_logo_skipE
                0x0000e398       0x10 con_seq.o
                0x0000e398                _ZN3mod13seq_logo_skipE
 .bss._ZN3mod4findE
                0x0000e3a8        0xc console.o
                0x0000e3a8                _ZN3mod4findE
 .bss._ZN3mod11con_ug_chanE
                0x0000e3b4       0x10 console.o
                0x0000e3b4                _ZN3mod11con_ug_chanE
 .bss._ZN3mod11con_ug_modeE
                0x0000e3c4       0x10 console.o
                0x0000e3c4                _ZN3mod11con_ug_modeE
 .bss._ZN3mod21con_log_fade_durationE
                0x0000e3d4       0x10 console.o
                0x0000e3d4                _ZN3mod21con_log_fade_durationE
 .bss._ZN3mod18con_log_fade_startE
                0x0000e3e4       0x10 console.o
                0x0000e3e4                _ZN3mod18con_log_fade_startE
 .bss._ZN3mod12con_log_fadeE
                0x0000e3f4       0x10 console.o
                0x0000e3f4                _ZN3mod12con_log_fadeE
 .bss._ZN3mod13con_log_levelE
                0x0000e404       0x10 console.o
                0x0000e404                _ZN3mod13con_log_levelE
 .bss._ZN3mod11con_rainbowE
                0x0000e414       0x10 console.o
                0x0000e414                _ZN3mod11con_rainbowE
 .bss._ZN3mod8con_monoE
                0x0000e424       0x10 console.o
                0x0000e424                _ZN3mod8con_monoE
 .bss._ZN3mod8con_showE
                0x0000e434       0x10 console.o
                0x0000e434                _ZN3mod8con_showE
 .bss._ZN3mod8gConsoleE
                0x0000e444        0x4 console.o
                0x0000e444                _ZN3mod8gConsoleE
 .bss._ZN3mod9ConIntVar6sFirstE
                0x0000e448        0x4 console.o
                0x0000e448                _ZN3mod9ConIntVar6sFirstE
 .bss._ZN3mod10ConCommand6sFirstE
                0x0000e44c        0x4 console.o
                0x0000e44c                _ZN3mod10ConCommand6sFirstE
 .bss.g_animPoseMain_trampoline
                0x0000e450        0x4 errorHandling.o
                0x0000e450                g_animPoseMain_trampoline
 .bss.g_npcNameToPtr_trampoline
                0x0000e454        0x4 errorHandling.o
                0x0000e454                g_npcNameToPtr_trampoline
 .bss.heapCorruptionInfo
                0x0000e458        0x8 errorHandling.o
                0x0000e458                heapCorruptionInfo
 .bss.animPoseMainErrorInfo
                0x0000e460        0x4 errorHandling.o
                0x0000e460                animPoseMainErrorInfo
 .bss.npcNameToPtrErrorInfo
                0x0000e464        0x4 errorHandling.o
                0x0000e464                npcNameToPtrErrorInfo
 .bss._ZN3mod4gModE
                0x0000e468        0x4 mod.o
                0x0000e468                _ZN3mod4gModE
 .bss._ZN17ModUpdateFunction6sFirstE
                0x0000e46c        0x4 mod.o
                0x0000e46c                _ZN17ModUpdateFunction6sFirstE
 .bss._ZN15ModInitFunction6sFirstE
                0x0000e470        0x4 mod.o
                0x0000e470                _ZN15ModInitFunction6sFirstE
 *(.gnu.linkonce.b.*)
 *(COMMON)
                0x0000e480                        . = ALIGN (0x20)
 *fill*         0x0000e474        0xc 
                [!provide]                        PROVIDE (__bss_end = .)
                0x0000e480                        __bss_end = .
                0x0000e480                        _end = .
                [!provide]                        PROVIDE (end = .)

.bss._ZZNK3mod14seq_change_mapMUlPKcE_clES2_E8beroName
                0x00000000       0x20
 .bss._ZZNK3mod14seq_change_mapMUlPKcE_clES2_E8beroName
                0x00000000       0x20 con_seq.o
                0x00000000                _ZZNK3mod14seq_change_mapMUlPKcE_clES1_E8beroName
                0x00000000                _ZZNK3mod14seq_change_mapMUlPKcE_clES2_E8beroName

.bss._ZZNK3mod14seq_change_mapMUlPKcE_clES2_E7mapName
                0x00000000       0x20
 .bss._ZZNK3mod14seq_change_mapMUlPKcE_clES2_E7mapName
                0x00000000       0x20 con_seq.o
                0x00000000                _ZZNK3mod14seq_change_mapMUlPKcE_clES2_E7mapName
                0x00000000                _ZZNK3mod14seq_change_mapMUlPKcE_clES1_E7mapName

.stab
 *(.stab)

.stabstr
 *(.stabstr)

.stab.excl
 *(.stab.excl)

.stab.exclstr
 *(.stab.exclstr)

.stab.index
 *(.stab.index)

.stab.indexstr
 *(.stab.indexstr)

.comment        0x00000000      0x6e4
 *(.comment)
 .comment       0x00000000       0x24 OWR.o
 .comment       0x00000024       0x24 StateManager.o
 .comment       0x00000048       0x24 common.o
 .comment       0x0000006c       0x24 con_mario.o
 .comment       0x00000090       0x24 con_perf.o
 .comment       0x000000b4       0x24 con_seq.o
 .comment       0x000000d8       0x24 console.o
 .comment       0x000000fc       0x24 cxx.o
 .comment       0x00000120       0x24 errorHandling.o
 .comment       0x00000144       0x24 gamePatches.o
 .comment       0x00000168       0x24 keyboard.o
 .comment       0x0000018c       0x24 mod.o
 .comment       0x000001b0       0x24 patch.o
 .comment       0x000001d4       0x24 printf.o
 .comment       0x000001f8       0x24 rel.o
 .comment       0x0000021c       0x24 ug.o
 .comment       0x00000240       0x24 util.o
 .comment       0x00000264       0x24 aaa.o
 .comment       0x00000288       0x24 aji.o
 .comment       0x000002ac       0x24 bom.o
 .comment       0x000002d0       0x24 dou.o
 .comment       0x000002f4       0x24 eki.o
 .comment       0x00000318       0x24 end.o
 .comment       0x0000033c       0x24 gon.o
 .comment       0x00000360       0x24 gor_00.o
 .comment       0x00000384       0x24 gor_01.o
 .comment       0x000003a8       0x24 gor_02.o
 .comment       0x000003cc       0x24 gor_03.o
 .comment       0x000003f0       0x24 gor_04.o
 .comment       0x00000414       0x24 gor_misc.o
 .comment       0x00000438       0x24 gra.o
 .comment       0x0000045c       0x24 hei.o
 .comment       0x00000480       0x24 hom.o
 .comment       0x000004a4       0x24 jin.o
 .comment       0x000004c8       0x24 kpa.o
 .comment       0x000004ec       0x24 las.o
 .comment       0x00000510       0x24 main.o
 .comment       0x00000534       0x24 moo.o
 .comment       0x00000558       0x24 mri.o
 .comment       0x0000057c       0x24 muj.o
 .comment       0x000005a0       0x24 nok.o
 .comment       0x000005c4       0x24 pik.o
 .comment       0x000005e8       0x24 rsh.o
 .comment       0x0000060c       0x24 tik.o
 .comment       0x00000630       0x24 tou.o
 .comment       0x00000654       0x24 tou2.o
 .comment       0x00000678       0x24 usu.o
 .comment       0x0000069c       0x24 win.o
 .comment       0x000006c0       0x24 C:/devkitPro/devkitPPC/bin/../lib/gcc/powerpc-eabi/13.1.0\libgcc.a(_divdi3.o)

.gnu.attributes
                0x00000000       0x10
 .gnu.attributes
                0x00000000       0x10 OWR.o
 .gnu.attributes
                0x00000010       0x10 common.o
 .gnu.attributes
                0x00000020       0x10 con_mario.o
 .gnu.attributes
                0x00000030       0x10 con_perf.o
 .gnu.attributes
                0x00000040       0x10 console.o
 .gnu.attributes
                0x00000050       0x10 errorHandling.o
 .gnu.attributes
                0x00000060       0x10 mod.o
 .gnu.attributes
                0x00000070       0x10 printf.o
 .gnu.attributes
                0x00000080       0x10 util.o

.group          0x00000000        0xc
 .group         0x00000000        0xc con_mario.o

.group          0x00000000        0xc
 .group         0x00000000        0xc con_perf.o

.group          0x00000000        0xc
 .group         0x00000000        0xc con_seq.o

.group          0x00000000        0x8
 .group         0x00000000        0x8 con_seq.o

.group          0x00000000        0x8
 .group         0x00000000        0x8 con_seq.o

.group          0x00000000        0xc
 .group         0x00000000        0xc console.o

.debug
 *(.debug)

.line
 *(.line)

.debug_srcinfo
 *(.debug_srcinfo)

.debug_sfnames
 *(.debug_sfnames)

.debug_aranges  0x00000000      0x930
 *(.debug_aranges)
 .debug_aranges
                0x00000000       0x88 OWR.o
 .debug_aranges
                0x00000088       0x28 StateManager.o
 .debug_aranges
                0x000000b0       0x60 common.o
 .debug_aranges
                0x00000110       0x30 con_mario.o
 .debug_aranges
                0x00000140       0x30 con_perf.o
 .debug_aranges
                0x00000170       0x38 con_seq.o
 .debug_aranges
                0x000001a8       0xb0 console.o
 .debug_aranges
                0x00000258       0x38 cxx.o
 .debug_aranges
                0x00000290       0x60 errorHandling.o
 .debug_aranges
                0x000002f0       0x50 gamePatches.o
 .debug_aranges
                0x00000340       0x40 keyboard.o
 .debug_aranges
                0x00000380       0x58 mod.o
 .debug_aranges
                0x000003d8       0x78 patch.o
 .debug_aranges
                0x00000450       0x28 printf.o
 .debug_aranges
                0x00000478       0x30 rel.o
 .debug_aranges
                0x000004a8       0x30 ug.o
 .debug_aranges
                0x000004d8       0x50 util.o
 .debug_aranges
                0x00000528       0x20 aaa.o
 .debug_aranges
                0x00000548       0x20 aji.o
 .debug_aranges
                0x00000568       0x20 bom.o
 .debug_aranges
                0x00000588       0x20 dou.o
 .debug_aranges
                0x000005a8       0x20 eki.o
 .debug_aranges
                0x000005c8       0x20 end.o
 .debug_aranges
                0x000005e8       0x20 gon.o
 .debug_aranges
                0x00000608       0x28 gor_00.o
 .debug_aranges
                0x00000630       0x20 gor_01.o
 .debug_aranges
                0x00000650       0x20 gor_02.o
 .debug_aranges
                0x00000670       0x20 gor_03.o
 .debug_aranges
                0x00000690       0x20 gor_04.o
 .debug_aranges
                0x000006b0       0x20 gor_misc.o
 .debug_aranges
                0x000006d0       0x20 gra.o
 .debug_aranges
                0x000006f0       0x20 hei.o
 .debug_aranges
                0x00000710       0x20 hom.o
 .debug_aranges
                0x00000730       0x20 jin.o
 .debug_aranges
                0x00000750       0x20 kpa.o
 .debug_aranges
                0x00000770       0x20 las.o
 .debug_aranges
                0x00000790       0x30 main.o
 .debug_aranges
                0x000007c0       0x20 moo.o
 .debug_aranges
                0x000007e0       0x20 mri.o
 .debug_aranges
                0x00000800       0x20 muj.o
 .debug_aranges
                0x00000820       0x20 nok.o
 .debug_aranges
                0x00000840       0x20 pik.o
 .debug_aranges
                0x00000860       0x20 rsh.o
 .debug_aranges
                0x00000880       0x30 tik.o
 .debug_aranges
                0x000008b0       0x20 tou.o
 .debug_aranges
                0x000008d0       0x20 tou2.o
 .debug_aranges
                0x000008f0       0x20 usu.o
 .debug_aranges
                0x00000910       0x20 win.o

.debug_pubnames
 *(.debug_pubnames)

.debug_info     0x00000000    0x50665
 *(.debug_info)
 .debug_info    0x00000000     0x4600 OWR.o
 .debug_info    0x00004600      0x3fb StateManager.o
 .debug_info    0x000049fb      0xf16 common.o
 .debug_info    0x00005911     0x257c con_mario.o
 .debug_info    0x00007e8d     0x20f2 con_perf.o
 .debug_info    0x00009f7f     0x21fe con_seq.o
 .debug_info    0x0000c17d     0x3e13 console.o
 .debug_info    0x0000ff90      0x394 cxx.o
 .debug_info    0x00010324     0x4245 errorHandling.o
 .debug_info    0x00014569     0x244c gamePatches.o
 .debug_info    0x000169b5      0xfaf keyboard.o
 .debug_info    0x00017964     0x3edd mod.o
 .debug_info    0x0001b841     0x15c5 patch.o
 .debug_info    0x0001ce06      0x61f printf.o
 .debug_info    0x0001d425       0xf3 rel.o
 .debug_info    0x0001d518      0x8d5 ug.o
 .debug_info    0x0001dded      0x9d3 util.o
 .debug_info    0x0001e7c0     0x1168 aaa.o
 .debug_info    0x0001f928     0x1cf7 aji.o
 .debug_info    0x0002161f     0x1280 bom.o
 .debug_info    0x0002289f     0x126c dou.o
 .debug_info    0x00023b0b     0x1836 eki.o
 .debug_info    0x00025341     0x1158 end.o
 .debug_info    0x00026499     0x1280 gon.o
 .debug_info    0x00027719     0x2104 gor_00.o
 .debug_info    0x0002981d     0x1929 gor_01.o
 .debug_info    0x0002b146     0x1c69 gor_02.o
 .debug_info    0x0002cdaf     0x18fa gor_03.o
 .debug_info    0x0002e6a9     0x11ae gor_04.o
 .debug_info    0x0002f857     0x1faa gor_misc.o
 .debug_info    0x00031801     0x165a gra.o
 .debug_info    0x00032e5b     0x16fa hei.o
 .debug_info    0x00034555     0x11b8 hom.o
 .debug_info    0x0003570d     0x1280 jin.o
 .debug_info    0x0003698d     0x11a4 kpa.o
 .debug_info    0x00037b31     0x1320 las.o
 .debug_info    0x00038e51     0x22af main.o
 .debug_info    0x0003b100     0x166c moo.o
 .debug_info    0x0003c76c     0x21b7 mri.o
 .debug_info    0x0003e923     0x290f muj.o
 .debug_info    0x00041232     0x1b5c nok.o
 .debug_info    0x00042d8e     0x1ae2 pik.o
 .debug_info    0x00044870     0x2094 rsh.o
 .debug_info    0x00046904     0x2734 tik.o
 .debug_info    0x00049038     0x2066 tou.o
 .debug_info    0x0004b09e     0x1280 tou2.o
 .debug_info    0x0004c31e     0x2a2a usu.o
 .debug_info    0x0004ed48     0x191d win.o

.debug_abbrev   0x00000000     0x8de3
 *(.debug_abbrev)
 .debug_abbrev  0x00000000      0x890 OWR.o
 .debug_abbrev  0x00000890      0x1ee StateManager.o
 .debug_abbrev  0x00000a7e      0x21a common.o
 .debug_abbrev  0x00000c98      0x60d con_mario.o
 .debug_abbrev  0x000012a5      0x62d con_perf.o
 .debug_abbrev  0x000018d2      0x668 con_seq.o
 .debug_abbrev  0x00001f3a      0x98f console.o
 .debug_abbrev  0x000028c9      0x170 cxx.o
 .debug_abbrev  0x00002a39      0x768 errorHandling.o
 .debug_abbrev  0x000031a1      0x4af gamePatches.o
 .debug_abbrev  0x00003650      0x36e keyboard.o
 .debug_abbrev  0x000039be      0x80b mod.o
 .debug_abbrev  0x000041c9      0x2bd patch.o
 .debug_abbrev  0x00004486      0x256 printf.o
 .debug_abbrev  0x000046dc       0xeb rel.o
 .debug_abbrev  0x000047c7      0x230 ug.o
 .debug_abbrev  0x000049f7      0x20f util.o
 .debug_abbrev  0x00004c06      0x183 aaa.o
 .debug_abbrev  0x00004d89      0x24a aji.o
 .debug_abbrev  0x00004fd3      0x183 bom.o
 .debug_abbrev  0x00005156      0x183 dou.o
 .debug_abbrev  0x000052d9      0x219 eki.o
 .debug_abbrev  0x000054f2      0x180 end.o
 .debug_abbrev  0x00005672      0x183 gon.o
 .debug_abbrev  0x000057f5      0x27e gor_00.o
 .debug_abbrev  0x00005a73      0x253 gor_01.o
 .debug_abbrev  0x00005cc6      0x27a gor_02.o
 .debug_abbrev  0x00005f40      0x23c gor_03.o
 .debug_abbrev  0x0000617c      0x183 gor_04.o
 .debug_abbrev  0x000062ff      0x2d7 gor_misc.o
 .debug_abbrev  0x000065d6      0x202 gra.o
 .debug_abbrev  0x000067d8      0x225 hei.o
 .debug_abbrev  0x000069fd      0x183 hom.o
 .debug_abbrev  0x00006b80      0x183 jin.o
 .debug_abbrev  0x00006d03      0x183 kpa.o
 .debug_abbrev  0x00006e86      0x183 las.o
 .debug_abbrev  0x00007009      0x2ba main.o
 .debug_abbrev  0x000072c3      0x21d moo.o
 .debug_abbrev  0x000074e0      0x246 mri.o
 .debug_abbrev  0x00007726      0x28d muj.o
 .debug_abbrev  0x000079b3      0x238 nok.o
 .debug_abbrev  0x00007beb      0x239 pik.o
 .debug_abbrev  0x00007e24      0x235 rsh.o
 .debug_abbrev  0x00008059      0x4d7 tik.o
 .debug_abbrev  0x00008530      0x279 tou.o
 .debug_abbrev  0x000087a9      0x183 tou2.o
 .debug_abbrev  0x0000892c      0x271 usu.o
 .debug_abbrev  0x00008b9d      0x246 win.o

.debug_line     0x00000000    0x1abbc
 *(.debug_line)
 .debug_line    0x00000000      0xef4 OWR.o
 .debug_line    0x00000ef4      0x2c8 StateManager.o
 .debug_line    0x000011bc      0x39d common.o
 .debug_line    0x00001559      0x4e0 con_mario.o
 .debug_line    0x00001a39      0x5f6 con_perf.o
 .debug_line    0x0000202f      0x5b2 con_seq.o
 .debug_line    0x000025e1     0x1f5f console.o
 .debug_line    0x00004540      0x1c9 cxx.o
 .debug_line    0x00004709     0x114a errorHandling.o
 .debug_line    0x00005853      0x65c gamePatches.o
 .debug_line    0x00005eaf      0xcb4 keyboard.o
 .debug_line    0x00006b63      0x810 mod.o
 .debug_line    0x00007373      0x80c patch.o
 .debug_line    0x00007b7f      0x2b2 printf.o
 .debug_line    0x00007e31      0x226 rel.o
 .debug_line    0x00008057      0x4ad ug.o
 .debug_line    0x00008504      0x4b0 util.o
 .debug_line    0x000089b4      0x33c aaa.o
 .debug_line    0x00008cf0      0xf32 aji.o
 .debug_line    0x00009c22      0x7aa bom.o
 .debug_line    0x0000a3cc      0x784 dou.o
 .debug_line    0x0000ab50      0x690 eki.o
 .debug_line    0x0000b1e0      0x315 end.o
 .debug_line    0x0000b4f5      0x75c gon.o
 .debug_line    0x0000bc51      0x934 gor_00.o
 .debug_line    0x0000c585      0x733 gor_01.o
 .debug_line    0x0000ccb8      0x72b gor_02.o
 .debug_line    0x0000d3e3      0x8fd gor_03.o
 .debug_line    0x0000dce0      0x4d3 gor_04.o
 .debug_line    0x0000e1b3      0x4a5 gor_misc.o
 .debug_line    0x0000e658      0x592 gra.o
 .debug_line    0x0000ebea      0x5fa hei.o
 .debug_line    0x0000f1e4      0x461 hom.o
 .debug_line    0x0000f645      0x72c jin.o
 .debug_line    0x0000fd71      0x3b0 kpa.o
 .debug_line    0x00010121      0x97d las.o
 .debug_line    0x00010a9e      0xc09 main.o
 .debug_line    0x000116a7      0x3d0 moo.o
 .debug_line    0x00011a77     0x1387 mri.o
 .debug_line    0x00012dfe      0xfd5 muj.o
 .debug_line    0x00013dd3      0x63d nok.o
 .debug_line    0x00014410      0x9c9 pik.o
 .debug_line    0x00014dd9     0x184c rsh.o
 .debug_line    0x00016625      0xbc8 tik.o
 .debug_line    0x000171ed     0x1d77 tou.o
 .debug_line    0x00018f64      0x805 tou2.o
 .debug_line    0x00019769      0xda5 usu.o
 .debug_line    0x0001a50e      0x6ae win.o

.debug_frame
 *(.debug_frame)

.debug_str      0x00000000    0x60aed
 *(.debug_str)
 .debug_str     0x00000000     0x342d OWR.o
 .debug_str     0x0000342d      0x376 StateManager.o
 .debug_str     0x000037a3     0x13e4 common.o
 .debug_str     0x00004b87     0x1a5e con_mario.o
 .debug_str     0x000065e5     0x1613 con_perf.o
 .debug_str     0x00007bf8     0x17ab con_seq.o
 .debug_str     0x000093a3     0x19f9 console.o
 .debug_str     0x0000ad9c      0x34e cxx.o
 .debug_str     0x0000b0ea     0x2066 errorHandling.o
 .debug_str     0x0000d150     0x1aa4 gamePatches.o
 .debug_str     0x0000ebf4      0x955 keyboard.o
 .debug_str     0x0000f549     0x376c mod.o
 .debug_str     0x00012cb5      0x6eb patch.o
 .debug_str     0x000133a0      0x468 printf.o
 .debug_str     0x00013808      0x191 rel.o
 .debug_str     0x00013999      0x39b ug.o
 .debug_str     0x00013d34      0x654 util.o
 .debug_str     0x00014388     0x1f05 aaa.o
 .debug_str     0x0001628d     0x2945 aji.o
 .debug_str     0x00018bd2     0x2102 bom.o
 .debug_str     0x0001acd4     0x20d2 dou.o
 .debug_str     0x0001cda6     0x25cd eki.o
 .debug_str     0x0001f373     0x1eff end.o
 .debug_str     0x00021272     0x20b7 gon.o
 .debug_str     0x00023329     0x2a8d gor_00.o
 .debug_str     0x00025db6     0x24ad gor_01.o
 .debug_str     0x00028263     0x28a7 gor_02.o
 .debug_str     0x0002ab0a     0x26af gor_03.o
 .debug_str     0x0002d1b9     0x1f7e gor_04.o
 .debug_str     0x0002f137     0x34ac gor_misc.o
 .debug_str     0x000325e3     0x236d gra.o
 .debug_str     0x00034950     0x23db hei.o
 .debug_str     0x00036d2b     0x1f9a hom.o
 .debug_str     0x00038cc5     0x20c0 jin.o
 .debug_str     0x0003ad85     0x1f55 kpa.o
 .debug_str     0x0003ccda     0x21a0 las.o
 .debug_str     0x0003ee7a     0x2d93 main.o
 .debug_str     0x00041c0d     0x2309 moo.o
 .debug_str     0x00043f16     0x2e11 mri.o
 .debug_str     0x00046d27     0x3dd3 muj.o
 .debug_str     0x0004aafa     0x2665 nok.o
 .debug_str     0x0004d15f     0x26b5 pik.o
 .debug_str     0x0004f814     0x2cf3 rsh.o
 .debug_str     0x00052507     0x33f3 tik.o
 .debug_str     0x000558fa     0x2eb0 tou.o
 .debug_str     0x000587aa     0x20e0 tou2.o
 .debug_str     0x0005a88a     0x3d0c usu.o
 .debug_str     0x0005e596     0x2557 win.o

.debug_loc
 *(.debug_loc)

.debug_macinfo
 *(.debug_macinfo)

.debug_weaknames
 *(.debug_weaknames)

.debug_funcnames
 *(.debug_funcnames)

.debug_typenames
 *(.debug_typenames)

.debug_varnames
 *(.debug_varnames)
                0x00000000                        __isIPL = 0x0
                0x0002e480                        __stack_addr = ((((__bss_start + SIZEOF (.bss)) + 0x20000) + 0x7) & 0xfffffffffffffff8)
                0x0000e480                        __stack_end = (__bss_start + SIZEOF (.bss))
                0x00032480                        __intrstack_addr = (__stack_addr + 0x4000)
                0x0002e480                        __intrstack_end = __stack_addr
                0x00032480                        __Arena1Lo = ((__intrstack_addr + 0x1f) & 0xffffffffffffffe0)
                0x817feff0                        __Arena1Hi = 0x817feff0
                0x817ff000                        __gxregs = ((__Arena1Hi + 0x1f) & 0xffffffffffffffe0)
                [!provide]                        PROVIDE (__stack = 0x817feff0)
                [!provide]                        PROVIDE (__isIPL = __isIPL)
                [!provide]                        PROVIDE (__stack_addr = __stack_addr)
                [!provide]                        PROVIDE (__stack_end = __stack_end)
                [!provide]                        PROVIDE (__intrstack_addr = __intrstack_addr)
                [!provide]                        PROVIDE (__intrstack_end = __intrstack_end)
                [!provide]                        PROVIDE (__Arena1Lo = __Arena1Lo)
                [!provide]                        PROVIDE (__Arena1Hi = __Arena1Hi)
                [!provide]                        PROVIDE (__gxregs = __gxregs)
LOAD H:/GhidraProjects/TTYDAP/TTYDAP/rel/source/cxx.ld
                0x0000e2e0                        _ctors_start = ADDR (.ctors)
                0x0000e300                        _ctors_end = (_ctors_start + SIZEOF (.ctors))
                0x0000e300                        _dtors_start = ADDR (.dtors)
                0x0000e320                        _dtors_end = (_dtors_start + SIZEOF (.dtors))
LOAD OWR.o
LOAD StateManager.o
LOAD common.o
LOAD con_mario.o
LOAD con_perf.o
LOAD con_seq.o
LOAD console.o
LOAD cxx.o
LOAD errorHandling.o
LOAD gamePatches.o
LOAD keyboard.o
LOAD mod.o
LOAD patch.o
LOAD printf.o
LOAD rel.o
LOAD ug.o
LOAD util.o
LOAD aaa.o
LOAD aji.o
LOAD bom.o
LOAD dou.o
LOAD eki.o
LOAD end.o
LOAD gon.o
LOAD gor_00.o
LOAD gor_01.o
LOAD gor_02.o
LOAD gor_03.o
LOAD gor_04.o
LOAD gor_misc.o
LOAD gra.o
LOAD hei.o
LOAD hom.o
LOAD jin.o
LOAD kpa.o
LOAD las.o
LOAD main.o
LOAD moo.o
LOAD mri.o
LOAD muj.o
LOAD nok.o
LOAD pik.o
LOAD rsh.o
LOAD tik.o
LOAD tou.o
LOAD tou2.o
LOAD usu.o
LOAD win.o
LOAD CrashScreenDecrementYPos.o
LOAD FixBlooperCrash1.o
LOAD FixBlooperCrash2.o
LOAD asm_main.o
LOAD patch_ih.o
LOAD C:/devkitPro/devkitPPC/bin/../lib/gcc/powerpc-eabi/13.1.0\libgcc.a
OUTPUT(H:/GhidraProjects/TTYDAP/TTYDAP/rel/rel.jp.elf elf32-powerpc)

.debug_loclists
                0x00000000     0x63fa
 .debug_loclists
                0x00000000      0xacb OWR.o
 .debug_loclists
                0x00000acb       0x2f StateManager.o
 .debug_loclists
                0x00000afa      0x151 common.o
 .debug_loclists
                0x00000c4b       0xa9 con_mario.o
 .debug_loclists
                0x00000cf4      0x2eb con_perf.o
 .debug_loclists
                0x00000fdf       0xf8 con_seq.o
 .debug_loclists
                0x000010d7     0x1cd1 console.o
 .debug_loclists
                0x00002da8       0x54 cxx.o
 .debug_loclists
                0x00002dfc      0xf5c errorHandling.o
 .debug_loclists
                0x00003d58      0x253 gamePatches.o
 .debug_loclists
                0x00003fab      0x886 keyboard.o
 .debug_loclists
                0x00004831      0x1c0 mod.o
 .debug_loclists
                0x000049f1      0xc5e patch.o
 .debug_loclists
                0x0000564f      0x2ae printf.o
 .debug_loclists
                0x000058fd      0x2cd ug.o
 .debug_loclists
                0x00005bca      0x241 util.o
 .debug_loclists
                0x00005e0b       0x29 aaa.o
 .debug_loclists
                0x00005e34       0x2a aji.o
 .debug_loclists
                0x00005e5e       0x2a bom.o
 .debug_loclists
                0x00005e88       0x2a dou.o
 .debug_loclists
                0x00005eb2       0x2a eki.o
 .debug_loclists
                0x00005edc       0x2c gon.o
 .debug_loclists
                0x00005f08       0x2c gor_00.o
 .debug_loclists
                0x00005f34       0x2a gor_01.o
 .debug_loclists
                0x00005f5e       0x2a gor_02.o
 .debug_loclists
                0x00005f88       0x2c gor_03.o
 .debug_loclists
                0x00005fb4       0x2a gor_04.o
 .debug_loclists
                0x00005fde       0x2a gor_misc.o
 .debug_loclists
                0x00006008       0x2a gra.o
 .debug_loclists
                0x00006032       0x2a hei.o
 .debug_loclists
                0x0000605c       0x2a hom.o
 .debug_loclists
                0x00006086       0x2a jin.o
 .debug_loclists
                0x000060b0       0x2a kpa.o
 .debug_loclists
                0x000060da       0x2a las.o
 .debug_loclists
                0x00006104       0x2a moo.o
 .debug_loclists
                0x0000612e       0x2a mri.o
 .debug_loclists
                0x00006158       0x2a muj.o
 .debug_loclists
                0x00006182       0x2a nok.o
 .debug_loclists
                0x000061ac       0x2a pik.o
 .debug_loclists
                0x000061d6       0x2c rsh.o
 .debug_loclists
                0x00006202      0x14e tik.o
 .debug_loclists
                0x00006350       0x2c tou.o
 .debug_loclists
                0x0000637c       0x2a tou2.o
 .debug_loclists
                0x000063a6       0x2a usu.o
 .debug_loclists
                0x000063d0       0x2a win.o

.debug_rnglists
                0x00000000     0x1991
 .debug_rnglists
                0x00000000      0x1bf OWR.o
 .debug_rnglists
                0x000001bf       0x4f StateManager.o
 .debug_rnglists
                0x0000020e       0x43 common.o
 .debug_rnglists
                0x00000251       0x95 con_mario.o
 .debug_rnglists
                0x000002e6       0xb4 con_perf.o
 .debug_rnglists
                0x0000039a       0xc4 con_seq.o
 .debug_rnglists
                0x0000045e      0x71c console.o
 .debug_rnglists
                0x00000b7a       0x25 cxx.o
 .debug_rnglists
                0x00000b9f      0x309 errorHandling.o
 .debug_rnglists
                0x00000ea8       0x7b gamePatches.o
 .debug_rnglists
                0x00000f23      0x315 keyboard.o
 .debug_rnglists
                0x00001238       0xbc mod.o
 .debug_rnglists
                0x000012f4      0x23d patch.o
 .debug_rnglists
                0x00001531       0x2c printf.o
 .debug_rnglists
                0x0000155d       0x47 rel.o
 .debug_rnglists
                0x000015a4       0x73 ug.o
 .debug_rnglists
                0x00001617       0x45 util.o
 .debug_rnglists
                0x0000165c       0x13 aaa.o
 .debug_rnglists
                0x0000166f       0x14 aji.o
 .debug_rnglists
                0x00001683       0x14 bom.o
 .debug_rnglists
                0x00001697       0x14 dou.o
 .debug_rnglists
                0x000016ab       0x14 eki.o
 .debug_rnglists
                0x000016bf       0x13 end.o
 .debug_rnglists
                0x000016d2       0x14 gon.o
 .debug_rnglists
                0x000016e6       0x1a gor_00.o
 .debug_rnglists
                0x00001700       0x14 gor_01.o
 .debug_rnglists
                0x00001714       0x14 gor_02.o
 .debug_rnglists
                0x00001728       0x14 gor_03.o
 .debug_rnglists
                0x0000173c       0x14 gor_04.o
 .debug_rnglists
                0x00001750       0x2c gor_misc.o
 .debug_rnglists
                0x0000177c       0x14 gra.o
 .debug_rnglists
                0x00001790       0x14 hei.o
 .debug_rnglists
                0x000017a4       0x14 hom.o
 .debug_rnglists
                0x000017b8       0x14 jin.o
 .debug_rnglists
                0x000017cc       0x14 kpa.o
 .debug_rnglists
                0x000017e0       0x14 las.o
 .debug_rnglists
                0x000017f4       0x92 main.o
 .debug_rnglists
                0x00001886       0x14 moo.o
 .debug_rnglists
                0x0000189a       0x14 mri.o
 .debug_rnglists
                0x000018ae       0x14 muj.o
 .debug_rnglists
                0x000018c2       0x14 nok.o
 .debug_rnglists
                0x000018d6       0x14 pik.o
 .debug_rnglists
                0x000018ea       0x14 rsh.o
 .debug_rnglists
                0x000018fe       0x43 tik.o
 .debug_rnglists
                0x00001941       0x14 tou.o
 .debug_rnglists
                0x00001955       0x14 tou2.o
 .debug_rnglists
                0x00001969       0x14 usu.o
 .debug_rnglists
                0x0000197d       0x14 win.o
