
Discarded input sections

 .text          0x00000000        0x0 OWR.o
 .data          0x00000000        0x0 OWR.o
 .bss           0x00000000        0x0 OWR.o
 .bss._ZN3mod3owr25g_stg0_00_init_trampolineE
                0x00000000        0x4 OWR.o
 .bss._ZN3mod3owr22g_itemEntry_trampolineE
                0x00000000        0x4 OWR.o
 .text          0x00000000        0x0 StateManager.o
 .data          0x00000000        0x0 StateManager.o
 .bss           0x00000000        0x0 StateManager.o
 .text._ZN3mod3owr12StateManager4InitEv
                0x00000000       0x18 StateManager.o
 .text          0x00000000        0x0 common.o
 .data          0x00000000        0x0 common.o
 .bss           0x00000000        0x0 common.o
 .text._ZN3mod6common14GetCurrentAreaEv
                0x00000000       0x1c common.o
 .text._ZN3mod6common13GetCurrentMapEv
                0x00000000       0x1c common.o
 .text._ZN3mod6common11GetFilenameEv
                0x00000000       0x1c common.o
 .text._ZN3mod6common16GetStorySequenceEv
                0x00000000       0x20 common.o
 .text._ZN3mod6common14GetPitSequenceEv
                0x00000000       0x24 common.o
 .text._ZN3mod6common17GetSavedFlagValueEi
                0x00000000       0x40 common.o
 .text._ZN3mod6common21HasKeyItemInInventoryEs
                0x00000000       0x3c common.o
 .text._ZN3mod6common25GetBattleWindowDataOffsetEv
                0x00000000       0x1c common.o
 .text._ZN3mod6common21GetStatusWindowHeightEv
                0x00000000       0x24 common.o
 .data._ZN3mod6common29kUnknownStatusWindowStructPtrE
                0x00000000        0x4 common.o
 .data._ZN3mod6common10kBattlePtrE
                0x00000000        0x4 common.o
 .data._ZN3mod6common9kPouchPtrE
                0x00000000        0x4 common.o
 .data._ZN3mod6common12kSaveDataPtrE
                0x00000000        0x4 common.o
 .rodata._ZN3mod6common32kUltraHammerChestDespawnIdOffsetE
                0x00000000        0x4 common.o
 .rodata._ZN3mod6common27kObjectCollectionExprOffsetE
                0x00000000        0x4 common.o
 .rodata._ZN3mod6common27kObjectChestScriptPtrOffsetE
                0x00000000        0x4 common.o
 .rodata._ZN3mod6common33kMujModuleFlavioDesiredItemOffsetE
                0x00000000        0x4 common.o
 .rodata._ZN3mod6common36kJinModuleAtomicBooItemGswfSetOffsetE
                0x00000000        0x4 common.o
 .rodata._ZN3mod6common39kJinModuleAtomicBooItemObjectFlagOffsetE
                0x00000000        0x4 common.o
 .rodata._ZN3mod6common32kPitModuleCharlietonChanceOffsetE
                0x00000000        0x4 common.o
 .rodata._ZN3mod6common22kPitModuleNpcArrOffsetE
                0x00000000        0x4 common.o
 .rodata._ZN3mod6common23kSavedWordFlagBaseValueE
                0x00000000        0x4 common.o
 .data._ZN3mod6common20kPiantaParlorItemArrE
                0x00000000        0x4 common.o
 .data._ZN3mod6common21kPitCharlietonItemArrE
                0x00000000        0x4 common.o
 .data._ZN3mod6common12kHowzItemArrE
                0x00000000        0x4 common.o
 .data._ZN3mod6common18kCharlietonItemArrE
                0x00000000        0x4 common.o
 .data._ZN3mod6common14kDazzleItemArrE
                0x00000000        0x4 common.o
 .data._ZN3mod6common20kSuperguardFramesArrE
                0x00000000        0x4 common.o
 .data._ZN3mod6common15kGuardFramesArrE
                0x00000000        0x4 common.o
 .data._ZN3mod6common25kSuperChargePartnerParamsE
                0x00000000        0x4 common.o
 .data._ZN3mod6common18kSuperChargeParamsE
                0x00000000        0x4 common.o
 .data._ZN3mod6common19kPiercingBlowParamsE
                0x00000000        0x4 common.o
 .data._ZN3mod6common18kHammerThrowParamsE
                0x00000000        0x4 common.o
 .data._ZN3mod6common17kKoopaCurseParamsE
                0x00000000        0x4 common.o
 .data._ZN3mod6common15kTradeOffParamsE
                0x00000000        0x4 common.o
 .data._ZN3mod6common17kGulpRecoilParamsE
                0x00000000        0x4 common.o
 .data._ZN3mod6common24kUltraHammerRecoilParamsE
                0x00000000        0x4 common.o
 .data._ZN3mod6common24kSuperHammerRecoilParamsE
                0x00000000        0x4 common.o
 .data._ZN3mod6common8kNextMapE
                0x00000000        0x4 common.o
 .rodata.cst4   0x00000000        0x4 common.o
 .text          0x00000000        0x0 con_mario.o
 .data          0x00000000        0x0 con_mario.o
 .bss           0x00000000        0x0 con_mario.o
 .text          0x00000000        0x0 con_perf.o
 .data          0x00000000        0x0 con_perf.o
 .bss           0x00000000        0x0 con_perf.o
 .text          0x00000000        0x0 con_seq.o
 .data          0x00000000        0x0 con_seq.o
 .bss           0x00000000        0x0 con_seq.o
 .text          0x00000000        0x0 console.o
 .data          0x00000000        0x0 console.o
 .bss           0x00000000        0x0 console.o
[...]
Memory Configuration

Name             Origin             Length             Attributes
*default*        0x00000000         0xffffffff

Linker script and memory map

                0x80003100                        . = 0x80003100

.init
 *crt0.o(*.init)
 *(.init)

.plt
 *(.plt)

.interp
 *(.interp)

.hash
 *(.hash)

.dynsym
 *(.dynsym)

.dynstr
 *(.dynstr)

.gnu.version
 *(.gnu.version)

.gnu.version_d
 *(.gnu.version_d)

.gnu.version_r
 *(.gnu.version_r)

.rel.init
 *(.rel.init)

.rela.init
 *(.rela.init)

.rel.text
 *(.rel.text .rel.text.* .rel.gnu.linkonce.t.*)

.rela.text
 *(.rela.text .rela.text.* .rela.gnu.linkonce.t.*)

.rel.fini
 *(.rel.fini)

.rela.fini
 *(.rela.fini)

.rel.rodata
 *(.rel.rodata .rel.rodata.* .rel.gnu.linkonce.r.*)

.rela.rodata
 *(.rela.rodata .rela.rodata.* .rela.gnu.linkonce.r.*)

.rel.data
 *(.rel.data .rel.data.* .rel.gnu.linkonce.d.*)

.rela.data
 *(.rela.data .rela.data.* .rela.gnu.linkonce.d.*)

.rel.tdata
 *(.rel.tdata .rel.tdata.* .rel.gnu.linkonce.td.*)

.rela.tdata
 *(.rela.tdata .rela.tdata.* .rela.gnu.linkonce.td.*)

.rel.tbss
 *(.rel.tbss .rel.tbss.* .rel.gnu.linkonce.tb.*)

.rela.tbss
 *(.rela.tbss .rela.tbss.* .rela.gnu.linkonce.tb.*)

.rel.ctors
 *(.rel.ctors)

.rela.ctors
 *(.rela.ctors)

.rel.dtors
 *(.rel.dtors)

.rela.dtors
 *(.rela.dtors)

.rel.got
 *(.rel.got)

.rela.got
 *(.rela.got)

.rela.got1
 *(.rela.got1)

.rela.got2
 *(.rela.got2)

.rel.sdata
 *(.rel.sdata .rel.sdata.* .rel.gnu.linkonce.s.*)

.rela.sdata
 *(.rela.sdata .rela.sdata.* .rela.gnu.linkonce.s.*)

.rel.sbss
 *(.rel.sbss .rel.sbss.* .rel.gnu.linkonce.sb.*)

.rela.sbss
 *(.rela.sbss .rela.sbss.* .rel.gnu.linkonce.sb.*)

.rel.sdata2
 *(.rel.sdata2 .rel.sdata2.* .rel.gnu.linkonce.s2.*)

.rela.sdata2
 *(.rela.sdata2 .rela.sdata2.* .rela.gnu.linkonce.s2.*)

.rel.sbss2
 *(.rel.sbss2 .rel.sbss2.* .rel.gnu.linkonce.sb2.*)

.rela.sbss2
 *(.rela.sbss2 .rela.sbss2.* .rela.gnu.linkonce.sb2.*)

.rel.bss
 *(.rel.bss .rel.bss.* .rel.gnu.linkonce.b.*)

.rela.bss
 *(.rela.bss .rela.bss.* .rela.gnu.linkonce.b.*)

.rel.plt
 *(.rel.plt)

.rela.plt
 *(.rela.plt)

.text           0x80003100     0xdaa0
 *(.text)
 .text          0x80003100        0xc CrashScreenDecrementYPos.o
                0x80003100                asmCrashScreenDecrementYPosStart
                0x80003108                asmCrashScreenDecrementYPosBranchBack
 .text          0x8000310c        0x8 FixBlooperCrash1.o
                0x8000310c                asmFixBlooperCrash1
 .text          0x80003114       0x14 FixBlooperCrash2.o
                0x80003114                asmFixBlooperCrash2
 .text          0x80003128       0x10 PreventDiaryTextboxSelection.o
                0x80003128                asmPreventDiaryTextboxSelection
 .text          0x80003138      0x2d0 asm_main.o
                0x80003138                bMapGXArrInject
                0x80003144                bMapGXArrInjectReturn
                0x80003148                bMapGXArrIncrement
                0x80003150                bMapGXArrIncrementReturn
                0x80003154                bMapGXChSplit
                0x80003160                bMapGXChSplitReturn
                0x80003164                bWinLogArrInject
                0x80003170                bWinLogArrInjectReturn
                0x80003174                bWinLogArrIncrement
                0x8000317c                bWinLogArrIncrementReturn
                0x80003180                bChapterClearCheck
                0x800031c8                bJohoyaSeqAddition
                0x80003200                bPrintPartyAddErrorFix
                0x8000323c                bPrintPartyAddErrorFixReturn
                0x80003240                bPrintPartyErrorFix
                0x8000327c                bPrintPartyErrorFixReturn
                0x80003280                bKururingFloorCapture
                0x80003288                bKururingFloorCaptureReturn
                0x8000328c                bKururingFloorRelease
                0x80003294                bKururingFloorReleaseReturn
                0x80003298                bPowerupblkCapture
                0x800032b0                bPowerupblkCaptureReturn
                0x800032b4                bPowerupblkRelease
                0x800032bc                bPowerupblkReleaseReturn
                0x800032c0                bPeachPointer
                0x80003318                breakfastValueRestore
                0x80003338                bPeachReturn
                0x8000333c                bShopFlagCheck
                0x80003348                bShopFlagCheckReturn
                0x8000334c                win_log_mapGX_arr
 .text          0x80003408       0x58 restfpr_x.o
                0x80003408                _restfpr_14_x
                0x8000340c                _restfpr_15_x
                0x80003410                _restfpr_16_x
                0x80003414                _restfpr_17_x
                0x80003418                _restfpr_18_x
                0x8000341c                _restfpr_19_x
                0x80003420                _restfpr_20_x
                0x80003424                _restfpr_21_x
                0x80003428                _restfpr_22_x
                0x8000342c                _restfpr_23_x
                0x80003430                _restfpr_24_x
                0x80003434                _restfpr_25_x
                0x80003438                _restfpr_26_x
                0x8000343c                _restfpr_27_x
                0x80003440                _restfpr_28_x
                0x80003444                _restfpr_29_x
                0x80003448                _restfpr_30_x
                0x8000344c                _restfpr_31_x
 .text          0x80003460       0x58 restgpr_x.o
                0x80003460                _restgpr_14_x
                0x80003464                _restgpr_15_x
                0x80003468                _restgpr_16_x
                0x8000346c                _restgpr_17_x
                0x80003470                _restgpr_18_x
                0x80003474                _restgpr_19_x
                0x80003478                _restgpr_20_x
                0x8000347c                _restgpr_21_x
                0x80003480                _restgpr_22_x
                0x80003484                _restgpr_23_x
                0x80003488                _restgpr_24_x
                0x8000348c                _restgpr_25_x
                0x80003490                _restgpr_26_x
                0x80003494                _restgpr_27_x
                0x80003498                _restgpr_28_x
                0x8000349c                _restgpr_29_x
                0x800034a0                _restgpr_30_x
                0x800034a4                _restgpr_31_x
 *(.text.*)
 *fill*         0x800034b8        0x0 00000000
 .text._ZZN3mod3owr3OWR4InitEvENUlPN4ttyd6evtmgr8EvtEntryEbE_4_FUNES5_b
                0x800034b8       0x6c OWR.o
 .text._ZZN3mod3owr3OWR4InitEvENUlPN4ttyd5party10PartyEntryEfffE_4_FUNES5_fff
                0x80003524       0x98 OWR.o
 .text._ZZN3mod3owr3OWR4InitEvENUliE0_4_FUNEi
                0x800035bc       0xec OWR.o
 .text._ZZN3mod3owr3OWR4InitEvENUliE_4_FUNEi
                0x800036a8      0x1ec OWR.o
 .text._ZZN3mod3owr3OWR4InitEvENUlPKcE_4_FUNES3_
                0x80003894      0x578 OWR.o
 .text._ZZN3mod3owr3OWR4InitEvENUlN4ttyd6seqdrv8SeqIndexEPKcS6_E_4_FUNES4_S6_S6_
                0x80003e0c       0xa0 OWR.o
 .text._ZN3mod3owr3OWRC2Ev
                0x80003eac        0x4 OWR.o
                0x80003eac                _ZN3mod3owr3OWRC1Ev
                0x80003eac                _ZN3mod3owr3OWRC2Ev
 .text._ZN3mod3owr3OWR12SequenceInitEv
                0x80003eb0      0x120 OWR.o
                0x80003eb0                _ZN3mod3owr3OWR12SequenceInitEv
 .text._ZN3mod3owr13checkIfInGameEv
                0x80003fd0       0x64 OWR.o
                0x80003fd0                _ZN3mod3owr13checkIfInGameEv
 .text._ZN3mod3owr3OWR12HomewardWarpEv
                0x80004034       0x84 OWR.o
                0x80004034                _ZN3mod3owr3OWR12HomewardWarpEv
 .text._ZN3mod3owr3OWR12RecieveItemsEv
                0x800040b8       0x5c OWR.o
                0x800040b8                _ZN3mod3owr3OWR12RecieveItemsEv
 .text._ZN3mod3owr3OWR4InitEv
                0x80004114      0x22c OWR.o
                0x80004114                _ZN3mod3owr3OWR4InitEv
 .text._ZN3mod3owr3OWR6UpdateEv
                0x80004340       0x38 OWR.o
                0x80004340                _ZN3mod3owr3OWR6UpdateEv
 .text._ZN3mod3owr3OWR14OnModuleLoadedEP12OSModuleInfo
                0x80004378       0x98 OWR.o
                0x80004378                _ZN3mod3owr3OWR14OnModuleLoadedEP12OSModuleInfo
 .text._ZZN3mod3owr3OWR4InitEvENUlP12OSModuleInfoPvE_4_FUNES3_S4_
                0x80004410       0x54 OWR.o
 .text._ZN3mod3owr3OWR10DrawStringEPKcffjf
                0x80004464       0xc8 OWR.o
                0x80004464                _ZN3mod3owr3OWR10DrawStringEPKcffjf
 .text.startup._GLOBAL__sub_I__ZN3mod3owr7item_dbE
                0x8000452c       0x14 OWR.o
 .text._ZN3mod3owr12StateManagerC2Ev
                0x80004540       0x18 StateManager.o
                0x80004540                _ZN3mod3owr12StateManagerC2Ev
                0x80004540                _ZN3mod3owr12StateManagerC1Ev
 .text._ZN3modL13mod_if_func24Ev
                0x80004558       0x54 con_mario.o
 .text.startup._GLOBAL__sub_I__ZN3mod13mario_set_posE
                0x800045ac       0x88 con_mario.o
 .text._ZN3modL13mod_if_func51Ev
                0x80004634      0x158 con_perf.o
 .text.startup._GLOBAL__sub_I__ZN3mod15perf_fake_spikeE
                0x8000478c       0x8c con_perf.o
 .text._ZN3modL13mod_if_func16Ev
                0x80004818       0x60 con_seq.o
 .text._ZZN3modL13mod_if_func16EvENUlPN4ttyd6seqdrv7SeqInfoEE_4_FUNES3_
                0x80004878       0x34 con_seq.o
 .text.startup._GLOBAL__sub_I__ZN3mod13seq_logo_skipE
                0x800048ac       0x8c con_seq.o
 .text._ZN3mod13ConsoleSystem8logColorEPKcN2gc6color4E
                0x80004938      0x1e4 console.o
                0x80004938                _ZN3mod13ConsoleSystem8logColorEPKcN2gc6color4E
 .text._ZN3mod13ConsoleSystem7logInfoEPKcz
                0x80004b1c       0xac console.o
                0x80004b1c                _ZN3mod13ConsoleSystem7logInfoEPKcz
 .text._ZN3mod7CC_findEPKc
                0x80004bc8       0xe8 console.o
                0x80004bc8                _ZN3mod7CC_findEPKc
 .text._ZN3mod13ConsoleSystem10logWarningEPKcz
                0x80004cb0       0xb0 console.o
                0x80004cb0                _ZN3mod13ConsoleSystem10logWarningEPKcz
 .text._ZN3mod13ConsoleSystem8logErrorEPKcz
                0x80004d60       0xb0 console.o
                0x80004d60                _ZN3mod13ConsoleSystem8logErrorEPKcz
 .text._ZN3mod13ConsoleSystem7overlayEPKcz
                0x80004e10       0xbc console.o
                0x80004e10                _ZN3mod13ConsoleSystem7overlayEPKcz
 .text._ZN3mod13ConsoleSystem12setMonospaceEb
                0x80004ecc       0x24 console.o
                0x80004ecc                _ZN3mod13ConsoleSystem12setMonospaceEb
 .text._ZN3mod13ConsoleSystem4initEv
                0x80004ef0       0x14 console.o
                0x80004ef0                _ZN3mod13ConsoleSystem4initEv
 .text._ZN3mod13ConsoleSystem8drawLineEiPKcN2gc6color4E
                0x80004f04       0xa8 console.o
                0x80004f04                _ZN3mod13ConsoleSystem8drawLineEiPKcN2gc6color4E
 .text._ZN3mod13ConsoleSystem14processCommandEPKc
                0x80004fac      0x1e4 console.o
                0x80004fac                _ZN3mod13ConsoleSystem14processCommandEPKc
 .text._ZN3mod13ConsoleSystem12updatePromptEv
                0x80005190      0x2f0 console.o
                0x80005190                _ZN3mod13ConsoleSystem12updatePromptEv
 .text._ZN3mod13ConsoleSystem14updateUsbGeckoEv
                0x80005480      0x128 console.o
                0x80005480                _ZN3mod13ConsoleSystem14updateUsbGeckoEv
 .text._ZN3mod13ConsoleSystem6updateEv
                0x800055a8       0x68 console.o
                0x800055a8                _ZN3mod13ConsoleSystem6updateEv
 .text._ZN3mod13ConsoleSystem4dispEv
                0x80005610      0x368 console.o
                0x80005610                _ZN3mod13ConsoleSystem4dispEv
 .text._ZZN3mod13ConsoleSystem6updateEvENUlN4ttyd7dispdrv8CameraIdEPvE_4_FUNES3_S4_
                0x80005978        0x8 console.o
 .text.startup._GLOBAL__sub_I__ZN3mod10ConCommand6sFirstE
                0x80005980      0x17c console.o
 .text._Znwj    0x80005afc        0xc cxx.o
                0x80005afc                _Znwj
 .text._Znaj    0x80005b08        0x4 cxx.o
                0x80005b08                _Znaj
 .text._ZdlPv   0x80005b0c        0xc cxx.o
                0x80005b0c                _ZdlPv
 .text._ZdaPv   0x80005b18        0x4 cxx.o
                0x80005b18                _ZdaPv
 .text._ZL27checkIndividualStandardHeapPKN2gc2os9ChunkInfoE
                0x80005b1c       0x64 errorHandling.o
 .text._ZL24checkIndividualSmartHeapPKN4ttyd6memory19SmartAllocationDataE
                0x80005b80       0x64 errorHandling.o
 .text._ZL21initStandardHeapErrorPKvib
                0x80005be4       0x94 errorHandling.o
 .text._ZL18initSmartHeapErrorPKvb
                0x80005c78       0x8c errorHandling.o
 .text._ZN18HeapCorruptionInfo10drawBufferEv
                0x80005d04       0x98 errorHandling.o
                0x80005d04                _ZN18HeapCorruptionInfo10drawBufferEv
 .text._ZN21NpcNameToPtrErrorInfo16drawErrorMessageEv
                0x80005d9c       0x9c errorHandling.o
                0x80005d9c                _ZN21NpcNameToPtrErrorInfo16drawErrorMessageEv
 .text._ZN21AnimPoseMainErrorInfo16drawErrorMessageEv
                0x80005e38       0x9c errorHandling.o
                0x80005e38                _ZN21AnimPoseMainErrorInfo16drawErrorMessageEv
 .text._Z10checkHeapsv
                0x80005ed4      0x168 errorHandling.o
                0x80005ed4                _Z10checkHeapsv
 .text._Z17drawErrorMessagesv
                0x8000603c       0x74 errorHandling.o
                0x8000603c                _Z17drawErrorMessagesv
 .text._Z25checkForNpcNameToPtrErrorPKc
                0x800060b0       0x6c errorHandling.o
                0x800060b0                _Z25checkForNpcNameToPtrErrorPKc
 .text._Z24preventAnimPoseMainCrashi
                0x8000611c       0x54 errorHandling.o
                0x8000611c                _Z24preventAnimPoseMainCrashi
 .text.startup._GLOBAL__sub_I_npcNameToPtrErrorInfo
                0x80006170       0x1c errorHandling.o
 .text.exit._GLOBAL__sub_D_npcNameToPtrErrorInfo
                0x8000618c       0x14 errorHandling.o
 .text._ZL22fixPouchInitMemoryLeakij
                0x800061a0       0x4c gamePatches.o
 .text._ZL12autoMashTextN2gc3pad5PadIdE
                0x800061ec       0x48 gamePatches.o
 .text._ZL14fixMapProblemsv
                0x80006234       0xe8 gamePatches.o
 .text.cFixBlooperCrash1
                0x8000631c       0x38 gamePatches.o
                0x8000631c                cFixBlooperCrash1
 .text.cCrashScreenDecrementYPos
                0x80006354       0x28 gamePatches.o
                0x80006354                cCrashScreenDecrementYPos
 .text.cPreventDiaryTextboxOptionSelection
                0x8000637c       0x58 gamePatches.o
                0x8000637c                cPreventDiaryTextboxOptionSelection
 .text._Z14applyGameFixesv
                0x800063d4       0x68 gamePatches.o
                0x800063d4                _Z14applyGameFixesv
 .text._Z23applyVariousGamePatchesv
                0x8000643c       0xe8 gamePatches.o
                0x8000643c                _Z23applyVariousGamePatchesv
 .text._ZN3mod8Keyboard7connectEv
                0x80006524       0x58 keyboard.o
                0x80006524                _ZN3mod8Keyboard7connectEv
 .text._ZN3mod8KeyboardC2Ei
                0x8000657c       0x20 keyboard.o
                0x8000657c                _ZN3mod8KeyboardC2Ei
                0x8000657c                _ZN3mod8KeyboardC1Ei
 .text._ZN3mod8Keyboard10disconnectEv
                0x8000659c       0x40 keyboard.o
                0x8000659c                _ZN3mod8Keyboard10disconnectEv
 .text._ZN3mod8Keyboard6updateEv
                0x800065dc      0x1d4 keyboard.o
                0x800065dc                _ZN3mod8Keyboard6updateEv
 .text._ZZN3mod3Mod4initEvENUlvE0_4_FUNEv
                0x800067b0        0x4 mod.o
 .text._ZZN3mod3Mod11updateEarlyEvENUlN4ttyd7dispdrv8CameraIdEPvE_4_FUNES3_S4_
                0x800067b4        0x4 mod.o
 .text._ZN3mod3ModC2Ev
                0x800067b8       0x90 mod.o
                0x800067b8                _ZN3mod3ModC2Ev
                0x800067b8                _ZN3mod3ModC1Ev
 .text._ZN3mod3Mod4initEv
                0x80006848      0x188 mod.o
                0x80006848                _ZN3mod3Mod4initEv
 .text.startup._ZN3mod4mainEv
                0x800069d0       0x38 mod.o
                0x800069d0                _ZN3mod4mainEv
 .text._ZN3mod3Mod11updateEarlyEv
                0x80006a08       0x8c mod.o
                0x80006a08                _ZN3mod3Mod11updateEarlyEv
 .text._ZZN3mod3Mod4initEvENUlvE_4_FUNEv
                0x80006a94        0xc mod.o
 .text._ZN3mod5patch17clear_DC_IC_CacheEPvj
                0x80006aa0       0x3c patch.o
                0x80006aa0                _ZN3mod5patch17clear_DC_IC_CacheEPvj
 .text._ZN3mod5patch14writeEvtBranchEPiPKib
                0x80006adc       0x1c patch.o
                0x80006adc                _ZN3mod5patch14writeEvtBranchEPiPKib
 .text._ZN3mod5patch15writeBranchMainEPvS1_j
                0x80006af8       0x18 patch.o
                0x80006af8                _ZN3mod5patch15writeBranchMainEPvS1_j
 .text._ZN3mod5patch11writeBranchEPvS1_
                0x80006b10        0x8 patch.o
                0x80006b10                _ZN3mod5patch11writeBranchEPvS1_
 .text._ZN3mod5patch21writeStandardBranchesEPvS1_S1_
                0x80006b18       0x3c patch.o
                0x80006b18                _ZN3mod5patch21writeStandardBranchesEPvS1_S1_
 .text._ZN3mod5patch13writeBranchBLEPvS1_
                0x80006b54        0xc patch.o
                0x80006b54                _ZN3mod5patch13writeBranchBLEPvS1_
 .text._ZN3mod5patch10writePatchEPvPKvj
                0x80006b60       0x5c patch.o
                0x80006b60                _ZN3mod5patch10writePatchEPvPKvj
 .text._ZN3mod5patch10writePatchEPvj
                0x80006bbc       0x2c patch.o
                0x80006bbc                _ZN3mod5patch10writePatchEPvj
 .text._ZN3mod5patch15writeBranchPairEPvS1_S1_
                0x80006be8       0x3c patch.o
                0x80006be8                _ZN3mod5patch15writeBranchPairEPvS1_S1_
 .text._ZN3mod5patch17writeIntWithCacheEPvj
                0x80006c24        0xc patch.o
                0x80006c24                _ZN3mod5patch17writeIntWithCacheEPvj
 .text.vsnprintf
                0x80006c30       0x70 printf.o
                0x80006c30                vsnprintf
 .text.snprintf
                0x80006ca0       0x7c printf.o
                0x80006ca0                snprintf
 .text._prolog  0x80006d1c       0x5c rel.o
                0x80006d1c                _prolog
 .text._epilog  0x80006d78       0x4c rel.o
                0x80006d78                _epilog
 .text._unresolved
                0x80006dc4        0x4 rel.o
                0x80006dc4                _unresolved
 .text._ZN3modL10ugTransferEiPvib
                0x80006dc8      0x124 ug.o
 .text._ZN3mod7ugProbeEi
                0x80006eec       0xf8 ug.o
                0x80006eec                _ZN3mod7ugProbeEi
 .text._ZN3mod6ugSendEiPKvi
                0x80006fe4        0x8 ug.o
                0x80006fe4                _ZN3mod6ugSendEiPKvi
 .text._ZN3mod6ugRecvEiPvi
                0x80006fec        0x8 ug.o
                0x80006fec                _ZN3mod6ugRecvEiPvi
 .text.strstr   0x80006ff4       0x90 util.o
                0x80006ff4                strstr
 .text._ZN3mod4util16checkButtonComboEj
                0x80007084       0x4c util.o
                0x80007084                _ZN3mod4util16checkButtonComboEj
 .text._ZN3mod4util26checkButtonComboEveryFrameEj
                0x800070d0       0x34 util.o
                0x800070d0                _ZN3mod4util26checkButtonComboEveryFrameEj
 .text._ZN3mod4util10ptrIsValidEPv
                0x80007104       0x30 util.o
                0x80007104                _ZN3mod4util10ptrIsValidEPv
 .text._ZN3mod4util10intToFloatEi
                0x80007134       0x30 util.o
                0x80007134                _ZN3mod4util10intToFloatEi
 .text._ZN3mod4util25getTextMultilineIncrementEPKcfj
                0x80007164       0x4c util.o
                0x80007164                _ZN3mod4util25getTextMultilineIncrementEPKcfj
 .text._Z15ApplyAaaPatchesv
                0x800071b0       0x50 aaa.o
                0x800071b0                _Z15ApplyAaaPatchesv
 .text._Z17checkIntermissionPN4ttyd6evtmgr8EvtEntryEb
                0x80007200       0xd4 aji.o
                0x80007200                _Z17checkIntermissionPN4ttyd6evtmgr8EvtEntryEb
 .text._Z15ApplyAjiPatchesv
                0x800072d4      0x874 aji.o
                0x800072d4                _Z15ApplyAjiPatchesv
 .text._Z15ApplyBomPatchesv
                0x80007b48      0x300 bom.o
                0x80007b48                _Z15ApplyBomPatchesv
 .text._Z15ApplyDouPatchesv
                0x80007e48      0x2f0 dou.o
                0x80007e48                _Z15ApplyDouPatchesv
 .text._Z15ApplyEkiPatchesv
                0x80008138      0x254 eki.o
                0x80008138                _Z15ApplyEkiPatchesv
 .text._Z15ApplyEndPatchesv
                0x8000838c       0x30 end.o
                0x8000838c                _Z15ApplyEndPatchesv
 .text._Z15ApplyGonPatchesv
                0x800083bc      0x35c gon.o
                0x800083bc                _Z15ApplyGonPatchesv
 .text._Z17ApplyGor00Patchesv
                0x80008718      0x5b0 gor_00.o
                0x80008718                _Z17ApplyGor00Patchesv
 .text.startup._GLOBAL__sub_I__Z17ApplyGor00Patchesv
                0x80008cc8       0x14 gor_00.o
 .text._Z17ApplyGor01Patchesv
                0x80008cdc      0x410 gor_01.o
                0x80008cdc                _Z17ApplyGor01Patchesv
 .text._Z17ApplyGor02Patchesv
                0x800090ec      0x400 gor_02.o
                0x800090ec                _Z17ApplyGor02Patchesv
 .text._Z17ApplyGor03Patchesv
                0x800094ec      0x478 gor_03.o
                0x800094ec                _Z17ApplyGor03Patchesv
 .text._Z17ApplyGor04Patchesv
                0x80009964      0x1d8 gor_04.o
                0x80009964                _Z17ApplyGor04Patchesv
 .text._Z19ApplyGorMiscPatchesv
                0x80009b3c      0x14c gor_misc.o
                0x80009b3c                _Z19ApplyGorMiscPatchesv
 .text._Z15ApplyGorPatchesv
                0x80009c88       0x30 gor_misc.o
                0x80009c88                _Z15ApplyGorPatchesv
 .text._Z15ApplyGraPatchesv
                0x80009cb8      0x200 gra.o
                0x80009cb8                _Z15ApplyGraPatchesv
 .text._Z15ApplyHeiPatchesv
                0x80009eb8      0x294 hei.o
                0x80009eb8                _Z15ApplyHeiPatchesv
 .text._Z15ApplyHomPatchesv
                0x8000a14c      0x140 hom.o
                0x8000a14c                _Z15ApplyHomPatchesv
 .text._Z15ApplyJinPatchesv
                0x8000a28c      0x348 jin.o
                0x8000a28c                _Z15ApplyJinPatchesv
 .text._Z15ApplyKpaPatchesv
                0x8000a5d4       0xd0 kpa.o
                0x8000a5d4                _Z15ApplyKpaPatchesv
 .text._Z15ApplyLasPatchesv
                0x8000a6a4      0x4f0 las.o
                0x8000a6a4                _Z15ApplyLasPatchesv
 .text._Z12setShopFlagsPN4ttyd6evtmgr8EvtEntryEb
                0x8000ab94       0x8c main.o
                0x8000ab94                _Z12setShopFlagsPN4ttyd6evtmgr8EvtEntryEb
 .text.checkShopFlag
                0x8000ac20       0x84 main.o
                0x8000ac20                checkShopFlag
 .text._Z24ApplyMainAssemblyPatchesv
                0x8000aca4      0x938 main.o
                0x8000aca4                _Z24ApplyMainAssemblyPatchesv
 .text._Z22ApplyMainScriptPatchesv
                0x8000b5dc      0x1e8 main.o
                0x8000b5dc                _Z22ApplyMainScriptPatchesv
 .text._Z25ApplyItemDataTablePatchesv
                0x8000b7c4      0x15c main.o
                0x8000b7c4                _Z25ApplyItemDataTablePatchesv
 .text._Z15ApplyMriPatchesv
                0x8000b920      0xba4 mri.o
                0x8000b920                _Z15ApplyMriPatchesv
 .text._Z15ApplyMujPatchesv
                0x8000c4c4      0xa2c muj.o
                0x8000c4c4                _Z15ApplyMujPatchesv
 .text._Z15ApplyNokPatchesv
                0x8000cef0      0x36c nok.o
                0x8000cef0                _Z15ApplyNokPatchesv
 .text._Z15ApplyPikPatchesv
                0x8000d25c      0x524 pik.o
                0x8000d25c                _Z15ApplyPikPatchesv
 .text._Z15ApplyRshPatchesv
                0x8000d780      0xe34 rsh.o
                0x8000d780                _Z15ApplyRshPatchesv
 .text._Z24checkChapterRequirementsPN4ttyd6evtmgr8EvtEntryEb
                0x8000e5b4       0x7c tik.o
                0x8000e5b4                _Z24checkChapterRequirementsPN4ttyd6evtmgr8EvtEntryEb
 .text._Z18checkChapterClearsPN4ttyd6evtmgr8EvtEntryEb
                0x8000e630       0x5c tik.o
                0x8000e630                _Z18checkChapterClearsPN4ttyd6evtmgr8EvtEntryEb
 .text._Z15ApplyTikPatchesv
                0x8000e68c      0x598 tik.o
                0x8000e68c                _Z15ApplyTikPatchesv
 .text._Z15ApplyTouPatchesv
                0x8000ec24     0x10b0 tou.o
                0x8000ec24                _Z15ApplyTouPatchesv
 .text._Z16ApplyTou2Patchesv
                0x8000fcd4      0x34c tou2.o
                0x8000fcd4                _Z16ApplyTou2Patchesv
 .text._Z15ApplyUsuPatchesv
                0x80010020      0x884 usu.o
                0x80010020                _Z15ApplyUsuPatchesv
 .text._Z15ApplyWinPatchesv
                0x800108a4      0x2e4 win.o
                0x800108a4                _Z15ApplyWinPatchesv
 *(.gnu.warning)
 *(.gnu.linkonce.t.*)
                0x80010ba0                        . = ALIGN (0x20)
 *fill*         0x80010b88       0x18 00000000

.text._ZN3mod13mario_set_posMUlPKcE_4_FUNES2_
                0x00000000       0x5c
 .text._ZN3mod13mario_set_posMUlPKcE_4_FUNES2_
                0x00000000       0x5c con_mario.o
                0x00000000                _ZN3mod13mario_set_posMUlPKcE_4_FUNES2_
                0x00000000                _ZN3mod13mario_set_posMUlPKcE_4_FUNES1_

.text._ZN3mod15perf_fake_spikeMUlPKcE_4_FUNES2_
                0x00000000       0x7c
 .text._ZN3mod15perf_fake_spikeMUlPKcE_4_FUNES2_
                0x00000000       0x7c con_perf.o
                0x00000000                _ZN3mod15perf_fake_spikeMUlPKcE_4_FUNES1_
                0x00000000                _ZN3mod15perf_fake_spikeMUlPKcE_4_FUNES2_

.text._ZN3mod14seq_change_mapMUlPKcE_4_FUNES2_
                0x00000000       0xc4
 .text._ZN3mod14seq_change_mapMUlPKcE_4_FUNES2_
                0x00000000       0xc4 con_seq.o
                0x00000000                _ZN3mod14seq_change_mapMUlPKcE_4_FUNES2_
                0x00000000                _ZN3mod14seq_change_mapMUlPKcE_4_FUNES1_

.text._ZN3mod8con_monoMUlPNS_9ConIntVarEiE_4_FUNES2_i
                0x00000000       0x18
 .text._ZN3mod8con_monoMUlPNS_9ConIntVarEiE_4_FUNES2_i
                0x00000000       0x18 console.o
                0x00000000                _ZN3mod8con_monoMUlPNS_9ConIntVarEiE_4_FUNES1_i
                0x00000000                _ZN3mod8con_monoMUlPNS_9ConIntVarEiE_4_FUNES2_i

.text._ZN18HeapCorruptionInfo10initBufferEv
                0x00000000       0x34
 .text._ZN18HeapCorruptionInfo10initBufferEv
                0x00000000       0x34 errorHandling.o
                0x00000000                _ZN18HeapCorruptionInfo10initBufferEv

.fini           0x00000034        0xc
 *(.fini)
                0x00000040                        . = ALIGN (0x20)
 *fill*         0x00000034        0xc 00000000
                [!provide]                        PROVIDE (__etext = .)
                [!provide]                        PROVIDE (_etext = .)
                [!provide]                        PROVIDE (etext = .)

.rodata         0x00000040     0xca79
 *(.rodata)
 *(.rodata.*)
 .rodata._ZZN3mod3owr3OWR4InitEvENUliE_4_FUNEi
                0x00000040       0x10 OWR.o
 .rodata._ZZN3mod3owr3OWR4InitEvENUlPKcE_4_FUNES3_.str1.1
                0x00000050      0x48d OWR.o
 .rodata._ZZN3mod3owr3OWR4InitEvENUlN4ttyd6seqdrv8SeqIndexEPKcS6_E_4_FUNES4_S6_S6_.str1.1
                0x000004dd        0x7 OWR.o
 .rodata._ZN3mod3owr3OWR14OnModuleLoadedEP12OSModuleInfo
                0x000004e4       0x70 OWR.o
 .rodata._ZL8GSWF_ARR
                0x00000554       0x20 OWR.o
 .rodata.cst4   0x00000574        0x4 OWR.o
 .rodata._ZN3mod13mario_set_posMUlPKcE_4_FUNES2_.str1.1
                0x00000578        0x9 con_mario.o
 .rodata._ZN3modL13mod_if_func24Ev.str1.1
                0x00000581       0x20 con_mario.o
 .rodata._GLOBAL__sub_I__ZN3mod13mario_set_posE.str1.1
                0x000005a1       0x1d con_mario.o
 .rodata._ZN3modL13mod_if_func51Ev.str1.1
                0x000005be       0x5b con_perf.o
 .rodata._ZN3mod15perf_fake_spikeMUlPKcE_4_FUNES2_.str1.1
                0x00000619        0x3 con_perf.o
 .rodata._GLOBAL__sub_I__ZN3mod15perf_fake_spikeE.str1.1
                0x0000061c       0x1f con_perf.o
 *fill*         0x0000063b        0x1 
 .rodata.cst4   0x0000063c        0xc con_perf.o
 .rodata._ZN3mod14seq_change_mapMUlPKcE_4_FUNES2_.str1.1
                0x00000648       0x1e con_seq.o
 .rodata._GLOBAL__sub_I__ZN3mod13seq_logo_skipE.str1.1
                0x00000666       0x1d con_seq.o
 .rodata._ZN3mod13ConsoleSystem8logColorEPKcN2gc6color4E.str1.1
                0x00000683       0x80 console.o
 .rodata._ZN3mod7CC_findEPKc.str1.1
                0x00000703       0x1d console.o
 .rodata._ZN3mod13ConsoleSystem14processCommandEPKc.str1.1
                0x00000720       0x28 console.o
 .rodata._ZN3mod13ConsoleSystem14updateUsbGeckoEv.str1.1
                0x00000748       0x74 console.o
 .rodata._ZN3mod13ConsoleSystem4dispEv.str1.1
                0x000007bc       0x16 console.o
 .rodata._GLOBAL__sub_I__ZN3mod10ConCommand6sFirstE.str1.1
                0x000007d2       0x7f console.o
 .rodata._ZZN3mod13ConsoleSystem4dispEvE12kPromptColor
                0x00000851        0x4 console.o
 *fill*         0x00000855        0x3 
 .rodata.cst4   0x00000858        0x8 console.o
 .rodata._ZL21initStandardHeapErrorPKvib.str1.1
                0x00000860       0x30 errorHandling.o
 .rodata._ZL18initSmartHeapErrorPKvb.str1.1
                0x00000890       0x23 errorHandling.o
 .rodata._ZN21NpcNameToPtrErrorInfo16drawErrorMessageEv.str1.1
                0x000008b3       0x1f errorHandling.o
 .rodata._ZN21AnimPoseMainErrorInfo16drawErrorMessageEv.str1.1
                0x000008d2       0x1f errorHandling.o
 .rodata._Z10checkHeapsv.str1.1
                0x000008f1       0x21 errorHandling.o
 *fill*         0x00000912        0x2 
 .rodata.cst4   0x00000914       0x10 errorHandling.o
 .rodata._ZL14fixMapProblemsv.str1.1
                0x00000924       0x1e gamePatches.o
 .rodata.cPreventDiaryTextboxOptionSelection.str1.1
                0x00000942       0x19 gamePatches.o
 *fill*         0x0000095b        0x1 
 .rodata.cst4   0x0000095c        0x4 mod.o
 .rodata.cst4   0x00000960        0x8 util.o
 .rodata._ZL20aji_17_init_evt_hook
                0x00000968       0x10 aji.o
 .rodata._ZL19aji_17_init_evt_evt
                0x00000978       0x4c aji.o
 .rodata._ZL20aji_10_init_evt_hook
                0x000009c4       0x10 aji.o
 .rodata.str1.1
                0x000009d4       0x46 aji.o
 *fill*         0x00000a1a        0x2 
 .rodata._ZL19aji_10_init_evt_evt
                0x00000a1c      0x288 aji.o
 .rodata._ZL18teshita3_init_hook
                0x00000ca4       0x10 aji.o
 .rodata._ZL17teshita3_init_evt
                0x00000cb4       0xc0 aji.o
 .rodata._ZL18teshita2_init_hook
                0x00000d74       0x10 aji.o
 .rodata._ZL17teshita2_init_evt
                0x00000d84       0xc0 aji.o
 .rodata._ZL20peach_evt_ele_2_hook
                0x00000e44       0x24 aji.o
 .rodata._ZL19peach_evt_ele_2_evt
                0x00000e68       0x6c aji.o
 .rodata._ZL20aji_16_init_evt_hook
                0x00000ed4       0x10 aji.o
 .rodata._ZL19aji_16_init_evt_evt
                0x00000ee4       0x5c aji.o
 .rodata._ZL21aji_10_init_evt_hook2
                0x00000f40       0x10 aji.o
 .rodata._ZL20aji_10_init_evt_evt2
                0x00000f50       0x5c aji.o
 .rodata._ZL20aji_00_init_evt_hook
                0x00000fac       0x10 aji.o
 .rodata._ZL19aji_00_init_evt_evt
                0x00000fbc       0x5c aji.o
 .rodata._ZL7npcEnt4
                0x00001018        0xb aji.o
 *fill*         0x00001023        0x1 
 .rodata._ZL7npcEnt3
                0x00001024       0x13 aji.o
 *fill*         0x00001037        0x1 
 .rodata._ZL4npc4
                0x00001038       0x13 aji.o
 *fill*         0x0000104b        0x1 
 .rodata._ZL4npc3
                0x0000104c        0x7 aji.o
 *fill*         0x00001053        0x1 
 .rodata._ZL4npc2
                0x00001054        0xf aji.o
 *fill*         0x00001063        0x1 
 .rodata._ZL4npc1
                0x00001064        0x7 aji.o
 .rodata.str1.1
                0x0000106b       0x12 dou.o
 *fill*         0x0000107d        0x3 
 .rodata._ZL20peramajin_after_item
                0x00001080       0x9c dou.o
 .rodata._ZL12evt_elv_hook
                0x0000111c       0x28 eki.o
 .rodata.str1.1
                0x00001144       0x2f eki.o
 *fill*         0x00001173        0x1 
 .rodata._ZL11evt_elv_evt
                0x00001174      0x104 eki.o
 .rodata.str1.1
                0x00001278        0xb gon.o
 *fill*         0x00001283        0x1 
 .rodata._ZL19gon_evt_majin2_item
                0x00001284       0xd0 gon.o
 .rodata._ZL21gor_00_init_evt2_hook
                0x00001354       0x10 gor_00.o
 .rodata._ZL21gor_00_init_evt1_hook
                0x00001364       0x10 gor_00.o
 .rodata.str1.1
                0x00001374      0x25e gor_00.o
 *fill*         0x000015d2        0x2 
 .rodata._ZL16gor_00_init_evt1
                0x000015d4      0x1f8 gor_00.o
 .rodata._ZL18korutesu_init_hook
                0x000017cc       0x10 gor_00.o
 .rodata._ZL17korutesu_init_evt
                0x000017dc       0x58 gor_00.o
 .rodata._ZL20suifubomb_b_talk_evt
                0x00001834       0xd4 gor_00.o
 .rodata._ZL21suifubomb_b_regl_hook
                0x00001908       0x10 gor_00.o
 .rodata._ZL20suifubomb_b_regl_evt
                0x00001918      0x120 gor_00.o
 .rodata._ZL20suifubomb_a_talk_evt
                0x00001a38      0x150 gor_00.o
 .rodata._ZL21suifubomb_a_regl_hook
                0x00001b88       0x10 gor_00.o
 .rodata._ZL20suifubomb_a_regl_evt
                0x00001b98       0x90 gor_00.o
 .rodata._ZL21suifubomb_a_init_hook
                0x00001c28       0x10 gor_00.o
 .rodata._ZL20suifubomb_a_init_evt
                0x00001c38       0xc8 gor_00.o
 .rodata._ZL16suifu_b_talk_evt
                0x00001d00       0xd4 gor_00.o
 .rodata._ZL20luigi_npcEnt_00_hook
                0x00001dd4       0x10 gor_00.o
 .rodata._ZL19luigi_npcEnt_00_evt
                0x00001de4       0x80 gor_00.o
 .rodata._ZL18luigi_init_00_hook
                0x00001e64       0x10 gor_00.o
 .rodata._ZL17luigi_init_00_evt
                0x00001e74       0x50 gor_00.o
 .rodata._ZL16mokorim_init_evt
                0x00001ec4       0x30 gor_00.o
 .rodata._ZL17suifu_b_init_hook
                0x00001ef4       0x10 gor_00.o
 .rodata._ZL16suifu_b_init_evt
                0x00001f04       0xc8 gor_00.o
 .rodata._ZL17suifu_a_regl_hook
                0x00001fcc       0x10 gor_00.o
 .rodata._ZL16suifu_a_regl_evt
                0x00001fdc       0x80 gor_00.o
 .rodata._ZL16suifu_a_talk_evt
                0x0000205c       0xd4 gor_00.o
 .rodata._ZL19odoodo_ani_talk_evt
                0x00002130       0x20 gor_00.o
 .rodata._ZL15odoodo_talk_evt
                0x00002150      0x128 gor_00.o
 .rodata._ZL16odoodo_regl_hook
                0x00002278       0x10 gor_00.o
 .rodata._ZL15odoodo_regl_evt
                0x00002288       0x94 gor_00.o
 .rodata._ZL16odoodo_init_hook
                0x0000231c       0x10 gor_00.o
 .rodata._ZL15odoodo_init_evt
                0x0000232c      0x114 gor_00.o
 .rodata._ZL17garawaru_talk_evt
                0x00002440       0xb8 gor_00.o
 .rodata._ZL18garawaru_regl_hook
                0x000024f8       0x10 gor_00.o
 .rodata._ZL17garawaru_regl_evt
                0x00002508      0x120 gor_00.o
 .rodata._ZL18garawaru_init_hook
                0x00002628       0x10 gor_00.o
 .rodata._ZL17garawaru_init_evt
                0x00002638      0x140 gor_00.o
 .rodata._ZL7npcEnt2
                0x00002778        0x9 gor_00.o
 *fill*         0x00002781        0x3 
 .rodata._ZL6npcEnt
                0x00002784        0x9 gor_00.o
 .rodata.str1.1
                0x0000278d       0x9f gor_01.o
 .rodata._ZL15bomhei_talk_evt
                0x0000282c       0x20 gor_01.o
 .rodata._ZL16chusan2_talk_evt
                0x0000284c       0x20 gor_01.o
 .rodata._ZL16chusan1_talk_evt
                0x0000286c       0x20 gor_01.o
 .rodata._ZL16kuribo3_talk_evt
                0x0000288c       0x20 gor_01.o
 .rodata._ZL16kuribo2_talk_evt
                0x000028ac       0x20 gor_01.o
 .rodata._ZL16kuribo1_talk_evt
                0x000028cc       0x20 gor_01.o
 .rodata._ZL15roten2_talk_evt
                0x000028ec       0x20 gor_01.o
 .rodata._ZL15roten1_talk_evt
                0x0000290c       0x20 gor_01.o
 .rodata._ZL19shoptender_talk_evt
                0x0000292c       0x20 gor_01.o
 .rodata._ZL15kinoji_talk_evt
                0x0000294c       0x20 gor_01.o
 .rodata._ZL19bottakuru_init_hook
                0x0000296c       0x10 gor_01.o
 .rodata._ZL18bottakuru_init_evt
                0x0000297c       0x70 gor_01.o
 .rodata._ZL18marco_init_01_hook
                0x000029ec       0x10 gor_01.o
 .rodata._ZL17marco_init_01_evt
                0x000029fc       0x40 gor_01.o
 .rodata._ZL20badgemaster_talk_evt
                0x00002a3c       0x20 gor_01.o
 .rodata._ZL15luigi_init_hook
                0x00002a5c       0x10 gor_02.o
 .rodata.str1.1
                0x00002a6c      0x22d gor_02.o
 *fill*         0x00002c99        0x3 
 .rodata._ZL14luigi_init_evt
                0x00002c9c       0x4c gor_02.o
 .rodata._ZL20tozokudan2_talk_hook
                0x00002ce8        0xc gor_02.o
 .rodata._ZL19tozokudan2_talk_evt
                0x00002cf4      0x160 gor_02.o
 .rodata._ZL20tozokudan1_talk_hook
                0x00002e54        0xc gor_02.o
 .rodata._ZL19tozokudan1_talk_evt
                0x00002e60      0x160 gor_02.o
 .rodata._ZL20kurihakase_init_hook
                0x00002fc0       0x10 gor_02.o
 .rodata._ZL19kurihakase_init_evt
                0x00002fd0      0x294 gor_02.o
 .rodata._ZL19kurihakase_talk_evt
                0x00003264      0x2cc gor_02.o
 .rodata._ZL22evt_door_02_open_hook2
                0x00003530       0x10 gor_02.o
 .rodata._ZL21evt_door_02_open_evt2
                0x00003540       0xc4 gor_02.o
 .rodata._ZL21evt_door_02_open_hook
                0x00003604       0x10 gor_02.o
 .rodata._ZL20evt_door_02_open_evt
                0x00003614      0x184 gor_02.o
 .rodata._ZL21gor_02_init_evt2_hook
                0x00003798       0x10 gor_02.o
 .rodata._ZL16gor_02_init_evt2
                0x000037a8       0xcc gor_02.o
 .rodata._ZL21gor_02_init_evt1_hook
                0x00003874       0x10 gor_02.o
 .rodata._ZL16gor_02_init_evt1
                0x00003884      0x138 gor_02.o
 .rodata._ZL16borodo2_talk_evt
                0x000039bc       0x20 gor_02.o
 .rodata._ZL16borodo1_talk_evt
                0x000039dc       0x20 gor_02.o
 .rodata._ZL15roten3_talk_evt
                0x000039fc       0x20 gor_02.o
 .rodata._ZL16chusan3_talk_evt
                0x00003a1c       0x20 gor_02.o
 .rodata._ZL16kuribo4_talk_evt
                0x00003a3c       0x20 gor_02.o
 .rodata._ZL20gor_03_init_evt_hook
                0x00003a5c       0x10 gor_03.o
 .rodata.str1.1
                0x00003a6c      0x100 gor_03.o
 .rodata._ZL19gor_03_init_evt_evt
                0x00003b6c      0x160 gor_03.o
 .rodata._ZL16maffia3_talk_evt
                0x00003ccc       0x20 gor_03.o
 .rodata._ZL16maffia2_talk_evt
                0x00003cec      0x140 gor_03.o
 .rodata._ZL16maffia1_talk_evt
                0x00003e2c      0x140 gor_03.o
 .rodata._ZL26maffiaboss_casino_talk_evt
                0x00003f6c       0x20 gor_03.o
 .rodata._ZL26maffiaboss_talk_common_evt
                0x00003f8c      0x120 gor_03.o
 .rodata._Z17ApplyGor04Patchesv.str1.1
                0x000040ac       0x12 gor_04.o
 .rodata.str1.1
                0x000040be        0x7 gor_misc.o
 *fill*         0x000040c5        0x3 
 .rodata._ZL9party_evt
                0x000040c8       0x9c gor_misc.o
 .rodata._ZL9goombella
                0x00004164        0x9 gor_misc.o
 .rodata.str1.1
                0x0000416d       0x18 gra.o
 *fill*         0x00004185        0x3 
 .rodata._ZL17evt_machibuse_evt
                0x00004188       0x4c gra.o
 .rodata._ZL8doopliss
                0x000041d4        0xb gra.o
 *fill*         0x000041df        0x1 
 .rodata._ZL11stones_hook
                0x000041e0       0x10 hei.o
 .rodata.str1.1
                0x000041f0       0x21 hei.o
 *fill*         0x00004211        0x3 
 .rodata._ZL10stones_evt
                0x00004214       0xd8 hei.o
 .rodata._ZL13hei_party_evt
                0x000042ec       0x80 hei.o
 .rodata._ZL5koops
                0x0000436c        0xb hei.o
 *fill*         0x00004377        0x1 
 .rodata._ZL20hom_00_init_evt_hook
                0x00004378       0x10 hom.o
 .rodata.str1.1
                0x00004388       0x1f hom.o
 *fill*         0x000043a7        0x1 
 .rodata._ZL19hom_00_init_evt_evt
                0x000043a8       0x94 hom.o
 .rodata._ZL20jin_08_init_evt_hook
                0x0000443c        0x8 jin.o
 .rodata._ZL19jin_08_init_evt_evt
                0x00004444       0x1c jin.o
 .rodata._ZL18tenkyugi_evt2_hook
                0x00004460       0x10 las.o
 .rodata.str1.1
                0x00004470       0x68 las.o
 .rodata._ZL17tenkyugi_evt2_evt
                0x000044d8       0x2c las.o
 .rodata._ZL20las_10_init_evt_hook
                0x00004504       0x10 las.o
 .rodata._ZL19las_10_init_evt_evt
                0x00004514       0x40 las.o
 .rodata._ZL13stairs_revert
                0x00004554      0x104 las.o
 .rodata._Z25ApplyItemDataTablePatchesv.str1.1
                0x00004658       0xc2 main.o
 *fill*         0x0000471a        0x2 
 .rodata._ZL17main_buy_evt_hook
                0x0000471c       0x10 main.o
 .rodata._ZL16main_buy_evt_evt
                0x0000472c       0x50 main.o
 .rodata._ZL20mri_09_init_evt_hook
                0x0000477c       0x10 mri.o
 .rodata.str1.1
                0x0000478c      0x181 mri.o
 *fill*         0x0000490d        0x3 
 .rodata._ZL19mri_09_init_evt_evt
                0x00004910      0x14c mri.o
 .rodata._ZL20mri_04_init_evt_hook
                0x00004a5c       0x10 mri.o
 .rodata._ZL19mri_04_init_evt_evt
                0x00004a6c       0x30 mri.o
 .rodata._ZL16bero_custom_hook
                0x00004a9c       0x10 mri.o
 .rodata._ZL15bero_custom_evt
                0x00004aac       0x44 mri.o
 .rodata._ZL21mri_01_init_evt_hook2
                0x00004af0       0x10 mri.o
 .rodata._ZL19mri_01_init_evt_evt
                0x00004b00       0x30 mri.o
 .rodata._ZL18puniinfo_talk_hook
                0x00004b30       0x10 mri.o
 .rodata._ZL20mri_03_init_evt_hook
                0x00004b40       0x14 mri.o
 .rodata._ZL22mri_03_init_evt_switch
                0x00004b54       0x9c mri.o
 .rodata._ZL20mri_01_init_evt_hook
                0x00004bf0       0x14 mri.o
 .rodata._ZL22mri_01_init_evt_switch
                0x00004c04       0xb0 mri.o
 .rodata._ZL23mri_sister_init_01_hook
                0x00004cb4       0x10 mri.o
 .rodata._ZL22mri_sister_init_01_evt
                0x00004cc4       0xa8 mri.o
 .rodata._ZL16puni_2_init_hook
                0x00004d6c       0x10 mri.o
 .rodata._ZL15puni_2_init_evt
                0x00004d7c       0x78 mri.o
 .rodata._ZL16puni_1_talk_hook
                0x00004df4       0x10 mri.o
 .rodata._ZL15puni_1_talk_evt
                0x00004e04       0xb0 mri.o
 .rodata._ZL16puni_1_init_hook
                0x00004eb4       0x10 mri.o
 .rodata._ZL15puni_1_init_evt
                0x00004ec4       0x78 mri.o
 .rodata._ZL15elder_talk_hook
                0x00004f3c       0x10 mri.o
 .rodata._ZL14elder_talk_evt
                0x00004f4c       0xb8 mri.o
 .rodata._ZL22mri_elder_init_01_hook
                0x00005004       0x10 mri.o
 .rodata._ZL21mri_elder_init_01_evt
                0x00005014       0xcc mri.o
 .rodata._ZL22mri_rival_init_01_hook
                0x000050e0       0x10 mri.o
 .rodata._ZL21mri_rival_init_01_evt
                0x000050f0       0xb8 mri.o
 .rodata._ZL18guide_init_01_hook
                0x000051a8       0x10 mri.o
 .rodata._ZL17guide_init_01_evt
                0x000051b8       0x8c mri.o
 .rodata._ZL15guide_talk_hook
                0x00005244       0x10 mri.o
 .rodata._ZL14guide_talk_evt
                0x00005254       0x98 mri.o
 .rodata._ZL18guide_init_00_hook
                0x000052ec       0x10 mri.o
 .rodata._ZL17guide_init_00_evt
                0x000052fc      0x150 mri.o
 .rodata._ZL14muj_party_hook
                0x0000544c       0x10 muj.o
 .rodata.str1.1
                0x0000545c      0x38f muj.o
 *fill*         0x000057eb        0x1 
 .rodata._ZL13muj_party_evt
                0x000057ec       0xac muj.o
 .rodata._ZL22peton_init_muj_01_hook
                0x00005898       0x10 muj.o
 .rodata._ZL21peton_init_muj_01_evt
                0x000058a8       0x54 muj.o
 .rodata._ZL21mony_init_muj_01_hook
                0x000058fc       0x10 muj.o
 .rodata._ZL20mony_init_muj_01_evt
                0x0000590c       0x54 muj.o
 .rodata._ZL17koburon_dead_hook
                0x00005960       0x10 muj.o
 .rodata._ZL16koburon_dead_evt
                0x00005970      0x3bc muj.o
 .rodata._ZL20muj_01_init_evt_hook
                0x00005d2c       0x10 muj.o
 .rodata._ZL19muj_01_init_evt_evt
                0x00005d3c       0x50 muj.o
 .rodata._ZL21borosuifu_b_talk_hook
                0x00005d8c       0x10 muj.o
 .rodata._ZL20borosuifu_b_talk_evt
                0x00005d9c       0xf8 muj.o
 .rodata._ZL21borosuifu_a_talk_hook
                0x00005e94       0x10 muj.o
 .rodata._ZL20borosuifu_a_talk_evt
                0x00005ea4       0xf8 muj.o
 .rodata._ZL24suifu_d_talk_muj_01_hook
                0x00005f9c       0x10 muj.o
 .rodata._ZL23suifu_d_talk_muj_01_evt
                0x00005fac       0xf8 muj.o
 .rodata._ZL20suifu_bomb_talk_hook
                0x000060a4       0x10 muj.o
 .rodata._ZL19suifu_bomb_talk_evt
                0x000060b4       0xf4 muj.o
 .rodata._ZL20suifu_bomb_init_hook
                0x000061a8       0x10 muj.o
 .rodata._ZL19suifu_bomb_init_evt
                0x000061b8       0x30 muj.o
 .rodata._ZL24suifu_a_talk_muj_01_hook
                0x000061e8       0x10 muj.o
 .rodata._ZL23suifu_a_talk_muj_01_evt
                0x000061f8       0xf4 muj.o
 .rodata._ZL24suifu_a_init_muj_01_hook
                0x000062ec       0x10 muj.o
 .rodata._ZL23suifu_a_init_muj_01_evt
                0x000062fc       0x40 muj.o
 .rodata._ZL23odoodo_init_muj_01_hook
                0x0000633c       0x10 muj.o
 .rodata._ZL22odoodo_init_muj_01_evt
                0x0000634c       0x40 muj.o
 .rodata._ZL23megane_init_muj_01_hook
                0x0000638c       0x10 muj.o
 .rodata._ZL22megane_init_muj_01_evt
                0x0000639c       0x40 muj.o
 .rodata._ZL22marco_init_muj_01_hook
                0x000063dc       0x10 muj.o
 .rodata._ZL21marco_init_muj_01_evt
                0x000063ec       0x9c muj.o
 .rodata._ZL25garawaru_talk_muj_01_hook
                0x00006488       0x10 muj.o
 .rodata._ZL24garawaru_talk_muj_01_evt
                0x00006498      0x4b4 muj.o
 .rodata._ZL25garawaru_init_muj_01_hook
                0x0000694c       0x10 muj.o
 .rodata._ZL24garawaru_init_muj_01_evt
                0x0000695c       0xd8 muj.o
 .rodata._ZL20muj_00_init_evt_hook
                0x00006a34       0x44 muj.o
 .rodata._ZL21muj_00_init_evt_evt_2
                0x00006a78       0x70 muj.o
 .rodata._ZL19muj_00_init_evt_evt
                0x00006ae8       0x40 muj.o
 .rodata._ZL22peton_talk_muj_00_hook
                0x00006b28       0x10 muj.o
 .rodata._ZL21peton_talk_muj_00_evt
                0x00006b38       0x8c muj.o
 .rodata._ZL21mony_talk_muj_00_hook
                0x00006bc4       0x10 muj.o
 .rodata._ZL20mony_talk_muj_00_evt
                0x00006bd4       0x8c muj.o
 .rodata._ZL17nokorin_talk_hook
                0x00006c60       0x10 nok.o
 .rodata.str1.1
                0x00006c70      0x4b1 nok.o
 *fill*         0x00007121        0x3 
 .rodata._ZL16nokorin_talk_evt
                0x00007124      0x2f4 nok.o
 .rodata._ZL19boss_noko_talk_hook
                0x00007418       0x10 nok.o
 .rodata._ZL18boss_noko_talk_evt
                0x00007428      0x164 nok.o
 .rodata._ZL20nokonoko_K_talk_hook
                0x0000758c       0x10 nok.o
 .rodata._ZL19nokonoko_K_talk_evt
                0x0000759c       0xd4 nok.o
 .rodata._ZL18nokopapa_talk_hook
                0x00007670       0x10 nok.o
 .rodata._ZL17nokopapa_talk_evt
                0x00007680      0x128 nok.o
 .rodata._ZL16monban_talk_hook
                0x000077a8       0x10 nok.o
 .rodata._ZL15monban_talk_evt
                0x000077b8      0x11c nok.o
 .rodata._ZL20nokonoko_I_talk_hook
                0x000078d4       0x10 nok.o
 .rodata._ZL19nokonoko_I_talk_evt
                0x000078e4       0xd4 nok.o
 .rodata._ZL20nokonoko_H_talk_hook
                0x000079b8       0x10 nok.o
 .rodata._ZL19nokonoko_H_talk_evt
                0x000079c8       0xfc nok.o
 .rodata._ZL20nokonoko_G_talk_hook
                0x00007ac4       0x10 nok.o
 .rodata._ZL19nokonoko_G_talk_evt
                0x00007ad4       0xd4 nok.o
 .rodata._ZL15talk_white_hook
                0x00007ba8       0x10 nok.o
 .rodata._ZL14talk_white_evt
                0x00007bb8       0xa4 nok.o
 .rodata._ZL15init_white_hook
                0x00007c5c       0x10 nok.o
 .rodata._ZL14init_white_evt
                0x00007c6c       0x44 nok.o
 .rodata._ZL20nokonoko_F_talk_hook
                0x00007cb0       0x10 nok.o
 .rodata._ZL19nokonoko_F_talk_evt
                0x00007cc0       0xd4 nok.o
 .rodata._ZL20nokonoko_D_talk_hook
                0x00007d94       0x10 nok.o
 .rodata._ZL19nokonoko_D_talk_evt
                0x00007da4       0xfc nok.o
 .rodata._ZL20nokonoko_C_talk_hook
                0x00007ea0       0x10 nok.o
 .rodata._ZL19nokonoko_C_talk_evt
                0x00007eb0       0xd4 nok.o
 .rodata._ZL20nokonoko_B_talk_hook
                0x00007f84       0x10 nok.o
 .rodata._ZL19nokonoko_B_talk_evt
                0x00007f94       0xd4 nok.o
 .rodata._ZL20nokonoko_A_talk_hook
                0x00008068       0x10 nok.o
 .rodata._ZL19nokonoko_A_talk_evt
                0x00008078      0x10c nok.o
 .rodata._ZL16pik_00_init_hook
                0x00008184       0x10 pik.o
 .rodata.str1.1
                0x00008194      0x166 pik.o
 *fill*         0x000082fa        0x2 
 .rodata._ZL19pik_00_init_evt_evt
                0x000082fc       0x58 pik.o
 .rodata._ZL31pik_talk_madam_ring_return_hook
                0x00008354       0x10 pik.o
 .rodata._ZL20talk_madam_ring_item
                0x00008364       0xb8 pik.o
 .rodata._ZL14evt_daiza_hook
                0x0000841c       0x1c pik.o
 .rodata._ZL13evt_daiza_evt
                0x00008438       0x5c pik.o
 .rodata._ZL18pik_evt_powan_hook
                0x00008494       0x28 pik.o
 .rodata._ZL17pik_evt_powan_evt
                0x000084bc       0x94 pik.o
 .rodata._ZL16takun6_talk_hook
                0x00008550       0x10 pik.o
 .rodata._ZL15takun6_talk_evt
                0x00008560       0x78 pik.o
 .rodata._ZL16takun5_talk_hook
                0x000085d8       0x10 pik.o
 .rodata._ZL15takun5_talk_evt
                0x000085e8       0x78 pik.o
 .rodata._ZL16takun4_talk_hook
                0x00008660       0x10 pik.o
 .rodata._ZL15takun4_talk_evt
                0x00008670       0xb4 pik.o
 .rodata._ZL18miyageya_talk_hook
                0x00008724       0x28 pik.o
 .rodata._ZL17miyageya_talk_evt
                0x0000874c      0x114 pik.o
 .rodata._ZL6madam2
                0x00008860        0x7 pik.o
 *fill*         0x00008867        0x1 
 .rodata._ZL28talk_madam_ring_return_hook2
                0x00008868       0x10 rsh.o
 .rodata.str1.1
                0x00008878      0x1b8 rsh.o
 .rodata._ZL20talk_madam_ring_item
                0x00008a30       0xbc rsh.o
 .rodata._ZL15talk_madam_hook
                0x00008aec       0x10 rsh.o
 .rodata._ZL28talk_madam_ring_return_hook1
                0x00008afc       0x10 rsh.o
 .rodata._ZL26talk_madam_ring_return_evt
                0x00008b0c       0x70 rsh.o
 .rodata._ZL16init_konari_hook
                0x00008b7c       0x10 rsh.o
 .rodata._ZL14init_papa_hook
                0x00008b8c       0x10 rsh.o
 .rodata._ZL15init_konari_evt
                0x00008b9c       0x9c rsh.o
 .rodata._ZL15init_powan_hook
                0x00008c38       0x10 rsh.o
 .rodata._ZL14init_powan_evt
                0x00008c48       0xec rsh.o
 .rodata._ZL19talk_waitless_hook2
                0x00008d34       0x10 rsh.o
 .rodata._ZL19talk_waitless_hook1
                0x00008d44       0x10 rsh.o
 .rodata._ZL17talk_waitless_evt
                0x00008d54       0x78 rsh.o
 .rodata._ZL21rsh_01_init_evt_hook2
                0x00008dcc       0x10 rsh.o
 .rodata._ZL19rsh_01_init_evt_evt
                0x00008ddc       0xd8 rsh.o
 .rodata._ZL20rsh_00_init_evt_hook
                0x00008eb4       0x10 rsh.o
 .rodata._ZL19rsh_00_init_evt_evt
                0x00008ec4       0xb8 rsh.o
 .rodata._ZL20rsh_04_init_evt_hook
                0x00008f7c       0x10 rsh.o
 .rodata._ZL20rsh_03_init_evt_hook
                0x00008f8c       0x10 rsh.o
 .rodata._ZL20rsh_02_init_evt_hook
                0x00008f9c       0x10 rsh.o
 .rodata._ZL21rsh_01_init_evt_hook1
                0x00008fac       0x10 rsh.o
 .rodata._ZL19rsh_04_init_evt_evt
                0x00008fbc       0xc0 rsh.o
 .rodata._ZL26rsh_03_init_evt_music_hook
                0x0000907c       0x10 rsh.o
 .rodata._ZL21rsh_03_init_evt_music
                0x0000908c      0x1f8 rsh.o
 .rodata._ZL26rsh_02_init_evt_music_hook
                0x00009284       0x10 rsh.o
 .rodata._ZL21rsh_02_init_evt_music
                0x00009294      0x270 rsh.o
 .rodata._ZL26rsh_01_init_evt_music_hook
                0x00009504       0x10 rsh.o
 .rodata._ZL21rsh_01_init_evt_music
                0x00009514      0x1f8 rsh.o
 .rodata._ZL26rsh_00_init_evt_music_hook
                0x0000970c       0x10 rsh.o
 .rodata._ZL21rsh_00_init_evt_music
                0x0000971c      0x1f8 rsh.o
 .rodata._ZL26rsh_04_init_evt_music_hook
                0x00009914       0x10 rsh.o
 .rodata._ZL21rsh_04_init_evt_music
                0x00009924      0x1f8 rsh.o
 .rodata._ZL20rsh_06_init_evt_hook
                0x00009b1c       0x10 rsh.o
 .rodata._ZL19rsh_06_init_evt_evt
                0x00009b2c      0x178 rsh.o
 .rodata._ZL6madam1
                0x00009ca4        0x7 rsh.o
 .rodata.str1.1
                0x00009cab      0x20a tik.o
 *fill*         0x00009eb5        0x3 
 .rodata._ZL19tik_evt_majin2_item
                0x00009eb8       0xa8 tik.o
 .rodata._ZL21tik_05_init_evt_hook2
                0x00009f60       0x10 tik.o
 .rodata._ZL20tik_05_init_evt_evt2
                0x00009f70       0xa4 tik.o
 .rodata._ZL20tik_05_init_evt_hook
                0x0000a014       0x10 tik.o
 .rodata._ZL19tik_05_init_evt_evt
                0x0000a024       0x48 tik.o
 .rodata._ZL24tik_kurihakase_init_hook
                0x0000a06c       0x10 tik.o
 .rodata._ZL23tik_kurihakase_init_evt
                0x0000a07c       0x8c tik.o
 .rodata._ZL18master_2_talk_hook
                0x0000a108       0x10 tik.o
 .rodata._ZL17master_2_talk_evt
                0x0000a118      0x180 tik.o
 .rodata._ZL17borodo4_talk_hook
                0x0000a298       0x10 tik.o
 .rodata._ZL16borodo4_talk_evt
                0x0000a2a8      0x180 tik.o
 .rodata._ZL17borodo3_talk_hook
                0x0000a428       0x10 tik.o
 .rodata._ZL16borodo3_talk_evt
                0x0000a438      0x180 tik.o
 .rodata._ZL17chusan4_talk_hook
                0x0000a5b8       0x10 tik.o
 .rodata._ZL16chusan4_talk_evt
                0x0000a5c8      0x180 tik.o
 .rodata._ZL17kuribo5_talk_hook
                0x0000a748       0x10 tik.o
 .rodata._ZL16kuribo5_talk_evt
                0x0000a758      0x180 tik.o
 .rodata._ZL16hotdog_item_hook
                0x0000a8d8       0x10 tou.o
 .rodata.str1.1
                0x0000a8e8       0x76 tou.o
 *fill*         0x0000a95e        0x2 
 .rodata._ZL11hotdog_item
                0x0000a960       0xe8 tou.o
 .rodata._ZL18tou_party_evt_hook
                0x0000aa48       0x10 tou.o
 .rodata._ZL13tou_party_evt
                0x0000aa58       0x5c tou.o
 .rodata._ZL20tou_04_init_evt_hook
                0x0000aab4       0x10 tou.o
 .rodata._ZL19tou_04_init_evt_evt
                0x0000aac4       0x78 tou.o
 .rodata._ZL14yoshi_gswf_evt
                0x0000ab3c       0x14 tou.o
 .rodata._ZL15jolene_egg_hook
                0x0000ab50       0x10 tou.o
 .rodata._ZL14jolene_egg_evt
                0x0000ab60      0x220 tou.o
 .rodata._ZL16talk_sakaba_hook
                0x0000ad80       0x10 tou.o
 .rodata._ZL15talk_sakaba_evt
                0x0000ad90       0x84 tou.o
 .rodata._ZL6jolene
                0x0000ae14        0xb tou.o
 .rodata.str1.1
                0x0000ae1f      0x49e usu.o
 *fill*         0x0000b2bd        0x3 
 .rodata._ZL19usu_evt_majin2_item
                0x0000b2c0       0xa8 usu.o
 .rodata._ZL18usu_party_evt_hook
                0x0000b368       0x10 usu.o
 .rodata._ZL13usu_party_evt
                0x0000b378       0xc8 usu.o
 .rodata._ZL23village_chief_init_hook
                0x0000b440       0x10 usu.o
 .rodata._ZL22village_chief_init_evt
                0x0000b450       0x58 usu.o
 .rodata._ZL27village_chief_pig_init_hook
                0x0000b4a8       0x10 usu.o
 .rodata._ZL26village_chief_pig_init_evt
                0x0000b4b8       0x70 usu.o
 .rodata._ZL23village_chief_talk_hook
                0x0000b528       0x10 usu.o
 .rodata._ZL22village_chief_talk_evt
                0x0000b538      0x1c8 usu.o
 .rodata._ZL20gatekeeper_init_hook
                0x0000b700       0x10 usu.o
 .rodata._ZL19gatekeeper_init_evt
                0x0000b710       0x8c usu.o
 .rodata._ZL24gatekeeper_pig_init_hook
                0x0000b79c       0x10 usu.o
 .rodata._ZL23gatekeeper_pig_init_evt
                0x0000b7ac       0x78 usu.o
 .rodata._ZL20gatekeeper_talk_hook
                0x0000b824       0x10 usu.o
 .rodata._ZL19gatekeeper_talk_evt
                0x0000b834      0x114 usu.o
 .rodata._ZL20usu_00_init_evt_hook
                0x0000b948       0x14 usu.o
 .rodata._ZL19usu_00_init_evt_evt
                0x0000b95c       0x5c usu.o
 .rodata._ZL20shop_woman_talk_hook
                0x0000b9b8       0x10 usu.o
 .rodata._ZL19shop_woman_talk_evt
                0x0000b9c8       0x78 usu.o
 .rodata._ZL18shop_man_talk_hook
                0x0000ba40       0x10 usu.o
 .rodata._ZL17shop_man_talk_evt
                0x0000ba50       0x78 usu.o
 .rodata._ZL19villagerJ_talk_hook
                0x0000bac8       0x10 usu.o
 .rodata._ZL18villagerJ_talk_evt
                0x0000bad8      0x104 usu.o
 .rodata._ZL19villagerI_talk_hook
                0x0000bbdc       0x10 usu.o
 .rodata._ZL18villagerI_talk_evt
                0x0000bbec      0x104 usu.o
 .rodata._ZL19villagerH_talk_hook
                0x0000bcf0       0x10 usu.o
 .rodata._ZL18villagerH_talk_evt
                0x0000bd00       0xd0 usu.o
 .rodata._ZL19villagerG_talk_hook
                0x0000bdd0       0x10 usu.o
 .rodata._ZL18villagerG_talk_evt
                0x0000bde0       0xf0 usu.o
 .rodata._ZL19villagerF_talk_hook
                0x0000bed0       0x10 usu.o
 .rodata._ZL18villagerF_talk_evt
                0x0000bee0       0xf0 usu.o
 .rodata._ZL19villagerK_talk_hook
                0x0000bfd0       0x10 usu.o
 .rodata._ZL18villagerK_talk_evt
                0x0000bfe0      0x130 usu.o
 .rodata._ZL19villagerE_talk_hook
                0x0000c110       0x10 usu.o
 .rodata._ZL18villagerE_talk_evt
                0x0000c120      0x130 usu.o
 .rodata._ZL19villagerD_talk_hook
                0x0000c250       0x10 usu.o
 .rodata._ZL18villagerD_talk_evt
                0x0000c260      0x194 usu.o
 .rodata._ZL19villagerC_talk_hook
                0x0000c3f4       0x10 usu.o
 .rodata._ZL18villagerC_talk_evt
                0x0000c404       0xfc usu.o
 .rodata._ZL19villagerB_talk_hook
                0x0000c500       0x10 usu.o
 .rodata._ZL18villagerB_talk_evt
                0x0000c510       0xfc usu.o
 .rodata._ZL19villagerA_talk_hook
                0x0000c60c       0x10 usu.o
 .rodata._ZL18villagerA_talk_evt
                0x0000c61c      0x130 usu.o
 .rodata._ZL19villagerA_init_hook
                0x0000c74c       0x10 usu.o
 .rodata._ZL18villagerA_init_evt
                0x0000c75c       0x6c usu.o
 .rodata._ZL6vivian
                0x0000c7c8        0x9 usu.o
 *fill*         0x0000c7d1        0x3 
 .rodata._ZL5mayor
                0x0000c7d4        0x5 usu.o
 *fill*         0x0000c7d9        0x3 
 .rodata._ZL9mayor_pig
                0x0000c7dc        0x9 usu.o
 *fill*         0x0000c7e5        0x3 
 .rodata._ZL8doopliss
                0x0000c7e8        0xb usu.o
 *fill*         0x0000c7f3        0x1 
 .rodata._ZL10gatekeeper
                0x0000c7f4        0x5 usu.o
 *fill*         0x0000c7f9        0x3 
 .rodata._ZL14gatekeeper_pig
                0x0000c7fc        0x9 usu.o
 *fill*         0x0000c805        0x3 
 .rodata._ZL12usuVillagerA
                0x0000c808        0x7 usu.o
 *fill*         0x0000c80f        0x1 
 .rodata._ZL14win_party_hook
                0x0000c810       0x10 win.o
 .rodata.str1.1
                0x0000c820       0x36 win.o
 *fill*         0x0000c856        0x2 
 .rodata._ZL13win_party_evt
                0x0000c858       0xf0 win.o
 .rodata._ZL20win_00_init_evt_hook
                0x0000c948       0x10 win.o
 .rodata._ZL19win_00_init_evt_evt
                0x0000c958       0x30 win.o
 .rodata._ZL17majorin_init_hook
                0x0000c988       0x10 win.o
 .rodata._ZL16majorin_init_evt
                0x0000c998       0x30 win.o
 .rodata._ZL17maririn_init_hook
                0x0000c9c8       0x10 win.o
 .rodata._ZL16maririn_init_evt
                0x0000c9d8       0x30 win.o
 .rodata._ZL20win_vivian_init_hook
                0x0000ca08       0x10 win.o
 .rodata._ZL19win_vivian_init_evt
                0x0000ca18       0x98 win.o
 .rodata._ZL7flurrie
                0x0000cab0        0x9 win.o
 *(.gnu.linkonce.r.*)

.rodata1
 *(.rodata1)

.sdata2         0x0000cab9        0x0
                [!provide]                        PROVIDE (_SDA2_BASE_ = .)
 *(.sdata2)
 *(.sdata2.*)
 *(.gnu.linkonce.s2.*)

.sbss2
 *(.sbss2)
 *(.sbss2.*)
 *(.gnu.linkonce.sb2.*)
                0x0000cabc                        . = ALIGN (0x4)
                [!provide]                        PROVIDE (__preinit_array_start = .)

.preinit_array
 *(.preinit_array)
                [!provide]                        PROVIDE (__preinit_array_end = .)
                [!provide]                        PROVIDE (__init_array_start = .)

.init_array
 *(.init_array)
                [!provide]                        PROVIDE (__init_array_end = .)
                [!provide]                        PROVIDE (__fini_array_start = .)

.fini_array
 *(.fini_array)
                [!provide]                        PROVIDE (__fini_array_end = .)

.data           0x0000cabc      0x304
 *(.data)
 *(.data.*)
 .data._ZN3mod6common12kItemDataArrE
                0x0000cabc        0x4 common.o
                0x0000cabc                _ZN3mod6common12kItemDataArrE
 .data.errorTextPosY
                0x0000cac0        0x4 errorHandling.o
                0x0000cac0                errorTextPosY
 .data._ZL16gor_00_init_evt2
                0x0000cac4      0x2bc gor_00.o
 .data.shopWorkPtr
                0x0000cd80        0x4 main.o
                0x0000cd80                shopWorkPtr
 .data.goods    0x0000cd84       0x28 main.o
                0x0000cd84                goods
 *(.gnu.linkonce.d.*)
                0x0000cdc0                        . = ALIGN (0x20)
 *fill*         0x0000cdac       0x14 

.data1
 *(.data1)

.tdata
 *(.tdata .tdata.* .gnu.linkonce.td.*)

.tbss
 *(.tbss .tbss.* .gnu.linkonce.tb.*)
 *(.tcommon)

.eh_frame       0x0000cdc0     0x19f8
 *(.eh_frame)
 .eh_frame      0x0000cdc0      0x2c0 OWR.o
 .eh_frame      0x0000d080       0x28 StateManager.o
                                 0x3c (size before relaxing)
 .eh_frame      0x0000d0a8        0x0 common.o
                                 0xc8 (size before relaxing)
 .eh_frame      0x0000d0a8       0x68 con_mario.o
 .eh_frame      0x0000d110       0x68 con_perf.o
 .eh_frame      0x0000d178       0xa0 con_seq.o
 .eh_frame      0x0000d218      0x2ec console.o
                                0x310 (size before relaxing)
 .eh_frame      0x0000d504       0x64 cxx.o
                                 0x8c (size before relaxing)
 .eh_frame      0x0000d568      0x214 errorHandling.o
 .eh_frame      0x0000d77c      0x144 gamePatches.o
 .eh_frame      0x0000d8c0       0xa4 keyboard.o
                                 0xcc (size before relaxing)
 .eh_frame      0x0000d964       0xfc mod.o
                                0x110 (size before relaxing)
 .eh_frame      0x0000da60      0x13c patch.o
                                0x18c (size before relaxing)
 .eh_frame      0x0000db9c       0x5c printf.o
 .eh_frame      0x0000dbf8       0x7c rel.o
 .eh_frame      0x0000dc74       0x98 ug.o
 .eh_frame      0x0000dd0c       0xdc util.o
                                0x100 (size before relaxing)
 .eh_frame      0x0000dde8       0x28 aaa.o
 .eh_frame      0x0000de10       0x94 aji.o
 .eh_frame      0x0000dea4       0x28 bom.o
 .eh_frame      0x0000decc       0x3c dou.o
 .eh_frame      0x0000df08       0x40 eki.o
 .eh_frame      0x0000df48       0x28 end.o
 .eh_frame      0x0000df70       0x40 gon.o
 .eh_frame      0x0000dfb0       0x74 gor_00.o
 .eh_frame      0x0000e024       0x48 gor_01.o
 .eh_frame      0x0000e06c       0x50 gor_02.o
 .eh_frame      0x0000e0bc       0x50 gor_03.o
 .eh_frame      0x0000e10c       0x38 gor_04.o
 .eh_frame      0x0000e144       0x54 gor_misc.o
 .eh_frame      0x0000e198       0x40 gra.o
 .eh_frame      0x0000e1d8       0x4c hei.o
 .eh_frame      0x0000e224       0x38 hom.o
 .eh_frame      0x0000e25c       0x40 jin.o
 .eh_frame      0x0000e29c       0x28 kpa.o
 .eh_frame      0x0000e2c4       0x50 las.o
 .eh_frame      0x0000e314       0xbc main.o
 .eh_frame      0x0000e3d0        0x0 moo.o
                                 0x28 (size before relaxing)
 .eh_frame      0x0000e3d0       0x68 mri.o
 .eh_frame      0x0000e438       0x6c muj.o
 .eh_frame      0x0000e4a4       0x4c nok.o
 .eh_frame      0x0000e4f0       0x54 pik.o
 .eh_frame      0x0000e544       0x6c rsh.o
 .eh_frame      0x0000e5b0       0xb8 tik.o
 .eh_frame      0x0000e668       0x6c tou.o
 .eh_frame      0x0000e6d4       0x28 tou2.o
 .eh_frame      0x0000e6fc       0x68 usu.o
 .eh_frame      0x0000e764       0x54 win.o

.gcc_except_table
 *(.gcc_except_table)

.fixup
 *(.fixup)

.got1
 *(.got1)

.got2
 *(.got2)

.dynamic
 *(.dynamic)

.ctors          0x0000e7b8       0x28
 *crtbegin.o(.ctors)
 *(EXCLUDE_FILE(*crtend.o) .ctors)
 .ctors         0x0000e7b8        0x4 OWR.o
 .ctors         0x0000e7bc        0x4 con_mario.o
 .ctors         0x0000e7c0        0x4 con_perf.o
 .ctors         0x0000e7c4        0x4 con_seq.o
 .ctors         0x0000e7c8        0x4 console.o
 .ctors         0x0000e7cc        0x4 errorHandling.o
 .ctors         0x0000e7d0        0x4 gor_00.o
 *(SORT_BY_NAME(.ctors.*))
 *(.ctors)
                0x0000e7e0                        . = ALIGN (0x20)
 *fill*         0x0000e7d4        0xc 

.dtors          0x0000e7e0       0x20
 *crtbegin.o(.dtors)
 *(EXCLUDE_FILE(*crtend.o) .dtors)
 .dtors         0x0000e7e0        0x4 errorHandling.o
 *(SORT_BY_NAME(.dtors.*))
 *(.dtors)
                0x0000e800                        . = ALIGN (0x20)
 *fill*         0x0000e7e4       0x1c 

.jcr
 *(.jcr)

.got
 *(.got.plt)
 *(.got)

.sdata          0x0000e800        0x0
                [!provide]                        PROVIDE (_SDA_BASE_ = .)
 *(.sdata)
 *(.sdata.*)
 *(.gnu.linkonce.s.*)
                0x0000e800                        . = ALIGN (0x20)
                0x0000e800                        _edata = .
                [!provide]                        PROVIDE (edata = .)

.sbss           0x0000e800        0x0
                0x0000e800                        __sbss_start = .
                [!provide]                        PROVIDE (__sbss_start = .)
                [!provide]                        PROVIDE (___sbss_start = .)
 *(.dynsbss)
 *(.sbss)
 *(.sbss.*)
 *(.gnu.linkonce.sb.*)
 *(.scommon)
                [!provide]                        PROVIDE (__sbss_end = .)
                [!provide]                        PROVIDE (___sbss_end = .)
                0x0000e800                        . = ALIGN (0x20)
                0x0000e800                        __sbss_end = .

.bss            0x0000e800      0x180
                0x0000e800                        __bss_start = .
                [!provide]                        PROVIDE (__bss_start = .)
 *(.dynbss)
 *(.bss)
 *(.bss.*)
 .bss._ZN3mod3owr22g_msgSearch_trampolineE
                0x0000e800        0x4 OWR.o
                0x0000e800                _ZN3mod3owr22g_msgSearch_trampolineE
 .bss._ZN3mod3owr31g_evt_mario_set_pose_trampolineE
                0x0000e804        0x4 OWR.o
                0x0000e804                _ZN3mod3owr31g_evt_mario_set_pose_trampolineE
 .bss._ZN3mod3owr30g_partySetForceMove_trampolineE
                0x0000e808        0x4 OWR.o
                0x0000e808                _ZN3mod3owr30g_partySetForceMove_trampolineE
 .bss._ZN3mod3owr28g_pouchRemoveItem_trampolineE
                0x0000e80c        0x4 OWR.o
                0x0000e80c                _ZN3mod3owr28g_pouchRemoveItem_trampolineE
 .bss._ZN3mod3owr25g_pouchGetItem_trampolineE
                0x0000e810        0x4 OWR.o
                0x0000e810                _ZN3mod3owr25g_pouchGetItem_trampolineE
 .bss._ZN3mod3owr22g_seqSetSeq_trampolineE
                0x0000e814        0x4 OWR.o
                0x0000e814                _ZN3mod3owr22g_seqSetSeq_trampolineE
 .bss._ZN3mod3owr19g_OSLink_trampolineE
                0x0000e818        0x4 OWR.o
                0x0000e818                _ZN3mod3owr19g_OSLink_trampolineE
 .bss._ZN3mod3owr6gStateE
                0x0000e81c        0x4 OWR.o
                0x0000e81c                _ZN3mod3owr6gStateE
 .bss._ZN3mod3owr5gSelfE
                0x0000e820        0x4 OWR.o
                0x0000e820                _ZN3mod3owr5gSelfE
 .bss._ZN3mod3owr7item_dbE
                0x0000e824        0x4 OWR.o
                0x0000e824                _ZN3mod3owr7item_dbE
 .bss.gState    0x0000e828        0x4 StateManager.o
                0x0000e828                gState
 .bss._ZN3modL12mod_if_obj24E
                0x0000e82c        0x8 con_mario.o
 .bss._ZN3mod14mario_show_posE
                0x0000e834       0x10 con_mario.o
                0x0000e834                _ZN3mod14mario_show_posE
 .bss._ZN3mod13mario_set_posE
                0x0000e844        0xc con_mario.o
                0x0000e844                _ZN3mod13mario_set_posE
 .bss._ZN3modL12mod_if_obj51E
                0x0000e850        0x8 con_perf.o
 .bss._ZN3mod14mem_debug_heapE
                0x0000e858       0x10 con_perf.o
                0x0000e858                _ZN3mod14mem_debug_heapE
 .bss._ZN3mod15perf_fake_spikeE
                0x0000e868        0xc con_perf.o
                0x0000e868                _ZN3mod15perf_fake_spikeE
 .bss._ZN3mod14seq_change_mapE
                0x0000e874        0xc con_seq.o
                0x0000e874                _ZN3mod14seq_change_mapE
 .bss._ZN3modL12mod_if_obj16E
                0x0000e880        0x8 con_seq.o
 .bss._ZN3mod24gTrampoline_seq_logoMainE
                0x0000e888        0x4 con_seq.o
                0x0000e888                _ZN3mod24gTrampoline_seq_logoMainE
 .bss._ZN3mod13seq_logo_skipE
                0x0000e88c       0x10 con_seq.o
                0x0000e88c                _ZN3mod13seq_logo_skipE
 .bss._ZN3mod4findE
                0x0000e89c        0xc console.o
                0x0000e89c                _ZN3mod4findE
 .bss._ZN3mod11con_ug_chanE
                0x0000e8a8       0x10 console.o
                0x0000e8a8                _ZN3mod11con_ug_chanE
 .bss._ZN3mod11con_ug_modeE
                0x0000e8b8       0x10 console.o
                0x0000e8b8                _ZN3mod11con_ug_modeE
 .bss._ZN3mod21con_log_fade_durationE
                0x0000e8c8       0x10 console.o
                0x0000e8c8                _ZN3mod21con_log_fade_durationE
 .bss._ZN3mod18con_log_fade_startE
                0x0000e8d8       0x10 console.o
                0x0000e8d8                _ZN3mod18con_log_fade_startE
 .bss._ZN3mod12con_log_fadeE
                0x0000e8e8       0x10 console.o
                0x0000e8e8                _ZN3mod12con_log_fadeE
 .bss._ZN3mod13con_log_levelE
                0x0000e8f8       0x10 console.o
                0x0000e8f8                _ZN3mod13con_log_levelE
 .bss._ZN3mod11con_rainbowE
                0x0000e908       0x10 console.o
                0x0000e908                _ZN3mod11con_rainbowE
 .bss._ZN3mod8con_monoE
                0x0000e918       0x10 console.o
                0x0000e918                _ZN3mod8con_monoE
 .bss._ZN3mod8con_showE
                0x0000e928       0x10 console.o
                0x0000e928                _ZN3mod8con_showE
 .bss._ZN3mod8gConsoleE
                0x0000e938        0x4 console.o
                0x0000e938                _ZN3mod8gConsoleE
 .bss._ZN3mod9ConIntVar6sFirstE
                0x0000e93c        0x4 console.o
                0x0000e93c                _ZN3mod9ConIntVar6sFirstE
 .bss._ZN3mod10ConCommand6sFirstE
                0x0000e940        0x4 console.o
                0x0000e940                _ZN3mod10ConCommand6sFirstE
 .bss.g_animPoseMain_trampoline
                0x0000e944        0x4 errorHandling.o
                0x0000e944                g_animPoseMain_trampoline
 .bss.g_npcNameToPtr_trampoline
                0x0000e948        0x4 errorHandling.o
                0x0000e948                g_npcNameToPtr_trampoline
 .bss.heapCorruptionInfo
                0x0000e94c        0x8 errorHandling.o
                0x0000e94c                heapCorruptionInfo
 .bss.animPoseMainErrorInfo
                0x0000e954        0x4 errorHandling.o
                0x0000e954                animPoseMainErrorInfo
 .bss.npcNameToPtrErrorInfo
                0x0000e958        0x4 errorHandling.o
                0x0000e958                npcNameToPtrErrorInfo
 .bss._ZZ25cCrashScreenDecrementYPosE14decrementCount
                0x0000e95c        0x4 gamePatches.o
 .bss._ZN3mod4gModE
                0x0000e960        0x4 mod.o
                0x0000e960                _ZN3mod4gModE
 .bss._ZN17ModUpdateFunction6sFirstE
                0x0000e964        0x4 mod.o
                0x0000e964                _ZN17ModUpdateFunction6sFirstE
 .bss._ZN15ModInitFunction6sFirstE
                0x0000e968        0x4 mod.o
                0x0000e968                _ZN15ModInitFunction6sFirstE
 *(.gnu.linkonce.b.*)
 *(COMMON)
                0x0000e980                        . = ALIGN (0x20)
 *fill*         0x0000e96c       0x14 
                [!provide]                        PROVIDE (__bss_end = .)
                0x0000e980                        __bss_end = .
                0x0000e980                        _end = .
                [!provide]                        PROVIDE (end = .)

.bss._ZZNK3mod14seq_change_mapMUlPKcE_clES2_E8beroName
                0x00000000       0x20
 .bss._ZZNK3mod14seq_change_mapMUlPKcE_clES2_E8beroName
                0x00000000       0x20 con_seq.o
                0x00000000                _ZZNK3mod14seq_change_mapMUlPKcE_clES1_E8beroName
                0x00000000                _ZZNK3mod14seq_change_mapMUlPKcE_clES2_E8beroName

.bss._ZZNK3mod14seq_change_mapMUlPKcE_clES2_E7mapName
                0x00000000       0x20
 .bss._ZZNK3mod14seq_change_mapMUlPKcE_clES2_E7mapName
                0x00000000       0x20 con_seq.o
                0x00000000                _ZZNK3mod14seq_change_mapMUlPKcE_clES2_E7mapName
                0x00000000                _ZZNK3mod14seq_change_mapMUlPKcE_clES1_E7mapName

.stab
 *(.stab)

.stabstr
 *(.stabstr)

.stab.excl
 *(.stab.excl)

.stab.exclstr
 *(.stab.exclstr)

.stab.index
 *(.stab.index)

.stab.indexstr
 *(.stab.indexstr)

.comment        0x00000000      0x6c0
 *(.comment)
 .comment       0x00000000       0x24 OWR.o
 .comment       0x00000024       0x24 StateManager.o
 .comment       0x00000048       0x24 common.o
 .comment       0x0000006c       0x24 con_mario.o
 .comment       0x00000090       0x24 con_perf.o
 .comment       0x000000b4       0x24 con_seq.o
 .comment       0x000000d8       0x24 console.o
 .comment       0x000000fc       0x24 cxx.o
 .comment       0x00000120       0x24 errorHandling.o
 .comment       0x00000144       0x24 gamePatches.o
 .comment       0x00000168       0x24 keyboard.o
 .comment       0x0000018c       0x24 mod.o
 .comment       0x000001b0       0x24 patch.o
 .comment       0x000001d4       0x24 printf.o
 .comment       0x000001f8       0x24 rel.o
 .comment       0x0000021c       0x24 ug.o
 .comment       0x00000240       0x24 util.o
 .comment       0x00000264       0x24 aaa.o
 .comment       0x00000288       0x24 aji.o
 .comment       0x000002ac       0x24 bom.o
 .comment       0x000002d0       0x24 dou.o
 .comment       0x000002f4       0x24 eki.o
 .comment       0x00000318       0x24 end.o
 .comment       0x0000033c       0x24 gon.o
 .comment       0x00000360       0x24 gor_00.o
 .comment       0x00000384       0x24 gor_01.o
 .comment       0x000003a8       0x24 gor_02.o
 .comment       0x000003cc       0x24 gor_03.o
 .comment       0x000003f0       0x24 gor_04.o
 .comment       0x00000414       0x24 gor_misc.o
 .comment       0x00000438       0x24 gra.o
 .comment       0x0000045c       0x24 hei.o
 .comment       0x00000480       0x24 hom.o
 .comment       0x000004a4       0x24 jin.o
 .comment       0x000004c8       0x24 kpa.o
 .comment       0x000004ec       0x24 las.o
 .comment       0x00000510       0x24 main.o
 .comment       0x00000534       0x24 moo.o
 .comment       0x00000558       0x24 mri.o
 .comment       0x0000057c       0x24 muj.o
 .comment       0x000005a0       0x24 nok.o
 .comment       0x000005c4       0x24 pik.o
 .comment       0x000005e8       0x24 rsh.o
 .comment       0x0000060c       0x24 tik.o
 .comment       0x00000630       0x24 tou.o
 .comment       0x00000654       0x24 tou2.o
 .comment       0x00000678       0x24 usu.o
 .comment       0x0000069c       0x24 win.o

.gnu.attributes
                0x00000000       0x10
 .gnu.attributes
                0x00000000       0x10 OWR.o
 .gnu.attributes
                0x00000010       0x10 common.o
 .gnu.attributes
                0x00000020       0x10 con_mario.o
 .gnu.attributes
                0x00000030       0x10 con_perf.o
 .gnu.attributes
                0x00000040       0x10 console.o
 .gnu.attributes
                0x00000050       0x10 errorHandling.o
 .gnu.attributes
                0x00000060       0x10 mod.o
 .gnu.attributes
                0x00000070       0x10 printf.o
 .gnu.attributes
                0x00000080       0x10 util.o

.group          0x00000000        0xc
 .group         0x00000000        0xc con_mario.o

.group          0x00000000        0xc
 .group         0x00000000        0xc con_perf.o

.group          0x00000000        0xc
 .group         0x00000000        0xc con_seq.o

.group          0x00000000        0x8
 .group         0x00000000        0x8 con_seq.o

.group          0x00000000        0x8
 .group         0x00000000        0x8 con_seq.o

.group          0x00000000        0xc
 .group         0x00000000        0xc console.o

.group          0x00000000        0xc
 .group         0x00000000        0xc errorHandling.o

.debug
 *(.debug)

.line
 *(.line)

.debug_srcinfo
 *(.debug_srcinfo)

.debug_sfnames
 *(.debug_sfnames)

.debug_aranges  0x00000000      0x9b0
 *(.debug_aranges)
 .debug_aranges
                0x00000000       0xa0 OWR.o
 .debug_aranges
                0x000000a0       0x28 StateManager.o
 .debug_aranges
                0x000000c8       0x60 common.o
 .debug_aranges
                0x00000128       0x30 con_mario.o
 .debug_aranges
                0x00000158       0x30 con_perf.o
 .debug_aranges
                0x00000188       0x38 con_seq.o
 .debug_aranges
                0x000001c0       0xa8 console.o
 .debug_aranges
                0x00000268       0x48 cxx.o
 .debug_aranges
                0x000002b0       0x88 errorHandling.o
 .debug_aranges
                0x00000338       0x58 gamePatches.o
 .debug_aranges
                0x00000390       0x40 keyboard.o
 .debug_aranges
                0x000003d0       0x58 mod.o
 .debug_aranges
                0x00000428       0x80 patch.o
 .debug_aranges
                0x000004a8       0x28 printf.o
 .debug_aranges
                0x000004d0       0x30 rel.o
 .debug_aranges
                0x00000500       0x38 ug.o
 .debug_aranges
                0x00000538       0x50 util.o
 .debug_aranges
                0x00000588       0x20 aaa.o
 .debug_aranges
                0x000005a8       0x28 aji.o
 .debug_aranges
                0x000005d0       0x20 bom.o
 .debug_aranges
                0x000005f0       0x20 dou.o
 .debug_aranges
                0x00000610       0x20 eki.o
 .debug_aranges
                0x00000630       0x20 end.o
 .debug_aranges
                0x00000650       0x20 gon.o
 .debug_aranges
                0x00000670       0x28 gor_00.o
 .debug_aranges
                0x00000698       0x20 gor_01.o
 .debug_aranges
                0x000006b8       0x20 gor_02.o
 .debug_aranges
                0x000006d8       0x20 gor_03.o
 .debug_aranges
                0x000006f8       0x20 gor_04.o
 .debug_aranges
                0x00000718       0x28 gor_misc.o
 .debug_aranges
                0x00000740       0x20 gra.o
 .debug_aranges
                0x00000760       0x20 hei.o
 .debug_aranges
                0x00000780       0x20 hom.o
 .debug_aranges
                0x000007a0       0x20 jin.o
 .debug_aranges
                0x000007c0       0x20 kpa.o
 .debug_aranges
                0x000007e0       0x20 las.o
 .debug_aranges
                0x00000800       0x40 main.o
 .debug_aranges
                0x00000840       0x20 moo.o
 .debug_aranges
                0x00000860       0x20 mri.o
 .debug_aranges
                0x00000880       0x20 muj.o
 .debug_aranges
                0x000008a0       0x20 nok.o
 .debug_aranges
                0x000008c0       0x20 pik.o
 .debug_aranges
                0x000008e0       0x20 rsh.o
 .debug_aranges
                0x00000900       0x30 tik.o
 .debug_aranges
                0x00000930       0x20 tou.o
 .debug_aranges
                0x00000950       0x20 tou2.o
 .debug_aranges
                0x00000970       0x20 usu.o
 .debug_aranges
                0x00000990       0x20 win.o

.debug_pubnames
 *(.debug_pubnames)

.debug_info     0x00000000    0x43088
 *(.debug_info)
 .debug_info    0x00000000     0x6a8e OWR.o
 .debug_info    0x00006a8e      0x3bd StateManager.o
 .debug_info    0x00006e4b      0xf83 common.o
 .debug_info    0x00007dce     0x2443 con_mario.o
 .debug_info    0x0000a211     0x211f con_perf.o
 .debug_info    0x0000c330     0x20e3 con_seq.o
 .debug_info    0x0000e413     0x3a79 console.o
 .debug_info    0x00011e8c      0x407 cxx.o
 .debug_info    0x00012293     0x3a59 errorHandling.o
 .debug_info    0x00015cec     0x2d28 gamePatches.o
 .debug_info    0x00018a14      0xe4d keyboard.o
 .debug_info    0x00019861     0x33aa mod.o
 .debug_info    0x0001cc0b      0xe1b patch.o
 .debug_info    0x0001da26      0x580 printf.o
 .debug_info    0x0001dfa6      0x103 rel.o
 .debug_info    0x0001e0a9      0x77f ug.o
 .debug_info    0x0001e828      0x9c5 util.o
 .debug_info    0x0001f1ed      0x2f9 aaa.o
 .debug_info    0x0001f4e6     0x1ba2 aji.o
 .debug_info    0x00021088      0x411 bom.o
 .debug_info    0x00021499     0x1155 dou.o
 .debug_info    0x000225ee      0xbf0 eki.o
 .debug_info    0x000231de      0x2ef end.o
 .debug_info    0x000234cd     0x11c9 gon.o
 .debug_info    0x00024696     0x1ee5 gor_00.o
 .debug_info    0x0002657b     0x1260 gor_01.o
 .debug_info    0x000277db     0x189e gor_02.o
 .debug_info    0x00029079      0xc4f gor_03.o
 .debug_info    0x00029cc8      0x75c gor_04.o
 .debug_info    0x0002a424     0x1149 gor_misc.o
 .debug_info    0x0002b56d      0x857 gra.o
 .debug_info    0x0002bdc4     0x13df hei.o
 .debug_info    0x0002d1a3      0x9ea hom.o
 .debug_info    0x0002db8d      0x4da jin.o
 .debug_info    0x0002e067      0x335 kpa.o
 .debug_info    0x0002e39c      0xd9f las.o
 .debug_info    0x0002f13b     0x38a3 main.o
 .debug_info    0x000329de      0x97f moo.o
 .debug_info    0x0003335d     0x1dba mri.o
 .debug_info    0x00035117     0x1e09 muj.o
 .debug_info    0x00036f20     0x15d2 nok.o
 .debug_info    0x000384f2     0x16cd pik.o
 .debug_info    0x00039bbf     0x1e36 rsh.o
 .debug_info    0x0003b9f5     0x2464 tik.o
 .debug_info    0x0003de59     0x1bc4 tou.o
 .debug_info    0x0003fa1d      0x411 tou2.o
 .debug_info    0x0003fe2e     0x1ea6 usu.o
 .debug_info    0x00041cd4     0x13b4 win.o

.debug_abbrev   0x00000000     0x8731
 *(.debug_abbrev)
 .debug_abbrev  0x00000000      0x860 OWR.o
 .debug_abbrev  0x00000860      0x17e StateManager.o
 .debug_abbrev  0x000009de      0x217 common.o
 .debug_abbrev  0x00000bf5      0x60c con_mario.o
 .debug_abbrev  0x00001201      0x64d con_perf.o
 .debug_abbrev  0x0000184e      0x67c con_seq.o
 .debug_abbrev  0x00001eca      0x940 console.o
 .debug_abbrev  0x0000280a      0x1a8 cxx.o
 .debug_abbrev  0x000029b2      0x79c errorHandling.o
 .debug_abbrev  0x0000314e      0x4d1 gamePatches.o
 .debug_abbrev  0x0000361f      0x32f keyboard.o
 .debug_abbrev  0x0000394e      0x74f mod.o
 .debug_abbrev  0x0000409d      0x21e patch.o
 .debug_abbrev  0x000042bb      0x1d5 printf.o
 .debug_abbrev  0x00004490       0xf0 rel.o
 .debug_abbrev  0x00004580      0x1bf ug.o
 .debug_abbrev  0x0000473f      0x21e util.o
 .debug_abbrev  0x0000495d       0xcc aaa.o
 .debug_abbrev  0x00004a29      0x2a4 aji.o
 .debug_abbrev  0x00004ccd       0xcc bom.o
 .debug_abbrev  0x00004d99      0x1f2 dou.o
 .debug_abbrev  0x00004f8b      0x1d6 eki.o
 .debug_abbrev  0x00005161       0xcc end.o
 .debug_abbrev  0x0000522d      0x1e3 gon.o
 .debug_abbrev  0x00005410      0x260 gor_00.o
 .debug_abbrev  0x00005670      0x21d gor_01.o
 .debug_abbrev  0x0000588d      0x244 gor_02.o
 .debug_abbrev  0x00005ad1      0x1e3 gor_03.o
 .debug_abbrev  0x00005cb4      0x191 gor_04.o
 .debug_abbrev  0x00005e45      0x2a0 gor_misc.o
 .debug_abbrev  0x000060e5      0x1c2 gra.o
 .debug_abbrev  0x000062a7      0x1ee hei.o
 .debug_abbrev  0x00006495      0x1c1 hom.o
 .debug_abbrev  0x00006656      0x154 jin.o
 .debug_abbrev  0x000067aa       0xcc kpa.o
 .debug_abbrev  0x00006876      0x1e3 las.o
 .debug_abbrev  0x00006a59      0x45f main.o
 .debug_abbrev  0x00006eb8      0x1c5 moo.o
 .debug_abbrev  0x0000707d      0x229 mri.o
 .debug_abbrev  0x000072a6      0x220 muj.o
 .debug_abbrev  0x000074c6      0x218 nok.o
 .debug_abbrev  0x000076de      0x217 pik.o
 .debug_abbrev  0x000078f5      0x215 rsh.o
 .debug_abbrev  0x00007b0a      0x530 tik.o
 .debug_abbrev  0x0000803a      0x227 tou.o
 .debug_abbrev  0x00008261       0xcc tou2.o
 .debug_abbrev  0x0000832d      0x215 usu.o
 .debug_abbrev  0x00008542      0x1ef win.o

.debug_line     0x00000000    0x15fdf
 *(.debug_line)
 .debug_line    0x00000000     0x11dc OWR.o
 .debug_line    0x000011dc      0x1c2 StateManager.o
 .debug_line    0x0000139e      0x351 common.o
 .debug_line    0x000016ef      0x476 con_mario.o
 .debug_line    0x00001b65      0x563 con_perf.o
 .debug_line    0x000020c8      0x50f con_seq.o
 .debug_line    0x000025d7     0x131b console.o
 .debug_line    0x000038f2      0x1f6 cxx.o
 .debug_line    0x00003ae8      0xca1 errorHandling.o
 .debug_line    0x00004789      0x6bc gamePatches.o
 .debug_line    0x00004e45      0x4ae keyboard.o
 .debug_line    0x000052f3      0x6a5 mod.o
 .debug_line    0x00005998      0x41b patch.o
 .debug_line    0x00005db3      0x24f printf.o
 .debug_line    0x00006002      0x13d rel.o
 .debug_line    0x0000613f      0x360 ug.o
 .debug_line    0x0000649f      0x40c util.o
 .debug_line    0x000068ab      0x205 aaa.o
 .debug_line    0x00006ab0      0xe79 aji.o
 .debug_line    0x00007929      0x553 bom.o
 .debug_line    0x00007e7c      0x614 dou.o
 .debug_line    0x00008490      0x507 eki.o
 .debug_line    0x00008997      0x1f5 end.o
 .debug_line    0x00008b8c      0x62c gon.o
 .debug_line    0x000091b8      0x8af gor_00.o
 .debug_line    0x00009a67      0x687 gor_01.o
 .debug_line    0x0000a0ee      0x68c gor_02.o
 .debug_line    0x0000a77a      0x7bb gor_03.o
 .debug_line    0x0000af35      0x487 gor_04.o
 .debug_line    0x0000b3bc      0x415 gor_misc.o
 .debug_line    0x0000b7d1      0x40e gra.o
 .debug_line    0x0000bbdf      0x554 hei.o
 .debug_line    0x0000c133      0x3b4 hom.o
 .debug_line    0x0000c4e7      0x5c2 jin.o
 .debug_line    0x0000caa9      0x28e kpa.o
 .debug_line    0x0000cd37      0x82d las.o
 .debug_line    0x0000d564      0xc49 main.o
 .debug_line    0x0000e1ad      0x2d8 moo.o
 .debug_line    0x0000e485     0x1020 mri.o
 .debug_line    0x0000f4a5      0xf06 muj.o
 .debug_line    0x000103ab      0x59a nok.o
 .debug_line    0x00010945      0x862 pik.o
 .debug_line    0x000111a7     0x14fd rsh.o
 .debug_line    0x000126a4      0xa4a tik.o
 .debug_line    0x000130ee     0x1781 tou.o
 .debug_line    0x0001486f      0x583 tou2.o
 .debug_line    0x00014df2      0xc98 usu.o
 .debug_line    0x00015a8a      0x555 win.o

.debug_frame
 *(.debug_frame)

.debug_str      0x00000000    0x46450
 *(.debug_str)
 .debug_str     0x00000000     0x5799 OWR.o
 .debug_str     0x00005799      0x3ab StateManager.o
 .debug_str     0x00005b44     0x13e4 common.o
 .debug_str     0x00006f28     0x1971 con_mario.o
 .debug_str     0x00008899     0x1583 con_perf.o
 .debug_str     0x00009e1c     0x16b3 con_seq.o
 .debug_str     0x0000b4cf     0x19f9 console.o
 .debug_str     0x0000cec8      0x35e cxx.o
 .debug_str     0x0000d226     0x2054 errorHandling.o
 .debug_str     0x0000f27a     0x2554 gamePatches.o
 .debug_str     0x000117ce      0x95f keyboard.o
 .debug_str     0x0001212d     0x2257 mod.o
 .debug_str     0x00014384      0x726 patch.o
 .debug_str     0x00014aaa      0x468 printf.o
 .debug_str     0x00014f12      0x191 rel.o
 .debug_str     0x000150a3      0x39b ug.o
 .debug_str     0x0001543e      0x654 util.o
 .debug_str     0x00015a92      0x413 aaa.o
 .debug_str     0x00015ea5     0x2524 aji.o
 .debug_str     0x000183c9      0x610 bom.o
 .debug_str     0x000189d9     0x1ccf dou.o
 .debug_str     0x0001a6a8      0xf91 eki.o
 .debug_str     0x0001b639      0x40d end.o
 .debug_str     0x0001ba46     0x1d18 gon.o
 .debug_str     0x0001d75e     0x29c7 gor_00.o
 .debug_str     0x00020125     0x1a9a gor_01.o
 .debug_str     0x00021bbf     0x24a4 gor_02.o
 .debug_str     0x00024063      0xf98 gor_03.o
 .debug_str     0x00024ffb      0x59f gor_04.o
 .debug_str     0x0002559a     0x1bbe gor_misc.o
 .debug_str     0x00027158      0x9ac gra.o
 .debug_str     0x00027b04     0x20a0 hei.o
 .debug_str     0x00029ba4      0xcb3 hom.o
 .debug_str     0x0002a857      0x64b jin.o
 .debug_str     0x0002aea2      0x463 kpa.o
 .debug_str     0x0002b305     0x1206 las.o
 .debug_str     0x0002c50b     0x3276 main.o
 .debug_str     0x0002f781      0xb9b moo.o
 .debug_str     0x0003031c     0x2979 mri.o
 .debug_str     0x00032c95     0x2ae6 muj.o
 .debug_str     0x0003577b     0x1ee2 nok.o
 .debug_str     0x0003765d     0x207b pik.o
 .debug_str     0x000396d8     0x2a84 rsh.o
 .debug_str     0x0003c15c     0x2f8e tik.o
 .debug_str     0x0003f0ea     0x2748 tou.o
 .debug_str     0x00041832      0x5ee tou2.o
 .debug_str     0x00041e20     0x289b usu.o
 .debug_str     0x000446bb     0x1d95 win.o

.debug_loc
 *(.debug_loc)

.debug_macinfo
 *(.debug_macinfo)

.debug_weaknames
 *(.debug_weaknames)

.debug_funcnames
 *(.debug_funcnames)

.debug_typenames
 *(.debug_typenames)

.debug_varnames
 *(.debug_varnames)
                0x00000000                        __isIPL = 0x0
                0x0002e980                        __stack_addr = ((((__bss_start + SIZEOF (.bss)) + 0x20000) + 0x7) & 0xfffffffffffffff8)
                0x0000e980                        __stack_end = (__bss_start + SIZEOF (.bss))
                0x00032980                        __intrstack_addr = (__stack_addr + 0x4000)
                0x0002e980                        __intrstack_end = __stack_addr
                0x00032980                        __Arena1Lo = ((__intrstack_addr + 0x1f) & 0xffffffffffffffe0)
                0x817feff0                        __Arena1Hi = 0x817feff0
                0x817ff000                        __gxregs = ((__Arena1Hi + 0x1f) & 0xffffffffffffffe0)
                [!provide]                        PROVIDE (__stack = 0x817feff0)