Archive member included to satisfy reference by file (symbol)

C:/devkitPro/devkitPPC/bin/../lib/gcc/powerpc-eabi/13.1.0\libgcc.a(_divdi3.o)
                              console.o (__divdi3)

Discarded input sections

 .text          0x00000000        0x0 OWR.o
 .data          0x00000000        0x0 OWR.o
 .bss           0x00000000        0x0 OWR.o
 .text._Z13strcpy_StringPcPKc
                0x00000000        0x4 OWR.o
 .text._ZN3mod3owr3OWR6LZTestEv
                0x00000000       0x48 OWR.o
 .text._ZN3mod3owr3OWR11NewFileInitEv
                0x00000000        0x4 OWR.o
 .text._ZN3mod3owr3OWR10DrawStringEPKciijf
                0x00000000       0xb0 OWR.o
 .bss._ZN3mod3owr22g_itemEntry_trampolineE
                0x00000000        0x4 OWR.o
 .rodata.cst4   0x00000000        0x4 OWR.o
 .text          0x00000000        0x0 StateManager.o
 .data          0x00000000        0x0 StateManager.o
 .bss           0x00000000        0x0 StateManager.o
 .debug_line    0x00000000        0x0 StateManager.o
 .debug_str     0x00000000      0x123 StateManager.o
 .comment       0x00000000       0x24 StateManager.o
 .text          0x00000000        0x0 common.o
 .data          0x00000000        0x0 common.o
 .bss           0x00000000        0x0 common.o
 .text._ZN3mod6common14GetCurrentAreaEv
                0x00000000       0x1c common.o
 .text._ZN3mod6common13GetCurrentMapEv
                0x00000000       0x1c common.o
 .text._ZN3mod6common11GetFilenameEv
                0x00000000       0x1c common.o
 .text._ZN3mod6common16GetStorySequenceEv
                0x00000000       0x24 common.o
 .text._ZN3mod6common14GetPitSequenceEv
                0x00000000       0x2c common.o
 .text._ZN3mod6common17GetSavedFlagValueEi
                0x00000000       0x44 common.o
 .text._ZN3mod6common21HasKeyItemInInventoryEs
                0x00000000       0x60 common.o
 .text._ZN3mod6common25GetBattleWindowDataOffsetEv
                0x00000000       0x1c common.o
 .text._ZN3mod6common21GetStatusWindowHeightEv
                0x00000000       0x28 common.o
 .data._ZN3mod6common29kUnknownStatusWindowStructPtrE
                0x00000000        0x4 common.o
 .data._ZN3mod6common10kBattlePtrE
                0x00000000        0x4 common.o
 .data._ZN3mod6common9kPouchPtrE
                0x00000000        0x4 common.o
 .data._ZN3mod6common12kSaveDataPtrE
                0x00000000        0x4 common.o
 .rodata._ZN3mod6common32kUltraHammerChestDespawnIdOffsetE
                0x00000000        0x4 common.o
 .rodata._ZN3mod6common27kObjectCollectionExprOffsetE
                0x00000000        0x4 common.o
 .rodata._ZN3mod6common27kObjectChestScriptPtrOffsetE
                0x00000000        0x4 common.o
 .rodata._ZN3mod6common33kMujModuleFlavioDesiredItemOffsetE
                0x00000000        0x4 common.o
 .rodata._ZN3mod6common36kJinModuleAtomicBooItemGswfSetOffsetE
                0x00000000        0x4 common.o
 .rodata._ZN3mod6common39kJinModuleAtomicBooItemObjectFlagOffsetE
                0x00000000        0x4 common.o
 .rodata._ZN3mod6common32kPitModuleCharlietonChanceOffsetE
                0x00000000        0x4 common.o
 .rodata._ZN3mod6common22kPitModuleNpcArrOffsetE
                0x00000000        0x4 common.o
 .rodata._ZN3mod6common23kSavedWordFlagBaseValueE
                0x00000000        0x4 common.o
 .data._ZN3mod6common20kPiantaParlorItemArrE
                0x00000000        0x4 common.o
 .data._ZN3mod6common21kPitCharlietonItemArrE
                0x00000000        0x4 common.o
 .data._ZN3mod6common12kHowzItemArrE
                0x00000000        0x4 common.o
 .data._ZN3mod6common18kCharlietonItemArrE
                0x00000000        0x4 common.o
 .data._ZN3mod6common14kDazzleItemArrE
                0x00000000        0x4 common.o
 .data._ZN3mod6common20kSuperguardFramesArrE
                0x00000000        0x4 common.o
 .data._ZN3mod6common15kGuardFramesArrE
                0x00000000        0x4 common.o
 .data._ZN3mod6common25kSuperChargePartnerParamsE
                0x00000000        0x4 common.o
 .data._ZN3mod6common18kSuperChargeParamsE
                0x00000000        0x4 common.o
 .data._ZN3mod6common19kPiercingBlowParamsE
                0x00000000        0x4 common.o
 .data._ZN3mod6common18kHammerThrowParamsE
                0x00000000        0x4 common.o
 .data._ZN3mod6common17kKoopaCurseParamsE
                0x00000000        0x4 common.o
 .data._ZN3mod6common15kTradeOffParamsE
                0x00000000        0x4 common.o
 .data._ZN3mod6common17kGulpRecoilParamsE
                0x00000000        0x4 common.o
 .data._ZN3mod6common24kUltraHammerRecoilParamsE
                0x00000000        0x4 common.o
 .data._ZN3mod6common24kSuperHammerRecoilParamsE
                0x00000000        0x4 common.o
 .data._ZN3mod6common8kNextMapE
                0x00000000        0x4 common.o
 .rodata.cst4   0x00000000        0x4 common.o
 .text          0x00000000        0x0 con_mario.o
 .data          0x00000000        0x0 con_mario.o
 .bss           0x00000000        0x0 con_mario.o
 .text          0x00000000        0x0 con_perf.o
 .data          0x00000000        0x0 con_perf.o
 .bss           0x00000000        0x0 con_perf.o
 .text          0x00000000        0x0 con_seq.o
 .data          0x00000000        0x0 con_seq.o
 .bss           0x00000000        0x0 con_seq.o
 .text          0x00000000        0x0 console.o
 .data          0x00000000        0x0 console.o
 .bss           0x00000000        0x0 console.o
 .text._ZN3mod13ConsoleSystem8logDebugEPKcz
                0x00000000       0xbc console.o
 .text._ZN3mod13ConsoleSystem12setMonospaceEb
                0x00000000       0x30 console.o
 .text._ZN3mod13ConsoleSystem8drawLineEiPKcN2gc6color4E
                0x00000000       0xd4 console.o
 .text._ZN3mod13ConsoleSystem14updateUsbGeckoEv
                0x00000000       0x14 console.o
 .text          0x00000000        0x0 cxx.o
 .data          0x00000000        0x0 cxx.o
 .bss           0x00000000        0x0 cxx.o
 .text._ZdlPv   0x00000000        0xc cxx.o
 .text._ZdaPv   0x00000000        0xc cxx.o
 .text          0x00000000        0x0 keyboard.o
 .data          0x00000000        0x0 keyboard.o
 .bss           0x00000000        0x0 keyboard.o
 .text._ZN3mod8Keyboard10setChannelEi
                0x00000000       0xc4 keyboard.o
 .text._ZN3mod8Keyboard7connectEv
                0x00000000       0x78 keyboard.o
 .text._ZN3mod8Keyboard10disconnectEv
                0x00000000       0x4c keyboard.o
 .text          0x00000000        0x0 mod.o
 .data          0x00000000        0x0 mod.o
 .bss           0x00000000        0x0 mod.o
 .text._ZN3mod3ModC2Ev
                0x00000000       0xa0 mod.o
 .text._ZN3mod3Mod11updateEarlyEv
                0x00000000       0x90 mod.o
 .text._ZN3mod3Mod4drawEv
                0x00000000        0x8 mod.o
 .text          0x00000000        0x0 patch.o
 .data          0x00000000        0x0 patch.o
 .bss           0x00000000        0x0 patch.o
 .text._ZN3mod5patch21writeStandardBranchesEPvPFvvES3_
                0x00000000       0x80 patch.o
 .text._ZN3mod5patch15replaceEvtInstrEPit
                0x00000000        0x8 patch.o
 .text._ZN3mod5patch15writeBranchMainEPvS1_j
                0x00000000       0x48 patch.o
 .text._ZN3mod5patch10writePatchEPvPKvS3_
                0x00000000       0x7c patch.o
 .text._ZN3mod5patch10writePatchEPvj
                0x00000000       0x6c patch.o
 .text._ZN3mod5patch15writeBranchPairEPvS1_S1_S1_
                0x00000000       0x88 patch.o
 .text          0x00000000        0x0 rel.o
 .data          0x00000000        0x0 rel.o
 .bss           0x00000000        0x0 rel.o
 .text          0x00000000        0x0 ug.o
 .data          0x00000000        0x0 ug.o
 .bss           0x00000000        0x0 ug.o
 .text          0x00000000        0x0 util.o
 .data          0x00000000        0x0 util.o
 .bss           0x00000000        0x0 util.o
 .text          0x00000000        0x0 aaa.o
 .data          0x00000000        0x0 aaa.o
 .bss           0x00000000        0x0 aaa.o
 .text          0x00000000        0x0 aji.o
 .data          0x00000000        0x0 aji.o
 .bss           0x00000000        0x0 aji.o
 .text          0x00000000        0x0 bom.o
 .data          0x00000000        0x0 bom.o
 .bss           0x00000000        0x0 bom.o
 .text          0x00000000        0x0 dou.o
 .data          0x00000000        0x0 dou.o
 .bss           0x00000000        0x0 dou.o
 .text          0x00000000        0x0 eki.o
 .data          0x00000000        0x0 eki.o
 .bss           0x00000000        0x0 eki.o
 .text          0x00000000        0x0 end.o
 .data          0x00000000        0x0 end.o
 .bss           0x00000000        0x0 end.o
 .text          0x00000000        0x0 gon.o
 .data          0x00000000        0x0 gon.o
 .bss           0x00000000        0x0 gon.o
 .text          0x00000000        0x0 gor_00.o
 .data          0x00000000        0x0 gor_00.o
 .bss           0x00000000        0x0 gor_00.o
 .text          0x00000000        0x0 gor_01.o
 .data          0x00000000        0x0 gor_01.o
 .bss           0x00000000        0x0 gor_01.o
 .text          0x00000000        0x0 gor_02.o
 .data          0x00000000        0x0 gor_02.o
 .bss           0x00000000        0x0 gor_02.o
 .text          0x00000000        0x0 gor_03.o
 .data          0x00000000        0x0 gor_03.o
 .bss           0x00000000        0x0 gor_03.o
 .text          0x00000000        0x0 gor_04.o
 .data          0x00000000        0x0 gor_04.o
 .bss           0x00000000        0x0 gor_04.o
 .text          0x00000000        0x0 gor_misc.o
 .data          0x00000000        0x0 gor_misc.o
 .bss           0x00000000        0x0 gor_misc.o
 .text          0x00000000        0x0 gra.o
 .data          0x00000000        0x0 gra.o
 .bss           0x00000000        0x0 gra.o
 .text          0x00000000        0x0 hei.o
 .data          0x00000000        0x0 hei.o
 .bss           0x00000000        0x0 hei.o
 .text          0x00000000        0x0 hom.o
 .data          0x00000000        0x0 hom.o
 .bss           0x00000000        0x0 hom.o
 .text          0x00000000        0x0 jin.o
 .data          0x00000000        0x0 jin.o
 .bss           0x00000000        0x0 jin.o
 .text          0x00000000        0x0 kpa.o
 .data          0x00000000        0x0 kpa.o
 .bss           0x00000000        0x0 kpa.o
 .text          0x00000000        0x0 las.o
 .data          0x00000000        0x0 las.o
 .bss           0x00000000        0x0 las.o
 .text._Z15ApplyLasPatchesPN2gc6OSLink12OSModuleInfoE
                0x00000000      0x4b4 las.o
 .text          0x00000000        0x0 main.o
 .data          0x00000000        0x0 main.o
 .bss           0x00000000        0x0 main.o
 .text          0x00000000        0x0 moo.o
 .data          0x00000000        0x0 moo.o
 .bss           0x00000000        0x0 moo.o
 .text._Z15ApplyMooPatchesPN2gc6OSLink12OSModuleInfoE
                0x00000000       0xac moo.o
 .rodata._ZL20moo_04_init_evt_hook
                0x00000000       0x28 moo.o
 .rodata._ZL19moo_04_init_evt_evt
                0x00000000      0x144 moo.o
 .text          0x00000000        0x0 mri.o
 .data          0x00000000        0x0 mri.o
 .bss           0x00000000        0x0 mri.o
 .text          0x00000000        0x0 muj.o
 .data          0x00000000        0x0 muj.o
 .bss           0x00000000        0x0 muj.o
 .text          0x00000000        0x0 nok.o
 .data          0x00000000        0x0 nok.o
 .bss           0x00000000        0x0 nok.o
 .text          0x00000000        0x0 pik.o
 .data          0x00000000        0x0 pik.o
 .bss           0x00000000        0x0 pik.o
 .text          0x00000000        0x0 rsh.o
 .data          0x00000000        0x0 rsh.o
 .bss           0x00000000        0x0 rsh.o
 .text          0x00000000        0x0 tik.o
 .data          0x00000000        0x0 tik.o
 .bss           0x00000000        0x0 tik.o
 .text._Z24checkChapterRequirementsPN4ttyd6evtmgr8EvtEntryEb
                0x00000000       0xdc tik.o
 .text          0x00000000        0x0 tou.o
 .data          0x00000000        0x0 tou.o
 .bss           0x00000000        0x0 tou.o
 .text          0x00000000        0x0 tou2.o
 .data          0x00000000        0x0 tou2.o
 .bss           0x00000000        0x0 tou2.o
 .text          0x00000000        0x0 usu.o
 .data          0x00000000        0x0 usu.o
 .bss           0x00000000        0x0 usu.o
 .text          0x00000000        0x0 win.o
 .data          0x00000000        0x0 win.o
 .bss           0x00000000        0x0 win.o
 .data          0x00000000        0x0 asm_main.o
 .bss           0x00000000        0x0 asm_main.o
 .text          0x00000000       0x7c patch_ih.o
 .data          0x00000000        0x0 patch_ih.o
 .bss           0x00000000        0x0 patch_ih.o
 .text          0x00000000        0x0 C:/devkitPro/devkitPPC/bin/../lib/gcc/powerpc-eabi/13.1.0\libgcc.a(_divdi3.o)
 .data          0x00000000        0x0 C:/devkitPro/devkitPPC/bin/../lib/gcc/powerpc-eabi/13.1.0\libgcc.a(_divdi3.o)
 .bss           0x00000000        0x0 C:/devkitPro/devkitPPC/bin/../lib/gcc/powerpc-eabi/13.1.0\libgcc.a(_divdi3.o)

Memory Configuration

Name             Origin             Length             Attributes
*default*        0x00000000         0xffffffff

Linker script and memory map

                0x80003100                        . = 0x80003100

.init
 *crt0.o(*.init)
 *(.init)

.plt
 *(.plt)

.interp
 *(.interp)

.hash
 *(.hash)

.dynsym
 *(.dynsym)

.dynstr
 *(.dynstr)

.gnu.version
 *(.gnu.version)

.gnu.version_d
 *(.gnu.version_d)

.gnu.version_r
 *(.gnu.version_r)

.rel.init
 *(.rel.init)

.rela.init
 *(.rela.init)

.rel.text
 *(.rel.text .rel.text.* .rel.gnu.linkonce.t.*)

.rela.text
 *(.rela.text .rela.text.* .rela.gnu.linkonce.t.*)

.rel.fini
 *(.rel.fini)

.rela.fini
 *(.rela.fini)

.rel.rodata
 *(.rel.rodata .rel.rodata.* .rel.gnu.linkonce.r.*)

.rela.rodata
 *(.rela.rodata .rela.rodata.* .rela.gnu.linkonce.r.*)

.rel.data
 *(.rel.data .rel.data.* .rel.gnu.linkonce.d.*)

.rela.data
 *(.rela.data .rela.data.* .rela.gnu.linkonce.d.*)

.rel.tdata
 *(.rel.tdata .rel.tdata.* .rel.gnu.linkonce.td.*)

.rela.tdata
 *(.rela.tdata .rela.tdata.* .rela.gnu.linkonce.td.*)

.rel.tbss
 *(.rel.tbss .rel.tbss.* .rel.gnu.linkonce.tb.*)

.rela.tbss
 *(.rela.tbss .rela.tbss.* .rela.gnu.linkonce.tb.*)

.rel.ctors
 *(.rel.ctors)

.rela.ctors
 *(.rela.ctors)

.rel.dtors
 *(.rel.dtors)

.rela.dtors
 *(.rela.dtors)

.rel.got
 *(.rel.got)

.rela.got
 *(.rela.got)

.rela.got1
 *(.rela.got1)

.rela.got2
 *(.rela.got2)

.rel.sdata
 *(.rel.sdata .rel.sdata.* .rel.gnu.linkonce.s.*)

.rela.sdata
 *(.rela.sdata .rela.sdata.* .rela.gnu.linkonce.s.*)

.rel.sbss
 *(.rel.sbss .rel.sbss.* .rel.gnu.linkonce.sb.*)

.rela.sbss
 *(.rela.sbss .rela.sbss.* .rel.gnu.linkonce.sb.*)

.rel.sdata2
 *(.rel.sdata2 .rel.sdata2.* .rel.gnu.linkonce.s2.*)

.rela.sdata2
 *(.rela.sdata2 .rela.sdata2.* .rela.gnu.linkonce.s2.*)

.rel.sbss2
 *(.rel.sbss2 .rel.sbss2.* .rel.gnu.linkonce.sb2.*)

.rela.sbss2
 *(.rela.sbss2 .rela.sbss2.* .rela.gnu.linkonce.sb2.*)

.rel.bss
 *(.rel.bss .rel.bss.* .rel.gnu.linkonce.b.*)

.rela.bss
 *(.rela.bss .rela.bss.* .rela.gnu.linkonce.b.*)

.rel.plt
 *(.rel.plt)

.rela.plt
 *(.rela.plt)

.text           0x80003100     0xcbc0
 *(.text)
 .text          0x80003100      0x204 asm_main.o
                0x80003100                bMapGXArrInject
                0x8000310c                bMapGXArrInjectReturn
                0x80003110                bMapGXArrIncrement
                0x80003118                bMapGXArrIncrementReturn
                0x8000311c                bMapGXChSplit
                0x80003128                bMapGXChSplitReturn
                0x8000312c                bWinLogArrInject
                0x80003138                bWinLogArrInjectReturn
                0x8000313c                bWinLogArrIncrement
                0x80003144                bWinLogArrIncrementReturn
                0x80003148                bChapterClearCheck
                0x80003190                bJohoyaSeqAddition
                0x800031c8                bPrintPartyAddErrorFix
                0x80003204                bPrintPartyAddErrorFixReturn
                0x80003208                bPrintPartyErrorFix
                0x80003244                bPrintPartyErrorFixReturn
                0x80003248                win_log_mapGX_arr
 *(.text.*)
 *fill*         0x80003304        0x0 00000000
 .text._ZZN3mod3owr3OWR4InitEvENUlvE_4_FUNEv
                0x80003304       0x10 OWR.o
 .text._ZZN3mod3owr3OWR4InitEvENUlPKcE_4_FUNES3_
                0x80003314       0x9c OWR.o
 .text._ZN3mod3owr3OWRC2Ev
                0x800033b0        0xc OWR.o
                0x800033b0                _ZN3mod3owr3OWRC1Ev
                0x800033b0                _ZN3mod3owr3OWRC2Ev
 .text._ZN3mod3owr3OWR12SequenceInitEv
                0x800033bc      0x1dc OWR.o
                0x800033bc                _ZN3mod3owr3OWR12SequenceInitEv
 .text._ZN3mod3owr3OWR4InitEv
                0x80003598      0x134 OWR.o
                0x80003598                _ZN3mod3owr3OWR4InitEv
 .text._ZN3mod3owr3OWR6UpdateEv
                0x800036cc       0x4c OWR.o
                0x800036cc                _ZN3mod3owr3OWR6UpdateEv
 .text._ZN3mod3owr3OWR4DrawEv
                0x80003718        0x4 OWR.o
                0x80003718                _ZN3mod3owr3OWR4DrawEv
 .text._ZN3mod3owr3OWR14OnModuleLoadedEPN2gc6OSLink12OSModuleInfoE
                0x8000371c       0xd4 OWR.o
                0x8000371c                _ZN3mod3owr3OWR14OnModuleLoadedEPN2gc6OSLink12OSModuleInfoE
 .text._ZZN3mod3owr3OWR4InitEvENUlPN2gc6OSLink12OSModuleInfoEPvE_4_FUNES5_S6_
                0x800037f0       0x84 OWR.o
 .text.startup._GLOBAL__sub_I__Z13strcpy_StringPcPKc
                0x80003874       0x14 OWR.o
 .text._ZN3modL13mod_if_func22Ev
                0x80003888       0x54 con_mario.o
 .text.startup._GLOBAL__sub_I__ZN3mod13mario_set_posE
                0x800038dc       0x88 con_mario.o
 .text._ZN3modL13mod_if_func46Ev
                0x80003964      0x19c con_perf.o
 .text.startup._GLOBAL__sub_I__ZN3mod15perf_fake_spikeE
                0x80003b00       0x8c con_perf.o
 .text._ZZN3modL13mod_if_func16EvENUlPN4ttyd6seqdrv7SeqInfoEE_4_FUNES3_
                0x80003b8c       0x44 con_seq.o
 .text._ZN3modL13mod_if_func16Ev
                0x80003bd0       0x74 con_seq.o
 .text.startup._GLOBAL__sub_I__ZN3mod13seq_logo_skipE
                0x80003c44       0x8c con_seq.o
 .text._ZN3mod13ConsoleSystem4initEv
                0x80003cd0       0x38 console.o
                0x80003cd0                _ZN3mod13ConsoleSystem4initEv
 .text._ZN3mod13ConsoleSystem8logColorEPKcN2gc6color4E
                0x80003d08      0x2a8 console.o
                0x80003d08                _ZN3mod13ConsoleSystem8logColorEPKcN2gc6color4E
 .text._ZN3mod13ConsoleSystem7logInfoEPKcz
                0x80003fb0       0xb8 console.o
                0x80003fb0                _ZN3mod13ConsoleSystem7logInfoEPKcz
 .text._ZN3mod7CC_findEPKc
                0x80004068      0x12c console.o
                0x80004068                _ZN3mod7CC_findEPKc
 .text._ZN3mod13ConsoleSystem10logWarningEPKcz
                0x80004194       0xbc console.o
                0x80004194                _ZN3mod13ConsoleSystem10logWarningEPKcz
 .text._ZN3mod13ConsoleSystem8logErrorEPKcz
                0x80004250       0xbc console.o
                0x80004250                _ZN3mod13ConsoleSystem8logErrorEPKcz
 .text._ZN3mod13ConsoleSystem7overlayEPKcz
                0x8000430c       0xd0 console.o
                0x8000430c                _ZN3mod13ConsoleSystem7overlayEPKcz
 .text._ZN3mod13ConsoleSystem14processCommandEPKc
                0x800043dc      0x288 console.o
                0x800043dc                _ZN3mod13ConsoleSystem14processCommandEPKc
 .text._ZN3mod13ConsoleSystem12updatePromptEv
                0x80004664      0x974 console.o
                0x80004664                _ZN3mod13ConsoleSystem12updatePromptEv
 .text._ZN3mod13ConsoleSystem14updateUsbGeckoEv.part.0
                0x80004fd8      0x19c console.o
 .text._ZN3mod13ConsoleSystem6updateEv
                0x80005174       0x70 console.o
                0x80005174                _ZN3mod13ConsoleSystem6updateEv
 .text._ZN3mod13ConsoleSystem4dispEv
                0x800051e4      0x534 console.o
                0x800051e4                _ZN3mod13ConsoleSystem4dispEv
 .text._ZZN3mod13ConsoleSystem6updateEvENUlN4ttyd7dispdrv8CameraIdEPvE_4_FUNES3_S4_
                0x80005718        0x8 console.o
 .text.startup._GLOBAL__sub_I__ZN3mod10ConCommand6sFirstE
                0x80005720      0x1ac console.o
 .text._Znwj    0x800058cc        0xc cxx.o
                0x800058cc                _Znwj
 .text._Znaj    0x800058d8        0xc cxx.o
                0x800058d8                _Znaj
 .text._ZN3mod8KeyboardC2Ei
                0x800058e4       0x84 keyboard.o
                0x800058e4                _ZN3mod8KeyboardC2Ei
                0x800058e4                _ZN3mod8KeyboardC1Ei
 .text._ZN3mod8Keyboard6updateEv
                0x80005968      0x59c keyboard.o
                0x80005968                _ZN3mod8Keyboard6updateEv
 .text._ZZN3mod3Mod4initEvENUlvE0_4_FUNEv
                0x80005f04        0x4 mod.o
 .text._ZZN3mod3Mod11updateEarlyEvENUlN4ttyd7dispdrv8CameraIdEPvE_4_FUNES3_S4_
                0x80005f08        0x8 mod.o
 .text._ZZN3mod3Mod4initEvENUlvE_4_FUNEv
                0x80005f10       0x94 mod.o
 .text._ZN3mod3Mod4initEv
                0x80005fa4       0xfc mod.o
                0x80005fa4                _ZN3mod3Mod4initEv
 .text.startup._ZN3mod4mainEv
                0x800060a0       0xb0 mod.o
                0x800060a0                _ZN3mod4mainEv
 .text._ZN3mod5patch17clear_DC_IC_CacheEPvj
                0x80006150       0x40 patch.o
                0x80006150                _ZN3mod5patch17clear_DC_IC_CacheEPvj
 .text._ZN3mod5patch11writeBranchEPvS1_
                0x80006190       0x4c patch.o
                0x80006190                _ZN3mod5patch11writeBranchEPvS1_
 .text._ZN3mod5patch14writeEvtBranchEPiPKib
                0x800061dc       0x1c patch.o
                0x800061dc                _ZN3mod5patch14writeEvtBranchEPiPKib
 .text._ZN3mod5patch13writeBranchBLEPvS1_
                0x800061f8       0x50 patch.o
                0x800061f8                _ZN3mod5patch13writeBranchBLEPvS1_
 .text._ZN3mod5patch10writePatchEPvPKvj
                0x80006248       0x7c patch.o
                0x80006248                _ZN3mod5patch10writePatchEPvPKvj
 .text._ZN3mod5patch15writeBranchPairEPvS1_S1_
                0x800062c4       0x80 patch.o
                0x800062c4                _ZN3mod5patch15writeBranchPairEPvS1_S1_
 .text._prolog  0x80006344       0xac rel.o
                0x80006344                _prolog
 .text._epilog  0x800063f0       0xac rel.o
                0x800063f0                _epilog
 .text._unresolved
                0x8000649c        0x4 rel.o
                0x8000649c                _unresolved
 .text._ZN3mod7ugProbeEi
                0x800064a0      0x110 ug.o
                0x800064a0                _ZN3mod7ugProbeEi
 .text._ZN3mod6ugSendEiPKvi
                0x800065b0      0x12c ug.o
                0x800065b0                _ZN3mod6ugSendEiPKvi
 .text._ZN3mod6ugRecvEiPvi
                0x800066dc      0x124 ug.o
                0x800066dc                _ZN3mod6ugRecvEiPvi
 .text.strstr   0x80006800       0xf0 util.o
                0x80006800                strstr
 .text._Z15ApplyAaaPatchesPN2gc6OSLink12OSModuleInfoE
                0x800068f0       0x50 aaa.o
                0x800068f0                _Z15ApplyAaaPatchesPN2gc6OSLink12OSModuleInfoE
 .text._Z15ApplyAjiPatchesPN2gc6OSLink12OSModuleInfoE
                0x80006940      0x8ac aji.o
                0x80006940                _Z15ApplyAjiPatchesPN2gc6OSLink12OSModuleInfoE
 .text._Z15ApplyBomPatchesPN2gc6OSLink12OSModuleInfoE
                0x800071ec      0x32c bom.o
                0x800071ec                _Z15ApplyBomPatchesPN2gc6OSLink12OSModuleInfoE
 .text._Z15ApplyDouPatchesPN2gc6OSLink12OSModuleInfoE
                0x80007518      0x30c dou.o
                0x80007518                _Z15ApplyDouPatchesPN2gc6OSLink12OSModuleInfoE
 .text._Z15ApplyEkiPatchesPN2gc6OSLink12OSModuleInfoE
                0x80007824      0x280 eki.o
                0x80007824                _Z15ApplyEkiPatchesPN2gc6OSLink12OSModuleInfoE
 .text._Z15ApplyEndPatchesPN2gc6OSLink12OSModuleInfoE
                0x80007aa4       0x30 end.o
                0x80007aa4                _Z15ApplyEndPatchesPN2gc6OSLink12OSModuleInfoE
 .text._Z15ApplyGonPatchesPN2gc6OSLink12OSModuleInfoE
                0x80007ad4      0x354 gon.o
                0x80007ad4                _Z15ApplyGonPatchesPN2gc6OSLink12OSModuleInfoE
 .text._Z17ApplyGor00PatchesPN2gc6OSLink12OSModuleInfoE
                0x80007e28      0x624 gor_00.o
                0x80007e28                _Z17ApplyGor00PatchesPN2gc6OSLink12OSModuleInfoE
 .text.startup._GLOBAL__sub_I__Z17ApplyGor00PatchesPN2gc6OSLink12OSModuleInfoE
                0x8000844c       0x14 gor_00.o
 .text._Z17ApplyGor01PatchesPN2gc6OSLink12OSModuleInfoE
                0x80008460      0x444 gor_01.o
                0x80008460                _Z17ApplyGor01PatchesPN2gc6OSLink12OSModuleInfoE
 .text._Z17ApplyGor02PatchesPN2gc6OSLink12OSModuleInfoE
                0x800088a4      0x450 gor_02.o
                0x800088a4                _Z17ApplyGor02PatchesPN2gc6OSLink12OSModuleInfoE
 .text._Z17ApplyGor03PatchesPN2gc6OSLink12OSModuleInfoE
                0x80008cf4      0x4d8 gor_03.o
                0x80008cf4                _Z17ApplyGor03PatchesPN2gc6OSLink12OSModuleInfoE
 .text._Z17ApplyGor04PatchesPN2gc6OSLink12OSModuleInfoE
                0x800091cc      0x17c gor_04.o
                0x800091cc                _Z17ApplyGor04PatchesPN2gc6OSLink12OSModuleInfoE
 .text._Z19ApplyGorMiscPatchesPN2gc6OSLink12OSModuleInfoE
                0x80009348      0x118 gor_misc.o
                0x80009348                _Z19ApplyGorMiscPatchesPN2gc6OSLink12OSModuleInfoE
 .text._Z15ApplyGraPatchesPN2gc6OSLink12OSModuleInfoE
                0x80009460      0x210 gra.o
                0x80009460                _Z15ApplyGraPatchesPN2gc6OSLink12OSModuleInfoE
 .text._Z15ApplyHeiPatchesPN2gc6OSLink12OSModuleInfoE
                0x80009670      0x230 hei.o
                0x80009670                _Z15ApplyHeiPatchesPN2gc6OSLink12OSModuleInfoE
 .text._Z15ApplyHomPatchesPN2gc6OSLink12OSModuleInfoE
                0x800098a0      0x140 hom.o
                0x800098a0                _Z15ApplyHomPatchesPN2gc6OSLink12OSModuleInfoE
 .text._Z15ApplyJinPatchesPN2gc6OSLink12OSModuleInfoE
                0x800099e0      0x324 jin.o
                0x800099e0                _Z15ApplyJinPatchesPN2gc6OSLink12OSModuleInfoE
 .text._Z15ApplyKpaPatchesPN2gc6OSLink12OSModuleInfoE
                0x80009d04       0xe4 kpa.o
                0x80009d04                _Z15ApplyKpaPatchesPN2gc6OSLink12OSModuleInfoE
 .text._Z24ApplyMainAssemblyPatchesv
                0x80009de8      0x4d0 main.o
                0x80009de8                _Z24ApplyMainAssemblyPatchesv
 .text._Z22ApplyMainScriptPatchesv
                0x8000a2b8      0x1e8 main.o
                0x8000a2b8                _Z22ApplyMainScriptPatchesv
 .text._Z15ApplyMriPatchesPN2gc6OSLink12OSModuleInfoE
                0x8000a4a0      0xc14 mri.o
                0x8000a4a0                _Z15ApplyMriPatchesPN2gc6OSLink12OSModuleInfoE
 .text._Z15ApplyMujPatchesPN2gc6OSLink12OSModuleInfoE
                0x8000b0b4      0x998 muj.o
                0x8000b0b4                _Z15ApplyMujPatchesPN2gc6OSLink12OSModuleInfoE
 .text._Z15ApplyNokPatchesPN2gc6OSLink12OSModuleInfoE
                0x8000ba4c      0x390 nok.o
                0x8000ba4c                _Z15ApplyNokPatchesPN2gc6OSLink12OSModuleInfoE
 .text._Z15ApplyPikPatchesPN2gc6OSLink12OSModuleInfoE
                0x8000bddc      0x518 pik.o
                0x8000bddc                _Z15ApplyPikPatchesPN2gc6OSLink12OSModuleInfoE
 .text._Z15ApplyRshPatchesPN2gc6OSLink12OSModuleInfoE
                0x8000c2f4      0xecc rsh.o
                0x8000c2f4                _Z15ApplyRshPatchesPN2gc6OSLink12OSModuleInfoE
 .text._Z18checkChapterClearsPN4ttyd6evtmgr8EvtEntryEb
                0x8000d1c0       0x8c tik.o
                0x8000d1c0                _Z18checkChapterClearsPN4ttyd6evtmgr8EvtEntryEb
 .text._Z15ApplyTikPatchesPN2gc6OSLink12OSModuleInfoE
                0x8000d24c      0x5c0 tik.o
                0x8000d24c                _Z15ApplyTikPatchesPN2gc6OSLink12OSModuleInfoE
 .text._Z15ApplyTouPatchesPN2gc6OSLink12OSModuleInfoE
                0x8000d80c     0x1130 tou.o
                0x8000d80c                _Z15ApplyTouPatchesPN2gc6OSLink12OSModuleInfoE
 .text._Z16ApplyTou2PatchesPN2gc6OSLink12OSModuleInfoE
                0x8000e93c      0x384 tou2.o
                0x8000e93c                _Z16ApplyTou2PatchesPN2gc6OSLink12OSModuleInfoE
 .text._Z15ApplyUsuPatchesPN2gc6OSLink12OSModuleInfoE
                0x8000ecc0      0x8e4 usu.o
                0x8000ecc0                _Z15ApplyUsuPatchesPN2gc6OSLink12OSModuleInfoE
 .text._Z15ApplyWinPatchesPN2gc6OSLink12OSModuleInfoE
                0x8000f5a4      0x318 win.o
                0x8000f5a4                _Z15ApplyWinPatchesPN2gc6OSLink12OSModuleInfoE
 .text.__divdi3
                0x8000f8bc      0x3ec C:/devkitPro/devkitPPC/bin/../lib/gcc/powerpc-eabi/13.1.0\libgcc.a(_divdi3.o)
                0x8000f8bc                __divdi3
 *(.gnu.warning)
 *(.gnu.linkonce.t.*)
                0x8000fcc0                        . = ALIGN (0x20)
 *fill*         0x8000fca8       0x18 00000000

.text._ZN3mod13mario_set_posMUlPKcE_4_FUNES2_
                0x00000000       0x6c
 .text._ZN3mod13mario_set_posMUlPKcE_4_FUNES2_
                0x00000000       0x6c con_mario.o
                0x00000000                _ZN3mod13mario_set_posMUlPKcE_4_FUNES2_
                0x00000000                _ZN3mod13mario_set_posMUlPKcE_4_FUNES1_

.text._ZN3mod15perf_fake_spikeMUlPKcE_4_FUNES2_
                0x00000000       0xa8
 .text._ZN3mod15perf_fake_spikeMUlPKcE_4_FUNES2_
                0x00000000       0xa8 con_perf.o
                0x00000000                _ZN3mod15perf_fake_spikeMUlPKcE_4_FUNES1_
                0x00000000                _ZN3mod15perf_fake_spikeMUlPKcE_4_FUNES2_

.text._ZN3mod14seq_change_mapMUlPKcE_4_FUNES2_
                0x00000000       0xf0
 .text._ZN3mod14seq_change_mapMUlPKcE_4_FUNES2_
                0x00000000       0xf0 con_seq.o
                0x00000000                _ZN3mod14seq_change_mapMUlPKcE_4_FUNES2_
                0x00000000                _ZN3mod14seq_change_mapMUlPKcE_4_FUNES1_

.text._ZN3mod8con_monoMUlPNS_9ConIntVarEiE_4_FUNES2_i
                0x00000000       0x3c
 .text._ZN3mod8con_monoMUlPNS_9ConIntVarEiE_4_FUNES2_i
                0x00000000       0x3c console.o
                0x00000000                _ZN3mod8con_monoMUlPNS_9ConIntVarEiE_4_FUNES1_i
                0x00000000                _ZN3mod8con_monoMUlPNS_9ConIntVarEiE_4_FUNES2_i

.fini           0x0000003c        0x4
 *(.fini)
                0x00000040                        . = ALIGN (0x20)
 *fill*         0x0000003c        0x4 00000000
                [!provide]                        PROVIDE (__etext = .)
                [!provide]                        PROVIDE (_etext = .)
                [!provide]                        PROVIDE (etext = .)

.rodata         0x00000040     0xb7dc
 *(.rodata)
 *(.rodata.*)
 .rodata._ZZN3mod3owr3OWR4InitEvENUlPKcE_4_FUNES3_.str1.4
                0x00000040       0x79 OWR.o
 *fill*         0x000000b9        0x3 
 .rodata._ZN3mod3owr3OWR6LZTestEv.str1.4
                0x000000bc        0x7 OWR.o
 *fill*         0x000000c3        0x1 
 .rodata._ZN3mod3owr3OWR14OnModuleLoadedEPN2gc6OSLink12OSModuleInfoE
                0x000000c4       0x74 OWR.o
 .rodata._ZN3mod13mario_set_posMUlPKcE_4_FUNES2_.str1.4
                0x00000138        0x9 con_mario.o
 *fill*         0x00000141        0x3 
 .rodata._ZN3modL13mod_if_func22Ev.str1.4
                0x00000144       0x20 con_mario.o
 .rodata._GLOBAL__sub_I__ZN3mod13mario_set_posE.str1.4
                0x00000164       0x1f con_mario.o
 *fill*         0x00000183        0x1 
 .rodata._ZN3modL13mod_if_func46Ev.str1.4
                0x00000184       0x5e con_perf.o
 *fill*         0x000001e2        0x2 
 .rodata._ZN3mod15perf_fake_spikeMUlPKcE_4_FUNES2_.str1.4
                0x000001e4        0x4 con_perf.o
 .rodata._GLOBAL__sub_I__ZN3mod15perf_fake_spikeE.str1.4
                0x000001e8       0x1f con_perf.o
 *fill*         0x00000207        0x1 
 .rodata.cst4   0x00000208       0x10 con_perf.o
 .rodata._ZN3mod14seq_change_mapMUlPKcE_4_FUNES2_.str1.4
                0x00000218       0x20 con_seq.o
 .rodata._GLOBAL__sub_I__ZN3mod13seq_logo_skipE.str1.4
                0x00000238       0x1f con_seq.o
 *fill*         0x00000257        0x1 
 .rodata._ZN3mod13ConsoleSystem8logColorEPKcN2gc6color4E.str1.4
                0x00000258       0x83 console.o
 *fill*         0x000002db        0x1 
 .rodata._ZN3mod7CC_findEPKc.str1.4
                0x000002dc       0x21 console.o
 *fill*         0x000002fd        0x3 
 .rodata._ZN3mod13ConsoleSystem14processCommandEPKc.str1.4
                0x00000300       0x2e console.o
 *fill*         0x0000032e        0x2 
 .rodata._ZN3mod13ConsoleSystem12updatePromptEv
                0x00000330      0x6c0 console.o
 .rodata._ZN3mod13ConsoleSystem14updateUsbGeckoEv.part.0.str1.4
                0x000009f0       0x75 console.o
 *fill*         0x00000a65        0x3 
 .rodata._ZN3mod13ConsoleSystem4dispEv.str1.4
                0x00000a68       0x16 console.o
 *fill*         0x00000a7e        0x2 
 .rodata._GLOBAL__sub_I__ZN3mod10ConCommand6sFirstE.str1.4
                0x00000a80       0x8d console.o
 .rodata._ZZN3mod13ConsoleSystem4dispEvE12kPromptColor
                0x00000b0d        0x4 console.o
 *fill*         0x00000b11        0x3 
 .rodata.cst4   0x00000b14        0x8 console.o
 .rodata.cst4   0x00000b1c        0x4 mod.o
 .rodata._ZL20aji_17_init_evt_hook
                0x00000b20       0x10 aji.o
 .rodata._ZL19aji_17_init_evt_evt
                0x00000b30       0x4c aji.o
 .rodata._ZL20aji_10_init_evt_hook
                0x00000b7c       0x10 aji.o
 .rodata.str1.4
                0x00000b8c       0x43 aji.o
 *fill*         0x00000bcf        0x1 
 .rodata._ZL19aji_10_init_evt_evt
                0x00000bd0      0x284 aji.o
 .rodata._ZL18teshita3_init_hook
                0x00000e54       0x10 aji.o
 .rodata._ZL17teshita3_init_evt
                0x00000e64       0xc0 aji.o
 .rodata._ZL18teshita2_init_hook
                0x00000f24       0x10 aji.o
 .rodata._ZL17teshita2_init_evt
                0x00000f34       0xc0 aji.o
 .rodata._ZL20peach_evt_ele_2_hook
                0x00000ff4       0x24 aji.o
 .rodata._ZL19peach_evt_ele_2_evt
                0x00001018       0x6c aji.o
 .rodata._ZL20aji_00_init_evt_hook
                0x00001084       0x10 aji.o
 .rodata._ZL19aji_00_init_evt_evt
                0x00001094       0x5c aji.o
 .rodata._ZL4npc4
                0x000010f0       0x13 aji.o
 *fill*         0x00001103        0x1 
 .rodata._ZL4npc3
                0x00001104        0x7 aji.o
 *fill*         0x0000110b        0x1 
 .rodata._ZL4npc2
                0x0000110c        0xf aji.o
 *fill*         0x0000111b        0x1 
 .rodata._ZL4npc1
                0x0000111c        0x7 aji.o
 *fill*         0x00001123        0x1 
 .rodata._ZL12evt_elv_hook
                0x00001124       0x28 eki.o
 .rodata.str1.4
                0x0000114c       0x30 eki.o
 .rodata._ZL11evt_elv_evt
                0x0000117c      0x104 eki.o
 .rodata._ZL21gor_00_init_evt2_hook
                0x00001280       0x10 gor_00.o
 .rodata._ZL21gor_00_init_evt1_hook
                0x00001290       0x10 gor_00.o
 .rodata.str1.4
                0x000012a0      0x2ce gor_00.o
 *fill*         0x0000156e        0x2 
 .rodata._ZL16gor_00_init_evt1
                0x00001570      0x1f8 gor_00.o
 .rodata._ZL18korutesu_init_hook
                0x00001768       0x10 gor_00.o
 .rodata._ZL17korutesu_init_evt
                0x00001778       0x58 gor_00.o
 .rodata._ZL20suifubomb_b_talk_evt
                0x000017d0       0xd4 gor_00.o
 .rodata._ZL21suifubomb_b_regl_hook
                0x000018a4       0x10 gor_00.o
 .rodata._ZL20suifubomb_b_regl_evt
                0x000018b4      0x120 gor_00.o
 .rodata._ZL20suifubomb_a_talk_evt
                0x000019d4      0x150 gor_00.o
 .rodata._ZL21suifubomb_a_regl_hook
                0x00001b24       0x10 gor_00.o
 .rodata._ZL20suifubomb_a_regl_evt
                0x00001b34       0x90 gor_00.o
 .rodata._ZL21suifubomb_a_init_hook
                0x00001bc4       0x10 gor_00.o
 .rodata._ZL20suifubomb_a_init_evt
                0x00001bd4       0xc8 gor_00.o
 .rodata._ZL16suifu_b_talk_evt
                0x00001c9c       0xd4 gor_00.o
 .rodata._ZL20luigi_npcEnt_00_hook
                0x00001d70       0x10 gor_00.o
 .rodata._ZL19luigi_npcEnt_00_evt
                0x00001d80       0x80 gor_00.o
 .rodata._ZL18luigi_init_00_hook
                0x00001e00       0x10 gor_00.o
 .rodata._ZL17luigi_init_00_evt
                0x00001e10       0x50 gor_00.o
 .rodata._ZL16mokorim_init_evt
                0x00001e60       0x30 gor_00.o
 .rodata._ZL17suifu_b_init_hook
                0x00001e90       0x10 gor_00.o
 .rodata._ZL16suifu_b_init_evt
                0x00001ea0       0xc8 gor_00.o
 .rodata._ZL17suifu_a_regl_hook
                0x00001f68       0x10 gor_00.o
 .rodata._ZL16suifu_a_regl_evt
                0x00001f78       0x80 gor_00.o
 .rodata._ZL16suifu_a_talk_evt
                0x00001ff8       0xd4 gor_00.o
 .rodata._ZL19odoodo_ani_talk_evt
                0x000020cc       0x20 gor_00.o
 .rodata._ZL15odoodo_talk_evt
                0x000020ec      0x128 gor_00.o
 .rodata._ZL16odoodo_regl_hook
                0x00002214       0x10 gor_00.o
 .rodata._ZL15odoodo_regl_evt
                0x00002224       0x94 gor_00.o
 .rodata._ZL15odoodo_init_evt
                0x000022b8      0x114 gor_00.o
 .rodata._ZL17garawaru_talk_evt
                0x000023cc       0xb8 gor_00.o
 .rodata._ZL18garawaru_regl_hook
                0x00002484       0x10 gor_00.o
 .rodata._ZL17garawaru_regl_evt
                0x00002494      0x120 gor_00.o
 .rodata._ZL18garawaru_init_hook
                0x000025b4       0x10 gor_00.o
 .rodata._ZL17garawaru_init_evt
                0x000025c4      0x140 gor_00.o
 .rodata._ZL7npcEnt2
                0x00002704        0x9 gor_00.o
 *fill*         0x0000270d        0x3 
 .rodata._ZL6npcEnt
                0x00002710        0x9 gor_00.o
 *fill*         0x00002719        0x3 
 .rodata.str1.4
                0x0000271c       0xb2 gor_01.o
 *fill*         0x000027ce        0x2 
 .rodata._ZL15bomhei_talk_evt
                0x000027d0       0x20 gor_01.o
 .rodata._ZL16chusan2_talk_evt
                0x000027f0       0x20 gor_01.o
 .rodata._ZL16chusan1_talk_evt
                0x00002810       0x20 gor_01.o
 .rodata._ZL16kuribo3_talk_evt
                0x00002830       0x20 gor_01.o
 .rodata._ZL16kuribo2_talk_evt
                0x00002850       0x20 gor_01.o
 .rodata._ZL16kuribo1_talk_evt
                0x00002870       0x20 gor_01.o
 .rodata._ZL15roten2_talk_evt
                0x00002890       0x20 gor_01.o
 .rodata._ZL15roten1_talk_evt
                0x000028b0       0x20 gor_01.o
 .rodata._ZL19shoptender_talk_evt
                0x000028d0       0x20 gor_01.o
 .rodata._ZL15kinoji_talk_evt
                0x000028f0       0x20 gor_01.o
 .rodata._ZL19bottakuru_init_hook
                0x00002910       0x10 gor_01.o
 .rodata._ZL18bottakuru_init_evt
                0x00002920       0x70 gor_01.o
 .rodata._ZL18marco_init_01_hook
                0x00002990       0x10 gor_01.o
 .rodata._ZL17marco_init_01_evt
                0x000029a0       0x40 gor_01.o
 .rodata._ZL20badgemaster_talk_evt
                0x000029e0       0x20 gor_01.o
 .rodata._ZL15luigi_init_hook
                0x00002a00        0xc gor_02.o
 .rodata.str1.4
                0x00002a0c      0x276 gor_02.o
 *fill*         0x00002c82        0x2 
 .rodata._ZL14luigi_init_evt
                0x00002c84       0x4c gor_02.o
 .rodata._ZL20tozokudan2_talk_hook
                0x00002cd0        0xc gor_02.o
 .rodata._ZL19tozokudan2_talk_evt
                0x00002cdc      0x160 gor_02.o
 .rodata._ZL20tozokudan1_talk_hook
                0x00002e3c        0xc gor_02.o
 .rodata._ZL19tozokudan1_talk_evt
                0x00002e48      0x160 gor_02.o
 .rodata._ZL20kurihakase_init_hook
                0x00002fa8       0x10 gor_02.o
 .rodata._ZL19kurihakase_init_evt
                0x00002fb8      0x294 gor_02.o
 .rodata._ZL19kurihakase_talk_evt
                0x0000324c      0x2cc gor_02.o
 .rodata._ZL22evt_door_02_open_hook2
                0x00003518       0x10 gor_02.o
 .rodata._ZL21evt_door_02_open_evt2
                0x00003528       0xc4 gor_02.o
 .rodata._ZL21evt_door_02_open_hook
                0x000035ec       0x10 gor_02.o
 .rodata._ZL20evt_door_02_open_evt
                0x000035fc      0x188 gor_02.o
 .rodata._ZL21gor_02_init_evt2_hook
                0x00003784       0x10 gor_02.o
 .rodata._ZL16gor_02_init_evt2
                0x00003794       0xcc gor_02.o
 .rodata._ZL21gor_02_init_evt1_hook
                0x00003860       0x10 gor_02.o
 .rodata._ZL16gor_02_init_evt1
                0x00003870      0x138 gor_02.o
 .rodata._ZL16borodo2_talk_evt
                0x000039a8       0x20 gor_02.o
 .rodata._ZL16borodo1_talk_evt
                0x000039c8       0x20 gor_02.o
 .rodata._ZL15roten3_talk_evt
                0x000039e8       0x20 gor_02.o
 .rodata._ZL16chusan3_talk_evt
                0x00003a08       0x20 gor_02.o
 .rodata._ZL16kuribo4_talk_evt
                0x00003a28       0x20 gor_02.o
 .rodata._ZL20gor_03_init_evt_hook
                0x00003a48       0x10 gor_03.o
 .rodata.str1.4
                0x00003a58      0x129 gor_03.o
 *fill*         0x00003b81        0x3 
 .rodata._ZL19gor_03_init_evt_evt
                0x00003b84      0x160 gor_03.o
 .rodata._ZL16maffia3_talk_evt
                0x00003ce4       0x20 gor_03.o
 .rodata._ZL16maffia2_talk_evt
                0x00003d04      0x140 gor_03.o
 .rodata._ZL16maffia1_talk_evt
                0x00003e44      0x140 gor_03.o
 .rodata._ZL26maffiaboss_casino_talk_evt
                0x00003f84       0x20 gor_03.o
 .rodata._ZL26maffiaboss_talk_common_evt
                0x00003fa4      0x120 gor_03.o
 .rodata.str1.4
                0x000040c4       0x18 gra.o
 .rodata._ZL17evt_machibuse_evt
                0x000040dc       0x4c gra.o
 .rodata._ZL8doopliss
                0x00004128        0xb gra.o
 *fill*         0x00004133        0x1 
 .rodata._ZL20mri_09_init_evt_hook
                0x00004134       0x10 mri.o
 .rodata.str1.4
                0x00004144      0x19f mri.o
 *fill*         0x000042e3        0x1 
 .rodata._ZL19mri_09_init_evt_evt
                0x000042e4      0x14c mri.o
 .rodata._ZL20mri_04_init_evt_hook
                0x00004430       0x10 mri.o
 .rodata._ZL19mri_04_init_evt_evt
                0x00004440       0x30 mri.o
 .rodata._ZL16bero_custom_hook
                0x00004470       0x10 mri.o
 .rodata._ZL15bero_custom_evt
                0x00004480       0x44 mri.o
 .rodata._ZL21mri_01_init_evt_hook2
                0x000044c4       0x10 mri.o
 .rodata._ZL19mri_01_init_evt_evt
                0x000044d4       0x30 mri.o
 .rodata._ZL18puniinfo_talk_hook
                0x00004504       0x10 mri.o
 .rodata._ZL20mri_03_init_evt_hook
                0x00004514       0x14 mri.o
 .rodata._ZL22mri_03_init_evt_switch
                0x00004528       0x9c mri.o
 .rodata._ZL20mri_01_init_evt_hook
                0x000045c4       0x14 mri.o
 .rodata._ZL22mri_01_init_evt_switch
                0x000045d8       0xb0 mri.o
 .rodata._ZL23mri_sister_init_01_hook
                0x00004688       0x10 mri.o
 .rodata._ZL22mri_sister_init_01_evt
                0x00004698       0xa8 mri.o
 .rodata._ZL16puni_2_init_hook
                0x00004740       0x10 mri.o
 .rodata._ZL15puni_2_init_evt
                0x00004750       0x78 mri.o
 .rodata._ZL16puni_1_talk_hook
                0x000047c8       0x10 mri.o
 .rodata._ZL15puni_1_talk_evt
                0x000047d8       0xb0 mri.o
 .rodata._ZL16puni_1_init_hook
                0x00004888       0x10 mri.o
 .rodata._ZL15puni_1_init_evt
                0x00004898       0x78 mri.o
 .rodata._ZL15elder_talk_hook
                0x00004910       0x10 mri.o
 .rodata._ZL14elder_talk_evt
                0x00004920       0xb8 mri.o
 .rodata._ZL22mri_elder_init_01_hook
                0x000049d8       0x10 mri.o
 .rodata._ZL21mri_elder_init_01_evt
                0x000049e8       0xcc mri.o
 .rodata._ZL22mri_rival_init_01_hook
                0x00004ab4       0x10 mri.o
 .rodata._ZL21mri_rival_init_01_evt
                0x00004ac4       0xa8 mri.o
 .rodata._ZL18guide_init_01_hook
                0x00004b6c       0x10 mri.o
 .rodata._ZL17guide_init_01_evt
                0x00004b7c       0x8c mri.o
 .rodata._ZL15guide_talk_hook
                0x00004c08       0x10 mri.o
 .rodata._ZL14guide_talk_evt
                0x00004c18       0x98 mri.o
 .rodata._ZL18guide_init_00_hook
                0x00004cb0       0x10 mri.o
 .rodata._ZL17guide_init_00_evt
                0x00004cc0      0x150 mri.o
 .rodata._ZL20muj_01_init_evt_hook
                0x00004e10       0x14 muj.o
 .rodata._ZL19muj_01_init_evt_evt
                0x00004e24       0x50 muj.o
 .rodata._ZL21borosuifu_b_talk_hook
                0x00004e74       0x10 muj.o
 .rodata.str1.4
                0x00004e84      0x384 muj.o
 .rodata._ZL20borosuifu_b_talk_evt
                0x00005208       0xf8 muj.o
 .rodata._ZL21borosuifu_a_talk_hook
                0x00005300       0x10 muj.o
 .rodata._ZL20borosuifu_a_talk_evt
                0x00005310       0xf8 muj.o
 .rodata._ZL24suifu_d_talk_muj_01_hook
                0x00005408       0x10 muj.o
 .rodata._ZL23suifu_d_talk_muj_01_evt
                0x00005418       0xf8 muj.o
 .rodata._ZL20suifu_bomb_talk_hook
                0x00005510       0x10 muj.o
 .rodata._ZL19suifu_bomb_talk_evt
                0x00005520       0xf4 muj.o
 .rodata._ZL20suifu_bomb_init_hook
                0x00005614       0x10 muj.o
 .rodata._ZL19suifu_bomb_init_evt
                0x00005624       0x30 muj.o
 .rodata._ZL24suifu_a_talk_muj_01_hook
                0x00005654       0x10 muj.o
 .rodata._ZL23suifu_a_talk_muj_01_evt
                0x00005664       0xf4 muj.o
 .rodata._ZL24suifu_a_init_muj_01_hook
                0x00005758       0x10 muj.o
 .rodata._ZL23suifu_a_init_muj_01_evt
                0x00005768       0x30 muj.o
 .rodata._ZL23odoodo_init_muj_01_hook
                0x00005798       0x10 muj.o
 .rodata._ZL22odoodo_init_muj_01_evt
                0x000057a8       0x30 muj.o
 .rodata._ZL23megane_init_muj_01_hook
                0x000057d8       0x10 muj.o
 .rodata._ZL22megane_init_muj_01_evt
                0x000057e8       0x30 muj.o
 .rodata._ZL22marco_init_muj_01_hook
                0x00005818       0x10 muj.o
 .rodata._ZL21marco_init_muj_01_evt
                0x00005828       0xcc muj.o
 .rodata._ZL25garawaru_talk_muj_01_hook
                0x000058f4       0x10 muj.o
 .rodata._ZL24garawaru_talk_muj_01_evt
                0x00005904      0x4b4 muj.o
 .rodata._ZL25garawaru_init_muj_01_hook
                0x00005db8       0x10 muj.o
 .rodata._ZL24garawaru_init_muj_01_evt
                0x00005dc8      0x11c muj.o
 .rodata._ZL20muj_00_init_evt_hook
                0x00005ee4       0x44 muj.o
 .rodata._ZL21muj_00_init_evt_evt_2
                0x00005f28       0x70 muj.o
 .rodata._ZL19muj_00_init_evt_evt
                0x00005f98       0x40 muj.o
 .rodata._ZL22peton_talk_muj_00_hook
                0x00005fd8       0x10 muj.o
 .rodata._ZL21peton_talk_muj_00_evt
                0x00005fe8       0x8c muj.o
 .rodata._ZL21mony_talk_muj_00_hook
                0x00006074       0x10 muj.o
 .rodata._ZL20mony_talk_muj_00_evt
                0x00006084       0x8c muj.o
 .rodata._ZL17nokorin_talk_hook
                0x00006110       0x10 nok.o
 .rodata.str1.4
                0x00006120      0x4ee nok.o
 *fill*         0x0000660e        0x2 
 .rodata._ZL16nokorin_talk_evt
                0x00006610      0x2f4 nok.o
 .rodata._ZL19boss_noko_talk_hook
                0x00006904       0x10 nok.o
 .rodata._ZL18boss_noko_talk_evt
                0x00006914      0x164 nok.o
 .rodata._ZL20nokonoko_K_talk_hook
                0x00006a78       0x10 nok.o
 .rodata._ZL19nokonoko_K_talk_evt
                0x00006a88       0xd4 nok.o
 .rodata._ZL18nokopapa_talk_hook
                0x00006b5c       0x10 nok.o
 .rodata._ZL17nokopapa_talk_evt
                0x00006b6c      0x128 nok.o
 .rodata._ZL16monban_talk_hook
                0x00006c94       0x10 nok.o
 .rodata._ZL15monban_talk_evt
                0x00006ca4      0x11c nok.o
 .rodata._ZL20nokonoko_I_talk_hook
                0x00006dc0       0x10 nok.o
 .rodata._ZL19nokonoko_I_talk_evt
                0x00006dd0       0xd4 nok.o
 .rodata._ZL20nokonoko_H_talk_hook
                0x00006ea4       0x10 nok.o
 .rodata._ZL19nokonoko_H_talk_evt
                0x00006eb4       0xfc nok.o
 .rodata._ZL20nokonoko_G_talk_hook
                0x00006fb0       0x10 nok.o
 .rodata._ZL19nokonoko_G_talk_evt
                0x00006fc0       0xd4 nok.o
 .rodata._ZL15talk_white_hook
                0x00007094       0x10 nok.o
 .rodata._ZL14talk_white_evt
                0x000070a4       0xa4 nok.o
 .rodata._ZL15init_white_hook
                0x00007148       0x10 nok.o
 .rodata._ZL14init_white_evt
                0x00007158       0x44 nok.o
 .rodata._ZL20nokonoko_F_talk_hook
                0x0000719c       0x10 nok.o
 .rodata._ZL19nokonoko_F_talk_evt
                0x000071ac       0xd4 nok.o
 .rodata._ZL20nokonoko_D_talk_hook
                0x00007280       0x10 nok.o
 .rodata._ZL19nokonoko_D_talk_evt
                0x00007290       0xfc nok.o
 .rodata._ZL20nokonoko_C_talk_hook
                0x0000738c       0x10 nok.o
 .rodata._ZL19nokonoko_C_talk_evt
                0x0000739c       0xd4 nok.o
 .rodata._ZL20nokonoko_B_talk_hook
                0x00007470       0x10 nok.o
 .rodata._ZL19nokonoko_B_talk_evt
                0x00007480       0xd4 nok.o
 .rodata._ZL20nokonoko_A_talk_hook
                0x00007554       0x10 nok.o
 .rodata._ZL19nokonoko_A_talk_evt
                0x00007564      0x10c nok.o
 .rodata._ZL14evt_daiza_hook
                0x00007670       0x1c pik.o
 .rodata.str1.4
                0x0000768c      0x142 pik.o
 *fill*         0x000077ce        0x2 
 .rodata._ZL13evt_daiza_evt
                0x000077d0       0x5c pik.o
 .rodata._ZL18pik_evt_powan_hook
                0x0000782c       0x28 pik.o
 .rodata._ZL17pik_evt_powan_evt
                0x00007854       0x94 pik.o
 .rodata._ZL16takun6_talk_hook
                0x000078e8       0x10 pik.o
 .rodata._ZL15takun6_talk_evt
                0x000078f8       0x78 pik.o
 .rodata._ZL16takun5_talk_hook
                0x00007970       0x10 pik.o
 .rodata._ZL15takun5_talk_evt
                0x00007980       0x78 pik.o
 .rodata._ZL16takun4_talk_hook
                0x000079f8       0x10 pik.o
 .rodata._ZL15takun4_talk_evt
                0x00007a08       0xb4 pik.o
 .rodata._ZL18miyageya_talk_hook
                0x00007abc       0x28 pik.o
 .rodata._ZL17miyageya_talk_evt
                0x00007ae4      0x114 pik.o
 .rodata._ZL28talk_madam_ring_return_hook2
                0x00007bf8       0x10 rsh.o
 .rodata._ZL28talk_madam_ring_return_hook1
                0x00007c08       0x10 rsh.o
 .rodata._ZL26talk_madam_ring_return_evt
                0x00007c18       0x78 rsh.o
 .rodata._ZL16init_konari_hook
                0x00007c90       0x10 rsh.o
 .rodata._ZL14init_papa_hook
                0x00007ca0       0x10 rsh.o
 .rodata.str1.4
                0x00007cb0      0x1d5 rsh.o
 *fill*         0x00007e85        0x3 
 .rodata._ZL15init_konari_evt
                0x00007e88       0x9c rsh.o
 .rodata._ZL15init_powan_hook
                0x00007f24       0x10 rsh.o
 .rodata._ZL14init_powan_evt
                0x00007f34       0xec rsh.o
 .rodata._ZL19talk_waitless_hook2
                0x00008020       0x10 rsh.o
 .rodata._ZL19talk_waitless_hook1
                0x00008030       0x10 rsh.o
 .rodata._ZL17talk_waitless_evt
                0x00008040       0x78 rsh.o
 .rodata._ZL21rsh_01_init_evt_hook2
                0x000080b8       0x10 rsh.o
 .rodata._ZL19rsh_01_init_evt_evt
                0x000080c8       0x8c rsh.o
 .rodata._ZL20rsh_00_init_evt_hook
                0x00008154       0x10 rsh.o
 .rodata._ZL19rsh_00_init_evt_evt
                0x00008164       0xb8 rsh.o
 .rodata._ZL20rsh_04_init_evt_hook
                0x0000821c       0x10 rsh.o
 .rodata._ZL20rsh_03_init_evt_hook
                0x0000822c       0x10 rsh.o
 .rodata._ZL20rsh_02_init_evt_hook
                0x0000823c       0x10 rsh.o
 .rodata._ZL21rsh_01_init_evt_hook1
                0x0000824c       0x10 rsh.o
 .rodata._ZL19rsh_04_init_evt_evt
                0x0000825c       0xa4 rsh.o
 .rodata._ZL26rsh_03_init_evt_music_hook
                0x00008300       0x10 rsh.o
 .rodata._ZL21rsh_03_init_evt_music
                0x00008310      0x1f8 rsh.o
 .rodata._ZL26rsh_02_init_evt_music_hook
                0x00008508       0x10 rsh.o
 .rodata._ZL21rsh_02_init_evt_music
                0x00008518      0x270 rsh.o
 .rodata._ZL26rsh_01_init_evt_music_hook
                0x00008788       0x10 rsh.o
 .rodata._ZL21rsh_01_init_evt_music
                0x00008798      0x1f8 rsh.o
 .rodata._ZL26rsh_00_init_evt_music_hook
                0x00008990       0x10 rsh.o
 .rodata._ZL21rsh_00_init_evt_music
                0x000089a0      0x1f8 rsh.o
 .rodata._ZL26rsh_04_init_evt_music_hook
                0x00008b98       0x10 rsh.o
 .rodata._ZL21rsh_04_init_evt_music
                0x00008ba8      0x1f8 rsh.o
 .rodata._ZL20rsh_06_init_evt_hook
                0x00008da0       0x10 rsh.o
 .rodata._ZL19rsh_06_init_evt_evt
                0x00008db0      0x178 rsh.o
 .rodata._ZL21tik_05_init_evt_hook2
                0x00008f28       0x14 tik.o
 .rodata.str1.4
                0x00008f3c      0x227 tik.o
 *fill*         0x00009163        0x1 
 .rodata._ZL20tik_05_init_evt_evt2
                0x00009164       0xd4 tik.o
 .rodata._ZL24tik_kurihakase_init_hook
                0x00009238       0x10 tik.o
 .rodata._ZL23tik_kurihakase_init_evt
                0x00009248       0x7c tik.o
 .rodata._ZL18master_2_talk_hook
                0x000092c4       0x10 tik.o
 .rodata._ZL17master_2_talk_evt
                0x000092d4      0x180 tik.o
 .rodata._ZL17borodo4_talk_hook
                0x00009454       0x10 tik.o
 .rodata._ZL16borodo4_talk_evt
                0x00009464      0x180 tik.o
 .rodata._ZL17borodo3_talk_hook
                0x000095e4       0x10 tik.o
 .rodata._ZL16borodo3_talk_evt
                0x000095f4      0x180 tik.o
 .rodata._ZL17chusan4_talk_hook
                0x00009774       0x10 tik.o
 .rodata._ZL16chusan4_talk_evt
                0x00009784      0x180 tik.o
 .rodata._ZL17kuribo5_talk_hook
                0x00009904       0x10 tik.o
 .rodata._ZL16kuribo5_talk_evt
                0x00009914      0x180 tik.o
 .rodata._ZL20tou_04_init_evt_hook
                0x00009a94       0x10 tou.o
 .rodata._ZL19tou_04_init_evt_evt
                0x00009aa4       0x78 tou.o
 .rodata._ZL14yoshi_gswf_evt
                0x00009b1c       0x14 tou.o
 .rodata._ZL15jolene_egg_hook
                0x00009b30       0x10 tou.o
 .rodata.str1.4
                0x00009b40       0x5c tou.o
 .rodata._ZL14jolene_egg_evt
                0x00009b9c      0x220 tou.o
 .rodata._ZL16talk_sakaba_hook
                0x00009dbc       0x10 tou.o
 .rodata._ZL15talk_sakaba_evt
                0x00009dcc       0x84 tou.o
 .rodata._ZL6jolene
                0x00009e50        0xb tou.o
 *fill*         0x00009e5b        0x1 
 .rodata._ZL23village_chief_init_hook
                0x00009e5c        0xc usu.o
 .rodata._ZL22village_chief_init_evt
                0x00009e68       0x58 usu.o
 .rodata._ZL27village_chief_pig_init_hook
                0x00009ec0        0xc usu.o
 .rodata._ZL26village_chief_pig_init_evt
                0x00009ecc       0x70 usu.o
 .rodata._ZL23village_chief_talk_hook
                0x00009f3c        0xc usu.o
 .rodata.str1.4
                0x00009f48      0x4b4 usu.o
 .rodata._ZL22village_chief_talk_evt
                0x0000a3fc      0x1c8 usu.o
 .rodata._ZL20gatekeeper_init_hook
                0x0000a5c4        0xc usu.o
 .rodata._ZL19gatekeeper_init_evt
                0x0000a5d0       0x9c usu.o
 .rodata._ZL24gatekeeper_pig_init_hook
                0x0000a66c        0xc usu.o
 .rodata._ZL23gatekeeper_pig_init_evt
                0x0000a678       0x88 usu.o
 .rodata._ZL20gatekeeper_talk_hook
                0x0000a700        0xc usu.o
 .rodata._ZL19gatekeeper_talk_evt
                0x0000a70c      0x114 usu.o
 .rodata._ZL20usu_00_init_evt_hook
                0x0000a820       0x10 usu.o
 .rodata._ZL19usu_00_init_evt_evt
                0x0000a830       0x5c usu.o
 .rodata._ZL20shop_woman_talk_hook
                0x0000a88c       0x10 usu.o
 .rodata._ZL19shop_woman_talk_evt
                0x0000a89c       0x78 usu.o
 .rodata._ZL18shop_man_talk_hook
                0x0000a914       0x10 usu.o
 .rodata._ZL17shop_man_talk_evt
                0x0000a924       0x78 usu.o
 .rodata._ZL19villagerJ_talk_hook
                0x0000a99c       0x10 usu.o
 .rodata._ZL18villagerJ_talk_evt
                0x0000a9ac      0x104 usu.o
 .rodata._ZL19villagerI_talk_hook
                0x0000aab0       0x10 usu.o
 .rodata._ZL18villagerI_talk_evt
                0x0000aac0      0x104 usu.o
 .rodata._ZL19villagerH_talk_hook
                0x0000abc4       0x10 usu.o
 .rodata._ZL18villagerH_talk_evt
                0x0000abd4       0xd0 usu.o
 .rodata._ZL19villagerG_talk_hook
                0x0000aca4       0x10 usu.o
 .rodata._ZL18villagerG_talk_evt
                0x0000acb4       0xf0 usu.o
 .rodata._ZL19villagerF_talk_hook
                0x0000ada4       0x10 usu.o
 .rodata._ZL18villagerF_talk_evt
                0x0000adb4       0xf0 usu.o
 .rodata._ZL19villagerK_talk_hook
                0x0000aea4       0x10 usu.o
 .rodata._ZL18villagerK_talk_evt
                0x0000aeb4      0x130 usu.o
 .rodata._ZL19villagerE_talk_hook
                0x0000afe4       0x10 usu.o
 .rodata._ZL18villagerE_talk_evt
                0x0000aff4      0x130 usu.o
 .rodata._ZL19villagerD_talk_hook
                0x0000b124       0x10 usu.o
 .rodata._ZL18villagerD_talk_evt
                0x0000b134      0x194 usu.o
 .rodata._ZL19villagerC_talk_hook
                0x0000b2c8       0x10 usu.o
 .rodata._ZL18villagerC_talk_evt
                0x0000b2d8       0xfc usu.o
 .rodata._ZL19villagerB_talk_hook
                0x0000b3d4       0x10 usu.o
 .rodata._ZL18villagerB_talk_evt
                0x0000b3e4       0xfc usu.o
 .rodata._ZL19villagerA_talk_hook
                0x0000b4e0       0x10 usu.o
 .rodata._ZL18villagerA_talk_evt
                0x0000b4f0      0x130 usu.o
 .rodata._ZL19villagerA_init_hook
                0x0000b620       0x10 usu.o
 .rodata._ZL18villagerA_init_evt
                0x0000b630       0x6c usu.o
 .rodata._ZL5mayor
                0x0000b69c        0x5 usu.o
 *fill*         0x0000b6a1        0x3 
 .rodata._ZL9mayor_pig
                0x0000b6a4        0x9 usu.o
 *fill*         0x0000b6ad        0x3 
 .rodata._ZL8doopliss
                0x0000b6b0        0xb usu.o
 *fill*         0x0000b6bb        0x1 
 .rodata._ZL10gatekeeper
                0x0000b6bc        0x5 usu.o
 *fill*         0x0000b6c1        0x3 
 .rodata._ZL14gatekeeper_pig
                0x0000b6c4        0x9 usu.o
 *fill*         0x0000b6cd        0x3 
 .rodata._ZL12usuVillagerA
                0x0000b6d0        0x7 usu.o
 *fill*         0x0000b6d7        0x1 
 .rodata._ZL20win_00_init_evt_hook
                0x0000b6d8       0x10 win.o
 .rodata._ZL19win_00_init_evt_evt
                0x0000b6e8       0x30 win.o
 .rodata.str1.4
                0x0000b718       0x14 win.o
 .rodata._ZL16majorin_init_evt
                0x0000b72c       0x30 win.o
 .rodata._ZL16maririn_init_evt
                0x0000b75c       0x30 win.o
 .rodata._ZL20win_vivian_init_hook
                0x0000b78c       0x10 win.o
 .rodata._ZL19win_vivian_init_evt
                0x0000b79c       0x80 win.o
 *(.gnu.linkonce.r.*)

.rodata1
 *(.rodata1)

.sdata2         0x0000b81c        0x0
                [!provide]                        PROVIDE (_SDA2_BASE_ = .)
 *(.sdata2)
 *(.sdata2.*)
 *(.gnu.linkonce.s2.*)

.sbss2
 *(.sbss2)
 *(.sbss2.*)
 *(.gnu.linkonce.sb2.*)
                0x0000b81c                        . = ALIGN (0x4)
                [!provide]                        PROVIDE (__preinit_array_start = .)

.preinit_array
 *(.preinit_array)
                [!provide]                        PROVIDE (__preinit_array_end = .)
                [!provide]                        PROVIDE (__init_array_start = .)

.init_array
 *(.init_array)
                [!provide]                        PROVIDE (__init_array_end = .)
                [!provide]                        PROVIDE (__fini_array_start = .)

.fini_array
 *(.fini_array)
                [!provide]                        PROVIDE (__fini_array_end = .)

.data           0x0000b81c      0x2e4
 *(.data)
 *(.data.*)
 .data.GSWF_ARR_SIZE
                0x0000b81c        0x2 OWR.o
                0x0000b81c                GSWF_ARR_SIZE
 *fill*         0x0000b81e        0x2 
 .data.GSWF_ARR
                0x0000b820       0x14 OWR.o
                0x0000b820                GSWF_ARR
 .data._ZN3mod6common12kItemDataArrE
                0x0000b834        0x4 common.o
                0x0000b834                _ZN3mod6common12kItemDataArrE
 .data._ZL16gor_00_init_evt2
                0x0000b838      0x2bc gor_00.o
 *(.gnu.linkonce.d.*)
                0x0000bb00                        . = ALIGN (0x20)
 *fill*         0x0000baf4        0xc 

.data1
 *(.data1)

.tdata
 *(.tdata .tdata.* .gnu.linkonce.td.*)

.tbss
 *(.tbss .tbss.* .gnu.linkonce.tb.*)
 *(.tcommon)

.eh_frame       0x0000bb00     0x1530
 *(.eh_frame)
 .eh_frame      0x0000bb00      0x184 OWR.o
                                0x20c (size before relaxing)
 .eh_frame      0x0000bc84        0x0 common.o
                                 0xc8 (size before relaxing)
 .eh_frame      0x0000bc84       0x70 con_mario.o
 .eh_frame      0x0000bcf4       0x84 con_perf.o
 .eh_frame      0x0000bd78       0xac con_seq.o
 .eh_frame      0x0000be24      0x454 console.o
                                0x4e8 (size before relaxing)
 .eh_frame      0x0000c278       0x3c cxx.o
                                 0x64 (size before relaxing)
 .eh_frame      0x0000c2b4       0x84 keyboard.o
                                0x110 (size before relaxing)
 .eh_frame      0x0000c338       0xb8 mod.o
                                0x120 (size before relaxing)
 .eh_frame      0x0000c3f0       0xec patch.o
                                0x1cc (size before relaxing)
 .eh_frame      0x0000c4dc       0x90 rel.o
 .eh_frame      0x0000c56c       0xbc ug.o
 .eh_frame      0x0000c628       0x3c util.o
 .eh_frame      0x0000c664       0x28 aaa.o
 .eh_frame      0x0000c68c       0x78 aji.o
 .eh_frame      0x0000c704       0x40 bom.o
 .eh_frame      0x0000c744       0x40 dou.o
 .eh_frame      0x0000c784       0x40 eki.o
 .eh_frame      0x0000c7c4       0x28 end.o
 .eh_frame      0x0000c7ec       0x3c gon.o
 .eh_frame      0x0000c828       0x7c gor_00.o
 .eh_frame      0x0000c8a4       0x50 gor_01.o
 .eh_frame      0x0000c8f4       0x60 gor_02.o
 .eh_frame      0x0000c954       0x64 gor_03.o
 .eh_frame      0x0000c9b8       0x38 gor_04.o
 .eh_frame      0x0000c9f0       0x34 gor_misc.o
 .eh_frame      0x0000ca24       0x48 gra.o
 .eh_frame      0x0000ca6c       0x3c hei.o
 .eh_frame      0x0000caa8       0x38 hom.o
 .eh_frame      0x0000cae0       0x40 jin.o
 .eh_frame      0x0000cb20       0x30 kpa.o
 .eh_frame      0x0000cb50        0x0 las.o
                                 0x40 (size before relaxing)
 .eh_frame      0x0000cb50       0x6c main.o
 .eh_frame      0x0000cbbc        0x0 moo.o
                                 0x30 (size before relaxing)
 .eh_frame      0x0000cbbc       0x74 mri.o
 .eh_frame      0x0000cc30       0x74 muj.o
 .eh_frame      0x0000cca4       0x54 nok.o
 .eh_frame      0x0000ccf8       0x60 pik.o
 .eh_frame      0x0000cd58       0x78 rsh.o
 .eh_frame      0x0000cdd0       0xa0 tik.o
                                 0xdc (size before relaxing)
 .eh_frame      0x0000ce70       0x70 tou.o
 .eh_frame      0x0000cee0       0x40 tou2.o
 .eh_frame      0x0000cf20       0x74 usu.o
 .eh_frame      0x0000cf94       0x60 win.o
 .eh_frame      0x0000cff4       0x3c C:/devkitPro/devkitPPC/bin/../lib/gcc/powerpc-eabi/13.1.0\libgcc.a(_divdi3.o)

.gcc_except_table
 *(.gcc_except_table)

.fixup
 *(.fixup)

.got1
 *(.got1)

.got2
 *(.got2)

.dynamic
 *(.dynamic)

.ctors          0x0000d030       0x30
 *crtbegin.o(.ctors)
 *(EXCLUDE_FILE(*crtend.o) .ctors)
 .ctors         0x0000d030        0x4 OWR.o
 .ctors         0x0000d034        0x4 con_mario.o
 .ctors         0x0000d038        0x4 con_perf.o
 .ctors         0x0000d03c        0x4 con_seq.o
 .ctors         0x0000d040        0x4 console.o
 .ctors         0x0000d044        0x4 gor_00.o
 *(SORT_BY_NAME(.ctors.*))
 *(.ctors)
                0x0000d060                        . = ALIGN (0x20)
 *fill*         0x0000d048       0x18 

.dtors          0x0000d060        0x0
 *crtbegin.o(.dtors)
 *(EXCLUDE_FILE(*crtend.o) .dtors)
 *(SORT_BY_NAME(.dtors.*))
 *(.dtors)
                0x0000d060                        . = ALIGN (0x20)

.jcr
 *(.jcr)

.got
 *(.got.plt)
 *(.got)

.sdata          0x0000d060        0x0
                [!provide]                        PROVIDE (_SDA_BASE_ = .)
 *(.sdata)
 *(.sdata.*)
 *(.gnu.linkonce.s.*)
                0x0000d060                        . = ALIGN (0x20)
                0x0000d060                        _edata = .
                [!provide]                        PROVIDE (edata = .)

.sbss           0x0000d060        0x0
                0x0000d060                        __sbss_start = .
                [!provide]                        PROVIDE (__sbss_start = .)
                [!provide]                        PROVIDE (___sbss_start = .)
 *(.dynsbss)
 *(.sbss)
 *(.sbss.*)
 *(.gnu.linkonce.sb.*)
 *(.scommon)
                [!provide]                        PROVIDE (__sbss_end = .)
                [!provide]                        PROVIDE (___sbss_end = .)
                0x0000d060                        . = ALIGN (0x20)
                0x0000d060                        __sbss_end = .

.bss            0x0000d060      0x140
                0x0000d060                        __bss_start = .
                [!provide]                        PROVIDE (__bss_start = .)
 *(.dynbss)
 *(.bss)
 *(.bss.*)
 .bss._ZN3mod3owr22g_msgSearch_trampolineE
                0x0000d060        0x4 OWR.o
                0x0000d060                _ZN3mod3owr22g_msgSearch_trampolineE
 .bss._ZN3mod3owr25g_stg0_00_init_trampolineE
                0x0000d064        0x4 OWR.o
                0x0000d064                _ZN3mod3owr25g_stg0_00_init_trampolineE
 .bss._ZN3mod3owr19g_OSLink_trampolineE
                0x0000d068        0x4 OWR.o
                0x0000d068                _ZN3mod3owr19g_OSLink_trampolineE
 .bss._ZN3mod3owr5gSelfE
                0x0000d06c        0x4 OWR.o
                0x0000d06c                _ZN3mod3owr5gSelfE
 .bss._ZN3mod3owr7item_dbE
                0x0000d070        0x4 OWR.o
                0x0000d070                _ZN3mod3owr7item_dbE
 .bss._ZN3modL12mod_if_obj22E
                0x0000d074        0x8 con_mario.o
 .bss._ZN3mod14mario_show_posE
                0x0000d07c       0x10 con_mario.o
                0x0000d07c                _ZN3mod14mario_show_posE
 .bss._ZN3mod13mario_set_posE
                0x0000d08c        0xc con_mario.o
                0x0000d08c                _ZN3mod13mario_set_posE
 .bss._ZN3modL12mod_if_obj46E
                0x0000d098        0x8 con_perf.o
 .bss._ZN3mod14mem_debug_heapE
                0x0000d0a0       0x10 con_perf.o
                0x0000d0a0                _ZN3mod14mem_debug_heapE
 .bss._ZN3mod15perf_fake_spikeE
                0x0000d0b0        0xc con_perf.o
                0x0000d0b0                _ZN3mod15perf_fake_spikeE
 .bss._ZN3mod14seq_change_mapE
                0x0000d0bc        0xc con_seq.o
                0x0000d0bc                _ZN3mod14seq_change_mapE
 .bss._ZN3modL12mod_if_obj16E
                0x0000d0c8        0x8 con_seq.o
 .bss._ZN3mod24gTrampoline_seq_logoMainE
                0x0000d0d0        0x4 con_seq.o
                0x0000d0d0                _ZN3mod24gTrampoline_seq_logoMainE
 .bss._ZN3mod13seq_logo_skipE
                0x0000d0d4       0x10 con_seq.o
                0x0000d0d4                _ZN3mod13seq_logo_skipE
 .bss._ZN3mod4findE
                0x0000d0e4        0xc console.o
                0x0000d0e4                _ZN3mod4findE
 .bss._ZN3mod11con_ug_chanE
                0x0000d0f0       0x10 console.o
                0x0000d0f0                _ZN3mod11con_ug_chanE
 .bss._ZN3mod11con_ug_modeE
                0x0000d100       0x10 console.o
                0x0000d100                _ZN3mod11con_ug_modeE
 .bss._ZN3mod21con_log_fade_durationE
                0x0000d110       0x10 console.o
                0x0000d110                _ZN3mod21con_log_fade_durationE
 .bss._ZN3mod18con_log_fade_startE
                0x0000d120       0x10 console.o
                0x0000d120                _ZN3mod18con_log_fade_startE
 .bss._ZN3mod12con_log_fadeE
                0x0000d130       0x10 console.o
                0x0000d130                _ZN3mod12con_log_fadeE
 .bss._ZN3mod13con_log_levelE
                0x0000d140       0x10 console.o
                0x0000d140                _ZN3mod13con_log_levelE
 .bss._ZN3mod11con_rainbowE
                0x0000d150       0x10 console.o
                0x0000d150                _ZN3mod11con_rainbowE
 .bss._ZN3mod8con_monoE
                0x0000d160       0x10 console.o
                0x0000d160                _ZN3mod8con_monoE
 .bss._ZN3mod8con_showE
                0x0000d170       0x10 console.o
                0x0000d170                _ZN3mod8con_showE
 .bss._ZN3mod8gConsoleE
                0x0000d180        0x4 console.o
                0x0000d180                _ZN3mod8gConsoleE
 .bss._ZN3mod9ConIntVar6sFirstE
                0x0000d184        0x4 console.o
                0x0000d184                _ZN3mod9ConIntVar6sFirstE
 .bss._ZN3mod10ConCommand6sFirstE
                0x0000d188        0x4 console.o
                0x0000d188                _ZN3mod10ConCommand6sFirstE
 .bss._ZN3mod4gModE
                0x0000d18c        0x4 mod.o
                0x0000d18c                _ZN3mod4gModE
 .bss._ZN17ModUpdateFunction6sFirstE
                0x0000d190        0x4 mod.o
                0x0000d190                _ZN17ModUpdateFunction6sFirstE
 .bss._ZN15ModInitFunction6sFirstE
                0x0000d194        0x4 mod.o
                0x0000d194                _ZN15ModInitFunction6sFirstE
 *(.gnu.linkonce.b.*)
 *(COMMON)
                0x0000d1a0                        . = ALIGN (0x20)
 *fill*         0x0000d198        0x8 
                [!provide]                        PROVIDE (__bss_end = .)
                0x0000d1a0                        __bss_end = .
                0x0000d1a0                        _end = .
                [!provide]                        PROVIDE (end = .)

.bss._ZZNK3mod14seq_change_mapMUlPKcE_clES2_E8beroName
                0x00000000       0x20
 .bss._ZZNK3mod14seq_change_mapMUlPKcE_clES2_E8beroName
                0x00000000       0x20 con_seq.o
                0x00000000                _ZZNK3mod14seq_change_mapMUlPKcE_clES1_E8beroName
                0x00000000                _ZZNK3mod14seq_change_mapMUlPKcE_clES2_E8beroName

.bss._ZZNK3mod14seq_change_mapMUlPKcE_clES2_E7mapName
                0x00000000       0x20
 .bss._ZZNK3mod14seq_change_mapMUlPKcE_clES2_E7mapName
                0x00000000       0x20 con_seq.o
                0x00000000                _ZZNK3mod14seq_change_mapMUlPKcE_clES2_E7mapName
                0x00000000                _ZZNK3mod14seq_change_mapMUlPKcE_clES1_E7mapName

.stab
 *(.stab)

.stabstr
 *(.stabstr)

.stab.excl
 *(.stab.excl)

.stab.exclstr
 *(.stab.exclstr)

.stab.index
 *(.stab.index)

.stab.indexstr
 *(.stab.indexstr)

.comment        0x00000000      0x654
 *(.comment)
 .comment       0x00000000       0x24 OWR.o
 .comment       0x00000024       0x24 common.o
 .comment       0x00000048       0x24 con_mario.o
 .comment       0x0000006c       0x24 con_perf.o
 .comment       0x00000090       0x24 con_seq.o
 .comment       0x000000b4       0x24 console.o
 .comment       0x000000d8       0x24 cxx.o
 .comment       0x000000fc       0x24 keyboard.o
 .comment       0x00000120       0x24 mod.o
 .comment       0x00000144       0x24 patch.o
 .comment       0x00000168       0x24 rel.o
 .comment       0x0000018c       0x24 ug.o
 .comment       0x000001b0       0x24 util.o
 .comment       0x000001d4       0x24 aaa.o
 .comment       0x000001f8       0x24 aji.o
 .comment       0x0000021c       0x24 bom.o
 .comment       0x00000240       0x24 dou.o
 .comment       0x00000264       0x24 eki.o
 .comment       0x00000288       0x24 end.o
 .comment       0x000002ac       0x24 gon.o
 .comment       0x000002d0       0x24 gor_00.o
 .comment       0x000002f4       0x24 gor_01.o
 .comment       0x00000318       0x24 gor_02.o
 .comment       0x0000033c       0x24 gor_03.o
 .comment       0x00000360       0x24 gor_04.o
 .comment       0x00000384       0x24 gor_misc.o
 .comment       0x000003a8       0x24 gra.o
 .comment       0x000003cc       0x24 hei.o
 .comment       0x000003f0       0x24 hom.o
 .comment       0x00000414       0x24 jin.o
 .comment       0x00000438       0x24 kpa.o
 .comment       0x0000045c       0x24 las.o
 .comment       0x00000480       0x24 main.o
 .comment       0x000004a4       0x24 moo.o
 .comment       0x000004c8       0x24 mri.o
 .comment       0x000004ec       0x24 muj.o
 .comment       0x00000510       0x24 nok.o
 .comment       0x00000534       0x24 pik.o
 .comment       0x00000558       0x24 rsh.o
 .comment       0x0000057c       0x24 tik.o
 .comment       0x000005a0       0x24 tou.o
 .comment       0x000005c4       0x24 tou2.o
 .comment       0x000005e8       0x24 usu.o
 .comment       0x0000060c       0x24 win.o
 .comment       0x00000630       0x24 C:/devkitPro/devkitPPC/bin/../lib/gcc/powerpc-eabi/13.1.0\libgcc.a(_divdi3.o)

.gnu.attributes
                0x00000000       0x10
 .gnu.attributes
                0x00000000       0x10 OWR.o
 .gnu.attributes
                0x00000010       0x10 common.o
 .gnu.attributes
                0x00000020       0x10 con_mario.o
 .gnu.attributes
                0x00000030       0x10 con_perf.o
 .gnu.attributes
                0x00000040       0x10 console.o
 .gnu.attributes
                0x00000050       0x10 mod.o

.group          0x00000000        0xc
 .group         0x00000000        0xc con_mario.o

.group          0x00000000        0xc
 .group         0x00000000        0xc con_perf.o

.group          0x00000000        0xc
 .group         0x00000000        0xc con_seq.o

.group          0x00000000        0x8
 .group         0x00000000        0x8 con_seq.o

.group          0x00000000        0x8
 .group         0x00000000        0x8 con_seq.o

.group          0x00000000        0xc
 .group         0x00000000        0xc console.o

.debug
 *(.debug)

.line
 *(.line)

.debug_srcinfo
 *(.debug_srcinfo)

.debug_sfnames
 *(.debug_sfnames)

.debug_aranges  0x00000000      0x7f8
 *(.debug_aranges)
 .debug_aranges
                0x00000000       0x88 OWR.o
 .debug_aranges
                0x00000088       0x60 common.o
 .debug_aranges
                0x000000e8       0x30 con_mario.o
 .debug_aranges
                0x00000118       0x30 con_perf.o
 .debug_aranges
                0x00000148       0x38 con_seq.o
 .debug_aranges
                0x00000180       0xb0 console.o
 .debug_aranges
                0x00000230       0x38 cxx.o
 .debug_aranges
                0x00000268       0x40 keyboard.o
 .debug_aranges
                0x000002a8       0x58 mod.o
 .debug_aranges
                0x00000300       0x78 patch.o
 .debug_aranges
                0x00000378       0x30 rel.o
 .debug_aranges
                0x000003a8       0x30 ug.o
 .debug_aranges
                0x000003d8       0x20 util.o
 .debug_aranges
                0x000003f8       0x20 aaa.o
 .debug_aranges
                0x00000418       0x20 aji.o
 .debug_aranges
                0x00000438       0x20 bom.o
 .debug_aranges
                0x00000458       0x20 dou.o
 .debug_aranges
                0x00000478       0x20 eki.o
 .debug_aranges
                0x00000498       0x20 end.o
 .debug_aranges
                0x000004b8       0x20 gon.o
 .debug_aranges
                0x000004d8       0x28 gor_00.o
 .debug_aranges
                0x00000500       0x20 gor_01.o
 .debug_aranges
                0x00000520       0x20 gor_02.o
 .debug_aranges
                0x00000540       0x20 gor_03.o
 .debug_aranges
                0x00000560       0x20 gor_04.o
 .debug_aranges
                0x00000580       0x20 gor_misc.o
 .debug_aranges
                0x000005a0       0x20 gra.o
 .debug_aranges
                0x000005c0       0x20 hei.o
 .debug_aranges
                0x000005e0       0x20 hom.o
 .debug_aranges
                0x00000600       0x20 jin.o
 .debug_aranges
                0x00000620       0x20 kpa.o
 .debug_aranges
                0x00000640       0x20 las.o
 .debug_aranges
                0x00000660       0x28 main.o
 .debug_aranges
                0x00000688       0x20 moo.o
 .debug_aranges
                0x000006a8       0x20 mri.o
 .debug_aranges
                0x000006c8       0x20 muj.o
 .debug_aranges
                0x000006e8       0x20 nok.o
 .debug_aranges
                0x00000708       0x20 pik.o
 .debug_aranges
                0x00000728       0x20 rsh.o
 .debug_aranges
                0x00000748       0x30 tik.o
 .debug_aranges
                0x00000778       0x20 tou.o
 .debug_aranges
                0x00000798       0x20 tou2.o
 .debug_aranges
                0x000007b8       0x20 usu.o
 .debug_aranges
                0x000007d8       0x20 win.o

.debug_pubnames
 *(.debug_pubnames)

.debug_info     0x00000000    0x42fd7
 *(.debug_info)
 .debug_info    0x00000000     0x3c9f OWR.o
 .debug_info    0x00003c9f      0xf16 common.o
 .debug_info    0x00004bb5     0x2574 con_mario.o
 .debug_info    0x00007129     0x20ea con_perf.o
 .debug_info    0x00009213     0x21f6 con_seq.o
 .debug_info    0x0000b409     0x3e13 console.o
 .debug_info    0x0000f21c      0x394 cxx.o
 .debug_info    0x0000f5b0      0xfaf keyboard.o
 .debug_info    0x0001055f     0x33f4 mod.o
 .debug_info    0x00013953     0x15c5 patch.o
 .debug_info    0x00014f18       0xf3 rel.o
 .debug_info    0x0001500b      0x8d5 ug.o
 .debug_info    0x000158e0      0x693 util.o
 .debug_info    0x00015f73     0x1144 aaa.o
 .debug_info    0x000170b7     0x1cd3 aji.o
 .debug_info    0x00018d8a     0x1252 bom.o
 .debug_info    0x00019fdc     0x1248 dou.o
 .debug_info    0x0001b224     0x1812 eki.o
 .debug_info    0x0001ca36     0x1134 end.o
 .debug_info    0x0001db6a     0x125c gon.o
 .debug_info    0x0001edc6     0x20f2 gor_00.o
 .debug_info    0x00020eb8     0x1921 gor_01.o
 .debug_info    0x000227d9     0x1bba gor_02.o
 .debug_info    0x00024393     0x184b gor_03.o
 .debug_info    0x00025bde     0x118a gor_04.o
 .debug_info    0x00026d68     0x1193 gor_misc.o
 .debug_info    0x00027efb     0x162c gra.o
 .debug_info    0x00029527     0x11f8 hei.o
 .debug_info    0x0002a71f     0x1194 hom.o
 .debug_info    0x0002b8b3     0x125c jin.o
 .debug_info    0x0002cb0f     0x1180 kpa.o
 .debug_info    0x0002dc8f     0x12fc las.o
 .debug_info    0x0002ef8b      0x663 main.o
 .debug_info    0x0002f5ee     0x1648 moo.o
 .debug_info    0x00030c36     0x2153 mri.o
 .debug_info    0x00032d89     0x1e05 muj.o
 .debug_info    0x00034b8e     0x1b38 nok.o
 .debug_info    0x000366c6     0x19af pik.o
 .debug_info    0x00038075     0x1f70 rsh.o
 .debug_info    0x00039fe5     0x26a3 tik.o
 .debug_info    0x0003c688     0x1f4a tou.o
 .debug_info    0x0003e5d2     0x125c tou2.o
 .debug_info    0x0003f82e     0x2053 usu.o
 .debug_info    0x00041881     0x1756 win.o

.debug_abbrev   0x00000000     0x77e0
 *(.debug_abbrev)
 .debug_abbrev  0x00000000      0x82e OWR.o
 .debug_abbrev  0x0000082e      0x21a common.o
 .debug_abbrev  0x00000a48      0x600 con_mario.o
 .debug_abbrev  0x00001048      0x620 con_perf.o
 .debug_abbrev  0x00001668      0x668 con_seq.o
 .debug_abbrev  0x00001cd0      0x991 console.o
 .debug_abbrev  0x00002661      0x170 cxx.o
 .debug_abbrev  0x000027d1      0x36e keyboard.o
 .debug_abbrev  0x00002b3f      0x7a7 mod.o
 .debug_abbrev  0x000032e6      0x2bd patch.o
 .debug_abbrev  0x000035a3       0xeb rel.o
 .debug_abbrev  0x0000368e      0x230 ug.o
 .debug_abbrev  0x000038be      0x12d util.o
 .debug_abbrev  0x000039eb      0x183 aaa.o
 .debug_abbrev  0x00003b6e      0x24a aji.o
 .debug_abbrev  0x00003db8      0x183 bom.o
 .debug_abbrev  0x00003f3b      0x183 dou.o
 .debug_abbrev  0x000040be      0x219 eki.o
 .debug_abbrev  0x000042d7      0x180 end.o
 .debug_abbrev  0x00004457      0x183 gon.o
 .debug_abbrev  0x000045da      0x27e gor_00.o
 .debug_abbrev  0x00004858      0x253 gor_01.o
 .debug_abbrev  0x00004aab      0x27a gor_02.o
 .debug_abbrev  0x00004d25      0x23c gor_03.o
 .debug_abbrev  0x00004f61      0x183 gor_04.o
 .debug_abbrev  0x000050e4      0x1ba gor_misc.o
 .debug_abbrev  0x0000529e      0x202 gra.o
 .debug_abbrev  0x000054a0      0x183 hei.o
 .debug_abbrev  0x00005623      0x183 hom.o
 .debug_abbrev  0x000057a6      0x183 jin.o
 .debug_abbrev  0x00005929      0x183 kpa.o
 .debug_abbrev  0x00005aac      0x183 las.o
 .debug_abbrev  0x00005c2f      0x148 main.o
 .debug_abbrev  0x00005d77      0x21d moo.o
 .debug_abbrev  0x00005f94      0x246 mri.o
 .debug_abbrev  0x000061da      0x23f muj.o
 .debug_abbrev  0x00006419      0x238 nok.o
 .debug_abbrev  0x00006651      0x23a pik.o
 .debug_abbrev  0x0000688b      0x237 rsh.o
 .debug_abbrev  0x00006ac2      0x4c1 tik.o
 .debug_abbrev  0x00006f83      0x26c tou.o
 .debug_abbrev  0x000071ef      0x183 tou2.o
 .debug_abbrev  0x00007372      0x236 usu.o
 .debug_abbrev  0x000075a8      0x238 win.o

.debug_line     0x00000000    0x183ab
 *(.debug_line)
 .debug_line    0x00000000      0xc6e OWR.o
 .debug_line    0x00000c6e      0x39d common.o
 .debug_line    0x0000100b      0x4e0 con_mario.o
 .debug_line    0x000014eb      0x5f6 con_perf.o
 .debug_line    0x00001ae1      0x5b4 con_seq.o
 .debug_line    0x00002095     0x1f5f console.o
 .debug_line    0x00003ff4      0x1c9 cxx.o
 .debug_line    0x000041bd      0xcb4 keyboard.o
 .debug_line    0x00004e71      0x79d mod.o
 .debug_line    0x0000560e      0x80c patch.o
 .debug_line    0x00005e1a      0x226 rel.o
 .debug_line    0x00006040      0x4ad ug.o
 .debug_line    0x000064ed      0x2cc util.o
 .debug_line    0x000067b9      0x33c aaa.o
 .debug_line    0x00006af5      0xefa aji.o
 .debug_line    0x000079ef      0x782 bom.o
 .debug_line    0x00008171      0x76c dou.o
 .debug_line    0x000088dd      0x690 eki.o
 .debug_line    0x00008f6d      0x315 end.o
 .debug_line    0x00009282      0x75c gon.o
 .debug_line    0x000099de      0x934 gor_00.o
 .debug_line    0x0000a312      0x735 gor_01.o
 .debug_line    0x0000aa47      0x71d gor_02.o
 .debug_line    0x0000b164      0x8ef gor_03.o
 .debug_line    0x0000ba53      0x4d3 gor_04.o
 .debug_line    0x0000bf26      0x45c gor_misc.o
 .debug_line    0x0000c382      0x596 gra.o
 .debug_line    0x0000c918      0x5c4 hei.o
 .debug_line    0x0000cedc      0x461 hom.o
 .debug_line    0x0000d33d      0x72c jin.o
 .debug_line    0x0000da69      0x3b0 kpa.o
 .debug_line    0x0000de19      0x95f las.o
 .debug_line    0x0000e778      0x8bf main.o
 .debug_line    0x0000f037      0x3d0 moo.o
 .debug_line    0x0000f407     0x135b mri.o
 .debug_line    0x00010762      0xfc4 muj.o
 .debug_line    0x00011726      0x63d nok.o
 .debug_line    0x00011d63      0x987 pik.o
 .debug_line    0x000126ea     0x1835 rsh.o
 .debug_line    0x00013f1f      0xbbe tik.o
 .debug_line    0x00014add     0x1d41 tou.o
 .debug_line    0x0001681e      0x805 tou2.o
 .debug_line    0x00017023      0xd30 usu.o
 .debug_line    0x00017d53      0x658 win.o

.debug_frame
 *(.debug_frame)

.debug_str      0x00000000    0x547de
 *(.debug_str)
 .debug_str     0x00000000     0x3208 OWR.o
 .debug_str     0x00003208     0x13e4 common.o
 .debug_str     0x000045ec     0x1a59 con_mario.o
 .debug_str     0x00006045     0x160e con_perf.o
 .debug_str     0x00007653     0x17a6 con_seq.o
 .debug_str     0x00008df9     0x19f9 console.o
 .debug_str     0x0000a7f2      0x34e cxx.o
 .debug_str     0x0000ab40      0x955 keyboard.o
 .debug_str     0x0000b495     0x2d81 mod.o
 .debug_str     0x0000e216      0x6eb patch.o
 .debug_str     0x0000e901      0x191 rel.o
 .debug_str     0x0000ea92      0x39b ug.o
 .debug_str     0x0000ee2d      0x3eb util.o
 .debug_str     0x0000f218     0x1ec1 aaa.o
 .debug_str     0x000110d9     0x2901 aji.o
 .debug_str     0x000139da     0x20a2 bom.o
 .debug_str     0x00015a7c     0x208e dou.o
 .debug_str     0x00017b0a     0x2589 eki.o
 .debug_str     0x0001a093     0x1ebb end.o
 .debug_str     0x0001bf4e     0x2073 gon.o
 .debug_str     0x0001dfc1     0x2a6b gor_00.o
 .debug_str     0x00020a2c     0x249c gor_01.o
 .debug_str     0x00022ec8     0x275a gor_02.o
 .debug_str     0x00025622     0x2562 gor_03.o
 .debug_str     0x00027b84     0x1f3a gor_04.o
 .debug_str     0x00029abe     0x1f4f gor_misc.o
 .debug_str     0x0002ba0d     0x2319 gra.o
 .debug_str     0x0002dd26     0x1fbb hei.o
 .debug_str     0x0002fce1     0x1f56 hom.o
 .debug_str     0x00031c37     0x207c jin.o
 .debug_str     0x00033cb3     0x1f11 kpa.o
 .debug_str     0x00035bc4     0x215c las.o
 .debug_str     0x00037d20      0x7c9 main.o
 .debug_str     0x000384e9     0x22c5 moo.o
 .debug_str     0x0003a7ae     0x2d52 mri.o
 .debug_str     0x0003d500     0x2acf muj.o
 .debug_str     0x0003ffcf     0x2621 nok.o
 .debug_str     0x000425f0     0x259b pik.o
 .debug_str     0x00044b8b     0x2beb rsh.o
 .debug_str     0x00047776     0x334f tik.o
 .debug_str     0x0004aac5     0x2d96 tou.o
 .debug_str     0x0004d85b     0x209c tou2.o
 .debug_str     0x0004f8f7     0x2b04 usu.o
 .debug_str     0x000523fb     0x23e3 win.o

.debug_loc
 *(.debug_loc)

.debug_macinfo
 *(.debug_macinfo)

.debug_weaknames
 *(.debug_weaknames)

.debug_funcnames
 *(.debug_funcnames)

.debug_typenames
 *(.debug_typenames)

.debug_varnames
 *(.debug_varnames)
                0x00000000                        __isIPL = 0x0
                0x0002d1a0                        __stack_addr = ((((__bss_start + SIZEOF (.bss)) + 0x20000) + 0x7) & 0xfffffffffffffff8)
                0x0000d1a0                        __stack_end = (__bss_start + SIZEOF (.bss))
                0x000311a0                        __intrstack_addr = (__stack_addr + 0x4000)
                0x0002d1a0                        __intrstack_end = __stack_addr
                0x000311a0                        __Arena1Lo = ((__intrstack_addr + 0x1f) & 0xffffffffffffffe0)
                0x817feff0                        __Arena1Hi = 0x817feff0
                0x817ff000                        __gxregs = ((__Arena1Hi + 0x1f) & 0xffffffffffffffe0)
                [!provide]                        PROVIDE (__stack = 0x817feff0)
                [!provide]                        PROVIDE (__isIPL = __isIPL)
                [!provide]                        PROVIDE (__stack_addr = __stack_addr)
                [!provide]                        PROVIDE (__stack_end = __stack_end)
                [!provide]                        PROVIDE (__intrstack_addr = __intrstack_addr)
                [!provide]                        PROVIDE (__intrstack_end = __intrstack_end)
                [!provide]                        PROVIDE (__Arena1Lo = __Arena1Lo)
                [!provide]                        PROVIDE (__Arena1Hi = __Arena1Hi)
                [!provide]                        PROVIDE (__gxregs = __gxregs)
LOAD H:/GhidraProjects/TTYDAP/TTYDAP/rel/source/cxx.ld
                0x0000d030                        _ctors_start = ADDR (.ctors)
                0x0000d060                        _ctors_end = (_ctors_start + SIZEOF (.ctors))
                0x0000d060                        _dtors_start = ADDR (.dtors)
                0x0000d060                        _dtors_end = (_dtors_start + SIZEOF (.dtors))
LOAD OWR.o
LOAD StateManager.o
LOAD common.o
LOAD con_mario.o
LOAD con_perf.o
LOAD con_seq.o
LOAD console.o
LOAD cxx.o
LOAD keyboard.o
LOAD mod.o
LOAD patch.o
LOAD rel.o
LOAD ug.o
LOAD util.o
LOAD aaa.o
LOAD aji.o
LOAD bom.o
LOAD dou.o
LOAD eki.o
LOAD end.o
LOAD gon.o
LOAD gor_00.o
LOAD gor_01.o
LOAD gor_02.o
LOAD gor_03.o
LOAD gor_04.o
LOAD gor_misc.o
LOAD gra.o
LOAD hei.o
LOAD hom.o
LOAD jin.o
LOAD kpa.o
LOAD las.o
LOAD main.o
LOAD moo.o
LOAD mri.o
LOAD muj.o
LOAD nok.o
LOAD pik.o
LOAD rsh.o
LOAD tik.o
LOAD tou.o
LOAD tou2.o
LOAD usu.o
LOAD win.o
LOAD asm_main.o
LOAD patch_ih.o
LOAD C:/devkitPro/devkitPPC/bin/../lib/gcc/powerpc-eabi/13.1.0\libgcc.a
OUTPUT(H:/GhidraProjects/TTYDAP/TTYDAP/rel/rel.eu.elf elf32-powerpc)

.debug_loclists
                0x00000000     0x4913
 .debug_loclists
                0x00000000      0x5dd OWR.o
 .debug_loclists
                0x000005dd      0x151 common.o
 .debug_loclists
                0x0000072e       0xa9 con_mario.o
 .debug_loclists
                0x000007d7      0x2eb con_perf.o
 .debug_loclists
                0x00000ac2       0xf8 con_seq.o
 .debug_loclists
                0x00000bba     0x1cd1 console.o
 .debug_loclists
                0x0000288b       0x54 cxx.o
 .debug_loclists
                0x000028df      0x886 keyboard.o
 .debug_loclists
                0x00003165      0x1b8 mod.o
 .debug_loclists
                0x0000331d      0xc5e patch.o
 .debug_loclists
                0x00003f7b      0x2cd ug.o
 .debug_loclists
                0x00004248       0xd6 util.o
 .debug_loclists
                0x0000431e       0x29 aaa.o
 .debug_loclists
                0x00004347       0x2a aji.o
 .debug_loclists
                0x00004371       0x2a bom.o
 .debug_loclists
                0x0000439b       0x2a dou.o
 .debug_loclists
                0x000043c5       0x2a eki.o
 .debug_loclists
                0x000043ef       0x2c gon.o
 .debug_loclists
                0x0000441b       0x2c gor_00.o
 .debug_loclists
                0x00004447       0x2a gor_01.o
 .debug_loclists
                0x00004471       0x2a gor_02.o
 .debug_loclists
                0x0000449b       0x2c gor_03.o
 .debug_loclists
                0x000044c7       0x2a gor_04.o
 .debug_loclists
                0x000044f1       0x2c gor_misc.o
 .debug_loclists
                0x0000451d       0x2a gra.o
 .debug_loclists
                0x00004547       0x2a hei.o
 .debug_loclists
                0x00004571       0x2a hom.o
 .debug_loclists
                0x0000459b       0x2a jin.o
 .debug_loclists
                0x000045c5       0x2a kpa.o
 .debug_loclists
                0x000045ef       0x2a las.o
 .debug_loclists
                0x00004619       0x2a moo.o
 .debug_loclists
                0x00004643       0x2a mri.o
 .debug_loclists
                0x0000466d       0x2c muj.o
 .debug_loclists
                0x00004699       0x2a nok.o
 .debug_loclists
                0x000046c3       0x2c pik.o
 .debug_loclists
                0x000046ef       0x2c rsh.o
 .debug_loclists
                0x0000471b      0x14e tik.o
 .debug_loclists
                0x00004869       0x2c tou.o
 .debug_loclists
                0x00004895       0x2a tou2.o
 .debug_loclists
                0x000048bf       0x2a usu.o
 .debug_loclists
                0x000048e9       0x2a win.o

.debug_rnglists
                0x00000000     0x145d
 .debug_rnglists
                0x00000000      0x11b OWR.o
 .debug_rnglists
                0x0000011b       0x43 common.o
 .debug_rnglists
                0x0000015e       0x95 con_mario.o
 .debug_rnglists
                0x000001f3       0xb4 con_perf.o
 .debug_rnglists
                0x000002a7       0xc4 con_seq.o
 .debug_rnglists
                0x0000036b      0x71c console.o
 .debug_rnglists
                0x00000a87       0x25 cxx.o
 .debug_rnglists
                0x00000aac      0x315 keyboard.o
 .debug_rnglists
                0x00000dc1       0xde mod.o
 .debug_rnglists
                0x00000e9f      0x23d patch.o
 .debug_rnglists
                0x000010dc       0x47 rel.o
 .debug_rnglists
                0x00001123       0x73 ug.o
 .debug_rnglists
                0x00001196       0x21 util.o
 .debug_rnglists
                0x000011b7       0x13 aaa.o
 .debug_rnglists
                0x000011ca       0x14 aji.o
 .debug_rnglists
                0x000011de       0x14 bom.o
 .debug_rnglists
                0x000011f2       0x14 dou.o
 .debug_rnglists
                0x00001206       0x14 eki.o
 .debug_rnglists
                0x0000121a       0x13 end.o
 .debug_rnglists
                0x0000122d       0x14 gon.o
 .debug_rnglists
                0x00001241       0x1a gor_00.o
 .debug_rnglists
                0x0000125b       0x14 gor_01.o
 .debug_rnglists
                0x0000126f       0x14 gor_02.o
 .debug_rnglists
                0x00001283       0x14 gor_03.o
 .debug_rnglists
                0x00001297       0x14 gor_04.o
 .debug_rnglists
                0x000012ab       0x14 gor_misc.o
 .debug_rnglists
                0x000012bf       0x14 gra.o
 .debug_rnglists
                0x000012d3       0x14 hei.o
 .debug_rnglists
                0x000012e7       0x14 hom.o
 .debug_rnglists
                0x000012fb       0x14 jin.o
 .debug_rnglists
                0x0000130f       0x14 kpa.o
 .debug_rnglists
                0x00001323       0x14 las.o
 .debug_rnglists
                0x00001337       0x1b main.o
 .debug_rnglists
                0x00001352       0x14 moo.o
 .debug_rnglists
                0x00001366       0x14 mri.o
 .debug_rnglists
                0x0000137a       0x14 muj.o
 .debug_rnglists
                0x0000138e       0x14 nok.o
 .debug_rnglists
                0x000013a2       0x14 pik.o
 .debug_rnglists
                0x000013b6       0x14 rsh.o
 .debug_rnglists
                0x000013ca       0x43 tik.o
 .debug_rnglists
                0x0000140d       0x14 tou.o
 .debug_rnglists
                0x00001421       0x14 tou2.o
 .debug_rnglists
                0x00001435       0x14 usu.o
 .debug_rnglists
                0x00001449       0x14 win.o
