
Discarded input sections

 .text          0x00000000        0x0 OWR.o
 .data          0x00000000        0x0 OWR.o
 .bss           0x00000000        0x0 OWR.o
 .bss._ZN3mod3owr25g_stg0_00_init_trampolineE
                0x00000000        0x4 OWR.o
 .bss._ZN3mod3owr22g_itemEntry_trampolineE
                0x00000000        0x4 OWR.o
 .text          0x00000000        0x0 StateManager.o
 .data          0x00000000        0x0 StateManager.o
 .bss           0x00000000        0x0 StateManager.o
 .text._ZN3mod3owr12StateManager4InitEv
                0x00000000       0x18 StateManager.o
 .text          0x00000000        0x0 common.o
 .data          0x00000000        0x0 common.o
 .bss           0x00000000        0x0 common.o
 .text._ZN3mod6common14GetCurrentAreaEv
                0x00000000       0x1c common.o
 .text._ZN3mod6common13GetCurrentMapEv
                0x00000000       0x1c common.o
 .text._ZN3mod6common11GetFilenameEv
                0x00000000       0x1c common.o
 .text._ZN3mod6common16GetStorySequenceEv
                0x00000000       0x20 common.o
 .text._ZN3mod6common14GetPitSequenceEv
                0x00000000       0x24 common.o
 .text._ZN3mod6common17GetSavedFlagValueEi
                0x00000000       0x40 common.o
 .text._ZN3mod6common21HasKeyItemInInventoryEs
                0x00000000       0x3c common.o
 .text._ZN3mod6common25GetBattleWindowDataOffsetEv
                0x00000000       0x1c common.o
 .text._ZN3mod6common21GetStatusWindowHeightEv
                0x00000000       0x24 common.o
 .data._ZN3mod6common29kUnknownStatusWindowStructPtrE
                0x00000000        0x4 common.o
 .data._ZN3mod6common10kBattlePtrE
                0x00000000        0x4 common.o
 .data._ZN3mod6common9kPouchPtrE
                0x00000000        0x4 common.o
 .data._ZN3mod6common12kSaveDataPtrE
                0x00000000        0x4 common.o
 .rodata._ZN3mod6common32kUltraHammerChestDespawnIdOffsetE
                0x00000000        0x4 common.o
 .rodata._ZN3mod6common27kObjectCollectionExprOffsetE
                0x00000000        0x4 common.o
 .rodata._ZN3mod6common27kObjectChestScriptPtrOffsetE
                0x00000000        0x4 common.o
 .rodata._ZN3mod6common33kMujModuleFlavioDesiredItemOffsetE
                0x00000000        0x4 common.o
 .rodata._ZN3mod6common36kJinModuleAtomicBooItemGswfSetOffsetE
                0x00000000        0x4 common.o
 .rodata._ZN3mod6common39kJinModuleAtomicBooItemObjectFlagOffsetE
                0x00000000        0x4 common.o
 .rodata._ZN3mod6common32kPitModuleCharlietonChanceOffsetE
                0x00000000        0x4 common.o
 .rodata._ZN3mod6common22kPitModuleNpcArrOffsetE
                0x00000000        0x4 common.o
 .rodata._ZN3mod6common23kSavedWordFlagBaseValueE
                0x00000000        0x4 common.o
 .data._ZN3mod6common20kPiantaParlorItemArrE
                0x00000000        0x4 common.o
 .data._ZN3mod6common21kPitCharlietonItemArrE
                0x00000000        0x4 common.o
 .data._ZN3mod6common12kHowzItemArrE
                0x00000000        0x4 common.o
 .data._ZN3mod6common18kCharlietonItemArrE
                0x00000000        0x4 common.o
 .data._ZN3mod6common14kDazzleItemArrE
                0x00000000        0x4 common.o
 .data._ZN3mod6common20kSuperguardFramesArrE
                0x00000000        0x4 common.o
 .data._ZN3mod6common15kGuardFramesArrE
                0x00000000        0x4 common.o
 .data._ZN3mod6common25kSuperChargePartnerParamsE
                0x00000000        0x4 common.o
 .data._ZN3mod6common18kSuperChargeParamsE
                0x00000000        0x4 common.o
 .data._ZN3mod6common19kPiercingBlowParamsE
                0x00000000        0x4 common.o
 .data._ZN3mod6common18kHammerThrowParamsE
                0x00000000        0x4 common.o
 .data._ZN3mod6common17kKoopaCurseParamsE
                0x00000000        0x4 common.o
 .data._ZN3mod6common15kTradeOffParamsE
                0x00000000        0x4 common.o
 .data._ZN3mod6common17kGulpRecoilParamsE
                0x00000000        0x4 common.o
 .data._ZN3mod6common24kUltraHammerRecoilParamsE
                0x00000000        0x4 common.o
 .data._ZN3mod6common24kSuperHammerRecoilParamsE
                0x00000000        0x4 common.o
 .data._ZN3mod6common8kNextMapE
                0x00000000        0x4 common.o
 .rodata.cst4   0x00000000        0x4 common.o
 .text          0x00000000        0x0 con_mario.o
 .data          0x00000000        0x0 con_mario.o
 .bss           0x00000000        0x0 con_mario.o
 .text          0x00000000        0x0 con_perf.o
 .data          0x00000000        0x0 con_perf.o
 .bss           0x00000000        0x0 con_perf.o
 .text          0x00000000        0x0 con_seq.o
 .data          0x00000000        0x0 con_seq.o
 .bss           0x00000000        0x0 con_seq.o
 .text          0x00000000        0x0 console.o
 .data          0x00000000        0x0 console.o
 .bss           0x00000000        0x0 console.o
[...]
Memory Configuration

Name             Origin             Length             Attributes
*default*        0x00000000         0xffffffff

Linker script and memory map

                0x80003100                        . = 0x80003100

.init
 *crt0.o(*.init)
 *(.init)

.plt
 *(.plt)

.interp
 *(.interp)

.hash
 *(.hash)

.dynsym
 *(.dynsym)

.dynstr
 *(.dynstr)

.gnu.version
 *(.gnu.version)

.gnu.version_d
 *(.gnu.version_d)

.gnu.version_r
 *(.gnu.version_r)

.rel.init
 *(.rel.init)

.rela.init
 *(.rela.init)

.rel.text
 *(.rel.text .rel.text.* .rel.gnu.linkonce.t.*)

.rela.text
 *(.rela.text .rela.text.* .rela.gnu.linkonce.t.*)

.rel.fini
 *(.rel.fini)

.rela.fini
 *(.rela.fini)

.rel.rodata
 *(.rel.rodata .rel.rodata.* .rel.gnu.linkonce.r.*)

.rela.rodata
 *(.rela.rodata .rela.rodata.* .rela.gnu.linkonce.r.*)

.rel.data
 *(.rel.data .rel.data.* .rel.gnu.linkonce.d.*)

.rela.data
 *(.rela.data .rela.data.* .rela.gnu.linkonce.d.*)

.rel.tdata
 *(.rel.tdata .rel.tdata.* .rel.gnu.linkonce.td.*)

.rela.tdata
 *(.rela.tdata .rela.tdata.* .rela.gnu.linkonce.td.*)

.rel.tbss
 *(.rel.tbss .rel.tbss.* .rel.gnu.linkonce.tb.*)

.rela.tbss
 *(.rela.tbss .rela.tbss.* .rela.gnu.linkonce.tb.*)

.rel.ctors
 *(.rel.ctors)

.rela.ctors
 *(.rela.ctors)

.rel.dtors
 *(.rel.dtors)

.rela.dtors
 *(.rela.dtors)

.rel.got
 *(.rel.got)

.rela.got
 *(.rela.got)

.rela.got1
 *(.rela.got1)

.rela.got2
 *(.rela.got2)

.rel.sdata
 *(.rel.sdata .rel.sdata.* .rel.gnu.linkonce.s.*)

.rela.sdata
 *(.rela.sdata .rela.sdata.* .rela.gnu.linkonce.s.*)

.rel.sbss
 *(.rel.sbss .rel.sbss.* .rel.gnu.linkonce.sb.*)

.rela.sbss
 *(.rela.sbss .rela.sbss.* .rel.gnu.linkonce.sb.*)

.rel.sdata2
 *(.rel.sdata2 .rel.sdata2.* .rel.gnu.linkonce.s2.*)

.rela.sdata2
 *(.rela.sdata2 .rela.sdata2.* .rela.gnu.linkonce.s2.*)

.rel.sbss2
 *(.rel.sbss2 .rel.sbss2.* .rel.gnu.linkonce.sb2.*)

.rela.sbss2
 *(.rela.sbss2 .rela.sbss2.* .rela.gnu.linkonce.sb2.*)

.rel.bss
 *(.rel.bss .rel.bss.* .rel.gnu.linkonce.b.*)

.rela.bss
 *(.rela.bss .rela.bss.* .rela.gnu.linkonce.b.*)

.rel.plt
 *(.rel.plt)

.rela.plt
 *(.rela.plt)

.text           0x80003100     0xc800
 *(.text)
 .text          0x80003100        0x8 FixBlooperCrash1.o
                0x80003100                asmFixBlooperCrash1
 .text          0x80003108       0x14 FixBlooperCrash2.o
                0x80003108                asmFixBlooperCrash2
 .text          0x8000311c       0x10 PreventDiaryTextboxSelection.o
                0x8000311c                asmPreventDiaryTextboxSelection
 .text          0x8000312c      0x2b8 asm_main.o
                0x8000312c                bMapGXArrInject
                0x80003138                bMapGXArrInjectReturn
                0x8000313c                bMapGXArrIncrement
                0x80003144                bMapGXArrIncrementReturn
                0x80003148                bMapGXChSplit
                0x80003154                bMapGXChSplitReturn
                0x80003158                bWinLogArrInject
                0x80003164                bWinLogArrInjectReturn
                0x80003168                bWinLogArrIncrement
                0x80003170                bWinLogArrIncrementReturn
                0x80003174                bChapterClearCheck
                0x800031bc                bJohoyaSeqAddition
                0x800031f4                bPrintPartyAddErrorFix
                0x80003230                bPrintPartyAddErrorFixReturn
                0x80003234                bPrintPartyErrorFix
                0x80003270                bPrintPartyErrorFixReturn
                0x80003274                bKururingFloorCapture
                0x8000327c                bKururingFloorCaptureReturn
                0x80003280                bKururingFloorRelease
                0x80003288                bKururingFloorReleaseReturn
                0x8000328c                bPowerupblkCapture
                0x800032a4                bPowerupblkCaptureReturn
                0x800032a8                bPowerupblkRelease
                0x800032b0                bPowerupblkReleaseReturn
                0x800032b4                bPeachPointer
                0x8000331c                breakfastValueRestore
                0x80003324                bPeachReturn
                0x80003328                win_log_mapGX_arr
 .text          0x800033e4       0x58 restfpr_x.o
                0x800033e4                _restfpr_14_x
                0x800033e8                _restfpr_15_x
                0x800033ec                _restfpr_16_x
                0x800033f0                _restfpr_17_x
                0x800033f4                _restfpr_18_x
                0x800033f8                _restfpr_19_x
                0x800033fc                _restfpr_20_x
                0x80003400                _restfpr_21_x
                0x80003404                _restfpr_22_x
                0x80003408                _restfpr_23_x
                0x8000340c                _restfpr_24_x
                0x80003410                _restfpr_25_x
                0x80003414                _restfpr_26_x
                0x80003418                _restfpr_27_x
                0x8000341c                _restfpr_28_x
                0x80003420                _restfpr_29_x
                0x80003424                _restfpr_30_x
                0x80003428                _restfpr_31_x
 .text          0x8000343c       0x58 restgpr_x.o
                0x8000343c                _restgpr_14_x
                0x80003440                _restgpr_15_x
                0x80003444                _restgpr_16_x
                0x80003448                _restgpr_17_x
                0x8000344c                _restgpr_18_x
                0x80003450                _restgpr_19_x
                0x80003454                _restgpr_20_x
                0x80003458                _restgpr_21_x
                0x8000345c                _restgpr_22_x
                0x80003460                _restgpr_23_x
                0x80003464                _restgpr_24_x
                0x80003468                _restgpr_25_x
                0x8000346c                _restgpr_26_x
                0x80003470                _restgpr_27_x
                0x80003474                _restgpr_28_x
                0x80003478                _restgpr_29_x
                0x8000347c                _restgpr_30_x
                0x80003480                _restgpr_31_x
 *(.text.*)
 *fill*         0x80003494        0x0 00000000
 .text._ZZN3mod3owr3OWR4InitEvENUliE_4_FUNEi
                0x80003494      0x18c OWR.o
 .text._ZZN3mod3owr3OWR4InitEvENUlPKcE_4_FUNES3_
                0x80003620      0x320 OWR.o
 .text._ZZN3mod3owr3OWR4InitEvENUlN4ttyd6seqdrv8SeqIndexEPvS5_E_4_FUNES4_S5_S5_
                0x80003940       0x88 OWR.o
 .text._ZN3mod3owr3OWRC2Ev
                0x800039c8        0x4 OWR.o
                0x800039c8                _ZN3mod3owr3OWRC1Ev
                0x800039c8                _ZN3mod3owr3OWRC2Ev
 .text._ZN3mod3owr3OWR12SequenceInitEv
                0x800039cc       0xc4 OWR.o
                0x800039cc                _ZN3mod3owr3OWR12SequenceInitEv
 .text._ZN3mod3owr3OWR12HomewardWarpEv
                0x80003a90       0x6c OWR.o
                0x80003a90                _ZN3mod3owr3OWR12HomewardWarpEv
 .text._ZN3mod3owr3OWR12RecieveItemsEv
                0x80003afc       0x5c OWR.o
                0x80003afc                _ZN3mod3owr3OWR12RecieveItemsEv
 .text._ZN3mod3owr3OWR4InitEv
                0x80003b58      0x154 OWR.o
                0x80003b58                _ZN3mod3owr3OWR4InitEv
 .text._ZN3mod3owr3OWR6UpdateEv
                0x80003cac       0x38 OWR.o
                0x80003cac                _ZN3mod3owr3OWR6UpdateEv
 .text._ZN3mod3owr3OWR14OnModuleLoadedEPN2gc6OSLink12OSModuleInfoE
                0x80003ce4       0x94 OWR.o
                0x80003ce4                _ZN3mod3owr3OWR14OnModuleLoadedEPN2gc6OSLink12OSModuleInfoE
 .text._ZZN3mod3owr3OWR4InitEvENUlPN2gc6OSLink12OSModuleInfoEPvE_4_FUNES5_S6_
                0x80003d78       0x54 OWR.o
 .text._ZN3mod3owr3OWR10DrawStringEPKcffjf
                0x80003dcc       0xc8 OWR.o
                0x80003dcc                _ZN3mod3owr3OWR10DrawStringEPKcffjf
 .text.startup._GLOBAL__sub_I__ZN3mod3owr7item_dbE
                0x80003e94       0x14 OWR.o
 .text._ZN3mod3owr12StateManagerC2Ev
                0x80003ea8       0x18 StateManager.o
                0x80003ea8                _ZN3mod3owr12StateManagerC2Ev
                0x80003ea8                _ZN3mod3owr12StateManagerC1Ev
 .text._ZN3modL13mod_if_func24Ev
                0x80003ec0       0x54 con_mario.o
 .text.startup._GLOBAL__sub_I__ZN3mod13mario_set_posE
                0x80003f14       0x88 con_mario.o
 .text._ZN3modL13mod_if_func51Ev
                0x80003f9c      0x158 con_perf.o
 .text.startup._GLOBAL__sub_I__ZN3mod15perf_fake_spikeE
                0x800040f4       0x8c con_perf.o
 .text._ZN3modL13mod_if_func16Ev
                0x80004180       0x60 con_seq.o
 .text._ZZN3modL13mod_if_func16EvENUlPN4ttyd6seqdrv7SeqInfoEE_4_FUNES3_
                0x800041e0       0x34 con_seq.o
 .text.startup._GLOBAL__sub_I__ZN3mod13seq_logo_skipE
                0x80004214       0x8c con_seq.o
 .text._ZN3mod13ConsoleSystem8logColorEPKcN2gc6color4E
                0x800042a0      0x1e4 console.o
                0x800042a0                _ZN3mod13ConsoleSystem8logColorEPKcN2gc6color4E
 .text._ZN3mod13ConsoleSystem7logInfoEPKcz
                0x80004484       0xac console.o
                0x80004484                _ZN3mod13ConsoleSystem7logInfoEPKcz
 .text._ZN3mod7CC_findEPKc
                0x80004530       0xe8 console.o
                0x80004530                _ZN3mod7CC_findEPKc
 .text._ZN3mod13ConsoleSystem10logWarningEPKcz
                0x80004618       0xb0 console.o
                0x80004618                _ZN3mod13ConsoleSystem10logWarningEPKcz
 .text._ZN3mod13ConsoleSystem8logErrorEPKcz
                0x800046c8       0xb0 console.o
                0x800046c8                _ZN3mod13ConsoleSystem8logErrorEPKcz
 .text._ZN3mod13ConsoleSystem7overlayEPKcz
                0x80004778       0xbc console.o
                0x80004778                _ZN3mod13ConsoleSystem7overlayEPKcz
 .text._ZN3mod13ConsoleSystem12setMonospaceEb
                0x80004834       0x24 console.o
                0x80004834                _ZN3mod13ConsoleSystem12setMonospaceEb
 .text._ZN3mod13ConsoleSystem4initEv
                0x80004858       0x14 console.o
                0x80004858                _ZN3mod13ConsoleSystem4initEv
 .text._ZN3mod13ConsoleSystem8drawLineEiPKcN2gc6color4E
                0x8000486c       0xa8 console.o
                0x8000486c                _ZN3mod13ConsoleSystem8drawLineEiPKcN2gc6color4E
 .text._ZN3mod13ConsoleSystem14processCommandEPKc
                0x80004914      0x1e4 console.o
                0x80004914                _ZN3mod13ConsoleSystem14processCommandEPKc
 .text._ZN3mod13ConsoleSystem12updatePromptEv
                0x80004af8      0x2f0 console.o
                0x80004af8                _ZN3mod13ConsoleSystem12updatePromptEv
 .text._ZN3mod13ConsoleSystem14updateUsbGeckoEv
                0x80004de8      0x128 console.o
                0x80004de8                _ZN3mod13ConsoleSystem14updateUsbGeckoEv
 .text._ZN3mod13ConsoleSystem6updateEv
                0x80004f10       0x68 console.o
                0x80004f10                _ZN3mod13ConsoleSystem6updateEv
 .text._ZN3mod13ConsoleSystem4dispEv
                0x80004f78      0x368 console.o
                0x80004f78                _ZN3mod13ConsoleSystem4dispEv
 .text._ZZN3mod13ConsoleSystem6updateEvENUlN4ttyd7dispdrv8CameraIdEPvE_4_FUNES3_S4_
                0x800052e0        0x8 console.o
 .text.startup._GLOBAL__sub_I__ZN3mod10ConCommand6sFirstE
                0x800052e8      0x17c console.o
 .text._Znwj    0x80005464        0xc cxx.o
                0x80005464                _Znwj
 .text._Znaj    0x80005470        0x4 cxx.o
                0x80005470                _Znaj
 .text._ZdlPv   0x80005474        0xc cxx.o
                0x80005474                _ZdlPv
 .text._ZdaPv   0x80005480        0x4 cxx.o
                0x80005480                _ZdaPv
 .text._ZL27checkIndividualStandardHeapPKN2gc2os9ChunkInfoE
                0x80005484       0x64 errorHandling.o
 .text._ZL24checkIndividualSmartHeapPKN4ttyd6memory19SmartAllocationDataE
                0x800054e8       0x64 errorHandling.o
 .text._ZL22checkIndividualMapHeapPKN4ttyd6memory13MapAllocEntryE
                0x8000554c       0x50 errorHandling.o
 .text._ZL21initStandardHeapErrorPKvib
                0x8000559c       0x94 errorHandling.o
 .text._ZL18initSmartHeapErrorPKvb
                0x80005630       0x8c errorHandling.o
 .text._ZL16initMapHeapErrorPKvtb
                0x800056bc       0xa4 errorHandling.o
 .text._ZN18HeapCorruptionInfo10drawBufferEv
                0x80005760       0x98 errorHandling.o
                0x80005760                _ZN18HeapCorruptionInfo10drawBufferEv
 .text._ZN21NpcNameToPtrErrorInfo16drawErrorMessageEv
                0x800057f8       0x9c errorHandling.o
                0x800057f8                _ZN21NpcNameToPtrErrorInfo16drawErrorMessageEv
 .text._ZN21AnimPoseMainErrorInfo16drawErrorMessageEv
                0x80005894       0x9c errorHandling.o
                0x80005894                _ZN21AnimPoseMainErrorInfo16drawErrorMessageEv
 .text._Z10checkHeapsv
                0x80005930      0x110 errorHandling.o
                0x80005930                _Z10checkHeapsv
 .text._Z17drawErrorMessagesv
                0x80005a40       0x74 errorHandling.o
                0x80005a40                _Z17drawErrorMessagesv
 .text._Z25checkForNpcNameToPtrErrorPKc
                0x80005ab4       0x6c errorHandling.o
                0x80005ab4                _Z25checkForNpcNameToPtrErrorPKc
 .text._Z24preventAnimPoseMainCrashi
                0x80005b20       0x54 errorHandling.o
                0x80005b20                _Z24preventAnimPoseMainCrashi
 .text.startup._GLOBAL__sub_I_npcNameToPtrErrorInfo
                0x80005b74       0x1c errorHandling.o
 .text.exit._GLOBAL__sub_D_npcNameToPtrErrorInfo
                0x80005b90       0x14 errorHandling.o
 .text._ZL22fixPouchInitMemoryLeakij
                0x80005ba4       0x4c gamePatches.o
 .text._ZL12autoMashTextN2gc3pad5PadIdE
                0x80005bf0       0x48 gamePatches.o
 .text._ZL14fixMapProblemsv
                0x80005c38       0xe8 gamePatches.o
 .text.cFixBlooperCrash1
                0x80005d20       0x38 gamePatches.o
                0x80005d20                cFixBlooperCrash1
 .text.cPreventDiaryTextboxOptionSelection
                0x80005d58       0x58 gamePatches.o
                0x80005d58                cPreventDiaryTextboxOptionSelection
 .text._Z14applyGameFixesv
                0x80005db0       0x68 gamePatches.o
                0x80005db0                _Z14applyGameFixesv
 .text._Z23applyVariousGamePatchesv
                0x80005e18       0xf0 gamePatches.o
                0x80005e18                _Z23applyVariousGamePatchesv
 .text._ZN3mod8Keyboard7connectEv
                0x80005f08       0x58 keyboard.o
                0x80005f08                _ZN3mod8Keyboard7connectEv
 .text._ZN3mod8KeyboardC2Ei
                0x80005f60       0x20 keyboard.o
                0x80005f60                _ZN3mod8KeyboardC2Ei
                0x80005f60                _ZN3mod8KeyboardC1Ei
 .text._ZN3mod8Keyboard10disconnectEv
                0x80005f80       0x40 keyboard.o
                0x80005f80                _ZN3mod8Keyboard10disconnectEv
 .text._ZN3mod8Keyboard6updateEv
                0x80005fc0      0x1d4 keyboard.o
                0x80005fc0                _ZN3mod8Keyboard6updateEv
 .text._ZZN3mod3Mod4initEvENUlvE0_4_FUNEv
                0x80006194        0x4 mod.o
 .text._ZZN3mod3Mod11updateEarlyEvENUlN4ttyd7dispdrv8CameraIdEPvE_4_FUNES3_S4_
                0x80006198        0x4 mod.o
 .text._ZN3mod3ModC2Ev
                0x8000619c       0x90 mod.o
                0x8000619c                _ZN3mod3ModC2Ev
                0x8000619c                _ZN3mod3ModC1Ev
 .text._ZN3mod3Mod4initEv
                0x8000622c      0x188 mod.o
                0x8000622c                _ZN3mod3Mod4initEv
 .text.startup._ZN3mod4mainEv
                0x800063b4       0x38 mod.o
                0x800063b4                _ZN3mod4mainEv
 .text._ZN3mod3Mod11updateEarlyEv
                0x800063ec       0x8c mod.o
                0x800063ec                _ZN3mod3Mod11updateEarlyEv
 .text._ZZN3mod3Mod4initEvENUlvE_4_FUNEv
                0x80006478        0xc mod.o
 .text._ZN3mod5patch17clear_DC_IC_CacheEPvj
                0x80006484       0x3c patch.o
                0x80006484                _ZN3mod5patch17clear_DC_IC_CacheEPvj
 .text._ZN3mod5patch14writeEvtBranchEPiPKib
                0x800064c0       0x1c patch.o
                0x800064c0                _ZN3mod5patch14writeEvtBranchEPiPKib
 .text._ZN3mod5patch15writeBranchMainEPvS1_j
                0x800064dc       0x18 patch.o
                0x800064dc                _ZN3mod5patch15writeBranchMainEPvS1_j
 .text._ZN3mod5patch11writeBranchEPvS1_
                0x800064f4        0x8 patch.o
                0x800064f4                _ZN3mod5patch11writeBranchEPvS1_
 .text._ZN3mod5patch13writeBranchBLEPvS1_
                0x800064fc        0xc patch.o
                0x800064fc                _ZN3mod5patch13writeBranchBLEPvS1_
 .text._ZN3mod5patch10writePatchEPvPKvj
                0x80006508       0x5c patch.o
                0x80006508                _ZN3mod5patch10writePatchEPvPKvj
 .text._ZN3mod5patch10writePatchEPvj
                0x80006564       0x2c patch.o
                0x80006564                _ZN3mod5patch10writePatchEPvj
 .text._ZN3mod5patch15writeBranchPairEPvS1_S1_
                0x80006590       0x3c patch.o
                0x80006590                _ZN3mod5patch15writeBranchPairEPvS1_S1_
 .text.vsnprintf
                0x800065cc       0x70 printf.o
                0x800065cc                vsnprintf
 .text.snprintf
                0x8000663c       0x7c printf.o
                0x8000663c                snprintf
 .text._prolog  0x800066b8       0x5c rel.o
                0x800066b8                _prolog
 .text._epilog  0x80006714       0x4c rel.o
                0x80006714                _epilog
 .text._unresolved
                0x80006760        0x4 rel.o
                0x80006760                _unresolved
 .text._ZN3modL10ugTransferEiPvib
                0x80006764      0x124 ug.o
 .text._ZN3mod7ugProbeEi
                0x80006888       0xf8 ug.o
                0x80006888                _ZN3mod7ugProbeEi
 .text._ZN3mod6ugSendEiPKvi
                0x80006980        0x8 ug.o
                0x80006980                _ZN3mod6ugSendEiPKvi
 .text._ZN3mod6ugRecvEiPvi
                0x80006988        0x8 ug.o
                0x80006988                _ZN3mod6ugRecvEiPvi
 .text.strstr   0x80006990       0x90 util.o
                0x80006990                strstr
 .text._ZN3mod4util16checkButtonComboEj
                0x80006a20       0x4c util.o
                0x80006a20                _ZN3mod4util16checkButtonComboEj
 .text._ZN3mod4util26checkButtonComboEveryFrameEj
                0x80006a6c       0x34 util.o
                0x80006a6c                _ZN3mod4util26checkButtonComboEveryFrameEj
 .text._ZN3mod4util10ptrIsValidEPv
                0x80006aa0       0x30 util.o
                0x80006aa0                _ZN3mod4util10ptrIsValidEPv
 .text._ZN3mod4util10intToFloatEi
                0x80006ad0       0x30 util.o
                0x80006ad0                _ZN3mod4util10intToFloatEi
 .text._ZN3mod4util25getTextMultilineIncrementEPKcfj
                0x80006b00       0x4c util.o
                0x80006b00                _ZN3mod4util25getTextMultilineIncrementEPKcfj
 .text._Z15ApplyAaaPatchesv
                0x80006b4c       0x50 aaa.o
                0x80006b4c                _Z15ApplyAaaPatchesv
 .text._Z15ApplyAjiPatchesv
                0x80006b9c      0x83c aji.o
                0x80006b9c                _Z15ApplyAjiPatchesv
 .text._Z15ApplyBomPatchesv
                0x800073d8      0x300 bom.o
                0x800073d8                _Z15ApplyBomPatchesv
 .text._Z15ApplyDouPatchesv
                0x800076d8      0x2f0 dou.o
                0x800076d8                _Z15ApplyDouPatchesv
 .text._Z15ApplyEkiPatchesv
                0x800079c8      0x254 eki.o
                0x800079c8                _Z15ApplyEkiPatchesv
 .text._Z15ApplyEndPatchesv
                0x80007c1c       0x30 end.o
                0x80007c1c                _Z15ApplyEndPatchesv
 .text._Z15ApplyGonPatchesv
                0x80007c4c      0x340 gon.o
                0x80007c4c                _Z15ApplyGonPatchesv
 .text._Z17ApplyGor00Patchesv
                0x80007f8c      0x5b0 gor_00.o
                0x80007f8c                _Z17ApplyGor00Patchesv
 .text.startup._GLOBAL__sub_I__Z17ApplyGor00Patchesv
                0x8000853c       0x14 gor_00.o
 .text._Z17ApplyGor01Patchesv
                0x80008550      0x400 gor_01.o
                0x80008550                _Z17ApplyGor01Patchesv
 .text._Z17ApplyGor02Patchesv
                0x80008950      0x400 gor_02.o
                0x80008950                _Z17ApplyGor02Patchesv
 .text._Z17ApplyGor03Patchesv
                0x80008d50      0x47c gor_03.o
                0x80008d50                _Z17ApplyGor03Patchesv
 .text._Z13strcpy_StringPcPKc
                0x800091cc        0x4 gor_04.o
                0x800091cc                _Z13strcpy_StringPcPKc
 .text._Z17ApplyGor04Patchesv
                0x800091d0      0x1d8 gor_04.o
                0x800091d0                _Z17ApplyGor04Patchesv
 .text._Z19ApplyGorMiscPatchesv
                0x800093a8      0x14c gor_misc.o
                0x800093a8                _Z19ApplyGorMiscPatchesv
 .text._Z15ApplyGorPatchesv
                0x800094f4       0x30 gor_misc.o
                0x800094f4                _Z15ApplyGorPatchesv
 .text._Z15ApplyGraPatchesv
                0x80009524      0x200 gra.o
                0x80009524                _Z15ApplyGraPatchesv
 .text._Z15ApplyHeiPatchesv
                0x80009724      0x294 hei.o
                0x80009724                _Z15ApplyHeiPatchesv
 .text._Z15ApplyHomPatchesv
                0x800099b8      0x140 hom.o
                0x800099b8                _Z15ApplyHomPatchesv
 .text._Z15ApplyJinPatchesv
                0x80009af8      0x2fc jin.o
                0x80009af8                _Z15ApplyJinPatchesv
 .text._Z15ApplyKpaPatchesv
                0x80009df4       0xd0 kpa.o
                0x80009df4                _Z15ApplyKpaPatchesv
 .text._Z24ApplyMainAssemblyPatchesv
                0x80009ec4      0x55c main.o
                0x80009ec4                _Z24ApplyMainAssemblyPatchesv
 .text._Z22ApplyMainScriptPatchesv
                0x8000a420      0x1d4 main.o
                0x8000a420                _Z22ApplyMainScriptPatchesv
 .text._Z25ApplyItemDataTablePatchesv
                0x8000a5f4      0x15c main.o
                0x8000a5f4                _Z25ApplyItemDataTablePatchesv
 .text._Z15ApplyMriPatchesv
                0x8000a750      0xbbc mri.o
                0x8000a750                _Z15ApplyMriPatchesv
 .text._Z15ApplyMujPatchesv
                0x8000b30c      0x980 muj.o
                0x8000b30c                _Z15ApplyMujPatchesv
 .text._Z15ApplyNokPatchesv
                0x8000bc8c      0x36c nok.o
                0x8000bc8c                _Z15ApplyNokPatchesv
 .text._Z15ApplyPikPatchesv
                0x8000bff8      0x51c pik.o
                0x8000bff8                _Z15ApplyPikPatchesv
 .text._Z15ApplyRshPatchesv
                0x8000c514      0xe20 rsh.o
                0x8000c514                _Z15ApplyRshPatchesv
 .text._Z24checkChapterRequirementsPN4ttyd6evtmgr8EvtEntryEb
                0x8000d334       0x7c tik.o
                0x8000d334                _Z24checkChapterRequirementsPN4ttyd6evtmgr8EvtEntryEb
 .text._Z18checkChapterClearsPN4ttyd6evtmgr8EvtEntryEb
                0x8000d3b0       0x5c tik.o
                0x8000d3b0                _Z18checkChapterClearsPN4ttyd6evtmgr8EvtEntryEb
 .text._Z15ApplyTikPatchesv
                0x8000d40c      0x578 tik.o
                0x8000d40c                _Z15ApplyTikPatchesv
 .text._Z15ApplyTouPatchesv
                0x8000d984     0x10a8 tou.o
                0x8000d984                _Z15ApplyTouPatchesv
 .text._Z16ApplyTou2Patchesv
                0x8000ea2c      0x34c tou2.o
                0x8000ea2c                _Z16ApplyTou2Patchesv
 .text._Z15ApplyUsuPatchesv
                0x8000ed78      0x894 usu.o
                0x8000ed78                _Z15ApplyUsuPatchesv
 .text._Z15ApplyWinPatchesv
                0x8000f60c      0x2e4 win.o
                0x8000f60c                _Z15ApplyWinPatchesv
 *(.gnu.warning)
 *(.gnu.linkonce.t.*)
                0x8000f900                        . = ALIGN (0x20)
 *fill*         0x8000f8f0       0x10 00000000

.text._ZN3mod13mario_set_posMUlPKcE_4_FUNES2_
                0x00000000       0x5c
 .text._ZN3mod13mario_set_posMUlPKcE_4_FUNES2_
                0x00000000       0x5c con_mario.o
                0x00000000                _ZN3mod13mario_set_posMUlPKcE_4_FUNES2_
                0x00000000                _ZN3mod13mario_set_posMUlPKcE_4_FUNES1_

.text._ZN3mod15perf_fake_spikeMUlPKcE_4_FUNES2_
                0x00000000       0x7c
 .text._ZN3mod15perf_fake_spikeMUlPKcE_4_FUNES2_
                0x00000000       0x7c con_perf.o
                0x00000000                _ZN3mod15perf_fake_spikeMUlPKcE_4_FUNES1_
                0x00000000                _ZN3mod15perf_fake_spikeMUlPKcE_4_FUNES2_

.text._ZN3mod14seq_change_mapMUlPKcE_4_FUNES2_
                0x00000000       0xc4
 .text._ZN3mod14seq_change_mapMUlPKcE_4_FUNES2_
                0x00000000       0xc4 con_seq.o
                0x00000000                _ZN3mod14seq_change_mapMUlPKcE_4_FUNES2_
                0x00000000                _ZN3mod14seq_change_mapMUlPKcE_4_FUNES1_

.text._ZN3mod8con_monoMUlPNS_9ConIntVarEiE_4_FUNES2_i
                0x00000000       0x18
 .text._ZN3mod8con_monoMUlPNS_9ConIntVarEiE_4_FUNES2_i
                0x00000000       0x18 console.o
                0x00000000                _ZN3mod8con_monoMUlPNS_9ConIntVarEiE_4_FUNES1_i
                0x00000000                _ZN3mod8con_monoMUlPNS_9ConIntVarEiE_4_FUNES2_i

.text._ZN18HeapCorruptionInfo10initBufferEv
                0x00000000       0x34
 .text._ZN18HeapCorruptionInfo10initBufferEv
                0x00000000       0x34 errorHandling.o
                0x00000000                _ZN18HeapCorruptionInfo10initBufferEv

.fini           0x00000034        0xc
 *(.fini)
                0x00000040                        . = ALIGN (0x20)
 *fill*         0x00000034        0xc 00000000
                [!provide]                        PROVIDE (__etext = .)
                [!provide]                        PROVIDE (_etext = .)
                [!provide]                        PROVIDE (etext = .)

.rodata         0x00000040     0xc3cd
 *(.rodata)
 *(.rodata.*)
 .rodata._ZZN3mod3owr3OWR4InitEvENUliE_4_FUNEi
                0x00000040       0x10 OWR.o
 .rodata._ZZN3mod3owr3OWR4InitEvENUlPKcE_4_FUNES3_.str1.1
                0x00000050      0x24b OWR.o
 .rodata._ZZN3mod3owr3OWR4InitEvENUlN4ttyd6seqdrv8SeqIndexEPvS5_E_4_FUNES4_S5_S5_.str1.1
                0x0000029b        0xe OWR.o
 *fill*         0x000002a9        0x3 
 .rodata._ZN3mod3owr3OWR14OnModuleLoadedEPN2gc6OSLink12OSModuleInfoE
                0x000002ac       0x70 OWR.o
 .rodata._ZL8GSWF_ARR
                0x0000031c       0x1c OWR.o
 .rodata.cst4   0x00000338        0x4 OWR.o
 .rodata._ZN3mod13mario_set_posMUlPKcE_4_FUNES2_.str1.1
                0x0000033c        0x9 con_mario.o
 .rodata._ZN3modL13mod_if_func24Ev.str1.1
                0x00000345       0x20 con_mario.o
 .rodata._GLOBAL__sub_I__ZN3mod13mario_set_posE.str1.1
                0x00000365       0x1d con_mario.o
 .rodata._ZN3modL13mod_if_func51Ev.str1.1
                0x00000382       0x5b con_perf.o
 .rodata._ZN3mod15perf_fake_spikeMUlPKcE_4_FUNES2_.str1.1
                0x000003dd        0x3 con_perf.o
 .rodata._GLOBAL__sub_I__ZN3mod15perf_fake_spikeE.str1.1
                0x000003e0       0x1f con_perf.o
 *fill*         0x000003ff        0x1 
 .rodata.cst4   0x00000400        0xc con_perf.o
 .rodata._ZN3mod14seq_change_mapMUlPKcE_4_FUNES2_.str1.1
                0x0000040c       0x1e con_seq.o
 .rodata._GLOBAL__sub_I__ZN3mod13seq_logo_skipE.str1.1
                0x0000042a       0x1d con_seq.o
 .rodata._ZN3mod13ConsoleSystem8logColorEPKcN2gc6color4E.str1.1
                0x00000447       0x80 console.o
 .rodata._ZN3mod7CC_findEPKc.str1.1
                0x000004c7       0x1d console.o
 .rodata._ZN3mod13ConsoleSystem14processCommandEPKc.str1.1
                0x000004e4       0x28 console.o
 .rodata._ZN3mod13ConsoleSystem14updateUsbGeckoEv.str1.1
                0x0000050c       0x74 console.o
 .rodata._ZN3mod13ConsoleSystem4dispEv.str1.1
                0x00000580       0x16 console.o
 .rodata._GLOBAL__sub_I__ZN3mod10ConCommand6sFirstE.str1.1
                0x00000596       0x7f console.o
 .rodata._ZZN3mod13ConsoleSystem4dispEvE12kPromptColor
                0x00000615        0x4 console.o
 *fill*         0x00000619        0x3 
 .rodata.cst4   0x0000061c        0x8 console.o
 .rodata._ZL21initStandardHeapErrorPKvib.str1.1
                0x00000624       0x30 errorHandling.o
 .rodata._ZL18initSmartHeapErrorPKvb.str1.1
                0x00000654       0x23 errorHandling.o
 .rodata._ZL16initMapHeapErrorPKvtb.str1.1
                0x00000677       0x2b errorHandling.o
 .rodata._ZN21NpcNameToPtrErrorInfo16drawErrorMessageEv.str1.1
                0x000006a2       0x1f errorHandling.o
 .rodata._ZN21AnimPoseMainErrorInfo16drawErrorMessageEv.str1.1
                0x000006c1       0x1f errorHandling.o
 .rodata.cst4   0x000006e0       0x10 errorHandling.o
 .rodata._ZL14fixMapProblemsv.str1.1
                0x000006f0       0x1e gamePatches.o
 .rodata.cPreventDiaryTextboxOptionSelection.str1.1
                0x0000070e       0x19 gamePatches.o
 *fill*         0x00000727        0x1 
 .rodata.cst4   0x00000728        0x4 mod.o
 .rodata.cst4   0x0000072c        0x8 util.o
 .rodata._ZL20aji_17_init_evt_hook
                0x00000734       0x10 aji.o
 .rodata._ZL19aji_17_init_evt_evt
                0x00000744       0x4c aji.o
 .rodata._ZL20aji_10_init_evt_hook
                0x00000790       0x10 aji.o
 .rodata.str1.1
                0x000007a0       0x37 aji.o
 *fill*         0x000007d7        0x1 
 .rodata._ZL19aji_10_init_evt_evt
                0x000007d8      0x288 aji.o
 .rodata._ZL18teshita3_init_hook
                0x00000a60       0x10 aji.o
 .rodata._ZL17teshita3_init_evt
                0x00000a70       0xc0 aji.o
 .rodata._ZL18teshita2_init_hook
                0x00000b30       0x10 aji.o
 .rodata._ZL17teshita2_init_evt
                0x00000b40       0xc0 aji.o
 .rodata._ZL20peach_evt_ele_2_hook
                0x00000c00       0x24 aji.o
 .rodata._ZL19peach_evt_ele_2_evt
                0x00000c24       0x6c aji.o
 .rodata._ZL20aji_00_init_evt_hook
                0x00000c90       0x10 aji.o
 .rodata._ZL19aji_00_init_evt_evt
                0x00000ca0       0x5c aji.o
 .rodata._ZL4npc4
                0x00000cfc       0x13 aji.o
 *fill*         0x00000d0f        0x1 
 .rodata._ZL4npc3
                0x00000d10        0x7 aji.o
 *fill*         0x00000d17        0x1 
 .rodata._ZL4npc2
                0x00000d18        0xf aji.o
 *fill*         0x00000d27        0x1 
 .rodata._ZL4npc1
                0x00000d28        0x7 aji.o
 .rodata.str1.1
                0x00000d2f       0x12 dou.o
 *fill*         0x00000d41        0x3 
 .rodata._ZL20peramajin_after_item
                0x00000d44       0x9c dou.o
 .rodata._ZL12evt_elv_hook
                0x00000de0       0x28 eki.o
 .rodata.str1.1
                0x00000e08       0x2f eki.o
 *fill*         0x00000e37        0x1 
 .rodata._ZL11evt_elv_evt
                0x00000e38      0x104 eki.o
 .rodata.str1.1
                0x00000f3c        0xb gon.o
 *fill*         0x00000f47        0x1 
 .rodata._ZL19gon_evt_majin2_item
                0x00000f48       0xd0 gon.o
 .rodata._ZL21gor_00_init_evt2_hook
                0x00001018       0x10 gor_00.o
 .rodata._ZL21gor_00_init_evt1_hook
                0x00001028       0x10 gor_00.o
 .rodata.str1.1
                0x00001038      0x25e gor_00.o
 *fill*         0x00001296        0x2 
 .rodata._ZL16gor_00_init_evt1
                0x00001298      0x1f8 gor_00.o
 .rodata._ZL18korutesu_init_hook
                0x00001490       0x10 gor_00.o
 .rodata._ZL17korutesu_init_evt
                0x000014a0       0x58 gor_00.o
 .rodata._ZL20suifubomb_b_talk_evt
                0x000014f8       0xd4 gor_00.o
 .rodata._ZL21suifubomb_b_regl_hook
                0x000015cc       0x10 gor_00.o
 .rodata._ZL20suifubomb_b_regl_evt
                0x000015dc      0x120 gor_00.o
 .rodata._ZL20suifubomb_a_talk_evt
                0x000016fc      0x150 gor_00.o
 .rodata._ZL21suifubomb_a_regl_hook
                0x0000184c       0x10 gor_00.o
 .rodata._ZL20suifubomb_a_regl_evt
                0x0000185c       0x90 gor_00.o
 .rodata._ZL21suifubomb_a_init_hook
                0x000018ec       0x10 gor_00.o
 .rodata._ZL20suifubomb_a_init_evt
                0x000018fc       0xc8 gor_00.o
 .rodata._ZL16suifu_b_talk_evt
                0x000019c4       0xd4 gor_00.o
 .rodata._ZL20luigi_npcEnt_00_hook
                0x00001a98       0x10 gor_00.o
 .rodata._ZL19luigi_npcEnt_00_evt
                0x00001aa8       0x80 gor_00.o
 .rodata._ZL18luigi_init_00_hook
                0x00001b28       0x10 gor_00.o
 .rodata._ZL17luigi_init_00_evt
                0x00001b38       0x50 gor_00.o
 .rodata._ZL16mokorim_init_evt
                0x00001b88       0x30 gor_00.o
 .rodata._ZL17suifu_b_init_hook
                0x00001bb8       0x10 gor_00.o
 .rodata._ZL16suifu_b_init_evt
                0x00001bc8       0xc8 gor_00.o
 .rodata._ZL17suifu_a_regl_hook
                0x00001c90       0x10 gor_00.o
 .rodata._ZL16suifu_a_regl_evt
                0x00001ca0       0x80 gor_00.o
 .rodata._ZL16suifu_a_talk_evt
                0x00001d20       0xd4 gor_00.o
 .rodata._ZL19odoodo_ani_talk_evt
                0x00001df4       0x20 gor_00.o
 .rodata._ZL15odoodo_talk_evt
                0x00001e14      0x128 gor_00.o
 .rodata._ZL16odoodo_regl_hook
                0x00001f3c       0x10 gor_00.o
 .rodata._ZL15odoodo_regl_evt
                0x00001f4c       0x94 gor_00.o
 .rodata._ZL16odoodo_init_hook
                0x00001fe0       0x10 gor_00.o
 .rodata._ZL15odoodo_init_evt
                0x00001ff0      0x114 gor_00.o
 .rodata._ZL17garawaru_talk_evt
                0x00002104       0xb8 gor_00.o
 .rodata._ZL18garawaru_regl_hook
                0x000021bc       0x10 gor_00.o
 .rodata._ZL17garawaru_regl_evt
                0x000021cc      0x120 gor_00.o
 .rodata._ZL18garawaru_init_hook
                0x000022ec       0x10 gor_00.o
 .rodata._ZL17garawaru_init_evt
                0x000022fc      0x140 gor_00.o
 .rodata._ZL7npcEnt2
                0x0000243c        0x9 gor_00.o
 *fill*         0x00002445        0x3 
 .rodata._ZL6npcEnt
                0x00002448        0x9 gor_00.o
 .rodata.str1.1
                0x00002451       0x9f gor_01.o
 .rodata._ZL15bomhei_talk_evt
                0x000024f0       0x20 gor_01.o
 .rodata._ZL16chusan2_talk_evt
                0x00002510       0x20 gor_01.o
 .rodata._ZL16chusan1_talk_evt
                0x00002530       0x20 gor_01.o
 .rodata._ZL16kuribo3_talk_evt
                0x00002550       0x20 gor_01.o
 .rodata._ZL16kuribo2_talk_evt
                0x00002570       0x20 gor_01.o
 .rodata._ZL16kuribo1_talk_evt
                0x00002590       0x20 gor_01.o
 .rodata._ZL15roten2_talk_evt
                0x000025b0       0x20 gor_01.o
 .rodata._ZL15roten1_talk_evt
                0x000025d0       0x20 gor_01.o
 .rodata._ZL19shoptender_talk_evt
                0x000025f0       0x20 gor_01.o
 .rodata._ZL15kinoji_talk_evt
                0x00002610       0x20 gor_01.o
 .rodata._ZL19bottakuru_init_hook
                0x00002630       0x10 gor_01.o
 .rodata._ZL18bottakuru_init_evt
                0x00002640       0x70 gor_01.o
 .rodata._ZL18marco_init_01_hook
                0x000026b0       0x10 gor_01.o
 .rodata._ZL17marco_init_01_evt
                0x000026c0       0x40 gor_01.o
 .rodata._ZL20badgemaster_talk_evt
                0x00002700       0x20 gor_01.o
 .rodata._ZL15luigi_init_hook
                0x00002720       0x10 gor_02.o
 .rodata.str1.1
                0x00002730      0x22d gor_02.o
 *fill*         0x0000295d        0x3 
 .rodata._ZL14luigi_init_evt
                0x00002960       0x4c gor_02.o
 .rodata._ZL20tozokudan2_talk_hook
                0x000029ac        0xc gor_02.o
 .rodata._ZL19tozokudan2_talk_evt
                0x000029b8      0x160 gor_02.o
 .rodata._ZL20tozokudan1_talk_hook
                0x00002b18        0xc gor_02.o
 .rodata._ZL19tozokudan1_talk_evt
                0x00002b24      0x160 gor_02.o
 .rodata._ZL20kurihakase_init_hook
                0x00002c84       0x10 gor_02.o
 .rodata._ZL19kurihakase_init_evt
                0x00002c94      0x294 gor_02.o
 .rodata._ZL19kurihakase_talk_evt
                0x00002f28      0x2cc gor_02.o
 .rodata._ZL22evt_door_02_open_hook2
                0x000031f4       0x10 gor_02.o
 .rodata._ZL21evt_door_02_open_evt2
                0x00003204       0xc4 gor_02.o
 .rodata._ZL21evt_door_02_open_hook
                0x000032c8       0x10 gor_02.o
 .rodata._ZL20evt_door_02_open_evt
                0x000032d8      0x184 gor_02.o
 .rodata._ZL21gor_02_init_evt2_hook
                0x0000345c       0x10 gor_02.o
 .rodata._ZL16gor_02_init_evt2
                0x0000346c       0xcc gor_02.o
 .rodata._ZL21gor_02_init_evt1_hook
                0x00003538       0x10 gor_02.o
 .rodata._ZL16gor_02_init_evt1
                0x00003548      0x138 gor_02.o
 .rodata._ZL16borodo2_talk_evt
                0x00003680       0x20 gor_02.o
 .rodata._ZL16borodo1_talk_evt
                0x000036a0       0x20 gor_02.o
 .rodata._ZL15roten3_talk_evt
                0x000036c0       0x20 gor_02.o
 .rodata._ZL16chusan3_talk_evt
                0x000036e0       0x20 gor_02.o
 .rodata._ZL16kuribo4_talk_evt
                0x00003700       0x20 gor_02.o
 .rodata._ZL20gor_03_init_evt_hook
                0x00003720       0x10 gor_03.o
 .rodata.str1.1
                0x00003730      0x100 gor_03.o
 .rodata._ZL19gor_03_init_evt_evt
                0x00003830      0x160 gor_03.o
 .rodata._ZL16maffia3_talk_evt
                0x00003990       0x20 gor_03.o
 .rodata._ZL16maffia2_talk_evt
                0x000039b0      0x140 gor_03.o
 .rodata._ZL16maffia1_talk_evt
                0x00003af0      0x140 gor_03.o
 .rodata._ZL26maffiaboss_casino_talk_evt
                0x00003c30       0x20 gor_03.o
 .rodata._ZL26maffiaboss_talk_common_evt
                0x00003c50      0x120 gor_03.o
 .rodata._Z17ApplyGor04Patchesv.str1.1
                0x00003d70       0x12 gor_04.o
 .rodata.str1.1
                0x00003d82        0x7 gor_misc.o
 *fill*         0x00003d89        0x3 
 .rodata._ZL9party_evt
                0x00003d8c       0x9c gor_misc.o
 .rodata._ZL9goombella
                0x00003e28        0x9 gor_misc.o
 .rodata.str1.1
                0x00003e31       0x18 gra.o
 *fill*         0x00003e49        0x3 
 .rodata._ZL17evt_machibuse_evt
                0x00003e4c       0x4c gra.o
 .rodata._ZL8doopliss
                0x00003e98        0xb gra.o
 *fill*         0x00003ea3        0x1 
 .rodata._ZL11stones_hook
                0x00003ea4       0x10 hei.o
 .rodata.str1.1
                0x00003eb4       0x21 hei.o
 *fill*         0x00003ed5        0x3 
 .rodata._ZL10stones_evt
                0x00003ed8       0xd8 hei.o
 .rodata._ZL9party_evt
                0x00003fb0       0x80 hei.o
 .rodata._ZL5koops
                0x00004030        0xb hei.o
 *fill*         0x0000403b        0x1 
 .rodata._ZL20hom_00_init_evt_hook
                0x0000403c       0x10 hom.o
 .rodata.str1.1
                0x0000404c       0x1f hom.o
 *fill*         0x0000406b        0x1 
 .rodata._ZL19hom_00_init_evt_evt
                0x0000406c       0x94 hom.o
 .rodata._Z25ApplyItemDataTablePatchesv.str1.1
                0x00004100       0xc2 main.o
 *fill*         0x000041c2        0x2 
 .rodata._ZL20mri_09_init_evt_hook
                0x000041c4       0x10 mri.o
 .rodata.str1.1
                0x000041d4      0x181 mri.o
 *fill*         0x00004355        0x3 
 .rodata._ZL19mri_09_init_evt_evt
                0x00004358      0x14c mri.o
 .rodata._ZL20mri_04_init_evt_hook
                0x000044a4       0x10 mri.o
 .rodata._ZL19mri_04_init_evt_evt
                0x000044b4       0x30 mri.o
 .rodata._ZL16bero_custom_hook
                0x000044e4       0x10 mri.o
 .rodata._ZL15bero_custom_evt
                0x000044f4       0x44 mri.o
 .rodata._ZL21mri_01_init_evt_hook2
                0x00004538       0x10 mri.o
 .rodata._ZL19mri_01_init_evt_evt
                0x00004548       0x30 mri.o
 .rodata._ZL18puniinfo_talk_hook
                0x00004578       0x10 mri.o
 .rodata._ZL20mri_03_init_evt_hook
                0x00004588       0x14 mri.o
 .rodata._ZL22mri_03_init_evt_switch
                0x0000459c       0x9c mri.o
 .rodata._ZL20mri_01_init_evt_hook
                0x00004638       0x14 mri.o
 .rodata._ZL22mri_01_init_evt_switch
                0x0000464c       0xb0 mri.o
 .rodata._ZL23mri_sister_init_01_hook
                0x000046fc       0x10 mri.o
 .rodata._ZL22mri_sister_init_01_evt
                0x0000470c       0xa8 mri.o
 .rodata._ZL16puni_2_init_hook
                0x000047b4       0x10 mri.o
 .rodata._ZL15puni_2_init_evt
                0x000047c4       0x78 mri.o
 .rodata._ZL16puni_1_talk_hook
                0x0000483c       0x10 mri.o
 .rodata._ZL15puni_1_talk_evt
                0x0000484c       0xb0 mri.o
 .rodata._ZL16puni_1_init_hook
                0x000048fc       0x10 mri.o
 .rodata._ZL15puni_1_init_evt
                0x0000490c       0x78 mri.o
 .rodata._ZL15elder_talk_hook
                0x00004984       0x10 mri.o
 .rodata._ZL14elder_talk_evt
                0x00004994       0xb8 mri.o
 .rodata._ZL22mri_elder_init_01_hook
                0x00004a4c       0x10 mri.o
 .rodata._ZL21mri_elder_init_01_evt
                0x00004a5c       0xcc mri.o
 .rodata._ZL22mri_rival_init_01_hook
                0x00004b28       0x10 mri.o
 .rodata._ZL21mri_rival_init_01_evt
                0x00004b38       0xa8 mri.o
 .rodata._ZL18guide_init_01_hook
                0x00004be0       0x10 mri.o
 .rodata._ZL17guide_init_01_evt
                0x00004bf0       0x8c mri.o
 .rodata._ZL15guide_talk_hook
                0x00004c7c       0x10 mri.o
 .rodata._ZL14guide_talk_evt
                0x00004c8c       0x98 mri.o
 .rodata._ZL18guide_init_00_hook
                0x00004d24       0x10 mri.o
 .rodata._ZL17guide_init_00_evt
                0x00004d34      0x150 mri.o
 .rodata._ZL14muj_party_hook
                0x00004e84       0x10 muj.o
 .rodata.str1.1
                0x00004e94      0x38f muj.o
 *fill*         0x00005223        0x1 
 .rodata._ZL13muj_party_evt
                0x00005224       0xac muj.o
 .rodata._ZL22peton_init_muj_01_hook
                0x000052d0       0x10 muj.o
 .rodata._ZL21peton_init_muj_01_evt
                0x000052e0       0x54 muj.o
 .rodata._ZL21mony_init_muj_01_hook
                0x00005334       0x10 muj.o
 .rodata._ZL20mony_init_muj_01_evt
                0x00005344       0x54 muj.o
 .rodata._ZL17koburon_dead_hook
                0x00005398      0x15c muj.o
 .rodata._ZL16koburon_dead_evt
                0x000054f4      0x22c muj.o
 .rodata._ZL20muj_01_init_evt_hook
                0x00005720       0x10 muj.o
 .rodata._ZL19muj_01_init_evt_evt
                0x00005730       0x50 muj.o
 .rodata._ZL21borosuifu_b_talk_hook
                0x00005780       0x10 muj.o
 .rodata._ZL20borosuifu_b_talk_evt
                0x00005790       0xf8 muj.o
 .rodata._ZL21borosuifu_a_talk_hook
                0x00005888       0x10 muj.o
 .rodata._ZL20borosuifu_a_talk_evt
                0x00005898       0xf8 muj.o
 .rodata._ZL24suifu_d_talk_muj_01_hook
                0x00005990       0x10 muj.o
 .rodata._ZL23suifu_d_talk_muj_01_evt
                0x000059a0       0xf8 muj.o
 .rodata._ZL20suifu_bomb_talk_hook
                0x00005a98       0x10 muj.o
 .rodata._ZL19suifu_bomb_talk_evt
                0x00005aa8       0xf4 muj.o
 .rodata._ZL20suifu_bomb_init_hook
                0x00005b9c       0x10 muj.o
 .rodata._ZL19suifu_bomb_init_evt
                0x00005bac       0x30 muj.o
 .rodata._ZL24suifu_a_talk_muj_01_hook
                0x00005bdc       0x10 muj.o
 .rodata._ZL23suifu_a_talk_muj_01_evt
                0x00005bec       0xf4 muj.o
 .rodata._ZL24suifu_a_init_muj_01_hook
                0x00005ce0       0x10 muj.o
 .rodata._ZL23suifu_a_init_muj_01_evt
                0x00005cf0       0x40 muj.o
 .rodata._ZL23odoodo_init_muj_01_hook
                0x00005d30       0x10 muj.o
 .rodata._ZL22odoodo_init_muj_01_evt
                0x00005d40       0x40 muj.o
 .rodata._ZL23megane_init_muj_01_hook
                0x00005d80       0x10 muj.o
 .rodata._ZL22megane_init_muj_01_evt
                0x00005d90       0x40 muj.o
 .rodata._ZL22marco_init_muj_01_hook
                0x00005dd0       0x10 muj.o
 .rodata._ZL21marco_init_muj_01_evt
                0x00005de0       0x9c muj.o
 .rodata._ZL25garawaru_talk_muj_01_hook
                0x00005e7c       0x10 muj.o
 .rodata._ZL24garawaru_talk_muj_01_evt
                0x00005e8c      0x4b4 muj.o
 .rodata._ZL25garawaru_init_muj_01_hook
                0x00006340       0x10 muj.o
 .rodata._ZL24garawaru_init_muj_01_evt
                0x00006350       0xd8 muj.o
 .rodata._ZL20muj_00_init_evt_hook
                0x00006428       0x44 muj.o
 .rodata._ZL21muj_00_init_evt_evt_2
                0x0000646c       0x70 muj.o
 .rodata._ZL19muj_00_init_evt_evt
                0x000064dc       0x40 muj.o
 .rodata._ZL22peton_talk_muj_00_hook
                0x0000651c       0x10 muj.o
 .rodata._ZL21peton_talk_muj_00_evt
                0x0000652c       0x8c muj.o
 .rodata._ZL21mony_talk_muj_00_hook
                0x000065b8       0x10 muj.o
 .rodata._ZL20mony_talk_muj_00_evt
                0x000065c8       0x8c muj.o
 .rodata._ZL17nokorin_talk_hook
                0x00006654       0x10 nok.o
 .rodata.str1.1
                0x00006664      0x4b1 nok.o
 *fill*         0x00006b15        0x3 
 .rodata._ZL16nokorin_talk_evt
                0x00006b18      0x2f4 nok.o
 .rodata._ZL19boss_noko_talk_hook
                0x00006e0c       0x10 nok.o
 .rodata._ZL18boss_noko_talk_evt
                0x00006e1c      0x164 nok.o
 .rodata._ZL20nokonoko_K_talk_hook
                0x00006f80       0x10 nok.o
 .rodata._ZL19nokonoko_K_talk_evt
                0x00006f90       0xd4 nok.o
 .rodata._ZL18nokopapa_talk_hook
                0x00007064       0x10 nok.o
 .rodata._ZL17nokopapa_talk_evt
                0x00007074      0x128 nok.o
 .rodata._ZL16monban_talk_hook
                0x0000719c       0x10 nok.o
 .rodata._ZL15monban_talk_evt
                0x000071ac      0x11c nok.o
 .rodata._ZL20nokonoko_I_talk_hook
                0x000072c8       0x10 nok.o
 .rodata._ZL19nokonoko_I_talk_evt
                0x000072d8       0xd4 nok.o
 .rodata._ZL20nokonoko_H_talk_hook
                0x000073ac       0x10 nok.o
 .rodata._ZL19nokonoko_H_talk_evt
                0x000073bc       0xfc nok.o
 .rodata._ZL20nokonoko_G_talk_hook
                0x000074b8       0x10 nok.o
 .rodata._ZL19nokonoko_G_talk_evt
                0x000074c8       0xd4 nok.o
 .rodata._ZL15talk_white_hook
                0x0000759c       0x10 nok.o
 .rodata._ZL14talk_white_evt
                0x000075ac       0xa4 nok.o
 .rodata._ZL15init_white_hook
                0x00007650       0x10 nok.o
 .rodata._ZL14init_white_evt
                0x00007660       0x44 nok.o
 .rodata._ZL20nokonoko_F_talk_hook
                0x000076a4       0x10 nok.o
 .rodata._ZL19nokonoko_F_talk_evt
                0x000076b4       0xd4 nok.o
 .rodata._ZL20nokonoko_D_talk_hook
                0x00007788       0x10 nok.o
 .rodata._ZL19nokonoko_D_talk_evt
                0x00007798       0xfc nok.o
 .rodata._ZL20nokonoko_C_talk_hook
                0x00007894       0x10 nok.o
 .rodata._ZL19nokonoko_C_talk_evt
                0x000078a4       0xd4 nok.o
 .rodata._ZL20nokonoko_B_talk_hook
                0x00007978       0x10 nok.o
 .rodata._ZL19nokonoko_B_talk_evt
                0x00007988       0xd4 nok.o
 .rodata._ZL20nokonoko_A_talk_hook
                0x00007a5c       0x10 nok.o
 .rodata._ZL19nokonoko_A_talk_evt
                0x00007a6c      0x10c nok.o
 .rodata._ZL16pik_00_init_hook
                0x00007b78       0x10 pik.o
 .rodata.str1.1
                0x00007b88      0x15a pik.o
 *fill*         0x00007ce2        0x2 
 .rodata._ZL19pik_00_init_evt_evt
                0x00007ce4       0x58 pik.o
 .rodata._ZL32pik_talk_madam_ring_return_hook3
                0x00007d3c       0x10 pik.o
 .rodata._ZL20talk_madam_ring_item
                0x00007d4c       0x8c pik.o
 .rodata._ZL14evt_daiza_hook
                0x00007dd8       0x1c pik.o
 .rodata._ZL13evt_daiza_evt
                0x00007df4       0x5c pik.o
 .rodata._ZL18pik_evt_powan_hook
                0x00007e50       0x28 pik.o
 .rodata._ZL17pik_evt_powan_evt
                0x00007e78       0x94 pik.o
 .rodata._ZL16takun6_talk_hook
                0x00007f0c       0x10 pik.o
 .rodata._ZL15takun6_talk_evt
                0x00007f1c       0x78 pik.o
 .rodata._ZL16takun5_talk_hook
                0x00007f94       0x10 pik.o
 .rodata._ZL15takun5_talk_evt
                0x00007fa4       0x78 pik.o
 .rodata._ZL16takun4_talk_hook
                0x0000801c       0x10 pik.o
 .rodata._ZL15takun4_talk_evt
                0x0000802c       0xb4 pik.o
 .rodata._ZL18miyageya_talk_hook
                0x000080e0       0x28 pik.o
 .rodata._ZL17miyageya_talk_evt
                0x00008108      0x114 pik.o
 .rodata._ZL7madame2
                0x0000821c        0x7 pik.o
 *fill*         0x00008223        0x1 
 .rodata._ZL28talk_madam_ring_return_hook3
                0x00008224       0x10 rsh.o
 .rodata.str1.1
                0x00008234      0x1ac rsh.o
 .rodata._ZL20talk_madam_ring_item
                0x000083e0       0x8c rsh.o
 .rodata._ZL28talk_madam_ring_return_hook2
                0x0000846c       0x10 rsh.o
 .rodata._ZL28talk_madam_ring_return_hook1
                0x0000847c       0x10 rsh.o
 .rodata._ZL26talk_madam_ring_return_evt
                0x0000848c       0x78 rsh.o
 .rodata._ZL16init_konari_hook
                0x00008504       0x10 rsh.o
 .rodata._ZL14init_papa_hook
                0x00008514       0x10 rsh.o
 .rodata._ZL15init_konari_evt
                0x00008524       0x9c rsh.o
 .rodata._ZL15init_powan_hook
                0x000085c0       0x10 rsh.o
 .rodata._ZL14init_powan_evt
                0x000085d0       0xec rsh.o
 .rodata._ZL19talk_waitless_hook2
                0x000086bc       0x10 rsh.o
 .rodata._ZL19talk_waitless_hook1
                0x000086cc       0x10 rsh.o
 .rodata._ZL17talk_waitless_evt
                0x000086dc       0x78 rsh.o
 .rodata._ZL21rsh_01_init_evt_hook2
                0x00008754       0x10 rsh.o
 .rodata._ZL19rsh_01_init_evt_evt
                0x00008764       0xd8 rsh.o
 .rodata._ZL20rsh_00_init_evt_hook
                0x0000883c       0x10 rsh.o
 .rodata._ZL19rsh_00_init_evt_evt
                0x0000884c       0xb8 rsh.o
 .rodata._ZL20rsh_04_init_evt_hook
                0x00008904       0x10 rsh.o
 .rodata._ZL20rsh_03_init_evt_hook
                0x00008914       0x10 rsh.o
 .rodata._ZL20rsh_02_init_evt_hook
                0x00008924       0x10 rsh.o
 .rodata._ZL21rsh_01_init_evt_hook1
                0x00008934       0x10 rsh.o
 .rodata._ZL19rsh_04_init_evt_evt
                0x00008944       0xc0 rsh.o
 .rodata._ZL26rsh_03_init_evt_music_hook
                0x00008a04       0x10 rsh.o
 .rodata._ZL21rsh_03_init_evt_music
                0x00008a14      0x1f8 rsh.o
 .rodata._ZL26rsh_02_init_evt_music_hook
                0x00008c0c       0x10 rsh.o
 .rodata._ZL21rsh_02_init_evt_music
                0x00008c1c      0x270 rsh.o
 .rodata._ZL26rsh_01_init_evt_music_hook
                0x00008e8c       0x10 rsh.o
 .rodata._ZL21rsh_01_init_evt_music
                0x00008e9c      0x1f8 rsh.o
 .rodata._ZL26rsh_00_init_evt_music_hook
                0x00009094       0x10 rsh.o
 .rodata._ZL21rsh_00_init_evt_music
                0x000090a4      0x1f8 rsh.o
 .rodata._ZL26rsh_04_init_evt_music_hook
                0x0000929c       0x10 rsh.o
 .rodata._ZL21rsh_04_init_evt_music
                0x000092ac      0x1f8 rsh.o
 .rodata._ZL20rsh_06_init_evt_hook
                0x000094a4       0x10 rsh.o
 .rodata._ZL19rsh_06_init_evt_evt
                0x000094b4      0x178 rsh.o
 .rodata._ZL6madame
                0x0000962c        0x7 rsh.o
 .rodata.str1.1
                0x00009633      0x20a tik.o
 *fill*         0x0000983d        0x3 
 .rodata._ZL19tik_evt_majin2_item
                0x00009840       0xa8 tik.o
 .rodata._ZL21tik_05_init_evt_hook2
                0x000098e8       0x10 tik.o
 .rodata._ZL20tik_05_init_evt_evt2
                0x000098f8       0xa4 tik.o
 .rodata._ZL20tik_05_init_evt_hook
                0x0000999c       0x10 tik.o
 .rodata._ZL19tik_05_init_evt_evt
                0x000099ac       0x48 tik.o
 .rodata._ZL24tik_kurihakase_init_hook
                0x000099f4       0x10 tik.o
 .rodata._ZL23tik_kurihakase_init_evt
                0x00009a04       0x80 tik.o
 .rodata._ZL18master_2_talk_hook
                0x00009a84       0x10 tik.o
 .rodata._ZL17master_2_talk_evt
                0x00009a94      0x180 tik.o
 .rodata._ZL17borodo4_talk_hook
                0x00009c14       0x10 tik.o
 .rodata._ZL16borodo4_talk_evt
                0x00009c24      0x180 tik.o
 .rodata._ZL17borodo3_talk_hook
                0x00009da4       0x10 tik.o
 .rodata._ZL16borodo3_talk_evt
                0x00009db4      0x180 tik.o
 .rodata._ZL17chusan4_talk_hook
                0x00009f34       0x10 tik.o
 .rodata._ZL16chusan4_talk_evt
                0x00009f44      0x180 tik.o
 .rodata._ZL17kuribo5_talk_hook
                0x0000a0c4       0x10 tik.o
 .rodata._ZL16kuribo5_talk_evt
                0x0000a0d4      0x180 tik.o
 .rodata._ZL16hotdog_item_hook
                0x0000a254       0x10 tou.o
 .rodata.str1.1
                0x0000a264       0x76 tou.o
 *fill*         0x0000a2da        0x2 
 .rodata._ZL11hotdog_item
                0x0000a2dc       0xe8 tou.o
 .rodata._ZL18tou_party_evt_hook
                0x0000a3c4       0x10 tou.o
 .rodata._ZL13tou_party_evt
                0x0000a3d4       0x5c tou.o
 .rodata._ZL20tou_04_init_evt_hook
                0x0000a430       0x10 tou.o
 .rodata._ZL19tou_04_init_evt_evt
                0x0000a440       0x78 tou.o
 .rodata._ZL14yoshi_gswf_evt
                0x0000a4b8       0x14 tou.o
 .rodata._ZL15jolene_egg_hook
                0x0000a4cc       0x10 tou.o
 .rodata._ZL14jolene_egg_evt
                0x0000a4dc      0x220 tou.o
 .rodata._ZL16talk_sakaba_hook
                0x0000a6fc       0x10 tou.o
 .rodata._ZL15talk_sakaba_evt
                0x0000a70c       0x84 tou.o
 .rodata._ZL6jolene
                0x0000a790        0xb tou.o
 .rodata.str1.1
                0x0000a79b      0x49e usu.o
 *fill*         0x0000ac39        0x3 
 .rodata._ZL19usu_evt_majin2_item
                0x0000ac3c       0xa8 usu.o
 .rodata._ZL13usu_party_evt
                0x0000ace4       0xbc usu.o
 .rodata._ZL23village_chief_init_hook
                0x0000ada0       0x10 usu.o
 .rodata._ZL22village_chief_init_evt
                0x0000adb0       0x58 usu.o
 .rodata._ZL27village_chief_pig_init_hook
                0x0000ae08       0x10 usu.o
 .rodata._ZL26village_chief_pig_init_evt
                0x0000ae18       0x70 usu.o
 .rodata._ZL23village_chief_talk_hook
                0x0000ae88       0x10 usu.o
 .rodata._ZL22village_chief_talk_evt
                0x0000ae98      0x1c8 usu.o
 .rodata._ZL20gatekeeper_init_hook
                0x0000b060       0x10 usu.o
 .rodata._ZL19gatekeeper_init_evt
                0x0000b070       0x8c usu.o
 .rodata._ZL24gatekeeper_pig_init_hook
                0x0000b0fc       0x10 usu.o
 .rodata._ZL23gatekeeper_pig_init_evt
                0x0000b10c       0x78 usu.o
 .rodata._ZL20gatekeeper_talk_hook
                0x0000b184       0x10 usu.o
 .rodata._ZL19gatekeeper_talk_evt
                0x0000b194      0x114 usu.o
 .rodata._ZL20usu_00_init_evt_hook
                0x0000b2a8       0x14 usu.o
 .rodata._ZL19usu_00_init_evt_evt
                0x0000b2bc       0x5c usu.o
 .rodata._ZL20shop_woman_talk_hook
                0x0000b318       0x10 usu.o
 .rodata._ZL19shop_woman_talk_evt
                0x0000b328       0x78 usu.o
 .rodata._ZL18shop_man_talk_hook
                0x0000b3a0       0x10 usu.o
 .rodata._ZL17shop_man_talk_evt
                0x0000b3b0       0x78 usu.o
 .rodata._ZL19villagerJ_talk_hook
                0x0000b428       0x10 usu.o
 .rodata._ZL18villagerJ_talk_evt
                0x0000b438      0x104 usu.o
 .rodata._ZL19villagerI_talk_hook
                0x0000b53c       0x10 usu.o
 .rodata._ZL18villagerI_talk_evt
                0x0000b54c      0x104 usu.o
 .rodata._ZL19villagerH_talk_hook
                0x0000b650       0x10 usu.o
 .rodata._ZL18villagerH_talk_evt
                0x0000b660       0xd0 usu.o
 .rodata._ZL19villagerG_talk_hook
                0x0000b730       0x10 usu.o
 .rodata._ZL18villagerG_talk_evt
                0x0000b740       0xf0 usu.o
 .rodata._ZL19villagerF_talk_hook
                0x0000b830       0x10 usu.o
 .rodata._ZL18villagerF_talk_evt
                0x0000b840       0xf0 usu.o
 .rodata._ZL19villagerK_talk_hook
                0x0000b930       0x10 usu.o
 .rodata._ZL18villagerK_talk_evt
                0x0000b940      0x130 usu.o
 .rodata._ZL19villagerE_talk_hook
                0x0000ba70       0x10 usu.o
 .rodata._ZL18villagerE_talk_evt
                0x0000ba80      0x130 usu.o
 .rodata._ZL19villagerD_talk_hook
                0x0000bbb0       0x10 usu.o
 .rodata._ZL18villagerD_talk_evt
                0x0000bbc0      0x194 usu.o
 .rodata._ZL19villagerC_talk_hook
                0x0000bd54       0x10 usu.o
 .rodata._ZL18villagerC_talk_evt
                0x0000bd64       0xfc usu.o
 .rodata._ZL19villagerB_talk_hook
                0x0000be60       0x10 usu.o
 .rodata._ZL18villagerB_talk_evt
                0x0000be70       0xfc usu.o
 .rodata._ZL19villagerA_talk_hook
                0x0000bf6c       0x10 usu.o
 .rodata._ZL18villagerA_talk_evt
                0x0000bf7c      0x130 usu.o
 .rodata._ZL19villagerA_init_hook
                0x0000c0ac       0x10 usu.o
 .rodata._ZL18villagerA_init_evt
                0x0000c0bc       0x6c usu.o
 .rodata._ZL6vivian
                0x0000c128        0x9 usu.o
 *fill*         0x0000c131        0x3 
 .rodata._ZL5mayor
                0x0000c134        0x5 usu.o
 *fill*         0x0000c139        0x3 
 .rodata._ZL9mayor_pig
                0x0000c13c        0x9 usu.o
 *fill*         0x0000c145        0x3 
 .rodata._ZL8doopliss
                0x0000c148        0xb usu.o
 *fill*         0x0000c153        0x1 
 .rodata._ZL10gatekeeper
                0x0000c154        0x5 usu.o
 *fill*         0x0000c159        0x3 
 .rodata._ZL14gatekeeper_pig
                0x0000c15c        0x9 usu.o
 *fill*         0x0000c165        0x3 
 .rodata._ZL12usuVillagerA
                0x0000c168        0x7 usu.o
 *fill*         0x0000c16f        0x1 
 .rodata._ZL14win_party_hook
                0x0000c170       0x10 win.o
 .rodata.str1.1
                0x0000c180       0x36 win.o
 *fill*         0x0000c1b6        0x2 
 .rodata._ZL13win_party_evt
                0x0000c1b8       0xe4 win.o
 .rodata._ZL20win_00_init_evt_hook
                0x0000c29c       0x10 win.o
 .rodata._ZL19win_00_init_evt_evt
                0x0000c2ac       0x30 win.o
 .rodata._ZL17majorin_init_hook
                0x0000c2dc       0x10 win.o
 .rodata._ZL16majorin_init_evt
                0x0000c2ec       0x30 win.o
 .rodata._ZL17maririn_init_hook
                0x0000c31c       0x10 win.o
 .rodata._ZL16maririn_init_evt
                0x0000c32c       0x30 win.o
 .rodata._ZL20win_vivian_init_hook
                0x0000c35c       0x10 win.o
 .rodata._ZL19win_vivian_init_evt
                0x0000c36c       0x98 win.o
 .rodata._ZL7flurrie
                0x0000c404        0x9 win.o
 *(.gnu.linkonce.r.*)

.rodata1
 *(.rodata1)

.sdata2         0x0000c40d        0x0
                [!provide]                        PROVIDE (_SDA2_BASE_ = .)
 *(.sdata2)
 *(.sdata2.*)
 *(.gnu.linkonce.s2.*)

.sbss2
 *(.sbss2)
 *(.sbss2.*)
 *(.gnu.linkonce.sb2.*)
                0x0000c410                        . = ALIGN (0x4)
                [!provide]                        PROVIDE (__preinit_array_start = .)

.preinit_array
 *(.preinit_array)
                [!provide]                        PROVIDE (__preinit_array_end = .)
                [!provide]                        PROVIDE (__init_array_start = .)

.init_array
 *(.init_array)
                [!provide]                        PROVIDE (__init_array_end = .)
                [!provide]                        PROVIDE (__fini_array_start = .)

.fini_array
 *(.fini_array)
                [!provide]                        PROVIDE (__fini_array_end = .)

.data           0x0000c410      0x2d0
 *(.data)
 *(.data.*)
 .data._ZN3mod6common12kItemDataArrE
                0x0000c410        0x4 common.o
                0x0000c410                _ZN3mod6common12kItemDataArrE
 .data.errorTextPosY
                0x0000c414        0x4 errorHandling.o
                0x0000c414                errorTextPosY
 .data._ZL16gor_00_init_evt2
                0x0000c418      0x2bc gor_00.o
 *(.gnu.linkonce.d.*)
                0x0000c6e0                        . = ALIGN (0x20)
 *fill*         0x0000c6d4        0xc 

.data1
 *(.data1)

.tdata
 *(.tdata .tdata.* .gnu.linkonce.td.*)

.tbss
 *(.tbss .tbss.* .gnu.linkonce.tb.*)
 *(.tcommon)

.eh_frame       0x0000c6e0     0x1874
 *(.eh_frame)
 .eh_frame      0x0000c6e0      0x1fc OWR.o
 .eh_frame      0x0000c8dc       0x28 StateManager.o
                                 0x3c (size before relaxing)
 .eh_frame      0x0000c904        0x0 common.o
                                 0xc8 (size before relaxing)
 .eh_frame      0x0000c904       0x68 con_mario.o
 .eh_frame      0x0000c96c       0x68 con_perf.o
 .eh_frame      0x0000c9d4       0xa0 con_seq.o
 .eh_frame      0x0000ca74      0x2ec console.o
                                0x310 (size before relaxing)
 .eh_frame      0x0000cd60       0x64 cxx.o
                                 0x8c (size before relaxing)
 .eh_frame      0x0000cdc4      0x26c errorHandling.o
 .eh_frame      0x0000d030      0x130 gamePatches.o
 .eh_frame      0x0000d160       0xa4 keyboard.o
                                 0xcc (size before relaxing)
 .eh_frame      0x0000d204       0xfc mod.o
                                0x110 (size before relaxing)
 .eh_frame      0x0000d300      0x100 patch.o
                                0x178 (size before relaxing)
 .eh_frame      0x0000d400       0x5c printf.o
 .eh_frame      0x0000d45c       0x7c rel.o
 .eh_frame      0x0000d4d8       0x98 ug.o
 .eh_frame      0x0000d570       0xdc util.o
                                0x100 (size before relaxing)
 .eh_frame      0x0000d64c       0x28 aaa.o
 .eh_frame      0x0000d674       0x6c aji.o
 .eh_frame      0x0000d6e0       0x28 bom.o
 .eh_frame      0x0000d708       0x3c dou.o
 .eh_frame      0x0000d744       0x40 eki.o
 .eh_frame      0x0000d784       0x28 end.o
 .eh_frame      0x0000d7ac       0x3c gon.o
 .eh_frame      0x0000d7e8       0x74 gor_00.o
 .eh_frame      0x0000d85c       0x48 gor_01.o
 .eh_frame      0x0000d8a4       0x50 gor_02.o
 .eh_frame      0x0000d8f4       0x50 gor_03.o
 .eh_frame      0x0000d944       0x4c gor_04.o
 .eh_frame      0x0000d990       0x54 gor_misc.o
 .eh_frame      0x0000d9e4       0x40 gra.o
 .eh_frame      0x0000da24       0x4c hei.o
 .eh_frame      0x0000da70       0x38 hom.o
 .eh_frame      0x0000daa8       0x28 jin.o
 .eh_frame      0x0000dad0       0x28 kpa.o
 .eh_frame      0x0000daf8        0x0 las.o
                                 0x28 (size before relaxing)
 .eh_frame      0x0000daf8       0x78 main.o
 .eh_frame      0x0000db70        0x0 moo.o
                                 0x28 (size before relaxing)
 .eh_frame      0x0000db70       0x6c mri.o
 .eh_frame      0x0000dbdc       0x68 muj.o
 .eh_frame      0x0000dc44       0x4c nok.o
 .eh_frame      0x0000dc90       0x50 pik.o
 .eh_frame      0x0000dce0       0x6c rsh.o
 .eh_frame      0x0000dd4c       0xb8 tik.o
 .eh_frame      0x0000de04       0x6c tou.o
 .eh_frame      0x0000de70       0x28 tou2.o
 .eh_frame      0x0000de98       0x68 usu.o
 .eh_frame      0x0000df00       0x54 win.o

.gcc_except_table
 *(.gcc_except_table)

.fixup
 *(.fixup)

.got1
 *(.got1)

.got2
 *(.got2)

.dynamic
 *(.dynamic)

.ctors          0x0000df54       0x2c
 *crtbegin.o(.ctors)
 *(EXCLUDE_FILE(*crtend.o) .ctors)
 .ctors         0x0000df54        0x4 OWR.o
 .ctors         0x0000df58        0x4 con_mario.o
 .ctors         0x0000df5c        0x4 con_perf.o
 .ctors         0x0000df60        0x4 con_seq.o
 .ctors         0x0000df64        0x4 console.o
 .ctors         0x0000df68        0x4 errorHandling.o
 .ctors         0x0000df6c        0x4 gor_00.o
 *(SORT_BY_NAME(.ctors.*))
 *(.ctors)
                0x0000df80                        . = ALIGN (0x20)
 *fill*         0x0000df70       0x10 

.dtors          0x0000df80       0x20
 *crtbegin.o(.dtors)
 *(EXCLUDE_FILE(*crtend.o) .dtors)
 .dtors         0x0000df80        0x4 errorHandling.o
 *(SORT_BY_NAME(.dtors.*))
 *(.dtors)
                0x0000dfa0                        . = ALIGN (0x20)
 *fill*         0x0000df84       0x1c 

.jcr
 *(.jcr)

.got
 *(.got.plt)
 *(.got)

.sdata          0x0000dfa0        0x0
                [!provide]                        PROVIDE (_SDA_BASE_ = .)
 *(.sdata)
 *(.sdata.*)
 *(.gnu.linkonce.s.*)
                0x0000dfa0                        . = ALIGN (0x20)
                0x0000dfa0                        _edata = .
                [!provide]                        PROVIDE (edata = .)

.sbss           0x0000dfa0        0x0
                0x0000dfa0                        __sbss_start = .
                [!provide]                        PROVIDE (__sbss_start = .)
                [!provide]                        PROVIDE (___sbss_start = .)
 *(.dynsbss)
 *(.sbss)
 *(.sbss.*)
 *(.gnu.linkonce.sb.*)
 *(.scommon)
                [!provide]                        PROVIDE (__sbss_end = .)
                [!provide]                        PROVIDE (___sbss_end = .)
                0x0000dfa0                        . = ALIGN (0x20)
                0x0000dfa0                        __sbss_end = .

.bss            0x0000dfa0      0x160
                0x0000dfa0                        __bss_start = .
                [!provide]                        PROVIDE (__bss_start = .)
 *(.dynbss)
 *(.bss)
 *(.bss.*)
 .bss._ZN3mod3owr22g_msgSearch_trampolineE
                0x0000dfa0        0x4 OWR.o
                0x0000dfa0                _ZN3mod3owr22g_msgSearch_trampolineE
 .bss._ZN3mod3owr25g_pouchGetItem_trampolineE
                0x0000dfa4        0x4 OWR.o
                0x0000dfa4                _ZN3mod3owr25g_pouchGetItem_trampolineE
 .bss._ZN3mod3owr22g_seqSetSeq_trampolineE
                0x0000dfa8        0x4 OWR.o
                0x0000dfa8                _ZN3mod3owr22g_seqSetSeq_trampolineE
 .bss._ZN3mod3owr19g_OSLink_trampolineE
                0x0000dfac        0x4 OWR.o
                0x0000dfac                _ZN3mod3owr19g_OSLink_trampolineE
 .bss._ZN3mod3owr6gStateE
                0x0000dfb0        0x4 OWR.o
                0x0000dfb0                _ZN3mod3owr6gStateE
 .bss._ZN3mod3owr5gSelfE
                0x0000dfb4        0x4 OWR.o
                0x0000dfb4                _ZN3mod3owr5gSelfE
 .bss._ZN3mod3owr7item_dbE
                0x0000dfb8        0x4 OWR.o
                0x0000dfb8                _ZN3mod3owr7item_dbE
 .bss.gState    0x0000dfbc        0x4 StateManager.o
                0x0000dfbc                gState
 .bss._ZN3modL12mod_if_obj24E
                0x0000dfc0        0x8 con_mario.o
 .bss._ZN3mod14mario_show_posE
                0x0000dfc8       0x10 con_mario.o
                0x0000dfc8                _ZN3mod14mario_show_posE
 .bss._ZN3mod13mario_set_posE
                0x0000dfd8        0xc con_mario.o
                0x0000dfd8                _ZN3mod13mario_set_posE
 .bss._ZN3modL12mod_if_obj51E
                0x0000dfe4        0x8 con_perf.o
 .bss._ZN3mod14mem_debug_heapE
                0x0000dfec       0x10 con_perf.o
                0x0000dfec                _ZN3mod14mem_debug_heapE
 .bss._ZN3mod15perf_fake_spikeE
                0x0000dffc        0xc con_perf.o
                0x0000dffc                _ZN3mod15perf_fake_spikeE
 .bss._ZN3mod14seq_change_mapE
                0x0000e008        0xc con_seq.o
                0x0000e008                _ZN3mod14seq_change_mapE
 .bss._ZN3modL12mod_if_obj16E
                0x0000e014        0x8 con_seq.o
 .bss._ZN3mod24gTrampoline_seq_logoMainE
                0x0000e01c        0x4 con_seq.o
                0x0000e01c                _ZN3mod24gTrampoline_seq_logoMainE
 .bss._ZN3mod13seq_logo_skipE
                0x0000e020       0x10 con_seq.o
                0x0000e020                _ZN3mod13seq_logo_skipE
 .bss._ZN3mod4findE
                0x0000e030        0xc console.o
                0x0000e030                _ZN3mod4findE
 .bss._ZN3mod11con_ug_chanE
                0x0000e03c       0x10 console.o
                0x0000e03c                _ZN3mod11con_ug_chanE
 .bss._ZN3mod11con_ug_modeE
                0x0000e04c       0x10 console.o
                0x0000e04c                _ZN3mod11con_ug_modeE
 .bss._ZN3mod21con_log_fade_durationE
                0x0000e05c       0x10 console.o
                0x0000e05c                _ZN3mod21con_log_fade_durationE
 .bss._ZN3mod18con_log_fade_startE
                0x0000e06c       0x10 console.o
                0x0000e06c                _ZN3mod18con_log_fade_startE
 .bss._ZN3mod12con_log_fadeE
                0x0000e07c       0x10 console.o
                0x0000e07c                _ZN3mod12con_log_fadeE
 .bss._ZN3mod13con_log_levelE
                0x0000e08c       0x10 console.o
                0x0000e08c                _ZN3mod13con_log_levelE
 .bss._ZN3mod11con_rainbowE
                0x0000e09c       0x10 console.o
                0x0000e09c                _ZN3mod11con_rainbowE
 .bss._ZN3mod8con_monoE
                0x0000e0ac       0x10 console.o
                0x0000e0ac                _ZN3mod8con_monoE
 .bss._ZN3mod8con_showE
                0x0000e0bc       0x10 console.o
                0x0000e0bc                _ZN3mod8con_showE
 .bss._ZN3mod8gConsoleE
                0x0000e0cc        0x4 console.o
                0x0000e0cc                _ZN3mod8gConsoleE
 .bss._ZN3mod9ConIntVar6sFirstE
                0x0000e0d0        0x4 console.o
                0x0000e0d0                _ZN3mod9ConIntVar6sFirstE
 .bss._ZN3mod10ConCommand6sFirstE
                0x0000e0d4        0x4 console.o
                0x0000e0d4                _ZN3mod10ConCommand6sFirstE
 .bss.g_animPoseMain_trampoline
                0x0000e0d8        0x4 errorHandling.o
                0x0000e0d8                g_animPoseMain_trampoline
 .bss.g_npcNameToPtr_trampoline
                0x0000e0dc        0x4 errorHandling.o
                0x0000e0dc                g_npcNameToPtr_trampoline
 .bss.heapCorruptionInfo
                0x0000e0e0        0x8 errorHandling.o
                0x0000e0e0                heapCorruptionInfo
 .bss.animPoseMainErrorInfo
                0x0000e0e8        0x4 errorHandling.o
                0x0000e0e8                animPoseMainErrorInfo
 .bss.npcNameToPtrErrorInfo
                0x0000e0ec        0x4 errorHandling.o
                0x0000e0ec                npcNameToPtrErrorInfo
 .bss._ZN3mod4gModE
                0x0000e0f0        0x4 mod.o
                0x0000e0f0                _ZN3mod4gModE
 .bss._ZN17ModUpdateFunction6sFirstE
                0x0000e0f4        0x4 mod.o
                0x0000e0f4                _ZN17ModUpdateFunction6sFirstE
 .bss._ZN15ModInitFunction6sFirstE
                0x0000e0f8        0x4 mod.o
                0x0000e0f8                _ZN15ModInitFunction6sFirstE
 *(.gnu.linkonce.b.*)
 *(COMMON)
                0x0000e100                        . = ALIGN (0x20)
 *fill*         0x0000e0fc        0x4 
                [!provide]                        PROVIDE (__bss_end = .)
                0x0000e100                        __bss_end = .
                0x0000e100                        _end = .
                [!provide]                        PROVIDE (end = .)

.bss._ZZNK3mod14seq_change_mapMUlPKcE_clES2_E8beroName
                0x00000000       0x20
 .bss._ZZNK3mod14seq_change_mapMUlPKcE_clES2_E8beroName
                0x00000000       0x20 con_seq.o
                0x00000000                _ZZNK3mod14seq_change_mapMUlPKcE_clES1_E8beroName
                0x00000000                _ZZNK3mod14seq_change_mapMUlPKcE_clES2_E8beroName

.bss._ZZNK3mod14seq_change_mapMUlPKcE_clES2_E7mapName
                0x00000000       0x20
 .bss._ZZNK3mod14seq_change_mapMUlPKcE_clES2_E7mapName
                0x00000000       0x20 con_seq.o
                0x00000000                _ZZNK3mod14seq_change_mapMUlPKcE_clES2_E7mapName
                0x00000000                _ZZNK3mod14seq_change_mapMUlPKcE_clES1_E7mapName

.stab
 *(.stab)

.stabstr
 *(.stabstr)

.stab.excl
 *(.stab.excl)

.stab.exclstr
 *(.stab.exclstr)

.stab.index
 *(.stab.index)

.stab.indexstr
 *(.stab.indexstr)

.comment        0x00000000      0x6c0
 *(.comment)
 .comment       0x00000000       0x24 OWR.o
 .comment       0x00000024       0x24 StateManager.o
 .comment       0x00000048       0x24 common.o
 .comment       0x0000006c       0x24 con_mario.o
 .comment       0x00000090       0x24 con_perf.o
 .comment       0x000000b4       0x24 con_seq.o
 .comment       0x000000d8       0x24 console.o
 .comment       0x000000fc       0x24 cxx.o
 .comment       0x00000120       0x24 errorHandling.o
 .comment       0x00000144       0x24 gamePatches.o
 .comment       0x00000168       0x24 keyboard.o
 .comment       0x0000018c       0x24 mod.o
 .comment       0x000001b0       0x24 patch.o
 .comment       0x000001d4       0x24 printf.o
 .comment       0x000001f8       0x24 rel.o
 .comment       0x0000021c       0x24 ug.o
 .comment       0x00000240       0x24 util.o
 .comment       0x00000264       0x24 aaa.o
 .comment       0x00000288       0x24 aji.o
 .comment       0x000002ac       0x24 bom.o
 .comment       0x000002d0       0x24 dou.o
 .comment       0x000002f4       0x24 eki.o
 .comment       0x00000318       0x24 end.o
 .comment       0x0000033c       0x24 gon.o
 .comment       0x00000360       0x24 gor_00.o
 .comment       0x00000384       0x24 gor_01.o
 .comment       0x000003a8       0x24 gor_02.o
 .comment       0x000003cc       0x24 gor_03.o
 .comment       0x000003f0       0x24 gor_04.o
 .comment       0x00000414       0x24 gor_misc.o
 .comment       0x00000438       0x24 gra.o
 .comment       0x0000045c       0x24 hei.o
 .comment       0x00000480       0x24 hom.o
 .comment       0x000004a4       0x24 jin.o
 .comment       0x000004c8       0x24 kpa.o
 .comment       0x000004ec       0x24 las.o
 .comment       0x00000510       0x24 main.o
 .comment       0x00000534       0x24 moo.o
 .comment       0x00000558       0x24 mri.o
 .comment       0x0000057c       0x24 muj.o
 .comment       0x000005a0       0x24 nok.o
 .comment       0x000005c4       0x24 pik.o
 .comment       0x000005e8       0x24 rsh.o
 .comment       0x0000060c       0x24 tik.o
 .comment       0x00000630       0x24 tou.o
 .comment       0x00000654       0x24 tou2.o
 .comment       0x00000678       0x24 usu.o
 .comment       0x0000069c       0x24 win.o

.gnu.attributes
                0x00000000       0x10
 .gnu.attributes
                0x00000000       0x10 OWR.o
 .gnu.attributes
                0x00000010       0x10 common.o
 .gnu.attributes
                0x00000020       0x10 con_mario.o
 .gnu.attributes
                0x00000030       0x10 con_perf.o
 .gnu.attributes
                0x00000040       0x10 console.o
 .gnu.attributes
                0x00000050       0x10 errorHandling.o
 .gnu.attributes
                0x00000060       0x10 mod.o
 .gnu.attributes
                0x00000070       0x10 printf.o
 .gnu.attributes
                0x00000080       0x10 util.o

.group          0x00000000        0xc
 .group         0x00000000        0xc con_mario.o

.group          0x00000000        0xc
 .group         0x00000000        0xc con_perf.o

.group          0x00000000        0xc
 .group         0x00000000        0xc con_seq.o

.group          0x00000000        0x8
 .group         0x00000000        0x8 con_seq.o

.group          0x00000000        0x8
 .group         0x00000000        0x8 con_seq.o

.group          0x00000000        0xc
 .group         0x00000000        0xc console.o

.group          0x00000000        0xc
 .group         0x00000000        0xc errorHandling.o

.debug
 *(.debug)

.line
 *(.line)

.debug_srcinfo
 *(.debug_srcinfo)

.debug_sfnames
 *(.debug_sfnames)

.debug_aranges  0x00000000      0x980
 *(.debug_aranges)
 .debug_aranges
                0x00000000       0x80 OWR.o
 .debug_aranges
                0x00000080       0x28 StateManager.o
 .debug_aranges
                0x000000a8       0x60 common.o
 .debug_aranges
                0x00000108       0x30 con_mario.o
 .debug_aranges
                0x00000138       0x30 con_perf.o
 .debug_aranges
                0x00000168       0x38 con_seq.o
 .debug_aranges
                0x000001a0       0xa8 console.o
 .debug_aranges
                0x00000248       0x48 cxx.o
 .debug_aranges
                0x00000290       0x98 errorHandling.o
 .debug_aranges
                0x00000328       0x50 gamePatches.o
 .debug_aranges
                0x00000378       0x40 keyboard.o
 .debug_aranges
                0x000003b8       0x58 mod.o
 .debug_aranges
                0x00000410       0x78 patch.o
 .debug_aranges
                0x00000488       0x28 printf.o
 .debug_aranges
                0x000004b0       0x30 rel.o
 .debug_aranges
                0x000004e0       0x38 ug.o
 .debug_aranges
                0x00000518       0x50 util.o
 .debug_aranges
                0x00000568       0x20 aaa.o
 .debug_aranges
                0x00000588       0x20 aji.o
 .debug_aranges
                0x000005a8       0x20 bom.o
 .debug_aranges
                0x000005c8       0x20 dou.o
 .debug_aranges
                0x000005e8       0x20 eki.o
 .debug_aranges
                0x00000608       0x20 end.o
 .debug_aranges
                0x00000628       0x20 gon.o
 .debug_aranges
                0x00000648       0x28 gor_00.o
 .debug_aranges
                0x00000670       0x20 gor_01.o
 .debug_aranges
                0x00000690       0x20 gor_02.o
 .debug_aranges
                0x000006b0       0x20 gor_03.o
 .debug_aranges
                0x000006d0       0x28 gor_04.o
 .debug_aranges
                0x000006f8       0x28 gor_misc.o
 .debug_aranges
                0x00000720       0x20 gra.o
 .debug_aranges
                0x00000740       0x20 hei.o
 .debug_aranges
                0x00000760       0x20 hom.o
 .debug_aranges
                0x00000780       0x20 jin.o
 .debug_aranges
                0x000007a0       0x20 kpa.o
 .debug_aranges
                0x000007c0       0x20 las.o
 .debug_aranges
                0x000007e0       0x30 main.o
 .debug_aranges
                0x00000810       0x20 moo.o
 .debug_aranges
                0x00000830       0x20 mri.o
 .debug_aranges
                0x00000850       0x20 muj.o
 .debug_aranges
                0x00000870       0x20 nok.o
 .debug_aranges
                0x00000890       0x20 pik.o
 .debug_aranges
                0x000008b0       0x20 rsh.o
 .debug_aranges
                0x000008d0       0x30 tik.o
 .debug_aranges
                0x00000900       0x20 tou.o
 .debug_aranges
                0x00000920       0x20 tou2.o
 .debug_aranges
                0x00000940       0x20 usu.o
 .debug_aranges
                0x00000960       0x20 win.o

.debug_pubnames
 *(.debug_pubnames)

.debug_info     0x00000000    0x3d23d
 *(.debug_info)
 .debug_info    0x00000000     0x357d OWR.o
 .debug_info    0x0000357d      0x3bd StateManager.o
 .debug_info    0x0000393a      0xf83 common.o
 .debug_info    0x000048bd     0x257f con_mario.o
 .debug_info    0x00006e3c     0x225b con_perf.o
 .debug_info    0x00009097     0x2227 con_seq.o
 .debug_info    0x0000b2be     0x3a76 console.o
 .debug_info    0x0000ed34      0x407 cxx.o
 .debug_info    0x0000f13b     0x3b59 errorHandling.o
 .debug_info    0x00012c94     0x2439 gamePatches.o
 .debug_info    0x000150cd      0xe4d keyboard.o
 .debug_info    0x00015f1a     0x33be mod.o
 .debug_info    0x000192d8      0xd9e patch.o
 .debug_info    0x0001a076      0x580 printf.o
 .debug_info    0x0001a5f6      0x103 rel.o
 .debug_info    0x0001a6f9      0x77f ug.o
 .debug_info    0x0001ae78      0x9c5 util.o
 .debug_info    0x0001b83d      0x2e3 aaa.o
 .debug_info    0x0001bb20     0x1769 aji.o
 .debug_info    0x0001d289      0x3fb bom.o
 .debug_info    0x0001d684     0x113b dou.o
 .debug_info    0x0001e7bf      0xb96 eki.o
 .debug_info    0x0001f355      0x2d9 end.o
 .debug_info    0x0001f62e     0x1189 gon.o
 .debug_info    0x000207b7     0x1eb2 gor_00.o
 .debug_info    0x00022669     0x123e gor_01.o
 .debug_info    0x000238a7     0x186b gor_02.o
 .debug_info    0x00025112      0xc28 gor_03.o
 .debug_info    0x00025d3a      0x90c gor_04.o
 .debug_info    0x00026646     0x1127 gor_misc.o
 .debug_info    0x0002776d      0x831 gra.o
 .debug_info    0x00027f9e     0x139b hei.o
 .debug_info    0x00029339      0x9d4 hom.o
 .debug_info    0x00029d0d      0x405 jin.o
 .debug_info    0x0002a112      0x31f kpa.o
 .debug_info    0x0002a431      0x49b las.o
 .debug_info    0x0002a8cc     0x2690 main.o
 .debug_info    0x0002cf5c      0x947 moo.o
 .debug_info    0x0002d8a3     0x1d40 mri.o
 .debug_info    0x0002f5e3     0x1dd7 muj.o
 .debug_info    0x000313ba     0x152c nok.o
 .debug_info    0x000328e6     0x1693 pik.o
 .debug_info    0x00033f79     0x1de7 rsh.o
 .debug_info    0x00035d60     0x2470 tik.o
 .debug_info    0x000381d0     0x1b6f tou.o
 .debug_info    0x00039d3f      0x3fb tou2.o
 .debug_info    0x0003a13a     0x1de4 usu.o
 .debug_info    0x0003bf1e     0x131f win.o

.debug_abbrev   0x00000000     0x83e1
 *(.debug_abbrev)
 .debug_abbrev  0x00000000      0x741 OWR.o
 .debug_abbrev  0x00000741      0x17e StateManager.o
 .debug_abbrev  0x000008bf      0x217 common.o
 .debug_abbrev  0x00000ad6      0x60c con_mario.o
 .debug_abbrev  0x000010e2      0x65a con_perf.o
 .debug_abbrev  0x0000173c      0x67c con_seq.o
 .debug_abbrev  0x00001db8      0x941 console.o
 .debug_abbrev  0x000026f9      0x1a8 cxx.o
 .debug_abbrev  0x000028a1      0x78e errorHandling.o
 .debug_abbrev  0x0000302f      0x4b0 gamePatches.o
 .debug_abbrev  0x000034df      0x32f keyboard.o
 .debug_abbrev  0x0000380e      0x75b mod.o
 .debug_abbrev  0x00003f69      0x21c patch.o
 .debug_abbrev  0x00004185      0x1d5 printf.o
 .debug_abbrev  0x0000435a       0xf0 rel.o
 .debug_abbrev  0x0000444a      0x1bf ug.o
 .debug_abbrev  0x00004609      0x21e util.o
 .debug_abbrev  0x00004827       0xcc aaa.o
 .debug_abbrev  0x000048f3      0x239 aji.o
 .debug_abbrev  0x00004b2c       0xcc bom.o
 .debug_abbrev  0x00004bf8      0x1f1 dou.o
 .debug_abbrev  0x00004de9      0x1d6 eki.o
 .debug_abbrev  0x00004fbf       0xcc end.o
 .debug_abbrev  0x0000508b      0x1f2 gon.o
 .debug_abbrev  0x0000527d      0x26f gor_00.o
 .debug_abbrev  0x000054ec      0x22c gor_01.o
 .debug_abbrev  0x00005718      0x253 gor_02.o
 .debug_abbrev  0x0000596b      0x1e3 gor_03.o
 .debug_abbrev  0x00005b4e      0x216 gor_04.o
 .debug_abbrev  0x00005d64      0x2af gor_misc.o
 .debug_abbrev  0x00006013      0x1c2 gra.o
 .debug_abbrev  0x000061d5      0x1fd hei.o
 .debug_abbrev  0x000063d2      0x1c1 hom.o
 .debug_abbrev  0x00006593       0xcc jin.o
 .debug_abbrev  0x0000665f       0xcc kpa.o
 .debug_abbrev  0x0000672b       0xcc las.o
 .debug_abbrev  0x000067f7      0x2fc main.o
 .debug_abbrev  0x00006af3      0x1c5 moo.o
 .debug_abbrev  0x00006cb8      0x236 mri.o
 .debug_abbrev  0x00006eee      0x22f muj.o
 .debug_abbrev  0x0000711d      0x227 nok.o
 .debug_abbrev  0x00007344      0x226 pik.o
 .debug_abbrev  0x0000756a      0x224 rsh.o
 .debug_abbrev  0x0000778e      0x52f tik.o
 .debug_abbrev  0x00007cbd      0x236 tou.o
 .debug_abbrev  0x00007ef3       0xcc tou2.o
 .debug_abbrev  0x00007fbf      0x224 usu.o
 .debug_abbrev  0x000081e3      0x1fe win.o

.debug_line     0x00000000    0x156b3
 *(.debug_line)
 .debug_line    0x00000000      0xc9d OWR.o
 .debug_line    0x00000c9d      0x1c2 StateManager.o
 .debug_line    0x00000e5f      0x351 common.o
 .debug_line    0x000011b0      0x48b con_mario.o
 .debug_line    0x0000163b      0x578 con_perf.o
 .debug_line    0x00001bb3      0x532 con_seq.o
 .debug_line    0x000020e5     0x131b console.o
 .debug_line    0x00003400      0x1f6 cxx.o
 .debug_line    0x000035f6      0xd02 errorHandling.o
 .debug_line    0x000042f8      0x67d gamePatches.o
 .debug_line    0x00004975      0x4ae keyboard.o
 .debug_line    0x00004e23      0x6b1 mod.o
 .debug_line    0x000054d4      0x3f9 patch.o
 .debug_line    0x000058cd      0x24f printf.o
 .debug_line    0x00005b1c      0x13d rel.o
 .debug_line    0x00005c59      0x360 ug.o
 .debug_line    0x00005fb9      0x40c util.o
 .debug_line    0x000063c5      0x205 aaa.o
 .debug_line    0x000065ca      0xd75 aji.o
 .debug_line    0x0000733f      0x553 bom.o
 .debug_line    0x00007892      0x622 dou.o
 .debug_line    0x00007eb4      0x507 eki.o
 .debug_line    0x000083bb      0x1f5 end.o
 .debug_line    0x000085b0      0x61a gon.o
 .debug_line    0x00008bca      0x8bd gor_00.o
 .debug_line    0x00009487      0x67e gor_01.o
 .debug_line    0x00009b05      0x69a gor_02.o
 .debug_line    0x0000a19f      0x79d gor_03.o
 .debug_line    0x0000a93c      0x4e2 gor_04.o
 .debug_line    0x0000ae1e      0x423 gor_misc.o
 .debug_line    0x0000b241      0x40e gra.o
 .debug_line    0x0000b64f      0x562 hei.o
 .debug_line    0x0000bbb1      0x3b4 hom.o
 .debug_line    0x0000bf65      0x515 jin.o
 .debug_line    0x0000c47a      0x28e kpa.o
 .debug_line    0x0000c708      0x6a7 las.o
 .debug_line    0x0000cdaf      0xb9b main.o
 .debug_line    0x0000d94a      0x2d8 moo.o
 .debug_line    0x0000dc22     0x104a mri.o
 .debug_line    0x0000ec6c      0xe3e muj.o
 .debug_line    0x0000faaa      0x599 nok.o
 .debug_line    0x00010043      0x871 pik.o
 .debug_line    0x000108b4     0x14d0 rsh.o
 .debug_line    0x00011d84      0xa32 tik.o
 .debug_line    0x000127b6     0x17a1 tou.o
 .debug_line    0x00013f57      0x583 tou2.o
 .debug_line    0x000144da      0xc85 usu.o
 .debug_line    0x0001515f      0x554 win.o

.debug_frame
 *(.debug_frame)

.debug_str      0x00000000    0x411be
 *(.debug_str)
 .debug_str     0x00000000     0x2dad OWR.o
 .debug_str     0x00002dad      0x3ab StateManager.o
 .debug_str     0x00003158     0x13e4 common.o
 .debug_str     0x0000453c     0x1a5e con_mario.o
 .debug_str     0x00005f9a     0x166d con_perf.o
 .debug_str     0x00007607     0x17ab con_seq.o
 .debug_str     0x00008db2     0x19f9 console.o
 .debug_str     0x0000a7ab      0x35e cxx.o
 .debug_str     0x0000ab09     0x2086 errorHandling.o
 .debug_str     0x0000cb8f     0x1a1f gamePatches.o
 .debug_str     0x0000e5ae      0x95f keyboard.o
 .debug_str     0x0000ef0d     0x2286 mod.o
 .debug_str     0x00011193      0x6e9 patch.o
 .debug_str     0x0001187c      0x468 printf.o
 .debug_str     0x00011ce4      0x191 rel.o
 .debug_str     0x00011e75      0x39b ug.o
 .debug_str     0x00012210      0x654 util.o
 .debug_str     0x00012864      0x3d4 aaa.o
 .debug_str     0x00012c38     0x2130 aji.o
 .debug_str     0x00014d68      0x5d1 bom.o
 .debug_str     0x00015339     0x1c7d dou.o
 .debug_str     0x00016fb6      0xeb5 eki.o
 .debug_str     0x00017e6b      0x3ce end.o
 .debug_str     0x00018239     0x1c97 gon.o
 .debug_str     0x00019ed0     0x2951 gor_00.o
 .debug_str     0x0001c821     0x1a47 gor_01.o
 .debug_str     0x0001e268     0x242e gor_02.o
 .debug_str     0x00020696      0xf35 gor_03.o
 .debug_str     0x000215cb      0x67e gor_04.o
 .debug_str     0x00021c49     0x1b6c gor_misc.o
 .debug_str     0x000237b5      0x949 gra.o
 .debug_str     0x000240fe     0x1ff4 hei.o
 .debug_str     0x000260f2      0xc74 hom.o
 .debug_str     0x00026d66      0x59e jin.o
 .debug_str     0x00027304      0x424 kpa.o
 .debug_str     0x00027728      0x66f las.o
 .debug_str     0x00027d97     0x2f51 main.o
 .debug_str     0x0002ace8      0xb14 moo.o
 .debug_str     0x0002b7fc     0x28b4 mri.o
 .debug_str     0x0002e0b0     0x2a70 muj.o
 .debug_str     0x00030b20     0x1d92 nok.o
 .debug_str     0x000328b2     0x2007 pik.o
 .debug_str     0x000348b9     0x2a1b rsh.o
 .debug_str     0x000372d4     0x2efb tik.o
 .debug_str     0x0003a1cf     0x267c tou.o
 .debug_str     0x0003c84b      0x5af tou2.o
 .debug_str     0x0003cdfa     0x272a usu.o
 .debug_str     0x0003f524     0x1c9a win.o

.debug_loc
 *(.debug_loc)

.debug_macinfo
 *(.debug_macinfo)

.debug_weaknames
 *(.debug_weaknames)

.debug_funcnames
 *(.debug_funcnames)

.debug_typenames
 *(.debug_typenames)

.debug_varnames
 *(.debug_varnames)
                0x00000000                        __isIPL = 0x0
                0x0002e100                        __stack_addr = ((((__bss_start + SIZEOF (.bss)) + 0x20000) + 0x7) & 0xfffffffffffffff8)
                0x0000e100                        __stack_end = (__bss_start + SIZEOF (.bss))
                0x00032100                        __intrstack_addr = (__stack_addr + 0x4000)
                0x0002e100                        __intrstack_end = __stack_addr
                0x00032100                        __Arena1Lo = ((__intrstack_addr + 0x1f) & 0xffffffffffffffe0)
                0x817feff0                        __Arena1Hi = 0x817feff0
                0x817ff000                        __gxregs = ((__Arena1Hi + 0x1f) & 0xffffffffffffffe0)
                [!provide]                        PROVIDE (__stack = 0x817feff0)
                [!provide]                        PROVIDE (__isIPL = __isIPL)
                [!provide]                        PROVIDE (__stack_addr = __stack_addr)
                [!provide]                        PROVIDE (__stack_end = __stack_end)
                [!provide]                        PROVIDE (__intrstack_addr = __intrstack_addr)
                [!provide]                        PROVIDE (__intrstack_end = __intrstack_end)
                [!provide]                        PROVIDE (__Arena1Lo = __Arena1Lo)
                [!provide]                        PROVIDE (__Arena1Hi = __Arena1Hi)
                [!provide]                        PROVIDE (__gxregs = __gxregs)
LOAD H:/GhidraProjects/TTYDAP/TTYDAP/rel/source/cxx.ld
                0x0000df54                        _ctors_start = ADDR (.ctors)
                0x0000df80                        _ctors_end = (_ctors_start + SIZEOF (.ctors))
                0x0000df80                        _dtors_start = ADDR (.dtors)
                0x0000dfa0                        _dtors_end = (_dtors_start + SIZEOF (.dtors))
LOAD OWR.o
LOAD StateManager.o
LOAD common.o
LOAD con_mario.o
LOAD con_perf.o
LOAD con_seq.o
LOAD console.o
LOAD cxx.o
LOAD errorHandling.o
LOAD gamePatches.o
LOAD keyboard.o
LOAD mod.o
LOAD patch.o
LOAD printf.o
LOAD rel.o
LOAD ug.o
LOAD util.o
LOAD aaa.o
LOAD aji.o
LOAD bom.o
LOAD dou.o
LOAD eki.o
LOAD end.o
LOAD gon.o
LOAD gor_00.o
LOAD gor_01.o
LOAD gor_02.o
LOAD gor_03.o
LOAD gor_04.o
LOAD gor_misc.o
LOAD gra.o
LOAD hei.o
LOAD hom.o
LOAD jin.o
LOAD kpa.o
LOAD las.o
LOAD main.o
LOAD moo.o
LOAD mri.o
LOAD muj.o
LOAD nok.o
LOAD pik.o
LOAD rsh.o
LOAD tik.o
LOAD tou.o
LOAD tou2.o
LOAD usu.o
LOAD win.o
LOAD CrashScreenDecrementYPos.o
LOAD FixBlooperCrash1.o
LOAD FixBlooperCrash2.o
LOAD PreventDiaryTextboxSelection.o
LOAD asm_main.o
LOAD restfpr_x.o
LOAD restgpr_x.o
LOAD patch_ih.o
OUTPUT(H:/GhidraProjects/TTYDAP/TTYDAP/rel/rel.eu.elf elf32-powerpc)

.debug_loclists
                0x00000000     0x378e
 .debug_loclists
                0x00000000      0xa75 OWR.o
 .debug_loclists
                0x00000a75       0x17 StateManager.o
 .debug_loclists
                0x00000a8c      0x130 common.o
 .debug_loclists
                0x00000bbc       0xa9 con_mario.o
 .debug_loclists
                0x00000c65      0x22a con_perf.o
 .debug_loclists
                0x00000e8f       0xf4 con_seq.o
 .debug_loclists
                0x00000f83      0xe12 console.o
 .debug_loclists
                0x00001d95       0x95 cxx.o
 .debug_loclists
                0x00001e2a      0x955 errorHandling.o
 .debug_loclists
                0x0000277f      0x202 gamePatches.o
 .debug_loclists
                0x00002981      0x17e keyboard.o
 .debug_loclists
                0x00002aff      0x199 mod.o
 .debug_loclists
                0x00002c98      0x4e1 patch.o
 .debug_loclists
                0x00003179      0x122 printf.o
 .debug_loclists
                0x0000329b       0x4d rel.o
 .debug_loclists
                0x000032e8      0x1a2 ug.o
 .debug_loclists
                0x0000348a      0x1cb util.o
 .debug_loclists
                0x00003655       0x67 gor_04.o
 .debug_loclists
                0x000036bc       0xd2 tik.o

.debug_rnglists
                0x00000000      0xe74
 .debug_rnglists
                0x00000000      0x168 OWR.o
 .debug_rnglists
                0x00000168       0x19 StateManager.o
 .debug_rnglists
                0x00000181       0x4f common.o
 .debug_rnglists
                0x000001d0       0x6e con_mario.o
 .debug_rnglists
                0x0000023e       0x6d con_perf.o
 .debug_rnglists
                0x000002ab       0xcc con_seq.o
 .debug_rnglists