
Discarded input sections

 .text          0x00000000        0x0 OWR.o
 .data          0x00000000        0x0 OWR.o
 .bss           0x00000000        0x0 OWR.o
 .text          0x00000000        0x0 StateManager.o
 .data          0x00000000        0x0 StateManager.o
 .bss           0x00000000        0x0 StateManager.o
 .text._ZN3mod3owr12StateManager4InitEv
                0x00000000       0x18 StateManager.o
 .text          0x00000000        0x0 common.o
 .data          0x00000000        0x0 common.o
 .bss           0x00000000        0x0 common.o
 .text._ZN3mod6common14GetCurrentAreaEv
                0x00000000       0x1c common.o
 .text._ZN3mod6common13GetCurrentMapEv
                0x00000000       0x1c common.o
 .text._ZN3mod6common11GetFilenameEv
                0x00000000       0x1c common.o
 .text._ZN3mod6common16GetStorySequenceEv
                0x00000000       0x20 common.o
 .text._ZN3mod6common14GetPitSequenceEv
                0x00000000       0x24 common.o
 .text._ZN3mod6common17GetSavedFlagValueEi
                0x00000000       0x40 common.o
 .text._ZN3mod6common21HasKeyItemInInventoryEs
                0x00000000       0x3c common.o
 .text._ZN3mod6common25GetBattleWindowDataOffsetEv
                0x00000000       0x1c common.o
 .text._ZN3mod6common21GetStatusWindowHeightEv
                0x00000000       0x24 common.o
 .data._ZN3mod6common29kUnknownStatusWindowStructPtrE
                0x00000000        0x4 common.o
 .data._ZN3mod6common10kBattlePtrE
                0x00000000        0x4 common.o
 .data._ZN3mod6common9kPouchPtrE
                0x00000000        0x4 common.o
 .data._ZN3mod6common12kSaveDataPtrE
                0x00000000        0x4 common.o
 .rodata._ZN3mod6common32kUltraHammerChestDespawnIdOffsetE
                0x00000000        0x4 common.o
 .rodata._ZN3mod6common27kObjectCollectionExprOffsetE
                0x00000000        0x4 common.o
 .rodata._ZN3mod6common27kObjectChestScriptPtrOffsetE
                0x00000000        0x4 common.o
 .rodata._ZN3mod6common33kMujModuleFlavioDesiredItemOffsetE
                0x00000000        0x4 common.o
 .rodata._ZN3mod6common36kJinModuleAtomicBooItemGswfSetOffsetE
                0x00000000        0x4 common.o
 .rodata._ZN3mod6common39kJinModuleAtomicBooItemObjectFlagOffsetE
                0x00000000        0x4 common.o
 .rodata._ZN3mod6common32kPitModuleCharlietonChanceOffsetE
                0x00000000        0x4 common.o
 .rodata._ZN3mod6common22kPitModuleNpcArrOffsetE
                0x00000000        0x4 common.o
 .rodata._ZN3mod6common23kSavedWordFlagBaseValueE
                0x00000000        0x4 common.o
 .data._ZN3mod6common20kPiantaParlorItemArrE
                0x00000000        0x4 common.o
 .data._ZN3mod6common21kPitCharlietonItemArrE
                0x00000000        0x4 common.o
 .data._ZN3mod6common12kHowzItemArrE
                0x00000000        0x4 common.o
 .data._ZN3mod6common18kCharlietonItemArrE
                0x00000000        0x4 common.o
 .data._ZN3mod6common14kDazzleItemArrE
                0x00000000        0x4 common.o
 .data._ZN3mod6common20kSuperguardFramesArrE
                0x00000000        0x4 common.o
 .data._ZN3mod6common15kGuardFramesArrE
                0x00000000        0x4 common.o
 .data._ZN3mod6common25kSuperChargePartnerParamsE
                0x00000000        0x4 common.o
 .data._ZN3mod6common18kSuperChargeParamsE
                0x00000000        0x4 common.o
 .data._ZN3mod6common19kPiercingBlowParamsE
                0x00000000        0x4 common.o
 .data._ZN3mod6common18kHammerThrowParamsE
                0x00000000        0x4 common.o
 .data._ZN3mod6common17kKoopaCurseParamsE
                0x00000000        0x4 common.o
 .data._ZN3mod6common15kTradeOffParamsE
                0x00000000        0x4 common.o
 .data._ZN3mod6common17kGulpRecoilParamsE
                0x00000000        0x4 common.o
 .data._ZN3mod6common24kUltraHammerRecoilParamsE
                0x00000000        0x4 common.o
 .data._ZN3mod6common24kSuperHammerRecoilParamsE
                0x00000000        0x4 common.o
 .data._ZN3mod6common8kNextMapE
                0x00000000        0x4 common.o
 .rodata.cst4   0x00000000        0x4 common.o
 .text          0x00000000        0x0 con_mario.o
 .data          0x00000000        0x0 con_mario.o
 .bss           0x00000000        0x0 con_mario.o
 .text          0x00000000        0x0 con_perf.o
 .data          0x00000000        0x0 con_perf.o
 .bss           0x00000000        0x0 con_perf.o
 .text          0x00000000        0x0 con_seq.o
 .data          0x00000000        0x0 con_seq.o
 .bss           0x00000000        0x0 con_seq.o
 .text          0x00000000        0x0 console.o
 .data          0x00000000        0x0 console.o
 .bss           0x00000000        0x0 console.o
 .text._ZN3mod13ConsoleSystem8logDebugEPKcz
                0x00000000       0xb0 console.o
 .text          0x00000000        0x0 cxx.o
 .data          0x00000000        0x0 cxx.o
[...]
Memory Configuration

Name             Origin             Length             Attributes
*default*        0x00000000         0xffffffff

Linker script and memory map

                0x80003100                        . = 0x80003100

.init
 *crt0.o(*.init)
 *(.init)

.plt
 *(.plt)

.interp
 *(.interp)

.hash
 *(.hash)

.dynsym
 *(.dynsym)

.dynstr
 *(.dynstr)

.gnu.version
 *(.gnu.version)

.gnu.version_d
 *(.gnu.version_d)

.gnu.version_r
 *(.gnu.version_r)

.rel.init
 *(.rel.init)

.rela.init
 *(.rela.init)

.rel.text
 *(.rel.text .rel.text.* .rel.gnu.linkonce.t.*)

.rela.text
 *(.rela.text .rela.text.* .rela.gnu.linkonce.t.*)

.rel.fini
 *(.rel.fini)

.rela.fini
 *(.rela.fini)

.rel.rodata
 *(.rel.rodata .rel.rodata.* .rel.gnu.linkonce.r.*)

.rela.rodata
 *(.rela.rodata .rela.rodata.* .rela.gnu.linkonce.r.*)

.rel.data
 *(.rel.data .rel.data.* .rel.gnu.linkonce.d.*)

.rela.data
 *(.rela.data .rela.data.* .rela.gnu.linkonce.d.*)

.rel.tdata
 *(.rel.tdata .rel.tdata.* .rel.gnu.linkonce.td.*)

.rela.tdata
 *(.rela.tdata .rela.tdata.* .rela.gnu.linkonce.td.*)

.rel.tbss
 *(.rel.tbss .rel.tbss.* .rel.gnu.linkonce.tb.*)

.rela.tbss
 *(.rela.tbss .rela.tbss.* .rela.gnu.linkonce.tb.*)

.rel.ctors
 *(.rel.ctors)

.rela.ctors
 *(.rela.ctors)

.rel.dtors
 *(.rel.dtors)

.rela.dtors
 *(.rela.dtors)

.rel.got
 *(.rel.got)

.rela.got
 *(.rela.got)

.rela.got1
 *(.rela.got1)

.rela.got2
 *(.rela.got2)

.rel.sdata
 *(.rel.sdata .rel.sdata.* .rel.gnu.linkonce.s.*)

.rela.sdata
 *(.rela.sdata .rela.sdata.* .rela.gnu.linkonce.s.*)

.rel.sbss
 *(.rel.sbss .rel.sbss.* .rel.gnu.linkonce.sb.*)

.rela.sbss
 *(.rela.sbss .rela.sbss.* .rel.gnu.linkonce.sb.*)

.rel.sdata2
 *(.rel.sdata2 .rel.sdata2.* .rel.gnu.linkonce.s2.*)

.rela.sdata2
 *(.rela.sdata2 .rela.sdata2.* .rela.gnu.linkonce.s2.*)

.rel.sbss2
 *(.rel.sbss2 .rel.sbss2.* .rel.gnu.linkonce.sb2.*)

.rela.sbss2
 *(.rela.sbss2 .rela.sbss2.* .rela.gnu.linkonce.sb2.*)

.rel.bss
 *(.rel.bss .rel.bss.* .rel.gnu.linkonce.b.*)

.rela.bss
 *(.rela.bss .rela.bss.* .rela.gnu.linkonce.b.*)

.rel.plt
 *(.rel.plt)

.rela.plt
 *(.rela.plt)

.text           0x80003100     0xdd00
 *(.text)
 .text          0x80003100        0x8 FixBlooperCrash1.o
                0x80003100                asmFixBlooperCrash1
 .text          0x80003108       0x14 FixBlooperCrash2.o
                0x80003108                asmFixBlooperCrash2
 .text          0x8000311c       0x10 PreventDiaryTextboxSelection.o
                0x8000311c                asmPreventDiaryTextboxSelection
 .text          0x8000312c      0x2d0 asm_main.o
                0x8000312c                bMapGXArrInject
                0x80003138                bMapGXArrInjectReturn
                0x8000313c                bMapGXArrIncrement
                0x80003144                bMapGXArrIncrementReturn
                0x80003148                bMapGXChSplit
                0x80003154                bMapGXChSplitReturn
                0x80003158                bWinLogArrInject
                0x80003164                bWinLogArrInjectReturn
                0x80003168                bWinLogArrIncrement
                0x80003170                bWinLogArrIncrementReturn
                0x80003174                bChapterClearCheck
                0x800031bc                bJohoyaSeqAddition
                0x800031f4                bPrintPartyAddErrorFix
                0x80003230                bPrintPartyAddErrorFixReturn
                0x80003234                bPrintPartyErrorFix
                0x80003270                bPrintPartyErrorFixReturn
                0x80003274                bKururingFloorCapture
                0x8000327c                bKururingFloorCaptureReturn
                0x80003280                bKururingFloorRelease
                0x80003288                bKururingFloorReleaseReturn
                0x8000328c                bPowerupblkCapture
                0x800032a4                bPowerupblkCaptureReturn
                0x800032a8                bPowerupblkRelease
                0x800032b0                bPowerupblkReleaseReturn
                0x800032b4                bPeachPointer
                0x8000330c                breakfastValueRestore
                0x8000332c                bPeachReturn
                0x80003330                bShopFlagCheck
                0x8000333c                bShopFlagCheckReturn
                0x80003340                win_log_mapGX_arr
 .text          0x800033fc       0x58 restfpr_x.o
                0x800033fc                _restfpr_14_x
                0x80003400                _restfpr_15_x
                0x80003404                _restfpr_16_x
                0x80003408                _restfpr_17_x
                0x8000340c                _restfpr_18_x
                0x80003410                _restfpr_19_x
                0x80003414                _restfpr_20_x
                0x80003418                _restfpr_21_x
                0x8000341c                _restfpr_22_x
                0x80003420                _restfpr_23_x
                0x80003424                _restfpr_24_x
                0x80003428                _restfpr_25_x
                0x8000342c                _restfpr_26_x
                0x80003430                _restfpr_27_x
                0x80003434                _restfpr_28_x
                0x80003438                _restfpr_29_x
                0x8000343c                _restfpr_30_x
                0x80003440                _restfpr_31_x
 .text          0x80003454       0x58 restgpr_x.o
                0x80003454                _restgpr_14_x
                0x80003458                _restgpr_15_x
                0x8000345c                _restgpr_16_x
                0x80003460                _restgpr_17_x
                0x80003464                _restgpr_18_x
                0x80003468                _restgpr_19_x
                0x8000346c                _restgpr_20_x
                0x80003470                _restgpr_21_x
                0x80003474                _restgpr_22_x
                0x80003478                _restgpr_23_x
                0x8000347c                _restgpr_24_x
                0x80003480                _restgpr_25_x
                0x80003484                _restgpr_26_x
                0x80003488                _restgpr_27_x
                0x8000348c                _restgpr_28_x
                0x80003490                _restgpr_29_x
                0x80003494                _restgpr_30_x
                0x80003498                _restgpr_31_x
 *(.text.*)
 *fill*         0x800034ac        0x0 00000000
 .text._ZN3mod3owr21partySetForceMoveHookEPN4ttyd5party10PartyEntryEfff
                0x800034ac       0x8c OWR.o
                0x800034ac                _ZN3mod3owr21partySetForceMoveHookEPN4ttyd5party10PartyEntryEfff
 .text._ZN3mod3owr19evtMarioSetPoseHookEPN4ttyd6evtmgr8EvtEntryEb
                0x80003538       0x6c OWR.o
                0x80003538                _ZN3mod3owr19evtMarioSetPoseHookEPN4ttyd6evtmgr8EvtEntryEb
 .text._ZN3mod3owr13seqSetSeqHookEN4ttyd6seqdrv8SeqIndexEPKcS5_
                0x800035a4      0x228 OWR.o
                0x800035a4                _ZN3mod3owr13seqSetSeqHookEN4ttyd6seqdrv8SeqIndexEPKcS5_
 .text._ZN3mod3owr16pouchGetItemHookEi
                0x800037cc      0x1ec OWR.o
                0x800037cc                _ZN3mod3owr16pouchGetItemHookEi
 .text._ZN3mod3owr13msgSearchHookEPKc
                0x800039b8      0x5f8 OWR.o
                0x800039b8                _ZN3mod3owr13msgSearchHookEPKc
 .text._ZN3mod3owr3OWRC2Ev
                0x80003fb0        0x4 OWR.o
                0x80003fb0                _ZN3mod3owr3OWRC1Ev
                0x80003fb0                _ZN3mod3owr3OWRC2Ev
 .text._ZN3mod3owr3OWR12SequenceInitEv
                0x80003fb4      0x118 OWR.o
                0x80003fb4                _ZN3mod3owr3OWR12SequenceInitEv
 .text._ZN3mod3owr13checkIfInGameEv
                0x800040cc       0x64 OWR.o
                0x800040cc                _ZN3mod3owr13checkIfInGameEv
 .text._ZN3mod3owr3OWR12HomewardWarpEv
                0x80004130       0x88 OWR.o
                0x80004130                _ZN3mod3owr3OWR12HomewardWarpEv
 .text._ZN3mod3owr3OWR12RecieveItemsEv
                0x800041b8       0x5c OWR.o
                0x800041b8                _ZN3mod3owr3OWR12RecieveItemsEv
 .text._ZN3mod3owr3OWR4InitEv
                0x80004214      0x1e4 OWR.o
                0x80004214                _ZN3mod3owr3OWR4InitEv
 .text._ZN3mod3owr3OWR6UpdateEv
                0x800043f8       0x38 OWR.o
                0x800043f8                _ZN3mod3owr3OWR6UpdateEv
 .text._ZN3mod3owr3OWR14OnModuleLoadedEP12OSModuleInfo
                0x80004430       0x98 OWR.o
                0x80004430                _ZN3mod3owr3OWR14OnModuleLoadedEP12OSModuleInfo
 .text._ZN3mod3owr10OSLinkHookEP12OSModuleInfoPv
                0x800044c8       0x54 OWR.o
                0x800044c8                _ZN3mod3owr10OSLinkHookEP12OSModuleInfoPv
 .text._ZN3mod3owr3OWR10DrawStringEPKcffjf
                0x8000451c       0xc8 OWR.o
                0x8000451c                _ZN3mod3owr3OWR10DrawStringEPKcffjf
 .text.startup._GLOBAL__sub_I__ZN3mod3owr7item_dbE
                0x800045e4       0x14 OWR.o
 .text._ZN3mod3owr12StateManagerC2Ev
                0x800045f8       0x18 StateManager.o
                0x800045f8                _ZN3mod3owr12StateManagerC2Ev
                0x800045f8                _ZN3mod3owr12StateManagerC1Ev
 .text._ZN3modL13mod_if_func24Ev
                0x80004610       0x54 con_mario.o
 .text.startup._GLOBAL__sub_I__ZN3mod13mario_set_posE
                0x80004664       0x88 con_mario.o
 .text._ZN3modL13mod_if_func51Ev
                0x800046ec      0x158 con_perf.o
 .text.startup._GLOBAL__sub_I__ZN3mod15perf_fake_spikeE
                0x80004844       0x8c con_perf.o
 .text._ZN3modL13mod_if_func16Ev
                0x800048d0       0x60 con_seq.o
 .text._ZZN3modL13mod_if_func16EvENUlPN4ttyd6seqdrv7SeqInfoEE_4_FUNES3_
                0x80004930       0x34 con_seq.o
 .text.startup._GLOBAL__sub_I__ZN3mod13seq_logo_skipE
                0x80004964       0x8c con_seq.o
 .text._ZN3mod13ConsoleSystem8logColorEPKcN2gc6color4E
                0x800049f0      0x1e4 console.o
                0x800049f0                _ZN3mod13ConsoleSystem8logColorEPKcN2gc6color4E
 .text._ZN3mod13ConsoleSystem7logInfoEPKcz
                0x80004bd4       0xac console.o
                0x80004bd4                _ZN3mod13ConsoleSystem7logInfoEPKcz
 .text._ZN3mod7CC_findEPKc
                0x80004c80       0xe8 console.o
                0x80004c80                _ZN3mod7CC_findEPKc
 .text._ZN3mod13ConsoleSystem10logWarningEPKcz
                0x80004d68       0xb0 console.o
                0x80004d68                _ZN3mod13ConsoleSystem10logWarningEPKcz
 .text._ZN3mod13ConsoleSystem8logErrorEPKcz
                0x80004e18       0xb0 console.o
                0x80004e18                _ZN3mod13ConsoleSystem8logErrorEPKcz
 .text._ZN3mod13ConsoleSystem7overlayEPKcz
                0x80004ec8       0xbc console.o
                0x80004ec8                _ZN3mod13ConsoleSystem7overlayEPKcz
 .text._ZN3mod13ConsoleSystem12setMonospaceEb
                0x80004f84       0x24 console.o
                0x80004f84                _ZN3mod13ConsoleSystem12setMonospaceEb
 .text._ZN3mod13ConsoleSystem4initEv
                0x80004fa8       0x14 console.o
                0x80004fa8                _ZN3mod13ConsoleSystem4initEv
 .text._ZN3mod13ConsoleSystem8drawLineEiPKcN2gc6color4E
                0x80004fbc       0xa8 console.o
                0x80004fbc                _ZN3mod13ConsoleSystem8drawLineEiPKcN2gc6color4E
 .text._ZN3mod13ConsoleSystem14processCommandEPKc
                0x80005064      0x1e4 console.o
                0x80005064                _ZN3mod13ConsoleSystem14processCommandEPKc
 .text._ZN3mod13ConsoleSystem12updatePromptEv
                0x80005248      0x2f0 console.o
                0x80005248                _ZN3mod13ConsoleSystem12updatePromptEv
 .text._ZN3mod13ConsoleSystem14updateUsbGeckoEv
                0x80005538      0x128 console.o
                0x80005538                _ZN3mod13ConsoleSystem14updateUsbGeckoEv
 .text._ZN3mod13ConsoleSystem6updateEv
                0x80005660       0x68 console.o
                0x80005660                _ZN3mod13ConsoleSystem6updateEv
 .text._ZN3mod13ConsoleSystem4dispEv
                0x800056c8      0x368 console.o
                0x800056c8                _ZN3mod13ConsoleSystem4dispEv
 .text._ZZN3mod13ConsoleSystem6updateEvENUlN4ttyd7dispdrv8CameraIdEPvE_4_FUNES3_S4_
                0x80005a30        0x8 console.o
 .text.startup._GLOBAL__sub_I__ZN3mod10ConCommand6sFirstE
                0x80005a38      0x17c console.o
 .text._Znwj    0x80005bb4        0xc cxx.o
                0x80005bb4                _Znwj
 .text._Znaj    0x80005bc0        0x4 cxx.o
                0x80005bc0                _Znaj
 .text._ZdlPv   0x80005bc4        0xc cxx.o
                0x80005bc4                _ZdlPv
 .text._ZdaPv   0x80005bd0        0x4 cxx.o
                0x80005bd0                _ZdaPv
 .text._ZL27checkIndividualStandardHeapPKN2gc2os9ChunkInfoE
                0x80005bd4       0x64 errorHandling.o
 .text._ZL24checkIndividualSmartHeapPKN4ttyd6memory19SmartAllocationDataE
                0x80005c38       0x64 errorHandling.o
 .text._ZL22checkIndividualMapHeapPKN4ttyd6memory13MapAllocEntryE
                0x80005c9c       0x50 errorHandling.o
 .text._ZL21initStandardHeapErrorPKvib
                0x80005cec       0x94 errorHandling.o
 .text._ZL18initSmartHeapErrorPKvb
                0x80005d80       0x8c errorHandling.o
 .text._ZL16initMapHeapErrorPKvtb
                0x80005e0c       0xa4 errorHandling.o
 .text._ZN18HeapCorruptionInfo10drawBufferEv
                0x80005eb0       0x98 errorHandling.o
                0x80005eb0                _ZN18HeapCorruptionInfo10drawBufferEv
 .text._ZN21NpcNameToPtrErrorInfo16drawErrorMessageEv
                0x80005f48       0x9c errorHandling.o
                0x80005f48                _ZN21NpcNameToPtrErrorInfo16drawErrorMessageEv
 .text._ZN21AnimPoseMainErrorInfo16drawErrorMessageEv
                0x80005fe4       0x9c errorHandling.o
                0x80005fe4                _ZN21AnimPoseMainErrorInfo16drawErrorMessageEv
 .text._Z10checkHeapsv
                0x80006080      0x110 errorHandling.o
                0x80006080                _Z10checkHeapsv
 .text._Z17drawErrorMessagesv
                0x80006190       0x74 errorHandling.o
                0x80006190                _Z17drawErrorMessagesv
 .text._Z25checkForNpcNameToPtrErrorPKc
                0x80006204       0x6c errorHandling.o
                0x80006204                _Z25checkForNpcNameToPtrErrorPKc
 .text._Z24preventAnimPoseMainCrashi
                0x80006270       0x54 errorHandling.o
                0x80006270                _Z24preventAnimPoseMainCrashi
 .text.startup._GLOBAL__sub_I_npcNameToPtrErrorInfo
                0x800062c4       0x1c errorHandling.o
 .text.exit._GLOBAL__sub_D_npcNameToPtrErrorInfo
                0x800062e0       0x14 errorHandling.o
 .text._ZL22fixPouchInitMemoryLeakij
                0x800062f4       0x4c gamePatches.o
 .text._ZL12autoMashTextN2gc3pad5PadIdE
                0x80006340       0x48 gamePatches.o
 .text._ZL14fixMapProblemsv
                0x80006388       0xe8 gamePatches.o
 .text.cFixBlooperCrash1
                0x80006470       0x38 gamePatches.o
                0x80006470                cFixBlooperCrash1
 .text.cPreventDiaryTextboxOptionSelection
                0x800064a8       0x58 gamePatches.o
                0x800064a8                cPreventDiaryTextboxOptionSelection
 .text._Z14applyGameFixesv
                0x80006500       0x68 gamePatches.o
                0x80006500                _Z14applyGameFixesv
 .text._Z23applyVariousGamePatchesv
                0x80006568       0xf0 gamePatches.o
                0x80006568                _Z23applyVariousGamePatchesv
 .text._ZN3mod8Keyboard7connectEv
                0x80006658       0x58 keyboard.o
                0x80006658                _ZN3mod8Keyboard7connectEv
 .text._ZN3mod8KeyboardC2Ei
                0x800066b0       0x20 keyboard.o
                0x800066b0                _ZN3mod8KeyboardC2Ei
                0x800066b0                _ZN3mod8KeyboardC1Ei
 .text._ZN3mod8Keyboard10disconnectEv
                0x800066d0       0x40 keyboard.o
                0x800066d0                _ZN3mod8Keyboard10disconnectEv
 .text._ZN3mod8Keyboard6updateEv
                0x80006710      0x1d4 keyboard.o
                0x80006710                _ZN3mod8Keyboard6updateEv
 .text._ZZN3mod3Mod4initEvENUlvE0_4_FUNEv
                0x800068e4        0x4 mod.o
 .text._ZZN3mod3Mod11updateEarlyEvENUlN4ttyd7dispdrv8CameraIdEPvE_4_FUNES3_S4_
                0x800068e8        0x4 mod.o
 .text._ZN3mod3ModC2Ev
                0x800068ec       0x90 mod.o
                0x800068ec                _ZN3mod3ModC2Ev
                0x800068ec                _ZN3mod3ModC1Ev
 .text._ZN3mod3Mod4initEv
                0x8000697c      0x188 mod.o
                0x8000697c                _ZN3mod3Mod4initEv
 .text.startup._ZN3mod4mainEv
                0x80006b04       0x38 mod.o
                0x80006b04                _ZN3mod4mainEv
 .text._ZN3mod3Mod11updateEarlyEv
                0x80006b3c       0x8c mod.o
                0x80006b3c                _ZN3mod3Mod11updateEarlyEv
 .text._ZZN3mod3Mod4initEvENUlvE_4_FUNEv
                0x80006bc8        0xc mod.o
 .text._ZN3mod5patch17clear_DC_IC_CacheEPvj
                0x80006bd4       0x3c patch.o
                0x80006bd4                _ZN3mod5patch17clear_DC_IC_CacheEPvj
 .text._ZN3mod5patch14writeEvtBranchEPiPKib
                0x80006c10       0x1c patch.o
                0x80006c10                _ZN3mod5patch14writeEvtBranchEPiPKib
 .text._ZN3mod5patch15writeBranchMainEPvS1_j
                0x80006c2c       0x18 patch.o
                0x80006c2c                _ZN3mod5patch15writeBranchMainEPvS1_j
 .text._ZN3mod5patch11writeBranchEPvS1_
                0x80006c44        0x8 patch.o
                0x80006c44                _ZN3mod5patch11writeBranchEPvS1_
 .text._ZN3mod5patch13writeBranchBLEPvS1_
                0x80006c4c        0xc patch.o
                0x80006c4c                _ZN3mod5patch13writeBranchBLEPvS1_
 .text._ZN3mod5patch10writePatchEPvPKvj
                0x80006c58       0x5c patch.o
                0x80006c58                _ZN3mod5patch10writePatchEPvPKvj
 .text._ZN3mod5patch10writePatchEPvj
                0x80006cb4       0x2c patch.o
                0x80006cb4                _ZN3mod5patch10writePatchEPvj
 .text._ZN3mod5patch15writeBranchPairEPvS1_S1_
                0x80006ce0       0x3c patch.o
                0x80006ce0                _ZN3mod5patch15writeBranchPairEPvS1_S1_
 .text._ZN3mod5patch17writeIntWithCacheEPvj
                0x80006d1c        0xc patch.o
                0x80006d1c                _ZN3mod5patch17writeIntWithCacheEPvj
 .text.vsnprintf
                0x80006d28       0x70 printf.o
                0x80006d28                vsnprintf
 .text.snprintf
                0x80006d98       0x7c printf.o
                0x80006d98                snprintf
 .text._prolog  0x80006e14       0x5c rel.o
                0x80006e14                _prolog
 .text._epilog  0x80006e70       0x4c rel.o
                0x80006e70                _epilog
 .text._unresolved
                0x80006ebc        0x4 rel.o
                0x80006ebc                _unresolved
 .text._ZN3modL10ugTransferEiPvib
                0x80006ec0      0x124 ug.o
 .text._ZN3mod7ugProbeEi
                0x80006fe4       0xf8 ug.o
                0x80006fe4                _ZN3mod7ugProbeEi
 .text._ZN3mod6ugSendEiPKvi
                0x800070dc        0x8 ug.o
                0x800070dc                _ZN3mod6ugSendEiPKvi
 .text._ZN3mod6ugRecvEiPvi
                0x800070e4        0x8 ug.o
                0x800070e4                _ZN3mod6ugRecvEiPvi
 .text.strstr   0x800070ec       0x90 util.o
                0x800070ec                strstr
 .text._ZN3mod4util16checkButtonComboEj
                0x8000717c       0x4c util.o
                0x8000717c                _ZN3mod4util16checkButtonComboEj
 .text._ZN3mod4util26checkButtonComboEveryFrameEj
                0x800071c8       0x34 util.o
                0x800071c8                _ZN3mod4util26checkButtonComboEveryFrameEj
 .text._ZN3mod4util10ptrIsValidEPv
                0x800071fc       0x30 util.o
                0x800071fc                _ZN3mod4util10ptrIsValidEPv
 .text._ZN3mod4util10intToFloatEi
                0x8000722c       0x30 util.o
                0x8000722c                _ZN3mod4util10intToFloatEi
 .text._ZN3mod4util25getTextMultilineIncrementEPKcfj
                0x8000725c       0x4c util.o
                0x8000725c                _ZN3mod4util25getTextMultilineIncrementEPKcfj
 .text._Z15ApplyAaaPatchesv
                0x800072a8       0x50 aaa.o
                0x800072a8                _Z15ApplyAaaPatchesv
 .text._Z17checkIntermissionPN4ttyd6evtmgr8EvtEntryEb
                0x800072f8       0xd4 aji.o
                0x800072f8                _Z17checkIntermissionPN4ttyd6evtmgr8EvtEntryEb
 .text._Z15ApplyAjiPatchesv
                0x800073cc      0x874 aji.o
                0x800073cc                _Z15ApplyAjiPatchesv
 .text._Z15ApplyBomPatchesv
                0x80007c40      0x300 bom.o
                0x80007c40                _Z15ApplyBomPatchesv
 .text._Z15ApplyDouPatchesv
                0x80007f40      0x2f8 dou.o
                0x80007f40                _Z15ApplyDouPatchesv
 .text._Z15ApplyEkiPatchesv
                0x80008238      0x254 eki.o
                0x80008238                _Z15ApplyEkiPatchesv
 .text._Z15ApplyEndPatchesv
                0x8000848c       0x30 end.o
                0x8000848c                _Z15ApplyEndPatchesv
 .text._Z15ApplyGonPatchesv
                0x800084bc      0x388 gon.o
                0x800084bc                _Z15ApplyGonPatchesv
 .text._Z17ApplyGor00Patchesv
                0x80008844      0x5cc gor_00.o
                0x80008844                _Z17ApplyGor00Patchesv
 .text.startup._GLOBAL__sub_I__Z17ApplyGor00Patchesv
                0x80008e10       0x14 gor_00.o
 .text._Z17ApplyGor01Patchesv
                0x80008e24      0x410 gor_01.o
                0x80008e24                _Z17ApplyGor01Patchesv
 .text._Z17ApplyGor02Patchesv
                0x80009234      0x3fc gor_02.o
                0x80009234                _Z17ApplyGor02Patchesv
 .text._Z17ApplyGor03Patchesv
                0x80009630      0x478 gor_03.o
                0x80009630                _Z17ApplyGor03Patchesv
 .text._Z17ApplyGor04Patchesv
                0x80009aa8      0x170 gor_04.o
                0x80009aa8                _Z17ApplyGor04Patchesv
 .text._Z19ApplyGorMiscPatchesv
                0x80009c18      0x14c gor_misc.o
                0x80009c18                _Z19ApplyGorMiscPatchesv
 .text._Z15ApplyGorPatchesv
                0x80009d64       0x30 gor_misc.o
                0x80009d64                _Z15ApplyGorPatchesv
 .text._Z15ApplyGraPatchesv
                0x80009d94      0x200 gra.o
                0x80009d94                _Z15ApplyGraPatchesv
 .text._Z15ApplyHeiPatchesv
                0x80009f94      0x294 hei.o
                0x80009f94                _Z15ApplyHeiPatchesv
 .text._Z15ApplyHomPatchesv
                0x8000a228      0x140 hom.o
                0x8000a228                _Z15ApplyHomPatchesv
 .text._Z15ApplyJinPatchesv
                0x8000a368      0x348 jin.o
                0x8000a368                _Z15ApplyJinPatchesv
 .text._Z15ApplyKpaPatchesv
                0x8000a6b0       0xd0 kpa.o
                0x8000a6b0                _Z15ApplyKpaPatchesv
 .text._Z15ApplyLasPatchesv
                0x8000a780      0x510 las.o
                0x8000a780                _Z15ApplyLasPatchesv
 .text._Z12setShopFlagsPN4ttyd6evtmgr8EvtEntryEb
                0x8000ac90       0x8c main.o
                0x8000ac90                _Z12setShopFlagsPN4ttyd6evtmgr8EvtEntryEb
 .text.checkShopFlag
                0x8000ad1c       0x84 main.o
                0x8000ad1c                checkShopFlag
 .text._Z24ApplyMainAssemblyPatchesv
                0x8000ada0      0x94c main.o
                0x8000ada0                _Z24ApplyMainAssemblyPatchesv
 .text._Z22ApplyMainScriptPatchesv
                0x8000b6ec      0x1e8 main.o
                0x8000b6ec                _Z22ApplyMainScriptPatchesv
 .text._Z25ApplyItemDataTablePatchesv
                0x8000b8d4      0x15c main.o
                0x8000b8d4                _Z25ApplyItemDataTablePatchesv
 .text._Z15ApplyMriPatchesv
                0x8000ba30      0xba4 mri.o
                0x8000ba30                _Z15ApplyMriPatchesv
 .text._Z14coconut_removePN4ttyd6evtmgr8EvtEntryEb
                0x8000c5d4       0x98 muj.o
                0x8000c5d4                _Z14coconut_removePN4ttyd6evtmgr8EvtEntryEb
 .text._Z15ApplyMujPatchesv
                0x8000c66c      0xafc muj.o
                0x8000c66c                _Z15ApplyMujPatchesv
 .text._Z15ApplyNokPatchesv
                0x8000d168      0x36c nok.o
                0x8000d168                _Z15ApplyNokPatchesv
 .text._Z15ApplyPikPatchesv
                0x8000d4d4      0x524 pik.o
                0x8000d4d4                _Z15ApplyPikPatchesv
 .text._Z15ApplyRshPatchesv
                0x8000d9f8      0xe34 rsh.o
                0x8000d9f8                _Z15ApplyRshPatchesv
 .text._Z24checkChapterRequirementsPN4ttyd6evtmgr8EvtEntryEb
                0x8000e82c       0x7c tik.o
                0x8000e82c                _Z24checkChapterRequirementsPN4ttyd6evtmgr8EvtEntryEb
 .text._Z18checkChapterClearsPN4ttyd6evtmgr8EvtEntryEb
                0x8000e8a8       0x5c tik.o
                0x8000e8a8                _Z18checkChapterClearsPN4ttyd6evtmgr8EvtEntryEb
 .text._Z15ApplyTikPatchesv
                0x8000e904      0x598 tik.o
                0x8000e904                _Z15ApplyTikPatchesv
 .text._Z15ApplyTouPatchesv
                0x8000ee9c     0x10b0 tou.o
                0x8000ee9c                _Z15ApplyTouPatchesv
 .text._Z16ApplyTou2Patchesv
                0x8000ff4c      0x34c tou2.o
                0x8000ff4c                _Z16ApplyTou2Patchesv
 .text._Z15ApplyUsuPatchesv
                0x80010298      0x884 usu.o
                0x80010298                _Z15ApplyUsuPatchesv
 .text._Z15ApplyWinPatchesv
                0x80010b1c      0x2e4 win.o
                0x80010b1c                _Z15ApplyWinPatchesv
 *(.gnu.warning)
 *(.gnu.linkonce.t.*)
                0x80010e00                        . = ALIGN (0x20)

.text._ZN3mod13mario_set_posMUlPKcE_4_FUNES2_
                0x00000000       0x5c
 .text._ZN3mod13mario_set_posMUlPKcE_4_FUNES2_
                0x00000000       0x5c con_mario.o
                0x00000000                _ZN3mod13mario_set_posMUlPKcE_4_FUNES2_
                0x00000000                _ZN3mod13mario_set_posMUlPKcE_4_FUNES1_

.text._ZN3mod15perf_fake_spikeMUlPKcE_4_FUNES2_
                0x00000000       0x7c
 .text._ZN3mod15perf_fake_spikeMUlPKcE_4_FUNES2_
                0x00000000       0x7c con_perf.o
                0x00000000                _ZN3mod15perf_fake_spikeMUlPKcE_4_FUNES1_
                0x00000000                _ZN3mod15perf_fake_spikeMUlPKcE_4_FUNES2_

.text._ZN3mod14seq_change_mapMUlPKcE_4_FUNES2_
                0x00000000       0xc4
 .text._ZN3mod14seq_change_mapMUlPKcE_4_FUNES2_
                0x00000000       0xc4 con_seq.o
                0x00000000                _ZN3mod14seq_change_mapMUlPKcE_4_FUNES2_
                0x00000000                _ZN3mod14seq_change_mapMUlPKcE_4_FUNES1_

.text._ZN3mod8con_monoMUlPNS_9ConIntVarEiE_4_FUNES2_i
                0x00000000       0x18
 .text._ZN3mod8con_monoMUlPNS_9ConIntVarEiE_4_FUNES2_i
                0x00000000       0x18 console.o
                0x00000000                _ZN3mod8con_monoMUlPNS_9ConIntVarEiE_4_FUNES1_i
                0x00000000                _ZN3mod8con_monoMUlPNS_9ConIntVarEiE_4_FUNES2_i

.text._ZN18HeapCorruptionInfo10initBufferEv
                0x00000000       0x34
 .text._ZN18HeapCorruptionInfo10initBufferEv
                0x00000000       0x34 errorHandling.o
                0x00000000                _ZN18HeapCorruptionInfo10initBufferEv

.fini           0x00000034        0xc
 *(.fini)
                0x00000040                        . = ALIGN (0x20)
 *fill*         0x00000034        0xc 00000000
                [!provide]                        PROVIDE (__etext = .)
                [!provide]                        PROVIDE (_etext = .)
                [!provide]                        PROVIDE (etext = .)

.rodata         0x00000040     0xcd5d
 *(.rodata)
 *(.rodata.*)
 .rodata._ZN3mod3owr13seqSetSeqHookEN4ttyd6seqdrv8SeqIndexEPKcS5_.str1.1
                0x00000040       0x55 OWR.o
 *fill*         0x00000095        0x3 
 .rodata._ZN3mod3owr16pouchGetItemHookEi
                0x00000098       0x10 OWR.o
 .rodata._ZN3mod3owr13msgSearchHookEPKc.str1.1
                0x000000a8      0x565 OWR.o
 *fill*         0x0000060d        0x3 
 .rodata._ZN3mod3owr3OWR14OnModuleLoadedEP12OSModuleInfo
                0x00000610       0x70 OWR.o
 .rodata._ZL8GSWF_ARR
                0x00000680       0x20 OWR.o
 .rodata.cst4   0x000006a0        0x4 OWR.o
 .rodata._ZN3mod13mario_set_posMUlPKcE_4_FUNES2_.str1.1
                0x000006a4        0x9 con_mario.o
 .rodata._ZN3modL13mod_if_func24Ev.str1.1
                0x000006ad       0x20 con_mario.o
 .rodata._GLOBAL__sub_I__ZN3mod13mario_set_posE.str1.1
                0x000006cd       0x1d con_mario.o
 .rodata._ZN3modL13mod_if_func51Ev.str1.1
                0x000006ea       0x5b con_perf.o
 .rodata._ZN3mod15perf_fake_spikeMUlPKcE_4_FUNES2_.str1.1
                0x00000745        0x3 con_perf.o
 .rodata._GLOBAL__sub_I__ZN3mod15perf_fake_spikeE.str1.1
                0x00000748       0x1f con_perf.o
 *fill*         0x00000767        0x1 
 .rodata.cst4   0x00000768        0xc con_perf.o
 .rodata._ZN3mod14seq_change_mapMUlPKcE_4_FUNES2_.str1.1
                0x00000774       0x1e con_seq.o
 .rodata._GLOBAL__sub_I__ZN3mod13seq_logo_skipE.str1.1
                0x00000792       0x1d con_seq.o
 .rodata._ZN3mod13ConsoleSystem8logColorEPKcN2gc6color4E.str1.1
                0x000007af       0x80 console.o
 .rodata._ZN3mod7CC_findEPKc.str1.1
                0x0000082f       0x1d console.o
 .rodata._ZN3mod13ConsoleSystem14processCommandEPKc.str1.1
                0x0000084c       0x28 console.o
 .rodata._ZN3mod13ConsoleSystem14updateUsbGeckoEv.str1.1
                0x00000874       0x74 console.o
 .rodata._ZN3mod13ConsoleSystem4dispEv.str1.1
                0x000008e8       0x16 console.o
 .rodata._GLOBAL__sub_I__ZN3mod10ConCommand6sFirstE.str1.1
                0x000008fe       0x7f console.o
 .rodata._ZZN3mod13ConsoleSystem4dispEvE12kPromptColor
                0x0000097d        0x4 console.o
 *fill*         0x00000981        0x3 
 .rodata.cst4   0x00000984        0x8 console.o
 .rodata._ZL21initStandardHeapErrorPKvib.str1.1
                0x0000098c       0x30 errorHandling.o
 .rodata._ZL18initSmartHeapErrorPKvb.str1.1
                0x000009bc       0x23 errorHandling.o
 .rodata._ZL16initMapHeapErrorPKvtb.str1.1
                0x000009df       0x2b errorHandling.o
 .rodata._ZN21NpcNameToPtrErrorInfo16drawErrorMessageEv.str1.1
                0x00000a0a       0x1f errorHandling.o
 .rodata._ZN21AnimPoseMainErrorInfo16drawErrorMessageEv.str1.1
                0x00000a29       0x1f errorHandling.o
 .rodata.cst4   0x00000a48       0x10 errorHandling.o
 .rodata._ZL14fixMapProblemsv.str1.1
                0x00000a58       0x1e gamePatches.o
 .rodata.cPreventDiaryTextboxOptionSelection.str1.1
                0x00000a76       0x19 gamePatches.o
 *fill*         0x00000a8f        0x1 
 .rodata.cst4   0x00000a90        0x4 mod.o
 .rodata.cst4   0x00000a94        0x8 util.o
 .rodata._ZL20aji_17_init_evt_hook
                0x00000a9c       0x10 aji.o
 .rodata._ZL19aji_17_init_evt_evt
                0x00000aac       0x4c aji.o
 .rodata._ZL20aji_10_init_evt_hook
                0x00000af8       0x10 aji.o
 .rodata.str1.1
                0x00000b08       0x46 aji.o
 *fill*         0x00000b4e        0x2 
 .rodata._ZL19aji_10_init_evt_evt
                0x00000b50      0x288 aji.o
 .rodata._ZL18teshita3_init_hook
                0x00000dd8       0x10 aji.o
 .rodata._ZL17teshita3_init_evt
                0x00000de8       0xc0 aji.o
 .rodata._ZL18teshita2_init_hook
                0x00000ea8       0x10 aji.o
 .rodata._ZL17teshita2_init_evt
                0x00000eb8       0xc0 aji.o
 .rodata._ZL20peach_evt_ele_2_hook
                0x00000f78       0x24 aji.o
 .rodata._ZL19peach_evt_ele_2_evt
                0x00000f9c       0x6c aji.o
 .rodata._ZL20aji_16_init_evt_hook
                0x00001008       0x10 aji.o
 .rodata._ZL19aji_16_init_evt_evt
                0x00001018       0x5c aji.o
 .rodata._ZL21aji_10_init_evt_hook2
                0x00001074       0x10 aji.o
 .rodata._ZL20aji_10_init_evt_evt2
                0x00001084       0x5c aji.o
 .rodata._ZL20aji_00_init_evt_hook
                0x000010e0       0x10 aji.o
 .rodata._ZL19aji_00_init_evt_evt
                0x000010f0       0x5c aji.o
 .rodata._ZL7npcEnt4
                0x0000114c        0xb aji.o
 *fill*         0x00001157        0x1 
 .rodata._ZL7npcEnt3
                0x00001158       0x13 aji.o
 *fill*         0x0000116b        0x1 
 .rodata._ZL4npc4
                0x0000116c       0x13 aji.o
 *fill*         0x0000117f        0x1 
 .rodata._ZL4npc3
                0x00001180        0x7 aji.o
 *fill*         0x00001187        0x1 
 .rodata._ZL4npc2
                0x00001188        0xf aji.o
 *fill*         0x00001197        0x1 
 .rodata._ZL4npc1
                0x00001198        0x7 aji.o
 .rodata.str1.1
                0x0000119f       0x12 dou.o
 *fill*         0x000011b1        0x3 
 .rodata._ZL20peramajin_after_item
                0x000011b4       0x9c dou.o
 .rodata._ZL12evt_elv_hook
                0x00001250       0x28 eki.o
 .rodata.str1.1
                0x00001278       0x2f eki.o
 *fill*         0x000012a7        0x1 
 .rodata._ZL11evt_elv_evt
                0x000012a8      0x114 eki.o
 .rodata.str1.1
                0x000013bc        0xb gon.o
 *fill*         0x000013c7        0x1 
 .rodata._ZL19gon_evt_majin2_item
                0x000013c8       0xd0 gon.o
 .rodata._ZL21gor_00_init_evt2_hook
                0x00001498       0x10 gor_00.o
 .rodata._ZL21gor_00_init_evt1_hook
                0x000014a8       0x10 gor_00.o
 .rodata.str1.1
                0x000014b8      0x2af gor_00.o
 *fill*         0x00001767        0x1 
 .rodata._ZL16gor_00_init_evt1
                0x00001768      0x1f8 gor_00.o
 .rodata._ZL21suifubomb_c_talk_hook
                0x00001960       0x10 gor_00.o
 .rodata._ZL20suifubomb_c_talk_evt
                0x00001970       0xa0 gor_00.o
 .rodata._ZL21suifubomb_c_init_hook
                0x00001a10       0x10 gor_00.o
 .rodata._ZL20suifubomb_c_init_evt
                0x00001a20       0x40 gor_00.o
 .rodata._ZL18korutesu_init_hook
                0x00001a60       0x10 gor_00.o
 .rodata._ZL17korutesu_init_evt
                0x00001a70       0x58 gor_00.o
 .rodata._ZL20suifubomb_b_talk_evt
                0x00001ac8       0xd4 gor_00.o
 .rodata._ZL21suifubomb_b_regl_hook
                0x00001b9c       0x10 gor_00.o
 .rodata._ZL20suifubomb_b_regl_evt
                0x00001bac      0x120 gor_00.o
 .rodata._ZL20suifubomb_a_talk_evt
                0x00001ccc      0x150 gor_00.o
 .rodata._ZL21suifubomb_a_regl_hook
                0x00001e1c       0x10 gor_00.o
 .rodata._ZL20suifubomb_a_regl_evt
                0x00001e2c       0x90 gor_00.o
 .rodata._ZL21suifubomb_a_init_hook
                0x00001ebc       0x10 gor_00.o
 .rodata._ZL20suifubomb_a_init_evt
                0x00001ecc       0xc8 gor_00.o
 .rodata._ZL16suifu_b_talk_evt
                0x00001f94       0xd4 gor_00.o
 .rodata._ZL20luigi_npcEnt_00_hook
                0x00002068       0x10 gor_00.o
 .rodata._ZL19luigi_npcEnt_00_evt
                0x00002078       0x80 gor_00.o
 .rodata._ZL18luigi_init_00_hook
                0x000020f8       0x10 gor_00.o
 .rodata._ZL17luigi_init_00_evt
                0x00002108       0x50 gor_00.o
 .rodata._ZL16mokorim_init_evt
                0x00002158       0x30 gor_00.o
 .rodata._ZL17suifu_b_init_hook
                0x00002188       0x10 gor_00.o
 .rodata._ZL16suifu_b_init_evt
                0x00002198       0xc8 gor_00.o
 .rodata._ZL17suifu_a_regl_hook
                0x00002260       0x10 gor_00.o
 .rodata._ZL16suifu_a_regl_evt
                0x00002270       0x80 gor_00.o
 .rodata._ZL16suifu_a_talk_evt
                0x000022f0       0xd4 gor_00.o
 .rodata._ZL19odoodo_ani_talk_evt
                0x000023c4       0x20 gor_00.o
 .rodata._ZL15odoodo_talk_evt
                0x000023e4      0x128 gor_00.o
 .rodata._ZL16odoodo_regl_hook
                0x0000250c       0x10 gor_00.o
 .rodata._ZL15odoodo_regl_evt
                0x0000251c       0x94 gor_00.o
 .rodata._ZL16odoodo_init_hook
                0x000025b0       0x10 gor_00.o
 .rodata._ZL15odoodo_init_evt
                0x000025c0      0x114 gor_00.o
 .rodata._ZL17garawaru_talk_evt
                0x000026d4       0xb8 gor_00.o
 .rodata._ZL18garawaru_regl_hook
                0x0000278c       0x10 gor_00.o
 .rodata._ZL17garawaru_regl_evt
                0x0000279c      0x120 gor_00.o
 .rodata._ZL18garawaru_init_hook
                0x000028bc       0x10 gor_00.o
 .rodata._ZL17garawaru_init_evt
                0x000028cc      0x140 gor_00.o
 .rodata._ZL7npcEnt2
                0x00002a0c        0x9 gor_00.o
 *fill*         0x00002a15        0x3 
 .rodata._ZL6npcEnt
                0x00002a18        0x9 gor_00.o
 .rodata.str1.1
                0x00002a21       0x9f gor_01.o
 .rodata._ZL15bomhei_talk_evt
                0x00002ac0       0x20 gor_01.o
 .rodata._ZL16chusan2_talk_evt
                0x00002ae0       0x20 gor_01.o
 .rodata._ZL16chusan1_talk_evt
                0x00002b00       0x20 gor_01.o
 .rodata._ZL16kuribo3_talk_evt
                0x00002b20       0x20 gor_01.o
 .rodata._ZL16kuribo2_talk_evt
                0x00002b40       0x20 gor_01.o
 .rodata._ZL16kuribo1_talk_evt
                0x00002b60       0x20 gor_01.o
 .rodata._ZL15roten2_talk_evt
                0x00002b80       0x20 gor_01.o
 .rodata._ZL15roten1_talk_evt
                0x00002ba0       0x20 gor_01.o
 .rodata._ZL19shoptender_talk_evt
                0x00002bc0       0x20 gor_01.o
 .rodata._ZL15kinoji_talk_evt
                0x00002be0       0x20 gor_01.o
 .rodata._ZL19bottakuru_init_hook
                0x00002c00       0x10 gor_01.o
 .rodata._ZL18bottakuru_init_evt
                0x00002c10       0x70 gor_01.o
 .rodata._ZL18marco_init_01_hook
                0x00002c80       0x10 gor_01.o
 .rodata._ZL17marco_init_01_evt
                0x00002c90       0x40 gor_01.o
 .rodata._ZL20badgemaster_talk_evt
                0x00002cd0       0x20 gor_01.o
 .rodata._ZL15luigi_init_hook
                0x00002cf0       0x10 gor_02.o
 .rodata.str1.1
                0x00002d00      0x22d gor_02.o
 *fill*         0x00002f2d        0x3 
 .rodata._ZL14luigi_init_evt
                0x00002f30       0x4c gor_02.o
 .rodata._ZL20tozokudan2_talk_hook
                0x00002f7c        0xc gor_02.o
 .rodata._ZL19tozokudan2_talk_evt
                0x00002f88      0x160 gor_02.o
 .rodata._ZL20tozokudan1_talk_hook
                0x000030e8        0xc gor_02.o
 .rodata._ZL19tozokudan1_talk_evt
                0x000030f4      0x160 gor_02.o
 .rodata._ZL20kurihakase_init_hook
                0x00003254       0x10 gor_02.o
 .rodata._ZL19kurihakase_init_evt
                0x00003264      0x294 gor_02.o
 .rodata._ZL19kurihakase_talk_evt
                0x000034f8      0x2cc gor_02.o
 .rodata._ZL22evt_door_02_open_hook2
                0x000037c4       0x10 gor_02.o
 .rodata._ZL21evt_door_02_open_evt2
                0x000037d4       0xc4 gor_02.o
 .rodata._ZL21evt_door_02_open_hook
                0x00003898       0x10 gor_02.o
 .rodata._ZL20evt_door_02_open_evt
                0x000038a8      0x184 gor_02.o
 .rodata._ZL21gor_02_init_evt2_hook
                0x00003a2c       0x10 gor_02.o
 .rodata._ZL16gor_02_init_evt2
                0x00003a3c       0xcc gor_02.o
 .rodata._ZL21gor_02_init_evt1_hook
                0x00003b08       0x10 gor_02.o
 .rodata._ZL16gor_02_init_evt1
                0x00003b18      0x138 gor_02.o
 .rodata._ZL16borodo2_talk_evt
                0x00003c50       0x20 gor_02.o
 .rodata._ZL16borodo1_talk_evt
                0x00003c70       0x20 gor_02.o
 .rodata._ZL15roten3_talk_evt
                0x00003c90       0x20 gor_02.o
 .rodata._ZL16chusan3_talk_evt
                0x00003cb0       0x20 gor_02.o
 .rodata._ZL16kuribo4_talk_evt
                0x00003cd0       0x20 gor_02.o
 .rodata._ZL20gor_03_init_evt_hook
                0x00003cf0       0x10 gor_03.o
 .rodata.str1.1
                0x00003d00      0x100 gor_03.o
 .rodata._ZL19gor_03_init_evt_evt
                0x00003e00      0x160 gor_03.o
 .rodata._ZL16maffia3_talk_evt
                0x00003f60       0x20 gor_03.o
 .rodata._ZL16maffia2_talk_evt
                0x00003f80      0x140 gor_03.o
 .rodata._ZL16maffia1_talk_evt
                0x000040c0      0x140 gor_03.o
 .rodata._ZL26maffiaboss_casino_talk_evt
                0x00004200       0x20 gor_03.o
 .rodata._ZL26maffiaboss_talk_common_evt
                0x00004220      0x120 gor_03.o
 .rodata.str1.1
                0x00004340        0x7 gor_misc.o
 *fill*         0x00004347        0x1 
 .rodata._ZL9party_evt
                0x00004348       0x9c gor_misc.o
 .rodata._ZL9goombella
                0x000043e4        0x9 gor_misc.o
 .rodata.str1.1
                0x000043ed       0x18 gra.o
 *fill*         0x00004405        0x3 
 .rodata._ZL17evt_machibuse_evt
                0x00004408       0x4c gra.o
 .rodata._ZL8doopliss
                0x00004454        0xb gra.o
 *fill*         0x0000445f        0x1 
 .rodata._ZL11stones_hook
                0x00004460       0x10 hei.o
 .rodata.str1.1
                0x00004470       0x21 hei.o
 *fill*         0x00004491        0x3 
 .rodata._ZL10stones_evt
                0x00004494       0xd8 hei.o
 .rodata._ZL13hei_party_evt
                0x0000456c       0x80 hei.o
 .rodata._ZL5koops
                0x000045ec        0xb hei.o
 *fill*         0x000045f7        0x1 
 .rodata._ZL20hom_00_init_evt_hook
                0x000045f8       0x10 hom.o
 .rodata.str1.1
                0x00004608       0x1f hom.o
 *fill*         0x00004627        0x1 
 .rodata._ZL19hom_00_init_evt_evt
                0x00004628       0x94 hom.o
 .rodata._ZL20jin_08_init_evt_hook
                0x000046bc        0x8 jin.o
 .rodata._ZL19jin_08_init_evt_evt
                0x000046c4       0x1c jin.o
 .rodata._ZL18tenkyugi_evt2_hook
                0x000046e0       0x10 las.o
 .rodata.str1.1
                0x000046f0       0x68 las.o
 .rodata._ZL17tenkyugi_evt2_evt
                0x00004758       0x2c las.o
 .rodata._ZL20las_10_init_evt_hook
                0x00004784       0x10 las.o
 .rodata._ZL19las_10_init_evt_evt
                0x00004794       0x40 las.o
 .rodata._ZL13stairs_revert
                0x000047d4      0x104 las.o
 .rodata._Z25ApplyItemDataTablePatchesv.str1.1
                0x000048d8       0xc2 main.o
 *fill*         0x0000499a        0x2 
 .rodata._ZL17main_buy_evt_hook
                0x0000499c       0x10 main.o
 .rodata._ZL16main_buy_evt_evt
                0x000049ac       0x50 main.o
 .rodata._ZL20mri_09_init_evt_hook
                0x000049fc       0x10 mri.o
 .rodata.str1.1
                0x00004a0c      0x181 mri.o
 *fill*         0x00004b8d        0x3 
 .rodata._ZL19mri_09_init_evt_evt
                0x00004b90      0x14c mri.o
 .rodata._ZL20mri_04_init_evt_hook
                0x00004cdc       0x10 mri.o
 .rodata._ZL19mri_04_init_evt_evt
                0x00004cec       0x30 mri.o
 .rodata._ZL16bero_custom_hook
                0x00004d1c       0x10 mri.o
 .rodata._ZL15bero_custom_evt
                0x00004d2c       0x44 mri.o
 .rodata._ZL21mri_01_init_evt_hook2
                0x00004d70       0x10 mri.o
 .rodata._ZL19mri_01_init_evt_evt
                0x00004d80       0x30 mri.o
 .rodata._ZL18puniinfo_talk_hook
                0x00004db0       0x10 mri.o
 .rodata._ZL20mri_03_init_evt_hook
                0x00004dc0       0x14 mri.o
 .rodata._ZL22mri_03_init_evt_switch
                0x00004dd4       0x9c mri.o
 .rodata._ZL20mri_01_init_evt_hook
                0x00004e70       0x14 mri.o
 .rodata._ZL22mri_01_init_evt_switch
                0x00004e84       0xb0 mri.o
 .rodata._ZL23mri_sister_init_01_hook
                0x00004f34       0x10 mri.o
 .rodata._ZL22mri_sister_init_01_evt
                0x00004f44       0xa8 mri.o
 .rodata._ZL16puni_2_init_hook
                0x00004fec       0x10 mri.o
 .rodata._ZL15puni_2_init_evt
                0x00004ffc       0x78 mri.o
 .rodata._ZL16puni_1_talk_hook
                0x00005074       0x10 mri.o
 .rodata._ZL15puni_1_talk_evt
                0x00005084       0xb0 mri.o
 .rodata._ZL16puni_1_init_hook
                0x00005134       0x10 mri.o
 .rodata._ZL15puni_1_init_evt
                0x00005144       0x78 mri.o
 .rodata._ZL15elder_talk_hook
                0x000051bc       0x10 mri.o
 .rodata._ZL14elder_talk_evt
                0x000051cc       0xb8 mri.o
 .rodata._ZL22mri_elder_init_01_hook
                0x00005284       0x10 mri.o
 .rodata._ZL21mri_elder_init_01_evt
                0x00005294       0xcc mri.o
 .rodata._ZL22mri_rival_init_01_hook
                0x00005360       0x10 mri.o
 .rodata._ZL21mri_rival_init_01_evt
                0x00005370       0xb8 mri.o
 .rodata._ZL18guide_init_01_hook
                0x00005428       0x10 mri.o
 .rodata._ZL17guide_init_01_evt
                0x00005438       0x8c mri.o
 .rodata._ZL15guide_talk_hook
                0x000054c4       0x10 mri.o
 .rodata._ZL14guide_talk_evt
                0x000054d4       0x98 mri.o
 .rodata._ZL18guide_init_00_hook
                0x0000556c       0x10 mri.o
 .rodata._ZL17guide_init_00_evt
                0x0000557c      0x150 mri.o
 .rodata._ZL19dokuroiwa_bomb_hook
                0x000056cc       0x10 muj.o
 .rodata.str1.1
                0x000056dc      0x396 muj.o
 *fill*         0x00005a72        0x2 
 .rodata._ZL18dokuroiwa_bomb_evt
                0x00005a74       0x34 muj.o
 .rodata._ZL14muj_party_hook
                0x00005aa8       0x10 muj.o
 .rodata._ZL13muj_party_evt
                0x00005ab8       0xac muj.o
 .rodata._ZL22peton_init_muj_01_hook
                0x00005b64       0x10 muj.o
 .rodata._ZL21peton_init_muj_01_evt
                0x00005b74       0x54 muj.o
 .rodata._ZL21mony_init_muj_01_hook
                0x00005bc8       0x10 muj.o
 .rodata._ZL20mony_init_muj_01_evt
                0x00005bd8       0x54 muj.o
 .rodata._ZL17koburon_dead_hook
                0x00005c2c       0x10 muj.o
 .rodata._ZL16koburon_dead_evt
                0x00005c3c      0x3bc muj.o
 .rodata._ZL20muj_01_init_evt_hook
                0x00005ff8       0x10 muj.o
 .rodata._ZL19muj_01_init_evt_evt
                0x00006008       0x50 muj.o
 .rodata._ZL21borosuifu_b_talk_hook
                0x00006058       0x10 muj.o
 .rodata._ZL20borosuifu_b_talk_evt
                0x00006068       0xf8 muj.o
 .rodata._ZL21borosuifu_a_talk_hook
                0x00006160       0x10 muj.o
 .rodata._ZL20borosuifu_a_talk_evt
                0x00006170       0xf8 muj.o
 .rodata._ZL24suifu_d_talk_muj_01_hook
                0x00006268       0x10 muj.o
 .rodata._ZL23suifu_d_talk_muj_01_evt
                0x00006278       0xf8 muj.o
 .rodata._ZL20suifu_bomb_talk_hook
                0x00006370       0x10 muj.o
 .rodata._ZL19suifu_bomb_talk_evt
                0x00006380       0xf4 muj.o
 .rodata._ZL20suifu_bomb_init_hook
                0x00006474       0x10 muj.o
 .rodata._ZL19suifu_bomb_init_evt
                0x00006484       0x30 muj.o
 .rodata._ZL24suifu_a_talk_muj_01_hook
                0x000064b4       0x10 muj.o
 .rodata._ZL23suifu_a_talk_muj_01_evt
                0x000064c4       0xf4 muj.o
 .rodata._ZL24suifu_a_init_muj_01_hook
                0x000065b8       0x10 muj.o
 .rodata._ZL23suifu_a_init_muj_01_evt
                0x000065c8       0x40 muj.o
 .rodata._ZL23odoodo_init_muj_01_hook
                0x00006608       0x10 muj.o
 .rodata._ZL22odoodo_init_muj_01_evt
                0x00006618       0x40 muj.o
 .rodata._ZL23megane_init_muj_01_hook
                0x00006658       0x10 muj.o
 .rodata._ZL22megane_init_muj_01_evt
                0x00006668       0x40 muj.o
 .rodata._ZL18marco_talk_coconut
                0x000066a8       0x10 muj.o
 .rodata._ZL22marco_init_muj_01_hook
                0x000066b8       0x10 muj.o
 .rodata._ZL21marco_init_muj_01_evt
                0x000066c8       0x9c muj.o
 .rodata._ZL25garawaru_talk_muj_01_hook
                0x00006764       0x10 muj.o
 .rodata._ZL24garawaru_talk_muj_01_evt
                0x00006774      0x4b4 muj.o
 .rodata._ZL25garawaru_init_muj_01_hook
                0x00006c28       0x10 muj.o
 .rodata._ZL24garawaru_init_muj_01_evt
                0x00006c38       0xd8 muj.o
 .rodata._ZL20muj_00_init_evt_hook
                0x00006d10       0x44 muj.o
 .rodata._ZL21muj_00_init_evt_evt_2
                0x00006d54       0x70 muj.o
 .rodata._ZL19muj_00_init_evt_evt
                0x00006dc4       0x40 muj.o
 .rodata._ZL22peton_talk_muj_00_hook
                0x00006e04       0x10 muj.o
 .rodata._ZL21peton_talk_muj_00_evt
                0x00006e14       0x8c muj.o
 .rodata._ZL21mony_talk_muj_00_hook
                0x00006ea0       0x10 muj.o
 .rodata._ZL20mony_talk_muj_00_evt
                0x00006eb0       0x8c muj.o
 .rodata._ZL5marco
                0x00006f3c        0x7 muj.o
 *fill*         0x00006f43        0x1 
 .rodata._ZL17nokorin_talk_hook
                0x00006f44       0x10 nok.o
 .rodata.str1.1
                0x00006f54      0x4b1 nok.o
 *fill*         0x00007405        0x3 
 .rodata._ZL16nokorin_talk_evt
                0x00007408      0x2f4 nok.o
 .rodata._ZL19boss_noko_talk_hook
                0x000076fc       0x10 nok.o
 .rodata._ZL18boss_noko_talk_evt
                0x0000770c      0x164 nok.o
 .rodata._ZL20nokonoko_K_talk_hook
                0x00007870       0x10 nok.o
 .rodata._ZL19nokonoko_K_talk_evt
                0x00007880       0xd4 nok.o
 .rodata._ZL18nokopapa_talk_hook
                0x00007954       0x10 nok.o
 .rodata._ZL17nokopapa_talk_evt
                0x00007964      0x128 nok.o
 .rodata._ZL16monban_talk_hook
                0x00007a8c       0x10 nok.o
 .rodata._ZL15monban_talk_evt
                0x00007a9c      0x11c nok.o
 .rodata._ZL20nokonoko_I_talk_hook
                0x00007bb8       0x10 nok.o
 .rodata._ZL19nokonoko_I_talk_evt
                0x00007bc8       0xd4 nok.o
 .rodata._ZL20nokonoko_H_talk_hook
                0x00007c9c       0x10 nok.o
 .rodata._ZL19nokonoko_H_talk_evt
                0x00007cac       0xfc nok.o
 .rodata._ZL20nokonoko_G_talk_hook
                0x00007da8       0x10 nok.o
 .rodata._ZL19nokonoko_G_talk_evt
                0x00007db8       0xd4 nok.o
 .rodata._ZL15talk_white_hook
                0x00007e8c       0x10 nok.o
 .rodata._ZL14talk_white_evt
                0x00007e9c       0xa4 nok.o
 .rodata._ZL15init_white_hook
                0x00007f40       0x10 nok.o
 .rodata._ZL14init_white_evt
                0x00007f50       0x44 nok.o
 .rodata._ZL20nokonoko_F_talk_hook
                0x00007f94       0x10 nok.o
 .rodata._ZL19nokonoko_F_talk_evt
                0x00007fa4       0xd4 nok.o
 .rodata._ZL20nokonoko_D_talk_hook
                0x00008078       0x10 nok.o
 .rodata._ZL19nokonoko_D_talk_evt
                0x00008088       0xfc nok.o
 .rodata._ZL20nokonoko_C_talk_hook
                0x00008184       0x10 nok.o
 .rodata._ZL19nokonoko_C_talk_evt
                0x00008194       0xd4 nok.o
 .rodata._ZL20nokonoko_B_talk_hook
                0x00008268       0x10 nok.o
 .rodata._ZL19nokonoko_B_talk_evt
                0x00008278       0xd4 nok.o
 .rodata._ZL20nokonoko_A_talk_hook
                0x0000834c       0x10 nok.o
 .rodata._ZL19nokonoko_A_talk_evt
                0x0000835c      0x10c nok.o
 .rodata._ZL16pik_00_init_hook
                0x00008468       0x10 pik.o
 .rodata.str1.1
                0x00008478      0x166 pik.o
 *fill*         0x000085de        0x2 
 .rodata._ZL19pik_00_init_evt_evt
                0x000085e0       0x58 pik.o
 .rodata._ZL31pik_talk_madam_ring_return_hook
                0x00008638       0x10 pik.o
 .rodata._ZL20talk_madam_ring_item
                0x00008648       0xb8 pik.o
 .rodata._ZL14evt_daiza_hook
                0x00008700       0x1c pik.o
 .rodata._ZL13evt_daiza_evt
                0x0000871c       0x5c pik.o
 .rodata._ZL18pik_evt_powan_hook
                0x00008778       0x28 pik.o
 .rodata._ZL17pik_evt_powan_evt
                0x000087a0       0x94 pik.o
 .rodata._ZL16takun6_talk_hook
                0x00008834       0x10 pik.o
 .rodata._ZL15takun6_talk_evt
                0x00008844       0x78 pik.o
 .rodata._ZL16takun5_talk_hook
                0x000088bc       0x10 pik.o
 .rodata._ZL15takun5_talk_evt
                0x000088cc       0x78 pik.o
 .rodata._ZL16takun4_talk_hook
                0x00008944       0x10 pik.o
 .rodata._ZL15takun4_talk_evt
                0x00008954       0xb4 pik.o
 .rodata._ZL18miyageya_talk_hook
                0x00008a08       0x28 pik.o
 .rodata._ZL17miyageya_talk_evt
                0x00008a30      0x114 pik.o
 .rodata._ZL6madam2
                0x00008b44        0x7 pik.o
 *fill*         0x00008b4b        0x1 
 .rodata._ZL28talk_madam_ring_return_hook2
                0x00008b4c       0x10 rsh.o
 .rodata.str1.1
                0x00008b5c      0x1b8 rsh.o
 .rodata._ZL20talk_madam_ring_item
                0x00008d14       0xbc rsh.o
 .rodata._ZL15talk_madam_hook
                0x00008dd0       0x10 rsh.o
 .rodata._ZL28talk_madam_ring_return_hook1
                0x00008de0       0x10 rsh.o
 .rodata._ZL26talk_madam_ring_return_evt
                0x00008df0       0x70 rsh.o
 .rodata._ZL16init_konari_hook
                0x00008e60       0x10 rsh.o
 .rodata._ZL14init_papa_hook
                0x00008e70       0x10 rsh.o
 .rodata._ZL15init_konari_evt
                0x00008e80       0x9c rsh.o
 .rodata._ZL15init_powan_hook
                0x00008f1c       0x10 rsh.o
 .rodata._ZL14init_powan_evt
                0x00008f2c       0xec rsh.o
 .rodata._ZL19talk_waitless_hook2
                0x00009018       0x10 rsh.o
 .rodata._ZL19talk_waitless_hook1
                0x00009028       0x10 rsh.o
 .rodata._ZL17talk_waitless_evt
                0x00009038       0x78 rsh.o
 .rodata._ZL21rsh_01_init_evt_hook2
                0x000090b0       0x10 rsh.o
 .rodata._ZL19rsh_01_init_evt_evt
                0x000090c0       0xd8 rsh.o
 .rodata._ZL20rsh_00_init_evt_hook
                0x00009198       0x10 rsh.o
 .rodata._ZL19rsh_00_init_evt_evt
                0x000091a8       0xb8 rsh.o
 .rodata._ZL20rsh_04_init_evt_hook
                0x00009260       0x10 rsh.o
 .rodata._ZL20rsh_03_init_evt_hook
                0x00009270       0x10 rsh.o
 .rodata._ZL20rsh_02_init_evt_hook
                0x00009280       0x10 rsh.o
 .rodata._ZL21rsh_01_init_evt_hook1
                0x00009290       0x10 rsh.o
 .rodata._ZL19rsh_04_init_evt_evt
                0x000092a0       0xc0 rsh.o
 .rodata._ZL26rsh_03_init_evt_music_hook
                0x00009360       0x10 rsh.o
 .rodata._ZL21rsh_03_init_evt_music
                0x00009370      0x1f8 rsh.o
 .rodata._ZL26rsh_02_init_evt_music_hook
                0x00009568       0x10 rsh.o
 .rodata._ZL21rsh_02_init_evt_music
                0x00009578      0x270 rsh.o
 .rodata._ZL26rsh_01_init_evt_music_hook
                0x000097e8       0x10 rsh.o
 .rodata._ZL21rsh_01_init_evt_music
                0x000097f8      0x1f8 rsh.o
 .rodata._ZL26rsh_00_init_evt_music_hook
                0x000099f0       0x10 rsh.o
 .rodata._ZL21rsh_00_init_evt_music
                0x00009a00      0x1f8 rsh.o
 .rodata._ZL26rsh_04_init_evt_music_hook
                0x00009bf8       0x10 rsh.o
 .rodata._ZL21rsh_04_init_evt_music
                0x00009c08      0x1f8 rsh.o
 .rodata._ZL20rsh_06_init_evt_hook
                0x00009e00       0x10 rsh.o
 .rodata._ZL19rsh_06_init_evt_evt
                0x00009e10      0x178 rsh.o
 .rodata._ZL6madam1
                0x00009f88        0x7 rsh.o
 .rodata.str1.1
                0x00009f8f      0x20a tik.o
 *fill*         0x0000a199        0x3 
 .rodata._ZL19tik_evt_majin2_item
                0x0000a19c       0xa8 tik.o
 .rodata._ZL21tik_05_init_evt_hook2
                0x0000a244       0x10 tik.o
 .rodata._ZL20tik_05_init_evt_evt2
                0x0000a254       0xa4 tik.o
 .rodata._ZL20tik_05_init_evt_hook
                0x0000a2f8       0x10 tik.o
 .rodata._ZL19tik_05_init_evt_evt
                0x0000a308       0x48 tik.o
 .rodata._ZL24tik_kurihakase_init_hook
                0x0000a350       0x10 tik.o
 .rodata._ZL23tik_kurihakase_init_evt
                0x0000a360       0x8c tik.o
 .rodata._ZL18master_2_talk_hook
                0x0000a3ec       0x10 tik.o
 .rodata._ZL17master_2_talk_evt
                0x0000a3fc      0x180 tik.o
 .rodata._ZL17borodo4_talk_hook
                0x0000a57c       0x10 tik.o
 .rodata._ZL16borodo4_talk_evt
                0x0000a58c      0x180 tik.o
 .rodata._ZL17borodo3_talk_hook
                0x0000a70c       0x10 tik.o
 .rodata._ZL16borodo3_talk_evt
                0x0000a71c      0x180 tik.o
 .rodata._ZL17chusan4_talk_hook
                0x0000a89c       0x10 tik.o
 .rodata._ZL16chusan4_talk_evt
                0x0000a8ac      0x180 tik.o
 .rodata._ZL17kuribo5_talk_hook
                0x0000aa2c       0x10 tik.o
 .rodata._ZL16kuribo5_talk_evt
                0x0000aa3c      0x180 tik.o
 .rodata._ZL16hotdog_item_hook
                0x0000abbc       0x10 tou.o
 .rodata.str1.1
                0x0000abcc       0x76 tou.o
 *fill*         0x0000ac42        0x2 
 .rodata._ZL11hotdog_item
                0x0000ac44       0xe8 tou.o
 .rodata._ZL18tou_party_evt_hook
                0x0000ad2c       0x10 tou.o
 .rodata._ZL13tou_party_evt
                0x0000ad3c       0x5c tou.o
 .rodata._ZL20tou_04_init_evt_hook
                0x0000ad98       0x10 tou.o
 .rodata._ZL19tou_04_init_evt_evt
                0x0000ada8       0x78 tou.o
 .rodata._ZL14yoshi_gswf_evt
                0x0000ae20       0x14 tou.o
 .rodata._ZL15jolene_egg_hook
                0x0000ae34       0x10 tou.o
 .rodata._ZL14jolene_egg_evt
                0x0000ae44      0x220 tou.o
 .rodata._ZL16talk_sakaba_hook
                0x0000b064       0x10 tou.o
 .rodata._ZL15talk_sakaba_evt
                0x0000b074       0x84 tou.o
 .rodata._ZL6jolene
                0x0000b0f8        0xb tou.o
 .rodata.str1.1
                0x0000b103      0x49e usu.o
 *fill*         0x0000b5a1        0x3 
 .rodata._ZL19usu_evt_majin2_item
                0x0000b5a4       0xa8 usu.o
 .rodata._ZL18usu_party_evt_hook
                0x0000b64c       0x10 usu.o
 .rodata._ZL13usu_party_evt
                0x0000b65c       0xc8 usu.o
 .rodata._ZL23village_chief_init_hook
                0x0000b724       0x10 usu.o
 .rodata._ZL22village_chief_init_evt
                0x0000b734       0x58 usu.o
 .rodata._ZL27village_chief_pig_init_hook
                0x0000b78c       0x10 usu.o
 .rodata._ZL26village_chief_pig_init_evt
                0x0000b79c       0x70 usu.o
 .rodata._ZL23village_chief_talk_hook
                0x0000b80c       0x10 usu.o
 .rodata._ZL22village_chief_talk_evt
                0x0000b81c      0x1c8 usu.o
 .rodata._ZL20gatekeeper_init_hook
                0x0000b9e4       0x10 usu.o
 .rodata._ZL19gatekeeper_init_evt
                0x0000b9f4       0x8c usu.o
 .rodata._ZL24gatekeeper_pig_init_hook
                0x0000ba80       0x10 usu.o
 .rodata._ZL23gatekeeper_pig_init_evt
                0x0000ba90       0x78 usu.o
 .rodata._ZL20gatekeeper_talk_hook
                0x0000bb08       0x10 usu.o
 .rodata._ZL19gatekeeper_talk_evt
                0x0000bb18      0x114 usu.o
 .rodata._ZL20usu_00_init_evt_hook
                0x0000bc2c       0x14 usu.o
 .rodata._ZL19usu_00_init_evt_evt
                0x0000bc40       0x5c usu.o
 .rodata._ZL20shop_woman_talk_hook
                0x0000bc9c       0x10 usu.o
 .rodata._ZL19shop_woman_talk_evt
                0x0000bcac       0x78 usu.o
 .rodata._ZL18shop_man_talk_hook
                0x0000bd24       0x10 usu.o
 .rodata._ZL17shop_man_talk_evt
                0x0000bd34       0x78 usu.o
 .rodata._ZL19villagerJ_talk_hook
                0x0000bdac       0x10 usu.o
 .rodata._ZL18villagerJ_talk_evt
                0x0000bdbc      0x104 usu.o
 .rodata._ZL19villagerI_talk_hook
                0x0000bec0       0x10 usu.o
 .rodata._ZL18villagerI_talk_evt
                0x0000bed0      0x104 usu.o
 .rodata._ZL19villagerH_talk_hook
                0x0000bfd4       0x10 usu.o
 .rodata._ZL18villagerH_talk_evt
                0x0000bfe4       0xd0 usu.o
 .rodata._ZL19villagerG_talk_hook
                0x0000c0b4       0x10 usu.o
 .rodata._ZL18villagerG_talk_evt
                0x0000c0c4       0xf0 usu.o
 .rodata._ZL19villagerF_talk_hook
                0x0000c1b4       0x10 usu.o
 .rodata._ZL18villagerF_talk_evt
                0x0000c1c4       0xf0 usu.o
 .rodata._ZL19villagerK_talk_hook
                0x0000c2b4       0x10 usu.o
 .rodata._ZL18villagerK_talk_evt
                0x0000c2c4      0x130 usu.o
 .rodata._ZL19villagerE_talk_hook
                0x0000c3f4       0x10 usu.o
 .rodata._ZL18villagerE_talk_evt
                0x0000c404      0x130 usu.o
 .rodata._ZL19villagerD_talk_hook
                0x0000c534       0x10 usu.o
 .rodata._ZL18villagerD_talk_evt
                0x0000c544      0x194 usu.o
 .rodata._ZL19villagerC_talk_hook
                0x0000c6d8       0x10 usu.o
 .rodata._ZL18villagerC_talk_evt
                0x0000c6e8       0xfc usu.o
 .rodata._ZL19villagerB_talk_hook
                0x0000c7e4       0x10 usu.o
 .rodata._ZL18villagerB_talk_evt
                0x0000c7f4       0xfc usu.o
 .rodata._ZL19villagerA_talk_hook
                0x0000c8f0       0x10 usu.o
 .rodata._ZL18villagerA_talk_evt
                0x0000c900      0x130 usu.o
 .rodata._ZL19villagerA_init_hook
                0x0000ca30       0x10 usu.o
 .rodata._ZL18villagerA_init_evt
                0x0000ca40       0x6c usu.o
 .rodata._ZL6vivian
                0x0000caac        0x9 usu.o
 *fill*         0x0000cab5        0x3 
 .rodata._ZL5mayor
                0x0000cab8        0x5 usu.o
 *fill*         0x0000cabd        0x3 
 .rodata._ZL9mayor_pig
                0x0000cac0        0x9 usu.o
 *fill*         0x0000cac9        0x3 
 .rodata._ZL8doopliss
                0x0000cacc        0xb usu.o
 *fill*         0x0000cad7        0x1 
 .rodata._ZL10gatekeeper
                0x0000cad8        0x5 usu.o
 *fill*         0x0000cadd        0x3 
 .rodata._ZL14gatekeeper_pig
                0x0000cae0        0x9 usu.o
 *fill*         0x0000cae9        0x3 
 .rodata._ZL12usuVillagerA
                0x0000caec        0x7 usu.o
 *fill*         0x0000caf3        0x1 
 .rodata._ZL14win_party_hook
                0x0000caf4       0x10 win.o
 .rodata.str1.1
                0x0000cb04       0x36 win.o
 *fill*         0x0000cb3a        0x2 
 .rodata._ZL13win_party_evt
                0x0000cb3c       0xf0 win.o
 .rodata._ZL20win_00_init_evt_hook
                0x0000cc2c       0x10 win.o
 .rodata._ZL19win_00_init_evt_evt
                0x0000cc3c       0x30 win.o
 .rodata._ZL17majorin_init_hook
                0x0000cc6c       0x10 win.o
 .rodata._ZL16majorin_init_evt
                0x0000cc7c       0x30 win.o
 .rodata._ZL17maririn_init_hook
                0x0000ccac       0x10 win.o
 .rodata._ZL16maririn_init_evt
                0x0000ccbc       0x30 win.o
 .rodata._ZL20win_vivian_init_hook
                0x0000ccec       0x10 win.o
 .rodata._ZL19win_vivian_init_evt
                0x0000ccfc       0x98 win.o
 .rodata._ZL7flurrie
                0x0000cd94        0x9 win.o
 *(.gnu.linkonce.r.*)

.rodata1
 *(.rodata1)

.sdata2         0x0000cd9d        0x0
                [!provide]                        PROVIDE (_SDA2_BASE_ = .)
 *(.sdata2)
 *(.sdata2.*)
 *(.gnu.linkonce.s2.*)

.sbss2
 *(.sbss2)
 *(.sbss2.*)
 *(.gnu.linkonce.sb2.*)
                0x0000cda0                        . = ALIGN (0x4)
                [!provide]                        PROVIDE (__preinit_array_start = .)

.preinit_array
 *(.preinit_array)
                [!provide]                        PROVIDE (__preinit_array_end = .)
                [!provide]                        PROVIDE (__init_array_start = .)

.init_array
 *(.init_array)
                [!provide]                        PROVIDE (__init_array_end = .)
                [!provide]                        PROVIDE (__fini_array_start = .)

.fini_array
 *(.fini_array)
                [!provide]                        PROVIDE (__fini_array_end = .)

.data           0x0000cda0      0x300
 *(.data)
 *(.data.*)
 .data._ZN3mod6common12kItemDataArrE
                0x0000cda0        0x4 common.o
                0x0000cda0                _ZN3mod6common12kItemDataArrE
 .data.errorTextPosY
                0x0000cda4        0x4 errorHandling.o
                0x0000cda4                errorTextPosY
 .data._ZL16gor_00_init_evt2
                0x0000cda8      0x2bc gor_00.o
 .data.shopWorkPtr
                0x0000d064        0x4 main.o
                0x0000d064                shopWorkPtr
 .data.goods    0x0000d068       0x28 main.o
                0x0000d068                goods
 *(.gnu.linkonce.d.*)
                0x0000d0a0                        . = ALIGN (0x20)
 *fill*         0x0000d090       0x10 

.data1
 *(.data1)

.tdata
 *(.tdata .tdata.* .gnu.linkonce.td.*)

.tbss
 *(.tbss .tbss.* .gnu.linkonce.tb.*)
 *(.tcommon)

.eh_frame       0x0000d0a0     0x19f0
 *(.eh_frame)
 .eh_frame      0x0000d0a0      0x27c OWR.o
 .eh_frame      0x0000d31c       0x28 StateManager.o
                                 0x3c (size before relaxing)
 .eh_frame      0x0000d344        0x0 common.o
                                 0xc8 (size before relaxing)
 .eh_frame      0x0000d344       0x68 con_mario.o
 .eh_frame      0x0000d3ac       0x68 con_perf.o
 .eh_frame      0x0000d414       0xa0 con_seq.o
 .eh_frame      0x0000d4b4      0x2ec console.o
                                0x310 (size before relaxing)
 .eh_frame      0x0000d7a0       0x64 cxx.o
                                 0x8c (size before relaxing)
 .eh_frame      0x0000d804      0x26c errorHandling.o
 .eh_frame      0x0000da70      0x130 gamePatches.o
 .eh_frame      0x0000dba0       0xa4 keyboard.o
                                 0xcc (size before relaxing)
 .eh_frame      0x0000dc44       0xfc mod.o
                                0x110 (size before relaxing)
 .eh_frame      0x0000dd40      0x114 patch.o
                                0x18c (size before relaxing)
 .eh_frame      0x0000de54       0x5c printf.o
 .eh_frame      0x0000deb0       0x7c rel.o
 .eh_frame      0x0000df2c       0x98 ug.o
 .eh_frame      0x0000dfc4       0xdc util.o
                                0x100 (size before relaxing)
 .eh_frame      0x0000e0a0       0x28 aaa.o
 .eh_frame      0x0000e0c8       0x94 aji.o
 .eh_frame      0x0000e15c       0x28 bom.o
 .eh_frame      0x0000e184       0x3c dou.o
 .eh_frame      0x0000e1c0       0x40 eki.o
 .eh_frame      0x0000e200       0x28 end.o
 .eh_frame      0x0000e228       0x40 gon.o
 .eh_frame      0x0000e268       0x74 gor_00.o
 .eh_frame      0x0000e2dc       0x48 gor_01.o
 .eh_frame      0x0000e324       0x50 gor_02.o
 .eh_frame      0x0000e374       0x50 gor_03.o
 .eh_frame      0x0000e3c4       0x34 gor_04.o
 .eh_frame      0x0000e3f8       0x54 gor_misc.o
 .eh_frame      0x0000e44c       0x40 gra.o
 .eh_frame      0x0000e48c       0x4c hei.o
 .eh_frame      0x0000e4d8       0x38 hom.o
 .eh_frame      0x0000e510       0x40 jin.o
 .eh_frame      0x0000e550       0x28 kpa.o
 .eh_frame      0x0000e578       0x50 las.o
 .eh_frame      0x0000e5c8       0xbc main.o
 .eh_frame      0x0000e684        0x0 moo.o
                                 0x28 (size before relaxing)
 .eh_frame      0x0000e684       0x68 mri.o
 .eh_frame      0x0000e6ec       0x90 muj.o
 .eh_frame      0x0000e77c       0x4c nok.o
 .eh_frame      0x0000e7c8       0x54 pik.o
 .eh_frame      0x0000e81c       0x6c rsh.o
 .eh_frame      0x0000e888       0xb8 tik.o
 .eh_frame      0x0000e940       0x6c tou.o
 .eh_frame      0x0000e9ac       0x28 tou2.o
 .eh_frame      0x0000e9d4       0x68 usu.o
 .eh_frame      0x0000ea3c       0x54 win.o

.gcc_except_table
 *(.gcc_except_table)

.fixup
 *(.fixup)

.got1
 *(.got1)

.got2
 *(.got2)

.dynamic
 *(.dynamic)

.ctors          0x0000ea90       0x30
 *crtbegin.o(.ctors)
 *(EXCLUDE_FILE(*crtend.o) .ctors)
 .ctors         0x0000ea90        0x4 OWR.o
 .ctors         0x0000ea94        0x4 con_mario.o
 .ctors         0x0000ea98        0x4 con_perf.o
 .ctors         0x0000ea9c        0x4 con_seq.o
 .ctors         0x0000eaa0        0x4 console.o
 .ctors         0x0000eaa4        0x4 errorHandling.o
 .ctors         0x0000eaa8        0x4 gor_00.o
 *(SORT_BY_NAME(.ctors.*))
 *(.ctors)
                0x0000eac0                        . = ALIGN (0x20)
 *fill*         0x0000eaac       0x14 

.dtors          0x0000eac0       0x20
 *crtbegin.o(.dtors)
 *(EXCLUDE_FILE(*crtend.o) .dtors)
 .dtors         0x0000eac0        0x4 errorHandling.o
 *(SORT_BY_NAME(.dtors.*))
 *(.dtors)
                0x0000eae0                        . = ALIGN (0x20)
 *fill*         0x0000eac4       0x1c 

.jcr
 *(.jcr)

.got
 *(.got.plt)
 *(.got)

.sdata          0x0000eae0        0x0
                [!provide]                        PROVIDE (_SDA_BASE_ = .)
 *(.sdata)
 *(.sdata.*)
 *(.gnu.linkonce.s.*)
                0x0000eae0                        . = ALIGN (0x20)
                0x0000eae0                        _edata = .
                [!provide]                        PROVIDE (edata = .)

.sbss           0x0000eae0        0x0
                0x0000eae0                        __sbss_start = .
                [!provide]                        PROVIDE (__sbss_start = .)
                [!provide]                        PROVIDE (___sbss_start = .)
 *(.dynsbss)
 *(.sbss)
 *(.sbss.*)
 *(.gnu.linkonce.sb.*)
 *(.scommon)
                [!provide]                        PROVIDE (__sbss_end = .)
                [!provide]                        PROVIDE (___sbss_end = .)
                0x0000eae0                        . = ALIGN (0x20)
                0x0000eae0                        __sbss_end = .

.bss            0x0000eae0      0x180
                0x0000eae0                        __bss_start = .
                [!provide]                        PROVIDE (__bss_start = .)
 *(.dynbss)
 *(.bss)
 *(.bss.*)
 .bss._ZN3mod3owr22g_msgSearch_trampolineE
                0x0000eae0        0x4 OWR.o
                0x0000eae0                _ZN3mod3owr22g_msgSearch_trampolineE
 .bss._ZN3mod3owr31g_evt_mario_set_pose_trampolineE
                0x0000eae4        0x4 OWR.o
                0x0000eae4                _ZN3mod3owr31g_evt_mario_set_pose_trampolineE
 .bss._ZN3mod3owr30g_partySetForceMove_trampolineE
                0x0000eae8        0x4 OWR.o
                0x0000eae8                _ZN3mod3owr30g_partySetForceMove_trampolineE
 .bss._ZN3mod3owr25g_pouchGetItem_trampolineE
                0x0000eaec        0x4 OWR.o
                0x0000eaec                _ZN3mod3owr25g_pouchGetItem_trampolineE
 .bss._ZN3mod3owr22g_seqSetSeq_trampolineE
                0x0000eaf0        0x4 OWR.o
                0x0000eaf0                _ZN3mod3owr22g_seqSetSeq_trampolineE
 .bss._ZN3mod3owr19g_OSLink_trampolineE
                0x0000eaf4        0x4 OWR.o
                0x0000eaf4                _ZN3mod3owr19g_OSLink_trampolineE
 .bss._ZN3mod3owr6gStateE
                0x0000eaf8        0x4 OWR.o
                0x0000eaf8                _ZN3mod3owr6gStateE
 .bss._ZN3mod3owr5gSelfE
                0x0000eafc        0x4 OWR.o
                0x0000eafc                _ZN3mod3owr5gSelfE
 .bss._ZN3mod3owr7item_dbE
                0x0000eb00        0x4 OWR.o
                0x0000eb00                _ZN3mod3owr7item_dbE
 .bss.gState    0x0000eb04        0x4 StateManager.o
                0x0000eb04                gState
 .bss._ZN3modL12mod_if_obj24E
                0x0000eb08        0x8 con_mario.o
 .bss._ZN3mod14mario_show_posE
                0x0000eb10       0x10 con_mario.o
                0x0000eb10                _ZN3mod14mario_show_posE
 .bss._ZN3mod13mario_set_posE
                0x0000eb20        0xc con_mario.o
                0x0000eb20                _ZN3mod13mario_set_posE
 .bss._ZN3modL12mod_if_obj51E
                0x0000eb2c        0x8 con_perf.o
 .bss._ZN3mod14mem_debug_heapE
                0x0000eb34       0x10 con_perf.o
                0x0000eb34                _ZN3mod14mem_debug_heapE
 .bss._ZN3mod15perf_fake_spikeE
                0x0000eb44        0xc con_perf.o
                0x0000eb44                _ZN3mod15perf_fake_spikeE
 .bss._ZN3mod14seq_change_mapE
                0x0000eb50        0xc con_seq.o
                0x0000eb50                _ZN3mod14seq_change_mapE
 .bss._ZN3modL12mod_if_obj16E
                0x0000eb5c        0x8 con_seq.o
 .bss._ZN3mod24gTrampoline_seq_logoMainE
                0x0000eb64        0x4 con_seq.o
                0x0000eb64                _ZN3mod24gTrampoline_seq_logoMainE
 .bss._ZN3mod13seq_logo_skipE
                0x0000eb68       0x10 con_seq.o
                0x0000eb68                _ZN3mod13seq_logo_skipE
 .bss._ZN3mod4findE
                0x0000eb78        0xc console.o
                0x0000eb78                _ZN3mod4findE
 .bss._ZN3mod11con_ug_chanE
                0x0000eb84       0x10 console.o
                0x0000eb84                _ZN3mod11con_ug_chanE
 .bss._ZN3mod11con_ug_modeE
                0x0000eb94       0x10 console.o
                0x0000eb94                _ZN3mod11con_ug_modeE
 .bss._ZN3mod21con_log_fade_durationE
                0x0000eba4       0x10 console.o
                0x0000eba4                _ZN3mod21con_log_fade_durationE
 .bss._ZN3mod18con_log_fade_startE
                0x0000ebb4       0x10 console.o
                0x0000ebb4                _ZN3mod18con_log_fade_startE
 .bss._ZN3mod12con_log_fadeE
                0x0000ebc4       0x10 console.o
                0x0000ebc4                _ZN3mod12con_log_fadeE
 .bss._ZN3mod13con_log_levelE
                0x0000ebd4       0x10 console.o
                0x0000ebd4                _ZN3mod13con_log_levelE
 .bss._ZN3mod11con_rainbowE
                0x0000ebe4       0x10 console.o
                0x0000ebe4                _ZN3mod11con_rainbowE
 .bss._ZN3mod8con_monoE
                0x0000ebf4       0x10 console.o
                0x0000ebf4                _ZN3mod8con_monoE
 .bss._ZN3mod8con_showE
                0x0000ec04       0x10 console.o
                0x0000ec04                _ZN3mod8con_showE
 .bss._ZN3mod8gConsoleE
                0x0000ec14        0x4 console.o
                0x0000ec14                _ZN3mod8gConsoleE
 .bss._ZN3mod9ConIntVar6sFirstE
                0x0000ec18        0x4 console.o
                0x0000ec18                _ZN3mod9ConIntVar6sFirstE
 .bss._ZN3mod10ConCommand6sFirstE
                0x0000ec1c        0x4 console.o
                0x0000ec1c                _ZN3mod10ConCommand6sFirstE
 .bss.g_animPoseMain_trampoline
                0x0000ec20        0x4 errorHandling.o
                0x0000ec20                g_animPoseMain_trampoline
 .bss.g_npcNameToPtr_trampoline
                0x0000ec24        0x4 errorHandling.o
                0x0000ec24                g_npcNameToPtr_trampoline
 .bss.heapCorruptionInfo
                0x0000ec28        0x8 errorHandling.o
                0x0000ec28                heapCorruptionInfo
 .bss.animPoseMainErrorInfo
                0x0000ec30        0x4 errorHandling.o
                0x0000ec30                animPoseMainErrorInfo
 .bss.npcNameToPtrErrorInfo
                0x0000ec34        0x4 errorHandling.o
                0x0000ec34                npcNameToPtrErrorInfo
 .bss._ZN3mod4gModE
                0x0000ec38        0x4 mod.o
                0x0000ec38                _ZN3mod4gModE
 .bss._ZN17ModUpdateFunction6sFirstE
                0x0000ec3c        0x4 mod.o
                0x0000ec3c                _ZN17ModUpdateFunction6sFirstE
 .bss._ZN15ModInitFunction6sFirstE
                0x0000ec40        0x4 mod.o
                0x0000ec40                _ZN15ModInitFunction6sFirstE
 *(.gnu.linkonce.b.*)
 *(COMMON)
                0x0000ec60                        . = ALIGN (0x20)
 *fill*         0x0000ec44       0x1c 
                [!provide]                        PROVIDE (__bss_end = .)
                0x0000ec60                        __bss_end = .
                0x0000ec60                        _end = .
                [!provide]                        PROVIDE (end = .)

.bss._ZZNK3mod14seq_change_mapMUlPKcE_clES2_E8beroName
                0x00000000       0x20
 .bss._ZZNK3mod14seq_change_mapMUlPKcE_clES2_E8beroName
                0x00000000       0x20 con_seq.o
                0x00000000                _ZZNK3mod14seq_change_mapMUlPKcE_clES1_E8beroName
                0x00000000                _ZZNK3mod14seq_change_mapMUlPKcE_clES2_E8beroName

.bss._ZZNK3mod14seq_change_mapMUlPKcE_clES2_E7mapName
                0x00000000       0x20
 .bss._ZZNK3mod14seq_change_mapMUlPKcE_clES2_E7mapName
                0x00000000       0x20 con_seq.o
                0x00000000                _ZZNK3mod14seq_change_mapMUlPKcE_clES2_E7mapName
                0x00000000                _ZZNK3mod14seq_change_mapMUlPKcE_clES1_E7mapName

.stab
 *(.stab)

.stabstr
 *(.stabstr)

.stab.excl
 *(.stab.excl)

.stab.exclstr
 *(.stab.exclstr)

.stab.index
 *(.stab.index)

.stab.indexstr
 *(.stab.indexstr)

.comment        0x00000000      0x6c0
 *(.comment)
 .comment       0x00000000       0x24 OWR.o
 .comment       0x00000024       0x24 StateManager.o
 .comment       0x00000048       0x24 common.o
 .comment       0x0000006c       0x24 con_mario.o
 .comment       0x00000090       0x24 con_perf.o
 .comment       0x000000b4       0x24 con_seq.o
 .comment       0x000000d8       0x24 console.o
 .comment       0x000000fc       0x24 cxx.o
 .comment       0x00000120       0x24 errorHandling.o
 .comment       0x00000144       0x24 gamePatches.o
 .comment       0x00000168       0x24 keyboard.o
 .comment       0x0000018c       0x24 mod.o
 .comment       0x000001b0       0x24 patch.o
 .comment       0x000001d4       0x24 printf.o
 .comment       0x000001f8       0x24 rel.o
 .comment       0x0000021c       0x24 ug.o
 .comment       0x00000240       0x24 util.o
 .comment       0x00000264       0x24 aaa.o
 .comment       0x00000288       0x24 aji.o
 .comment       0x000002ac       0x24 bom.o
 .comment       0x000002d0       0x24 dou.o
 .comment       0x000002f4       0x24 eki.o
 .comment       0x00000318       0x24 end.o
 .comment       0x0000033c       0x24 gon.o
 .comment       0x00000360       0x24 gor_00.o
 .comment       0x00000384       0x24 gor_01.o
 .comment       0x000003a8       0x24 gor_02.o
 .comment       0x000003cc       0x24 gor_03.o
 .comment       0x000003f0       0x24 gor_04.o
 .comment       0x00000414       0x24 gor_misc.o
 .comment       0x00000438       0x24 gra.o
 .comment       0x0000045c       0x24 hei.o
 .comment       0x00000480       0x24 hom.o
 .comment       0x000004a4       0x24 jin.o
 .comment       0x000004c8       0x24 kpa.o
 .comment       0x000004ec       0x24 las.o
 .comment       0x00000510       0x24 main.o
 .comment       0x00000534       0x24 moo.o
 .comment       0x00000558       0x24 mri.o
 .comment       0x0000057c       0x24 muj.o
 .comment       0x000005a0       0x24 nok.o
 .comment       0x000005c4       0x24 pik.o
 .comment       0x000005e8       0x24 rsh.o
 .comment       0x0000060c       0x24 tik.o
 .comment       0x00000630       0x24 tou.o
 .comment       0x00000654       0x24 tou2.o
 .comment       0x00000678       0x24 usu.o
 .comment       0x0000069c       0x24 win.o

.gnu.attributes
                0x00000000       0x10
 .gnu.attributes
                0x00000000       0x10 OWR.o
 .gnu.attributes
                0x00000010       0x10 common.o
 .gnu.attributes
                0x00000020       0x10 con_mario.o
 .gnu.attributes
                0x00000030       0x10 con_perf.o
 .gnu.attributes
                0x00000040       0x10 console.o
 .gnu.attributes
                0x00000050       0x10 errorHandling.o
 .gnu.attributes
                0x00000060       0x10 mod.o
 .gnu.attributes
                0x00000070       0x10 printf.o
 .gnu.attributes
                0x00000080       0x10 util.o

.group          0x00000000        0xc
 .group         0x00000000        0xc con_mario.o

.group          0x00000000        0xc
 .group         0x00000000        0xc con_perf.o

.group          0x00000000        0xc
 .group         0x00000000        0xc con_seq.o

.group          0x00000000        0x8
 .group         0x00000000        0x8 con_seq.o

.group          0x00000000        0x8
 .group         0x00000000        0x8 con_seq.o

.group          0x00000000        0xc
 .group         0x00000000        0xc console.o

.group          0x00000000        0xc
 .group         0x00000000        0xc errorHandling.o

.debug
 *(.debug)

.line
 *(.line)

.debug_srcinfo
 *(.debug_srcinfo)

.debug_sfnames
 *(.debug_sfnames)

.debug_aranges  0x00000000      0x9b8
 *(.debug_aranges)
 .debug_aranges
                0x00000000       0x98 OWR.o
 .debug_aranges
                0x00000098       0x28 StateManager.o
 .debug_aranges
                0x000000c0       0x60 common.o
 .debug_aranges
                0x00000120       0x30 con_mario.o
 .debug_aranges
                0x00000150       0x30 con_perf.o
 .debug_aranges
                0x00000180       0x38 con_seq.o
 .debug_aranges
                0x000001b8       0xa8 console.o
 .debug_aranges
                0x00000260       0x48 cxx.o
 .debug_aranges
                0x000002a8       0x98 errorHandling.o
 .debug_aranges
                0x00000340       0x50 gamePatches.o
 .debug_aranges
                0x00000390       0x40 keyboard.o
 .debug_aranges
                0x000003d0       0x58 mod.o
 .debug_aranges
                0x00000428       0x80 patch.o
 .debug_aranges
                0x000004a8       0x28 printf.o
 .debug_aranges
                0x000004d0       0x30 rel.o
 .debug_aranges
                0x00000500       0x38 ug.o
 .debug_aranges
                0x00000538       0x50 util.o
 .debug_aranges
                0x00000588       0x20 aaa.o
 .debug_aranges
                0x000005a8       0x28 aji.o
 .debug_aranges
                0x000005d0       0x20 bom.o
 .debug_aranges
                0x000005f0       0x20 dou.o
 .debug_aranges
                0x00000610       0x20 eki.o
 .debug_aranges
                0x00000630       0x20 end.o
 .debug_aranges
                0x00000650       0x20 gon.o
 .debug_aranges
                0x00000670       0x28 gor_00.o
 .debug_aranges
                0x00000698       0x20 gor_01.o
 .debug_aranges
                0x000006b8       0x20 gor_02.o
 .debug_aranges
                0x000006d8       0x20 gor_03.o
 .debug_aranges
                0x000006f8       0x20 gor_04.o
 .debug_aranges
                0x00000718       0x28 gor_misc.o
 .debug_aranges
                0x00000740       0x20 gra.o
 .debug_aranges
                0x00000760       0x20 hei.o
 .debug_aranges
                0x00000780       0x20 hom.o
 .debug_aranges
                0x000007a0       0x20 jin.o
 .debug_aranges
                0x000007c0       0x20 kpa.o
 .debug_aranges
                0x000007e0       0x20 las.o
 .debug_aranges
                0x00000800       0x40 main.o
 .debug_aranges
                0x00000840       0x20 moo.o
 .debug_aranges
                0x00000860       0x20 mri.o
 .debug_aranges
                0x00000880       0x28 muj.o
 .debug_aranges
                0x000008a8       0x20 nok.o
 .debug_aranges
                0x000008c8       0x20 pik.o
 .debug_aranges
                0x000008e8       0x20 rsh.o
 .debug_aranges
                0x00000908       0x30 tik.o
 .debug_aranges
                0x00000938       0x20 tou.o
 .debug_aranges
                0x00000958       0x20 tou2.o
 .debug_aranges
                0x00000978       0x20 usu.o
 .debug_aranges
                0x00000998       0x20 win.o

.debug_pubnames
 *(.debug_pubnames)

.debug_info     0x00000000    0x43e39
 *(.debug_info)
 .debug_info    0x00000000     0x66d9 OWR.o
 .debug_info    0x000066d9      0x3bd StateManager.o
 .debug_info    0x00006a96      0xf83 common.o
 .debug_info    0x00007a19     0x246d con_mario.o
 .debug_info    0x00009e86     0x2156 con_perf.o
 .debug_info    0x0000bfdc     0x2105 con_seq.o
 .debug_info    0x0000e0e1     0x3a79 console.o
 .debug_info    0x00011b5a      0x407 cxx.o
 .debug_info    0x00011f61     0x3b32 errorHandling.o
 .debug_info    0x00015a93     0x2c19 gamePatches.o
 .debug_info    0x000186ac      0xe4d keyboard.o
 .debug_info    0x000194f9     0x33da mod.o
 .debug_info    0x0001c8d3      0xe1b patch.o
 .debug_info    0x0001d6ee      0x580 printf.o
 .debug_info    0x0001dc6e      0x103 rel.o
 .debug_info    0x0001dd71      0x77f ug.o
 .debug_info    0x0001e4f0      0x9c5 util.o
 .debug_info    0x0001eeb5      0x304 aaa.o
 .debug_info    0x0001f1b9     0x1bad aji.o
 .debug_info    0x00020d66      0x41c bom.o
 .debug_info    0x00021182     0x1160 dou.o
 .debug_info    0x000222e2      0xbfb eki.o
 .debug_info    0x00022edd      0x2fa end.o
 .debug_info    0x000231d7     0x11fc gon.o
 .debug_info    0x000243d3     0x1fee gor_00.o
 .debug_info    0x000263c1     0x126b gor_01.o
 .debug_info    0x0002762c     0x18a9 gor_02.o
 .debug_info    0x00028ed5      0xc5a gor_03.o
 .debug_info    0x00029b2f      0x710 gor_04.o
 .debug_info    0x0002a23f     0x1154 gor_misc.o
 .debug_info    0x0002b393      0x862 gra.o
 .debug_info    0x0002bbf5     0x13ea hei.o
 .debug_info    0x0002cfdf      0x9f5 hom.o
 .debug_info    0x0002d9d4      0x4e5 jin.o
 .debug_info    0x0002deb9      0x340 kpa.o
 .debug_info    0x0002e1f9      0xdc8 las.o
 .debug_info    0x0002efc1     0x38cf main.o
 .debug_info    0x00032890      0x98a moo.o
 .debug_info    0x0003321a     0x1dc5 mri.o
 .debug_info    0x00034fdf     0x2c7a muj.o
 .debug_info    0x00037c59     0x15dd nok.o
 .debug_info    0x00039236     0x16d8 pik.o
 .debug_info    0x0003a90e     0x1e41 rsh.o
 .debug_info    0x0003c74f     0x249a tik.o
 .debug_info    0x0003ebe9     0x1bcf tou.o
 .debug_info    0x000407b8      0x41c tou2.o
 .debug_info    0x00040bd4     0x1eb1 usu.o
 .debug_info    0x00042a85     0x13b4 win.o

.debug_abbrev   0x00000000     0x877a
 *(.debug_abbrev)
 .debug_abbrev  0x00000000      0x7e4 OWR.o
 .debug_abbrev  0x000007e4      0x17e StateManager.o
 .debug_abbrev  0x00000962      0x217 common.o
 .debug_abbrev  0x00000b79      0x61b con_mario.o
 .debug_abbrev  0x00001194      0x66b con_perf.o
 .debug_abbrev  0x000017ff      0x68b con_seq.o
 .debug_abbrev  0x00001e8a      0x940 console.o
 .debug_abbrev  0x000027ca      0x1a8 cxx.o
 .debug_abbrev  0x00002972      0x79a errorHandling.o
 .debug_abbrev  0x0000310c      0x4a8 gamePatches.o
 .debug_abbrev  0x000035b4      0x32f keyboard.o
 .debug_abbrev  0x000038e3      0x74f mod.o
 .debug_abbrev  0x00004032      0x21e patch.o
 .debug_abbrev  0x00004250      0x1d5 printf.o
 .debug_abbrev  0x00004425       0xf0 rel.o
 .debug_abbrev  0x00004515      0x1bf ug.o
 .debug_abbrev  0x000046d4      0x21e util.o
 .debug_abbrev  0x000048f2       0xcc aaa.o
 .debug_abbrev  0x000049be      0x2a4 aji.o
 .debug_abbrev  0x00004c62       0xcc bom.o
 .debug_abbrev  0x00004d2e      0x1f2 dou.o
 .debug_abbrev  0x00004f20      0x1d6 eki.o
 .debug_abbrev  0x000050f6       0xcc end.o
 .debug_abbrev  0x000051c2      0x1e3 gon.o
 .debug_abbrev  0x000053a5      0x260 gor_00.o
 .debug_abbrev  0x00005605      0x21d gor_01.o
 .debug_abbrev  0x00005822      0x244 gor_02.o
 .debug_abbrev  0x00005a66      0x1e3 gor_03.o
 .debug_abbrev  0x00005c49      0x12e gor_04.o
 .debug_abbrev  0x00005d77      0x2a0 gor_misc.o
 .debug_abbrev  0x00006017      0x1c2 gra.o
 .debug_abbrev  0x000061d9      0x1ee hei.o
 .debug_abbrev  0x000063c7      0x1c1 hom.o
 .debug_abbrev  0x00006588      0x154 jin.o
 .debug_abbrev  0x000066dc       0xcc kpa.o
 .debug_abbrev  0x000067a8      0x1e3 las.o
 .debug_abbrev  0x0000698b      0x45f main.o
 .debug_abbrev  0x00006dea      0x1c5 moo.o
 .debug_abbrev  0x00006faf      0x229 mri.o
 .debug_abbrev  0x000071d8      0x338 muj.o
 .debug_abbrev  0x00007510      0x218 nok.o
 .debug_abbrev  0x00007728      0x217 pik.o
 .debug_abbrev  0x0000793f      0x215 rsh.o
 .debug_abbrev  0x00007b54      0x52f tik.o
 .debug_abbrev  0x00008083      0x227 tou.o
 .debug_abbrev  0x000082aa       0xcc tou2.o
 .debug_abbrev  0x00008376      0x215 usu.o
 .debug_abbrev  0x0000858b      0x1ef win.o

.debug_line     0x00000000    0x163bc
 *(.debug_line)
 .debug_line    0x00000000     0x11e2 OWR.o
 .debug_line    0x000011e2      0x1c2 StateManager.o
 .debug_line    0x000013a4      0x351 common.o
 .debug_line    0x000016f5      0x4a2 con_mario.o
 .debug_line    0x00001b97      0x5c0 con_perf.o
 .debug_line    0x00002157      0x52f con_seq.o
 .debug_line    0x00002686     0x131b console.o
 .debug_line    0x000039a1      0x1f6 cxx.o
 .debug_line    0x00003b97      0xd19 errorHandling.o
 .debug_line    0x000048b0      0x68a gamePatches.o
 .debug_line    0x00004f3a      0x4ae keyboard.o
 .debug_line    0x000053e8      0x6c8 mod.o
 .debug_line    0x00005ab0      0x41b patch.o
 .debug_line    0x00005ecb      0x24f printf.o
 .debug_line    0x0000611a      0x13d rel.o
 .debug_line    0x00006257      0x360 ug.o
 .debug_line    0x000065b7      0x40c util.o
 .debug_line    0x000069c3      0x205 aaa.o
 .debug_line    0x00006bc8      0xe79 aji.o
 .debug_line    0x00007a41      0x553 bom.o
 .debug_line    0x00007f94      0x61b dou.o
 .debug_line    0x000085af      0x507 eki.o
 .debug_line    0x00008ab6      0x1f5 end.o
 .debug_line    0x00008cab      0x666 gon.o
 .debug_line    0x00009311      0x89e gor_00.o
 .debug_line    0x00009baf      0x687 gor_01.o
 .debug_line    0x0000a236      0x685 gor_02.o
 .debug_line    0x0000a8bb      0x7bb gor_03.o
 .debug_line    0x0000b076      0x4aa gor_04.o
 .debug_line    0x0000b520      0x415 gor_misc.o
 .debug_line    0x0000b935      0x40e gra.o
 .debug_line    0x0000bd43      0x554 hei.o
 .debug_line    0x0000c297      0x3b4 hom.o
 .debug_line    0x0000c64b      0x5c2 jin.o
 .debug_line    0x0000cc0d      0x28e kpa.o
 .debug_line    0x0000ce9b      0x84c las.o
 .debug_line    0x0000d6e7      0xc4d main.o
 .debug_line    0x0000e334      0x2d8 moo.o
 .debug_line    0x0000e60c     0x1027 mri.o
 .debug_line    0x0000f633     0x113e muj.o
 .debug_line    0x00010771      0x59a nok.o
 .debug_line    0x00010d0b      0x862 pik.o
 .debug_line    0x0001156d     0x14fd rsh.o
 .debug_line    0x00012a6a      0xa61 tik.o
 .debug_line    0x000134cb     0x1781 tou.o
 .debug_line    0x00014c4c      0x583 tou2.o
 .debug_line    0x000151cf      0xc98 usu.o
 .debug_line    0x00015e67      0x555 win.o

.debug_frame
 *(.debug_frame)

.debug_str      0x00000000    0x47df7
 *(.debug_str)
 .debug_str     0x00000000     0x58ee OWR.o
 .debug_str     0x000058ee      0x3ab StateManager.o
 .debug_str     0x00005c99     0x13e4 common.o
 .debug_str     0x0000707d     0x1985 con_mario.o
 .debug_str     0x00008a02     0x159c con_perf.o
 .debug_str     0x00009f9e     0x16c0 con_seq.o
 .debug_str     0x0000b65e     0x19f9 console.o
 .debug_str     0x0000d057      0x35e cxx.o
 .debug_str     0x0000d3b5     0x209b errorHandling.o
 .debug_str     0x0000f450     0x23f5 gamePatches.o
 .debug_str     0x00011845      0x95f keyboard.o
 .debug_str     0x000121a4     0x226b mod.o
 .debug_str     0x0001440f      0x726 patch.o
 .debug_str     0x00014b35      0x468 printf.o
 .debug_str     0x00014f9d      0x191 rel.o
 .debug_str     0x0001512e      0x39b ug.o
 .debug_str     0x000154c9      0x654 util.o
 .debug_str     0x00015b1d      0x432 aaa.o
 .debug_str     0x00015f4f     0x2543 aji.o
 .debug_str     0x00018492      0x62f bom.o
 .debug_str     0x00018ac1     0x1cee dou.o
 .debug_str     0x0001a7af      0xfb0 eki.o
 .debug_str     0x0001b75f      0x42c end.o
 .debug_str     0x0001bb8b     0x1d77 gon.o
 .debug_str     0x0001d902     0x2a81 gor_00.o
 .debug_str     0x00020383     0x1ab9 gor_01.o
 .debug_str     0x00021e3c     0x24c3 gor_02.o
 .debug_str     0x000242ff      0xfb7 gor_03.o
 .debug_str     0x000252b6      0x5a3 gor_04.o
 .debug_str     0x00025859     0x1bdd gor_misc.o
 .debug_str     0x00027436      0x9cb gra.o
 .debug_str     0x00027e01     0x20bf hei.o
 .debug_str     0x00029ec0      0xcd2 hom.o
 .debug_str     0x0002ab92      0x66a jin.o
 .debug_str     0x0002b1fc      0x482 kpa.o
 .debug_str     0x0002b67e     0x1252 las.o
 .debug_str     0x0002c8d0     0x329e main.o
 .debug_str     0x0002fb6e      0xbba moo.o
 .debug_str     0x00030728     0x2998 mri.o
 .debug_str     0x000330c0     0x3f7c muj.o
 .debug_str     0x0003703c     0x1f01 nok.o
 .debug_str     0x00038f3d     0x209a pik.o
 .debug_str     0x0003afd7     0x2aa3 rsh.o
 .debug_str     0x0003da7a     0x2fba tik.o
 .debug_str     0x00040a34     0x2767 tou.o
 .debug_str     0x0004319b      0x60d tou2.o
 .debug_str     0x000437a8     0x28ba usu.o
 .debug_str     0x00046062     0x1d95 win.o

.debug_loc
 *(.debug_loc)

.debug_macinfo
 *(.debug_macinfo)

.debug_weaknames
 *(.debug_weaknames)

.debug_funcnames
 *(.debug_funcnames)

.debug_typenames
 *(.debug_typenames)

.debug_varnames
 *(.debug_varnames)
                0x00000000                        __isIPL = 0x0
                0x0002ec60                        __stack_addr = ((((__bss_start + SIZEOF (.bss)) + 0x20000) + 0x7) & 0xfffffffffffffff8)
                0x0000ec60                        __stack_end = (__bss_start + SIZEOF (.bss))
                0x00032c60                        __intrstack_addr = (__stack_addr + 0x4000)