
Discarded input sections

 .text          0x00000000        0x0 OWR.o
 .data          0x00000000        0x0 OWR.o
 .bss           0x00000000        0x0 OWR.o
 .bss._ZN3mod3owr25g_stg0_00_init_trampolineE
                0x00000000        0x4 OWR.o
 .bss._ZN3mod3owr22g_itemEntry_trampolineE
                0x00000000        0x4 OWR.o
 .text          0x00000000        0x0 StateManager.o
 .data          0x00000000        0x0 StateManager.o
 .bss           0x00000000        0x0 StateManager.o
 .text._ZN3mod3owr12StateManager4InitEv
                0x00000000       0x18 StateManager.o
 .text          0x00000000        0x0 common.o
 .data          0x00000000        0x0 common.o
 .bss           0x00000000        0x0 common.o
 .text._ZN3mod6common14GetCurrentAreaEv
                0x00000000       0x1c common.o
 .text._ZN3mod6common13GetCurrentMapEv
                0x00000000       0x1c common.o
 .text._ZN3mod6common11GetFilenameEv
                0x00000000       0x1c common.o
 .text._ZN3mod6common16GetStorySequenceEv
                0x00000000       0x20 common.o
 .text._ZN3mod6common14GetPitSequenceEv
                0x00000000       0x24 common.o
 .text._ZN3mod6common17GetSavedFlagValueEi
                0x00000000       0x40 common.o
 .text._ZN3mod6common21HasKeyItemInInventoryEs
                0x00000000       0x3c common.o
 .text._ZN3mod6common25GetBattleWindowDataOffsetEv
                0x00000000       0x1c common.o
 .text._ZN3mod6common21GetStatusWindowHeightEv
                0x00000000       0x24 common.o
 .data._ZN3mod6common29kUnknownStatusWindowStructPtrE
                0x00000000        0x4 common.o
 .data._ZN3mod6common10kBattlePtrE
                0x00000000        0x4 common.o
 .data._ZN3mod6common9kPouchPtrE
                0x00000000        0x4 common.o
 .data._ZN3mod6common12kSaveDataPtrE
                0x00000000        0x4 common.o
 .rodata._ZN3mod6common32kUltraHammerChestDespawnIdOffsetE
                0x00000000        0x4 common.o
 .rodata._ZN3mod6common27kObjectCollectionExprOffsetE
                0x00000000        0x4 common.o
 .rodata._ZN3mod6common27kObjectChestScriptPtrOffsetE
                0x00000000        0x4 common.o
 .rodata._ZN3mod6common33kMujModuleFlavioDesiredItemOffsetE
                0x00000000        0x4 common.o
 .rodata._ZN3mod6common36kJinModuleAtomicBooItemGswfSetOffsetE
                0x00000000        0x4 common.o
 .rodata._ZN3mod6common39kJinModuleAtomicBooItemObjectFlagOffsetE
                0x00000000        0x4 common.o
 .rodata._ZN3mod6common32kPitModuleCharlietonChanceOffsetE
                0x00000000        0x4 common.o
 .rodata._ZN3mod6common22kPitModuleNpcArrOffsetE
                0x00000000        0x4 common.o
 .rodata._ZN3mod6common23kSavedWordFlagBaseValueE
                0x00000000        0x4 common.o
 .data._ZN3mod6common20kPiantaParlorItemArrE
                0x00000000        0x4 common.o
 .data._ZN3mod6common21kPitCharlietonItemArrE
                0x00000000        0x4 common.o
 .data._ZN3mod6common12kHowzItemArrE
                0x00000000        0x4 common.o
 .data._ZN3mod6common18kCharlietonItemArrE
                0x00000000        0x4 common.o
 .data._ZN3mod6common14kDazzleItemArrE
                0x00000000        0x4 common.o
 .data._ZN3mod6common20kSuperguardFramesArrE
                0x00000000        0x4 common.o
 .data._ZN3mod6common15kGuardFramesArrE
                0x00000000        0x4 common.o
 .data._ZN3mod6common25kSuperChargePartnerParamsE
                0x00000000        0x4 common.o
 .data._ZN3mod6common18kSuperChargeParamsE
                0x00000000        0x4 common.o
 .data._ZN3mod6common19kPiercingBlowParamsE
                0x00000000        0x4 common.o
 .data._ZN3mod6common18kHammerThrowParamsE
                0x00000000        0x4 common.o
 .data._ZN3mod6common17kKoopaCurseParamsE
                0x00000000        0x4 common.o
 .data._ZN3mod6common15kTradeOffParamsE
                0x00000000        0x4 common.o
 .data._ZN3mod6common17kGulpRecoilParamsE
                0x00000000        0x4 common.o
 .data._ZN3mod6common24kUltraHammerRecoilParamsE
                0x00000000        0x4 common.o
 .data._ZN3mod6common24kSuperHammerRecoilParamsE
                0x00000000        0x4 common.o
 .data._ZN3mod6common8kNextMapE
                0x00000000        0x4 common.o
 .rodata.cst4   0x00000000        0x4 common.o
 .text          0x00000000        0x0 con_mario.o
 .data          0x00000000        0x0 con_mario.o
 .bss           0x00000000        0x0 con_mario.o
 .text          0x00000000        0x0 con_perf.o
 .data          0x00000000        0x0 con_perf.o
 .bss           0x00000000        0x0 con_perf.o
 .text          0x00000000        0x0 con_seq.o
 .data          0x00000000        0x0 con_seq.o
 .bss           0x00000000        0x0 con_seq.o
 .text          0x00000000        0x0 console.o
 .data          0x00000000        0x0 console.o
 .bss           0x00000000        0x0 console.o
[...]
Memory Configuration

Name             Origin             Length             Attributes
*default*        0x00000000         0xffffffff

Linker script and memory map

                0x80003100                        . = 0x80003100

.init
 *crt0.o(*.init)
 *(.init)

.plt
 *(.plt)

.interp
 *(.interp)

.hash
 *(.hash)

.dynsym
 *(.dynsym)

.dynstr
 *(.dynstr)

.gnu.version
 *(.gnu.version)

.gnu.version_d
 *(.gnu.version_d)

.gnu.version_r
 *(.gnu.version_r)

.rel.init
 *(.rel.init)

.rela.init
 *(.rela.init)

.rel.text
 *(.rel.text .rel.text.* .rel.gnu.linkonce.t.*)

.rela.text
 *(.rela.text .rela.text.* .rela.gnu.linkonce.t.*)

.rel.fini
 *(.rel.fini)

.rela.fini
 *(.rela.fini)

.rel.rodata
 *(.rel.rodata .rel.rodata.* .rel.gnu.linkonce.r.*)

.rela.rodata
 *(.rela.rodata .rela.rodata.* .rela.gnu.linkonce.r.*)

.rel.data
 *(.rel.data .rel.data.* .rel.gnu.linkonce.d.*)

.rela.data
 *(.rela.data .rela.data.* .rela.gnu.linkonce.d.*)

.rel.tdata
 *(.rel.tdata .rel.tdata.* .rel.gnu.linkonce.td.*)

.rela.tdata
 *(.rela.tdata .rela.tdata.* .rela.gnu.linkonce.td.*)

.rel.tbss
 *(.rel.tbss .rel.tbss.* .rel.gnu.linkonce.tb.*)

.rela.tbss
 *(.rela.tbss .rela.tbss.* .rela.gnu.linkonce.tb.*)

.rel.ctors
 *(.rel.ctors)

.rela.ctors
 *(.rela.ctors)

.rel.dtors
 *(.rel.dtors)

.rela.dtors
 *(.rela.dtors)

.rel.got
 *(.rel.got)

.rela.got
 *(.rela.got)

.rela.got1
 *(.rela.got1)

.rela.got2
 *(.rela.got2)

.rel.sdata
 *(.rel.sdata .rel.sdata.* .rel.gnu.linkonce.s.*)

.rela.sdata
 *(.rela.sdata .rela.sdata.* .rela.gnu.linkonce.s.*)

.rel.sbss
 *(.rel.sbss .rel.sbss.* .rel.gnu.linkonce.sb.*)

.rela.sbss
 *(.rela.sbss .rela.sbss.* .rel.gnu.linkonce.sb.*)

.rel.sdata2
 *(.rel.sdata2 .rel.sdata2.* .rel.gnu.linkonce.s2.*)

.rela.sdata2
 *(.rela.sdata2 .rela.sdata2.* .rela.gnu.linkonce.s2.*)

.rel.sbss2
 *(.rel.sbss2 .rel.sbss2.* .rel.gnu.linkonce.sb2.*)

.rela.sbss2
 *(.rela.sbss2 .rela.sbss2.* .rela.gnu.linkonce.sb2.*)

.rel.bss
 *(.rel.bss .rel.bss.* .rel.gnu.linkonce.b.*)

.rela.bss
 *(.rela.bss .rela.bss.* .rela.gnu.linkonce.b.*)

.rel.plt
 *(.rel.plt)

.rela.plt
 *(.rela.plt)

.text           0x80003100     0xcd00
 *(.text)
 .text          0x80003100        0x8 FixBlooperCrash1.o
                0x80003100                asmFixBlooperCrash1
 .text          0x80003108       0x14 FixBlooperCrash2.o
                0x80003108                asmFixBlooperCrash2
 .text          0x8000311c       0x10 PreventDiaryTextboxSelection.o
                0x8000311c                asmPreventDiaryTextboxSelection
 .text          0x8000312c      0x2c0 asm_main.o
                0x8000312c                bMapGXArrInject
                0x80003138                bMapGXArrInjectReturn
                0x8000313c                bMapGXArrIncrement
                0x80003144                bMapGXArrIncrementReturn
                0x80003148                bMapGXChSplit
                0x80003154                bMapGXChSplitReturn
                0x80003158                bWinLogArrInject
                0x80003164                bWinLogArrInjectReturn
                0x80003168                bWinLogArrIncrement
                0x80003170                bWinLogArrIncrementReturn
                0x80003174                bChapterClearCheck
                0x800031bc                bJohoyaSeqAddition
                0x800031f4                bPrintPartyAddErrorFix
                0x80003230                bPrintPartyAddErrorFixReturn
                0x80003234                bPrintPartyErrorFix
                0x80003270                bPrintPartyErrorFixReturn
                0x80003274                bKururingFloorCapture
                0x8000327c                bKururingFloorCaptureReturn
                0x80003280                bKururingFloorRelease
                0x80003288                bKururingFloorReleaseReturn
                0x8000328c                bPowerupblkCapture
                0x800032a4                bPowerupblkCaptureReturn
                0x800032a8                bPowerupblkRelease
                0x800032b0                bPowerupblkReleaseReturn
                0x800032b4                bPeachPointer
                0x8000330c                breakfastValueRestore
                0x8000332c                bPeachReturn
                0x80003330                win_log_mapGX_arr
 .text          0x800033ec       0x58 restfpr_x.o
                0x800033ec                _restfpr_14_x
                0x800033f0                _restfpr_15_x
                0x800033f4                _restfpr_16_x
                0x800033f8                _restfpr_17_x
                0x800033fc                _restfpr_18_x
                0x80003400                _restfpr_19_x
                0x80003404                _restfpr_20_x
                0x80003408                _restfpr_21_x
                0x8000340c                _restfpr_22_x
                0x80003410                _restfpr_23_x
                0x80003414                _restfpr_24_x
                0x80003418                _restfpr_25_x
                0x8000341c                _restfpr_26_x
                0x80003420                _restfpr_27_x
                0x80003424                _restfpr_28_x
                0x80003428                _restfpr_29_x
                0x8000342c                _restfpr_30_x
                0x80003430                _restfpr_31_x
 .text          0x80003444       0x58 restgpr_x.o
                0x80003444                _restgpr_14_x
                0x80003448                _restgpr_15_x
                0x8000344c                _restgpr_16_x
                0x80003450                _restgpr_17_x
                0x80003454                _restgpr_18_x
                0x80003458                _restgpr_19_x
                0x8000345c                _restgpr_20_x
                0x80003460                _restgpr_21_x
                0x80003464                _restgpr_22_x
                0x80003468                _restgpr_23_x
                0x8000346c                _restgpr_24_x
                0x80003470                _restgpr_25_x
                0x80003474                _restgpr_26_x
                0x80003478                _restgpr_27_x
                0x8000347c                _restgpr_28_x
                0x80003480                _restgpr_29_x
                0x80003484                _restgpr_30_x
                0x80003488                _restgpr_31_x
 *(.text.*)
 *fill*         0x8000349c        0x0 00000000
 .text._ZZN3mod3owr3OWR4InitEvENUliE_4_FUNEi
                0x8000349c      0x18c OWR.o
 .text._ZZN3mod3owr3OWR4InitEvENUlPKcE_4_FUNES3_
                0x80003628      0x380 OWR.o
 .text._ZZN3mod3owr3OWR4InitEvENUlN4ttyd6seqdrv8SeqIndexEPvS5_E_4_FUNES4_S5_S5_
                0x800039a8       0x88 OWR.o
 .text._ZN3mod3owr3OWRC2Ev
                0x80003a30        0x4 OWR.o
                0x80003a30                _ZN3mod3owr3OWRC1Ev
                0x80003a30                _ZN3mod3owr3OWRC2Ev
 .text._ZN3mod3owr3OWR12SequenceInitEv
                0x80003a34       0xc4 OWR.o
                0x80003a34                _ZN3mod3owr3OWR12SequenceInitEv
 .text._ZN3mod3owr13checkIfInGameEv
                0x80003af8       0x64 OWR.o
                0x80003af8                _ZN3mod3owr13checkIfInGameEv
 .text._ZN3mod3owr3OWR12HomewardWarpEv
                0x80003b5c       0x70 OWR.o
                0x80003b5c                _ZN3mod3owr3OWR12HomewardWarpEv
 .text._ZN3mod3owr3OWR12RecieveItemsEv
                0x80003bcc       0x5c OWR.o
                0x80003bcc                _ZN3mod3owr3OWR12RecieveItemsEv
 .text._ZN3mod3owr3OWR4InitEv
                0x80003c28      0x154 OWR.o
                0x80003c28                _ZN3mod3owr3OWR4InitEv
 .text._ZN3mod3owr3OWR6UpdateEv
                0x80003d7c       0x38 OWR.o
                0x80003d7c                _ZN3mod3owr3OWR6UpdateEv
 .text._ZN3mod3owr3OWR14OnModuleLoadedEP12OSModuleInfo
                0x80003db4       0x94 OWR.o
                0x80003db4                _ZN3mod3owr3OWR14OnModuleLoadedEP12OSModuleInfo
 .text._ZZN3mod3owr3OWR4InitEvENUlP12OSModuleInfoPvE_4_FUNES3_S4_
                0x80003e48       0x54 OWR.o
 .text._ZN3mod3owr3OWR10DrawStringEPKcffjf
                0x80003e9c       0xc8 OWR.o
                0x80003e9c                _ZN3mod3owr3OWR10DrawStringEPKcffjf
 .text.startup._GLOBAL__sub_I__ZN3mod3owr7item_dbE
                0x80003f64       0x14 OWR.o
 .text._ZN3mod3owr12StateManagerC2Ev
                0x80003f78       0x18 StateManager.o
                0x80003f78                _ZN3mod3owr12StateManagerC2Ev
                0x80003f78                _ZN3mod3owr12StateManagerC1Ev
 .text._ZN3modL13mod_if_func24Ev
                0x80003f90       0x54 con_mario.o
 .text.startup._GLOBAL__sub_I__ZN3mod13mario_set_posE
                0x80003fe4       0x88 con_mario.o
 .text._ZN3modL13mod_if_func51Ev
                0x8000406c      0x158 con_perf.o
 .text.startup._GLOBAL__sub_I__ZN3mod15perf_fake_spikeE
                0x800041c4       0x8c con_perf.o
 .text._ZN3modL13mod_if_func16Ev
                0x80004250       0x60 con_seq.o
 .text._ZZN3modL13mod_if_func16EvENUlPN4ttyd6seqdrv7SeqInfoEE_4_FUNES3_
                0x800042b0       0x34 con_seq.o
 .text.startup._GLOBAL__sub_I__ZN3mod13seq_logo_skipE
                0x800042e4       0x8c con_seq.o
 .text._ZN3mod13ConsoleSystem8logColorEPKcN2gc6color4E
                0x80004370      0x1e4 console.o
                0x80004370                _ZN3mod13ConsoleSystem8logColorEPKcN2gc6color4E
 .text._ZN3mod13ConsoleSystem7logInfoEPKcz
                0x80004554       0xac console.o
                0x80004554                _ZN3mod13ConsoleSystem7logInfoEPKcz
 .text._ZN3mod7CC_findEPKc
                0x80004600       0xe8 console.o
                0x80004600                _ZN3mod7CC_findEPKc
 .text._ZN3mod13ConsoleSystem10logWarningEPKcz
                0x800046e8       0xb0 console.o
                0x800046e8                _ZN3mod13ConsoleSystem10logWarningEPKcz
 .text._ZN3mod13ConsoleSystem8logErrorEPKcz
                0x80004798       0xb0 console.o
                0x80004798                _ZN3mod13ConsoleSystem8logErrorEPKcz
 .text._ZN3mod13ConsoleSystem7overlayEPKcz
                0x80004848       0xbc console.o
                0x80004848                _ZN3mod13ConsoleSystem7overlayEPKcz
 .text._ZN3mod13ConsoleSystem12setMonospaceEb
                0x80004904       0x24 console.o
                0x80004904                _ZN3mod13ConsoleSystem12setMonospaceEb
 .text._ZN3mod13ConsoleSystem4initEv
                0x80004928       0x14 console.o
                0x80004928                _ZN3mod13ConsoleSystem4initEv
 .text._ZN3mod13ConsoleSystem8drawLineEiPKcN2gc6color4E
                0x8000493c       0xa8 console.o
                0x8000493c                _ZN3mod13ConsoleSystem8drawLineEiPKcN2gc6color4E
 .text._ZN3mod13ConsoleSystem14processCommandEPKc
                0x800049e4      0x1e4 console.o
                0x800049e4                _ZN3mod13ConsoleSystem14processCommandEPKc
 .text._ZN3mod13ConsoleSystem12updatePromptEv
                0x80004bc8      0x2f0 console.o
                0x80004bc8                _ZN3mod13ConsoleSystem12updatePromptEv
 .text._ZN3mod13ConsoleSystem14updateUsbGeckoEv
                0x80004eb8      0x128 console.o
                0x80004eb8                _ZN3mod13ConsoleSystem14updateUsbGeckoEv
 .text._ZN3mod13ConsoleSystem6updateEv
                0x80004fe0       0x68 console.o
                0x80004fe0                _ZN3mod13ConsoleSystem6updateEv
 .text._ZN3mod13ConsoleSystem4dispEv
                0x80005048      0x368 console.o
                0x80005048                _ZN3mod13ConsoleSystem4dispEv
 .text._ZZN3mod13ConsoleSystem6updateEvENUlN4ttyd7dispdrv8CameraIdEPvE_4_FUNES3_S4_
                0x800053b0        0x8 console.o
 .text.startup._GLOBAL__sub_I__ZN3mod10ConCommand6sFirstE
                0x800053b8      0x17c console.o
 .text._Znwj    0x80005534        0xc cxx.o
                0x80005534                _Znwj
 .text._Znaj    0x80005540        0x4 cxx.o
                0x80005540                _Znaj
 .text._ZdlPv   0x80005544        0xc cxx.o
                0x80005544                _ZdlPv
 .text._ZdaPv   0x80005550        0x4 cxx.o
                0x80005550                _ZdaPv
 .text._ZL27checkIndividualStandardHeapPKN2gc2os9ChunkInfoE
                0x80005554       0x64 errorHandling.o
 .text._ZL24checkIndividualSmartHeapPKN4ttyd6memory19SmartAllocationDataE
                0x800055b8       0x64 errorHandling.o
 .text._ZL22checkIndividualMapHeapPKN4ttyd6memory13MapAllocEntryE
                0x8000561c       0x50 errorHandling.o
 .text._ZL21initStandardHeapErrorPKvib
                0x8000566c       0x94 errorHandling.o
 .text._ZL18initSmartHeapErrorPKvb
                0x80005700       0x8c errorHandling.o
 .text._ZL16initMapHeapErrorPKvtb
                0x8000578c       0xa4 errorHandling.o
 .text._ZN18HeapCorruptionInfo10drawBufferEv
                0x80005830       0x98 errorHandling.o
                0x80005830                _ZN18HeapCorruptionInfo10drawBufferEv
 .text._ZN21NpcNameToPtrErrorInfo16drawErrorMessageEv
                0x800058c8       0x9c errorHandling.o
                0x800058c8                _ZN21NpcNameToPtrErrorInfo16drawErrorMessageEv
 .text._ZN21AnimPoseMainErrorInfo16drawErrorMessageEv
                0x80005964       0x9c errorHandling.o
                0x80005964                _ZN21AnimPoseMainErrorInfo16drawErrorMessageEv
 .text._Z10checkHeapsv
                0x80005a00      0x110 errorHandling.o
                0x80005a00                _Z10checkHeapsv
 .text._Z17drawErrorMessagesv
                0x80005b10       0x74 errorHandling.o
                0x80005b10                _Z17drawErrorMessagesv
 .text._Z25checkForNpcNameToPtrErrorPKc
                0x80005b84       0x6c errorHandling.o
                0x80005b84                _Z25checkForNpcNameToPtrErrorPKc
 .text._Z24preventAnimPoseMainCrashi
                0x80005bf0       0x54 errorHandling.o
                0x80005bf0                _Z24preventAnimPoseMainCrashi
 .text.startup._GLOBAL__sub_I_npcNameToPtrErrorInfo
                0x80005c44       0x1c errorHandling.o
 .text.exit._GLOBAL__sub_D_npcNameToPtrErrorInfo
                0x80005c60       0x14 errorHandling.o
 .text._ZL22fixPouchInitMemoryLeakij
                0x80005c74       0x4c gamePatches.o
 .text._ZL12autoMashTextN2gc3pad5PadIdE
                0x80005cc0       0x48 gamePatches.o
 .text._ZL14fixMapProblemsv
                0x80005d08       0xe8 gamePatches.o
 .text.cFixBlooperCrash1
                0x80005df0       0x38 gamePatches.o
                0x80005df0                cFixBlooperCrash1
 .text.cPreventDiaryTextboxOptionSelection
                0x80005e28       0x58 gamePatches.o
                0x80005e28                cPreventDiaryTextboxOptionSelection
 .text._Z14applyGameFixesv
                0x80005e80       0x68 gamePatches.o
                0x80005e80                _Z14applyGameFixesv
 .text._Z23applyVariousGamePatchesv
                0x80005ee8       0xf0 gamePatches.o
                0x80005ee8                _Z23applyVariousGamePatchesv
 .text._ZN3mod8Keyboard7connectEv
                0x80005fd8       0x58 keyboard.o
                0x80005fd8                _ZN3mod8Keyboard7connectEv
 .text._ZN3mod8KeyboardC2Ei
                0x80006030       0x20 keyboard.o
                0x80006030                _ZN3mod8KeyboardC2Ei
                0x80006030                _ZN3mod8KeyboardC1Ei
 .text._ZN3mod8Keyboard10disconnectEv
                0x80006050       0x40 keyboard.o
                0x80006050                _ZN3mod8Keyboard10disconnectEv
 .text._ZN3mod8Keyboard6updateEv
                0x80006090      0x1d4 keyboard.o
                0x80006090                _ZN3mod8Keyboard6updateEv
 .text._ZZN3mod3Mod4initEvENUlvE0_4_FUNEv
                0x80006264        0x4 mod.o
 .text._ZZN3mod3Mod11updateEarlyEvENUlN4ttyd7dispdrv8CameraIdEPvE_4_FUNES3_S4_
                0x80006268        0x4 mod.o
 .text._ZN3mod3ModC2Ev
                0x8000626c       0x90 mod.o
                0x8000626c                _ZN3mod3ModC2Ev
                0x8000626c                _ZN3mod3ModC1Ev
 .text._ZN3mod3Mod4initEv
                0x800062fc      0x188 mod.o
                0x800062fc                _ZN3mod3Mod4initEv
 .text.startup._ZN3mod4mainEv
                0x80006484       0x38 mod.o
                0x80006484                _ZN3mod4mainEv
 .text._ZN3mod3Mod11updateEarlyEv
                0x800064bc       0x8c mod.o
                0x800064bc                _ZN3mod3Mod11updateEarlyEv
 .text._ZZN3mod3Mod4initEvENUlvE_4_FUNEv
                0x80006548        0xc mod.o
 .text._ZN3mod5patch17clear_DC_IC_CacheEPvj
                0x80006554       0x3c patch.o
                0x80006554                _ZN3mod5patch17clear_DC_IC_CacheEPvj
 .text._ZN3mod5patch14writeEvtBranchEPiPKib
                0x80006590       0x1c patch.o
                0x80006590                _ZN3mod5patch14writeEvtBranchEPiPKib
 .text._ZN3mod5patch15writeBranchMainEPvS1_j
                0x800065ac       0x18 patch.o
                0x800065ac                _ZN3mod5patch15writeBranchMainEPvS1_j
 .text._ZN3mod5patch11writeBranchEPvS1_
                0x800065c4        0x8 patch.o
                0x800065c4                _ZN3mod5patch11writeBranchEPvS1_
 .text._ZN3mod5patch13writeBranchBLEPvS1_
                0x800065cc        0xc patch.o
                0x800065cc                _ZN3mod5patch13writeBranchBLEPvS1_
 .text._ZN3mod5patch10writePatchEPvPKvj
                0x800065d8       0x5c patch.o
                0x800065d8                _ZN3mod5patch10writePatchEPvPKvj
 .text._ZN3mod5patch10writePatchEPvj
                0x80006634       0x2c patch.o
                0x80006634                _ZN3mod5patch10writePatchEPvj
 .text._ZN3mod5patch15writeBranchPairEPvS1_S1_
                0x80006660       0x3c patch.o
                0x80006660                _ZN3mod5patch15writeBranchPairEPvS1_S1_
 .text._ZN3mod5patch17writeIntWithCacheEPvj
                0x8000669c        0xc patch.o
                0x8000669c                _ZN3mod5patch17writeIntWithCacheEPvj
 .text.vsnprintf
                0x800066a8       0x70 printf.o
                0x800066a8                vsnprintf
 .text.snprintf
                0x80006718       0x7c printf.o
                0x80006718                snprintf
 .text._prolog  0x80006794       0x5c rel.o
                0x80006794                _prolog
 .text._epilog  0x800067f0       0x4c rel.o
                0x800067f0                _epilog
 .text._unresolved
                0x8000683c        0x4 rel.o
                0x8000683c                _unresolved
 .text._ZN3modL10ugTransferEiPvib
                0x80006840      0x124 ug.o
 .text._ZN3mod7ugProbeEi
                0x80006964       0xf8 ug.o
                0x80006964                _ZN3mod7ugProbeEi
 .text._ZN3mod6ugSendEiPKvi
                0x80006a5c        0x8 ug.o
                0x80006a5c                _ZN3mod6ugSendEiPKvi
 .text._ZN3mod6ugRecvEiPvi
                0x80006a64        0x8 ug.o
                0x80006a64                _ZN3mod6ugRecvEiPvi
 .text.strstr   0x80006a6c       0x90 util.o
                0x80006a6c                strstr
 .text._ZN3mod4util16checkButtonComboEj
                0x80006afc       0x4c util.o
                0x80006afc                _ZN3mod4util16checkButtonComboEj
 .text._ZN3mod4util26checkButtonComboEveryFrameEj
                0x80006b48       0x34 util.o
                0x80006b48                _ZN3mod4util26checkButtonComboEveryFrameEj
 .text._ZN3mod4util10ptrIsValidEPv
                0x80006b7c       0x30 util.o
                0x80006b7c                _ZN3mod4util10ptrIsValidEPv
 .text._ZN3mod4util10intToFloatEi
                0x80006bac       0x30 util.o
                0x80006bac                _ZN3mod4util10intToFloatEi
 .text._ZN3mod4util25getTextMultilineIncrementEPKcfj
                0x80006bdc       0x4c util.o
                0x80006bdc                _ZN3mod4util25getTextMultilineIncrementEPKcfj
 .text._Z15ApplyAaaPatchesv
                0x80006c28       0x50 aaa.o
                0x80006c28                _Z15ApplyAaaPatchesv
 .text._Z15ApplyAjiPatchesv
                0x80006c78      0x83c aji.o
                0x80006c78                _Z15ApplyAjiPatchesv
 .text._Z15ApplyBomPatchesv
                0x800074b4      0x300 bom.o
                0x800074b4                _Z15ApplyBomPatchesv
 .text._Z15ApplyDouPatchesv
                0x800077b4      0x2f0 dou.o
                0x800077b4                _Z15ApplyDouPatchesv
 .text._Z15ApplyEkiPatchesv
                0x80007aa4      0x254 eki.o
                0x80007aa4                _Z15ApplyEkiPatchesv
 .text._Z15ApplyEndPatchesv
                0x80007cf8       0x30 end.o
                0x80007cf8                _Z15ApplyEndPatchesv
 .text._Z15ApplyGonPatchesv
                0x80007d28      0x340 gon.o
                0x80007d28                _Z15ApplyGonPatchesv
 .text._Z17ApplyGor00Patchesv
                0x80008068      0x5b0 gor_00.o
                0x80008068                _Z17ApplyGor00Patchesv
 .text.startup._GLOBAL__sub_I__Z17ApplyGor00Patchesv
                0x80008618       0x14 gor_00.o
 .text._Z17ApplyGor01Patchesv
                0x8000862c      0x400 gor_01.o
                0x8000862c                _Z17ApplyGor01Patchesv
 .text._Z17ApplyGor02Patchesv
                0x80008a2c      0x400 gor_02.o
                0x80008a2c                _Z17ApplyGor02Patchesv
 .text._Z17ApplyGor03Patchesv
                0x80008e2c      0x47c gor_03.o
                0x80008e2c                _Z17ApplyGor03Patchesv
 .text._Z17ApplyGor04Patchesv
                0x800092a8      0x1d8 gor_04.o
                0x800092a8                _Z17ApplyGor04Patchesv
 .text._Z19ApplyGorMiscPatchesv
                0x80009480      0x14c gor_misc.o
                0x80009480                _Z19ApplyGorMiscPatchesv
 .text._Z15ApplyGorPatchesv
                0x800095cc       0x30 gor_misc.o
                0x800095cc                _Z15ApplyGorPatchesv
 .text._Z15ApplyGraPatchesv
                0x800095fc      0x200 gra.o
                0x800095fc                _Z15ApplyGraPatchesv
 .text._Z15ApplyHeiPatchesv
                0x800097fc      0x294 hei.o
                0x800097fc                _Z15ApplyHeiPatchesv
 .text._Z15ApplyHomPatchesv
                0x80009a90      0x140 hom.o
                0x80009a90                _Z15ApplyHomPatchesv
 .text._Z15ApplyJinPatchesv
                0x80009bd0      0x2fc jin.o
                0x80009bd0                _Z15ApplyJinPatchesv
 .text._Z15ApplyKpaPatchesv
                0x80009ecc       0xd0 kpa.o
                0x80009ecc                _Z15ApplyKpaPatchesv
 .text._Z24ApplyMainAssemblyPatchesv
                0x80009f9c      0x8e8 main.o
                0x80009f9c                _Z24ApplyMainAssemblyPatchesv
 .text._Z22ApplyMainScriptPatchesv
                0x8000a884      0x1d4 main.o
                0x8000a884                _Z22ApplyMainScriptPatchesv
 .text._Z25ApplyItemDataTablePatchesv
                0x8000aa58      0x15c main.o
                0x8000aa58                _Z25ApplyItemDataTablePatchesv
 .text._Z15ApplyMriPatchesv
                0x8000abb4      0xbbc mri.o
                0x8000abb4                _Z15ApplyMriPatchesv
 .text._Z15ApplyMujPatchesv
                0x8000b770      0xa2c muj.o
                0x8000b770                _Z15ApplyMujPatchesv
 .text._Z15ApplyNokPatchesv
                0x8000c19c      0x36c nok.o
                0x8000c19c                _Z15ApplyNokPatchesv
 .text._Z15ApplyPikPatchesv
                0x8000c508      0x51c pik.o
                0x8000c508                _Z15ApplyPikPatchesv
 .text._Z15ApplyRshPatchesv
                0x8000ca24      0xe20 rsh.o
                0x8000ca24                _Z15ApplyRshPatchesv
 .text._Z24checkChapterRequirementsPN4ttyd6evtmgr8EvtEntryEb
                0x8000d844       0x7c tik.o
                0x8000d844                _Z24checkChapterRequirementsPN4ttyd6evtmgr8EvtEntryEb
 .text._Z18checkChapterClearsPN4ttyd6evtmgr8EvtEntryEb
                0x8000d8c0       0x5c tik.o
                0x8000d8c0                _Z18checkChapterClearsPN4ttyd6evtmgr8EvtEntryEb
 .text._Z15ApplyTikPatchesv
                0x8000d91c      0x578 tik.o
                0x8000d91c                _Z15ApplyTikPatchesv
 .text._Z15ApplyTouPatchesv
                0x8000de94     0x10a8 tou.o
                0x8000de94                _Z15ApplyTouPatchesv
 .text._Z16ApplyTou2Patchesv
                0x8000ef3c      0x34c tou2.o
                0x8000ef3c                _Z16ApplyTou2Patchesv
 .text._Z15ApplyUsuPatchesv
                0x8000f288      0x88c usu.o
                0x8000f288                _Z15ApplyUsuPatchesv
 .text._Z15ApplyWinPatchesv
                0x8000fb14      0x2e4 win.o
                0x8000fb14                _Z15ApplyWinPatchesv
 *(.gnu.warning)
 *(.gnu.linkonce.t.*)
                0x8000fe00                        . = ALIGN (0x20)
 *fill*         0x8000fdf8        0x8 00000000

.text._ZN3mod13mario_set_posMUlPKcE_4_FUNES2_
                0x00000000       0x5c
 .text._ZN3mod13mario_set_posMUlPKcE_4_FUNES2_
                0x00000000       0x5c con_mario.o
                0x00000000                _ZN3mod13mario_set_posMUlPKcE_4_FUNES2_
                0x00000000                _ZN3mod13mario_set_posMUlPKcE_4_FUNES1_

.text._ZN3mod15perf_fake_spikeMUlPKcE_4_FUNES2_
                0x00000000       0x7c
 .text._ZN3mod15perf_fake_spikeMUlPKcE_4_FUNES2_
                0x00000000       0x7c con_perf.o
                0x00000000                _ZN3mod15perf_fake_spikeMUlPKcE_4_FUNES1_
                0x00000000                _ZN3mod15perf_fake_spikeMUlPKcE_4_FUNES2_

.text._ZN3mod14seq_change_mapMUlPKcE_4_FUNES2_
                0x00000000       0xc4
 .text._ZN3mod14seq_change_mapMUlPKcE_4_FUNES2_
                0x00000000       0xc4 con_seq.o
                0x00000000                _ZN3mod14seq_change_mapMUlPKcE_4_FUNES2_
                0x00000000                _ZN3mod14seq_change_mapMUlPKcE_4_FUNES1_

.text._ZN3mod8con_monoMUlPNS_9ConIntVarEiE_4_FUNES2_i
                0x00000000       0x18
 .text._ZN3mod8con_monoMUlPNS_9ConIntVarEiE_4_FUNES2_i
                0x00000000       0x18 console.o
                0x00000000                _ZN3mod8con_monoMUlPNS_9ConIntVarEiE_4_FUNES1_i
                0x00000000                _ZN3mod8con_monoMUlPNS_9ConIntVarEiE_4_FUNES2_i

.text._ZN18HeapCorruptionInfo10initBufferEv
                0x00000000       0x34
 .text._ZN18HeapCorruptionInfo10initBufferEv
                0x00000000       0x34 errorHandling.o
                0x00000000                _ZN18HeapCorruptionInfo10initBufferEv

.fini           0x00000034        0xc
 *(.fini)
                0x00000040                        . = ALIGN (0x20)
 *fill*         0x00000034        0xc 00000000
                [!provide]                        PROVIDE (__etext = .)
                [!provide]                        PROVIDE (_etext = .)
                [!provide]                        PROVIDE (etext = .)

.rodata         0x00000040     0xc445
 *(.rodata)
 *(.rodata.*)
 .rodata._ZZN3mod3owr3OWR4InitEvENUliE_4_FUNEi
                0x00000040       0x10 OWR.o
 .rodata._ZZN3mod3owr3OWR4InitEvENUlPKcE_4_FUNES3_.str1.1
                0x00000050      0x280 OWR.o
 .rodata._ZZN3mod3owr3OWR4InitEvENUlN4ttyd6seqdrv8SeqIndexEPvS5_E_4_FUNES4_S5_S5_.str1.1
                0x000002d0        0xe OWR.o
 *fill*         0x000002de        0x2 
 .rodata._ZN3mod3owr3OWR14OnModuleLoadedEP12OSModuleInfo
                0x000002e0       0x70 OWR.o
 .rodata._ZL8GSWF_ARR
                0x00000350       0x1c OWR.o
 .rodata.cst4   0x0000036c        0x4 OWR.o
 .rodata._ZN3mod13mario_set_posMUlPKcE_4_FUNES2_.str1.1
                0x00000370        0x9 con_mario.o
 .rodata._ZN3modL13mod_if_func24Ev.str1.1
                0x00000379       0x20 con_mario.o
 .rodata._GLOBAL__sub_I__ZN3mod13mario_set_posE.str1.1
                0x00000399       0x1d con_mario.o
 .rodata._ZN3modL13mod_if_func51Ev.str1.1
                0x000003b6       0x5b con_perf.o
 .rodata._ZN3mod15perf_fake_spikeMUlPKcE_4_FUNES2_.str1.1
                0x00000411        0x3 con_perf.o
 .rodata._GLOBAL__sub_I__ZN3mod15perf_fake_spikeE.str1.1
                0x00000414       0x1f con_perf.o
 *fill*         0x00000433        0x1 
 .rodata.cst4   0x00000434        0xc con_perf.o
 .rodata._ZN3mod14seq_change_mapMUlPKcE_4_FUNES2_.str1.1
                0x00000440       0x1e con_seq.o
 .rodata._GLOBAL__sub_I__ZN3mod13seq_logo_skipE.str1.1
                0x0000045e       0x1d con_seq.o
 .rodata._ZN3mod13ConsoleSystem8logColorEPKcN2gc6color4E.str1.1
                0x0000047b       0x80 console.o
 .rodata._ZN3mod7CC_findEPKc.str1.1
                0x000004fb       0x1d console.o
 .rodata._ZN3mod13ConsoleSystem14processCommandEPKc.str1.1
                0x00000518       0x28 console.o
 .rodata._ZN3mod13ConsoleSystem14updateUsbGeckoEv.str1.1
                0x00000540       0x74 console.o
 .rodata._ZN3mod13ConsoleSystem4dispEv.str1.1
                0x000005b4       0x16 console.o
 .rodata._GLOBAL__sub_I__ZN3mod10ConCommand6sFirstE.str1.1
                0x000005ca       0x7f console.o
 .rodata._ZZN3mod13ConsoleSystem4dispEvE12kPromptColor
                0x00000649        0x4 console.o
 *fill*         0x0000064d        0x3 
 .rodata.cst4   0x00000650        0x8 console.o
 .rodata._ZL21initStandardHeapErrorPKvib.str1.1
                0x00000658       0x30 errorHandling.o
 .rodata._ZL18initSmartHeapErrorPKvb.str1.1
                0x00000688       0x23 errorHandling.o
 .rodata._ZL16initMapHeapErrorPKvtb.str1.1
                0x000006ab       0x2b errorHandling.o
 .rodata._ZN21NpcNameToPtrErrorInfo16drawErrorMessageEv.str1.1
                0x000006d6       0x1f errorHandling.o
 .rodata._ZN21AnimPoseMainErrorInfo16drawErrorMessageEv.str1.1
                0x000006f5       0x1f errorHandling.o
 .rodata.cst4   0x00000714       0x10 errorHandling.o
 .rodata._ZL14fixMapProblemsv.str1.1
                0x00000724       0x1e gamePatches.o
 .rodata.cPreventDiaryTextboxOptionSelection.str1.1
                0x00000742       0x19 gamePatches.o
 *fill*         0x0000075b        0x1 
 .rodata.cst4   0x0000075c        0x4 mod.o
 .rodata.cst4   0x00000760        0x8 util.o
 .rodata._ZL20aji_17_init_evt_hook
                0x00000768       0x10 aji.o
 .rodata._ZL19aji_17_init_evt_evt
                0x00000778       0x4c aji.o
 .rodata._ZL20aji_10_init_evt_hook
                0x000007c4       0x10 aji.o
 .rodata.str1.1
                0x000007d4       0x37 aji.o
 *fill*         0x0000080b        0x1 
 .rodata._ZL19aji_10_init_evt_evt
                0x0000080c      0x288 aji.o
 .rodata._ZL18teshita3_init_hook
                0x00000a94       0x10 aji.o
 .rodata._ZL17teshita3_init_evt
                0x00000aa4       0xc0 aji.o
 .rodata._ZL18teshita2_init_hook
                0x00000b64       0x10 aji.o
 .rodata._ZL17teshita2_init_evt
                0x00000b74       0xc0 aji.o
 .rodata._ZL20peach_evt_ele_2_hook
                0x00000c34       0x24 aji.o
 .rodata._ZL19peach_evt_ele_2_evt
                0x00000c58       0x6c aji.o
 .rodata._ZL20aji_00_init_evt_hook
                0x00000cc4       0x10 aji.o
 .rodata._ZL19aji_00_init_evt_evt
                0x00000cd4       0x5c aji.o
 .rodata._ZL4npc4
                0x00000d30       0x13 aji.o
 *fill*         0x00000d43        0x1 
 .rodata._ZL4npc3
                0x00000d44        0x7 aji.o
 *fill*         0x00000d4b        0x1 
 .rodata._ZL4npc2
                0x00000d4c        0xf aji.o
 *fill*         0x00000d5b        0x1 
 .rodata._ZL4npc1
                0x00000d5c        0x7 aji.o
 .rodata.str1.1
                0x00000d63       0x12 dou.o
 *fill*         0x00000d75        0x3 
 .rodata._ZL20peramajin_after_item
                0x00000d78       0x9c dou.o
 .rodata._ZL12evt_elv_hook
                0x00000e14       0x28 eki.o
 .rodata.str1.1
                0x00000e3c       0x2f eki.o
 *fill*         0x00000e6b        0x1 
 .rodata._ZL11evt_elv_evt
                0x00000e6c      0x104 eki.o
 .rodata.str1.1
                0x00000f70        0xb gon.o
 *fill*         0x00000f7b        0x1 
 .rodata._ZL19gon_evt_majin2_item
                0x00000f7c       0xd0 gon.o
 .rodata._ZL21gor_00_init_evt2_hook
                0x0000104c       0x10 gor_00.o
 .rodata._ZL21gor_00_init_evt1_hook
                0x0000105c       0x10 gor_00.o
 .rodata.str1.1
                0x0000106c      0x25e gor_00.o
 *fill*         0x000012ca        0x2 
 .rodata._ZL16gor_00_init_evt1
                0x000012cc      0x1f8 gor_00.o
 .rodata._ZL18korutesu_init_hook
                0x000014c4       0x10 gor_00.o
 .rodata._ZL17korutesu_init_evt
                0x000014d4       0x58 gor_00.o
 .rodata._ZL20suifubomb_b_talk_evt
                0x0000152c       0xd4 gor_00.o
 .rodata._ZL21suifubomb_b_regl_hook
                0x00001600       0x10 gor_00.o
 .rodata._ZL20suifubomb_b_regl_evt
                0x00001610      0x120 gor_00.o
 .rodata._ZL20suifubomb_a_talk_evt
                0x00001730      0x150 gor_00.o
 .rodata._ZL21suifubomb_a_regl_hook
                0x00001880       0x10 gor_00.o
 .rodata._ZL20suifubomb_a_regl_evt
                0x00001890       0x90 gor_00.o
 .rodata._ZL21suifubomb_a_init_hook
                0x00001920       0x10 gor_00.o
 .rodata._ZL20suifubomb_a_init_evt
                0x00001930       0xc8 gor_00.o
 .rodata._ZL16suifu_b_talk_evt
                0x000019f8       0xd4 gor_00.o
 .rodata._ZL20luigi_npcEnt_00_hook
                0x00001acc       0x10 gor_00.o
 .rodata._ZL19luigi_npcEnt_00_evt
                0x00001adc       0x80 gor_00.o
 .rodata._ZL18luigi_init_00_hook
                0x00001b5c       0x10 gor_00.o
 .rodata._ZL17luigi_init_00_evt
                0x00001b6c       0x50 gor_00.o
 .rodata._ZL16mokorim_init_evt
                0x00001bbc       0x30 gor_00.o
 .rodata._ZL17suifu_b_init_hook
                0x00001bec       0x10 gor_00.o
 .rodata._ZL16suifu_b_init_evt
                0x00001bfc       0xc8 gor_00.o
 .rodata._ZL17suifu_a_regl_hook
                0x00001cc4       0x10 gor_00.o
 .rodata._ZL16suifu_a_regl_evt
                0x00001cd4       0x80 gor_00.o
 .rodata._ZL16suifu_a_talk_evt
                0x00001d54       0xd4 gor_00.o
 .rodata._ZL19odoodo_ani_talk_evt
                0x00001e28       0x20 gor_00.o
 .rodata._ZL15odoodo_talk_evt
                0x00001e48      0x128 gor_00.o
 .rodata._ZL16odoodo_regl_hook
                0x00001f70       0x10 gor_00.o
 .rodata._ZL15odoodo_regl_evt
                0x00001f80       0x94 gor_00.o
 .rodata._ZL16odoodo_init_hook
                0x00002014       0x10 gor_00.o
 .rodata._ZL15odoodo_init_evt
                0x00002024      0x114 gor_00.o
 .rodata._ZL17garawaru_talk_evt
                0x00002138       0xb8 gor_00.o
 .rodata._ZL18garawaru_regl_hook
                0x000021f0       0x10 gor_00.o
 .rodata._ZL17garawaru_regl_evt
                0x00002200      0x120 gor_00.o
 .rodata._ZL18garawaru_init_hook
                0x00002320       0x10 gor_00.o
 .rodata._ZL17garawaru_init_evt
                0x00002330      0x140 gor_00.o
 .rodata._ZL7npcEnt2
                0x00002470        0x9 gor_00.o
 *fill*         0x00002479        0x3 
 .rodata._ZL6npcEnt
                0x0000247c        0x9 gor_00.o
 .rodata.str1.1
                0x00002485       0x9f gor_01.o
 .rodata._ZL15bomhei_talk_evt
                0x00002524       0x20 gor_01.o
 .rodata._ZL16chusan2_talk_evt
                0x00002544       0x20 gor_01.o
 .rodata._ZL16chusan1_talk_evt
                0x00002564       0x20 gor_01.o
 .rodata._ZL16kuribo3_talk_evt
                0x00002584       0x20 gor_01.o
 .rodata._ZL16kuribo2_talk_evt
                0x000025a4       0x20 gor_01.o
 .rodata._ZL16kuribo1_talk_evt
                0x000025c4       0x20 gor_01.o
 .rodata._ZL15roten2_talk_evt
                0x000025e4       0x20 gor_01.o
 .rodata._ZL15roten1_talk_evt
                0x00002604       0x20 gor_01.o
 .rodata._ZL19shoptender_talk_evt
                0x00002624       0x20 gor_01.o
 .rodata._ZL15kinoji_talk_evt
                0x00002644       0x20 gor_01.o
 .rodata._ZL19bottakuru_init_hook
                0x00002664       0x10 gor_01.o
 .rodata._ZL18bottakuru_init_evt
                0x00002674       0x70 gor_01.o
 .rodata._ZL18marco_init_01_hook
                0x000026e4       0x10 gor_01.o
 .rodata._ZL17marco_init_01_evt
                0x000026f4       0x40 gor_01.o
 .rodata._ZL20badgemaster_talk_evt
                0x00002734       0x20 gor_01.o
 .rodata._ZL15luigi_init_hook
                0x00002754       0x10 gor_02.o
 .rodata.str1.1
                0x00002764      0x22d gor_02.o
 *fill*         0x00002991        0x3 
 .rodata._ZL14luigi_init_evt
                0x00002994       0x4c gor_02.o
 .rodata._ZL20tozokudan2_talk_hook
                0x000029e0        0xc gor_02.o
 .rodata._ZL19tozokudan2_talk_evt
                0x000029ec      0x160 gor_02.o
 .rodata._ZL20tozokudan1_talk_hook
                0x00002b4c        0xc gor_02.o
 .rodata._ZL19tozokudan1_talk_evt
                0x00002b58      0x160 gor_02.o
 .rodata._ZL20kurihakase_init_hook
                0x00002cb8       0x10 gor_02.o
 .rodata._ZL19kurihakase_init_evt
                0x00002cc8      0x294 gor_02.o
 .rodata._ZL19kurihakase_talk_evt
                0x00002f5c      0x2cc gor_02.o
 .rodata._ZL22evt_door_02_open_hook2
                0x00003228       0x10 gor_02.o
 .rodata._ZL21evt_door_02_open_evt2
                0x00003238       0xc4 gor_02.o
 .rodata._ZL21evt_door_02_open_hook
                0x000032fc       0x10 gor_02.o
 .rodata._ZL20evt_door_02_open_evt
                0x0000330c      0x184 gor_02.o
 .rodata._ZL21gor_02_init_evt2_hook
                0x00003490       0x10 gor_02.o
 .rodata._ZL16gor_02_init_evt2
                0x000034a0       0xcc gor_02.o
 .rodata._ZL21gor_02_init_evt1_hook
                0x0000356c       0x10 gor_02.o
 .rodata._ZL16gor_02_init_evt1
                0x0000357c      0x138 gor_02.o
 .rodata._ZL16borodo2_talk_evt
                0x000036b4       0x20 gor_02.o
 .rodata._ZL16borodo1_talk_evt
                0x000036d4       0x20 gor_02.o
 .rodata._ZL15roten3_talk_evt
                0x000036f4       0x20 gor_02.o
 .rodata._ZL16chusan3_talk_evt
                0x00003714       0x20 gor_02.o
 .rodata._ZL16kuribo4_talk_evt
                0x00003734       0x20 gor_02.o
 .rodata._ZL20gor_03_init_evt_hook
                0x00003754       0x10 gor_03.o
 .rodata.str1.1
                0x00003764      0x100 gor_03.o
 .rodata._ZL19gor_03_init_evt_evt
                0x00003864      0x160 gor_03.o
 .rodata._ZL16maffia3_talk_evt
                0x000039c4       0x20 gor_03.o
 .rodata._ZL16maffia2_talk_evt
                0x000039e4      0x140 gor_03.o
 .rodata._ZL16maffia1_talk_evt
                0x00003b24      0x140 gor_03.o
 .rodata._ZL26maffiaboss_casino_talk_evt
                0x00003c64       0x20 gor_03.o
 .rodata._ZL26maffiaboss_talk_common_evt
                0x00003c84      0x120 gor_03.o
 .rodata._Z17ApplyGor04Patchesv.str1.1
                0x00003da4       0x12 gor_04.o
 .rodata.str1.1
                0x00003db6        0x7 gor_misc.o
 *fill*         0x00003dbd        0x3 
 .rodata._ZL9party_evt
                0x00003dc0       0x9c gor_misc.o
 .rodata._ZL9goombella
                0x00003e5c        0x9 gor_misc.o
 .rodata.str1.1
                0x00003e65       0x18 gra.o
 *fill*         0x00003e7d        0x3 
 .rodata._ZL17evt_machibuse_evt
                0x00003e80       0x4c gra.o
 .rodata._ZL8doopliss
                0x00003ecc        0xb gra.o
 *fill*         0x00003ed7        0x1 
 .rodata._ZL11stones_hook
                0x00003ed8       0x10 hei.o
 .rodata.str1.1
                0x00003ee8       0x21 hei.o
 *fill*         0x00003f09        0x3 
 .rodata._ZL10stones_evt
                0x00003f0c       0xd8 hei.o
 .rodata._ZL9party_evt
                0x00003fe4       0x80 hei.o
 .rodata._ZL5koops
                0x00004064        0xb hei.o
 *fill*         0x0000406f        0x1 
 .rodata._ZL20hom_00_init_evt_hook
                0x00004070       0x10 hom.o
 .rodata.str1.1
                0x00004080       0x1f hom.o
 *fill*         0x0000409f        0x1 
 .rodata._ZL19hom_00_init_evt_evt
                0x000040a0       0x94 hom.o
 .rodata._Z25ApplyItemDataTablePatchesv.str1.1
                0x00004134       0xc2 main.o
 *fill*         0x000041f6        0x2 
 .rodata._ZL20mri_09_init_evt_hook
                0x000041f8       0x10 mri.o
 .rodata.str1.1
                0x00004208      0x181 mri.o
 *fill*         0x00004389        0x3 
 .rodata._ZL19mri_09_init_evt_evt
                0x0000438c      0x14c mri.o
 .rodata._ZL20mri_04_init_evt_hook
                0x000044d8       0x10 mri.o
 .rodata._ZL19mri_04_init_evt_evt
                0x000044e8       0x30 mri.o
 .rodata._ZL16bero_custom_hook
                0x00004518       0x10 mri.o
 .rodata._ZL15bero_custom_evt
                0x00004528       0x44 mri.o
 .rodata._ZL21mri_01_init_evt_hook2
                0x0000456c       0x10 mri.o
 .rodata._ZL19mri_01_init_evt_evt
                0x0000457c       0x30 mri.o
 .rodata._ZL18puniinfo_talk_hook
                0x000045ac       0x10 mri.o
 .rodata._ZL20mri_03_init_evt_hook
                0x000045bc       0x14 mri.o
 .rodata._ZL22mri_03_init_evt_switch
                0x000045d0       0x9c mri.o
 .rodata._ZL20mri_01_init_evt_hook
                0x0000466c       0x14 mri.o
 .rodata._ZL22mri_01_init_evt_switch
                0x00004680       0xb0 mri.o
 .rodata._ZL23mri_sister_init_01_hook
                0x00004730       0x10 mri.o
 .rodata._ZL22mri_sister_init_01_evt
                0x00004740       0xa8 mri.o
 .rodata._ZL16puni_2_init_hook
                0x000047e8       0x10 mri.o
 .rodata._ZL15puni_2_init_evt
                0x000047f8       0x78 mri.o
 .rodata._ZL16puni_1_talk_hook
                0x00004870       0x10 mri.o
 .rodata._ZL15puni_1_talk_evt
                0x00004880       0xb0 mri.o
 .rodata._ZL16puni_1_init_hook
                0x00004930       0x10 mri.o
 .rodata._ZL15puni_1_init_evt
                0x00004940       0x78 mri.o
 .rodata._ZL15elder_talk_hook
                0x000049b8       0x10 mri.o
 .rodata._ZL14elder_talk_evt
                0x000049c8       0xb8 mri.o
 .rodata._ZL22mri_elder_init_01_hook
                0x00004a80       0x10 mri.o
 .rodata._ZL21mri_elder_init_01_evt
                0x00004a90       0xcc mri.o
 .rodata._ZL22mri_rival_init_01_hook
                0x00004b5c       0x10 mri.o
 .rodata._ZL21mri_rival_init_01_evt
                0x00004b6c       0xa8 mri.o
 .rodata._ZL18guide_init_01_hook
                0x00004c14       0x10 mri.o
 .rodata._ZL17guide_init_01_evt
                0x00004c24       0x8c mri.o
 .rodata._ZL15guide_talk_hook
                0x00004cb0       0x10 mri.o
 .rodata._ZL14guide_talk_evt
                0x00004cc0       0x98 mri.o
 .rodata._ZL18guide_init_00_hook
                0x00004d58       0x10 mri.o
 .rodata._ZL17guide_init_00_evt
                0x00004d68      0x150 mri.o
 .rodata._ZL14muj_party_hook
                0x00004eb8       0x10 muj.o
 .rodata.str1.1
                0x00004ec8      0x38f muj.o
 *fill*         0x00005257        0x1 
 .rodata._ZL13muj_party_evt
                0x00005258       0xac muj.o
 .rodata._ZL22peton_init_muj_01_hook
                0x00005304       0x10 muj.o
 .rodata._ZL21peton_init_muj_01_evt
                0x00005314       0x54 muj.o
 .rodata._ZL21mony_init_muj_01_hook
                0x00005368       0x10 muj.o
 .rodata._ZL20mony_init_muj_01_evt
                0x00005378       0x54 muj.o
 .rodata._ZL17koburon_dead_hook
                0x000053cc       0x10 muj.o
 .rodata._ZL16koburon_dead_evt
                0x000053dc      0x3bc muj.o
 .rodata._ZL20muj_01_init_evt_hook
                0x00005798       0x10 muj.o
 .rodata._ZL19muj_01_init_evt_evt
                0x000057a8       0x50 muj.o
 .rodata._ZL21borosuifu_b_talk_hook
                0x000057f8       0x10 muj.o
 .rodata._ZL20borosuifu_b_talk_evt
                0x00005808       0xf8 muj.o
 .rodata._ZL21borosuifu_a_talk_hook
                0x00005900       0x10 muj.o
 .rodata._ZL20borosuifu_a_talk_evt
                0x00005910       0xf8 muj.o
 .rodata._ZL24suifu_d_talk_muj_01_hook
                0x00005a08       0x10 muj.o
 .rodata._ZL23suifu_d_talk_muj_01_evt
                0x00005a18       0xf8 muj.o
 .rodata._ZL20suifu_bomb_talk_hook
                0x00005b10       0x10 muj.o
 .rodata._ZL19suifu_bomb_talk_evt
                0x00005b20       0xf4 muj.o
 .rodata._ZL20suifu_bomb_init_hook
                0x00005c14       0x10 muj.o
 .rodata._ZL19suifu_bomb_init_evt
                0x00005c24       0x30 muj.o
 .rodata._ZL24suifu_a_talk_muj_01_hook
                0x00005c54       0x10 muj.o
 .rodata._ZL23suifu_a_talk_muj_01_evt
                0x00005c64       0xf4 muj.o
 .rodata._ZL24suifu_a_init_muj_01_hook
                0x00005d58       0x10 muj.o
 .rodata._ZL23suifu_a_init_muj_01_evt
                0x00005d68       0x40 muj.o
 .rodata._ZL23odoodo_init_muj_01_hook
                0x00005da8       0x10 muj.o
 .rodata._ZL22odoodo_init_muj_01_evt
                0x00005db8       0x40 muj.o
 .rodata._ZL23megane_init_muj_01_hook
                0x00005df8       0x10 muj.o
 .rodata._ZL22megane_init_muj_01_evt
                0x00005e08       0x40 muj.o
 .rodata._ZL22marco_init_muj_01_hook
                0x00005e48       0x10 muj.o
 .rodata._ZL21marco_init_muj_01_evt
                0x00005e58       0x9c muj.o
 .rodata._ZL25garawaru_talk_muj_01_hook
                0x00005ef4       0x10 muj.o
 .rodata._ZL24garawaru_talk_muj_01_evt
                0x00005f04      0x4b4 muj.o
 .rodata._ZL25garawaru_init_muj_01_hook
                0x000063b8       0x10 muj.o
 .rodata._ZL24garawaru_init_muj_01_evt
                0x000063c8       0xd8 muj.o
 .rodata._ZL20muj_00_init_evt_hook
                0x000064a0       0x44 muj.o
 .rodata._ZL21muj_00_init_evt_evt_2
                0x000064e4       0x70 muj.o
 .rodata._ZL19muj_00_init_evt_evt
                0x00006554       0x40 muj.o
 .rodata._ZL22peton_talk_muj_00_hook
                0x00006594       0x10 muj.o
 .rodata._ZL21peton_talk_muj_00_evt
                0x000065a4       0x8c muj.o
 .rodata._ZL21mony_talk_muj_00_hook
                0x00006630       0x10 muj.o
 .rodata._ZL20mony_talk_muj_00_evt
                0x00006640       0x8c muj.o
 .rodata._ZL17nokorin_talk_hook
                0x000066cc       0x10 nok.o
 .rodata.str1.1
                0x000066dc      0x4b1 nok.o
 *fill*         0x00006b8d        0x3 
 .rodata._ZL16nokorin_talk_evt
                0x00006b90      0x2f4 nok.o
 .rodata._ZL19boss_noko_talk_hook
                0x00006e84       0x10 nok.o
 .rodata._ZL18boss_noko_talk_evt
                0x00006e94      0x164 nok.o
 .rodata._ZL20nokonoko_K_talk_hook
                0x00006ff8       0x10 nok.o
 .rodata._ZL19nokonoko_K_talk_evt
                0x00007008       0xd4 nok.o
 .rodata._ZL18nokopapa_talk_hook
                0x000070dc       0x10 nok.o
 .rodata._ZL17nokopapa_talk_evt
                0x000070ec      0x128 nok.o
 .rodata._ZL16monban_talk_hook
                0x00007214       0x10 nok.o
 .rodata._ZL15monban_talk_evt
                0x00007224      0x11c nok.o
 .rodata._ZL20nokonoko_I_talk_hook
                0x00007340       0x10 nok.o
 .rodata._ZL19nokonoko_I_talk_evt
                0x00007350       0xd4 nok.o
 .rodata._ZL20nokonoko_H_talk_hook
                0x00007424       0x10 nok.o
 .rodata._ZL19nokonoko_H_talk_evt
                0x00007434       0xfc nok.o
 .rodata._ZL20nokonoko_G_talk_hook
                0x00007530       0x10 nok.o
 .rodata._ZL19nokonoko_G_talk_evt
                0x00007540       0xd4 nok.o
 .rodata._ZL15talk_white_hook
                0x00007614       0x10 nok.o
 .rodata._ZL14talk_white_evt
                0x00007624       0xa4 nok.o
 .rodata._ZL15init_white_hook
                0x000076c8       0x10 nok.o
 .rodata._ZL14init_white_evt
                0x000076d8       0x44 nok.o
 .rodata._ZL20nokonoko_F_talk_hook
                0x0000771c       0x10 nok.o
 .rodata._ZL19nokonoko_F_talk_evt
                0x0000772c       0xd4 nok.o
 .rodata._ZL20nokonoko_D_talk_hook
                0x00007800       0x10 nok.o
 .rodata._ZL19nokonoko_D_talk_evt
                0x00007810       0xfc nok.o
 .rodata._ZL20nokonoko_C_talk_hook
                0x0000790c       0x10 nok.o
 .rodata._ZL19nokonoko_C_talk_evt
                0x0000791c       0xd4 nok.o
 .rodata._ZL20nokonoko_B_talk_hook
                0x000079f0       0x10 nok.o
 .rodata._ZL19nokonoko_B_talk_evt
                0x00007a00       0xd4 nok.o
 .rodata._ZL20nokonoko_A_talk_hook
                0x00007ad4       0x10 nok.o
 .rodata._ZL19nokonoko_A_talk_evt
                0x00007ae4      0x10c nok.o
 .rodata._ZL16pik_00_init_hook
                0x00007bf0       0x10 pik.o
 .rodata.str1.1
                0x00007c00      0x15a pik.o
 *fill*         0x00007d5a        0x2 
 .rodata._ZL19pik_00_init_evt_evt
                0x00007d5c       0x58 pik.o
 .rodata._ZL32pik_talk_madam_ring_return_hook3
                0x00007db4       0x10 pik.o
 .rodata._ZL20talk_madam_ring_item
                0x00007dc4       0x8c pik.o
 .rodata._ZL14evt_daiza_hook
                0x00007e50       0x1c pik.o
 .rodata._ZL13evt_daiza_evt
                0x00007e6c       0x5c pik.o
 .rodata._ZL18pik_evt_powan_hook
                0x00007ec8       0x28 pik.o
 .rodata._ZL17pik_evt_powan_evt
                0x00007ef0       0x94 pik.o
 .rodata._ZL16takun6_talk_hook
                0x00007f84       0x10 pik.o
 .rodata._ZL15takun6_talk_evt
                0x00007f94       0x78 pik.o
 .rodata._ZL16takun5_talk_hook
                0x0000800c       0x10 pik.o
 .rodata._ZL15takun5_talk_evt
                0x0000801c       0x78 pik.o
 .rodata._ZL16takun4_talk_hook
                0x00008094       0x10 pik.o
 .rodata._ZL15takun4_talk_evt
                0x000080a4       0xb4 pik.o
 .rodata._ZL18miyageya_talk_hook
                0x00008158       0x28 pik.o
 .rodata._ZL17miyageya_talk_evt
                0x00008180      0x114 pik.o
 .rodata._ZL7madame2
                0x00008294        0x7 pik.o
 *fill*         0x0000829b        0x1 
 .rodata._ZL28talk_madam_ring_return_hook3
                0x0000829c       0x10 rsh.o
 .rodata.str1.1
                0x000082ac      0x1ac rsh.o
 .rodata._ZL20talk_madam_ring_item
                0x00008458       0x8c rsh.o
 .rodata._ZL28talk_madam_ring_return_hook2
                0x000084e4       0x10 rsh.o
 .rodata._ZL28talk_madam_ring_return_hook1
                0x000084f4       0x10 rsh.o
 .rodata._ZL26talk_madam_ring_return_evt
                0x00008504       0x78 rsh.o
 .rodata._ZL16init_konari_hook
                0x0000857c       0x10 rsh.o
 .rodata._ZL14init_papa_hook
                0x0000858c       0x10 rsh.o
 .rodata._ZL15init_konari_evt
                0x0000859c       0x9c rsh.o
 .rodata._ZL15init_powan_hook
                0x00008638       0x10 rsh.o
 .rodata._ZL14init_powan_evt
                0x00008648       0xec rsh.o
 .rodata._ZL19talk_waitless_hook2
                0x00008734       0x10 rsh.o
 .rodata._ZL19talk_waitless_hook1
                0x00008744       0x10 rsh.o
 .rodata._ZL17talk_waitless_evt
                0x00008754       0x78 rsh.o
 .rodata._ZL21rsh_01_init_evt_hook2
                0x000087cc       0x10 rsh.o
 .rodata._ZL19rsh_01_init_evt_evt
                0x000087dc       0xd8 rsh.o
 .rodata._ZL20rsh_00_init_evt_hook
                0x000088b4       0x10 rsh.o
 .rodata._ZL19rsh_00_init_evt_evt
                0x000088c4       0xb8 rsh.o
 .rodata._ZL20rsh_04_init_evt_hook
                0x0000897c       0x10 rsh.o
 .rodata._ZL20rsh_03_init_evt_hook
                0x0000898c       0x10 rsh.o
 .rodata._ZL20rsh_02_init_evt_hook
                0x0000899c       0x10 rsh.o
 .rodata._ZL21rsh_01_init_evt_hook1
                0x000089ac       0x10 rsh.o
 .rodata._ZL19rsh_04_init_evt_evt
                0x000089bc       0xc0 rsh.o
 .rodata._ZL26rsh_03_init_evt_music_hook
                0x00008a7c       0x10 rsh.o
 .rodata._ZL21rsh_03_init_evt_music
                0x00008a8c      0x1f8 rsh.o
 .rodata._ZL26rsh_02_init_evt_music_hook
                0x00008c84       0x10 rsh.o
 .rodata._ZL21rsh_02_init_evt_music
                0x00008c94      0x270 rsh.o
 .rodata._ZL26rsh_01_init_evt_music_hook
                0x00008f04       0x10 rsh.o
 .rodata._ZL21rsh_01_init_evt_music
                0x00008f14      0x1f8 rsh.o
 .rodata._ZL26rsh_00_init_evt_music_hook
                0x0000910c       0x10 rsh.o
 .rodata._ZL21rsh_00_init_evt_music
                0x0000911c      0x1f8 rsh.o
 .rodata._ZL26rsh_04_init_evt_music_hook
                0x00009314       0x10 rsh.o
 .rodata._ZL21rsh_04_init_evt_music
                0x00009324      0x1f8 rsh.o
 .rodata._ZL20rsh_06_init_evt_hook
                0x0000951c       0x10 rsh.o
 .rodata._ZL19rsh_06_init_evt_evt
                0x0000952c      0x178 rsh.o
 .rodata._ZL6madame
                0x000096a4        0x7 rsh.o
 .rodata.str1.1
                0x000096ab      0x20a tik.o
 *fill*         0x000098b5        0x3 
 .rodata._ZL19tik_evt_majin2_item
                0x000098b8       0xa8 tik.o
 .rodata._ZL21tik_05_init_evt_hook2
                0x00009960       0x10 tik.o
 .rodata._ZL20tik_05_init_evt_evt2
                0x00009970       0xa4 tik.o
 .rodata._ZL20tik_05_init_evt_hook
                0x00009a14       0x10 tik.o
 .rodata._ZL19tik_05_init_evt_evt
                0x00009a24       0x48 tik.o
 .rodata._ZL24tik_kurihakase_init_hook
                0x00009a6c       0x10 tik.o
 .rodata._ZL23tik_kurihakase_init_evt
                0x00009a7c       0x80 tik.o
 .rodata._ZL18master_2_talk_hook
                0x00009afc       0x10 tik.o
 .rodata._ZL17master_2_talk_evt
                0x00009b0c      0x180 tik.o
 .rodata._ZL17borodo4_talk_hook
                0x00009c8c       0x10 tik.o
 .rodata._ZL16borodo4_talk_evt
                0x00009c9c      0x180 tik.o
 .rodata._ZL17borodo3_talk_hook
                0x00009e1c       0x10 tik.o
 .rodata._ZL16borodo3_talk_evt
                0x00009e2c      0x180 tik.o
 .rodata._ZL17chusan4_talk_hook
                0x00009fac       0x10 tik.o
 .rodata._ZL16chusan4_talk_evt
                0x00009fbc      0x180 tik.o
 .rodata._ZL17kuribo5_talk_hook
                0x0000a13c       0x10 tik.o
 .rodata._ZL16kuribo5_talk_evt
                0x0000a14c      0x180 tik.o
 .rodata._ZL16hotdog_item_hook
                0x0000a2cc       0x10 tou.o
 .rodata.str1.1
                0x0000a2dc       0x76 tou.o
 *fill*         0x0000a352        0x2 
 .rodata._ZL11hotdog_item
                0x0000a354       0xe8 tou.o
 .rodata._ZL18tou_party_evt_hook
                0x0000a43c       0x10 tou.o
 .rodata._ZL13tou_party_evt
                0x0000a44c       0x5c tou.o
 .rodata._ZL20tou_04_init_evt_hook
                0x0000a4a8       0x10 tou.o
 .rodata._ZL19tou_04_init_evt_evt
                0x0000a4b8       0x78 tou.o
 .rodata._ZL14yoshi_gswf_evt
                0x0000a530       0x14 tou.o
 .rodata._ZL15jolene_egg_hook
                0x0000a544       0x10 tou.o
 .rodata._ZL14jolene_egg_evt
                0x0000a554      0x220 tou.o
 .rodata._ZL16talk_sakaba_hook
                0x0000a774       0x10 tou.o
 .rodata._ZL15talk_sakaba_evt
                0x0000a784       0x84 tou.o
 .rodata._ZL6jolene
                0x0000a808        0xb tou.o
 .rodata.str1.1
                0x0000a813      0x49e usu.o
 *fill*         0x0000acb1        0x3 
 .rodata._ZL19usu_evt_majin2_item
                0x0000acb4       0xa8 usu.o
 .rodata._ZL13usu_party_evt
                0x0000ad5c       0xbc usu.o
 .rodata._ZL23village_chief_init_hook
                0x0000ae18       0x10 usu.o
 .rodata._ZL22village_chief_init_evt
                0x0000ae28       0x58 usu.o
 .rodata._ZL27village_chief_pig_init_hook
                0x0000ae80       0x10 usu.o
 .rodata._ZL26village_chief_pig_init_evt
                0x0000ae90       0x70 usu.o
 .rodata._ZL23village_chief_talk_hook
                0x0000af00       0x10 usu.o
 .rodata._ZL22village_chief_talk_evt
                0x0000af10      0x1c8 usu.o
 .rodata._ZL20gatekeeper_init_hook
                0x0000b0d8       0x10 usu.o
 .rodata._ZL19gatekeeper_init_evt
                0x0000b0e8       0x8c usu.o
 .rodata._ZL24gatekeeper_pig_init_hook
                0x0000b174       0x10 usu.o
 .rodata._ZL23gatekeeper_pig_init_evt
                0x0000b184       0x78 usu.o
 .rodata._ZL20gatekeeper_talk_hook
                0x0000b1fc       0x10 usu.o
 .rodata._ZL19gatekeeper_talk_evt
                0x0000b20c      0x114 usu.o
 .rodata._ZL20usu_00_init_evt_hook
                0x0000b320       0x14 usu.o
 .rodata._ZL19usu_00_init_evt_evt
                0x0000b334       0x5c usu.o
 .rodata._ZL20shop_woman_talk_hook
                0x0000b390       0x10 usu.o
 .rodata._ZL19shop_woman_talk_evt
                0x0000b3a0       0x78 usu.o
 .rodata._ZL18shop_man_talk_hook
                0x0000b418       0x10 usu.o
 .rodata._ZL17shop_man_talk_evt
                0x0000b428       0x78 usu.o
 .rodata._ZL19villagerJ_talk_hook
                0x0000b4a0       0x10 usu.o
 .rodata._ZL18villagerJ_talk_evt
                0x0000b4b0      0x104 usu.o
 .rodata._ZL19villagerI_talk_hook
                0x0000b5b4       0x10 usu.o
 .rodata._ZL18villagerI_talk_evt
                0x0000b5c4      0x104 usu.o
 .rodata._ZL19villagerH_talk_hook
                0x0000b6c8       0x10 usu.o
 .rodata._ZL18villagerH_talk_evt
                0x0000b6d8       0xd0 usu.o
 .rodata._ZL19villagerG_talk_hook
                0x0000b7a8       0x10 usu.o
 .rodata._ZL18villagerG_talk_evt
                0x0000b7b8       0xf0 usu.o
 .rodata._ZL19villagerF_talk_hook
                0x0000b8a8       0x10 usu.o
 .rodata._ZL18villagerF_talk_evt
                0x0000b8b8       0xf0 usu.o
 .rodata._ZL19villagerK_talk_hook
                0x0000b9a8       0x10 usu.o
 .rodata._ZL18villagerK_talk_evt
                0x0000b9b8      0x130 usu.o
 .rodata._ZL19villagerE_talk_hook
                0x0000bae8       0x10 usu.o
 .rodata._ZL18villagerE_talk_evt
                0x0000baf8      0x130 usu.o
 .rodata._ZL19villagerD_talk_hook
                0x0000bc28       0x10 usu.o
 .rodata._ZL18villagerD_talk_evt
                0x0000bc38      0x194 usu.o
 .rodata._ZL19villagerC_talk_hook
                0x0000bdcc       0x10 usu.o
 .rodata._ZL18villagerC_talk_evt
                0x0000bddc       0xfc usu.o
 .rodata._ZL19villagerB_talk_hook
                0x0000bed8       0x10 usu.o
 .rodata._ZL18villagerB_talk_evt
                0x0000bee8       0xfc usu.o
 .rodata._ZL19villagerA_talk_hook
                0x0000bfe4       0x10 usu.o
 .rodata._ZL18villagerA_talk_evt
                0x0000bff4      0x130 usu.o
 .rodata._ZL19villagerA_init_hook
                0x0000c124       0x10 usu.o
 .rodata._ZL18villagerA_init_evt
                0x0000c134       0x6c usu.o
 .rodata._ZL6vivian
                0x0000c1a0        0x9 usu.o
 *fill*         0x0000c1a9        0x3 
 .rodata._ZL5mayor
                0x0000c1ac        0x5 usu.o
 *fill*         0x0000c1b1        0x3 
 .rodata._ZL9mayor_pig
                0x0000c1b4        0x9 usu.o
 *fill*         0x0000c1bd        0x3 
 .rodata._ZL8doopliss
                0x0000c1c0        0xb usu.o
 *fill*         0x0000c1cb        0x1 
 .rodata._ZL10gatekeeper
                0x0000c1cc        0x5 usu.o
 *fill*         0x0000c1d1        0x3 
 .rodata._ZL14gatekeeper_pig
                0x0000c1d4        0x9 usu.o
 *fill*         0x0000c1dd        0x3 
 .rodata._ZL12usuVillagerA
                0x0000c1e0        0x7 usu.o
 *fill*         0x0000c1e7        0x1 
 .rodata._ZL14win_party_hook
                0x0000c1e8       0x10 win.o
 .rodata.str1.1
                0x0000c1f8       0x36 win.o
 *fill*         0x0000c22e        0x2 
 .rodata._ZL13win_party_evt
                0x0000c230       0xe4 win.o
 .rodata._ZL20win_00_init_evt_hook
                0x0000c314       0x10 win.o
 .rodata._ZL19win_00_init_evt_evt
                0x0000c324       0x30 win.o
 .rodata._ZL17majorin_init_hook
                0x0000c354       0x10 win.o
 .rodata._ZL16majorin_init_evt
                0x0000c364       0x30 win.o
 .rodata._ZL17maririn_init_hook
                0x0000c394       0x10 win.o
 .rodata._ZL16maririn_init_evt
                0x0000c3a4       0x30 win.o
 .rodata._ZL20win_vivian_init_hook
                0x0000c3d4       0x10 win.o
 .rodata._ZL19win_vivian_init_evt
                0x0000c3e4       0x98 win.o
 .rodata._ZL7flurrie
                0x0000c47c        0x9 win.o
 *(.gnu.linkonce.r.*)

.rodata1
 *(.rodata1)

.sdata2         0x0000c485        0x0
                [!provide]                        PROVIDE (_SDA2_BASE_ = .)
 *(.sdata2)
 *(.sdata2.*)
 *(.gnu.linkonce.s2.*)

.sbss2
 *(.sbss2)
 *(.sbss2.*)
 *(.gnu.linkonce.sb2.*)
                0x0000c488                        . = ALIGN (0x4)
                [!provide]                        PROVIDE (__preinit_array_start = .)

.preinit_array
 *(.preinit_array)
                [!provide]                        PROVIDE (__preinit_array_end = .)
                [!provide]                        PROVIDE (__init_array_start = .)

.init_array
 *(.init_array)
                [!provide]                        PROVIDE (__init_array_end = .)
                [!provide]                        PROVIDE (__fini_array_start = .)

.fini_array
 *(.fini_array)
                [!provide]                        PROVIDE (__fini_array_end = .)

.data           0x0000c488      0x2d8
 *(.data)
 *(.data.*)
 .data._ZN3mod6common12kItemDataArrE
                0x0000c488        0x4 common.o
                0x0000c488                _ZN3mod6common12kItemDataArrE
 .data.errorTextPosY
                0x0000c48c        0x4 errorHandling.o
                0x0000c48c                errorTextPosY
 .data._ZL16gor_00_init_evt2
                0x0000c490      0x2bc gor_00.o
 *(.gnu.linkonce.d.*)
                0x0000c760                        . = ALIGN (0x20)
 *fill*         0x0000c74c       0x14 

.data1
 *(.data1)

.tdata
 *(.tdata .tdata.* .gnu.linkonce.td.*)

.tbss
 *(.tbss .tbss.* .gnu.linkonce.tb.*)
 *(.tcommon)

.eh_frame       0x0000c760     0x188c
 *(.eh_frame)
 .eh_frame      0x0000c760      0x220 OWR.o
 .eh_frame      0x0000c980       0x28 StateManager.o
                                 0x3c (size before relaxing)
 .eh_frame      0x0000c9a8        0x0 common.o
                                 0xc8 (size before relaxing)
 .eh_frame      0x0000c9a8       0x68 con_mario.o
 .eh_frame      0x0000ca10       0x68 con_perf.o
 .eh_frame      0x0000ca78       0xa0 con_seq.o
 .eh_frame      0x0000cb18      0x2ec console.o
                                0x310 (size before relaxing)
 .eh_frame      0x0000ce04       0x64 cxx.o
                                 0x8c (size before relaxing)
 .eh_frame      0x0000ce68      0x26c errorHandling.o
 .eh_frame      0x0000d0d4      0x130 gamePatches.o
 .eh_frame      0x0000d204       0xa4 keyboard.o
                                 0xcc (size before relaxing)
 .eh_frame      0x0000d2a8       0xfc mod.o
                                0x110 (size before relaxing)
 .eh_frame      0x0000d3a4      0x114 patch.o
                                0x18c (size before relaxing)
 .eh_frame      0x0000d4b8       0x5c printf.o
 .eh_frame      0x0000d514       0x7c rel.o
 .eh_frame      0x0000d590       0x98 ug.o
 .eh_frame      0x0000d628       0xdc util.o
                                0x100 (size before relaxing)
 .eh_frame      0x0000d704       0x28 aaa.o
 .eh_frame      0x0000d72c       0x6c aji.o
 .eh_frame      0x0000d798       0x28 bom.o
 .eh_frame      0x0000d7c0       0x3c dou.o
 .eh_frame      0x0000d7fc       0x40 eki.o
 .eh_frame      0x0000d83c       0x28 end.o
 .eh_frame      0x0000d864       0x3c gon.o
 .eh_frame      0x0000d8a0       0x74 gor_00.o
 .eh_frame      0x0000d914       0x48 gor_01.o
 .eh_frame      0x0000d95c       0x50 gor_02.o
 .eh_frame      0x0000d9ac       0x50 gor_03.o
 .eh_frame      0x0000d9fc       0x38 gor_04.o
 .eh_frame      0x0000da34       0x54 gor_misc.o
 .eh_frame      0x0000da88       0x40 gra.o
 .eh_frame      0x0000dac8       0x4c hei.o
 .eh_frame      0x0000db14       0x38 hom.o
 .eh_frame      0x0000db4c       0x28 jin.o
 .eh_frame      0x0000db74       0x28 kpa.o
 .eh_frame      0x0000db9c        0x0 las.o
                                 0x28 (size before relaxing)
 .eh_frame      0x0000db9c       0x68 main.o
 .eh_frame      0x0000dc04        0x0 moo.o
                                 0x28 (size before relaxing)
 .eh_frame      0x0000dc04       0x6c mri.o
 .eh_frame      0x0000dc70       0x6c muj.o
 .eh_frame      0x0000dcdc       0x4c nok.o
 .eh_frame      0x0000dd28       0x50 pik.o
 .eh_frame      0x0000dd78       0x6c rsh.o
 .eh_frame      0x0000dde4       0xb8 tik.o
 .eh_frame      0x0000de9c       0x6c tou.o
 .eh_frame      0x0000df08       0x28 tou2.o
 .eh_frame      0x0000df30       0x68 usu.o
 .eh_frame      0x0000df98       0x54 win.o

.gcc_except_table
 *(.gcc_except_table)

.fixup
 *(.fixup)

.got1
 *(.got1)

.got2
 *(.got2)

.dynamic
 *(.dynamic)

.ctors          0x0000dfec       0x34
 *crtbegin.o(.ctors)
 *(EXCLUDE_FILE(*crtend.o) .ctors)
 .ctors         0x0000dfec        0x4 OWR.o
 .ctors         0x0000dff0        0x4 con_mario.o
 .ctors         0x0000dff4        0x4 con_perf.o
 .ctors         0x0000dff8        0x4 con_seq.o
 .ctors         0x0000dffc        0x4 console.o
 .ctors         0x0000e000        0x4 errorHandling.o
 .ctors         0x0000e004        0x4 gor_00.o
 *(SORT_BY_NAME(.ctors.*))
 *(.ctors)
                0x0000e020                        . = ALIGN (0x20)
 *fill*         0x0000e008       0x18 

.dtors          0x0000e020       0x20
 *crtbegin.o(.dtors)
 *(EXCLUDE_FILE(*crtend.o) .dtors)
 .dtors         0x0000e020        0x4 errorHandling.o
 *(SORT_BY_NAME(.dtors.*))
 *(.dtors)
                0x0000e040                        . = ALIGN (0x20)
 *fill*         0x0000e024       0x1c 

.jcr
 *(.jcr)

.got
 *(.got.plt)
 *(.got)

.sdata          0x0000e040        0x0
                [!provide]                        PROVIDE (_SDA_BASE_ = .)
 *(.sdata)
 *(.sdata.*)
 *(.gnu.linkonce.s.*)
                0x0000e040                        . = ALIGN (0x20)
                0x0000e040                        _edata = .
                [!provide]                        PROVIDE (edata = .)

.sbss           0x0000e040        0x0
                0x0000e040                        __sbss_start = .
                [!provide]                        PROVIDE (__sbss_start = .)
                [!provide]                        PROVIDE (___sbss_start = .)
 *(.dynsbss)
 *(.sbss)
 *(.sbss.*)
 *(.gnu.linkonce.sb.*)
 *(.scommon)
                [!provide]                        PROVIDE (__sbss_end = .)
                [!provide]                        PROVIDE (___sbss_end = .)
                0x0000e040                        . = ALIGN (0x20)
                0x0000e040                        __sbss_end = .

.bss            0x0000e040      0x160
                0x0000e040                        __bss_start = .
                [!provide]                        PROVIDE (__bss_start = .)
 *(.dynbss)
 *(.bss)
 *(.bss.*)
 .bss._ZN3mod3owr22g_msgSearch_trampolineE
                0x0000e040        0x4 OWR.o
                0x0000e040                _ZN3mod3owr22g_msgSearch_trampolineE
 .bss._ZN3mod3owr25g_pouchGetItem_trampolineE
                0x0000e044        0x4 OWR.o
                0x0000e044                _ZN3mod3owr25g_pouchGetItem_trampolineE
 .bss._ZN3mod3owr22g_seqSetSeq_trampolineE
                0x0000e048        0x4 OWR.o
                0x0000e048                _ZN3mod3owr22g_seqSetSeq_trampolineE
 .bss._ZN3mod3owr19g_OSLink_trampolineE
                0x0000e04c        0x4 OWR.o
                0x0000e04c                _ZN3mod3owr19g_OSLink_trampolineE
 .bss._ZN3mod3owr6gStateE
                0x0000e050        0x4 OWR.o
                0x0000e050                _ZN3mod3owr6gStateE
 .bss._ZN3mod3owr5gSelfE
                0x0000e054        0x4 OWR.o
                0x0000e054                _ZN3mod3owr5gSelfE
 .bss._ZN3mod3owr7item_dbE
                0x0000e058        0x4 OWR.o
                0x0000e058                _ZN3mod3owr7item_dbE
 .bss.gState    0x0000e05c        0x4 StateManager.o
                0x0000e05c                gState
 .bss._ZN3modL12mod_if_obj24E
                0x0000e060        0x8 con_mario.o
 .bss._ZN3mod14mario_show_posE
                0x0000e068       0x10 con_mario.o
                0x0000e068                _ZN3mod14mario_show_posE
 .bss._ZN3mod13mario_set_posE
                0x0000e078        0xc con_mario.o
                0x0000e078                _ZN3mod13mario_set_posE
 .bss._ZN3modL12mod_if_obj51E
                0x0000e084        0x8 con_perf.o
 .bss._ZN3mod14mem_debug_heapE
                0x0000e08c       0x10 con_perf.o
                0x0000e08c                _ZN3mod14mem_debug_heapE
 .bss._ZN3mod15perf_fake_spikeE
                0x0000e09c        0xc con_perf.o
                0x0000e09c                _ZN3mod15perf_fake_spikeE
 .bss._ZN3mod14seq_change_mapE
                0x0000e0a8        0xc con_seq.o
                0x0000e0a8                _ZN3mod14seq_change_mapE
 .bss._ZN3modL12mod_if_obj16E
                0x0000e0b4        0x8 con_seq.o
 .bss._ZN3mod24gTrampoline_seq_logoMainE
                0x0000e0bc        0x4 con_seq.o
                0x0000e0bc                _ZN3mod24gTrampoline_seq_logoMainE
 .bss._ZN3mod13seq_logo_skipE
                0x0000e0c0       0x10 con_seq.o
                0x0000e0c0                _ZN3mod13seq_logo_skipE
 .bss._ZN3mod4findE
                0x0000e0d0        0xc console.o
                0x0000e0d0                _ZN3mod4findE
 .bss._ZN3mod11con_ug_chanE
                0x0000e0dc       0x10 console.o
                0x0000e0dc                _ZN3mod11con_ug_chanE
 .bss._ZN3mod11con_ug_modeE
                0x0000e0ec       0x10 console.o
                0x0000e0ec                _ZN3mod11con_ug_modeE
 .bss._ZN3mod21con_log_fade_durationE
                0x0000e0fc       0x10 console.o
                0x0000e0fc                _ZN3mod21con_log_fade_durationE
 .bss._ZN3mod18con_log_fade_startE
                0x0000e10c       0x10 console.o
                0x0000e10c                _ZN3mod18con_log_fade_startE
 .bss._ZN3mod12con_log_fadeE
                0x0000e11c       0x10 console.o
                0x0000e11c                _ZN3mod12con_log_fadeE
 .bss._ZN3mod13con_log_levelE
                0x0000e12c       0x10 console.o
                0x0000e12c                _ZN3mod13con_log_levelE
 .bss._ZN3mod11con_rainbowE
                0x0000e13c       0x10 console.o
                0x0000e13c                _ZN3mod11con_rainbowE
 .bss._ZN3mod8con_monoE
                0x0000e14c       0x10 console.o
                0x0000e14c                _ZN3mod8con_monoE
 .bss._ZN3mod8con_showE
                0x0000e15c       0x10 console.o
                0x0000e15c                _ZN3mod8con_showE
 .bss._ZN3mod8gConsoleE
                0x0000e16c        0x4 console.o
                0x0000e16c                _ZN3mod8gConsoleE
 .bss._ZN3mod9ConIntVar6sFirstE
                0x0000e170        0x4 console.o
                0x0000e170                _ZN3mod9ConIntVar6sFirstE
 .bss._ZN3mod10ConCommand6sFirstE
                0x0000e174        0x4 console.o
                0x0000e174                _ZN3mod10ConCommand6sFirstE
 .bss.g_animPoseMain_trampoline
                0x0000e178        0x4 errorHandling.o
                0x0000e178                g_animPoseMain_trampoline
 .bss.g_npcNameToPtr_trampoline
                0x0000e17c        0x4 errorHandling.o
                0x0000e17c                g_npcNameToPtr_trampoline
 .bss.heapCorruptionInfo
                0x0000e180        0x8 errorHandling.o
                0x0000e180                heapCorruptionInfo
 .bss.animPoseMainErrorInfo
                0x0000e188        0x4 errorHandling.o
                0x0000e188                animPoseMainErrorInfo
 .bss.npcNameToPtrErrorInfo
                0x0000e18c        0x4 errorHandling.o
                0x0000e18c                npcNameToPtrErrorInfo
 .bss._ZN3mod4gModE
                0x0000e190        0x4 mod.o
                0x0000e190                _ZN3mod4gModE
 .bss._ZN17ModUpdateFunction6sFirstE
                0x0000e194        0x4 mod.o
                0x0000e194                _ZN17ModUpdateFunction6sFirstE
 .bss._ZN15ModInitFunction6sFirstE
                0x0000e198        0x4 mod.o
                0x0000e198                _ZN15ModInitFunction6sFirstE
 *(.gnu.linkonce.b.*)
 *(COMMON)
                0x0000e1a0                        . = ALIGN (0x20)
 *fill*         0x0000e19c        0x4 
                [!provide]                        PROVIDE (__bss_end = .)
                0x0000e1a0                        __bss_end = .
                0x0000e1a0                        _end = .
                [!provide]                        PROVIDE (end = .)

.bss._ZZNK3mod14seq_change_mapMUlPKcE_clES2_E8beroName
                0x00000000       0x20
 .bss._ZZNK3mod14seq_change_mapMUlPKcE_clES2_E8beroName
                0x00000000       0x20 con_seq.o
                0x00000000                _ZZNK3mod14seq_change_mapMUlPKcE_clES1_E8beroName
                0x00000000                _ZZNK3mod14seq_change_mapMUlPKcE_clES2_E8beroName

.bss._ZZNK3mod14seq_change_mapMUlPKcE_clES2_E7mapName
                0x00000000       0x20
 .bss._ZZNK3mod14seq_change_mapMUlPKcE_clES2_E7mapName
                0x00000000       0x20 con_seq.o
                0x00000000                _ZZNK3mod14seq_change_mapMUlPKcE_clES2_E7mapName
                0x00000000                _ZZNK3mod14seq_change_mapMUlPKcE_clES1_E7mapName

.stab
 *(.stab)

.stabstr
 *(.stabstr)

.stab.excl
 *(.stab.excl)

.stab.exclstr
 *(.stab.exclstr)

.stab.index
 *(.stab.index)

.stab.indexstr
 *(.stab.indexstr)

.comment        0x00000000      0x6c0
 *(.comment)
 .comment       0x00000000       0x24 OWR.o
 .comment       0x00000024       0x24 StateManager.o
 .comment       0x00000048       0x24 common.o
 .comment       0x0000006c       0x24 con_mario.o
 .comment       0x00000090       0x24 con_perf.o
 .comment       0x000000b4       0x24 con_seq.o
 .comment       0x000000d8       0x24 console.o
 .comment       0x000000fc       0x24 cxx.o
 .comment       0x00000120       0x24 errorHandling.o
 .comment       0x00000144       0x24 gamePatches.o
 .comment       0x00000168       0x24 keyboard.o
 .comment       0x0000018c       0x24 mod.o
 .comment       0x000001b0       0x24 patch.o
 .comment       0x000001d4       0x24 printf.o
 .comment       0x000001f8       0x24 rel.o
 .comment       0x0000021c       0x24 ug.o
 .comment       0x00000240       0x24 util.o
 .comment       0x00000264       0x24 aaa.o
 .comment       0x00000288       0x24 aji.o
 .comment       0x000002ac       0x24 bom.o
 .comment       0x000002d0       0x24 dou.o
 .comment       0x000002f4       0x24 eki.o
 .comment       0x00000318       0x24 end.o
 .comment       0x0000033c       0x24 gon.o
 .comment       0x00000360       0x24 gor_00.o
 .comment       0x00000384       0x24 gor_01.o
 .comment       0x000003a8       0x24 gor_02.o
 .comment       0x000003cc       0x24 gor_03.o
 .comment       0x000003f0       0x24 gor_04.o
 .comment       0x00000414       0x24 gor_misc.o
 .comment       0x00000438       0x24 gra.o
 .comment       0x0000045c       0x24 hei.o
 .comment       0x00000480       0x24 hom.o
 .comment       0x000004a4       0x24 jin.o
 .comment       0x000004c8       0x24 kpa.o
 .comment       0x000004ec       0x24 las.o
 .comment       0x00000510       0x24 main.o
 .comment       0x00000534       0x24 moo.o
 .comment       0x00000558       0x24 mri.o
 .comment       0x0000057c       0x24 muj.o
 .comment       0x000005a0       0x24 nok.o
 .comment       0x000005c4       0x24 pik.o
 .comment       0x000005e8       0x24 rsh.o
 .comment       0x0000060c       0x24 tik.o
 .comment       0x00000630       0x24 tou.o
 .comment       0x00000654       0x24 tou2.o
 .comment       0x00000678       0x24 usu.o
 .comment       0x0000069c       0x24 win.o

.gnu.attributes
                0x00000000       0x10
 .gnu.attributes
                0x00000000       0x10 OWR.o
 .gnu.attributes
                0x00000010       0x10 common.o
 .gnu.attributes
                0x00000020       0x10 con_mario.o
 .gnu.attributes
                0x00000030       0x10 con_perf.o
 .gnu.attributes
                0x00000040       0x10 console.o
 .gnu.attributes
                0x00000050       0x10 errorHandling.o
 .gnu.attributes
                0x00000060       0x10 mod.o
 .gnu.attributes
                0x00000070       0x10 printf.o
 .gnu.attributes
                0x00000080       0x10 util.o

.group          0x00000000        0xc
 .group         0x00000000        0xc con_mario.o

.group          0x00000000        0xc
 .group         0x00000000        0xc con_perf.o

.group          0x00000000        0xc
 .group         0x00000000        0xc con_seq.o

.group          0x00000000        0x8
 .group         0x00000000        0x8 con_seq.o

.group          0x00000000        0x8
 .group         0x00000000        0x8 con_seq.o

.group          0x00000000        0xc
 .group         0x00000000        0xc console.o

.group          0x00000000        0xc
 .group         0x00000000        0xc errorHandling.o

.debug
 *(.debug)

.line
 *(.line)

.debug_srcinfo
 *(.debug_srcinfo)

.debug_sfnames
 *(.debug_sfnames)

.debug_aranges  0x00000000      0x988
 *(.debug_aranges)
 .debug_aranges
                0x00000000       0x88 OWR.o
 .debug_aranges
                0x00000088       0x28 StateManager.o
 .debug_aranges
                0x000000b0       0x60 common.o
 .debug_aranges
                0x00000110       0x30 con_mario.o
 .debug_aranges
                0x00000140       0x30 con_perf.o
 .debug_aranges
                0x00000170       0x38 con_seq.o
 .debug_aranges
                0x000001a8       0xa8 console.o
 .debug_aranges
                0x00000250       0x48 cxx.o
 .debug_aranges
                0x00000298       0x98 errorHandling.o
 .debug_aranges
                0x00000330       0x50 gamePatches.o
 .debug_aranges
                0x00000380       0x40 keyboard.o
 .debug_aranges
                0x000003c0       0x58 mod.o
 .debug_aranges
                0x00000418       0x80 patch.o
 .debug_aranges
                0x00000498       0x28 printf.o
 .debug_aranges
                0x000004c0       0x30 rel.o
 .debug_aranges
                0x000004f0       0x38 ug.o
 .debug_aranges
                0x00000528       0x50 util.o
 .debug_aranges
                0x00000578       0x20 aaa.o
 .debug_aranges
                0x00000598       0x20 aji.o
 .debug_aranges
                0x000005b8       0x20 bom.o
 .debug_aranges
                0x000005d8       0x20 dou.o
 .debug_aranges
                0x000005f8       0x20 eki.o
 .debug_aranges
                0x00000618       0x20 end.o
 .debug_aranges
                0x00000638       0x20 gon.o
 .debug_aranges
                0x00000658       0x28 gor_00.o
 .debug_aranges
                0x00000680       0x20 gor_01.o
 .debug_aranges
                0x000006a0       0x20 gor_02.o
 .debug_aranges
                0x000006c0       0x20 gor_03.o
 .debug_aranges
                0x000006e0       0x20 gor_04.o
 .debug_aranges
                0x00000700       0x28 gor_misc.o
 .debug_aranges
                0x00000728       0x20 gra.o
 .debug_aranges
                0x00000748       0x20 hei.o
 .debug_aranges
                0x00000768       0x20 hom.o
 .debug_aranges
                0x00000788       0x20 jin.o
 .debug_aranges
                0x000007a8       0x20 kpa.o
 .debug_aranges
                0x000007c8       0x20 las.o
 .debug_aranges
                0x000007e8       0x30 main.o
 .debug_aranges
                0x00000818       0x20 moo.o
 .debug_aranges
                0x00000838       0x20 mri.o
 .debug_aranges
                0x00000858       0x20 muj.o
 .debug_aranges
                0x00000878       0x20 nok.o
 .debug_aranges
                0x00000898       0x20 pik.o
 .debug_aranges
                0x000008b8       0x20 rsh.o
 .debug_aranges
                0x000008d8       0x30 tik.o
 .debug_aranges
                0x00000908       0x20 tou.o
 .debug_aranges
                0x00000928       0x20 tou2.o
 .debug_aranges
                0x00000948       0x20 usu.o
 .debug_aranges
                0x00000968       0x20 win.o

.debug_pubnames
 *(.debug_pubnames)

.debug_info     0x00000000    0x3f427
 *(.debug_info)
 .debug_info    0x00000000     0x4b00 OWR.o
 .debug_info    0x00004b00      0x3bd StateManager.o
 .debug_info    0x00004ebd      0xf83 common.o
 .debug_info    0x00005e40     0x2443 con_mario.o
 .debug_info    0x00008283     0x211f con_perf.o
 .debug_info    0x0000a3a2     0x20e3 con_seq.o
 .debug_info    0x0000c485     0x3a79 console.o
 .debug_info    0x0000fefe      0x407 cxx.o
 .debug_info    0x00010305     0x3b05 errorHandling.o
 .debug_info    0x00013e0a     0x2c19 gamePatches.o
 .debug_info    0x00016a23      0xe4d keyboard.o
 .debug_info    0x00017870     0x33aa mod.o
 .debug_info    0x0001ac1a      0xe1b patch.o
 .debug_info    0x0001ba35      0x580 printf.o
 .debug_info    0x0001bfb5      0x103 rel.o
 .debug_info    0x0001c0b8      0x77f ug.o
 .debug_info    0x0001c837      0x9c5 util.o
 .debug_info    0x0001d1fc      0x2e3 aaa.o
 .debug_info    0x0001d4df     0x1764 aji.o
 .debug_info    0x0001ec43      0x3fb bom.o
 .debug_info    0x0001f03e     0x112e dou.o
 .debug_info    0x0002016c      0xb96 eki.o
 .debug_info    0x00020d02      0x2d9 end.o
 .debug_info    0x00020fdb     0x1184 gon.o
 .debug_info    0x0002215f     0x1ead gor_00.o
 .debug_info    0x0002400c     0x1239 gor_01.o
 .debug_info    0x00025245     0x1866 gor_02.o
 .debug_info    0x00026aab      0xc28 gor_03.o
 .debug_info    0x000276d3      0x746 gor_04.o
 .debug_info    0x00027e19     0x1122 gor_misc.o
 .debug_info    0x00028f3b      0x831 gra.o
 .debug_info    0x0002976c     0x1396 hei.o
 .debug_info    0x0002ab02      0x9d4 hom.o
 .debug_info    0x0002b4d6      0x405 jin.o
 .debug_info    0x0002b8db      0x31f kpa.o
 .debug_info    0x0002bbfa      0x49b las.o
 .debug_info    0x0002c095     0x3134 main.o
 .debug_info    0x0002f1c9      0x947 moo.o
 .debug_info    0x0002fb10     0x1d3b mri.o
 .debug_info    0x0003184b     0x1dd1 muj.o
 .debug_info    0x0003361c     0x1527 nok.o
 .debug_info    0x00034b43     0x168e pik.o
 .debug_info    0x000361d1     0x1de2 rsh.o
 .debug_info    0x00037fb3     0x2420 tik.o
 .debug_info    0x0003a3d3     0x1b6a tou.o
 .debug_info    0x0003bf3d      0x3fb tou2.o
 .debug_info    0x0003c338     0x1dd5 usu.o
 .debug_info    0x0003e10d     0x131a win.o

.debug_abbrev   0x00000000     0x82fe
 *(.debug_abbrev)
 .debug_abbrev  0x00000000      0x7e4 OWR.o
 .debug_abbrev  0x000007e4      0x17e StateManager.o
 .debug_abbrev  0x00000962      0x217 common.o
 .debug_abbrev  0x00000b79      0x60c con_mario.o
 .debug_abbrev  0x00001185      0x64d con_perf.o
 .debug_abbrev  0x000017d2      0x67c con_seq.o
 .debug_abbrev  0x00001e4e      0x940 console.o
 .debug_abbrev  0x0000278e      0x1a8 cxx.o
 .debug_abbrev  0x00002936      0x78c errorHandling.o
 .debug_abbrev  0x000030c2      0x4a8 gamePatches.o
 .debug_abbrev  0x0000356a      0x32f keyboard.o
 .debug_abbrev  0x00003899      0x74f mod.o
 .debug_abbrev  0x00003fe8      0x21e patch.o
 .debug_abbrev  0x00004206      0x1d5 printf.o
 .debug_abbrev  0x000043db       0xf0 rel.o
 .debug_abbrev  0x000044cb      0x1bf ug.o
 .debug_abbrev  0x0000468a      0x21e util.o
 .debug_abbrev  0x000048a8       0xcc aaa.o
 .debug_abbrev  0x00004974      0x22a aji.o
 .debug_abbrev  0x00004b9e       0xcc bom.o
 .debug_abbrev  0x00004c6a      0x1f2 dou.o
 .debug_abbrev  0x00004e5c      0x1d6 eki.o
 .debug_abbrev  0x00005032       0xcc end.o
 .debug_abbrev  0x000050fe      0x1e3 gon.o
 .debug_abbrev  0x000052e1      0x260 gor_00.o
 .debug_abbrev  0x00005541      0x21d gor_01.o
 .debug_abbrev  0x0000575e      0x244 gor_02.o
 .debug_abbrev  0x000059a2      0x1e3 gor_03.o
 .debug_abbrev  0x00005b85      0x191 gor_04.o
 .debug_abbrev  0x00005d16      0x2a0 gor_misc.o
 .debug_abbrev  0x00005fb6      0x1c2 gra.o
 .debug_abbrev  0x00006178      0x1ee hei.o
 .debug_abbrev  0x00006366      0x1c1 hom.o
 .debug_abbrev  0x00006527       0xcc jin.o
 .debug_abbrev  0x000065f3       0xcc kpa.o
 .debug_abbrev  0x000066bf       0xcc las.o
 .debug_abbrev  0x0000678b      0x2fc main.o
 .debug_abbrev  0x00006a87      0x1c5 moo.o
 .debug_abbrev  0x00006c4c      0x227 mri.o
 .debug_abbrev  0x00006e73      0x220 muj.o
 .debug_abbrev  0x00007093      0x218 nok.o
 .debug_abbrev  0x000072ab      0x217 pik.o
 .debug_abbrev  0x000074c2      0x215 rsh.o
 .debug_abbrev  0x000076d7      0x530 tik.o
 .debug_abbrev  0x00007c07      0x227 tou.o
 .debug_abbrev  0x00007e2e       0xcc tou2.o
 .debug_abbrev  0x00007efa      0x215 usu.o
 .debug_abbrev  0x0000810f      0x1ef win.o

.debug_line     0x00000000    0x1560a
 *(.debug_line)
 .debug_line    0x00000000      0xd81 OWR.o
 .debug_line    0x00000d81      0x1c2 StateManager.o
 .debug_line    0x00000f43      0x351 common.o
 .debug_line    0x00001294      0x476 con_mario.o
 .debug_line    0x0000170a      0x563 con_perf.o
 .debug_line    0x00001c6d      0x50f con_seq.o
 .debug_line    0x0000217c     0x131b console.o
 .debug_line    0x00003497      0x1f6 cxx.o
 .debug_line    0x0000368d      0xcf6 errorHandling.o
 .debug_line    0x00004383      0x68a gamePatches.o
 .debug_line    0x00004a0d      0x4ae keyboard.o
 .debug_line    0x00004ebb      0x6a5 mod.o
 .debug_line    0x00005560      0x41b patch.o
 .debug_line    0x0000597b      0x24f printf.o
 .debug_line    0x00005bca      0x13d rel.o
 .debug_line    0x00005d07      0x360 ug.o
 .debug_line    0x00006067      0x40c util.o
 .debug_line    0x00006473      0x205 aaa.o
 .debug_line    0x00006678      0xd67 aji.o
 .debug_line    0x000073df      0x553 bom.o
 .debug_line    0x00007932      0x614 dou.o
 .debug_line    0x00007f46      0x507 eki.o
 .debug_line    0x0000844d      0x1f5 end.o
 .debug_line    0x00008642      0x60c gon.o
 .debug_line    0x00008c4e      0x8af gor_00.o
 .debug_line    0x000094fd      0x670 gor_01.o
 .debug_line    0x00009b6d      0x68c gor_02.o
 .debug_line    0x0000a1f9      0x79d gor_03.o
 .debug_line    0x0000a996      0x487 gor_04.o
 .debug_line    0x0000ae1d      0x415 gor_misc.o
 .debug_line    0x0000b232      0x40e gra.o
 .debug_line    0x0000b640      0x554 hei.o
 .debug_line    0x0000bb94      0x3b4 hom.o
 .debug_line    0x0000bf48      0x515 jin.o
 .debug_line    0x0000c45d      0x28e kpa.o
 .debug_line    0x0000c6eb      0x6a7 las.o
 .debug_line    0x0000cd92      0xab0 main.o
 .debug_line    0x0000d842      0x2d8 moo.o
 .debug_line    0x0000db1a     0x103c mri.o
 .debug_line    0x0000eb56      0xf06 muj.o
 .debug_line    0x0000fa5c      0x58b nok.o
 .debug_line    0x0000ffe7      0x863 pik.o
 .debug_line    0x0001084a     0x14c2 rsh.o
 .debug_line    0x00011d0c      0xa26 tik.o
 .debug_line    0x00012732     0x1793 tou.o
 .debug_line    0x00013ec5      0x583 tou2.o
 .debug_line    0x00014448      0xc7c usu.o
 .debug_line    0x000150c4      0x546 win.o

.debug_frame
 *(.debug_frame)

.debug_str      0x00000000    0x428b3
 *(.debug_str)
 .debug_str     0x00000000     0x4191 OWR.o
 .debug_str     0x00004191      0x3ab StateManager.o
 .debug_str     0x0000453c     0x13e4 common.o
 .debug_str     0x00005920     0x196f con_mario.o
 .debug_str     0x0000728f     0x1583 con_perf.o
 .debug_str     0x00008812     0x16b3 con_seq.o
 .debug_str     0x00009ec5     0x19f9 console.o
 .debug_str     0x0000b8be      0x35e cxx.o
 .debug_str     0x0000bc1c     0x2087 errorHandling.o
 .debug_str     0x0000dca3     0x23f5 gamePatches.o
 .debug_str     0x00010098      0x95f keyboard.o
 .debug_str     0x000109f7     0x2257 mod.o
 .debug_str     0x00012c4e      0x726 patch.o
 .debug_str     0x00013374      0x468 printf.o
 .debug_str     0x000137dc      0x191 rel.o
 .debug_str     0x0001396d      0x39b ug.o
 .debug_str     0x00013d08      0x654 util.o
 .debug_str     0x0001435c      0x3d4 aaa.o
 .debug_str     0x00014730     0x2120 aji.o
 .debug_str     0x00016850      0x5d1 bom.o
 .debug_str     0x00016e21     0x1c6d dou.o
 .debug_str     0x00018a8e      0xeb5 eki.o
 .debug_str     0x00019943      0x3ce end.o
 .debug_str     0x00019d11     0x1c87 gon.o
 .debug_str     0x0001b998     0x2941 gor_00.o
 .debug_str     0x0001e2d9     0x1a37 gor_01.o
 .debug_str     0x0001fd10     0x241e gor_02.o
 .debug_str     0x0002212e      0xf35 gor_03.o
 .debug_str     0x00023063      0x560 gor_04.o
 .debug_str     0x000235c3     0x1b5c gor_misc.o
 .debug_str     0x0002511f      0x949 gra.o
 .debug_str     0x00025a68     0x1fe4 hei.o
 .debug_str     0x00027a4c      0xc74 hom.o
 .debug_str     0x000286c0      0x59e jin.o
 .debug_str     0x00028c5e      0x424 kpa.o
 .debug_str     0x00029082      0x66f las.o
 .debug_str     0x000296f1     0x2d72 main.o
 .debug_str     0x0002c463      0xb14 moo.o
 .debug_str     0x0002cf77     0x28a4 mri.o
 .debug_str     0x0002f81b     0x2a60 muj.o
 .debug_str     0x0003227b     0x1d82 nok.o
 .debug_str     0x00033ffd     0x1ff7 pik.o
 .debug_str     0x00035ff4     0x2a0b rsh.o
 .debug_str     0x000389ff     0x2ef5 tik.o
 .debug_str     0x0003b8f4     0x266c tou.o
 .debug_str     0x0003df60      0x5af tou2.o
 .debug_str     0x0003e50f     0x271a usu.o
 .debug_str     0x00040c29     0x1c8a win.o

.debug_loc
 *(.debug_loc)

.debug_macinfo
 *(.debug_macinfo)

.debug_weaknames
 *(.debug_weaknames)

.debug_funcnames
 *(.debug_funcnames)

.debug_typenames
 *(.debug_typenames)

.debug_varnames
 *(.debug_varnames)
                0x00000000                        __isIPL = 0x0
                0x0002e1a0                        __stack_addr = ((((__bss_start + SIZEOF (.bss)) + 0x20000) + 0x7) & 0xfffffffffffffff8)
                0x0000e1a0                        __stack_end = (__bss_start + SIZEOF (.bss))
                0x000321a0                        __intrstack_addr = (__stack_addr + 0x4000)
                0x0002e1a0                        __intrstack_end = __stack_addr
                0x000321a0                        __Arena1Lo = ((__intrstack_addr + 0x1f) & 0xffffffffffffffe0)
                0x817feff0                        __Arena1Hi = 0x817feff0
                0x817ff000                        __gxregs = ((__Arena1Hi + 0x1f) & 0xffffffffffffffe0)
                [!provide]                        PROVIDE (__stack = 0x817feff0)
                [!provide]                        PROVIDE (__isIPL = __isIPL)
                [!provide]                        PROVIDE (__stack_addr = __stack_addr)
                [!provide]                        PROVIDE (__stack_end = __stack_end)
                [!provide]                        PROVIDE (__intrstack_addr = __intrstack_addr)
                [!provide]                        PROVIDE (__intrstack_end = __intrstack_end)
                [!provide]                        PROVIDE (__Arena1Lo = __Arena1Lo)
                [!provide]                        PROVIDE (__Arena1Hi = __Arena1Hi)
                [!provide]                        PROVIDE (__gxregs = __gxregs)
LOAD H:/GhidraProjects/TTYDAP/TTYDAP/rel/source/cxx.ld
                0x0000dfec                        _ctors_start = ADDR (.ctors)
                0x0000e020                        _ctors_end = (_ctors_start + SIZEOF (.ctors))
                0x0000e020                        _dtors_start = ADDR (.dtors)
                0x0000e040                        _dtors_end = (_dtors_start + SIZEOF (.dtors))
LOAD OWR.o
LOAD StateManager.o
LOAD common.o
LOAD con_mario.o
LOAD con_perf.o
LOAD con_seq.o
LOAD console.o
LOAD cxx.o
LOAD errorHandling.o
LOAD gamePatches.o
LOAD keyboard.o
LOAD mod.o
LOAD patch.o
LOAD printf.o
LOAD rel.o
LOAD ug.o
LOAD util.o
LOAD aaa.o
LOAD aji.o
LOAD bom.o
LOAD dou.o
LOAD eki.o
LOAD end.o
LOAD gon.o
LOAD gor_00.o
LOAD gor_01.o
LOAD gor_02.o
LOAD gor_03.o
LOAD gor_04.o
LOAD gor_misc.o
LOAD gra.o
LOAD hei.o
LOAD hom.o
LOAD jin.o
LOAD kpa.o
LOAD las.o
LOAD main.o
LOAD moo.o
LOAD mri.o
LOAD muj.o
LOAD nok.o
LOAD pik.o
LOAD rsh.o
LOAD tik.o
LOAD tou.o
LOAD tou2.o
LOAD usu.o
LOAD win.o
LOAD CrashScreenDecrementYPos.o
LOAD FixBlooperCrash1.o
LOAD FixBlooperCrash2.o
LOAD PreventDiaryTextboxSelection.o
LOAD asm_main.o
LOAD restfpr_x.o
LOAD restgpr_x.o
LOAD patch_ih.o
OUTPUT(H:/GhidraProjects/TTYDAP/TTYDAP/rel/rel.eu.elf elf32-powerpc)

.debug_loclists
                0x00000000     0x37a2
 .debug_loclists
                0x00000000      0xa64 OWR.o
 .debug_loclists
                0x00000a64       0x17 StateManager.o
 .debug_loclists
                0x00000a7b      0x130 common.o
 .debug_loclists
                0x00000bab       0xa9 con_mario.o
 .debug_loclists
                0x00000c54      0x22a con_perf.o
 .debug_loclists
                0x00000e7e       0xf4 con_seq.o
 .debug_loclists
                0x00000f72      0xe12 console.o
 .debug_loclists
                0x00001d84       0x95 cxx.o
 .debug_loclists
                0x00001e19      0x955 errorHandling.o
 .debug_loclists
                0x0000276e      0x202 gamePatches.o
 .debug_loclists
                0x00002970      0x17e keyboard.o
 .debug_loclists
                0x00002aee      0x199 mod.o
 .debug_loclists
                0x00002c87      0x540 patch.o
 .debug_loclists
                0x000031c7      0x122 printf.o
 .debug_loclists
                0x000032e9       0x4d rel.o
 .debug_loclists
                0x00003336      0x1a2 ug.o
 .debug_loclists
                0x000034d8      0x1cb util.o
 .debug_loclists
                0x000036a3       0x2d gor_04.o
 .debug_loclists
                0x000036d0       0xd2 tik.o

.debug_rnglists
                0x00000000      0xe60
 .debug_rnglists
                0x00000000      0x170 OWR.o
 .debug_rnglists
                0x00000170       0x19 StateManager.o
 .debug_rnglists
                0x00000189       0x4f common.o
 .debug_rnglists
                0x000001d8       0x6e con_mario.o
 .debug_rnglists