Archive member included to satisfy reference by file (symbol)

C:/devkitPro/devkitPPC/bin/../lib/gcc/powerpc-eabi/13.1.0\libgcc.a(_divdi3.o)
                              console.o (__divdi3)

Discarded input sections

 .text          0x00000000        0x0 OWR.o
 .data          0x00000000        0x0 OWR.o
 .bss           0x00000000        0x0 OWR.o
 .text._Z13strcpy_StringPcPKc
                0x00000000        0x4 OWR.o
 .text._ZN3mod3owr3OWR6LZTestEv
                0x00000000       0x48 OWR.o
 .text._ZN3mod3owr3OWR11NewFileInitEv
                0x00000000        0x4 OWR.o
 .text._ZN3mod3owr3OWR10DrawStringEPKciijf
                0x00000000       0xb0 OWR.o
 .bss._ZN3mod3owr22g_itemEntry_trampolineE
                0x00000000        0x4 OWR.o
 .rodata.cst4   0x00000000        0x4 OWR.o
 .text          0x00000000        0x0 StateManager.o
 .data          0x00000000        0x0 StateManager.o
 .bss           0x00000000        0x0 StateManager.o
 .debug_line    0x00000000        0x0 StateManager.o
 .debug_str     0x00000000      0x123 StateManager.o
 .comment       0x00000000       0x24 StateManager.o
 .text          0x00000000        0x0 common.o
 .data          0x00000000        0x0 common.o
 .bss           0x00000000        0x0 common.o
 .text._ZN3mod6common14GetCurrentAreaEv
                0x00000000       0x1c common.o
 .text._ZN3mod6common13GetCurrentMapEv
                0x00000000       0x1c common.o
 .text._ZN3mod6common11GetFilenameEv
                0x00000000       0x1c common.o
 .text._ZN3mod6common16GetStorySequenceEv
                0x00000000       0x24 common.o
 .text._ZN3mod6common14GetPitSequenceEv
                0x00000000       0x2c common.o
 .text._ZN3mod6common17GetSavedFlagValueEi
                0x00000000       0x44 common.o
 .text._ZN3mod6common21HasKeyItemInInventoryEs
                0x00000000       0x60 common.o
 .text._ZN3mod6common25GetBattleWindowDataOffsetEv
                0x00000000       0x1c common.o
 .text._ZN3mod6common21GetStatusWindowHeightEv
                0x00000000       0x28 common.o
 .data._ZN3mod6common29kUnknownStatusWindowStructPtrE
                0x00000000        0x4 common.o
 .data._ZN3mod6common10kBattlePtrE
                0x00000000        0x4 common.o
 .data._ZN3mod6common9kPouchPtrE
                0x00000000        0x4 common.o
 .data._ZN3mod6common12kSaveDataPtrE
                0x00000000        0x4 common.o
 .rodata._ZN3mod6common32kUltraHammerChestDespawnIdOffsetE
                0x00000000        0x4 common.o
 .rodata._ZN3mod6common27kObjectCollectionExprOffsetE
                0x00000000        0x4 common.o
 .rodata._ZN3mod6common27kObjectChestScriptPtrOffsetE
                0x00000000        0x4 common.o
 .rodata._ZN3mod6common33kMujModuleFlavioDesiredItemOffsetE
                0x00000000        0x4 common.o
 .rodata._ZN3mod6common36kJinModuleAtomicBooItemGswfSetOffsetE
                0x00000000        0x4 common.o
 .rodata._ZN3mod6common39kJinModuleAtomicBooItemObjectFlagOffsetE
                0x00000000        0x4 common.o
 .rodata._ZN3mod6common32kPitModuleCharlietonChanceOffsetE
                0x00000000        0x4 common.o
 .rodata._ZN3mod6common22kPitModuleNpcArrOffsetE
                0x00000000        0x4 common.o
 .rodata._ZN3mod6common23kSavedWordFlagBaseValueE
                0x00000000        0x4 common.o
 .data._ZN3mod6common20kPiantaParlorItemArrE
                0x00000000        0x4 common.o
 .data._ZN3mod6common21kPitCharlietonItemArrE
                0x00000000        0x4 common.o
 .data._ZN3mod6common12kHowzItemArrE
                0x00000000        0x4 common.o
 .data._ZN3mod6common18kCharlietonItemArrE
                0x00000000        0x4 common.o
 .data._ZN3mod6common14kDazzleItemArrE
                0x00000000        0x4 common.o
 .data._ZN3mod6common20kSuperguardFramesArrE
                0x00000000        0x4 common.o
 .data._ZN3mod6common15kGuardFramesArrE
                0x00000000        0x4 common.o
 .data._ZN3mod6common25kSuperChargePartnerParamsE
                0x00000000        0x4 common.o
 .data._ZN3mod6common18kSuperChargeParamsE
                0x00000000        0x4 common.o
 .data._ZN3mod6common19kPiercingBlowParamsE
                0x00000000        0x4 common.o
 .data._ZN3mod6common18kHammerThrowParamsE
                0x00000000        0x4 common.o
 .data._ZN3mod6common17kKoopaCurseParamsE
                0x00000000        0x4 common.o
 .data._ZN3mod6common15kTradeOffParamsE
                0x00000000        0x4 common.o
 .data._ZN3mod6common17kGulpRecoilParamsE
                0x00000000        0x4 common.o
 .data._ZN3mod6common24kUltraHammerRecoilParamsE
                0x00000000        0x4 common.o
 .data._ZN3mod6common24kSuperHammerRecoilParamsE
                0x00000000        0x4 common.o
 .data._ZN3mod6common8kNextMapE
                0x00000000        0x4 common.o
 .rodata.cst4   0x00000000        0x4 common.o
 .text          0x00000000        0x0 con_mario.o
 .data          0x00000000        0x0 con_mario.o
 .bss           0x00000000        0x0 con_mario.o
 .text          0x00000000        0x0 con_perf.o
 .data          0x00000000        0x0 con_perf.o
 .bss           0x00000000        0x0 con_perf.o
 .text          0x00000000        0x0 con_seq.o
 .data          0x00000000        0x0 con_seq.o
 .bss           0x00000000        0x0 con_seq.o
 .text          0x00000000        0x0 console.o
 .data          0x00000000        0x0 console.o
 .bss           0x00000000        0x0 console.o
 .text._ZN3mod13ConsoleSystem8logDebugEPKcz
                0x00000000       0xbc console.o
 .text._ZN3mod13ConsoleSystem12setMonospaceEb
                0x00000000       0x30 console.o
 .text._ZN3mod13ConsoleSystem8drawLineEiPKcN2gc6color4E
                0x00000000       0xd4 console.o
 .text._ZN3mod13ConsoleSystem14updateUsbGeckoEv
                0x00000000       0x14 console.o
 .text          0x00000000        0x0 cxx.o
 .data          0x00000000        0x0 cxx.o
 .bss           0x00000000        0x0 cxx.o
 .text._ZdlPv   0x00000000        0xc cxx.o
 .text._ZdaPv   0x00000000        0xc cxx.o
 .text          0x00000000        0x0 keyboard.o
 .data          0x00000000        0x0 keyboard.o
 .bss           0x00000000        0x0 keyboard.o
 .text._ZN3mod8Keyboard10setChannelEi
                0x00000000       0xc4 keyboard.o
 .text._ZN3mod8Keyboard7connectEv
                0x00000000       0x78 keyboard.o
 .text._ZN3mod8Keyboard10disconnectEv
                0x00000000       0x4c keyboard.o
 .text          0x00000000        0x0 mod.o
 .data          0x00000000        0x0 mod.o
 .bss           0x00000000        0x0 mod.o
 .text._ZN3mod3ModC2Ev
                0x00000000       0xa0 mod.o
 .text._ZN3mod3Mod11updateEarlyEv
                0x00000000       0x90 mod.o
 .text._ZN3mod3Mod4drawEv
                0x00000000        0x8 mod.o
 .text          0x00000000        0x0 patch.o
 .data          0x00000000        0x0 patch.o
 .bss           0x00000000        0x0 patch.o
 .text._ZN3mod5patch21writeStandardBranchesEPvPFvvES3_
                0x00000000       0x80 patch.o
 .text._ZN3mod5patch15replaceEvtInstrEPit
                0x00000000        0x8 patch.o
 .text._ZN3mod5patch14writeEvtBranchEPiPKib
                0x00000000       0x1c patch.o
 .text._ZN3mod5patch15writeBranchMainEPvS1_j
                0x00000000       0x48 patch.o
 .text._ZN3mod5patch10writePatchEPvPKvS3_
                0x00000000       0x7c patch.o
 .text._ZN3mod5patch10writePatchEPvj
                0x00000000       0x6c patch.o
 .text._ZN3mod5patch15writeBranchPairEPvS1_S1_S1_
                0x00000000       0x88 patch.o
 .text          0x00000000        0x0 rel.o
 .data          0x00000000        0x0 rel.o
 .bss           0x00000000        0x0 rel.o
 .text          0x00000000        0x0 ug.o
 .data          0x00000000        0x0 ug.o
 .bss           0x00000000        0x0 ug.o
 .text          0x00000000        0x0 util.o
 .data          0x00000000        0x0 util.o
 .bss           0x00000000        0x0 util.o
 .text          0x00000000        0x0 aaa.o
 .data          0x00000000        0x0 aaa.o
 .bss           0x00000000        0x0 aaa.o
 .text          0x00000000        0x0 aji.o
 .data          0x00000000        0x0 aji.o
 .bss           0x00000000        0x0 aji.o
 .text          0x00000000        0x0 bom.o
 .data          0x00000000        0x0 bom.o
 .bss           0x00000000        0x0 bom.o
 .text          0x00000000        0x0 dou.o
 .data          0x00000000        0x0 dou.o
 .bss           0x00000000        0x0 dou.o
 .text          0x00000000        0x0 eki.o
 .data          0x00000000        0x0 eki.o
 .bss           0x00000000        0x0 eki.o
 .text          0x00000000        0x0 end.o
 .data          0x00000000        0x0 end.o
 .bss           0x00000000        0x0 end.o
 .text          0x00000000        0x0 gon.o
 .data          0x00000000        0x0 gon.o
 .bss           0x00000000        0x0 gon.o
 .text          0x00000000        0x0 gor_00.o
 .data          0x00000000        0x0 gor_00.o
 .bss           0x00000000        0x0 gor_00.o
 .text          0x00000000        0x0 gor_01.o
 .data          0x00000000        0x0 gor_01.o
 .bss           0x00000000        0x0 gor_01.o
 .text          0x00000000        0x0 gor_02.o
 .data          0x00000000        0x0 gor_02.o
 .bss           0x00000000        0x0 gor_02.o
 .text          0x00000000        0x0 gor_03.o
 .data          0x00000000        0x0 gor_03.o
 .bss           0x00000000        0x0 gor_03.o
 .text          0x00000000        0x0 gor_04.o
 .data          0x00000000        0x0 gor_04.o
 .bss           0x00000000        0x0 gor_04.o
 .text          0x00000000        0x0 gor_misc.o
 .data          0x00000000        0x0 gor_misc.o
 .bss           0x00000000        0x0 gor_misc.o
 .text          0x00000000        0x0 gra.o
 .data          0x00000000        0x0 gra.o
 .bss           0x00000000        0x0 gra.o
 .text          0x00000000        0x0 hei.o
 .data          0x00000000        0x0 hei.o
 .bss           0x00000000        0x0 hei.o
 .text          0x00000000        0x0 hom.o
 .data          0x00000000        0x0 hom.o
 .bss           0x00000000        0x0 hom.o
 .text          0x00000000        0x0 jin.o
 .data          0x00000000        0x0 jin.o
 .bss           0x00000000        0x0 jin.o
 .text          0x00000000        0x0 kpa.o
 .data          0x00000000        0x0 kpa.o
 .bss           0x00000000        0x0 kpa.o
 .text          0x00000000        0x0 las.o
 .data          0x00000000        0x0 las.o
 .bss           0x00000000        0x0 las.o
 .text._Z15ApplyLasPatchesPN2gc6OSLink12OSModuleInfoE
                0x00000000      0x4b4 las.o
 .text          0x00000000        0x0 main.o
 .data          0x00000000        0x0 main.o
 .bss           0x00000000        0x0 main.o
 .text          0x00000000        0x0 moo.o
 .data          0x00000000        0x0 moo.o
 .bss           0x00000000        0x0 moo.o
 .text._Z15ApplyMooPatchesPN2gc6OSLink12OSModuleInfoE
                0x00000000       0xac moo.o
 .rodata._ZL20moo_04_init_evt_hook
                0x00000000       0x28 moo.o
 .rodata._ZL19moo_04_init_evt_evt
                0x00000000      0x144 moo.o
 .text          0x00000000        0x0 mri.o
 .data          0x00000000        0x0 mri.o
 .bss           0x00000000        0x0 mri.o
 .text          0x00000000        0x0 muj.o
 .data          0x00000000        0x0 muj.o
 .bss           0x00000000        0x0 muj.o
 .text          0x00000000        0x0 nok.o
 .data          0x00000000        0x0 nok.o
 .bss           0x00000000        0x0 nok.o
 .text          0x00000000        0x0 pik.o
 .data          0x00000000        0x0 pik.o
 .bss           0x00000000        0x0 pik.o
 .text          0x00000000        0x0 rsh.o
 .data          0x00000000        0x0 rsh.o
 .bss           0x00000000        0x0 rsh.o
 .text          0x00000000        0x0 tik.o
 .data          0x00000000        0x0 tik.o
 .bss           0x00000000        0x0 tik.o
 .text._Z24checkChapterRequirementsPN4ttyd6evtmgr8EvtEntryEb
                0x00000000       0xac tik.o
 .text          0x00000000        0x0 tou.o
 .data          0x00000000        0x0 tou.o
 .bss           0x00000000        0x0 tou.o
 .text          0x00000000        0x0 tou2.o
 .data          0x00000000        0x0 tou2.o
 .bss           0x00000000        0x0 tou2.o
 .text          0x00000000        0x0 usu.o
 .data          0x00000000        0x0 usu.o
 .bss           0x00000000        0x0 usu.o
 .text          0x00000000        0x0 win.o
 .data          0x00000000        0x0 win.o
 .bss           0x00000000        0x0 win.o
 .data          0x00000000        0x0 asm_main.o
 .bss           0x00000000        0x0 asm_main.o
 .text          0x00000000       0x7c patch_ih.o
 .data          0x00000000        0x0 patch_ih.o
 .bss           0x00000000        0x0 patch_ih.o
 .text          0x00000000        0x0 C:/devkitPro/devkitPPC/bin/../lib/gcc/powerpc-eabi/13.1.0\libgcc.a(_divdi3.o)
 .data          0x00000000        0x0 C:/devkitPro/devkitPPC/bin/../lib/gcc/powerpc-eabi/13.1.0\libgcc.a(_divdi3.o)
 .bss           0x00000000        0x0 C:/devkitPro/devkitPPC/bin/../lib/gcc/powerpc-eabi/13.1.0\libgcc.a(_divdi3.o)

Memory Configuration

Name             Origin             Length             Attributes
*default*        0x00000000         0xffffffff

Linker script and memory map

                0x80003100                        . = 0x80003100

.init
 *crt0.o(*.init)
 *(.init)

.plt
 *(.plt)

.interp
 *(.interp)

.hash
 *(.hash)

.dynsym
 *(.dynsym)

.dynstr
 *(.dynstr)

.gnu.version
 *(.gnu.version)

.gnu.version_d
 *(.gnu.version_d)

.gnu.version_r
 *(.gnu.version_r)

.rel.init
 *(.rel.init)

.rela.init
 *(.rela.init)

.rel.text
 *(.rel.text .rel.text.* .rel.gnu.linkonce.t.*)

.rela.text
 *(.rela.text .rela.text.* .rela.gnu.linkonce.t.*)

.rel.fini
 *(.rel.fini)

.rela.fini
 *(.rela.fini)

.rel.rodata
 *(.rel.rodata .rel.rodata.* .rel.gnu.linkonce.r.*)

.rela.rodata
 *(.rela.rodata .rela.rodata.* .rela.gnu.linkonce.r.*)

.rel.data
 *(.rel.data .rel.data.* .rel.gnu.linkonce.d.*)

.rela.data
 *(.rela.data .rela.data.* .rela.gnu.linkonce.d.*)

.rel.tdata
 *(.rel.tdata .rel.tdata.* .rel.gnu.linkonce.td.*)

.rela.tdata
 *(.rela.tdata .rela.tdata.* .rela.gnu.linkonce.td.*)

.rel.tbss
 *(.rel.tbss .rel.tbss.* .rel.gnu.linkonce.tb.*)

.rela.tbss
 *(.rela.tbss .rela.tbss.* .rela.gnu.linkonce.tb.*)

.rel.ctors
 *(.rel.ctors)

.rela.ctors
 *(.rela.ctors)

.rel.dtors
 *(.rel.dtors)

.rela.dtors
 *(.rela.dtors)

.rel.got
 *(.rel.got)

.rela.got
 *(.rela.got)

.rela.got1
 *(.rela.got1)

.rela.got2
 *(.rela.got2)

.rel.sdata
 *(.rel.sdata .rel.sdata.* .rel.gnu.linkonce.s.*)

.rela.sdata
 *(.rela.sdata .rela.sdata.* .rela.gnu.linkonce.s.*)

.rel.sbss
 *(.rel.sbss .rel.sbss.* .rel.gnu.linkonce.sb.*)

.rela.sbss
 *(.rela.sbss .rela.sbss.* .rel.gnu.linkonce.sb.*)

.rel.sdata2
 *(.rel.sdata2 .rel.sdata2.* .rel.gnu.linkonce.s2.*)

.rela.sdata2
 *(.rela.sdata2 .rela.sdata2.* .rela.gnu.linkonce.s2.*)

.rel.sbss2
 *(.rel.sbss2 .rel.sbss2.* .rel.gnu.linkonce.sb2.*)

.rela.sbss2
 *(.rela.sbss2 .rela.sbss2.* .rela.gnu.linkonce.sb2.*)

.rel.bss
 *(.rel.bss .rel.bss.* .rel.gnu.linkonce.b.*)

.rela.bss
 *(.rela.bss .rela.bss.* .rela.gnu.linkonce.b.*)

.rel.plt
 *(.rel.plt)

.rela.plt
 *(.rela.plt)

.text           0x80003100     0xcaa0
 *(.text)
 .text          0x80003100      0x178 asm_main.o
                0x80003100                bMapGXArrInject
                0x8000310c                bMapGXArrInjectReturn
                0x80003110                bMapGXArrIncrement
                0x80003118                bMapGXArrIncrementReturn
                0x8000311c                bMapGXChSplit
                0x80003128                bMapGXChSplitReturn
                0x8000312c                bWinLogArrInject
                0x80003138                bWinLogArrInjectReturn
                0x8000313c                bWinLogArrIncrement
                0x80003144                bWinLogArrIncrementReturn
                0x80003148                bChapterClearCheck
                0x80003190                bJohoyaSeqAddition
                0x800031bc                win_log_mapGX_arr
 *(.text.*)
 *fill*         0x80003278        0x0 00000000
 .text._ZZN3mod3owr3OWR4InitEvENUlvE_4_FUNEv
                0x80003278       0x10 OWR.o
 .text._ZN3mod3owr3OWRC2Ev
                0x80003288        0xc OWR.o
                0x80003288                _ZN3mod3owr3OWRC1Ev
                0x80003288                _ZN3mod3owr3OWRC2Ev
 .text._ZN3mod3owr3OWR12SequenceInitEv
                0x80003294      0x19c OWR.o
                0x80003294                _ZN3mod3owr3OWR12SequenceInitEv
 .text._ZN3mod3owr3OWR4InitEv
                0x80003430       0xec OWR.o
                0x80003430                _ZN3mod3owr3OWR4InitEv
 .text._ZN3mod3owr3OWR6UpdateEv
                0x8000351c       0x4c OWR.o
                0x8000351c                _ZN3mod3owr3OWR6UpdateEv
 .text._ZN3mod3owr3OWR4DrawEv
                0x80003568        0x4 OWR.o
                0x80003568                _ZN3mod3owr3OWR4DrawEv
 .text._ZN3mod3owr3OWR14OnModuleLoadedEPN2gc6OSLink12OSModuleInfoE
                0x8000356c       0xd4 OWR.o
                0x8000356c                _ZN3mod3owr3OWR14OnModuleLoadedEPN2gc6OSLink12OSModuleInfoE
 .text._ZZN3mod3owr3OWR4InitEvENUlPN2gc6OSLink12OSModuleInfoEPvE_4_FUNES5_S6_
                0x80003640       0x84 OWR.o
 .text.startup._GLOBAL__sub_I__Z13strcpy_StringPcPKc
                0x800036c4       0x14 OWR.o
 .text._ZN3modL13mod_if_func22Ev
                0x800036d8       0x54 con_mario.o
 .text.startup._GLOBAL__sub_I__ZN3mod13mario_set_posE
                0x8000372c       0x88 con_mario.o
 .text._ZN3modL13mod_if_func46Ev
                0x800037b4      0x19c con_perf.o
 .text.startup._GLOBAL__sub_I__ZN3mod15perf_fake_spikeE
                0x80003950       0x8c con_perf.o
 .text._ZZN3modL13mod_if_func16EvENUlPN4ttyd6seqdrv7SeqInfoEE_4_FUNES3_
                0x800039dc       0x44 con_seq.o
 .text._ZN3modL13mod_if_func16Ev
                0x80003a20       0x74 con_seq.o
 .text.startup._GLOBAL__sub_I__ZN3mod13seq_logo_skipE
                0x80003a94       0x8c con_seq.o
 .text._ZN3mod13ConsoleSystem4initEv
                0x80003b20       0x38 console.o
                0x80003b20                _ZN3mod13ConsoleSystem4initEv
 .text._ZN3mod13ConsoleSystem8logColorEPKcN2gc6color4E
                0x80003b58      0x2a8 console.o
                0x80003b58                _ZN3mod13ConsoleSystem8logColorEPKcN2gc6color4E
 .text._ZN3mod13ConsoleSystem7logInfoEPKcz
                0x80003e00       0xb8 console.o
                0x80003e00                _ZN3mod13ConsoleSystem7logInfoEPKcz
 .text._ZN3mod7CC_findEPKc
                0x80003eb8      0x12c console.o
                0x80003eb8                _ZN3mod7CC_findEPKc
 .text._ZN3mod13ConsoleSystem10logWarningEPKcz
                0x80003fe4       0xbc console.o
                0x80003fe4                _ZN3mod13ConsoleSystem10logWarningEPKcz
 .text._ZN3mod13ConsoleSystem8logErrorEPKcz
                0x800040a0       0xbc console.o
                0x800040a0                _ZN3mod13ConsoleSystem8logErrorEPKcz
 .text._ZN3mod13ConsoleSystem7overlayEPKcz
                0x8000415c       0xd0 console.o
                0x8000415c                _ZN3mod13ConsoleSystem7overlayEPKcz
 .text._ZN3mod13ConsoleSystem14processCommandEPKc
                0x8000422c      0x288 console.o
                0x8000422c                _ZN3mod13ConsoleSystem14processCommandEPKc
 .text._ZN3mod13ConsoleSystem12updatePromptEv
                0x800044b4      0x974 console.o
                0x800044b4                _ZN3mod13ConsoleSystem12updatePromptEv
 .text._ZN3mod13ConsoleSystem14updateUsbGeckoEv.part.0
                0x80004e28      0x19c console.o
 .text._ZN3mod13ConsoleSystem6updateEv
                0x80004fc4       0x70 console.o
                0x80004fc4                _ZN3mod13ConsoleSystem6updateEv
 .text._ZN3mod13ConsoleSystem4dispEv
                0x80005034      0x534 console.o
                0x80005034                _ZN3mod13ConsoleSystem4dispEv
 .text._ZZN3mod13ConsoleSystem6updateEvENUlN4ttyd7dispdrv8CameraIdEPvE_4_FUNES3_S4_
                0x80005568        0x8 console.o
 .text.startup._GLOBAL__sub_I__ZN3mod10ConCommand6sFirstE
                0x80005570      0x1ac console.o
 .text._Znwj    0x8000571c        0xc cxx.o
                0x8000571c                _Znwj
 .text._Znaj    0x80005728        0xc cxx.o
                0x80005728                _Znaj
 .text._ZN3mod8KeyboardC2Ei
                0x80005734       0x84 keyboard.o
                0x80005734                _ZN3mod8KeyboardC2Ei
                0x80005734                _ZN3mod8KeyboardC1Ei
 .text._ZN3mod8Keyboard6updateEv
                0x800057b8      0x59c keyboard.o
                0x800057b8                _ZN3mod8Keyboard6updateEv
 .text._ZZN3mod3Mod4initEvENUlvE0_4_FUNEv
                0x80005d54        0x4 mod.o
 .text._ZZN3mod3Mod11updateEarlyEvENUlN4ttyd7dispdrv8CameraIdEPvE_4_FUNES3_S4_
                0x80005d58        0x8 mod.o
 .text._ZZN3mod3Mod4initEvENUlvE_4_FUNEv
                0x80005d60       0x94 mod.o
 .text._ZN3mod3Mod4initEv
                0x80005df4       0xfc mod.o
                0x80005df4                _ZN3mod3Mod4initEv
 .text.startup._ZN3mod4mainEv
                0x80005ef0       0xb0 mod.o
                0x80005ef0                _ZN3mod4mainEv
 .text._ZN3mod5patch17clear_DC_IC_CacheEPvj
                0x80005fa0       0x40 patch.o
                0x80005fa0                _ZN3mod5patch17clear_DC_IC_CacheEPvj
 .text._ZN3mod5patch11writeBranchEPvS1_
                0x80005fe0       0x4c patch.o
                0x80005fe0                _ZN3mod5patch11writeBranchEPvS1_
 .text._ZN3mod5patch13writeBranchBLEPvS1_
                0x8000602c       0x50 patch.o
                0x8000602c                _ZN3mod5patch13writeBranchBLEPvS1_
 .text._ZN3mod5patch10writePatchEPvPKvj
                0x8000607c       0x7c patch.o
                0x8000607c                _ZN3mod5patch10writePatchEPvPKvj
 .text._ZN3mod5patch15writeBranchPairEPvS1_S1_
                0x800060f8       0x80 patch.o
                0x800060f8                _ZN3mod5patch15writeBranchPairEPvS1_S1_
 .text._prolog  0x80006178       0xac rel.o
                0x80006178                _prolog
 .text._epilog  0x80006224       0xac rel.o
                0x80006224                _epilog
 .text._unresolved
                0x800062d0        0x4 rel.o
                0x800062d0                _unresolved
 .text._ZN3mod7ugProbeEi
                0x800062d4      0x110 ug.o
                0x800062d4                _ZN3mod7ugProbeEi
 .text._ZN3mod6ugSendEiPKvi
                0x800063e4      0x12c ug.o
                0x800063e4                _ZN3mod6ugSendEiPKvi
 .text._ZN3mod6ugRecvEiPvi
                0x80006510      0x124 ug.o
                0x80006510                _ZN3mod6ugRecvEiPvi
 .text.strstr   0x80006634       0xf0 util.o
                0x80006634                strstr
 .text._Z15ApplyAaaPatchesPN2gc6OSLink12OSModuleInfoE
                0x80006724       0x50 aaa.o
                0x80006724                _Z15ApplyAaaPatchesPN2gc6OSLink12OSModuleInfoE
 .text._Z15ApplyAjiPatchesPN2gc6OSLink12OSModuleInfoE
                0x80006774      0x8ac aji.o
                0x80006774                _Z15ApplyAjiPatchesPN2gc6OSLink12OSModuleInfoE
 .text._Z15ApplyBomPatchesPN2gc6OSLink12OSModuleInfoE
                0x80007020      0x32c bom.o
                0x80007020                _Z15ApplyBomPatchesPN2gc6OSLink12OSModuleInfoE
 .text._Z15ApplyDouPatchesPN2gc6OSLink12OSModuleInfoE
                0x8000734c      0x30c dou.o
                0x8000734c                _Z15ApplyDouPatchesPN2gc6OSLink12OSModuleInfoE
 .text._Z15ApplyEkiPatchesPN2gc6OSLink12OSModuleInfoE
                0x80007658      0x270 eki.o
                0x80007658                _Z15ApplyEkiPatchesPN2gc6OSLink12OSModuleInfoE
 .text._Z15ApplyEndPatchesPN2gc6OSLink12OSModuleInfoE
                0x800078c8       0x30 end.o
                0x800078c8                _Z15ApplyEndPatchesPN2gc6OSLink12OSModuleInfoE
 .text._Z15ApplyGonPatchesPN2gc6OSLink12OSModuleInfoE
                0x800078f8      0x354 gon.o
                0x800078f8                _Z15ApplyGonPatchesPN2gc6OSLink12OSModuleInfoE
 .text._Z17ApplyGor00PatchesPN2gc6OSLink12OSModuleInfoE
                0x80007c4c      0x624 gor_00.o
                0x80007c4c                _Z17ApplyGor00PatchesPN2gc6OSLink12OSModuleInfoE
 .text.startup._GLOBAL__sub_I__Z17ApplyGor00PatchesPN2gc6OSLink12OSModuleInfoE
                0x80008270       0x14 gor_00.o
 .text._Z17ApplyGor01PatchesPN2gc6OSLink12OSModuleInfoE
                0x80008284      0x43c gor_01.o
                0x80008284                _Z17ApplyGor01PatchesPN2gc6OSLink12OSModuleInfoE
 .text._Z17ApplyGor02PatchesPN2gc6OSLink12OSModuleInfoE
                0x800086c0      0x4d8 gor_02.o
                0x800086c0                _Z17ApplyGor02PatchesPN2gc6OSLink12OSModuleInfoE
 .text._Z17ApplyGor03PatchesPN2gc6OSLink12OSModuleInfoE
                0x80008b98      0x4e4 gor_03.o
                0x80008b98                _Z17ApplyGor03PatchesPN2gc6OSLink12OSModuleInfoE
 .text._Z17ApplyGor04PatchesPN2gc6OSLink12OSModuleInfoE
                0x8000907c      0x170 gor_04.o
                0x8000907c                _Z17ApplyGor04PatchesPN2gc6OSLink12OSModuleInfoE
 .text._Z19ApplyGorMiscPatchesPN2gc6OSLink12OSModuleInfoE
                0x800091ec      0x118 gor_misc.o
                0x800091ec                _Z19ApplyGorMiscPatchesPN2gc6OSLink12OSModuleInfoE
 .text._Z15ApplyGraPatchesPN2gc6OSLink12OSModuleInfoE
                0x80009304      0x258 gra.o
                0x80009304                _Z15ApplyGraPatchesPN2gc6OSLink12OSModuleInfoE
 .text._Z15ApplyHeiPatchesPN2gc6OSLink12OSModuleInfoE
                0x8000955c      0x230 hei.o
                0x8000955c                _Z15ApplyHeiPatchesPN2gc6OSLink12OSModuleInfoE
 .text._Z15ApplyHomPatchesPN2gc6OSLink12OSModuleInfoE
                0x8000978c      0x140 hom.o
                0x8000978c                _Z15ApplyHomPatchesPN2gc6OSLink12OSModuleInfoE
 .text._Z15ApplyJinPatchesPN2gc6OSLink12OSModuleInfoE
                0x800098cc      0x314 jin.o
                0x800098cc                _Z15ApplyJinPatchesPN2gc6OSLink12OSModuleInfoE
 .text._Z15ApplyKpaPatchesPN2gc6OSLink12OSModuleInfoE
                0x80009be0       0xe4 kpa.o
                0x80009be0                _Z15ApplyKpaPatchesPN2gc6OSLink12OSModuleInfoE
 .text._Z24ApplyMainAssemblyPatchesv
                0x80009cc4      0x480 main.o
                0x80009cc4                _Z24ApplyMainAssemblyPatchesv
 .text._Z22ApplyMainScriptPatchesv
                0x8000a144      0x1e8 main.o
                0x8000a144                _Z22ApplyMainScriptPatchesv
 .text._Z15ApplyMriPatchesPN2gc6OSLink12OSModuleInfoE
                0x8000a32c      0xc14 mri.o
                0x8000a32c                _Z15ApplyMriPatchesPN2gc6OSLink12OSModuleInfoE
 .text._Z15ApplyMujPatchesPN2gc6OSLink12OSModuleInfoE
                0x8000af40      0x998 muj.o
                0x8000af40                _Z15ApplyMujPatchesPN2gc6OSLink12OSModuleInfoE
 .text._Z15ApplyNokPatchesPN2gc6OSLink12OSModuleInfoE
                0x8000b8d8      0x390 nok.o
                0x8000b8d8                _Z15ApplyNokPatchesPN2gc6OSLink12OSModuleInfoE
 .text._Z15ApplyPikPatchesPN2gc6OSLink12OSModuleInfoE
                0x8000bc68      0x534 pik.o
                0x8000bc68                _Z15ApplyPikPatchesPN2gc6OSLink12OSModuleInfoE
 .text._Z15ApplyRshPatchesPN2gc6OSLink12OSModuleInfoE
                0x8000c19c      0xf90 rsh.o
                0x8000c19c                _Z15ApplyRshPatchesPN2gc6OSLink12OSModuleInfoE
 .text._Z18checkChapterClearsPN4ttyd6evtmgr8EvtEntryEb
                0x8000d12c       0x84 tik.o
                0x8000d12c                _Z18checkChapterClearsPN4ttyd6evtmgr8EvtEntryEb
 .text._Z15ApplyTikPatchesPN2gc6OSLink12OSModuleInfoE
                0x8000d1b0      0x5c0 tik.o
                0x8000d1b0                _Z15ApplyTikPatchesPN2gc6OSLink12OSModuleInfoE
 .text._Z15ApplyTouPatchesPN2gc6OSLink12OSModuleInfoE
                0x8000d770     0x1070 tou.o
                0x8000d770                _Z15ApplyTouPatchesPN2gc6OSLink12OSModuleInfoE
 .text._Z16ApplyTou2PatchesPN2gc6OSLink12OSModuleInfoE
                0x8000e7e0      0x384 tou2.o
                0x8000e7e0                _Z16ApplyTou2PatchesPN2gc6OSLink12OSModuleInfoE
 .text._Z15ApplyUsuPatchesPN2gc6OSLink12OSModuleInfoE
                0x8000eb64      0x91c usu.o
                0x8000eb64                _Z15ApplyUsuPatchesPN2gc6OSLink12OSModuleInfoE
 .text._Z15ApplyWinPatchesPN2gc6OSLink12OSModuleInfoE
                0x8000f480      0x318 win.o
                0x8000f480                _Z15ApplyWinPatchesPN2gc6OSLink12OSModuleInfoE
 .text.__divdi3
                0x8000f798      0x3ec C:/devkitPro/devkitPPC/bin/../lib/gcc/powerpc-eabi/13.1.0\libgcc.a(_divdi3.o)
                0x8000f798                __divdi3
 *(.gnu.warning)
 *(.gnu.linkonce.t.*)
                0x8000fba0                        . = ALIGN (0x20)
 *fill*         0x8000fb84       0x1c 00000000

.text._ZN3mod13mario_set_posMUlPKcE_4_FUNES2_
                0x00000000       0x6c
 .text._ZN3mod13mario_set_posMUlPKcE_4_FUNES2_
                0x00000000       0x6c con_mario.o
                0x00000000                _ZN3mod13mario_set_posMUlPKcE_4_FUNES2_
                0x00000000                _ZN3mod13mario_set_posMUlPKcE_4_FUNES1_

.text._ZN3mod15perf_fake_spikeMUlPKcE_4_FUNES2_
                0x00000000       0xa8
 .text._ZN3mod15perf_fake_spikeMUlPKcE_4_FUNES2_
                0x00000000       0xa8 con_perf.o
                0x00000000                _ZN3mod15perf_fake_spikeMUlPKcE_4_FUNES1_
                0x00000000                _ZN3mod15perf_fake_spikeMUlPKcE_4_FUNES2_

.text._ZN3mod14seq_change_mapMUlPKcE_4_FUNES2_
                0x00000000       0xf0
 .text._ZN3mod14seq_change_mapMUlPKcE_4_FUNES2_
                0x00000000       0xf0 con_seq.o
                0x00000000                _ZN3mod14seq_change_mapMUlPKcE_4_FUNES2_
                0x00000000                _ZN3mod14seq_change_mapMUlPKcE_4_FUNES1_

.text._ZN3mod8con_monoMUlPNS_9ConIntVarEiE_4_FUNES2_i
                0x00000000       0x3c
 .text._ZN3mod8con_monoMUlPNS_9ConIntVarEiE_4_FUNES2_i
                0x00000000       0x3c console.o
                0x00000000                _ZN3mod8con_monoMUlPNS_9ConIntVarEiE_4_FUNES1_i
                0x00000000                _ZN3mod8con_monoMUlPNS_9ConIntVarEiE_4_FUNES2_i

.fini           0x0000003c        0x4
 *(.fini)
                0x00000040                        . = ALIGN (0x20)
 *fill*         0x0000003c        0x4 00000000
                [!provide]                        PROVIDE (__etext = .)
                [!provide]                        PROVIDE (_etext = .)
                [!provide]                        PROVIDE (etext = .)

.rodata         0x00000040     0xa330
 *(.rodata)
 *(.rodata.*)
 .rodata._ZN3mod3owr3OWR6LZTestEv.str1.4
                0x00000040        0x7 OWR.o
 *fill*         0x00000047        0x1 
 .rodata._ZN3mod3owr3OWR14OnModuleLoadedEPN2gc6OSLink12OSModuleInfoE
                0x00000048       0x74 OWR.o
 .rodata._ZN3mod13mario_set_posMUlPKcE_4_FUNES2_.str1.4
                0x000000bc        0x9 con_mario.o
 *fill*         0x000000c5        0x3 
 .rodata._ZN3modL13mod_if_func22Ev.str1.4
                0x000000c8       0x20 con_mario.o
 .rodata._GLOBAL__sub_I__ZN3mod13mario_set_posE.str1.4
                0x000000e8       0x1f con_mario.o
 *fill*         0x00000107        0x1 
 .rodata._ZN3modL13mod_if_func46Ev.str1.4
                0x00000108       0x5e con_perf.o
 *fill*         0x00000166        0x2 
 .rodata._ZN3mod15perf_fake_spikeMUlPKcE_4_FUNES2_.str1.4
                0x00000168        0x4 con_perf.o
 .rodata._GLOBAL__sub_I__ZN3mod15perf_fake_spikeE.str1.4
                0x0000016c       0x1f con_perf.o
 *fill*         0x0000018b        0x1 
 .rodata.cst4   0x0000018c       0x10 con_perf.o
 .rodata._ZN3mod14seq_change_mapMUlPKcE_4_FUNES2_.str1.4
                0x0000019c       0x20 con_seq.o
 .rodata._GLOBAL__sub_I__ZN3mod13seq_logo_skipE.str1.4
                0x000001bc       0x1f con_seq.o
 *fill*         0x000001db        0x1 
 .rodata._ZN3mod13ConsoleSystem8logColorEPKcN2gc6color4E.str1.4
                0x000001dc       0x83 console.o
 *fill*         0x0000025f        0x1 
 .rodata._ZN3mod7CC_findEPKc.str1.4
                0x00000260       0x21 console.o
 *fill*         0x00000281        0x3 
 .rodata._ZN3mod13ConsoleSystem14processCommandEPKc.str1.4
                0x00000284       0x2e console.o
 *fill*         0x000002b2        0x2 
 .rodata._ZN3mod13ConsoleSystem12updatePromptEv
                0x000002b4      0x6c0 console.o
 .rodata._ZN3mod13ConsoleSystem14updateUsbGeckoEv.part.0.str1.4
                0x00000974       0x75 console.o
 *fill*         0x000009e9        0x3 
 .rodata._ZN3mod13ConsoleSystem4dispEv.str1.4
                0x000009ec       0x16 console.o
 *fill*         0x00000a02        0x2 
 .rodata._GLOBAL__sub_I__ZN3mod10ConCommand6sFirstE.str1.4
                0x00000a04       0x8d console.o
 .rodata._ZZN3mod13ConsoleSystem4dispEvE12kPromptColor
                0x00000a91        0x4 console.o
 *fill*         0x00000a95        0x3 
 .rodata.cst4   0x00000a98        0x8 console.o
 .rodata.cst4   0x00000aa0        0x4 mod.o
 .rodata._ZL20aji_17_init_evt_hook
                0x00000aa4       0x10 aji.o
 .rodata._ZL19aji_17_init_evt_evt
                0x00000ab4       0x4c aji.o
 .rodata._ZL20aji_10_init_evt_hook
                0x00000b00       0x10 aji.o
 .rodata.str1.4
                0x00000b10       0x43 aji.o
 *fill*         0x00000b53        0x1 
 .rodata._ZL19aji_10_init_evt_evt
                0x00000b54      0x284 aji.o
 .rodata._ZL18teshita3_init_hook
                0x00000dd8       0x10 aji.o
 .rodata._ZL17teshita3_init_evt
                0x00000de8       0xc0 aji.o
 .rodata._ZL18teshita2_init_hook
                0x00000ea8       0x10 aji.o
 .rodata._ZL17teshita2_init_evt
                0x00000eb8       0xc0 aji.o
 .rodata._ZL20peach_evt_ele_2_hook
                0x00000f78       0x24 aji.o
 .rodata._ZL19peach_evt_ele_2_evt
                0x00000f9c       0x6c aji.o
 .rodata._ZL20aji_00_init_evt_hook
                0x00001008       0x10 aji.o
 .rodata._ZL19aji_00_init_evt_evt
                0x00001018       0x5c aji.o
 .rodata._ZL4npc4
                0x00001074       0x13 aji.o
 *fill*         0x00001087        0x1 
 .rodata._ZL4npc3
                0x00001088        0x7 aji.o
 *fill*         0x0000108f        0x1 
 .rodata._ZL4npc2
                0x00001090        0xf aji.o
 *fill*         0x0000109f        0x1 
 .rodata._ZL4npc1
                0x000010a0        0x7 aji.o
 *fill*         0x000010a7        0x1 
 .rodata._ZL21gor_00_init_evt2_hook
                0x000010a8       0x10 gor_00.o
 .rodata._ZL21gor_00_init_evt1_hook
                0x000010b8       0x10 gor_00.o
 .rodata.str1.4
                0x000010c8      0x2ce gor_00.o
 *fill*         0x00001396        0x2 
 .rodata._ZL16gor_00_init_evt1
                0x00001398      0x1f8 gor_00.o
 .rodata._ZL18korutesu_init_hook
                0x00001590       0x10 gor_00.o
 .rodata._ZL17korutesu_init_evt
                0x000015a0       0x58 gor_00.o
 .rodata._ZL20suifubomb_b_talk_evt
                0x000015f8       0xd4 gor_00.o
 .rodata._ZL21suifubomb_b_regl_hook
                0x000016cc       0x10 gor_00.o
 .rodata._ZL20suifubomb_b_regl_evt
                0x000016dc      0x120 gor_00.o
 .rodata._ZL20suifubomb_a_talk_evt
                0x000017fc      0x150 gor_00.o
 .rodata._ZL21suifubomb_a_regl_hook
                0x0000194c       0x10 gor_00.o
 .rodata._ZL20suifubomb_a_regl_evt
                0x0000195c       0x90 gor_00.o
 .rodata._ZL21suifubomb_a_init_hook
                0x000019ec       0x10 gor_00.o
 .rodata._ZL20suifubomb_a_init_evt
                0x000019fc       0xc8 gor_00.o
 .rodata._ZL16suifu_b_talk_evt
                0x00001ac4       0xd4 gor_00.o
 .rodata._ZL20luigi_npcEnt_00_hook
                0x00001b98       0x10 gor_00.o
 .rodata._ZL19luigi_npcEnt_00_evt
                0x00001ba8       0x80 gor_00.o
 .rodata._ZL18luigi_init_00_hook
                0x00001c28       0x10 gor_00.o
 .rodata._ZL17luigi_init_00_evt
                0x00001c38       0x50 gor_00.o
 .rodata._ZL16mokorim_init_evt
                0x00001c88       0x30 gor_00.o
 .rodata._ZL17suifu_b_init_hook
                0x00001cb8       0x10 gor_00.o
 .rodata._ZL16suifu_b_init_evt
                0x00001cc8       0xc8 gor_00.o
 .rodata._ZL17suifu_a_regl_hook
                0x00001d90       0x10 gor_00.o
 .rodata._ZL16suifu_a_regl_evt
                0x00001da0       0x80 gor_00.o
 .rodata._ZL16suifu_a_talk_evt
                0x00001e20       0xd4 gor_00.o
 .rodata._ZL19odoodo_ani_talk_evt
                0x00001ef4       0x20 gor_00.o
 .rodata._ZL15odoodo_talk_evt
                0x00001f14      0x128 gor_00.o
 .rodata._ZL16odoodo_regl_hook
                0x0000203c       0x10 gor_00.o
 .rodata._ZL15odoodo_regl_evt
                0x0000204c       0x94 gor_00.o
 .rodata._ZL15odoodo_init_evt
                0x000020e0      0x114 gor_00.o
 .rodata._ZL17garawaru_talk_evt
                0x000021f4       0xb8 gor_00.o
 .rodata._ZL18garawaru_regl_hook
                0x000022ac       0x10 gor_00.o
 .rodata._ZL17garawaru_regl_evt
                0x000022bc      0x120 gor_00.o
 .rodata._ZL18garawaru_init_hook
                0x000023dc       0x10 gor_00.o
 .rodata._ZL17garawaru_init_evt
                0x000023ec      0x140 gor_00.o
 .rodata._ZL7npcEnt2
                0x0000252c        0x9 gor_00.o
 *fill*         0x00002535        0x3 
 .rodata._ZL6npcEnt
                0x00002538        0x9 gor_00.o
 *fill*         0x00002541        0x3 
 .rodata.str1.4
                0x00002544       0xb2 gor_01.o
 *fill*         0x000025f6        0x2 
 .rodata._ZL15bomhei_talk_evt
                0x000025f8       0x20 gor_01.o
 .rodata._ZL16chusan2_talk_evt
                0x00002618       0x20 gor_01.o
 .rodata._ZL16chusan1_talk_evt
                0x00002638       0x20 gor_01.o
 .rodata._ZL16kuribo3_talk_evt
                0x00002658       0x20 gor_01.o
 .rodata._ZL16kuribo2_talk_evt
                0x00002678       0x20 gor_01.o
 .rodata._ZL16kuribo1_talk_evt
                0x00002698       0x20 gor_01.o
 .rodata._ZL15roten2_talk_evt
                0x000026b8       0x20 gor_01.o
 .rodata._ZL15roten1_talk_evt
                0x000026d8       0x20 gor_01.o
 .rodata._ZL19shoptender_talk_evt
                0x000026f8       0x20 gor_01.o
 .rodata._ZL15kinoji_talk_evt
                0x00002718       0x20 gor_01.o
 .rodata._ZL19bottakuru_init_hook
                0x00002738       0x10 gor_01.o
 .rodata._ZL18bottakuru_init_evt
                0x00002748       0x70 gor_01.o
 .rodata._ZL18marco_init_01_hook
                0x000027b8       0x10 gor_01.o
 .rodata._ZL17marco_init_01_evt
                0x000027c8       0x40 gor_01.o
 .rodata._ZL20badgemaster_talk_evt
                0x00002808       0x20 gor_01.o
 .rodata._Z17ApplyGor02PatchesPN2gc6OSLink12OSModuleInfoE.str1.4
                0x00002828        0x3 gor_02.o
 *fill*         0x0000282b        0x1 
 .rodata.str1.4
                0x0000282c      0x14e gor_02.o
 *fill*         0x0000297a        0x2 
 .rodata._ZL19kurihakase_talk_evt
                0x0000297c      0x2cc gor_02.o
 .rodata._ZL21evt_door_02_open_hook
                0x00002c48       0x14 gor_02.o
 .rodata._ZL20evt_door_02_open_evt
                0x00002c5c      0x188 gor_02.o
 .rodata._ZL21gor_02_init_evt2_hook
                0x00002de4       0x14 gor_02.o
 .rodata._ZL16gor_02_init_evt2
                0x00002df8       0xcc gor_02.o
 .rodata._ZL21gor_02_init_evt1_hook
                0x00002ec4       0x14 gor_02.o
 .rodata._ZL16gor_02_init_evt1
                0x00002ed8      0x138 gor_02.o
 .rodata._ZL16borodo2_talk_evt
                0x00003010       0x20 gor_02.o
 .rodata._ZL16borodo1_talk_evt
                0x00003030       0x20 gor_02.o
 .rodata._ZL15roten3_talk_evt
                0x00003050       0x20 gor_02.o
 .rodata._ZL16chusan3_talk_evt
                0x00003070       0x20 gor_02.o
 .rodata._ZL16kuribo4_talk_evt
                0x00003090       0x20 gor_02.o
 .rodata.str1.4
                0x000030b0       0xf9 gor_03.o
 *fill*         0x000031a9        0x3 
 .rodata._ZL16maffia3_talk_evt
                0x000031ac       0x20 gor_03.o
 .rodata._ZL16maffia2_talk_evt
                0x000031cc      0x140 gor_03.o
 .rodata._ZL16maffia1_talk_evt
                0x0000330c      0x140 gor_03.o
 .rodata._ZL26maffiaboss_casino_talk_evt
                0x0000344c       0x20 gor_03.o
 .rodata._ZL26maffiaboss_talk_common_evt
                0x0000346c      0x120 gor_03.o
 .rodata.str1.4
                0x0000358c       0x18 gra.o
 .rodata._ZL18evt_machibuse_evt1
                0x000035a4       0x50 gra.o
 .rodata._ZL8doopliss
                0x000035f4        0xb gra.o
 *fill*         0x000035ff        0x1 
 .rodata._ZL20mri_09_init_evt_hook
                0x00003600       0x10 mri.o
 .rodata.str1.4
                0x00003610      0x19f mri.o
 *fill*         0x000037af        0x1 
 .rodata._ZL19mri_09_init_evt_evt
                0x000037b0      0x14c mri.o
 .rodata._ZL20mri_04_init_evt_hook
                0x000038fc       0x10 mri.o
 .rodata._ZL19mri_04_init_evt_evt
                0x0000390c       0x30 mri.o
 .rodata._ZL16bero_custom_hook
                0x0000393c       0x10 mri.o
 .rodata._ZL15bero_custom_evt
                0x0000394c       0x44 mri.o
 .rodata._ZL21mri_01_init_evt_hook2
                0x00003990       0x10 mri.o
 .rodata._ZL19mri_01_init_evt_evt
                0x000039a0       0x30 mri.o
 .rodata._ZL18puniinfo_talk_hook
                0x000039d0       0x10 mri.o
 .rodata._ZL20mri_03_init_evt_hook
                0x000039e0       0x14 mri.o
 .rodata._ZL22mri_03_init_evt_switch
                0x000039f4       0x9c mri.o
 .rodata._ZL20mri_01_init_evt_hook
                0x00003a90       0x14 mri.o
 .rodata._ZL22mri_01_init_evt_switch
                0x00003aa4       0xb0 mri.o
 .rodata._ZL23mri_sister_init_01_hook
                0x00003b54       0x10 mri.o
 .rodata._ZL22mri_sister_init_01_evt
                0x00003b64       0xa8 mri.o
 .rodata._ZL16puni_2_init_hook
                0x00003c0c       0x10 mri.o
 .rodata._ZL15puni_2_init_evt
                0x00003c1c       0x78 mri.o
 .rodata._ZL16puni_1_talk_hook
                0x00003c94       0x10 mri.o
 .rodata._ZL15puni_1_talk_evt
                0x00003ca4       0xb0 mri.o
 .rodata._ZL16puni_1_init_hook
                0x00003d54       0x10 mri.o
 .rodata._ZL15puni_1_init_evt
                0x00003d64       0x78 mri.o
 .rodata._ZL15elder_talk_hook
                0x00003ddc       0x10 mri.o
 .rodata._ZL14elder_talk_evt
                0x00003dec       0xb8 mri.o
 .rodata._ZL22mri_elder_init_01_hook
                0x00003ea4       0x10 mri.o
 .rodata._ZL21mri_elder_init_01_evt
                0x00003eb4       0xcc mri.o
 .rodata._ZL22mri_rival_init_01_hook
                0x00003f80       0x10 mri.o
 .rodata._ZL21mri_rival_init_01_evt
                0x00003f90       0xa8 mri.o
 .rodata._ZL18guide_init_01_hook
                0x00004038       0x10 mri.o
 .rodata._ZL17guide_init_01_evt
                0x00004048       0x8c mri.o
 .rodata._ZL15guide_talk_hook
                0x000040d4       0x10 mri.o
 .rodata._ZL14guide_talk_evt
                0x000040e4       0x98 mri.o
 .rodata._ZL18guide_init_00_hook
                0x0000417c       0x10 mri.o
 .rodata._ZL17guide_init_00_evt
                0x0000418c      0x150 mri.o
 .rodata._ZL20muj_01_init_evt_hook
                0x000042dc       0x14 muj.o
 .rodata._ZL19muj_01_init_evt_evt
                0x000042f0       0x50 muj.o
 .rodata._ZL21borosuifu_b_talk_hook
                0x00004340       0x10 muj.o
 .rodata.str1.4
                0x00004350      0x384 muj.o
 .rodata._ZL20borosuifu_b_talk_evt
                0x000046d4       0xf8 muj.o
 .rodata._ZL21borosuifu_a_talk_hook
                0x000047cc       0x10 muj.o
 .rodata._ZL20borosuifu_a_talk_evt
                0x000047dc       0xf8 muj.o
 .rodata._ZL24suifu_d_talk_muj_01_hook
                0x000048d4       0x10 muj.o
 .rodata._ZL23suifu_d_talk_muj_01_evt
                0x000048e4       0xf8 muj.o
 .rodata._ZL20suifu_bomb_talk_hook
                0x000049dc       0x10 muj.o
 .rodata._ZL19suifu_bomb_talk_evt
                0x000049ec       0xf4 muj.o
 .rodata._ZL20suifu_bomb_init_hook
                0x00004ae0       0x10 muj.o
 .rodata._ZL19suifu_bomb_init_evt
                0x00004af0       0x30 muj.o
 .rodata._ZL24suifu_a_talk_muj_01_hook
                0x00004b20       0x10 muj.o
 .rodata._ZL23suifu_a_talk_muj_01_evt
                0x00004b30       0xf4 muj.o
 .rodata._ZL24suifu_a_init_muj_01_hook
                0x00004c24       0x10 muj.o
 .rodata._ZL23suifu_a_init_muj_01_evt
                0x00004c34       0x30 muj.o
 .rodata._ZL23odoodo_init_muj_01_hook
                0x00004c64       0x10 muj.o
 .rodata._ZL22odoodo_init_muj_01_evt
                0x00004c74       0x30 muj.o
 .rodata._ZL23megane_init_muj_01_hook
                0x00004ca4       0x10 muj.o
 .rodata._ZL22megane_init_muj_01_evt
                0x00004cb4       0x30 muj.o
 .rodata._ZL22marco_init_muj_01_hook
                0x00004ce4       0x10 muj.o
 .rodata._ZL21marco_init_muj_01_evt
                0x00004cf4       0xcc muj.o
 .rodata._ZL25garawaru_talk_muj_01_hook
                0x00004dc0       0x10 muj.o
 .rodata._ZL24garawaru_talk_muj_01_evt
                0x00004dd0      0x4b4 muj.o
 .rodata._ZL25garawaru_init_muj_01_hook
                0x00005284       0x10 muj.o
 .rodata._ZL24garawaru_init_muj_01_evt
                0x00005294      0x11c muj.o
 .rodata._ZL20muj_00_init_evt_hook
                0x000053b0       0x44 muj.o
 .rodata._ZL21muj_00_init_evt_evt_2
                0x000053f4       0x70 muj.o
 .rodata._ZL19muj_00_init_evt_evt
                0x00005464       0x40 muj.o
 .rodata._ZL22peton_talk_muj_00_hook
                0x000054a4       0x10 muj.o
 .rodata._ZL21peton_talk_muj_00_evt
                0x000054b4       0x8c muj.o
 .rodata._ZL21mony_talk_muj_00_hook
                0x00005540       0x10 muj.o
 .rodata._ZL20mony_talk_muj_00_evt
                0x00005550       0x8c muj.o
 .rodata._ZL17nokorin_talk_hook
                0x000055dc       0x10 nok.o
 .rodata.str1.4
                0x000055ec      0x4ee nok.o
 *fill*         0x00005ada        0x2 
 .rodata._ZL16nokorin_talk_evt
                0x00005adc      0x2f4 nok.o
 .rodata._ZL19boss_noko_talk_hook
                0x00005dd0       0x10 nok.o
 .rodata._ZL18boss_noko_talk_evt
                0x00005de0      0x164 nok.o
 .rodata._ZL20nokonoko_K_talk_hook
                0x00005f44       0x10 nok.o
 .rodata._ZL19nokonoko_K_talk_evt
                0x00005f54       0xd4 nok.o
 .rodata._ZL18nokopapa_talk_hook
                0x00006028       0x10 nok.o
 .rodata._ZL17nokopapa_talk_evt
                0x00006038      0x128 nok.o
 .rodata._ZL16monban_talk_hook
                0x00006160       0x10 nok.o
 .rodata._ZL15monban_talk_evt
                0x00006170      0x11c nok.o
 .rodata._ZL20nokonoko_I_talk_hook
                0x0000628c       0x10 nok.o
 .rodata._ZL19nokonoko_I_talk_evt
                0x0000629c       0xd4 nok.o
 .rodata._ZL20nokonoko_H_talk_hook
                0x00006370       0x10 nok.o
 .rodata._ZL19nokonoko_H_talk_evt
                0x00006380       0xfc nok.o
 .rodata._ZL20nokonoko_G_talk_hook
                0x0000647c       0x10 nok.o
 .rodata._ZL19nokonoko_G_talk_evt
                0x0000648c       0xd4 nok.o
 .rodata._ZL15talk_white_hook
                0x00006560       0x10 nok.o
 .rodata._ZL14talk_white_evt
                0x00006570       0xa4 nok.o
 .rodata._ZL15init_white_hook
                0x00006614       0x10 nok.o
 .rodata._ZL14init_white_evt
                0x00006624       0x44 nok.o
 .rodata._ZL20nokonoko_F_talk_hook
                0x00006668       0x10 nok.o
 .rodata._ZL19nokonoko_F_talk_evt
                0x00006678       0xd4 nok.o
 .rodata._ZL20nokonoko_D_talk_hook
                0x0000674c       0x10 nok.o
 .rodata._ZL19nokonoko_D_talk_evt
                0x0000675c       0xfc nok.o
 .rodata._ZL20nokonoko_C_talk_hook
                0x00006858       0x10 nok.o
 .rodata._ZL19nokonoko_C_talk_evt
                0x00006868       0xd4 nok.o
 .rodata._ZL20nokonoko_B_talk_hook
                0x0000693c       0x10 nok.o
 .rodata._ZL19nokonoko_B_talk_evt
                0x0000694c       0xd4 nok.o
 .rodata._ZL20nokonoko_A_talk_hook
                0x00006a20       0x10 nok.o
 .rodata._ZL19nokonoko_A_talk_evt
                0x00006a30      0x10c nok.o
 .rodata._ZL14evt_daiza_hook
                0x00006b3c       0x1c pik.o
 .rodata.str1.4
                0x00006b58      0x142 pik.o
 *fill*         0x00006c9a        0x2 
 .rodata._ZL13evt_daiza_evt
                0x00006c9c       0x5c pik.o
 .rodata._ZL18pik_evt_powan_hook
                0x00006cf8       0x28 pik.o
 .rodata._ZL17pik_evt_powan_evt
                0x00006d20       0x80 pik.o
 .rodata._ZL16takun6_talk_hook
                0x00006da0       0x10 pik.o
 .rodata._ZL15takun6_talk_evt
                0x00006db0       0x78 pik.o
 .rodata._ZL16takun5_talk_hook
                0x00006e28       0x10 pik.o
 .rodata._ZL15takun5_talk_evt
                0x00006e38       0x78 pik.o
 .rodata._ZL16takun4_talk_hook
                0x00006eb0       0x10 pik.o
 .rodata._ZL15takun4_talk_evt
                0x00006ec0       0xb4 pik.o
 .rodata._ZL18miyageya_talk_hook
                0x00006f74       0x28 pik.o
 .rodata._ZL17miyageya_talk_evt
                0x00006f9c      0x114 pik.o
 .rodata._ZL27talk_madam_ring_return_hook
                0x000070b0       0x14 rsh.o
 .rodata._ZL26talk_madam_ring_return_evt
                0x000070c4       0x78 rsh.o
 .rodata._ZL16init_konari_hook
                0x0000713c       0x14 rsh.o
 .rodata.str1.4
                0x00007150      0x1d5 rsh.o
 *fill*         0x00007325        0x3 
 .rodata._ZL15init_konari_evt
                0x00007328       0x9c rsh.o
 .rodata._ZL15init_powan_hook
                0x000073c4       0x14 rsh.o
 .rodata._ZL14init_powan_evt
                0x000073d8       0xec rsh.o
 .rodata._ZL18talk_waitless_hook
                0x000074c4       0x14 rsh.o
 .rodata._ZL17talk_waitless_evt
                0x000074d8       0x78 rsh.o
 .rodata._ZL20rsh_01_init_evt_hook
                0x00007550       0x14 rsh.o
 .rodata._ZL19rsh_01_init_evt_evt
                0x00007564       0x80 rsh.o
 .rodata._ZL20rsh_00_init_evt_hook
                0x000075e4       0x14 rsh.o
 .rodata._ZL19rsh_00_init_evt_evt
                0x000075f8       0xb8 rsh.o
 .rodata._ZL20rsh_04_init_evt_hook
                0x000076b0       0x14 rsh.o
 .rodata._ZL19rsh_04_init_evt_evt
                0x000076c4       0xa4 rsh.o
 .rodata._ZL26rsh_03_init_evt_music_hook
                0x00007768       0x10 rsh.o
 .rodata._ZL21rsh_03_init_evt_music
                0x00007778      0x1f8 rsh.o
 .rodata._ZL26rsh_02_init_evt_music_hook
                0x00007970       0x10 rsh.o
 .rodata._ZL21rsh_02_init_evt_music
                0x00007980      0x270 rsh.o
 .rodata._ZL26rsh_01_init_evt_music_hook
                0x00007bf0       0x10 rsh.o
 .rodata._ZL21rsh_01_init_evt_music
                0x00007c00      0x1f8 rsh.o
 .rodata._ZL26rsh_00_init_evt_music_hook
                0x00007df8       0x10 rsh.o
 .rodata._ZL21rsh_00_init_evt_music
                0x00007e08      0x1f8 rsh.o
 .rodata._ZL26rsh_04_init_evt_music_hook
                0x00008000       0x10 rsh.o
 .rodata._ZL21rsh_04_init_evt_music
                0x00008010      0x1f8 rsh.o
 .rodata._ZL20rsh_06_init_evt_hook
                0x00008208       0x10 rsh.o
 .rodata._ZL19rsh_06_init_evt_evt
                0x00008218      0x178 rsh.o
 .rodata._ZL21tik_05_init_evt_hook2
                0x00008390       0x14 tik.o
 .rodata.str1.4
                0x000083a4      0x227 tik.o
 *fill*         0x000085cb        0x1 
 .rodata._ZL20tik_05_init_evt_evt2
                0x000085cc       0xd4 tik.o
 .rodata._ZL24tik_kurihakase_init_hook
                0x000086a0       0x10 tik.o
 .rodata._ZL23tik_kurihakase_init_evt
                0x000086b0       0x7c tik.o
 .rodata._ZL18master_2_talk_hook
                0x0000872c       0x10 tik.o
 .rodata._ZL17master_2_talk_evt
                0x0000873c      0x180 tik.o
 .rodata._ZL17borodo4_talk_hook
                0x000088bc       0x10 tik.o
 .rodata._ZL16borodo4_talk_evt
                0x000088cc      0x180 tik.o
 .rodata._ZL17borodo3_talk_hook
                0x00008a4c       0x10 tik.o
 .rodata._ZL16borodo3_talk_evt
                0x00008a5c      0x180 tik.o
 .rodata._ZL17chusan4_talk_hook
                0x00008bdc       0x10 tik.o
 .rodata._ZL16chusan4_talk_evt
                0x00008bec      0x180 tik.o
 .rodata._ZL17kuribo5_talk_hook
                0x00008d6c       0x10 tik.o
 .rodata._ZL16kuribo5_talk_evt
                0x00008d7c      0x180 tik.o
 .rodata._ZL16talk_sakaba_hook
                0x00008efc       0x10 tou.o
 .rodata.str1.4
                0x00008f0c       0x28 tou.o
 .rodata._ZL15talk_sakaba_evt
                0x00008f34       0x84 tou.o
 .rodata._ZL20usu_00_init_evt_hook
                0x00008fb8       0x10 usu.o
 .rodata._ZL19usu_00_init_evt_evt
                0x00008fc8       0x4c usu.o
 .rodata._ZL20shop_woman_talk_hook
                0x00009014       0x10 usu.o
 .rodata.str1.4
                0x00009024      0x400 usu.o
 .rodata._ZL19shop_woman_talk_evt
                0x00009424       0x78 usu.o
 .rodata._ZL18shop_man_talk_hook
                0x0000949c       0x10 usu.o
 .rodata._ZL17shop_man_talk_evt
                0x000094ac       0x78 usu.o
 .rodata._ZL19villagerJ_talk_hook
                0x00009524       0x10 usu.o
 .rodata._ZL18villagerJ_talk_evt
                0x00009534      0x104 usu.o
 .rodata._ZL19villagerI_talk_hook
                0x00009638       0x10 usu.o
 .rodata._ZL18villagerI_talk_evt
                0x00009648      0x104 usu.o
 .rodata._ZL19villagerH_talk_hook
                0x0000974c       0x10 usu.o
 .rodata._ZL18villagerH_talk_evt
                0x0000975c       0xd0 usu.o
 .rodata._ZL19villagerG_talk_hook
                0x0000982c       0x10 usu.o
 .rodata._ZL18villagerG_talk_evt
                0x0000983c       0xf0 usu.o
 .rodata._ZL19villagerF_talk_hook
                0x0000992c       0x10 usu.o
 .rodata._ZL18villagerF_talk_evt
                0x0000993c       0xf0 usu.o
 .rodata._ZL19villagerK_talk_hook
                0x00009a2c       0x10 usu.o
 .rodata._ZL18villagerK_talk_evt
                0x00009a3c      0x130 usu.o
 .rodata._ZL19villagerE_talk_hook
                0x00009b6c       0x10 usu.o
 .rodata._ZL18villagerE_talk_evt
                0x00009b7c      0x130 usu.o
 .rodata._ZL19villagerD_talk_hook
                0x00009cac       0x10 usu.o
 .rodata._ZL18villagerD_talk_evt
                0x00009cbc      0x194 usu.o
 .rodata._ZL19villagerC_talk_hook
                0x00009e50       0x10 usu.o
 .rodata._ZL18villagerC_talk_evt
                0x00009e60       0xfc usu.o
 .rodata._ZL19villagerB_talk_hook
                0x00009f5c       0x10 usu.o
 .rodata._ZL18villagerB_talk_evt
                0x00009f6c       0xfc usu.o
 .rodata._ZL19villagerA_talk_hook
                0x0000a068       0x10 usu.o
 .rodata._ZL18villagerA_talk_evt
                0x0000a078      0x130 usu.o
 .rodata._ZL19villagerA_init_hook
                0x0000a1a8       0x10 usu.o
 .rodata._ZL18villagerA_init_evt
                0x0000a1b8       0x6c usu.o
 .rodata._ZL12usuVillagerA
                0x0000a224        0x7 usu.o
 *fill*         0x0000a22b        0x1 
 .rodata._ZL20win_00_init_evt_hook
                0x0000a22c       0x10 win.o
 .rodata._ZL19win_00_init_evt_evt
                0x0000a23c       0x30 win.o
 .rodata.str1.4
                0x0000a26c       0x14 win.o
 .rodata._ZL16majorin_init_evt
                0x0000a280       0x30 win.o
 .rodata._ZL16maririn_init_evt
                0x0000a2b0       0x30 win.o
 .rodata._ZL20win_vivian_init_hook
                0x0000a2e0       0x10 win.o
 .rodata._ZL19win_vivian_init_evt
                0x0000a2f0       0x80 win.o
 *(.gnu.linkonce.r.*)

.rodata1
 *(.rodata1)

.sdata2         0x0000a370        0x0
                [!provide]                        PROVIDE (_SDA2_BASE_ = .)
 *(.sdata2)
 *(.sdata2.*)
 *(.gnu.linkonce.s2.*)

.sbss2
 *(.sbss2)
 *(.sbss2.*)
 *(.gnu.linkonce.sb2.*)
                0x0000a370                        . = ALIGN (0x4)
                [!provide]                        PROVIDE (__preinit_array_start = .)

.preinit_array
 *(.preinit_array)
                [!provide]                        PROVIDE (__preinit_array_end = .)
                [!provide]                        PROVIDE (__init_array_start = .)

.init_array
 *(.init_array)
                [!provide]                        PROVIDE (__init_array_end = .)
                [!provide]                        PROVIDE (__fini_array_start = .)

.fini_array
 *(.fini_array)
                [!provide]                        PROVIDE (__fini_array_end = .)

.data           0x0000a370      0x2f0
 *(.data)
 *(.data.*)
 .data.GSWF_ARR_SIZE
                0x0000a370        0x2 OWR.o
                0x0000a370                GSWF_ARR_SIZE
 *fill*         0x0000a372        0x2 
 .data.GSWF_ARR
                0x0000a374       0x14 OWR.o
                0x0000a374                GSWF_ARR
 .data._ZN3mod6common12kItemDataArrE
                0x0000a388        0x4 common.o
                0x0000a388                _ZN3mod6common12kItemDataArrE
 .data._ZL16gor_00_init_evt2
                0x0000a38c      0x2bc gor_00.o
 *(.gnu.linkonce.d.*)
                0x0000a660                        . = ALIGN (0x20)
 *fill*         0x0000a648       0x18 

.data1
 *(.data1)

.tdata
 *(.tdata .tdata.* .gnu.linkonce.td.*)

.tbss
 *(.tbss .tbss.* .gnu.linkonce.tb.*)
 *(.tcommon)

.eh_frame       0x0000a660     0x14d8
 *(.eh_frame)
 .eh_frame      0x0000a660      0x138 OWR.o
                                0x1c0 (size before relaxing)
 .eh_frame      0x0000a798        0x0 common.o
                                 0xc8 (size before relaxing)
 .eh_frame      0x0000a798       0x70 con_mario.o
 .eh_frame      0x0000a808       0x84 con_perf.o
 .eh_frame      0x0000a88c       0xac con_seq.o
 .eh_frame      0x0000a938      0x454 console.o
                                0x4e8 (size before relaxing)
 .eh_frame      0x0000ad8c       0x3c cxx.o
                                 0x64 (size before relaxing)
 .eh_frame      0x0000adc8       0x84 keyboard.o
                                0x110 (size before relaxing)
 .eh_frame      0x0000ae4c       0xb8 mod.o
                                0x120 (size before relaxing)
 .eh_frame      0x0000af04       0xd8 patch.o
                                0x1cc (size before relaxing)
 .eh_frame      0x0000afdc       0x90 rel.o
 .eh_frame      0x0000b06c       0xbc ug.o
 .eh_frame      0x0000b128       0x3c util.o
 .eh_frame      0x0000b164       0x28 aaa.o
 .eh_frame      0x0000b18c       0x78 aji.o
 .eh_frame      0x0000b204       0x40 bom.o
 .eh_frame      0x0000b244       0x40 dou.o
 .eh_frame      0x0000b284       0x3c eki.o
 .eh_frame      0x0000b2c0       0x28 end.o
 .eh_frame      0x0000b2e8       0x3c gon.o
 .eh_frame      0x0000b324       0x7c gor_00.o
 .eh_frame      0x0000b3a0       0x54 gor_01.o
 .eh_frame      0x0000b3f4       0x64 gor_02.o
 .eh_frame      0x0000b458       0x64 gor_03.o
 .eh_frame      0x0000b4bc       0x38 gor_04.o
 .eh_frame      0x0000b4f4       0x34 gor_misc.o
 .eh_frame      0x0000b528       0x48 gra.o
 .eh_frame      0x0000b570       0x3c hei.o
 .eh_frame      0x0000b5ac       0x38 hom.o
 .eh_frame      0x0000b5e4       0x40 jin.o
 .eh_frame      0x0000b624       0x30 kpa.o
 .eh_frame      0x0000b654        0x0 las.o
                                 0x40 (size before relaxing)
 .eh_frame      0x0000b654       0x6c main.o
 .eh_frame      0x0000b6c0        0x0 moo.o
                                 0x30 (size before relaxing)
 .eh_frame      0x0000b6c0       0x74 mri.o
 .eh_frame      0x0000b734       0x74 muj.o
 .eh_frame      0x0000b7a8       0x54 nok.o
 .eh_frame      0x0000b7fc       0x60 pik.o
 .eh_frame      0x0000b85c       0x78 rsh.o
 .eh_frame      0x0000b8d4       0xa0 tik.o
                                 0xd0 (size before relaxing)
 .eh_frame      0x0000b974       0x70 tou.o
 .eh_frame      0x0000b9e4       0x40 tou2.o
 .eh_frame      0x0000ba24       0x78 usu.o
 .eh_frame      0x0000ba9c       0x60 win.o
 .eh_frame      0x0000bafc       0x3c C:/devkitPro/devkitPPC/bin/../lib/gcc/powerpc-eabi/13.1.0\libgcc.a(_divdi3.o)

.gcc_except_table
 *(.gcc_except_table)

.fixup
 *(.fixup)

.got1
 *(.got1)

.got2
 *(.got2)

.dynamic
 *(.dynamic)

.ctors          0x0000bb38       0x28
 *crtbegin.o(.ctors)
 *(EXCLUDE_FILE(*crtend.o) .ctors)
 .ctors         0x0000bb38        0x4 OWR.o
 .ctors         0x0000bb3c        0x4 con_mario.o
 .ctors         0x0000bb40        0x4 con_perf.o
 .ctors         0x0000bb44        0x4 con_seq.o
 .ctors         0x0000bb48        0x4 console.o
 .ctors         0x0000bb4c        0x4 gor_00.o
 *(SORT_BY_NAME(.ctors.*))
 *(.ctors)
                0x0000bb60                        . = ALIGN (0x20)
 *fill*         0x0000bb50       0x10 

.dtors          0x0000bb60        0x0
 *crtbegin.o(.dtors)
 *(EXCLUDE_FILE(*crtend.o) .dtors)
 *(SORT_BY_NAME(.dtors.*))
 *(.dtors)
                0x0000bb60                        . = ALIGN (0x20)

.jcr
 *(.jcr)

.got
 *(.got.plt)
 *(.got)

.sdata          0x0000bb60        0x0
                [!provide]                        PROVIDE (_SDA_BASE_ = .)
 *(.sdata)
 *(.sdata.*)
 *(.gnu.linkonce.s.*)
                0x0000bb60                        . = ALIGN (0x20)
                0x0000bb60                        _edata = .
                [!provide]                        PROVIDE (edata = .)

.sbss           0x0000bb60        0x0
                0x0000bb60                        __sbss_start = .
                [!provide]                        PROVIDE (__sbss_start = .)
                [!provide]                        PROVIDE (___sbss_start = .)
 *(.dynsbss)
 *(.sbss)
 *(.sbss.*)
 *(.gnu.linkonce.sb.*)
 *(.scommon)
                [!provide]                        PROVIDE (__sbss_end = .)
                [!provide]                        PROVIDE (___sbss_end = .)
                0x0000bb60                        . = ALIGN (0x20)
                0x0000bb60                        __sbss_end = .

.bss            0x0000bb60      0x140
                0x0000bb60                        __bss_start = .
                [!provide]                        PROVIDE (__bss_start = .)
 *(.dynbss)
 *(.bss)
 *(.bss.*)
 .bss._ZN3mod3owr25g_stg0_00_init_trampolineE
                0x0000bb60        0x4 OWR.o
                0x0000bb60                _ZN3mod3owr25g_stg0_00_init_trampolineE
 .bss._ZN3mod3owr19g_OSLink_trampolineE
                0x0000bb64        0x4 OWR.o
                0x0000bb64                _ZN3mod3owr19g_OSLink_trampolineE
 .bss._ZN3mod3owr5gSelfE
                0x0000bb68        0x4 OWR.o
                0x0000bb68                _ZN3mod3owr5gSelfE
 .bss._ZN3mod3owr7item_dbE
                0x0000bb6c        0x4 OWR.o
                0x0000bb6c                _ZN3mod3owr7item_dbE
 .bss._ZN3modL12mod_if_obj22E
                0x0000bb70        0x8 con_mario.o
 .bss._ZN3mod14mario_show_posE
                0x0000bb78       0x10 con_mario.o
                0x0000bb78                _ZN3mod14mario_show_posE
 .bss._ZN3mod13mario_set_posE
                0x0000bb88        0xc con_mario.o
                0x0000bb88                _ZN3mod13mario_set_posE
 .bss._ZN3modL12mod_if_obj46E
                0x0000bb94        0x8 con_perf.o
 .bss._ZN3mod14mem_debug_heapE
                0x0000bb9c       0x10 con_perf.o
                0x0000bb9c                _ZN3mod14mem_debug_heapE
 .bss._ZN3mod15perf_fake_spikeE
                0x0000bbac        0xc con_perf.o
                0x0000bbac                _ZN3mod15perf_fake_spikeE
 .bss._ZN3mod14seq_change_mapE
                0x0000bbb8        0xc con_seq.o
                0x0000bbb8                _ZN3mod14seq_change_mapE
 .bss._ZN3modL12mod_if_obj16E
                0x0000bbc4        0x8 con_seq.o
 .bss._ZN3mod24gTrampoline_seq_logoMainE
                0x0000bbcc        0x4 con_seq.o
                0x0000bbcc                _ZN3mod24gTrampoline_seq_logoMainE
 .bss._ZN3mod13seq_logo_skipE
                0x0000bbd0       0x10 con_seq.o
                0x0000bbd0                _ZN3mod13seq_logo_skipE
 .bss._ZN3mod4findE
                0x0000bbe0        0xc console.o
                0x0000bbe0                _ZN3mod4findE
 .bss._ZN3mod11con_ug_chanE
                0x0000bbec       0x10 console.o
                0x0000bbec                _ZN3mod11con_ug_chanE
 .bss._ZN3mod11con_ug_modeE
                0x0000bbfc       0x10 console.o
                0x0000bbfc                _ZN3mod11con_ug_modeE
 .bss._ZN3mod21con_log_fade_durationE
                0x0000bc0c       0x10 console.o
                0x0000bc0c                _ZN3mod21con_log_fade_durationE
 .bss._ZN3mod18con_log_fade_startE
                0x0000bc1c       0x10 console.o
                0x0000bc1c                _ZN3mod18con_log_fade_startE
 .bss._ZN3mod12con_log_fadeE
                0x0000bc2c       0x10 console.o
                0x0000bc2c                _ZN3mod12con_log_fadeE
 .bss._ZN3mod13con_log_levelE
                0x0000bc3c       0x10 console.o
                0x0000bc3c                _ZN3mod13con_log_levelE
 .bss._ZN3mod11con_rainbowE
                0x0000bc4c       0x10 console.o
                0x0000bc4c                _ZN3mod11con_rainbowE
 .bss._ZN3mod8con_monoE
                0x0000bc5c       0x10 console.o
                0x0000bc5c                _ZN3mod8con_monoE
 .bss._ZN3mod8con_showE
                0x0000bc6c       0x10 console.o
                0x0000bc6c                _ZN3mod8con_showE
 .bss._ZN3mod8gConsoleE
                0x0000bc7c        0x4 console.o
                0x0000bc7c                _ZN3mod8gConsoleE
 .bss._ZN3mod9ConIntVar6sFirstE
                0x0000bc80        0x4 console.o
                0x0000bc80                _ZN3mod9ConIntVar6sFirstE
 .bss._ZN3mod10ConCommand6sFirstE
                0x0000bc84        0x4 console.o
                0x0000bc84                _ZN3mod10ConCommand6sFirstE
 .bss._ZN3mod4gModE
                0x0000bc88        0x4 mod.o
                0x0000bc88                _ZN3mod4gModE
 .bss._ZN17ModUpdateFunction6sFirstE
                0x0000bc8c        0x4 mod.o
                0x0000bc8c                _ZN17ModUpdateFunction6sFirstE
 .bss._ZN15ModInitFunction6sFirstE
                0x0000bc90        0x4 mod.o
                0x0000bc90                _ZN15ModInitFunction6sFirstE
 *(.gnu.linkonce.b.*)
 *(COMMON)
                0x0000bca0                        . = ALIGN (0x20)
 *fill*         0x0000bc94        0xc 
                [!provide]                        PROVIDE (__bss_end = .)
                0x0000bca0                        __bss_end = .
                0x0000bca0                        _end = .
                [!provide]                        PROVIDE (end = .)

.bss._ZZNK3mod14seq_change_mapMUlPKcE_clES2_E8beroName
                0x00000000       0x20
 .bss._ZZNK3mod14seq_change_mapMUlPKcE_clES2_E8beroName
                0x00000000       0x20 con_seq.o
                0x00000000                _ZZNK3mod14seq_change_mapMUlPKcE_clES1_E8beroName
                0x00000000                _ZZNK3mod14seq_change_mapMUlPKcE_clES2_E8beroName

.bss._ZZNK3mod14seq_change_mapMUlPKcE_clES2_E7mapName
                0x00000000       0x20
 .bss._ZZNK3mod14seq_change_mapMUlPKcE_clES2_E7mapName
                0x00000000       0x20 con_seq.o
                0x00000000                _ZZNK3mod14seq_change_mapMUlPKcE_clES2_E7mapName
                0x00000000                _ZZNK3mod14seq_change_mapMUlPKcE_clES1_E7mapName

.stab
 *(.stab)

.stabstr
 *(.stabstr)

.stab.excl
 *(.stab.excl)

.stab.exclstr
 *(.stab.exclstr)

.stab.index
 *(.stab.index)

.stab.indexstr
 *(.stab.indexstr)

.comment        0x00000000      0x654
 *(.comment)
 .comment       0x00000000       0x24 OWR.o
 .comment       0x00000024       0x24 common.o
 .comment       0x00000048       0x24 con_mario.o
 .comment       0x0000006c       0x24 con_perf.o
 .comment       0x00000090       0x24 con_seq.o
 .comment       0x000000b4       0x24 console.o
 .comment       0x000000d8       0x24 cxx.o
 .comment       0x000000fc       0x24 keyboard.o
 .comment       0x00000120       0x24 mod.o
 .comment       0x00000144       0x24 patch.o
 .comment       0x00000168       0x24 rel.o
 .comment       0x0000018c       0x24 ug.o
 .comment       0x000001b0       0x24 util.o
 .comment       0x000001d4       0x24 aaa.o
 .comment       0x000001f8       0x24 aji.o
 .comment       0x0000021c       0x24 bom.o
 .comment       0x00000240       0x24 dou.o
 .comment       0x00000264       0x24 eki.o
 .comment       0x00000288       0x24 end.o
 .comment       0x000002ac       0x24 gon.o
 .comment       0x000002d0       0x24 gor_00.o
 .comment       0x000002f4       0x24 gor_01.o
 .comment       0x00000318       0x24 gor_02.o
 .comment       0x0000033c       0x24 gor_03.o
 .comment       0x00000360       0x24 gor_04.o
 .comment       0x00000384       0x24 gor_misc.o
 .comment       0x000003a8       0x24 gra.o
 .comment       0x000003cc       0x24 hei.o
 .comment       0x000003f0       0x24 hom.o
 .comment       0x00000414       0x24 jin.o
 .comment       0x00000438       0x24 kpa.o
 .comment       0x0000045c       0x24 las.o
 .comment       0x00000480       0x24 main.o
 .comment       0x000004a4       0x24 moo.o
 .comment       0x000004c8       0x24 mri.o
 .comment       0x000004ec       0x24 muj.o
 .comment       0x00000510       0x24 nok.o
 .comment       0x00000534       0x24 pik.o
 .comment       0x00000558       0x24 rsh.o
 .comment       0x0000057c       0x24 tik.o
 .comment       0x000005a0       0x24 tou.o
 .comment       0x000005c4       0x24 tou2.o
 .comment       0x000005e8       0x24 usu.o
 .comment       0x0000060c       0x24 win.o
 .comment       0x00000630       0x24 C:/devkitPro/devkitPPC/bin/../lib/gcc/powerpc-eabi/13.1.0\libgcc.a(_divdi3.o)

.gnu.attributes
                0x00000000       0x10
 .gnu.attributes
                0x00000000       0x10 OWR.o
 .gnu.attributes
                0x00000010       0x10 common.o
 .gnu.attributes
                0x00000020       0x10 con_mario.o
 .gnu.attributes
                0x00000030       0x10 con_perf.o
 .gnu.attributes
                0x00000040       0x10 console.o
 .gnu.attributes
                0x00000050       0x10 mod.o

.group          0x00000000        0xc
 .group         0x00000000        0xc con_mario.o

.group          0x00000000        0xc
 .group         0x00000000        0xc con_perf.o

.group          0x00000000        0xc
 .group         0x00000000        0xc con_seq.o

.group          0x00000000        0x8
 .group         0x00000000        0x8 con_seq.o

.group          0x00000000        0x8
 .group         0x00000000        0x8 con_seq.o

.group          0x00000000        0xc
 .group         0x00000000        0xc console.o

.debug
 *(.debug)

.line
 *(.line)

.debug_srcinfo
 *(.debug_srcinfo)

.debug_sfnames
 *(.debug_sfnames)

.debug_aranges  0x00000000      0x7f0
 *(.debug_aranges)
 .debug_aranges
                0x00000000       0x80 OWR.o
 .debug_aranges
                0x00000080       0x60 common.o
 .debug_aranges
                0x000000e0       0x30 con_mario.o
 .debug_aranges
                0x00000110       0x30 con_perf.o
 .debug_aranges
                0x00000140       0x38 con_seq.o
 .debug_aranges
                0x00000178       0xb0 console.o
 .debug_aranges
                0x00000228       0x38 cxx.o
 .debug_aranges
                0x00000260       0x40 keyboard.o
 .debug_aranges
                0x000002a0       0x58 mod.o
 .debug_aranges
                0x000002f8       0x78 patch.o
 .debug_aranges
                0x00000370       0x30 rel.o
 .debug_aranges
                0x000003a0       0x30 ug.o
 .debug_aranges
                0x000003d0       0x20 util.o
 .debug_aranges
                0x000003f0       0x20 aaa.o
 .debug_aranges
                0x00000410       0x20 aji.o
 .debug_aranges
                0x00000430       0x20 bom.o
 .debug_aranges
                0x00000450       0x20 dou.o
 .debug_aranges
                0x00000470       0x20 eki.o
 .debug_aranges
                0x00000490       0x20 end.o
 .debug_aranges
                0x000004b0       0x20 gon.o
 .debug_aranges
                0x000004d0       0x28 gor_00.o
 .debug_aranges
                0x000004f8       0x20 gor_01.o
 .debug_aranges
                0x00000518       0x20 gor_02.o
 .debug_aranges
                0x00000538       0x20 gor_03.o
 .debug_aranges
                0x00000558       0x20 gor_04.o
 .debug_aranges
                0x00000578       0x20 gor_misc.o
 .debug_aranges
                0x00000598       0x20 gra.o
 .debug_aranges
                0x000005b8       0x20 hei.o
 .debug_aranges
                0x000005d8       0x20 hom.o
 .debug_aranges
                0x000005f8       0x20 jin.o
 .debug_aranges
                0x00000618       0x20 kpa.o
 .debug_aranges
                0x00000638       0x20 las.o
 .debug_aranges
                0x00000658       0x28 main.o
 .debug_aranges
                0x00000680       0x20 moo.o
 .debug_aranges
                0x000006a0       0x20 mri.o
 .debug_aranges
                0x000006c0       0x20 muj.o
 .debug_aranges
                0x000006e0       0x20 nok.o
 .debug_aranges
                0x00000700       0x20 pik.o
 .debug_aranges
                0x00000720       0x20 rsh.o
 .debug_aranges
                0x00000740       0x30 tik.o
 .debug_aranges
                0x00000770       0x20 tou.o
 .debug_aranges
                0x00000790       0x20 tou2.o
 .debug_aranges
                0x000007b0       0x20 usu.o
 .debug_aranges
                0x000007d0       0x20 win.o

.debug_pubnames
 *(.debug_pubnames)

.debug_info     0x00000000    0x417c4
 *(.debug_info)
 .debug_info    0x00000000     0x398f OWR.o
 .debug_info    0x0000398f      0xf16 common.o
 .debug_info    0x000048a5     0x2574 con_mario.o
 .debug_info    0x00006e19     0x20ea con_perf.o
 .debug_info    0x00008f03     0x21f6 con_seq.o
 .debug_info    0x0000b0f9     0x3e13 console.o
 .debug_info    0x0000ef0c      0x394 cxx.o
 .debug_info    0x0000f2a0      0xfaf keyboard.o
 .debug_info    0x0001024f     0x33f4 mod.o
 .debug_info    0x00013643     0x15c5 patch.o
 .debug_info    0x00014c08       0xf3 rel.o
 .debug_info    0x00014cfb      0x8d5 ug.o
 .debug_info    0x000155d0      0x693 util.o
 .debug_info    0x00015c63     0x1120 aaa.o
 .debug_info    0x00016d83     0x1caf aji.o
 .debug_info    0x00018a32     0x122e bom.o
 .debug_info    0x00019c60     0x1224 dou.o
 .debug_info    0x0001ae84     0x11d4 eki.o
 .debug_info    0x0001c058     0x1110 end.o
 .debug_info    0x0001d168     0x1238 gon.o
 .debug_info    0x0001e3a0     0x20ce gor_00.o
 .debug_info    0x0002046e     0x18fd gor_01.o
 .debug_info    0x00021d6b     0x1968 gor_02.o
 .debug_info    0x000236d3     0x176a gor_03.o
 .debug_info    0x00024e3d     0x1166 gor_04.o
 .debug_info    0x00025fa3     0x116f gor_misc.o
 .debug_info    0x00027112     0x1608 gra.o
 .debug_info    0x0002871a     0x11d4 hei.o
 .debug_info    0x000298ee     0x1170 hom.o
 .debug_info    0x0002aa5e     0x1238 jin.o
 .debug_info    0x0002bc96     0x115c kpa.o
 .debug_info    0x0002cdf2     0x12d8 las.o
 .debug_info    0x0002e0ca      0x61a main.o
 .debug_info    0x0002e6e4     0x1624 moo.o
 .debug_info    0x0002fd08     0x212f mri.o
 .debug_info    0x00031e37     0x1de1 muj.o
 .debug_info    0x00033c18     0x1b14 nok.o
 .debug_info    0x0003572c     0x198b pik.o
 .debug_info    0x000370b7     0x1f2c rsh.o
 .debug_info    0x00038fe3     0x260e tik.o
 .debug_info    0x0003b5f1     0x1b67 tou.o
 .debug_info    0x0003d158     0x1238 tou2.o
 .debug_info    0x0003e390     0x1d02 usu.o
 .debug_info    0x00040092     0x1732 win.o

.debug_abbrev   0x00000000     0x7659
 *(.debug_abbrev)
 .debug_abbrev  0x00000000      0x831 OWR.o
 .debug_abbrev  0x00000831      0x21a common.o
 .debug_abbrev  0x00000a4b      0x600 con_mario.o
 .debug_abbrev  0x0000104b      0x620 con_perf.o
 .debug_abbrev  0x0000166b      0x668 con_seq.o
 .debug_abbrev  0x00001cd3      0x991 console.o
 .debug_abbrev  0x00002664      0x170 cxx.o
 .debug_abbrev  0x000027d4      0x36e keyboard.o
 .debug_abbrev  0x00002b42      0x7a7 mod.o
 .debug_abbrev  0x000032e9      0x2bd patch.o
 .debug_abbrev  0x000035a6       0xeb rel.o
 .debug_abbrev  0x00003691      0x230 ug.o
 .debug_abbrev  0x000038c1      0x12d util.o
 .debug_abbrev  0x000039ee      0x183 aaa.o
 .debug_abbrev  0x00003b71      0x24a aji.o
 .debug_abbrev  0x00003dbb      0x183 bom.o
 .debug_abbrev  0x00003f3e      0x183 dou.o
 .debug_abbrev  0x000040c1      0x183 eki.o
 .debug_abbrev  0x00004244      0x180 end.o
 .debug_abbrev  0x000043c4      0x183 gon.o
 .debug_abbrev  0x00004547      0x27e gor_00.o
 .debug_abbrev  0x000047c5      0x253 gor_01.o
 .debug_abbrev  0x00004a18      0x237 gor_02.o
 .debug_abbrev  0x00004c4f      0x20e gor_03.o
 .debug_abbrev  0x00004e5d      0x183 gor_04.o
 .debug_abbrev  0x00004fe0      0x1ba gor_misc.o
 .debug_abbrev  0x0000519a      0x202 gra.o
 .debug_abbrev  0x0000539c      0x183 hei.o
 .debug_abbrev  0x0000551f      0x183 hom.o
 .debug_abbrev  0x000056a2      0x183 jin.o
 .debug_abbrev  0x00005825      0x183 kpa.o
 .debug_abbrev  0x000059a8      0x183 las.o
 .debug_abbrev  0x00005b2b      0x13f main.o
 .debug_abbrev  0x00005c6a      0x21d moo.o
 .debug_abbrev  0x00005e87      0x246 mri.o
 .debug_abbrev  0x000060cd      0x23f muj.o
 .debug_abbrev  0x0000630c      0x238 nok.o
 .debug_abbrev  0x00006544      0x23a pik.o
 .debug_abbrev  0x0000677e      0x237 rsh.o
 .debug_abbrev  0x000069b5      0x4af tik.o
 .debug_abbrev  0x00006e64      0x203 tou.o
 .debug_abbrev  0x00007067      0x183 tou2.o
 .debug_abbrev  0x000071ea      0x237 usu.o
 .debug_abbrev  0x00007421      0x238 win.o

.debug_line     0x00000000    0x18471
 *(.debug_line)
 .debug_line    0x00000000      0xb57 OWR.o
 .debug_line    0x00000b57      0x39d common.o
 .debug_line    0x00000ef4      0x4e0 con_mario.o
 .debug_line    0x000013d4      0x5f6 con_perf.o
 .debug_line    0x000019ca      0x5b4 con_seq.o
 .debug_line    0x00001f7e     0x1f5f console.o
 .debug_line    0x00003edd      0x1c9 cxx.o
 .debug_line    0x000040a6      0xcb4 keyboard.o
 .debug_line    0x00004d5a      0x79d mod.o
 .debug_line    0x000054f7      0x80c patch.o
 .debug_line    0x00005d03      0x226 rel.o
 .debug_line    0x00005f29      0x4ad ug.o
 .debug_line    0x000063d6      0x2cc util.o
 .debug_line    0x000066a2      0x33c aaa.o
 .debug_line    0x000069de      0xef4 aji.o
 .debug_line    0x000078d2      0x782 bom.o
 .debug_line    0x00008054      0x76c dou.o
 .debug_line    0x000087c0      0x679 eki.o
 .debug_line    0x00008e39      0x315 end.o
 .debug_line    0x0000914e      0x75c gon.o
 .debug_line    0x000098aa      0x934 gor_00.o
 .debug_line    0x0000a1de      0x71b gor_01.o
 .debug_line    0x0000a8f9      0x833 gor_02.o
 .debug_line    0x0000b12c      0x8d4 gor_03.o
 .debug_line    0x0000ba00      0x4fe gor_04.o
 .debug_line    0x0000befe      0x45c gor_misc.o
 .debug_line    0x0000c35a      0x5a6 gra.o
 .debug_line    0x0000c900      0x5c4 hei.o
 .debug_line    0x0000cec4      0x461 hom.o
 .debug_line    0x0000d325      0x6fd jin.o
 .debug_line    0x0000da22      0x3b0 kpa.o
 .debug_line    0x0000ddd2      0x95f las.o
 .debug_line    0x0000e731      0x878 main.o
 .debug_line    0x0000efa9      0x3d0 moo.o
 .debug_line    0x0000f379     0x135b mri.o
 .debug_line    0x000106d4      0xfc4 muj.o
 .debug_line    0x00011698      0x63d nok.o
 .debug_line    0x00011cd5      0x9b2 pik.o
 .debug_line    0x00012687     0x193e rsh.o
 .debug_line    0x00013fc5      0xba2 tik.o
 .debug_line    0x00014b67     0x1bd3 tou.o
 .debug_line    0x0001673a      0x805 tou2.o
 .debug_line    0x00016f3f      0xeda usu.o
 .debug_line    0x00017e19      0x658 win.o

.debug_frame
 *(.debug_frame)

.debug_str      0x00000000    0x52fcf
 *(.debug_str)
 .debug_str     0x00000000     0x3148 OWR.o
 .debug_str     0x00003148     0x13e4 common.o
 .debug_str     0x0000452c     0x1a59 con_mario.o
 .debug_str     0x00005f85     0x160e con_perf.o
 .debug_str     0x00007593     0x17a6 con_seq.o
 .debug_str     0x00008d39     0x19f9 console.o
 .debug_str     0x0000a732      0x34e cxx.o
 .debug_str     0x0000aa80      0x955 keyboard.o
 .debug_str     0x0000b3d5     0x2d81 mod.o
 .debug_str     0x0000e156      0x6eb patch.o
 .debug_str     0x0000e841      0x191 rel.o
 .debug_str     0x0000e9d2      0x39b ug.o
 .debug_str     0x0000ed6d      0x3eb util.o
 .debug_str     0x0000f158     0x1e72 aaa.o
 .debug_str     0x00010fca     0x28b2 aji.o
 .debug_str     0x0001387c     0x2053 bom.o
 .debug_str     0x000158cf     0x203f dou.o
 .debug_str     0x0001790e     0x1f67 eki.o
 .debug_str     0x00019875     0x1e6c end.o
 .debug_str     0x0001b6e1     0x2024 gon.o
 .debug_str     0x0001d705     0x2a1c gor_00.o
 .debug_str     0x00020121     0x244d gor_01.o
 .debug_str     0x0002256e     0x256f gor_02.o
 .debug_str     0x00024add     0x2445 gor_03.o
 .debug_str     0x00026f22     0x1eeb gor_04.o
 .debug_str     0x00028e0d     0x1f00 gor_misc.o
 .debug_str     0x0002ad0d     0x22cb gra.o
 .debug_str     0x0002cfd8     0x1f6c hei.o
 .debug_str     0x0002ef44     0x1f07 hom.o
 .debug_str     0x00030e4b     0x202d jin.o
 .debug_str     0x00032e78     0x1ec2 kpa.o
 .debug_str     0x00034d3a     0x210d las.o
 .debug_str     0x00036e47      0x73b main.o
 .debug_str     0x00037582     0x2276 moo.o
 .debug_str     0x000397f8     0x2d03 mri.o
 .debug_str     0x0003c4fb     0x2a80 muj.o
 .debug_str     0x0003ef7b     0x25d2 nok.o
 .debug_str     0x0004154d     0x254c pik.o
 .debug_str     0x00043a99     0x2b11 rsh.o
 .debug_str     0x000465aa     0x32e9 tik.o
 .debug_str     0x00049893     0x2a1c tou.o
 .debug_str     0x0004c2af     0x204d tou2.o
 .debug_str     0x0004e2fc     0x293f usu.o
 .debug_str     0x00050c3b     0x2394 win.o

.debug_loc
 *(.debug_loc)

.debug_macinfo
 *(.debug_macinfo)

.debug_weaknames
 *(.debug_weaknames)

.debug_funcnames
 *(.debug_funcnames)

.debug_typenames
 *(.debug_typenames)

.debug_varnames
 *(.debug_varnames)
                0x00000000                        __isIPL = 0x0
                0x0002bca0                        __stack_addr = ((((__bss_start + SIZEOF (.bss)) + 0x20000) + 0x7) & 0xfffffffffffffff8)
                0x0000bca0                        __stack_end = (__bss_start + SIZEOF (.bss))
                0x0002fca0                        __intrstack_addr = (__stack_addr + 0x4000)
                0x0002bca0                        __intrstack_end = __stack_addr
                0x0002fca0                        __Arena1Lo = ((__intrstack_addr + 0x1f) & 0xffffffffffffffe0)
                0x817feff0                        __Arena1Hi = 0x817feff0
                0x817ff000                        __gxregs = ((__Arena1Hi + 0x1f) & 0xffffffffffffffe0)
                [!provide]                        PROVIDE (__stack = 0x817feff0)
                [!provide]                        PROVIDE (__isIPL = __isIPL)
                [!provide]                        PROVIDE (__stack_addr = __stack_addr)
                [!provide]                        PROVIDE (__stack_end = __stack_end)
                [!provide]                        PROVIDE (__intrstack_addr = __intrstack_addr)
                [!provide]                        PROVIDE (__intrstack_end = __intrstack_end)
                [!provide]                        PROVIDE (__Arena1Lo = __Arena1Lo)
                [!provide]                        PROVIDE (__Arena1Hi = __Arena1Hi)
                [!provide]                        PROVIDE (__gxregs = __gxregs)
LOAD H:/GhidraProjects/TTYDAP/TTYDAP/rel/source/cxx.ld
                0x0000bb38                        _ctors_start = ADDR (.ctors)
                0x0000bb60                        _ctors_end = (_ctors_start + SIZEOF (.ctors))
                0x0000bb60                        _dtors_start = ADDR (.dtors)
                0x0000bb60                        _dtors_end = (_dtors_start + SIZEOF (.dtors))
LOAD OWR.o
LOAD StateManager.o
LOAD common.o
LOAD con_mario.o
LOAD con_perf.o
LOAD con_seq.o
LOAD console.o
LOAD cxx.o
LOAD keyboard.o
LOAD mod.o
LOAD patch.o
LOAD rel.o
LOAD ug.o
LOAD util.o
LOAD aaa.o
LOAD aji.o
LOAD bom.o
LOAD dou.o
LOAD eki.o
LOAD end.o
LOAD gon.o
LOAD gor_00.o
LOAD gor_01.o
LOAD gor_02.o
LOAD gor_03.o
LOAD gor_04.o
LOAD gor_misc.o
LOAD gra.o
LOAD hei.o
LOAD hom.o
LOAD jin.o
LOAD kpa.o
LOAD las.o
LOAD main.o
LOAD moo.o
LOAD mri.o
LOAD muj.o
LOAD nok.o
LOAD pik.o
LOAD rsh.o
LOAD tik.o
LOAD tou.o
LOAD tou2.o
LOAD usu.o
LOAD win.o
LOAD asm_main.o
LOAD patch_ih.o
LOAD C:/devkitPro/devkitPPC/bin/../lib/gcc/powerpc-eabi/13.1.0\libgcc.a
OUTPUT(H:/GhidraProjects/TTYDAP/TTYDAP/rel/rel.eu.elf elf32-powerpc)

.debug_loclists
                0x00000000     0x4853
 .debug_loclists
                0x00000000      0x563 OWR.o
 .debug_loclists
                0x00000563      0x151 common.o
 .debug_loclists
                0x000006b4       0xa9 con_mario.o
 .debug_loclists
                0x0000075d      0x2eb con_perf.o
 .debug_loclists
                0x00000a48       0xf8 con_seq.o
 .debug_loclists
                0x00000b40     0x1cd1 console.o
 .debug_loclists
                0x00002811       0x54 cxx.o
 .debug_loclists
                0x00002865      0x886 keyboard.o
 .debug_loclists
                0x000030eb      0x1b8 mod.o
 .debug_loclists
                0x000032a3      0xc5e patch.o
 .debug_loclists
                0x00003f01      0x2cd ug.o
 .debug_loclists
                0x000041ce       0xd6 util.o
 .debug_loclists
                0x000042a4       0x29 aaa.o
 .debug_loclists
                0x000042cd       0x2a aji.o
 .debug_loclists
                0x000042f7       0x2a bom.o
 .debug_loclists
                0x00004321       0x2a dou.o
 .debug_loclists
                0x0000434b       0x2a eki.o
 .debug_loclists
                0x00004375       0x2c gon.o
 .debug_loclists
                0x000043a1       0x2c gor_00.o
 .debug_loclists
                0x000043cd       0x2a gor_01.o
 .debug_loclists
                0x000043f7       0x2a gor_02.o
 .debug_loclists
                0x00004421       0x2a gor_03.o
 .debug_loclists
                0x0000444b       0x2a gor_04.o
 .debug_loclists
                0x00004475       0x2c gor_misc.o
 .debug_loclists
                0x000044a1       0x2a gra.o
 .debug_loclists
                0x000044cb       0x2a hei.o
 .debug_loclists
                0x000044f5       0x2a hom.o
 .debug_loclists
                0x0000451f       0x2a jin.o
 .debug_loclists
                0x00004549       0x2a kpa.o
 .debug_loclists
                0x00004573       0x2a las.o
 .debug_loclists
                0x0000459d       0x2a moo.o
 .debug_loclists
                0x000045c7       0x2a mri.o
 .debug_loclists
                0x000045f1       0x2c muj.o
 .debug_loclists
                0x0000461d       0x2a nok.o
 .debug_loclists
                0x00004647       0x2c pik.o
 .debug_loclists
                0x00004673       0x2c rsh.o
 .debug_loclists
                0x0000469f      0x10a tik.o
 .debug_loclists
                0x000047a9       0x2c tou.o
 .debug_loclists
                0x000047d5       0x2a tou2.o
 .debug_loclists
                0x000047ff       0x2a usu.o
 .debug_loclists
                0x00004829       0x2a win.o

.debug_rnglists
                0x00000000     0x1405
 .debug_rnglists
                0x00000000       0xc3 OWR.o
 .debug_rnglists
                0x000000c3       0x43 common.o
 .debug_rnglists
                0x00000106       0x95 con_mario.o
 .debug_rnglists
                0x0000019b       0xb4 con_perf.o
 .debug_rnglists
                0x0000024f       0xc4 con_seq.o
 .debug_rnglists
                0x00000313      0x71c console.o
 .debug_rnglists
                0x00000a2f       0x25 cxx.o
 .debug_rnglists
                0x00000a54      0x315 keyboard.o
 .debug_rnglists
                0x00000d69       0xde mod.o
 .debug_rnglists
                0x00000e47      0x23d patch.o
 .debug_rnglists
                0x00001084       0x47 rel.o
 .debug_rnglists
                0x000010cb       0x73 ug.o
 .debug_rnglists
                0x0000113e       0x21 util.o
 .debug_rnglists
                0x0000115f       0x13 aaa.o
 .debug_rnglists
                0x00001172       0x14 aji.o
 .debug_rnglists
                0x00001186       0x14 bom.o
 .debug_rnglists
                0x0000119a       0x14 dou.o
 .debug_rnglists
                0x000011ae       0x14 eki.o
 .debug_rnglists
                0x000011c2       0x13 end.o
 .debug_rnglists
                0x000011d5       0x14 gon.o
 .debug_rnglists
                0x000011e9       0x1a gor_00.o
 .debug_rnglists
                0x00001203       0x14 gor_01.o
 .debug_rnglists
                0x00001217       0x14 gor_02.o
 .debug_rnglists
                0x0000122b       0x14 gor_03.o
 .debug_rnglists
                0x0000123f       0x14 gor_04.o
 .debug_rnglists
                0x00001253       0x14 gor_misc.o
 .debug_rnglists
                0x00001267       0x14 gra.o
 .debug_rnglists
                0x0000127b       0x14 hei.o
 .debug_rnglists
                0x0000128f       0x14 hom.o
 .debug_rnglists
                0x000012a3       0x14 jin.o
 .debug_rnglists
                0x000012b7       0x14 kpa.o
 .debug_rnglists
                0x000012cb       0x14 las.o
 .debug_rnglists
                0x000012df       0x1b main.o
 .debug_rnglists
                0x000012fa       0x14 moo.o
 .debug_rnglists
                0x0000130e       0x14 mri.o
 .debug_rnglists
                0x00001322       0x14 muj.o
 .debug_rnglists
                0x00001336       0x14 nok.o
 .debug_rnglists
                0x0000134a       0x14 pik.o
 .debug_rnglists
                0x0000135e       0x14 rsh.o
 .debug_rnglists
                0x00001372       0x43 tik.o
 .debug_rnglists
                0x000013b5       0x14 tou.o
 .debug_rnglists
                0x000013c9       0x14 tou2.o
 .debug_rnglists
                0x000013dd       0x14 usu.o
 .debug_rnglists
                0x000013f1       0x14 win.o
