Archive member included to satisfy reference by file (symbol)

C:/devkitPro/devkitPPC/bin/../lib/gcc/powerpc-eabi/13.1.0\libgcc.a(_divdi3.o)
                              console.o (__divdi3)

Discarded input sections

 .text          0x00000000        0x0 OWR.o
 .data          0x00000000        0x0 OWR.o
 .bss           0x00000000        0x0 OWR.o
 .text._Z13strcpy_StringPcPKc
                0x00000000        0x4 OWR.o
 .text._ZN3mod3owr3OWR12SequenceInitEv
                0x00000000       0x3c OWR.o
 .text._ZN3mod3owr3OWR6LZTestEv
                0x00000000       0x48 OWR.o
 .text._ZN3mod3owr3OWR11NewFileInitEv
                0x00000000        0x4 OWR.o
 .text._ZN3mod3owr3OWR10DrawStringEPKciijf
                0x00000000       0xb0 OWR.o
 .bss._ZN3mod3owr22g_itemEntry_trampolineE
                0x00000000        0x4 OWR.o
 .rodata.cst4   0x00000000        0x4 OWR.o
 .text          0x00000000        0x0 StateManager.o
 .data          0x00000000        0x0 StateManager.o
 .bss           0x00000000        0x0 StateManager.o
 .debug_line    0x00000000        0x0 StateManager.o
 .debug_str     0x00000000      0x123 StateManager.o
 .comment       0x00000000       0x24 StateManager.o
 .text          0x00000000        0x0 common.o
 .data          0x00000000        0x0 common.o
 .bss           0x00000000        0x0 common.o
 .text._ZN3mod6common14GetCurrentAreaEv
                0x00000000       0x1c common.o
 .text._ZN3mod6common13GetCurrentMapEv
                0x00000000       0x1c common.o
 .text._ZN3mod6common11GetFilenameEv
                0x00000000       0x1c common.o
 .text._ZN3mod6common16GetStorySequenceEv
                0x00000000       0x24 common.o
 .text._ZN3mod6common14GetPitSequenceEv
                0x00000000       0x2c common.o
 .text._ZN3mod6common17GetSavedFlagValueEi
                0x00000000       0x44 common.o
 .text._ZN3mod6common21HasKeyItemInInventoryEs
                0x00000000       0x60 common.o
 .text._ZN3mod6common25GetBattleWindowDataOffsetEv
                0x00000000       0x1c common.o
 .text._ZN3mod6common21GetStatusWindowHeightEv
                0x00000000       0x28 common.o
 .data._ZN3mod6common29kUnknownStatusWindowStructPtrE
                0x00000000        0x4 common.o
 .data._ZN3mod6common10kBattlePtrE
                0x00000000        0x4 common.o
 .data._ZN3mod6common9kPouchPtrE
                0x00000000        0x4 common.o
 .data._ZN3mod6common12kSaveDataPtrE
                0x00000000        0x4 common.o
 .rodata._ZN3mod6common32kUltraHammerChestDespawnIdOffsetE
                0x00000000        0x4 common.o
 .rodata._ZN3mod6common27kObjectCollectionExprOffsetE
                0x00000000        0x4 common.o
 .rodata._ZN3mod6common27kObjectChestScriptPtrOffsetE
                0x00000000        0x4 common.o
 .rodata._ZN3mod6common33kMujModuleFlavioDesiredItemOffsetE
                0x00000000        0x4 common.o
 .rodata._ZN3mod6common36kJinModuleAtomicBooItemGswfSetOffsetE
                0x00000000        0x4 common.o
 .rodata._ZN3mod6common39kJinModuleAtomicBooItemObjectFlagOffsetE
                0x00000000        0x4 common.o
 .rodata._ZN3mod6common32kPitModuleCharlietonChanceOffsetE
                0x00000000        0x4 common.o
 .rodata._ZN3mod6common22kPitModuleNpcArrOffsetE
                0x00000000        0x4 common.o
 .rodata._ZN3mod6common23kSavedWordFlagBaseValueE
                0x00000000        0x4 common.o
 .data._ZN3mod6common20kPiantaParlorItemArrE
                0x00000000        0x4 common.o
 .data._ZN3mod6common21kPitCharlietonItemArrE
                0x00000000        0x4 common.o
 .data._ZN3mod6common12kHowzItemArrE
                0x00000000        0x4 common.o
 .data._ZN3mod6common18kCharlietonItemArrE
                0x00000000        0x4 common.o
 .data._ZN3mod6common14kDazzleItemArrE
                0x00000000        0x4 common.o
 .data._ZN3mod6common20kSuperguardFramesArrE
                0x00000000        0x4 common.o
 .data._ZN3mod6common15kGuardFramesArrE
                0x00000000        0x4 common.o
 .data._ZN3mod6common25kSuperChargePartnerParamsE
                0x00000000        0x4 common.o
 .data._ZN3mod6common18kSuperChargeParamsE
                0x00000000        0x4 common.o
 .data._ZN3mod6common19kPiercingBlowParamsE
                0x00000000        0x4 common.o
 .data._ZN3mod6common18kHammerThrowParamsE
                0x00000000        0x4 common.o
 .data._ZN3mod6common17kKoopaCurseParamsE
                0x00000000        0x4 common.o
 .data._ZN3mod6common15kTradeOffParamsE
                0x00000000        0x4 common.o
 .data._ZN3mod6common17kGulpRecoilParamsE
                0x00000000        0x4 common.o
 .data._ZN3mod6common24kUltraHammerRecoilParamsE
                0x00000000        0x4 common.o
 .data._ZN3mod6common24kSuperHammerRecoilParamsE
                0x00000000        0x4 common.o
 .data._ZN3mod6common8kNextMapE
                0x00000000        0x4 common.o
 .rodata.cst4   0x00000000        0x4 common.o
 .text          0x00000000        0x0 con_mario.o
 .data          0x00000000        0x0 con_mario.o
 .bss           0x00000000        0x0 con_mario.o
 .text          0x00000000        0x0 con_perf.o
 .data          0x00000000        0x0 con_perf.o
 .bss           0x00000000        0x0 con_perf.o
 .text          0x00000000        0x0 con_seq.o
 .data          0x00000000        0x0 con_seq.o
 .bss           0x00000000        0x0 con_seq.o
 .text          0x00000000        0x0 console.o
 .data          0x00000000        0x0 console.o
 .bss           0x00000000        0x0 console.o
 .text._ZN3mod13ConsoleSystem8logDebugEPKcz
                0x00000000       0xbc console.o
 .text._ZN3mod13ConsoleSystem12setMonospaceEb
                0x00000000       0x30 console.o
 .text._ZN3mod13ConsoleSystem8drawLineEiPKcN2gc6color4E
                0x00000000       0xd4 console.o
 .text._ZN3mod13ConsoleSystem14updateUsbGeckoEv
                0x00000000       0x14 console.o
 .text          0x00000000        0x0 cxx.o
 .data          0x00000000        0x0 cxx.o
 .bss           0x00000000        0x0 cxx.o
 .text._ZdlPv   0x00000000        0xc cxx.o
 .text._ZdaPv   0x00000000        0xc cxx.o
 .text          0x00000000        0x0 keyboard.o
 .data          0x00000000        0x0 keyboard.o
 .bss           0x00000000        0x0 keyboard.o
 .text._ZN3mod8Keyboard10setChannelEi
                0x00000000       0xc4 keyboard.o
 .text._ZN3mod8Keyboard7connectEv
                0x00000000       0x78 keyboard.o
 .text._ZN3mod8Keyboard10disconnectEv
                0x00000000       0x4c keyboard.o
 .text          0x00000000        0x0 mod.o
 .data          0x00000000        0x0 mod.o
 .bss           0x00000000        0x0 mod.o
 .text._ZN3mod3ModC2Ev
                0x00000000       0xa0 mod.o
 .text._ZN3mod3Mod11updateEarlyEv
                0x00000000       0x90 mod.o
 .text._ZN3mod3Mod4drawEv
                0x00000000        0x8 mod.o
 .text          0x00000000        0x0 patch.o
 .data          0x00000000        0x0 patch.o
 .bss           0x00000000        0x0 patch.o
 .text._ZN3mod5patch21writeStandardBranchesEPvPFvvES3_
                0x00000000       0x80 patch.o
 .text._ZN3mod5patch15replaceEvtInstrEPit
                0x00000000        0x8 patch.o
 .text._ZN3mod5patch14writeEvtBranchEPiPKib
                0x00000000       0x1c patch.o
 .text._ZN3mod5patch15writeBranchMainEPvS1_j
                0x00000000       0x48 patch.o
 .text._ZN3mod5patch10writePatchEPvPKvS3_
                0x00000000       0x7c patch.o
 .text._ZN3mod5patch10writePatchEPvj
                0x00000000       0x6c patch.o
 .text._ZN3mod5patch15writeBranchPairEPvS1_S1_S1_
                0x00000000       0x88 patch.o
 .text          0x00000000        0x0 rel.o
 .data          0x00000000        0x0 rel.o
 .bss           0x00000000        0x0 rel.o
 .text          0x00000000        0x0 ug.o
 .data          0x00000000        0x0 ug.o
 .bss           0x00000000        0x0 ug.o
 .text          0x00000000        0x0 util.o
 .data          0x00000000        0x0 util.o
 .bss           0x00000000        0x0 util.o
 .text          0x00000000        0x0 aaa.o
 .data          0x00000000        0x0 aaa.o
 .bss           0x00000000        0x0 aaa.o
 .text          0x00000000        0x0 aji.o
 .data          0x00000000        0x0 aji.o
 .bss           0x00000000        0x0 aji.o
 .text          0x00000000        0x0 bom.o
 .data          0x00000000        0x0 bom.o
 .bss           0x00000000        0x0 bom.o
 .text          0x00000000        0x0 dou.o
 .data          0x00000000        0x0 dou.o
 .bss           0x00000000        0x0 dou.o
 .text          0x00000000        0x0 eki.o
 .data          0x00000000        0x0 eki.o
 .bss           0x00000000        0x0 eki.o
 .text          0x00000000        0x0 end.o
 .data          0x00000000        0x0 end.o
 .bss           0x00000000        0x0 end.o
 .text          0x00000000        0x0 gon.o
 .data          0x00000000        0x0 gon.o
 .bss           0x00000000        0x0 gon.o
 .text          0x00000000        0x0 gor_00.o
 .data          0x00000000        0x0 gor_00.o
 .bss           0x00000000        0x0 gor_00.o
 .text          0x00000000        0x0 gor_01.o
 .data          0x00000000        0x0 gor_01.o
 .bss           0x00000000        0x0 gor_01.o
 .text          0x00000000        0x0 gor_02.o
 .data          0x00000000        0x0 gor_02.o
 .bss           0x00000000        0x0 gor_02.o
 .text          0x00000000        0x0 gor_03.o
 .data          0x00000000        0x0 gor_03.o
 .bss           0x00000000        0x0 gor_03.o
 .text          0x00000000        0x0 gor_04.o
 .data          0x00000000        0x0 gor_04.o
 .bss           0x00000000        0x0 gor_04.o
 .text          0x00000000        0x0 gor_misc.o
 .data          0x00000000        0x0 gor_misc.o
 .bss           0x00000000        0x0 gor_misc.o
 .text          0x00000000        0x0 gra.o
 .data          0x00000000        0x0 gra.o
 .bss           0x00000000        0x0 gra.o
 .text          0x00000000        0x0 hei.o
 .data          0x00000000        0x0 hei.o
 .bss           0x00000000        0x0 hei.o
 .text          0x00000000        0x0 hom.o
 .data          0x00000000        0x0 hom.o
 .bss           0x00000000        0x0 hom.o
 .text          0x00000000        0x0 jin.o
 .data          0x00000000        0x0 jin.o
 .bss           0x00000000        0x0 jin.o
 .text          0x00000000        0x0 kpa.o
 .data          0x00000000        0x0 kpa.o
 .bss           0x00000000        0x0 kpa.o
 .text          0x00000000        0x0 las.o
 .data          0x00000000        0x0 las.o
 .bss           0x00000000        0x0 las.o
 .text._Z15ApplyLasPatchesPN2gc6OSLink12OSModuleInfoE
                0x00000000      0x4b4 las.o
 .text          0x00000000        0x0 main.o
 .data          0x00000000        0x0 main.o
 .bss           0x00000000        0x0 main.o
 .text          0x00000000        0x0 moo.o
 .data          0x00000000        0x0 moo.o
 .bss           0x00000000        0x0 moo.o
 .text._Z15ApplyMooPatchesPN2gc6OSLink12OSModuleInfoE
                0x00000000       0xac moo.o
 .rodata._ZL20moo_04_init_evt_hook
                0x00000000       0x28 moo.o
 .rodata._ZL19moo_04_init_evt_evt
                0x00000000      0x144 moo.o
 .text          0x00000000        0x0 mri.o
 .data          0x00000000        0x0 mri.o
 .bss           0x00000000        0x0 mri.o
 .text          0x00000000        0x0 muj.o
 .data          0x00000000        0x0 muj.o
 .bss           0x00000000        0x0 muj.o
 .text          0x00000000        0x0 nok.o
 .data          0x00000000        0x0 nok.o
 .bss           0x00000000        0x0 nok.o
 .text          0x00000000        0x0 pik.o
 .data          0x00000000        0x0 pik.o
 .bss           0x00000000        0x0 pik.o
 .text          0x00000000        0x0 rsh.o
 .data          0x00000000        0x0 rsh.o
 .bss           0x00000000        0x0 rsh.o
 .text          0x00000000        0x0 tik.o
 .data          0x00000000        0x0 tik.o
 .bss           0x00000000        0x0 tik.o
 .text._Z24checkChapterRequirementsPN4ttyd6evtmgr8EvtEntryEb
                0x00000000       0xac tik.o
 .text          0x00000000        0x0 tou.o
 .data          0x00000000        0x0 tou.o
 .bss           0x00000000        0x0 tou.o
 .text          0x00000000        0x0 tou2.o
 .data          0x00000000        0x0 tou2.o
 .bss           0x00000000        0x0 tou2.o
 .text          0x00000000        0x0 usu.o
 .data          0x00000000        0x0 usu.o
 .bss           0x00000000        0x0 usu.o
 .text          0x00000000        0x0 win.o
 .data          0x00000000        0x0 win.o
 .bss           0x00000000        0x0 win.o
 .data          0x00000000        0x0 asm_main.o
 .bss           0x00000000        0x0 asm_main.o
 .text          0x00000000       0x7c patch_ih.o
 .data          0x00000000        0x0 patch_ih.o
 .bss           0x00000000        0x0 patch_ih.o
 .text          0x00000000        0x0 C:/devkitPro/devkitPPC/bin/../lib/gcc/powerpc-eabi/13.1.0\libgcc.a(_divdi3.o)
 .data          0x00000000        0x0 C:/devkitPro/devkitPPC/bin/../lib/gcc/powerpc-eabi/13.1.0\libgcc.a(_divdi3.o)
 .bss           0x00000000        0x0 C:/devkitPro/devkitPPC/bin/../lib/gcc/powerpc-eabi/13.1.0\libgcc.a(_divdi3.o)

Memory Configuration

Name             Origin             Length             Attributes
*default*        0x00000000         0xffffffff

Linker script and memory map

                0x80003100                        . = 0x80003100

.init
 *crt0.o(*.init)
 *(.init)

.plt
 *(.plt)

.interp
 *(.interp)

.hash
 *(.hash)

.dynsym
 *(.dynsym)

.dynstr
 *(.dynstr)

.gnu.version
 *(.gnu.version)

.gnu.version_d
 *(.gnu.version_d)

.gnu.version_r
 *(.gnu.version_r)

.rel.init
 *(.rel.init)

.rela.init
 *(.rela.init)

.rel.text
 *(.rel.text .rel.text.* .rel.gnu.linkonce.t.*)

.rela.text
 *(.rela.text .rela.text.* .rela.gnu.linkonce.t.*)

.rel.fini
 *(.rel.fini)

.rela.fini
 *(.rela.fini)

.rel.rodata
 *(.rel.rodata .rel.rodata.* .rel.gnu.linkonce.r.*)

.rela.rodata
 *(.rela.rodata .rela.rodata.* .rela.gnu.linkonce.r.*)

.rel.data
 *(.rel.data .rel.data.* .rel.gnu.linkonce.d.*)

.rela.data
 *(.rela.data .rela.data.* .rela.gnu.linkonce.d.*)

.rel.tdata
 *(.rel.tdata .rel.tdata.* .rel.gnu.linkonce.td.*)

.rela.tdata
 *(.rela.tdata .rela.tdata.* .rela.gnu.linkonce.td.*)

.rel.tbss
 *(.rel.tbss .rel.tbss.* .rel.gnu.linkonce.tb.*)

.rela.tbss
 *(.rela.tbss .rela.tbss.* .rela.gnu.linkonce.tb.*)

.rel.ctors
 *(.rel.ctors)

.rela.ctors
 *(.rela.ctors)

.rel.dtors
 *(.rel.dtors)

.rela.dtors
 *(.rela.dtors)

.rel.got
 *(.rel.got)

.rela.got
 *(.rela.got)

.rela.got1
 *(.rela.got1)

.rela.got2
 *(.rela.got2)

.rel.sdata
 *(.rel.sdata .rel.sdata.* .rel.gnu.linkonce.s.*)

.rela.sdata
 *(.rela.sdata .rela.sdata.* .rela.gnu.linkonce.s.*)

.rel.sbss
 *(.rel.sbss .rel.sbss.* .rel.gnu.linkonce.sb.*)

.rela.sbss
 *(.rela.sbss .rela.sbss.* .rel.gnu.linkonce.sb.*)

.rel.sdata2
 *(.rel.sdata2 .rel.sdata2.* .rel.gnu.linkonce.s2.*)

.rela.sdata2
 *(.rela.sdata2 .rela.sdata2.* .rela.gnu.linkonce.s2.*)

.rel.sbss2
 *(.rel.sbss2 .rel.sbss2.* .rel.gnu.linkonce.sb2.*)

.rela.sbss2
 *(.rela.sbss2 .rela.sbss2.* .rela.gnu.linkonce.sb2.*)

.rel.bss
 *(.rel.bss .rel.bss.* .rel.gnu.linkonce.b.*)

.rela.bss
 *(.rela.bss .rela.bss.* .rela.gnu.linkonce.b.*)

.rel.plt
 *(.rel.plt)

.rela.plt
 *(.rela.plt)

.text           0x80003100     0xc820
 *(.text)
 .text          0x80003100      0x178 asm_main.o
                0x80003100                bMapGXArrInject
                0x8000310c                bMapGXArrInjectReturn
                0x80003110                bMapGXArrIncrement
                0x80003118                bMapGXArrIncrementReturn
                0x8000311c                bMapGXChSplit
                0x80003128                bMapGXChSplitReturn
                0x8000312c                bWinLogArrInject
                0x80003138                bWinLogArrInjectReturn
                0x8000313c                bWinLogArrIncrement
                0x80003144                bWinLogArrIncrementReturn
                0x80003148                bChapterClearCheck
                0x80003190                bJohoyaSeqAddition
                0x800031bc                win_log_mapGX_arr
 *(.text.*)
 *fill*         0x80003278        0x0 00000000
 .text._ZZN3mod3owr3OWR4InitEvENUlvE_4_FUNEv
                0x80003278       0x10 OWR.o
 .text._ZN3mod3owr3OWR12SequenceInitEv.part.0
                0x80003288       0xe4 OWR.o
 .text._ZN3mod3owr3OWRC2Ev
                0x8000336c        0xc OWR.o
                0x8000336c                _ZN3mod3owr3OWRC1Ev
                0x8000336c                _ZN3mod3owr3OWRC2Ev
 .text._ZN3mod3owr3OWR4InitEv
                0x80003378       0xec OWR.o
                0x80003378                _ZN3mod3owr3OWR4InitEv
 .text._ZN3mod3owr3OWR6UpdateEv
                0x80003464       0x5c OWR.o
                0x80003464                _ZN3mod3owr3OWR6UpdateEv
 .text._ZN3mod3owr3OWR4DrawEv
                0x800034c0        0x4 OWR.o
                0x800034c0                _ZN3mod3owr3OWR4DrawEv
 .text._ZN3mod3owr3OWR14OnModuleLoadedEPN2gc6OSLink12OSModuleInfoE
                0x800034c4      0x210 OWR.o
                0x800034c4                _ZN3mod3owr3OWR14OnModuleLoadedEPN2gc6OSLink12OSModuleInfoE
 .text._ZZN3mod3owr3OWR4InitEvENUlPN2gc6OSLink12OSModuleInfoEPvE_4_FUNES5_S6_
                0x800036d4       0x84 OWR.o
 .text.startup._GLOBAL__sub_I__Z13strcpy_StringPcPKc
                0x80003758       0x14 OWR.o
 .text._ZN3modL13mod_if_func22Ev
                0x8000376c       0x54 con_mario.o
 .text.startup._GLOBAL__sub_I__ZN3mod13mario_set_posE
                0x800037c0       0x88 con_mario.o
 .text._ZN3modL13mod_if_func46Ev
                0x80003848      0x19c con_perf.o
 .text.startup._GLOBAL__sub_I__ZN3mod15perf_fake_spikeE
                0x800039e4       0x8c con_perf.o
 .text._ZZN3modL13mod_if_func16EvENUlPN4ttyd6seqdrv7SeqInfoEE_4_FUNES3_
                0x80003a70       0x44 con_seq.o
 .text._ZN3modL13mod_if_func16Ev
                0x80003ab4       0x74 con_seq.o
 .text.startup._GLOBAL__sub_I__ZN3mod13seq_logo_skipE
                0x80003b28       0x8c con_seq.o
 .text._ZN3mod13ConsoleSystem4initEv
                0x80003bb4       0x38 console.o
                0x80003bb4                _ZN3mod13ConsoleSystem4initEv
 .text._ZN3mod13ConsoleSystem8logColorEPKcN2gc6color4E
                0x80003bec      0x2a8 console.o
                0x80003bec                _ZN3mod13ConsoleSystem8logColorEPKcN2gc6color4E
 .text._ZN3mod13ConsoleSystem7logInfoEPKcz
                0x80003e94       0xb8 console.o
                0x80003e94                _ZN3mod13ConsoleSystem7logInfoEPKcz
 .text._ZN3mod7CC_findEPKc
                0x80003f4c      0x12c console.o
                0x80003f4c                _ZN3mod7CC_findEPKc
 .text._ZN3mod13ConsoleSystem10logWarningEPKcz
                0x80004078       0xbc console.o
                0x80004078                _ZN3mod13ConsoleSystem10logWarningEPKcz
 .text._ZN3mod13ConsoleSystem8logErrorEPKcz
                0x80004134       0xbc console.o
                0x80004134                _ZN3mod13ConsoleSystem8logErrorEPKcz
 .text._ZN3mod13ConsoleSystem7overlayEPKcz
                0x800041f0       0xd0 console.o
                0x800041f0                _ZN3mod13ConsoleSystem7overlayEPKcz
 .text._ZN3mod13ConsoleSystem14processCommandEPKc
                0x800042c0      0x288 console.o
                0x800042c0                _ZN3mod13ConsoleSystem14processCommandEPKc
 .text._ZN3mod13ConsoleSystem12updatePromptEv
                0x80004548      0x974 console.o
                0x80004548                _ZN3mod13ConsoleSystem12updatePromptEv
 .text._ZN3mod13ConsoleSystem14updateUsbGeckoEv.part.0
                0x80004ebc      0x19c console.o
 .text._ZN3mod13ConsoleSystem6updateEv
                0x80005058       0x70 console.o
                0x80005058                _ZN3mod13ConsoleSystem6updateEv
 .text._ZN3mod13ConsoleSystem4dispEv
                0x800050c8      0x534 console.o
                0x800050c8                _ZN3mod13ConsoleSystem4dispEv
 .text._ZZN3mod13ConsoleSystem6updateEvENUlN4ttyd7dispdrv8CameraIdEPvE_4_FUNES3_S4_
                0x800055fc        0x8 console.o
 .text.startup._GLOBAL__sub_I__ZN3mod10ConCommand6sFirstE
                0x80005604      0x1ac console.o
 .text._Znwj    0x800057b0        0xc cxx.o
                0x800057b0                _Znwj
 .text._Znaj    0x800057bc        0xc cxx.o
                0x800057bc                _Znaj
 .text._ZN3mod8KeyboardC2Ei
                0x800057c8       0x84 keyboard.o
                0x800057c8                _ZN3mod8KeyboardC2Ei
                0x800057c8                _ZN3mod8KeyboardC1Ei
 .text._ZN3mod8Keyboard6updateEv
                0x8000584c      0x59c keyboard.o
                0x8000584c                _ZN3mod8Keyboard6updateEv
 .text._ZZN3mod3Mod4initEvENUlvE0_4_FUNEv
                0x80005de8        0x4 mod.o
 .text._ZZN3mod3Mod11updateEarlyEvENUlN4ttyd7dispdrv8CameraIdEPvE_4_FUNES3_S4_
                0x80005dec        0x8 mod.o
 .text._ZZN3mod3Mod4initEvENUlvE_4_FUNEv
                0x80005df4       0x94 mod.o
 .text._ZN3mod3Mod4initEv
                0x80005e88       0xfc mod.o
                0x80005e88                _ZN3mod3Mod4initEv
 .text.startup._ZN3mod4mainEv
                0x80005f84       0xb0 mod.o
                0x80005f84                _ZN3mod4mainEv
 .text._ZN3mod5patch17clear_DC_IC_CacheEPvj
                0x80006034       0x40 patch.o
                0x80006034                _ZN3mod5patch17clear_DC_IC_CacheEPvj
 .text._ZN3mod5patch11writeBranchEPvS1_
                0x80006074       0x4c patch.o
                0x80006074                _ZN3mod5patch11writeBranchEPvS1_
 .text._ZN3mod5patch13writeBranchBLEPvS1_
                0x800060c0       0x50 patch.o
                0x800060c0                _ZN3mod5patch13writeBranchBLEPvS1_
 .text._ZN3mod5patch10writePatchEPvPKvj
                0x80006110       0x7c patch.o
                0x80006110                _ZN3mod5patch10writePatchEPvPKvj
 .text._ZN3mod5patch15writeBranchPairEPvS1_S1_
                0x8000618c       0x80 patch.o
                0x8000618c                _ZN3mod5patch15writeBranchPairEPvS1_S1_
 .text._prolog  0x8000620c       0xac rel.o
                0x8000620c                _prolog
 .text._epilog  0x800062b8       0xac rel.o
                0x800062b8                _epilog
 .text._unresolved
                0x80006364        0x4 rel.o
                0x80006364                _unresolved
 .text._ZN3mod7ugProbeEi
                0x80006368      0x110 ug.o
                0x80006368                _ZN3mod7ugProbeEi
 .text._ZN3mod6ugSendEiPKvi
                0x80006478      0x12c ug.o
                0x80006478                _ZN3mod6ugSendEiPKvi
 .text._ZN3mod6ugRecvEiPvi
                0x800065a4      0x124 ug.o
                0x800065a4                _ZN3mod6ugRecvEiPvi
 .text.strstr   0x800066c8       0xf0 util.o
                0x800066c8                strstr
 .text._Z15ApplyAaaPatchesPN2gc6OSLink12OSModuleInfoE
                0x800067b8       0x50 aaa.o
                0x800067b8                _Z15ApplyAaaPatchesPN2gc6OSLink12OSModuleInfoE
 .text._Z15ApplyAjiPatchesPN2gc6OSLink12OSModuleInfoE
                0x80006808      0x8a0 aji.o
                0x80006808                _Z15ApplyAjiPatchesPN2gc6OSLink12OSModuleInfoE
 .text._Z15ApplyBomPatchesPN2gc6OSLink12OSModuleInfoE
                0x800070a8      0x2fc bom.o
                0x800070a8                _Z15ApplyBomPatchesPN2gc6OSLink12OSModuleInfoE
 .text._Z15ApplyDouPatchesPN2gc6OSLink12OSModuleInfoE
                0x800073a4      0x304 dou.o
                0x800073a4                _Z15ApplyDouPatchesPN2gc6OSLink12OSModuleInfoE
 .text._Z15ApplyEkiPatchesPN2gc6OSLink12OSModuleInfoE
                0x800076a8      0x270 eki.o
                0x800076a8                _Z15ApplyEkiPatchesPN2gc6OSLink12OSModuleInfoE
 .text._Z15ApplyEndPatchesPN2gc6OSLink12OSModuleInfoE
                0x80007918       0x30 end.o
                0x80007918                _Z15ApplyEndPatchesPN2gc6OSLink12OSModuleInfoE
 .text._Z15ApplyGonPatchesPN2gc6OSLink12OSModuleInfoE
                0x80007948      0x35c gon.o
                0x80007948                _Z15ApplyGonPatchesPN2gc6OSLink12OSModuleInfoE
 .text._Z17ApplyGor00PatchesPN2gc6OSLink12OSModuleInfoE
                0x80007ca4      0x624 gor_00.o
                0x80007ca4                _Z17ApplyGor00PatchesPN2gc6OSLink12OSModuleInfoE
 .text.startup._GLOBAL__sub_I__Z17ApplyGor00PatchesPN2gc6OSLink12OSModuleInfoE
                0x800082c8       0x1c gor_00.o
 .text._Z17ApplyGor01PatchesPN2gc6OSLink12OSModuleInfoE
                0x800082e4      0x428 gor_01.o
                0x800082e4                _Z17ApplyGor01PatchesPN2gc6OSLink12OSModuleInfoE
 .text._Z17ApplyGor02PatchesPN2gc6OSLink12OSModuleInfoE
                0x8000870c      0x4d8 gor_02.o
                0x8000870c                _Z17ApplyGor02PatchesPN2gc6OSLink12OSModuleInfoE
 .text._Z17ApplyGor03PatchesPN2gc6OSLink12OSModuleInfoE
                0x80008be4      0x4e4 gor_03.o
                0x80008be4                _Z17ApplyGor03PatchesPN2gc6OSLink12OSModuleInfoE
 .text._Z17ApplyGor04PatchesPN2gc6OSLink12OSModuleInfoE
                0x800090c8      0x170 gor_04.o
                0x800090c8                _Z17ApplyGor04PatchesPN2gc6OSLink12OSModuleInfoE
 .text._Z19ApplyGorMiscPatchesPN2gc6OSLink12OSModuleInfoE
                0x80009238       0xc8 gor_misc.o
                0x80009238                _Z19ApplyGorMiscPatchesPN2gc6OSLink12OSModuleInfoE
 .text._Z15ApplyGraPatchesPN2gc6OSLink12OSModuleInfoE
                0x80009300      0x22c gra.o
                0x80009300                _Z15ApplyGraPatchesPN2gc6OSLink12OSModuleInfoE
 .text._Z15ApplyHeiPatchesPN2gc6OSLink12OSModuleInfoE
                0x8000952c      0x224 hei.o
                0x8000952c                _Z15ApplyHeiPatchesPN2gc6OSLink12OSModuleInfoE
 .text._Z15ApplyHomPatchesPN2gc6OSLink12OSModuleInfoE
                0x80009750      0x140 hom.o
                0x80009750                _Z15ApplyHomPatchesPN2gc6OSLink12OSModuleInfoE
 .text._Z15ApplyJinPatchesPN2gc6OSLink12OSModuleInfoE
                0x80009890      0x2e8 jin.o
                0x80009890                _Z15ApplyJinPatchesPN2gc6OSLink12OSModuleInfoE
 .text._Z15ApplyKpaPatchesPN2gc6OSLink12OSModuleInfoE
                0x80009b78       0xe4 kpa.o
                0x80009b78                _Z15ApplyKpaPatchesPN2gc6OSLink12OSModuleInfoE
 .text._Z24ApplyMainAssemblyPatchesv
                0x80009c5c      0x57c main.o
                0x80009c5c                _Z24ApplyMainAssemblyPatchesv
 .text._Z22ApplyMainScriptPatchesv
                0x8000a1d8      0x1e8 main.o
                0x8000a1d8                _Z22ApplyMainScriptPatchesv
 .text._Z15ApplyMriPatchesPN2gc6OSLink12OSModuleInfoE
                0x8000a3c0      0xb8c mri.o
                0x8000a3c0                _Z15ApplyMriPatchesPN2gc6OSLink12OSModuleInfoE
 .text.startup._GLOBAL__sub_I__Z15ApplyMriPatchesPN2gc6OSLink12OSModuleInfoE
                0x8000af4c       0x14 mri.o
 .text._Z15ApplyMujPatchesPN2gc6OSLink12OSModuleInfoE
                0x8000af60      0x9b0 muj.o
                0x8000af60                _Z15ApplyMujPatchesPN2gc6OSLink12OSModuleInfoE
 .text.startup._GLOBAL__sub_I__Z15ApplyMujPatchesPN2gc6OSLink12OSModuleInfoE
                0x8000b910       0x30 muj.o
 .text._Z15ApplyNokPatchesPN2gc6OSLink12OSModuleInfoE
                0x8000b940      0x370 nok.o
                0x8000b940                _Z15ApplyNokPatchesPN2gc6OSLink12OSModuleInfoE
 .text._Z15ApplyPikPatchesPN2gc6OSLink12OSModuleInfoE
                0x8000bcb0      0x534 pik.o
                0x8000bcb0                _Z15ApplyPikPatchesPN2gc6OSLink12OSModuleInfoE
 .text._Z15ApplyRshPatchesPN2gc6OSLink12OSModuleInfoE
                0x8000c1e4      0xf70 rsh.o
                0x8000c1e4                _Z15ApplyRshPatchesPN2gc6OSLink12OSModuleInfoE
 .text._Z15ApplyTikPatchesPN2gc6OSLink12OSModuleInfoE
                0x8000d154      0x5c0 tik.o
                0x8000d154                _Z15ApplyTikPatchesPN2gc6OSLink12OSModuleInfoE
 .text._Z15ApplyTouPatchesPN2gc6OSLink12OSModuleInfoE
                0x8000d714      0xfb8 tou.o
                0x8000d714                _Z15ApplyTouPatchesPN2gc6OSLink12OSModuleInfoE
 .text._Z16ApplyTou2PatchesPN2gc6OSLink12OSModuleInfoE
                0x8000e6cc      0x2e8 tou2.o
                0x8000e6cc                _Z16ApplyTou2PatchesPN2gc6OSLink12OSModuleInfoE
 .text._Z15ApplyUsuPatchesPN2gc6OSLink12OSModuleInfoE
                0x8000e9b4      0x8a8 usu.o
                0x8000e9b4                _Z15ApplyUsuPatchesPN2gc6OSLink12OSModuleInfoE
 .text._Z15ApplyWinPatchesPN2gc6OSLink12OSModuleInfoE
                0x8000f25c      0x2cc win.o
                0x8000f25c                _Z15ApplyWinPatchesPN2gc6OSLink12OSModuleInfoE
 .text.__divdi3
                0x8000f528      0x3ec C:/devkitPro/devkitPPC/bin/../lib/gcc/powerpc-eabi/13.1.0\libgcc.a(_divdi3.o)
                0x8000f528                __divdi3
 *(.gnu.warning)
 *(.gnu.linkonce.t.*)
                0x8000f920                        . = ALIGN (0x20)
 *fill*         0x8000f914        0xc 00000000

.text._ZN3mod13mario_set_posMUlPKcE_4_FUNES2_
                0x00000000       0x6c
 .text._ZN3mod13mario_set_posMUlPKcE_4_FUNES2_
                0x00000000       0x6c con_mario.o
                0x00000000                _ZN3mod13mario_set_posMUlPKcE_4_FUNES2_
                0x00000000                _ZN3mod13mario_set_posMUlPKcE_4_FUNES1_

.text._ZN3mod15perf_fake_spikeMUlPKcE_4_FUNES2_
                0x00000000       0xa8
 .text._ZN3mod15perf_fake_spikeMUlPKcE_4_FUNES2_
                0x00000000       0xa8 con_perf.o
                0x00000000                _ZN3mod15perf_fake_spikeMUlPKcE_4_FUNES1_
                0x00000000                _ZN3mod15perf_fake_spikeMUlPKcE_4_FUNES2_

.text._ZN3mod14seq_change_mapMUlPKcE_4_FUNES2_
                0x00000000       0xf0
 .text._ZN3mod14seq_change_mapMUlPKcE_4_FUNES2_
                0x00000000       0xf0 con_seq.o
                0x00000000                _ZN3mod14seq_change_mapMUlPKcE_4_FUNES2_
                0x00000000                _ZN3mod14seq_change_mapMUlPKcE_4_FUNES1_

.text._ZN3mod8con_monoMUlPNS_9ConIntVarEiE_4_FUNES2_i
                0x00000000       0x3c
 .text._ZN3mod8con_monoMUlPNS_9ConIntVarEiE_4_FUNES2_i
                0x00000000       0x3c console.o
                0x00000000                _ZN3mod8con_monoMUlPNS_9ConIntVarEiE_4_FUNES1_i
                0x00000000                _ZN3mod8con_monoMUlPNS_9ConIntVarEiE_4_FUNES2_i

.fini           0x0000003c        0x4
 *(.fini)
                0x00000040                        . = ALIGN (0x20)
 *fill*         0x0000003c        0x4 00000000
                [!provide]                        PROVIDE (__etext = .)
                [!provide]                        PROVIDE (_etext = .)
                [!provide]                        PROVIDE (etext = .)

.rodata         0x00000040     0x9b20
 *(.rodata)
 *(.rodata.*)
 .rodata._ZN3mod3owr3OWR6LZTestEv.str1.4
                0x00000040        0x7 OWR.o
 *fill*         0x00000047        0x1 
 .rodata._ZN3mod3owr3OWR14OnModuleLoadedEPN2gc6OSLink12OSModuleInfoE
                0x00000048       0x74 OWR.o
 .rodata._ZN3mod13mario_set_posMUlPKcE_4_FUNES2_.str1.4
                0x000000bc        0x9 con_mario.o
 *fill*         0x000000c5        0x3 
 .rodata._ZN3modL13mod_if_func22Ev.str1.4
                0x000000c8       0x20 con_mario.o
 .rodata._GLOBAL__sub_I__ZN3mod13mario_set_posE.str1.4
                0x000000e8       0x1f con_mario.o
 *fill*         0x00000107        0x1 
 .rodata._ZN3modL13mod_if_func46Ev.str1.4
                0x00000108       0x5e con_perf.o
 *fill*         0x00000166        0x2 
 .rodata._ZN3mod15perf_fake_spikeMUlPKcE_4_FUNES2_.str1.4
                0x00000168        0x4 con_perf.o
 .rodata._GLOBAL__sub_I__ZN3mod15perf_fake_spikeE.str1.4
                0x0000016c       0x1f con_perf.o
 *fill*         0x0000018b        0x1 
 .rodata.cst4   0x0000018c       0x10 con_perf.o
 .rodata._ZN3mod14seq_change_mapMUlPKcE_4_FUNES2_.str1.4
                0x0000019c       0x20 con_seq.o
 .rodata._GLOBAL__sub_I__ZN3mod13seq_logo_skipE.str1.4
                0x000001bc       0x1f con_seq.o
 *fill*         0x000001db        0x1 
 .rodata._ZN3mod13ConsoleSystem8logColorEPKcN2gc6color4E.str1.4
                0x000001dc       0x83 console.o
 *fill*         0x0000025f        0x1 
 .rodata._ZN3mod7CC_findEPKc.str1.4
                0x00000260       0x21 console.o
 *fill*         0x00000281        0x3 
 .rodata._ZN3mod13ConsoleSystem14processCommandEPKc.str1.4
                0x00000284       0x2e console.o
 *fill*         0x000002b2        0x2 
 .rodata._ZN3mod13ConsoleSystem12updatePromptEv
                0x000002b4      0x6c0 console.o
 .rodata._ZN3mod13ConsoleSystem14updateUsbGeckoEv.part.0.str1.4
                0x00000974       0x75 console.o
 *fill*         0x000009e9        0x3 
 .rodata._ZN3mod13ConsoleSystem4dispEv.str1.4
                0x000009ec       0x16 console.o
 *fill*         0x00000a02        0x2 
 .rodata._GLOBAL__sub_I__ZN3mod10ConCommand6sFirstE.str1.4
                0x00000a04       0x8d console.o
 .rodata._ZZN3mod13ConsoleSystem4dispEvE12kPromptColor
                0x00000a91        0x4 console.o
 *fill*         0x00000a95        0x3 
 .rodata.cst4   0x00000a98        0x8 console.o
 .rodata.cst4   0x00000aa0        0x4 mod.o
 .rodata._ZL20aji_17_init_evt_hook
                0x00000aa4       0x14 aji.o
 .rodata._ZL19aji_17_init_evt_evt
                0x00000ab8       0x4c aji.o
 .rodata._ZL20aji_10_init_evt_hook
                0x00000b04       0x14 aji.o
 .rodata.str1.4
                0x00000b18       0x43 aji.o
 *fill*         0x00000b5b        0x1 
 .rodata._ZL19aji_10_init_evt_evt
                0x00000b5c      0x284 aji.o
 .rodata._ZL18teshita3_init_hook
                0x00000de0       0x10 aji.o
 .rodata._ZL17teshita3_init_evt
                0x00000df0       0xc0 aji.o
 .rodata._ZL18teshita2_init_hook
                0x00000eb0       0x10 aji.o
 .rodata._ZL17teshita2_init_evt
                0x00000ec0       0xc0 aji.o
 .rodata._ZL20peach_evt_ele_2_hook
                0x00000f80       0x14 aji.o
 .rodata._ZL19peach_evt_ele_2_evt
                0x00000f94       0x6c aji.o
 .rodata._ZL20aji_00_init_evt_hook
                0x00001000       0x10 aji.o
 .rodata._ZL19aji_00_init_evt_evt
                0x00001010       0x5c aji.o
 .rodata._ZL4npc4
                0x0000106c       0x13 aji.o
 *fill*         0x0000107f        0x1 
 .rodata._ZL4npc3
                0x00001080        0x7 aji.o
 *fill*         0x00001087        0x1 
 .rodata._ZL4npc2
                0x00001088        0xf aji.o
 *fill*         0x00001097        0x1 
 .rodata._ZL4npc1
                0x00001098        0x7 aji.o
 *fill*         0x0000109f        0x1 
 .rodata._ZL21gor_00_init_evt2_hook
                0x000010a0       0x14 gor_00.o
 .rodata._ZL21gor_00_init_evt1_hook
                0x000010b4       0x14 gor_00.o
 .rodata.str1.4
                0x000010c8      0x2ce gor_00.o
 *fill*         0x00001396        0x2 
 .rodata._ZL16gor_00_init_evt1
                0x00001398      0x1f8 gor_00.o
 .rodata._ZL18korutesu_init_hook
                0x00001590       0x10 gor_00.o
 .rodata._ZL17korutesu_init_evt
                0x000015a0       0x58 gor_00.o
 .rodata._ZL20suifubomb_b_talk_evt
                0x000015f8       0xd4 gor_00.o
 .rodata._ZL21suifubomb_b_regl_hook
                0x000016cc       0x10 gor_00.o
 .rodata._ZL20suifubomb_b_regl_evt
                0x000016dc      0x120 gor_00.o
 .rodata._ZL20suifubomb_a_talk_evt
                0x000017fc      0x150 gor_00.o
 .rodata._ZL21suifubomb_a_regl_hook
                0x0000194c       0x10 gor_00.o
 .rodata._ZL20suifubomb_a_regl_evt
                0x0000195c       0x90 gor_00.o
 .rodata._ZL21suifubomb_a_init_hook
                0x000019ec       0x10 gor_00.o
 .rodata._ZL20suifubomb_a_init_evt
                0x000019fc       0xc8 gor_00.o
 .rodata._ZL16suifu_b_talk_evt
                0x00001ac4       0xd4 gor_00.o
 .rodata._ZL20luigi_npcEnt_00_hook
                0x00001b98       0x10 gor_00.o
 .rodata._ZL19luigi_npcEnt_00_evt
                0x00001ba8       0x80 gor_00.o
 .rodata._ZL18luigi_init_00_hook
                0x00001c28       0x10 gor_00.o
 .rodata._ZL17luigi_init_00_evt
                0x00001c38       0x50 gor_00.o
 .rodata._ZL16mokorim_init_evt
                0x00001c88       0x30 gor_00.o
 .rodata._ZL17suifu_b_init_hook
                0x00001cb8       0x10 gor_00.o
 .rodata._ZL16suifu_b_init_evt
                0x00001cc8       0xc8 gor_00.o
 .rodata._ZL17suifu_a_regl_hook
                0x00001d90       0x10 gor_00.o
 .rodata._ZL16suifu_a_regl_evt
                0x00001da0       0x80 gor_00.o
 .rodata._ZL16suifu_a_talk_evt
                0x00001e20       0xd4 gor_00.o
 .rodata._ZL19odoodo_ani_talk_evt
                0x00001ef4       0x20 gor_00.o
 .rodata._ZL15odoodo_talk_evt
                0x00001f14      0x128 gor_00.o
 .rodata._ZL16odoodo_regl_hook
                0x0000203c       0x10 gor_00.o
 .rodata._ZL15odoodo_regl_evt
                0x0000204c       0x94 gor_00.o
 .rodata._ZL15odoodo_init_evt
                0x000020e0      0x114 gor_00.o
 .rodata._ZL17garawaru_talk_evt
                0x000021f4       0xb8 gor_00.o
 .rodata._ZL18garawaru_regl_hook
                0x000022ac       0x10 gor_00.o
 .rodata._ZL17garawaru_regl_evt
                0x000022bc      0x120 gor_00.o
 .rodata._ZL18garawaru_init_hook
                0x000023dc       0x10 gor_00.o
 .rodata._ZL17garawaru_init_evt
                0x000023ec      0x140 gor_00.o
 .rodata._ZL6npcEnt
                0x0000252c        0x9 gor_00.o
 *fill*         0x00002535        0x3 
 .rodata.str1.4
                0x00002538       0xb2 gor_01.o
 *fill*         0x000025ea        0x2 
 .rodata._ZL15bomhei_talk_evt
                0x000025ec       0x20 gor_01.o
 .rodata._ZL16chusan2_talk_evt
                0x0000260c       0x20 gor_01.o
 .rodata._ZL16chusan1_talk_evt
                0x0000262c       0x20 gor_01.o
 .rodata._ZL16kuribo3_talk_evt
                0x0000264c       0x20 gor_01.o
 .rodata._ZL16kuribo2_talk_evt
                0x0000266c       0x20 gor_01.o
 .rodata._ZL16kuribo1_talk_evt
                0x0000268c       0x20 gor_01.o
 .rodata._ZL15roten2_talk_evt
                0x000026ac       0x20 gor_01.o
 .rodata._ZL15roten1_talk_evt
                0x000026cc       0x20 gor_01.o
 .rodata._ZL19shoptender_talk_evt
                0x000026ec       0x20 gor_01.o
 .rodata._ZL15kinoji_talk_evt
                0x0000270c       0x20 gor_01.o
 .rodata._ZL20badgemaster_talk_evt
                0x0000272c       0x20 gor_01.o
 .rodata._Z17ApplyGor02PatchesPN2gc6OSLink12OSModuleInfoE.str1.4
                0x0000274c        0x3 gor_02.o
 *fill*         0x0000274f        0x1 
 .rodata.str1.4
                0x00002750      0x14e gor_02.o
 *fill*         0x0000289e        0x2 
 .rodata._ZL19kurihakase_talk_evt
                0x000028a0      0x2cc gor_02.o
 .rodata._ZL21evt_door_02_open_hook
                0x00002b6c       0x14 gor_02.o
 .rodata._ZL20evt_door_02_open_evt
                0x00002b80      0x188 gor_02.o
 .rodata._ZL21gor_02_init_evt2_hook
                0x00002d08       0x14 gor_02.o
 .rodata._ZL16gor_02_init_evt2
                0x00002d1c       0xcc gor_02.o
 .rodata._ZL21gor_02_init_evt1_hook
                0x00002de8       0x14 gor_02.o
 .rodata._ZL16gor_02_init_evt1
                0x00002dfc      0x138 gor_02.o
 .rodata._ZL16borodo2_talk_evt
                0x00002f34       0x20 gor_02.o
 .rodata._ZL16borodo1_talk_evt
                0x00002f54       0x20 gor_02.o
 .rodata._ZL15roten3_talk_evt
                0x00002f74       0x20 gor_02.o
 .rodata._ZL16chusan3_talk_evt
                0x00002f94       0x20 gor_02.o
 .rodata._ZL16kuribo4_talk_evt
                0x00002fb4       0x20 gor_02.o
 .rodata.str1.4
                0x00002fd4       0xf9 gor_03.o
 *fill*         0x000030cd        0x3 
 .rodata._ZL16maffia3_talk_evt
                0x000030d0       0x20 gor_03.o
 .rodata._ZL16maffia2_talk_evt
                0x000030f0      0x140 gor_03.o
 .rodata._ZL16maffia1_talk_evt
                0x00003230      0x140 gor_03.o
 .rodata._ZL26maffiaboss_casino_talk_evt
                0x00003370       0x20 gor_03.o
 .rodata._ZL26maffiaboss_talk_common_evt
                0x00003390      0x120 gor_03.o
 .rodata.str1.4
                0x000034b0       0x18 gra.o
 .rodata._ZL18evt_machibuse_evt1
                0x000034c8       0x50 gra.o
 .rodata._ZL8doopliss
                0x00003518        0xb gra.o
 *fill*         0x00003523        0x1 
 .rodata._ZL18puniinfo_talk_hook
                0x00003524       0x10 mri.o
 .rodata._ZL20mri_03_init_evt_hook
                0x00003534       0x14 mri.o
 .rodata.str1.4
                0x00003548      0x10b mri.o
 *fill*         0x00003653        0x1 
 .rodata._ZL22mri_03_init_evt_switch
                0x00003654       0x9c mri.o
 .rodata._ZL20mri_01_init_evt_hook
                0x000036f0       0x14 mri.o
 .rodata._ZL22mri_01_init_evt_switch
                0x00003704       0xb0 mri.o
 .rodata._ZL23mri_sister_init_01_hook
                0x000037b4       0x10 mri.o
 .rodata._ZL22mri_sister_init_01_evt
                0x000037c4       0xa8 mri.o
 .rodata._ZL16puni_2_init_hook
                0x0000386c       0x10 mri.o
 .rodata._ZL15puni_2_init_evt
                0x0000387c       0x78 mri.o
 .rodata._ZL16puni_1_talk_hook
                0x000038f4       0x10 mri.o
 .rodata._ZL15puni_1_talk_evt
                0x00003904       0xb0 mri.o
 .rodata._ZL16puni_1_init_hook
                0x000039b4       0x10 mri.o
 .rodata._ZL15puni_1_init_evt
                0x000039c4       0x78 mri.o
 .rodata._ZL15elder_talk_hook
                0x00003a3c       0x10 mri.o
 .rodata._ZL22mri_elder_init_01_hook
                0x00003a4c       0x10 mri.o
 .rodata._ZL21mri_elder_init_01_evt
                0x00003a5c       0xcc mri.o
 .rodata._ZL22mri_rival_init_01_hook
                0x00003b28       0x10 mri.o
 .rodata._ZL21mri_rival_init_01_evt
                0x00003b38       0xa8 mri.o
 .rodata._ZL18guide_init_01_hook
                0x00003be0       0x10 mri.o
 .rodata._ZL17guide_init_01_evt
                0x00003bf0       0x8c mri.o
 .rodata._ZL15guide_talk_hook
                0x00003c7c       0x10 mri.o
 .rodata._ZL14guide_talk_evt
                0x00003c8c       0x98 mri.o
 .rodata._ZL18guide_init_00_hook
                0x00003d24       0x10 mri.o
 .rodata._ZL17guide_init_00_evt
                0x00003d34      0x150 mri.o
 .rodata._ZL21borosuifu_b_talk_hook
                0x00003e84       0x10 muj.o
 .rodata.str1.4
                0x00003e94      0x368 muj.o
 .rodata._ZL20borosuifu_b_talk_evt
                0x000041fc      0x130 muj.o
 .rodata._ZL21borosuifu_a_talk_hook
                0x0000432c       0x10 muj.o
 .rodata._ZL20borosuifu_a_talk_evt
                0x0000433c      0x130 muj.o
 .rodata._ZL24suifu_d_talk_muj_01_hook
                0x0000446c       0x10 muj.o
 .rodata._ZL23suifu_d_talk_muj_01_evt
                0x0000447c      0x130 muj.o
 .rodata._ZL20suifu_bomb_talk_hook
                0x000045ac       0x10 muj.o
 .rodata._ZL19suifu_bomb_talk_evt
                0x000045bc       0xf0 muj.o
 .rodata._ZL20suifu_bomb_init_hook
                0x000046ac       0x10 muj.o
 .rodata._ZL19suifu_bomb_init_evt
                0x000046bc       0x40 muj.o
 .rodata._ZL24suifu_a_talk_muj_01_hook
                0x000046fc       0x10 muj.o
 .rodata._ZL23suifu_a_talk_muj_01_evt
                0x0000470c       0xf0 muj.o
 .rodata._ZL24suifu_a_init_muj_01_hook
                0x000047fc       0x10 muj.o
 .rodata._ZL23suifu_a_init_muj_01_evt
                0x0000480c       0x40 muj.o
 .rodata._ZL23odoodo_init_muj_01_hook
                0x0000484c       0x10 muj.o
 .rodata._ZL22odoodo_init_muj_01_evt
                0x0000485c       0x40 muj.o
 .rodata._ZL23megane_init_muj_01_hook
                0x0000489c       0x10 muj.o
 .rodata._ZL22megane_init_muj_01_evt
                0x000048ac       0x40 muj.o
 .rodata._ZL22marco_init_muj_01_hook
                0x000048ec       0x10 muj.o
 .rodata._ZL21marco_init_muj_01_evt
                0x000048fc       0x9c muj.o
 .rodata._ZL25garawaru_talk_muj_01_hook
                0x00004998       0x10 muj.o
 .rodata._ZL24garawaru_talk_muj_01_evt
                0x000049a8      0x4b0 muj.o
 .rodata._ZL25garawaru_init_muj_01_hook
                0x00004e58       0x10 muj.o
 .rodata._ZL24garawaru_init_muj_01_evt
                0x00004e68       0xe0 muj.o
 .rodata._ZL20muj_00_init_evt_hook
                0x00004f48       0x58 muj.o
 .rodata._ZL19muj_00_init_evt_evt
                0x00004fa0       0x3c muj.o
 .rodata._ZL22peton_talk_muj_00_hook
                0x00004fdc       0x10 muj.o
 .rodata._ZL21peton_talk_muj_00_evt
                0x00004fec       0x8c muj.o
 .rodata._ZL21mony_talk_muj_00_hook
                0x00005078       0x10 muj.o
 .rodata._ZL20mony_talk_muj_00_evt
                0x00005088       0x8c muj.o
 .rodata._ZL17nokorin_talk_hook
                0x00005114       0x10 nok.o
 .rodata.str1.4
                0x00005124      0x45e nok.o
 *fill*         0x00005582        0x2 
 .rodata._ZL16nokorin_talk_evt
                0x00005584      0x180 nok.o
 .rodata._ZL19boss_noko_talk_hook
                0x00005704       0x10 nok.o
 .rodata._ZL18boss_noko_talk_evt
                0x00005714      0x164 nok.o
 .rodata._ZL20nokonoko_K_talk_hook
                0x00005878       0x10 nok.o
 .rodata._ZL19nokonoko_K_talk_evt
                0x00005888       0xd0 nok.o
 .rodata._ZL18nokopapa_talk_hook
                0x00005958       0x10 nok.o
 .rodata._ZL17nokopapa_talk_evt
                0x00005968      0x128 nok.o
 .rodata._ZL16monban_talk_hook
                0x00005a90       0x10 nok.o
 .rodata._ZL15monban_talk_evt
                0x00005aa0      0x110 nok.o
 .rodata._ZL20nokonoko_I_talk_hook
                0x00005bb0       0x10 nok.o
 .rodata._ZL19nokonoko_I_talk_evt
                0x00005bc0       0xd0 nok.o
 .rodata._ZL20nokonoko_H_talk_hook
                0x00005c90       0x10 nok.o
 .rodata._ZL19nokonoko_H_talk_evt
                0x00005ca0       0xf8 nok.o
 .rodata._ZL20nokonoko_G_talk_hook
                0x00005d98       0x10 nok.o
 .rodata._ZL19nokonoko_G_talk_evt
                0x00005da8       0xd0 nok.o
 .rodata._ZL15talk_white_hook
                0x00005e78       0x10 nok.o
 .rodata._ZL14talk_white_evt
                0x00005e88       0xa8 nok.o
 .rodata._ZL15init_white_hook
                0x00005f30       0x10 nok.o
 .rodata._ZL14init_white_evt
                0x00005f40       0x44 nok.o
 .rodata._ZL20nokonoko_F_talk_hook
                0x00005f84       0x10 nok.o
 .rodata._ZL19nokonoko_F_talk_evt
                0x00005f94       0xd0 nok.o
 .rodata._ZL20nokonoko_D_talk_hook
                0x00006064       0x10 nok.o
 .rodata._ZL19nokonoko_D_talk_evt
                0x00006074       0xf8 nok.o
 .rodata._ZL20nokonoko_C_talk_hook
                0x0000616c       0x10 nok.o
 .rodata._ZL19nokonoko_C_talk_evt
                0x0000617c       0xd0 nok.o
 .rodata._ZL20nokonoko_B_talk_hook
                0x0000624c       0x10 nok.o
 .rodata._ZL19nokonoko_B_talk_evt
                0x0000625c       0xd0 nok.o
 .rodata._ZL20nokonoko_A_talk_hook
                0x0000632c       0x10 nok.o
 .rodata._ZL19nokonoko_A_talk_evt
                0x0000633c       0xfc nok.o
 .rodata._ZL14evt_daiza_hook
                0x00006438       0x1c pik.o
 .rodata.str1.4
                0x00006454      0x142 pik.o
 *fill*         0x00006596        0x2 
 .rodata._ZL13evt_daiza_evt
                0x00006598       0x5c pik.o
 .rodata._ZL18pik_evt_powan_hook
                0x000065f4       0x28 pik.o
 .rodata._ZL17pik_evt_powan_evt
                0x0000661c       0x80 pik.o
 .rodata._ZL16takun6_talk_hook
                0x0000669c       0x10 pik.o
 .rodata._ZL15takun6_talk_evt
                0x000066ac       0x78 pik.o
 .rodata._ZL16takun5_talk_hook
                0x00006724       0x10 pik.o
 .rodata._ZL15takun5_talk_evt
                0x00006734       0x78 pik.o
 .rodata._ZL16takun4_talk_hook
                0x000067ac       0x10 pik.o
 .rodata._ZL15takun4_talk_evt
                0x000067bc       0xb4 pik.o
 .rodata._ZL18miyageya_talk_hook
                0x00006870       0x28 pik.o
 .rodata._ZL17miyageya_talk_evt
                0x00006898      0x114 pik.o
 .rodata._ZL27talk_madam_ring_return_hook
                0x000069ac       0x14 rsh.o
 .rodata._ZL26talk_madam_ring_return_evt
                0x000069c0       0x78 rsh.o
 .rodata._ZL16init_konari_hook
                0x00006a38       0x14 rsh.o
 .rodata.str1.4
                0x00006a4c      0x1d5 rsh.o
 *fill*         0x00006c21        0x3 
 .rodata._ZL15init_konari_evt
                0x00006c24       0x9c rsh.o
 .rodata._ZL15init_powan_hook
                0x00006cc0       0x14 rsh.o
 .rodata._ZL14init_powan_evt
                0x00006cd4       0xec rsh.o
 .rodata._ZL18talk_waitless_hook
                0x00006dc0       0x14 rsh.o
 .rodata._ZL17talk_waitless_evt
                0x00006dd4       0x78 rsh.o
 .rodata._ZL20rsh_01_init_evt_hook
                0x00006e4c       0x14 rsh.o
 .rodata._ZL19rsh_01_init_evt_evt
                0x00006e60       0x80 rsh.o
 .rodata._ZL20rsh_00_init_evt_hook
                0x00006ee0       0x14 rsh.o
 .rodata._ZL19rsh_00_init_evt_evt
                0x00006ef4       0xb8 rsh.o
 .rodata._ZL20rsh_04_init_evt_hook
                0x00006fac       0x14 rsh.o
 .rodata._ZL19rsh_04_init_evt_evt
                0x00006fc0       0xa4 rsh.o
 .rodata._ZL26rsh_03_init_evt_music_hook
                0x00007064       0x10 rsh.o
 .rodata._ZL21rsh_03_init_evt_music
                0x00007074      0x1f8 rsh.o
 .rodata._ZL26rsh_02_init_evt_music_hook
                0x0000726c       0x10 rsh.o
 .rodata._ZL21rsh_02_init_evt_music
                0x0000727c      0x270 rsh.o
 .rodata._ZL26rsh_01_init_evt_music_hook
                0x000074ec       0x10 rsh.o
 .rodata._ZL21rsh_01_init_evt_music
                0x000074fc      0x1f8 rsh.o
 .rodata._ZL26rsh_00_init_evt_music_hook
                0x000076f4       0x10 rsh.o
 .rodata._ZL21rsh_00_init_evt_music
                0x00007704      0x1f8 rsh.o
 .rodata._ZL26rsh_04_init_evt_music_hook
                0x000078fc       0x10 rsh.o
 .rodata._ZL21rsh_04_init_evt_music
                0x0000790c      0x1f8 rsh.o
 .rodata._ZL20rsh_06_init_evt_hook
                0x00007b04       0x10 rsh.o
 .rodata._ZL19rsh_06_init_evt_evt
                0x00007b14      0x178 rsh.o
 .rodata._ZL21tik_05_init_evt_hook2
                0x00007c8c       0x14 tik.o
 .rodata.str1.4
                0x00007ca0      0x227 tik.o
 *fill*         0x00007ec7        0x1 
 .rodata._ZL20tik_05_init_evt_evt2
                0x00007ec8       0xd4 tik.o
 .rodata._ZL24tik_kurihakase_init_hook
                0x00007f9c       0x10 tik.o
 .rodata._ZL23tik_kurihakase_init_evt
                0x00007fac       0x7c tik.o
 .rodata._ZL18master_2_talk_hook
                0x00008028       0x10 tik.o
 .rodata._ZL17master_2_talk_evt
                0x00008038      0x180 tik.o
 .rodata._ZL17borodo4_talk_hook
                0x000081b8       0x10 tik.o
 .rodata._ZL16borodo4_talk_evt
                0x000081c8      0x180 tik.o
 .rodata._ZL17borodo3_talk_hook
                0x00008348       0x10 tik.o
 .rodata._ZL16borodo3_talk_evt
                0x00008358      0x180 tik.o
 .rodata._ZL17chusan4_talk_hook
                0x000084d8       0x10 tik.o
 .rodata._ZL16chusan4_talk_evt
                0x000084e8      0x180 tik.o
 .rodata._ZL17kuribo5_talk_hook
                0x00008668       0x10 tik.o
 .rodata._ZL16kuribo5_talk_evt
                0x00008678      0x180 tik.o
 .rodata._ZL16talk_sakaba_hook
                0x000087f8       0x10 tou.o
 .rodata.str1.4
                0x00008808       0x28 tou.o
 .rodata._ZL15talk_sakaba_evt
                0x00008830       0x84 tou.o
 .rodata._ZL20shop_woman_talk_hook
                0x000088b4       0x10 usu.o
 .rodata.str1.4
                0x000088c4      0x400 usu.o
 .rodata._ZL19shop_woman_talk_evt
                0x00008cc4       0x78 usu.o
 .rodata._ZL18shop_man_talk_hook
                0x00008d3c       0x10 usu.o
 .rodata._ZL17shop_man_talk_evt
                0x00008d4c       0x78 usu.o
 .rodata._ZL19villagerJ_talk_hook
                0x00008dc4       0x10 usu.o
 .rodata._ZL18villagerJ_talk_evt
                0x00008dd4      0x104 usu.o
 .rodata._ZL19villagerI_talk_hook
                0x00008ed8       0x10 usu.o
 .rodata._ZL18villagerI_talk_evt
                0x00008ee8      0x104 usu.o
 .rodata._ZL19villagerH_talk_hook
                0x00008fec       0x10 usu.o
 .rodata._ZL18villagerH_talk_evt
                0x00008ffc       0xd0 usu.o
 .rodata._ZL19villagerG_talk_hook
                0x000090cc       0x10 usu.o
 .rodata._ZL18villagerG_talk_evt
                0x000090dc       0xf0 usu.o
 .rodata._ZL19villagerF_talk_hook
                0x000091cc       0x10 usu.o
 .rodata._ZL18villagerF_talk_evt
                0x000091dc       0xf0 usu.o
 .rodata._ZL19villagerK_talk_hook
                0x000092cc       0x10 usu.o
 .rodata._ZL18villagerK_talk_evt
                0x000092dc      0x130 usu.o
 .rodata._ZL19villagerE_talk_hook
                0x0000940c       0x10 usu.o
 .rodata._ZL18villagerE_talk_evt
                0x0000941c      0x130 usu.o
 .rodata._ZL19villagerD_talk_hook
                0x0000954c       0x10 usu.o
 .rodata._ZL18villagerD_talk_evt
                0x0000955c      0x194 usu.o
 .rodata._ZL19villagerC_talk_hook
                0x000096f0       0x10 usu.o
 .rodata._ZL18villagerC_talk_evt
                0x00009700       0xfc usu.o
 .rodata._ZL19villagerB_talk_hook
                0x000097fc       0x10 usu.o
 .rodata._ZL18villagerB_talk_evt
                0x0000980c       0xfc usu.o
 .rodata._ZL19villagerA_talk_hook
                0x00009908       0x10 usu.o
 .rodata._ZL18villagerA_talk_evt
                0x00009918      0x130 usu.o
 .rodata._ZL19villagerA_init_hook
                0x00009a48       0x10 usu.o
 .rodata._ZL18villagerA_init_evt
                0x00009a58       0x6c usu.o
 .rodata._ZL12usuVillagerA
                0x00009ac4        0x7 usu.o
 *fill*         0x00009acb        0x1 
 .rodata.str1.4
                0x00009acc        0x3 win.o
 *fill*         0x00009acf        0x1 
 .rodata._ZL16majorin_init_evt
                0x00009ad0       0x30 win.o
 .rodata._ZL16maririn_init_evt
                0x00009b00       0x30 win.o
 .rodata._ZL15vivian_init_evt
                0x00009b30       0x30 win.o
 *(.gnu.linkonce.r.*)

.rodata1
 *(.rodata1)

.sdata2         0x00009b60        0x0
                [!provide]                        PROVIDE (_SDA2_BASE_ = .)
 *(.sdata2)
 *(.sdata2.*)
 *(.gnu.linkonce.s2.*)

.sbss2
 *(.sbss2)
 *(.sbss2.*)
 *(.gnu.linkonce.sb2.*)
                0x00009b60                        . = ALIGN (0x4)
                [!provide]                        PROVIDE (__preinit_array_start = .)

.preinit_array
 *(.preinit_array)
                [!provide]                        PROVIDE (__preinit_array_end = .)
                [!provide]                        PROVIDE (__init_array_start = .)

.init_array
 *(.init_array)
                [!provide]                        PROVIDE (__init_array_end = .)
                [!provide]                        PROVIDE (__fini_array_start = .)

.fini_array
 *(.fini_array)
                [!provide]                        PROVIDE (__fini_array_end = .)

.data           0x00009b60      0x400
 *(.data)
 *(.data.*)
 .data.GSWF_ARR_SIZE
                0x00009b60        0x2 OWR.o
                0x00009b60                GSWF_ARR_SIZE
 *fill*         0x00009b62        0x2 
 .data.GSWF_ARR
                0x00009b64       0x14 OWR.o
                0x00009b64                GSWF_ARR
 .data._ZN3mod6common12kItemDataArrE
                0x00009b78        0x4 common.o
                0x00009b78                _ZN3mod6common12kItemDataArrE
 .data._ZL16gor_00_init_evt2
                0x00009b7c      0x2a8 gor_00.o
 .data._ZL14elder_talk_evt
                0x00009e24       0xb8 mri.o
 .data._ZL21muj_00_init_evt_evt_2
                0x00009edc       0x70 muj.o
 *(.gnu.linkonce.d.*)
                0x00009f60                        . = ALIGN (0x20)
 *fill*         0x00009f4c       0x14 

.data1
 *(.data1)

.tdata
 *(.tdata .tdata.* .gnu.linkonce.td.*)

.tbss
 *(.tbss .tbss.* .gnu.linkonce.tb.*)
 *(.tcommon)

.eh_frame       0x00009f60     0x14a8
 *(.eh_frame)
 .eh_frame      0x00009f60      0x144 OWR.o
                                0x1f4 (size before relaxing)
 .eh_frame      0x0000a0a4        0x0 common.o
                                 0xc8 (size before relaxing)
 .eh_frame      0x0000a0a4       0x70 con_mario.o
 .eh_frame      0x0000a114       0x84 con_perf.o
 .eh_frame      0x0000a198       0xac con_seq.o
 .eh_frame      0x0000a244      0x454 console.o
                                0x4e8 (size before relaxing)
 .eh_frame      0x0000a698       0x3c cxx.o
                                 0x64 (size before relaxing)
 .eh_frame      0x0000a6d4       0x84 keyboard.o
                                0x110 (size before relaxing)
 .eh_frame      0x0000a758       0xb8 mod.o
                                0x120 (size before relaxing)
 .eh_frame      0x0000a810       0xd8 patch.o
                                0x1cc (size before relaxing)
 .eh_frame      0x0000a8e8       0x90 rel.o
 .eh_frame      0x0000a978       0xbc ug.o
 .eh_frame      0x0000aa34       0x3c util.o
 .eh_frame      0x0000aa70       0x28 aaa.o
 .eh_frame      0x0000aa98       0x78 aji.o
 .eh_frame      0x0000ab10       0x40 bom.o
 .eh_frame      0x0000ab50       0x40 dou.o
 .eh_frame      0x0000ab90       0x3c eki.o
 .eh_frame      0x0000abcc       0x28 end.o
 .eh_frame      0x0000abf4       0x3c gon.o
 .eh_frame      0x0000ac30       0x7c gor_00.o
 .eh_frame      0x0000acac       0x54 gor_01.o
 .eh_frame      0x0000ad00       0x64 gor_02.o
 .eh_frame      0x0000ad64       0x64 gor_03.o
 .eh_frame      0x0000adc8       0x38 gor_04.o
 .eh_frame      0x0000ae00       0x34 gor_misc.o
 .eh_frame      0x0000ae34       0x48 gra.o
 .eh_frame      0x0000ae7c       0x3c hei.o
 .eh_frame      0x0000aeb8       0x38 hom.o
 .eh_frame      0x0000aef0       0x40 jin.o
 .eh_frame      0x0000af30       0x30 kpa.o
 .eh_frame      0x0000af60        0x0 las.o
                                 0x40 (size before relaxing)
 .eh_frame      0x0000af60       0x74 main.o
 .eh_frame      0x0000afd4        0x0 moo.o
                                 0x30 (size before relaxing)
 .eh_frame      0x0000afd4       0x74 mri.o
 .eh_frame      0x0000b048       0x88 muj.o
 .eh_frame      0x0000b0d0       0x4c nok.o
 .eh_frame      0x0000b11c       0x60 pik.o
 .eh_frame      0x0000b17c       0x78 rsh.o
 .eh_frame      0x0000b1f4       0x74 tik.o
                                 0xa4 (size before relaxing)
 .eh_frame      0x0000b268       0x68 tou.o
 .eh_frame      0x0000b2d0       0x40 tou2.o
 .eh_frame      0x0000b310       0x78 usu.o
 .eh_frame      0x0000b388       0x44 win.o
 .eh_frame      0x0000b3cc       0x3c C:/devkitPro/devkitPPC/bin/../lib/gcc/powerpc-eabi/13.1.0\libgcc.a(_divdi3.o)

.gcc_except_table
 *(.gcc_except_table)

.fixup
 *(.fixup)

.got1
 *(.got1)

.got2
 *(.got2)

.dynamic
 *(.dynamic)

.ctors          0x0000b408       0x38
 *crtbegin.o(.ctors)
 *(EXCLUDE_FILE(*crtend.o) .ctors)
 .ctors         0x0000b408        0x4 OWR.o
 .ctors         0x0000b40c        0x4 con_mario.o
 .ctors         0x0000b410        0x4 con_perf.o
 .ctors         0x0000b414        0x4 con_seq.o
 .ctors         0x0000b418        0x4 console.o
 .ctors         0x0000b41c        0x4 gor_00.o
 .ctors         0x0000b420        0x4 mri.o
 .ctors         0x0000b424        0x4 muj.o
 *(SORT_BY_NAME(.ctors.*))
 *(.ctors)
                0x0000b440                        . = ALIGN (0x20)
 *fill*         0x0000b428       0x18 

.dtors          0x0000b440        0x0
 *crtbegin.o(.dtors)
 *(EXCLUDE_FILE(*crtend.o) .dtors)
 *(SORT_BY_NAME(.dtors.*))
 *(.dtors)
                0x0000b440                        . = ALIGN (0x20)

.jcr
 *(.jcr)

.got
 *(.got.plt)
 *(.got)

.sdata          0x0000b440        0x0
                [!provide]                        PROVIDE (_SDA_BASE_ = .)
 *(.sdata)
 *(.sdata.*)
 *(.gnu.linkonce.s.*)
                0x0000b440                        . = ALIGN (0x20)
                0x0000b440                        _edata = .
                [!provide]                        PROVIDE (edata = .)

.sbss           0x0000b440        0x0
                0x0000b440                        __sbss_start = .
                [!provide]                        PROVIDE (__sbss_start = .)
                [!provide]                        PROVIDE (___sbss_start = .)
 *(.dynsbss)
 *(.sbss)
 *(.sbss.*)
 *(.gnu.linkonce.sb.*)
 *(.scommon)
                [!provide]                        PROVIDE (__sbss_end = .)
                [!provide]                        PROVIDE (___sbss_end = .)
                0x0000b440                        . = ALIGN (0x20)
                0x0000b440                        __sbss_end = .

.bss            0x0000b440      0x140
                0x0000b440                        __bss_start = .
                [!provide]                        PROVIDE (__bss_start = .)
 *(.dynbss)
 *(.bss)
 *(.bss.*)
 .bss._ZN3mod3owr25g_stg0_00_init_trampolineE
                0x0000b440        0x4 OWR.o
                0x0000b440                _ZN3mod3owr25g_stg0_00_init_trampolineE
 .bss._ZN3mod3owr19g_OSLink_trampolineE
                0x0000b444        0x4 OWR.o
                0x0000b444                _ZN3mod3owr19g_OSLink_trampolineE
 .bss._ZN3mod3owr5gSelfE
                0x0000b448        0x4 OWR.o
                0x0000b448                _ZN3mod3owr5gSelfE
 .bss._ZN3mod3owr7item_dbE
                0x0000b44c        0x4 OWR.o
                0x0000b44c                _ZN3mod3owr7item_dbE
 .bss._ZN3modL12mod_if_obj22E
                0x0000b450        0x8 con_mario.o
 .bss._ZN3mod14mario_show_posE
                0x0000b458       0x10 con_mario.o
                0x0000b458                _ZN3mod14mario_show_posE
 .bss._ZN3mod13mario_set_posE
                0x0000b468        0xc con_mario.o
                0x0000b468                _ZN3mod13mario_set_posE
 .bss._ZN3modL12mod_if_obj46E
                0x0000b474        0x8 con_perf.o
 .bss._ZN3mod14mem_debug_heapE
                0x0000b47c       0x10 con_perf.o
                0x0000b47c                _ZN3mod14mem_debug_heapE
 .bss._ZN3mod15perf_fake_spikeE
                0x0000b48c        0xc con_perf.o
                0x0000b48c                _ZN3mod15perf_fake_spikeE
 .bss._ZN3mod14seq_change_mapE
                0x0000b498        0xc con_seq.o
                0x0000b498                _ZN3mod14seq_change_mapE
 .bss._ZN3modL12mod_if_obj16E
                0x0000b4a4        0x8 con_seq.o
 .bss._ZN3mod24gTrampoline_seq_logoMainE
                0x0000b4ac        0x4 con_seq.o
                0x0000b4ac                _ZN3mod24gTrampoline_seq_logoMainE
 .bss._ZN3mod13seq_logo_skipE
                0x0000b4b0       0x10 con_seq.o
                0x0000b4b0                _ZN3mod13seq_logo_skipE
 .bss._ZN3mod4findE
                0x0000b4c0        0xc console.o
                0x0000b4c0                _ZN3mod4findE
 .bss._ZN3mod11con_ug_chanE
                0x0000b4cc       0x10 console.o
                0x0000b4cc                _ZN3mod11con_ug_chanE
 .bss._ZN3mod11con_ug_modeE
                0x0000b4dc       0x10 console.o
                0x0000b4dc                _ZN3mod11con_ug_modeE
 .bss._ZN3mod21con_log_fade_durationE
                0x0000b4ec       0x10 console.o
                0x0000b4ec                _ZN3mod21con_log_fade_durationE
 .bss._ZN3mod18con_log_fade_startE
                0x0000b4fc       0x10 console.o
                0x0000b4fc                _ZN3mod18con_log_fade_startE
 .bss._ZN3mod12con_log_fadeE
                0x0000b50c       0x10 console.o
                0x0000b50c                _ZN3mod12con_log_fadeE
 .bss._ZN3mod13con_log_levelE
                0x0000b51c       0x10 console.o
                0x0000b51c                _ZN3mod13con_log_levelE
 .bss._ZN3mod11con_rainbowE
                0x0000b52c       0x10 console.o
                0x0000b52c                _ZN3mod11con_rainbowE
 .bss._ZN3mod8con_monoE
                0x0000b53c       0x10 console.o
                0x0000b53c                _ZN3mod8con_monoE
 .bss._ZN3mod8con_showE
                0x0000b54c       0x10 console.o
                0x0000b54c                _ZN3mod8con_showE
 .bss._ZN3mod8gConsoleE
                0x0000b55c        0x4 console.o
                0x0000b55c                _ZN3mod8gConsoleE
 .bss._ZN3mod9ConIntVar6sFirstE
                0x0000b560        0x4 console.o
                0x0000b560                _ZN3mod9ConIntVar6sFirstE
 .bss._ZN3mod10ConCommand6sFirstE
                0x0000b564        0x4 console.o
                0x0000b564                _ZN3mod10ConCommand6sFirstE
 .bss._ZN3mod4gModE
                0x0000b568        0x4 mod.o
                0x0000b568                _ZN3mod4gModE
 .bss._ZN17ModUpdateFunction6sFirstE
                0x0000b56c        0x4 mod.o
                0x0000b56c                _ZN17ModUpdateFunction6sFirstE
 .bss._ZN15ModInitFunction6sFirstE
                0x0000b570        0x4 mod.o
                0x0000b570                _ZN15ModInitFunction6sFirstE
 *(.gnu.linkonce.b.*)
 *(COMMON)
                0x0000b580                        . = ALIGN (0x20)
 *fill*         0x0000b574        0xc 
                [!provide]                        PROVIDE (__bss_end = .)
                0x0000b580                        __bss_end = .
                0x0000b580                        _end = .
                [!provide]                        PROVIDE (end = .)

.bss._ZZNK3mod14seq_change_mapMUlPKcE_clES2_E8beroName
                0x00000000       0x20
 .bss._ZZNK3mod14seq_change_mapMUlPKcE_clES2_E8beroName
                0x00000000       0x20 con_seq.o
                0x00000000                _ZZNK3mod14seq_change_mapMUlPKcE_clES1_E8beroName
                0x00000000                _ZZNK3mod14seq_change_mapMUlPKcE_clES2_E8beroName

.bss._ZZNK3mod14seq_change_mapMUlPKcE_clES2_E7mapName
                0x00000000       0x20
 .bss._ZZNK3mod14seq_change_mapMUlPKcE_clES2_E7mapName
                0x00000000       0x20 con_seq.o
                0x00000000                _ZZNK3mod14seq_change_mapMUlPKcE_clES2_E7mapName
                0x00000000                _ZZNK3mod14seq_change_mapMUlPKcE_clES1_E7mapName

.stab
 *(.stab)

.stabstr
 *(.stabstr)

.stab.excl
 *(.stab.excl)

.stab.exclstr
 *(.stab.exclstr)

.stab.index
 *(.stab.index)

.stab.indexstr
 *(.stab.indexstr)

.comment        0x00000000      0x654
 *(.comment)
 .comment       0x00000000       0x24 OWR.o
 .comment       0x00000024       0x24 common.o
 .comment       0x00000048       0x24 con_mario.o
 .comment       0x0000006c       0x24 con_perf.o
 .comment       0x00000090       0x24 con_seq.o
 .comment       0x000000b4       0x24 console.o
 .comment       0x000000d8       0x24 cxx.o
 .comment       0x000000fc       0x24 keyboard.o
 .comment       0x00000120       0x24 mod.o
 .comment       0x00000144       0x24 patch.o
 .comment       0x00000168       0x24 rel.o
 .comment       0x0000018c       0x24 ug.o
 .comment       0x000001b0       0x24 util.o
 .comment       0x000001d4       0x24 aaa.o
 .comment       0x000001f8       0x24 aji.o
 .comment       0x0000021c       0x24 bom.o
 .comment       0x00000240       0x24 dou.o
 .comment       0x00000264       0x24 eki.o
 .comment       0x00000288       0x24 end.o
 .comment       0x000002ac       0x24 gon.o
 .comment       0x000002d0       0x24 gor_00.o
 .comment       0x000002f4       0x24 gor_01.o
 .comment       0x00000318       0x24 gor_02.o
 .comment       0x0000033c       0x24 gor_03.o
 .comment       0x00000360       0x24 gor_04.o
 .comment       0x00000384       0x24 gor_misc.o
 .comment       0x000003a8       0x24 gra.o
 .comment       0x000003cc       0x24 hei.o
 .comment       0x000003f0       0x24 hom.o
 .comment       0x00000414       0x24 jin.o
 .comment       0x00000438       0x24 kpa.o
 .comment       0x0000045c       0x24 las.o
 .comment       0x00000480       0x24 main.o
 .comment       0x000004a4       0x24 moo.o
 .comment       0x000004c8       0x24 mri.o
 .comment       0x000004ec       0x24 muj.o
 .comment       0x00000510       0x24 nok.o
 .comment       0x00000534       0x24 pik.o
 .comment       0x00000558       0x24 rsh.o
 .comment       0x0000057c       0x24 tik.o
 .comment       0x000005a0       0x24 tou.o
 .comment       0x000005c4       0x24 tou2.o
 .comment       0x000005e8       0x24 usu.o
 .comment       0x0000060c       0x24 win.o
 .comment       0x00000630       0x24 C:/devkitPro/devkitPPC/bin/../lib/gcc/powerpc-eabi/13.1.0\libgcc.a(_divdi3.o)

.gnu.attributes
                0x00000000       0x10
 .gnu.attributes
                0x00000000       0x10 OWR.o
 .gnu.attributes
                0x00000010       0x10 common.o
 .gnu.attributes
                0x00000020       0x10 con_mario.o
 .gnu.attributes
                0x00000030       0x10 con_perf.o
 .gnu.attributes
                0x00000040       0x10 console.o
 .gnu.attributes
                0x00000050       0x10 mod.o

.group          0x00000000        0xc
 .group         0x00000000        0xc con_mario.o

.group          0x00000000        0xc
 .group         0x00000000        0xc con_perf.o

.group          0x00000000        0xc
 .group         0x00000000        0xc con_seq.o

.group          0x00000000        0x8
 .group         0x00000000        0x8 con_seq.o

.group          0x00000000        0x8
 .group         0x00000000        0x8 con_seq.o

.group          0x00000000        0xc
 .group         0x00000000        0xc console.o

.debug
 *(.debug)

.line
 *(.line)

.debug_srcinfo
 *(.debug_srcinfo)

.debug_sfnames
 *(.debug_sfnames)

.debug_aranges  0x00000000      0x800
 *(.debug_aranges)
 .debug_aranges
                0x00000000       0x88 OWR.o
 .debug_aranges
                0x00000088       0x60 common.o
 .debug_aranges
                0x000000e8       0x30 con_mario.o
 .debug_aranges
                0x00000118       0x30 con_perf.o
 .debug_aranges
                0x00000148       0x38 con_seq.o
 .debug_aranges
                0x00000180       0xb0 console.o
 .debug_aranges
                0x00000230       0x38 cxx.o
 .debug_aranges
                0x00000268       0x40 keyboard.o
 .debug_aranges
                0x000002a8       0x58 mod.o
 .debug_aranges
                0x00000300       0x78 patch.o
 .debug_aranges
                0x00000378       0x30 rel.o
 .debug_aranges
                0x000003a8       0x30 ug.o
 .debug_aranges
                0x000003d8       0x20 util.o
 .debug_aranges
                0x000003f8       0x20 aaa.o
 .debug_aranges
                0x00000418       0x20 aji.o
 .debug_aranges
                0x00000438       0x20 bom.o
 .debug_aranges
                0x00000458       0x20 dou.o
 .debug_aranges
                0x00000478       0x20 eki.o
 .debug_aranges
                0x00000498       0x20 end.o
 .debug_aranges
                0x000004b8       0x20 gon.o
 .debug_aranges
                0x000004d8       0x28 gor_00.o
 .debug_aranges
                0x00000500       0x20 gor_01.o
 .debug_aranges
                0x00000520       0x20 gor_02.o
 .debug_aranges
                0x00000540       0x20 gor_03.o
 .debug_aranges
                0x00000560       0x20 gor_04.o
 .debug_aranges
                0x00000580       0x20 gor_misc.o
 .debug_aranges
                0x000005a0       0x20 gra.o
 .debug_aranges
                0x000005c0       0x20 hei.o
 .debug_aranges
                0x000005e0       0x20 hom.o
 .debug_aranges
                0x00000600       0x20 jin.o
 .debug_aranges
                0x00000620       0x20 kpa.o
 .debug_aranges
                0x00000640       0x20 las.o
 .debug_aranges
                0x00000660       0x28 main.o
 .debug_aranges
                0x00000688       0x20 moo.o
 .debug_aranges
                0x000006a8       0x28 mri.o
 .debug_aranges
                0x000006d0       0x28 muj.o
 .debug_aranges
                0x000006f8       0x20 nok.o
 .debug_aranges
                0x00000718       0x20 pik.o
 .debug_aranges
                0x00000738       0x20 rsh.o
 .debug_aranges
                0x00000758       0x28 tik.o
 .debug_aranges
                0x00000780       0x20 tou.o
 .debug_aranges
                0x000007a0       0x20 tou2.o
 .debug_aranges
                0x000007c0       0x20 usu.o
 .debug_aranges
                0x000007e0       0x20 win.o

.debug_pubnames
 *(.debug_pubnames)

.debug_info     0x00000000    0x4111a
 *(.debug_info)
 .debug_info    0x00000000     0x3983 OWR.o
 .debug_info    0x00003983      0xf16 common.o
 .debug_info    0x00004899     0x2574 con_mario.o
 .debug_info    0x00006e0d     0x20ea con_perf.o
 .debug_info    0x00008ef7     0x21f6 con_seq.o
 .debug_info    0x0000b0ed     0x3e13 console.o
 .debug_info    0x0000ef00      0x394 cxx.o
 .debug_info    0x0000f294      0xfaf keyboard.o
 .debug_info    0x00010243     0x33f4 mod.o
 .debug_info    0x00013637     0x15c5 patch.o
 .debug_info    0x00014bfc       0xf3 rel.o
 .debug_info    0x00014cef      0x8d5 ug.o
 .debug_info    0x000155c4      0x693 util.o
 .debug_info    0x00015c57     0x1120 aaa.o
 .debug_info    0x00016d77     0x1c98 aji.o
 .debug_info    0x00018a0f     0x121a bom.o
 .debug_info    0x00019c29     0x1224 dou.o
 .debug_info    0x0001ae4d     0x11d4 eki.o
 .debug_info    0x0001c021     0x1110 end.o
 .debug_info    0x0001d131     0x1238 gon.o
 .debug_info    0x0001e369     0x20d2 gor_00.o
 .debug_info    0x0002043b     0x17c4 gor_01.o
 .debug_info    0x00021bff     0x1968 gor_02.o
 .debug_info    0x00023567     0x176a gor_03.o
 .debug_info    0x00024cd1     0x1166 gor_04.o
 .debug_info    0x00025e37     0x1120 gor_misc.o
 .debug_info    0x00026f57     0x15fe gra.o
 .debug_info    0x00028555     0x11d4 hei.o
 .debug_info    0x00029729     0x1170 hom.o
 .debug_info    0x0002a899     0x122e jin.o
 .debug_info    0x0002bac7     0x115c kpa.o
 .debug_info    0x0002cc23     0x12d8 las.o
 .debug_info    0x0002defb      0x693 main.o
 .debug_info    0x0002e58e     0x1624 moo.o
 .debug_info    0x0002fbb2     0x1f2a mri.o
 .debug_info    0x00031adc     0x1d8a muj.o
 .debug_info    0x00033866     0x1aa2 nok.o
 .debug_info    0x00035308     0x198b pik.o
 .debug_info    0x00036c93     0x1f21 rsh.o
 .debug_info    0x00038bb4     0x2568 tik.o
 .debug_info    0x0003b11c     0x1b0d tou.o
 .debug_info    0x0003cc29     0x11e8 tou2.o
 .debug_info    0x0003de11     0x1c8a usu.o
 .debug_info    0x0003fa9b     0x167f win.o

.debug_abbrev   0x00000000     0x75ed
 *(.debug_abbrev)
 .debug_abbrev  0x00000000      0x836 OWR.o
 .debug_abbrev  0x00000836      0x21a common.o
 .debug_abbrev  0x00000a50      0x600 con_mario.o
 .debug_abbrev  0x00001050      0x620 con_perf.o
 .debug_abbrev  0x00001670      0x668 con_seq.o
 .debug_abbrev  0x00001cd8      0x991 console.o
 .debug_abbrev  0x00002669      0x170 cxx.o
 .debug_abbrev  0x000027d9      0x36e keyboard.o
 .debug_abbrev  0x00002b47      0x7a7 mod.o
 .debug_abbrev  0x000032ee      0x2bd patch.o
 .debug_abbrev  0x000035ab       0xeb rel.o
 .debug_abbrev  0x00003696      0x230 ug.o
 .debug_abbrev  0x000038c6      0x12d util.o
 .debug_abbrev  0x000039f3      0x183 aaa.o
 .debug_abbrev  0x00003b76      0x24a aji.o
 .debug_abbrev  0x00003dc0      0x183 bom.o
 .debug_abbrev  0x00003f43      0x183 dou.o
 .debug_abbrev  0x000040c6      0x183 eki.o
 .debug_abbrev  0x00004249      0x180 end.o
 .debug_abbrev  0x000043c9      0x183 gon.o
 .debug_abbrev  0x0000454c      0x27e gor_00.o
 .debug_abbrev  0x000047ca      0x20e gor_01.o
 .debug_abbrev  0x000049d8      0x237 gor_02.o
 .debug_abbrev  0x00004c0f      0x20e gor_03.o
 .debug_abbrev  0x00004e1d      0x183 gor_04.o
 .debug_abbrev  0x00004fa0      0x183 gor_misc.o
 .debug_abbrev  0x00005123      0x202 gra.o
 .debug_abbrev  0x00005325      0x183 hei.o
 .debug_abbrev  0x000054a8      0x183 hom.o
 .debug_abbrev  0x0000562b      0x183 jin.o
 .debug_abbrev  0x000057ae      0x183 kpa.o
 .debug_abbrev  0x00005931      0x183 las.o
 .debug_abbrev  0x00005ab4      0x13f main.o
 .debug_abbrev  0x00005bf3      0x21d moo.o
 .debug_abbrev  0x00005e10      0x27b mri.o
 .debug_abbrev  0x0000608b      0x273 muj.o
 .debug_abbrev  0x000062fe      0x237 nok.o
 .debug_abbrev  0x00006535      0x23a pik.o
 .debug_abbrev  0x0000676f      0x237 rsh.o
 .debug_abbrev  0x000069a6      0x47c tik.o
 .debug_abbrev  0x00006e22      0x203 tou.o
 .debug_abbrev  0x00007025      0x183 tou2.o
 .debug_abbrev  0x000071a8      0x237 usu.o
 .debug_abbrev  0x000073df      0x20e win.o

.debug_line     0x00000000    0x18131
 *(.debug_line)
 .debug_line    0x00000000      0xcaa OWR.o
 .debug_line    0x00000caa      0x39d common.o
 .debug_line    0x00001047      0x4e0 con_mario.o
 .debug_line    0x00001527      0x5f6 con_perf.o
 .debug_line    0x00001b1d      0x5b4 con_seq.o
 .debug_line    0x000020d1     0x1f5f console.o
 .debug_line    0x00004030      0x1c9 cxx.o
 .debug_line    0x000041f9      0xcb4 keyboard.o
 .debug_line    0x00004ead      0x79d mod.o
 .debug_line    0x0000564a      0x80c patch.o
 .debug_line    0x00005e56      0x226 rel.o
 .debug_line    0x0000607c      0x4ad ug.o
 .debug_line    0x00006529      0x2cc util.o
 .debug_line    0x000067f5      0x33c aaa.o
 .debug_line    0x00006b31      0xee4 aji.o
 .debug_line    0x00007a15      0x789 bom.o
 .debug_line    0x0000819e      0x75c dou.o
 .debug_line    0x000088fa      0x679 eki.o
 .debug_line    0x00008f73      0x315 end.o
 .debug_line    0x00009288      0x730 gon.o
 .debug_line    0x000099b8      0x934 gor_00.o
 .debug_line    0x0000a2ec      0x71e gor_01.o
 .debug_line    0x0000aa0a      0x833 gor_02.o
 .debug_line    0x0000b23d      0x8d4 gor_03.o
 .debug_line    0x0000bb11      0x4fe gor_04.o
 .debug_line    0x0000c00f      0x3c5 gor_misc.o
 .debug_line    0x0000c3d4      0x571 gra.o
 .debug_line    0x0000c945      0x5bc hei.o
 .debug_line    0x0000cf01      0x461 hom.o
 .debug_line    0x0000d362      0x6d8 jin.o
 .debug_line    0x0000da3a      0x3b0 kpa.o
 .debug_line    0x0000ddea      0x95f las.o
 .debug_line    0x0000e749      0x990 main.o
 .debug_line    0x0000f0d9      0x3d0 moo.o
 .debug_line    0x0000f4a9     0x13e7 mri.o
 .debug_line    0x00010890      0xf19 muj.o
 .debug_line    0x000117a9      0x61a nok.o
 .debug_line    0x00011dc3      0x9b2 pik.o
 .debug_line    0x00012775     0x1925 rsh.o
 .debug_line    0x0001409a      0xadf tik.o
 .debug_line    0x00014b79     0x19fe tou.o
 .debug_line    0x00016577      0x795 tou2.o
 .debug_line    0x00016d0c      0xe02 usu.o
 .debug_line    0x00017b0e      0x623 win.o

.debug_frame
 *(.debug_frame)

.debug_str      0x00000000    0x52988
 *(.debug_str)
 .debug_str     0x00000000     0x30d9 OWR.o
 .debug_str     0x000030d9     0x13e4 common.o
 .debug_str     0x000044bd     0x1a59 con_mario.o
 .debug_str     0x00005f16     0x160e con_perf.o
 .debug_str     0x00007524     0x17a6 con_seq.o
 .debug_str     0x00008cca     0x19f9 console.o
 .debug_str     0x0000a6c3      0x34e cxx.o
 .debug_str     0x0000aa11      0x955 keyboard.o
 .debug_str     0x0000b366     0x2d81 mod.o
 .debug_str     0x0000e0e7      0x6eb patch.o
 .debug_str     0x0000e7d2      0x191 rel.o
 .debug_str     0x0000e963      0x39b ug.o
 .debug_str     0x0000ecfe      0x3eb util.o
 .debug_str     0x0000f0e9     0x1e72 aaa.o
 .debug_str     0x00010f5b     0x289a aji.o
 .debug_str     0x000137f5     0x2035 bom.o
 .debug_str     0x0001582a     0x203f dou.o
 .debug_str     0x00017869     0x1f67 eki.o
 .debug_str     0x000197d0     0x1e6c end.o
 .debug_str     0x0001b63c     0x2018 gon.o
 .debug_str     0x0001d654     0x2a14 gor_00.o
 .debug_str     0x00020068     0x233b gor_01.o
 .debug_str     0x000223a3     0x256f gor_02.o
 .debug_str     0x00024912     0x2445 gor_03.o
 .debug_str     0x00026d57     0x1eeb gor_04.o
 .debug_str     0x00028c42     0x1e84 gor_misc.o
 .debug_str     0x0002aac6     0x22b4 gra.o
 .debug_str     0x0002cd7a     0x1f6c hei.o
 .debug_str     0x0002ece6     0x1f07 hom.o
 .debug_str     0x00030bed     0x2016 jin.o
 .debug_str     0x00032c03     0x1ec2 kpa.o
 .debug_str     0x00034ac5     0x210d las.o
 .debug_str     0x00036bd2      0x7e3 main.o
 .debug_str     0x000373b5     0x2276 moo.o
 .debug_str     0x0003962b     0x2bac mri.o
 .debug_str     0x0003c1d7     0x2aa0 muj.o
 .debug_str     0x0003ec77     0x2580 nok.o
 .debug_str     0x000411f7     0x254c pik.o
 .debug_str     0x00043743     0x2b06 rsh.o
 .debug_str     0x00046249     0x3283 tik.o
 .debug_str     0x000494cc     0x294e tou.o
 .debug_str     0x0004be1a     0x1f8a tou2.o
 .debug_str     0x0004dda4     0x28cb usu.o
 .debug_str     0x0005066f     0x2319 win.o

.debug_loc
 *(.debug_loc)

.debug_macinfo
 *(.debug_macinfo)

.debug_weaknames
 *(.debug_weaknames)

.debug_funcnames
 *(.debug_funcnames)

.debug_typenames
 *(.debug_typenames)

.debug_varnames
 *(.debug_varnames)
                0x00000000                        __isIPL = 0x0
                0x0002b580                        __stack_addr = ((((__bss_start + SIZEOF (.bss)) + 0x20000) + 0x7) & 0xfffffffffffffff8)
                0x0000b580                        __stack_end = (__bss_start + SIZEOF (.bss))
                0x0002f580                        __intrstack_addr = (__stack_addr + 0x4000)
                0x0002b580                        __intrstack_end = __stack_addr
                0x0002f580                        __Arena1Lo = ((__intrstack_addr + 0x1f) & 0xffffffffffffffe0)
                0x817feff0                        __Arena1Hi = 0x817feff0
                0x817ff000                        __gxregs = ((__Arena1Hi + 0x1f) & 0xffffffffffffffe0)
                [!provide]                        PROVIDE (__stack = 0x817feff0)
                [!provide]                        PROVIDE (__isIPL = __isIPL)
                [!provide]                        PROVIDE (__stack_addr = __stack_addr)
                [!provide]                        PROVIDE (__stack_end = __stack_end)
                [!provide]                        PROVIDE (__intrstack_addr = __intrstack_addr)
                [!provide]                        PROVIDE (__intrstack_end = __intrstack_end)
                [!provide]                        PROVIDE (__Arena1Lo = __Arena1Lo)
                [!provide]                        PROVIDE (__Arena1Hi = __Arena1Hi)
                [!provide]                        PROVIDE (__gxregs = __gxregs)
LOAD H:/GhidraProjects/TTYDAP/TTYDAP/rel/source/cxx.ld
                0x0000b408                        _ctors_start = ADDR (.ctors)
                0x0000b440                        _ctors_end = (_ctors_start + SIZEOF (.ctors))
                0x0000b440                        _dtors_start = ADDR (.dtors)
                0x0000b440                        _dtors_end = (_dtors_start + SIZEOF (.dtors))
LOAD OWR.o
LOAD StateManager.o
LOAD common.o
LOAD con_mario.o
LOAD con_perf.o
LOAD con_seq.o
LOAD console.o
LOAD cxx.o
LOAD keyboard.o
LOAD mod.o
LOAD patch.o
LOAD rel.o
LOAD ug.o
LOAD util.o
LOAD aaa.o
LOAD aji.o
LOAD bom.o
LOAD dou.o
LOAD eki.o
LOAD end.o
LOAD gon.o
LOAD gor_00.o
LOAD gor_01.o
LOAD gor_02.o
LOAD gor_03.o
LOAD gor_04.o
LOAD gor_misc.o
LOAD gra.o
LOAD hei.o
LOAD hom.o
LOAD jin.o
LOAD kpa.o
LOAD las.o
LOAD main.o
LOAD moo.o
LOAD mri.o
LOAD muj.o
LOAD nok.o
LOAD pik.o
LOAD rsh.o
LOAD tik.o
LOAD tou.o
LOAD tou2.o
LOAD usu.o
LOAD win.o
LOAD asm_main.o
LOAD patch_ih.o
LOAD C:/devkitPro/devkitPPC/bin/../lib/gcc/powerpc-eabi/13.1.0\libgcc.a
OUTPUT(H:/GhidraProjects/TTYDAP/TTYDAP/rel/rel.eu.elf elf32-powerpc)

.debug_loclists
                0x00000000     0x4e30
 .debug_loclists
                0x00000000      0xbae OWR.o
 .debug_loclists
                0x00000bae      0x151 common.o
 .debug_loclists
                0x00000cff       0xa9 con_mario.o
 .debug_loclists
                0x00000da8      0x2eb con_perf.o
 .debug_loclists
                0x00001093       0xf8 con_seq.o
 .debug_loclists
                0x0000118b     0x1cd1 console.o
 .debug_loclists
                0x00002e5c       0x54 cxx.o
 .debug_loclists
                0x00002eb0      0x886 keyboard.o
 .debug_loclists
                0x00003736      0x1b8 mod.o
 .debug_loclists
                0x000038ee      0xc5e patch.o
 .debug_loclists
                0x0000454c      0x2cd ug.o
 .debug_loclists
                0x00004819       0xd6 util.o
 .debug_loclists
                0x000048ef       0x29 aaa.o
 .debug_loclists
                0x00004918       0x2a aji.o
 .debug_loclists
                0x00004942       0x2a bom.o
 .debug_loclists
                0x0000496c       0x2a dou.o
 .debug_loclists
                0x00004996       0x2a eki.o
 .debug_loclists
                0x000049c0       0x2a gon.o
 .debug_loclists
                0x000049ea       0x2c gor_00.o
 .debug_loclists
                0x00004a16       0x2a gor_01.o
 .debug_loclists
                0x00004a40       0x2a gor_02.o
 .debug_loclists
                0x00004a6a       0x2a gor_03.o
 .debug_loclists
                0x00004a94       0x2a gor_04.o
 .debug_loclists
                0x00004abe       0x2a gor_misc.o
 .debug_loclists
                0x00004ae8       0x2a gra.o
 .debug_loclists
                0x00004b12       0x2a hei.o
 .debug_loclists
                0x00004b3c       0x2a hom.o
 .debug_loclists
                0x00004b66       0x2a jin.o
 .debug_loclists
                0x00004b90       0x2a kpa.o
 .debug_loclists
                0x00004bba       0x2a las.o
 .debug_loclists
                0x00004be4       0x2a moo.o
 .debug_loclists
                0x00004c0e       0x2a mri.o
 .debug_loclists
                0x00004c38       0x2c muj.o
 .debug_loclists
                0x00004c64       0x2a nok.o
 .debug_loclists
                0x00004c8e       0x2c pik.o
 .debug_loclists
                0x00004cba       0x2c rsh.o
 .debug_loclists
                0x00004ce6       0xa2 tik.o
 .debug_loclists
                0x00004d88       0x2a tou.o
 .debug_loclists
                0x00004db2       0x2a tou2.o
 .debug_loclists
                0x00004ddc       0x2a usu.o
 .debug_loclists
                0x00004e06       0x2a win.o

.debug_rnglists
                0x00000000     0x145e
 .debug_rnglists
                0x00000000      0x129 OWR.o
 .debug_rnglists
                0x00000129       0x43 common.o
 .debug_rnglists
                0x0000016c       0x95 con_mario.o
 .debug_rnglists
                0x00000201       0xb4 con_perf.o
 .debug_rnglists
                0x000002b5       0xc4 con_seq.o
 .debug_rnglists
                0x00000379      0x71c console.o
 .debug_rnglists
                0x00000a95       0x25 cxx.o
 .debug_rnglists
                0x00000aba      0x315 keyboard.o
 .debug_rnglists
                0x00000dcf       0xde mod.o
 .debug_rnglists
                0x00000ead      0x23d patch.o
 .debug_rnglists
                0x000010ea       0x47 rel.o
 .debug_rnglists
                0x00001131       0x73 ug.o
 .debug_rnglists
                0x000011a4       0x21 util.o
 .debug_rnglists
                0x000011c5       0x13 aaa.o
 .debug_rnglists
                0x000011d8       0x14 aji.o
 .debug_rnglists
                0x000011ec       0x14 bom.o
 .debug_rnglists
                0x00001200       0x14 dou.o
 .debug_rnglists
                0x00001214       0x14 eki.o
 .debug_rnglists
                0x00001228       0x13 end.o
 .debug_rnglists
                0x0000123b       0x14 gon.o
 .debug_rnglists
                0x0000124f       0x1a gor_00.o
 .debug_rnglists
                0x00001269       0x14 gor_01.o
 .debug_rnglists
                0x0000127d       0x14 gor_02.o
 .debug_rnglists
                0x00001291       0x14 gor_03.o
 .debug_rnglists
                0x000012a5       0x14 gor_04.o
 .debug_rnglists
                0x000012b9       0x14 gor_misc.o
 .debug_rnglists
                0x000012cd       0x14 gra.o
 .debug_rnglists
                0x000012e1       0x14 hei.o
 .debug_rnglists
                0x000012f5       0x14 hom.o
 .debug_rnglists
                0x00001309       0x14 jin.o
 .debug_rnglists
                0x0000131d       0x14 kpa.o
 .debug_rnglists
                0x00001331       0x14 las.o
 .debug_rnglists
                0x00001345       0x1b main.o
 .debug_rnglists
                0x00001360       0x14 moo.o
 .debug_rnglists
                0x00001374       0x1a mri.o
 .debug_rnglists
                0x0000138e       0x1a muj.o
 .debug_rnglists
                0x000013a8       0x14 nok.o
 .debug_rnglists
                0x000013bc       0x14 pik.o
 .debug_rnglists
                0x000013d0       0x14 rsh.o
 .debug_rnglists
                0x000013e4       0x2a tik.o
 .debug_rnglists
                0x0000140e       0x14 tou.o
 .debug_rnglists
                0x00001422       0x14 tou2.o
 .debug_rnglists
                0x00001436       0x14 usu.o
 .debug_rnglists
                0x0000144a       0x14 win.o
