
Discarded input sections

 .text          0x00000000        0x0 OWR.o
 .data          0x00000000        0x0 OWR.o
 .bss           0x00000000        0x0 OWR.o
 .bss._ZN3mod3owr25g_stg0_00_init_trampolineE
                0x00000000        0x4 OWR.o
 .bss._ZN3mod3owr22g_itemEntry_trampolineE
                0x00000000        0x4 OWR.o
 .text          0x00000000        0x0 StateManager.o
 .data          0x00000000        0x0 StateManager.o
 .bss           0x00000000        0x0 StateManager.o
 .text._ZN3mod3owr12StateManager4InitEv
                0x00000000       0x18 StateManager.o
 .text          0x00000000        0x0 common.o
 .data          0x00000000        0x0 common.o
 .bss           0x00000000        0x0 common.o
 .text._ZN3mod6common14GetCurrentAreaEv
                0x00000000       0x1c common.o
 .text._ZN3mod6common13GetCurrentMapEv
                0x00000000       0x1c common.o
 .text._ZN3mod6common11GetFilenameEv
                0x00000000       0x1c common.o
 .text._ZN3mod6common16GetStorySequenceEv
                0x00000000       0x20 common.o
 .text._ZN3mod6common14GetPitSequenceEv
                0x00000000       0x24 common.o
 .text._ZN3mod6common17GetSavedFlagValueEi
                0x00000000       0x40 common.o
 .text._ZN3mod6common21HasKeyItemInInventoryEs
                0x00000000       0x3c common.o
 .text._ZN3mod6common25GetBattleWindowDataOffsetEv
                0x00000000       0x1c common.o
 .text._ZN3mod6common21GetStatusWindowHeightEv
                0x00000000       0x24 common.o
 .data._ZN3mod6common29kUnknownStatusWindowStructPtrE
                0x00000000        0x4 common.o
 .data._ZN3mod6common10kBattlePtrE
                0x00000000        0x4 common.o
 .data._ZN3mod6common9kPouchPtrE
                0x00000000        0x4 common.o
 .data._ZN3mod6common12kSaveDataPtrE
                0x00000000        0x4 common.o
 .rodata._ZN3mod6common32kUltraHammerChestDespawnIdOffsetE
                0x00000000        0x4 common.o
 .rodata._ZN3mod6common27kObjectCollectionExprOffsetE
                0x00000000        0x4 common.o
 .rodata._ZN3mod6common27kObjectChestScriptPtrOffsetE
                0x00000000        0x4 common.o
 .rodata._ZN3mod6common33kMujModuleFlavioDesiredItemOffsetE
                0x00000000        0x4 common.o
 .rodata._ZN3mod6common36kJinModuleAtomicBooItemGswfSetOffsetE
                0x00000000        0x4 common.o
 .rodata._ZN3mod6common39kJinModuleAtomicBooItemObjectFlagOffsetE
                0x00000000        0x4 common.o
 .rodata._ZN3mod6common32kPitModuleCharlietonChanceOffsetE
                0x00000000        0x4 common.o
 .rodata._ZN3mod6common22kPitModuleNpcArrOffsetE
                0x00000000        0x4 common.o
 .rodata._ZN3mod6common23kSavedWordFlagBaseValueE
                0x00000000        0x4 common.o
 .data._ZN3mod6common20kPiantaParlorItemArrE
                0x00000000        0x4 common.o
 .data._ZN3mod6common21kPitCharlietonItemArrE
                0x00000000        0x4 common.o
 .data._ZN3mod6common12kHowzItemArrE
                0x00000000        0x4 common.o
 .data._ZN3mod6common18kCharlietonItemArrE
                0x00000000        0x4 common.o
 .data._ZN3mod6common14kDazzleItemArrE
                0x00000000        0x4 common.o
 .data._ZN3mod6common20kSuperguardFramesArrE
                0x00000000        0x4 common.o
 .data._ZN3mod6common15kGuardFramesArrE
                0x00000000        0x4 common.o
 .data._ZN3mod6common25kSuperChargePartnerParamsE
                0x00000000        0x4 common.o
 .data._ZN3mod6common18kSuperChargeParamsE
                0x00000000        0x4 common.o
 .data._ZN3mod6common19kPiercingBlowParamsE
                0x00000000        0x4 common.o
 .data._ZN3mod6common18kHammerThrowParamsE
                0x00000000        0x4 common.o
 .data._ZN3mod6common17kKoopaCurseParamsE
                0x00000000        0x4 common.o
 .data._ZN3mod6common15kTradeOffParamsE
                0x00000000        0x4 common.o
 .data._ZN3mod6common17kGulpRecoilParamsE
                0x00000000        0x4 common.o
 .data._ZN3mod6common24kUltraHammerRecoilParamsE
                0x00000000        0x4 common.o
 .data._ZN3mod6common24kSuperHammerRecoilParamsE
                0x00000000        0x4 common.o
 .data._ZN3mod6common8kNextMapE
                0x00000000        0x4 common.o
 .rodata.cst4   0x00000000        0x4 common.o
 .text          0x00000000        0x0 con_mario.o
 .data          0x00000000        0x0 con_mario.o
 .bss           0x00000000        0x0 con_mario.o
 .text          0x00000000        0x0 con_perf.o
 .data          0x00000000        0x0 con_perf.o
 .bss           0x00000000        0x0 con_perf.o
 .text          0x00000000        0x0 con_seq.o
 .data          0x00000000        0x0 con_seq.o
 .bss           0x00000000        0x0 con_seq.o
 .text          0x00000000        0x0 console.o
 .data          0x00000000        0x0 console.o
 .bss           0x00000000        0x0 console.o
[...]
Memory Configuration

Name             Origin             Length             Attributes
*default*        0x00000000         0xffffffff

Linker script and memory map

                0x80003100                        . = 0x80003100

.init
 *crt0.o(*.init)
 *(.init)

.plt
 *(.plt)

.interp
 *(.interp)

.hash
 *(.hash)

.dynsym
 *(.dynsym)

.dynstr
 *(.dynstr)

.gnu.version
 *(.gnu.version)

.gnu.version_d
 *(.gnu.version_d)

.gnu.version_r
 *(.gnu.version_r)

.rel.init
 *(.rel.init)

.rela.init
 *(.rela.init)

.rel.text
 *(.rel.text .rel.text.* .rel.gnu.linkonce.t.*)

.rela.text
 *(.rela.text .rela.text.* .rela.gnu.linkonce.t.*)

.rel.fini
 *(.rel.fini)

.rela.fini
 *(.rela.fini)

.rel.rodata
 *(.rel.rodata .rel.rodata.* .rel.gnu.linkonce.r.*)

.rela.rodata
 *(.rela.rodata .rela.rodata.* .rela.gnu.linkonce.r.*)

.rel.data
 *(.rel.data .rel.data.* .rel.gnu.linkonce.d.*)

.rela.data
 *(.rela.data .rela.data.* .rela.gnu.linkonce.d.*)

.rel.tdata
 *(.rel.tdata .rel.tdata.* .rel.gnu.linkonce.td.*)

.rela.tdata
 *(.rela.tdata .rela.tdata.* .rela.gnu.linkonce.td.*)

.rel.tbss
 *(.rel.tbss .rel.tbss.* .rel.gnu.linkonce.tb.*)

.rela.tbss
 *(.rela.tbss .rela.tbss.* .rela.gnu.linkonce.tb.*)

.rel.ctors
 *(.rel.ctors)

.rela.ctors
 *(.rela.ctors)

.rel.dtors
 *(.rel.dtors)

.rela.dtors
 *(.rela.dtors)

.rel.got
 *(.rel.got)

.rela.got
 *(.rela.got)

.rela.got1
 *(.rela.got1)

.rela.got2
 *(.rela.got2)

.rel.sdata
 *(.rel.sdata .rel.sdata.* .rel.gnu.linkonce.s.*)

.rela.sdata
 *(.rela.sdata .rela.sdata.* .rela.gnu.linkonce.s.*)

.rel.sbss
 *(.rel.sbss .rel.sbss.* .rel.gnu.linkonce.sb.*)

.rela.sbss
 *(.rela.sbss .rela.sbss.* .rel.gnu.linkonce.sb.*)

.rel.sdata2
 *(.rel.sdata2 .rel.sdata2.* .rel.gnu.linkonce.s2.*)

.rela.sdata2
 *(.rela.sdata2 .rela.sdata2.* .rela.gnu.linkonce.s2.*)

.rel.sbss2
 *(.rel.sbss2 .rel.sbss2.* .rel.gnu.linkonce.sb2.*)

.rela.sbss2
 *(.rela.sbss2 .rela.sbss2.* .rela.gnu.linkonce.sb2.*)

.rel.bss
 *(.rel.bss .rel.bss.* .rel.gnu.linkonce.b.*)

.rela.bss
 *(.rela.bss .rela.bss.* .rela.gnu.linkonce.b.*)

.rel.plt
 *(.rel.plt)

.rela.plt
 *(.rela.plt)

.text           0x80003100     0xdac0
 *(.text)
 .text          0x80003100        0x8 FixBlooperCrash1.o
                0x80003100                asmFixBlooperCrash1
 .text          0x80003108       0x14 FixBlooperCrash2.o
                0x80003108                asmFixBlooperCrash2
 .text          0x8000311c       0x10 PreventDiaryTextboxSelection.o
                0x8000311c                asmPreventDiaryTextboxSelection
 .text          0x8000312c      0x2d0 asm_main.o
                0x8000312c                bMapGXArrInject
                0x80003138                bMapGXArrInjectReturn
                0x8000313c                bMapGXArrIncrement
                0x80003144                bMapGXArrIncrementReturn
                0x80003148                bMapGXChSplit
                0x80003154                bMapGXChSplitReturn
                0x80003158                bWinLogArrInject
                0x80003164                bWinLogArrInjectReturn
                0x80003168                bWinLogArrIncrement
                0x80003170                bWinLogArrIncrementReturn
                0x80003174                bChapterClearCheck
                0x800031bc                bJohoyaSeqAddition
                0x800031f4                bPrintPartyAddErrorFix
                0x80003230                bPrintPartyAddErrorFixReturn
                0x80003234                bPrintPartyErrorFix
                0x80003270                bPrintPartyErrorFixReturn
                0x80003274                bKururingFloorCapture
                0x8000327c                bKururingFloorCaptureReturn
                0x80003280                bKururingFloorRelease
                0x80003288                bKururingFloorReleaseReturn
                0x8000328c                bPowerupblkCapture
                0x800032a4                bPowerupblkCaptureReturn
                0x800032a8                bPowerupblkRelease
                0x800032b0                bPowerupblkReleaseReturn
                0x800032b4                bPeachPointer
                0x8000330c                breakfastValueRestore
                0x8000332c                bPeachReturn
                0x80003330                bShopFlagCheck
                0x8000333c                bShopFlagCheckReturn
                0x80003340                win_log_mapGX_arr
 .text          0x800033fc       0x58 restfpr_x.o
                0x800033fc                _restfpr_14_x
                0x80003400                _restfpr_15_x
                0x80003404                _restfpr_16_x
                0x80003408                _restfpr_17_x
                0x8000340c                _restfpr_18_x
                0x80003410                _restfpr_19_x
                0x80003414                _restfpr_20_x
                0x80003418                _restfpr_21_x
                0x8000341c                _restfpr_22_x
                0x80003420                _restfpr_23_x
                0x80003424                _restfpr_24_x
                0x80003428                _restfpr_25_x
                0x8000342c                _restfpr_26_x
                0x80003430                _restfpr_27_x
                0x80003434                _restfpr_28_x
                0x80003438                _restfpr_29_x
                0x8000343c                _restfpr_30_x
                0x80003440                _restfpr_31_x
 .text          0x80003454       0x58 restgpr_x.o
                0x80003454                _restgpr_14_x
                0x80003458                _restgpr_15_x
                0x8000345c                _restgpr_16_x
                0x80003460                _restgpr_17_x
                0x80003464                _restgpr_18_x
                0x80003468                _restgpr_19_x
                0x8000346c                _restgpr_20_x
                0x80003470                _restgpr_21_x
                0x80003474                _restgpr_22_x
                0x80003478                _restgpr_23_x
                0x8000347c                _restgpr_24_x
                0x80003480                _restgpr_25_x
                0x80003484                _restgpr_26_x
                0x80003488                _restgpr_27_x
                0x8000348c                _restgpr_28_x
                0x80003490                _restgpr_29_x
                0x80003494                _restgpr_30_x
                0x80003498                _restgpr_31_x
 *(.text.*)
 *fill*         0x800034ac        0x0 00000000
 .text._ZZN3mod3owr3OWR4InitEvENUlPN4ttyd6evtmgr8EvtEntryEbE_4_FUNES5_b
                0x800034ac       0x6c OWR.o
 .text._ZZN3mod3owr3OWR4InitEvENUlPN4ttyd5party10PartyEntryEfffE_4_FUNES5_fff
                0x80003518       0x98 OWR.o
 .text._ZZN3mod3owr3OWR4InitEvENUliE0_4_FUNEi
                0x800035b0       0xec OWR.o
 .text._ZZN3mod3owr3OWR4InitEvENUliE_4_FUNEi
                0x8000369c      0x1ec OWR.o
 .text._ZZN3mod3owr3OWR4InitEvENUlPKcE_4_FUNES3_
                0x80003888      0x578 OWR.o
 .text._ZZN3mod3owr3OWR4InitEvENUlN4ttyd6seqdrv8SeqIndexEPKcS6_E_4_FUNES4_S6_S6_
                0x80003e00       0xa0 OWR.o
 .text._ZN3mod3owr3OWRC2Ev
                0x80003ea0        0x4 OWR.o
                0x80003ea0                _ZN3mod3owr3OWRC1Ev
                0x80003ea0                _ZN3mod3owr3OWRC2Ev
 .text._ZN3mod3owr3OWR12SequenceInitEv
                0x80003ea4      0x120 OWR.o
                0x80003ea4                _ZN3mod3owr3OWR12SequenceInitEv
 .text._ZN3mod3owr13checkIfInGameEv
                0x80003fc4       0x64 OWR.o
                0x80003fc4                _ZN3mod3owr13checkIfInGameEv
 .text._ZN3mod3owr3OWR12HomewardWarpEv
                0x80004028       0x84 OWR.o
                0x80004028                _ZN3mod3owr3OWR12HomewardWarpEv
 .text._ZN3mod3owr3OWR12RecieveItemsEv
                0x800040ac       0x5c OWR.o
                0x800040ac                _ZN3mod3owr3OWR12RecieveItemsEv
 .text._ZN3mod3owr3OWR4InitEv
                0x80004108      0x22c OWR.o
                0x80004108                _ZN3mod3owr3OWR4InitEv
 .text._ZN3mod3owr3OWR6UpdateEv
                0x80004334       0x38 OWR.o
                0x80004334                _ZN3mod3owr3OWR6UpdateEv
 .text._ZN3mod3owr3OWR14OnModuleLoadedEP12OSModuleInfo
                0x8000436c       0x98 OWR.o
                0x8000436c                _ZN3mod3owr3OWR14OnModuleLoadedEP12OSModuleInfo
 .text._ZZN3mod3owr3OWR4InitEvENUlP12OSModuleInfoPvE_4_FUNES3_S4_
                0x80004404       0x54 OWR.o
 .text._ZN3mod3owr3OWR10DrawStringEPKcffjf
                0x80004458       0xc8 OWR.o
                0x80004458                _ZN3mod3owr3OWR10DrawStringEPKcffjf
 .text.startup._GLOBAL__sub_I__ZN3mod3owr7item_dbE
                0x80004520       0x14 OWR.o
 .text._ZN3mod3owr12StateManagerC2Ev
                0x80004534       0x18 StateManager.o
                0x80004534                _ZN3mod3owr12StateManagerC2Ev
                0x80004534                _ZN3mod3owr12StateManagerC1Ev
 .text._ZN3modL13mod_if_func24Ev
                0x8000454c       0x54 con_mario.o
 .text.startup._GLOBAL__sub_I__ZN3mod13mario_set_posE
                0x800045a0       0x88 con_mario.o
 .text._ZN3modL13mod_if_func51Ev
                0x80004628      0x158 con_perf.o
 .text.startup._GLOBAL__sub_I__ZN3mod15perf_fake_spikeE
                0x80004780       0x8c con_perf.o
 .text._ZN3modL13mod_if_func16Ev
                0x8000480c       0x60 con_seq.o
 .text._ZZN3modL13mod_if_func16EvENUlPN4ttyd6seqdrv7SeqInfoEE_4_FUNES3_
                0x8000486c       0x34 con_seq.o
 .text.startup._GLOBAL__sub_I__ZN3mod13seq_logo_skipE
                0x800048a0       0x8c con_seq.o
 .text._ZN3mod13ConsoleSystem8logColorEPKcN2gc6color4E
                0x8000492c      0x1e4 console.o
                0x8000492c                _ZN3mod13ConsoleSystem8logColorEPKcN2gc6color4E
 .text._ZN3mod13ConsoleSystem7logInfoEPKcz
                0x80004b10       0xac console.o
                0x80004b10                _ZN3mod13ConsoleSystem7logInfoEPKcz
 .text._ZN3mod7CC_findEPKc
                0x80004bbc       0xe8 console.o
                0x80004bbc                _ZN3mod7CC_findEPKc
 .text._ZN3mod13ConsoleSystem10logWarningEPKcz
                0x80004ca4       0xb0 console.o
                0x80004ca4                _ZN3mod13ConsoleSystem10logWarningEPKcz
 .text._ZN3mod13ConsoleSystem8logErrorEPKcz
                0x80004d54       0xb0 console.o
                0x80004d54                _ZN3mod13ConsoleSystem8logErrorEPKcz
 .text._ZN3mod13ConsoleSystem7overlayEPKcz
                0x80004e04       0xbc console.o
                0x80004e04                _ZN3mod13ConsoleSystem7overlayEPKcz
 .text._ZN3mod13ConsoleSystem12setMonospaceEb
                0x80004ec0       0x24 console.o
                0x80004ec0                _ZN3mod13ConsoleSystem12setMonospaceEb
 .text._ZN3mod13ConsoleSystem4initEv
                0x80004ee4       0x14 console.o
                0x80004ee4                _ZN3mod13ConsoleSystem4initEv
 .text._ZN3mod13ConsoleSystem8drawLineEiPKcN2gc6color4E
                0x80004ef8       0xa8 console.o
                0x80004ef8                _ZN3mod13ConsoleSystem8drawLineEiPKcN2gc6color4E
 .text._ZN3mod13ConsoleSystem14processCommandEPKc
                0x80004fa0      0x1e4 console.o
                0x80004fa0                _ZN3mod13ConsoleSystem14processCommandEPKc
 .text._ZN3mod13ConsoleSystem12updatePromptEv
                0x80005184      0x2f0 console.o
                0x80005184                _ZN3mod13ConsoleSystem12updatePromptEv
 .text._ZN3mod13ConsoleSystem14updateUsbGeckoEv
                0x80005474      0x128 console.o
                0x80005474                _ZN3mod13ConsoleSystem14updateUsbGeckoEv
 .text._ZN3mod13ConsoleSystem6updateEv
                0x8000559c       0x68 console.o
                0x8000559c                _ZN3mod13ConsoleSystem6updateEv
 .text._ZN3mod13ConsoleSystem4dispEv
                0x80005604      0x368 console.o
                0x80005604                _ZN3mod13ConsoleSystem4dispEv
 .text._ZZN3mod13ConsoleSystem6updateEvENUlN4ttyd7dispdrv8CameraIdEPvE_4_FUNES3_S4_
                0x8000596c        0x8 console.o
 .text.startup._GLOBAL__sub_I__ZN3mod10ConCommand6sFirstE
                0x80005974      0x17c console.o
 .text._Znwj    0x80005af0        0xc cxx.o
                0x80005af0                _Znwj
 .text._Znaj    0x80005afc        0x4 cxx.o
                0x80005afc                _Znaj
 .text._ZdlPv   0x80005b00        0xc cxx.o
                0x80005b00                _ZdlPv
 .text._ZdaPv   0x80005b0c        0x4 cxx.o
                0x80005b0c                _ZdaPv
 .text._ZL27checkIndividualStandardHeapPKN2gc2os9ChunkInfoE
                0x80005b10       0x64 errorHandling.o
 .text._ZL24checkIndividualSmartHeapPKN4ttyd6memory19SmartAllocationDataE
                0x80005b74       0x64 errorHandling.o
 .text._ZL22checkIndividualMapHeapPKN4ttyd6memory13MapAllocEntryE
                0x80005bd8       0x50 errorHandling.o
 .text._ZL21initStandardHeapErrorPKvib
                0x80005c28       0x94 errorHandling.o
 .text._ZL18initSmartHeapErrorPKvb
                0x80005cbc       0x8c errorHandling.o
 .text._ZL16initMapHeapErrorPKvtb
                0x80005d48       0xa4 errorHandling.o
 .text._ZN18HeapCorruptionInfo10drawBufferEv
                0x80005dec       0x98 errorHandling.o
                0x80005dec                _ZN18HeapCorruptionInfo10drawBufferEv
 .text._ZN21NpcNameToPtrErrorInfo16drawErrorMessageEv
                0x80005e84       0x9c errorHandling.o
                0x80005e84                _ZN21NpcNameToPtrErrorInfo16drawErrorMessageEv
 .text._ZN21AnimPoseMainErrorInfo16drawErrorMessageEv
                0x80005f20       0x9c errorHandling.o
                0x80005f20                _ZN21AnimPoseMainErrorInfo16drawErrorMessageEv
 .text._Z10checkHeapsv
                0x80005fbc      0x110 errorHandling.o
                0x80005fbc                _Z10checkHeapsv
 .text._Z17drawErrorMessagesv
                0x800060cc       0x74 errorHandling.o
                0x800060cc                _Z17drawErrorMessagesv
 .text._Z25checkForNpcNameToPtrErrorPKc
                0x80006140       0x6c errorHandling.o
                0x80006140                _Z25checkForNpcNameToPtrErrorPKc
 .text._Z24preventAnimPoseMainCrashi
                0x800061ac       0x54 errorHandling.o
                0x800061ac                _Z24preventAnimPoseMainCrashi
 .text.startup._GLOBAL__sub_I_npcNameToPtrErrorInfo
                0x80006200       0x1c errorHandling.o
 .text.exit._GLOBAL__sub_D_npcNameToPtrErrorInfo
                0x8000621c       0x14 errorHandling.o
 .text._ZL22fixPouchInitMemoryLeakij
                0x80006230       0x4c gamePatches.o
 .text._ZL12autoMashTextN2gc3pad5PadIdE
                0x8000627c       0x48 gamePatches.o
 .text._ZL14fixMapProblemsv
                0x800062c4       0xe8 gamePatches.o
 .text.cFixBlooperCrash1
                0x800063ac       0x38 gamePatches.o
                0x800063ac                cFixBlooperCrash1
 .text.cPreventDiaryTextboxOptionSelection
                0x800063e4       0x58 gamePatches.o
                0x800063e4                cPreventDiaryTextboxOptionSelection
 .text._Z14applyGameFixesv
                0x8000643c       0x68 gamePatches.o
                0x8000643c                _Z14applyGameFixesv
 .text._Z23applyVariousGamePatchesv
                0x800064a4       0xf0 gamePatches.o
                0x800064a4                _Z23applyVariousGamePatchesv
 .text._ZN3mod8Keyboard7connectEv
                0x80006594       0x58 keyboard.o
                0x80006594                _ZN3mod8Keyboard7connectEv
 .text._ZN3mod8KeyboardC2Ei
                0x800065ec       0x20 keyboard.o
                0x800065ec                _ZN3mod8KeyboardC2Ei
                0x800065ec                _ZN3mod8KeyboardC1Ei
 .text._ZN3mod8Keyboard10disconnectEv
                0x8000660c       0x40 keyboard.o
                0x8000660c                _ZN3mod8Keyboard10disconnectEv
 .text._ZN3mod8Keyboard6updateEv
                0x8000664c      0x1d4 keyboard.o
                0x8000664c                _ZN3mod8Keyboard6updateEv
 .text._ZZN3mod3Mod4initEvENUlvE0_4_FUNEv
                0x80006820        0x4 mod.o
 .text._ZZN3mod3Mod11updateEarlyEvENUlN4ttyd7dispdrv8CameraIdEPvE_4_FUNES3_S4_
                0x80006824        0x4 mod.o
 .text._ZN3mod3ModC2Ev
                0x80006828       0x90 mod.o
                0x80006828                _ZN3mod3ModC2Ev
                0x80006828                _ZN3mod3ModC1Ev
 .text._ZN3mod3Mod4initEv
                0x800068b8      0x188 mod.o
                0x800068b8                _ZN3mod3Mod4initEv
 .text.startup._ZN3mod4mainEv
                0x80006a40       0x38 mod.o
                0x80006a40                _ZN3mod4mainEv
 .text._ZN3mod3Mod11updateEarlyEv
                0x80006a78       0x8c mod.o
                0x80006a78                _ZN3mod3Mod11updateEarlyEv
 .text._ZZN3mod3Mod4initEvENUlvE_4_FUNEv
                0x80006b04        0xc mod.o
 .text._ZN3mod5patch17clear_DC_IC_CacheEPvj
                0x80006b10       0x3c patch.o
                0x80006b10                _ZN3mod5patch17clear_DC_IC_CacheEPvj
 .text._ZN3mod5patch14writeEvtBranchEPiPKib
                0x80006b4c       0x1c patch.o
                0x80006b4c                _ZN3mod5patch14writeEvtBranchEPiPKib
 .text._ZN3mod5patch15writeBranchMainEPvS1_j
                0x80006b68       0x18 patch.o
                0x80006b68                _ZN3mod5patch15writeBranchMainEPvS1_j
 .text._ZN3mod5patch11writeBranchEPvS1_
                0x80006b80        0x8 patch.o
                0x80006b80                _ZN3mod5patch11writeBranchEPvS1_
 .text._ZN3mod5patch13writeBranchBLEPvS1_
                0x80006b88        0xc patch.o
                0x80006b88                _ZN3mod5patch13writeBranchBLEPvS1_
 .text._ZN3mod5patch10writePatchEPvPKvj
                0x80006b94       0x5c patch.o
                0x80006b94                _ZN3mod5patch10writePatchEPvPKvj
 .text._ZN3mod5patch10writePatchEPvj
                0x80006bf0       0x2c patch.o
                0x80006bf0                _ZN3mod5patch10writePatchEPvj
 .text._ZN3mod5patch15writeBranchPairEPvS1_S1_
                0x80006c1c       0x3c patch.o
                0x80006c1c                _ZN3mod5patch15writeBranchPairEPvS1_S1_
 .text._ZN3mod5patch17writeIntWithCacheEPvj
                0x80006c58        0xc patch.o
                0x80006c58                _ZN3mod5patch17writeIntWithCacheEPvj
 .text.vsnprintf
                0x80006c64       0x70 printf.o
                0x80006c64                vsnprintf
 .text.snprintf
                0x80006cd4       0x7c printf.o
                0x80006cd4                snprintf
 .text._prolog  0x80006d50       0x5c rel.o
                0x80006d50                _prolog
 .text._epilog  0x80006dac       0x4c rel.o
                0x80006dac                _epilog
 .text._unresolved
                0x80006df8        0x4 rel.o
                0x80006df8                _unresolved
 .text._ZN3modL10ugTransferEiPvib
                0x80006dfc      0x124 ug.o
 .text._ZN3mod7ugProbeEi
                0x80006f20       0xf8 ug.o
                0x80006f20                _ZN3mod7ugProbeEi
 .text._ZN3mod6ugSendEiPKvi
                0x80007018        0x8 ug.o
                0x80007018                _ZN3mod6ugSendEiPKvi
 .text._ZN3mod6ugRecvEiPvi
                0x80007020        0x8 ug.o
                0x80007020                _ZN3mod6ugRecvEiPvi
 .text.strstr   0x80007028       0x90 util.o
                0x80007028                strstr
 .text._ZN3mod4util16checkButtonComboEj
                0x800070b8       0x4c util.o
                0x800070b8                _ZN3mod4util16checkButtonComboEj
 .text._ZN3mod4util26checkButtonComboEveryFrameEj
                0x80007104       0x34 util.o
                0x80007104                _ZN3mod4util26checkButtonComboEveryFrameEj
 .text._ZN3mod4util10ptrIsValidEPv
                0x80007138       0x30 util.o
                0x80007138                _ZN3mod4util10ptrIsValidEPv
 .text._ZN3mod4util10intToFloatEi
                0x80007168       0x30 util.o
                0x80007168                _ZN3mod4util10intToFloatEi
 .text._ZN3mod4util25getTextMultilineIncrementEPKcfj
                0x80007198       0x4c util.o
                0x80007198                _ZN3mod4util25getTextMultilineIncrementEPKcfj
 .text._Z15ApplyAaaPatchesv
                0x800071e4       0x50 aaa.o
                0x800071e4                _Z15ApplyAaaPatchesv
 .text._Z17checkIntermissionPN4ttyd6evtmgr8EvtEntryEb
                0x80007234       0xd4 aji.o
                0x80007234                _Z17checkIntermissionPN4ttyd6evtmgr8EvtEntryEb
 .text._Z15ApplyAjiPatchesv
                0x80007308      0x870 aji.o
                0x80007308                _Z15ApplyAjiPatchesv
 .text._Z15ApplyBomPatchesv
                0x80007b78      0x300 bom.o
                0x80007b78                _Z15ApplyBomPatchesv
 .text._Z15ApplyDouPatchesv
                0x80007e78      0x2f0 dou.o
                0x80007e78                _Z15ApplyDouPatchesv
 .text._Z15ApplyEkiPatchesv
                0x80008168      0x254 eki.o
                0x80008168                _Z15ApplyEkiPatchesv
 .text._Z15ApplyEndPatchesv
                0x800083bc       0x30 end.o
                0x800083bc                _Z15ApplyEndPatchesv
 .text._Z15ApplyGonPatchesv
                0x800083ec      0x35c gon.o
                0x800083ec                _Z15ApplyGonPatchesv
 .text._Z17ApplyGor00Patchesv
                0x80008748      0x5b0 gor_00.o
                0x80008748                _Z17ApplyGor00Patchesv
 .text.startup._GLOBAL__sub_I__Z17ApplyGor00Patchesv
                0x80008cf8       0x14 gor_00.o
 .text._Z17ApplyGor01Patchesv
                0x80008d0c      0x410 gor_01.o
                0x80008d0c                _Z17ApplyGor01Patchesv
 .text._Z17ApplyGor02Patchesv
                0x8000911c      0x400 gor_02.o
                0x8000911c                _Z17ApplyGor02Patchesv
 .text._Z17ApplyGor03Patchesv
                0x8000951c      0x478 gor_03.o
                0x8000951c                _Z17ApplyGor03Patchesv
 .text._Z17ApplyGor04Patchesv
                0x80009994      0x1d8 gor_04.o
                0x80009994                _Z17ApplyGor04Patchesv
 .text._Z19ApplyGorMiscPatchesv
                0x80009b6c      0x14c gor_misc.o
                0x80009b6c                _Z19ApplyGorMiscPatchesv
 .text._Z15ApplyGorPatchesv
                0x80009cb8       0x30 gor_misc.o
                0x80009cb8                _Z15ApplyGorPatchesv
 .text._Z15ApplyGraPatchesv
                0x80009ce8      0x200 gra.o
                0x80009ce8                _Z15ApplyGraPatchesv
 .text._Z15ApplyHeiPatchesv
                0x80009ee8      0x294 hei.o
                0x80009ee8                _Z15ApplyHeiPatchesv
 .text._Z15ApplyHomPatchesv
                0x8000a17c      0x140 hom.o
                0x8000a17c                _Z15ApplyHomPatchesv
 .text._Z15ApplyJinPatchesv
                0x8000a2bc      0x348 jin.o
                0x8000a2bc                _Z15ApplyJinPatchesv
 .text._Z15ApplyKpaPatchesv
                0x8000a604       0xd0 kpa.o
                0x8000a604                _Z15ApplyKpaPatchesv
 .text._Z15ApplyLasPatchesv
                0x8000a6d4      0x4f0 las.o
                0x8000a6d4                _Z15ApplyLasPatchesv
 .text._Z12setShopFlagsPN4ttyd6evtmgr8EvtEntryEb
                0x8000abc4       0x8c main.o
                0x8000abc4                _Z12setShopFlagsPN4ttyd6evtmgr8EvtEntryEb
 .text.checkShopFlag
                0x8000ac50       0x84 main.o
                0x8000ac50                checkShopFlag
 .text._Z24ApplyMainAssemblyPatchesv
                0x8000acd4      0x938 main.o
                0x8000acd4                _Z24ApplyMainAssemblyPatchesv
 .text._Z22ApplyMainScriptPatchesv
                0x8000b60c      0x1e8 main.o
                0x8000b60c                _Z22ApplyMainScriptPatchesv
 .text._Z25ApplyItemDataTablePatchesv
                0x8000b7f4      0x15c main.o
                0x8000b7f4                _Z25ApplyItemDataTablePatchesv
 .text._Z15ApplyMriPatchesv
                0x8000b950      0xba4 mri.o
                0x8000b950                _Z15ApplyMriPatchesv
 .text._Z15ApplyMujPatchesv
                0x8000c4f4      0xa2c muj.o
                0x8000c4f4                _Z15ApplyMujPatchesv
 .text._Z15ApplyNokPatchesv
                0x8000cf20      0x36c nok.o
                0x8000cf20                _Z15ApplyNokPatchesv
 .text._Z15ApplyPikPatchesv
                0x8000d28c      0x524 pik.o
                0x8000d28c                _Z15ApplyPikPatchesv
 .text._Z15ApplyRshPatchesv
                0x8000d7b0      0xe34 rsh.o
                0x8000d7b0                _Z15ApplyRshPatchesv
 .text._Z24checkChapterRequirementsPN4ttyd6evtmgr8EvtEntryEb
                0x8000e5e4       0x7c tik.o
                0x8000e5e4                _Z24checkChapterRequirementsPN4ttyd6evtmgr8EvtEntryEb
 .text._Z18checkChapterClearsPN4ttyd6evtmgr8EvtEntryEb
                0x8000e660       0x5c tik.o
                0x8000e660                _Z18checkChapterClearsPN4ttyd6evtmgr8EvtEntryEb
 .text._Z15ApplyTikPatchesv
                0x8000e6bc      0x598 tik.o
                0x8000e6bc                _Z15ApplyTikPatchesv
 .text._Z15ApplyTouPatchesv
                0x8000ec54     0x10b0 tou.o
                0x8000ec54                _Z15ApplyTouPatchesv
 .text._Z16ApplyTou2Patchesv
                0x8000fd04      0x34c tou2.o
                0x8000fd04                _Z16ApplyTou2Patchesv
 .text._Z15ApplyUsuPatchesv
                0x80010050      0x884 usu.o
                0x80010050                _Z15ApplyUsuPatchesv
 .text._Z15ApplyWinPatchesv
                0x800108d4      0x2e4 win.o
                0x800108d4                _Z15ApplyWinPatchesv
 *(.gnu.warning)
 *(.gnu.linkonce.t.*)
                0x80010bc0                        . = ALIGN (0x20)
 *fill*         0x80010bb8        0x8 00000000

.text._ZN3mod13mario_set_posMUlPKcE_4_FUNES2_
                0x00000000       0x5c
 .text._ZN3mod13mario_set_posMUlPKcE_4_FUNES2_
                0x00000000       0x5c con_mario.o
                0x00000000                _ZN3mod13mario_set_posMUlPKcE_4_FUNES2_
                0x00000000                _ZN3mod13mario_set_posMUlPKcE_4_FUNES1_

.text._ZN3mod15perf_fake_spikeMUlPKcE_4_FUNES2_
                0x00000000       0x7c
 .text._ZN3mod15perf_fake_spikeMUlPKcE_4_FUNES2_
                0x00000000       0x7c con_perf.o
                0x00000000                _ZN3mod15perf_fake_spikeMUlPKcE_4_FUNES1_
                0x00000000                _ZN3mod15perf_fake_spikeMUlPKcE_4_FUNES2_

.text._ZN3mod14seq_change_mapMUlPKcE_4_FUNES2_
                0x00000000       0xc4
 .text._ZN3mod14seq_change_mapMUlPKcE_4_FUNES2_
                0x00000000       0xc4 con_seq.o
                0x00000000                _ZN3mod14seq_change_mapMUlPKcE_4_FUNES2_
                0x00000000                _ZN3mod14seq_change_mapMUlPKcE_4_FUNES1_

.text._ZN3mod8con_monoMUlPNS_9ConIntVarEiE_4_FUNES2_i
                0x00000000       0x18
 .text._ZN3mod8con_monoMUlPNS_9ConIntVarEiE_4_FUNES2_i
                0x00000000       0x18 console.o
                0x00000000                _ZN3mod8con_monoMUlPNS_9ConIntVarEiE_4_FUNES1_i
                0x00000000                _ZN3mod8con_monoMUlPNS_9ConIntVarEiE_4_FUNES2_i

.text._ZN18HeapCorruptionInfo10initBufferEv
                0x00000000       0x34
 .text._ZN18HeapCorruptionInfo10initBufferEv
                0x00000000       0x34 errorHandling.o
                0x00000000                _ZN18HeapCorruptionInfo10initBufferEv

.fini           0x00000034        0xc
 *(.fini)
                0x00000040                        . = ALIGN (0x20)
 *fill*         0x00000034        0xc 00000000
                [!provide]                        PROVIDE (__etext = .)
                [!provide]                        PROVIDE (_etext = .)
                [!provide]                        PROVIDE (etext = .)

.rodata         0x00000040     0xca81
 *(.rodata)
 *(.rodata.*)
 .rodata._ZZN3mod3owr3OWR4InitEvENUliE_4_FUNEi
                0x00000040       0x10 OWR.o
 .rodata._ZZN3mod3owr3OWR4InitEvENUlPKcE_4_FUNES3_.str1.1
                0x00000050      0x48b OWR.o
 .rodata._ZZN3mod3owr3OWR4InitEvENUlN4ttyd6seqdrv8SeqIndexEPKcS6_E_4_FUNES4_S6_S6_.str1.1
                0x000004db        0x7 OWR.o
 *fill*         0x000004e2        0x2 
 .rodata._ZN3mod3owr3OWR14OnModuleLoadedEP12OSModuleInfo
                0x000004e4       0x70 OWR.o
 .rodata._ZL8GSWF_ARR
                0x00000554       0x20 OWR.o
 .rodata.cst4   0x00000574        0x4 OWR.o
 .rodata._ZN3mod13mario_set_posMUlPKcE_4_FUNES2_.str1.1
                0x00000578        0x9 con_mario.o
 .rodata._ZN3modL13mod_if_func24Ev.str1.1
                0x00000581       0x20 con_mario.o
 .rodata._GLOBAL__sub_I__ZN3mod13mario_set_posE.str1.1
                0x000005a1       0x1d con_mario.o
 .rodata._ZN3modL13mod_if_func51Ev.str1.1
                0x000005be       0x5b con_perf.o
 .rodata._ZN3mod15perf_fake_spikeMUlPKcE_4_FUNES2_.str1.1
                0x00000619        0x3 con_perf.o
 .rodata._GLOBAL__sub_I__ZN3mod15perf_fake_spikeE.str1.1
                0x0000061c       0x1f con_perf.o
 *fill*         0x0000063b        0x1 
 .rodata.cst4   0x0000063c        0xc con_perf.o
 .rodata._ZN3mod14seq_change_mapMUlPKcE_4_FUNES2_.str1.1
                0x00000648       0x1e con_seq.o
 .rodata._GLOBAL__sub_I__ZN3mod13seq_logo_skipE.str1.1
                0x00000666       0x1d con_seq.o
 .rodata._ZN3mod13ConsoleSystem8logColorEPKcN2gc6color4E.str1.1
                0x00000683       0x80 console.o
 .rodata._ZN3mod7CC_findEPKc.str1.1
                0x00000703       0x1d console.o
 .rodata._ZN3mod13ConsoleSystem14processCommandEPKc.str1.1
                0x00000720       0x28 console.o
 .rodata._ZN3mod13ConsoleSystem14updateUsbGeckoEv.str1.1
                0x00000748       0x74 console.o
 .rodata._ZN3mod13ConsoleSystem4dispEv.str1.1
                0x000007bc       0x16 console.o
 .rodata._GLOBAL__sub_I__ZN3mod10ConCommand6sFirstE.str1.1
                0x000007d2       0x7f console.o
 .rodata._ZZN3mod13ConsoleSystem4dispEvE12kPromptColor
                0x00000851        0x4 console.o
 *fill*         0x00000855        0x3 
 .rodata.cst4   0x00000858        0x8 console.o
 .rodata._ZL21initStandardHeapErrorPKvib.str1.1
                0x00000860       0x30 errorHandling.o
 .rodata._ZL18initSmartHeapErrorPKvb.str1.1
                0x00000890       0x23 errorHandling.o
 .rodata._ZL16initMapHeapErrorPKvtb.str1.1
                0x000008b3       0x2b errorHandling.o
 .rodata._ZN21NpcNameToPtrErrorInfo16drawErrorMessageEv.str1.1
                0x000008de       0x1f errorHandling.o
 .rodata._ZN21AnimPoseMainErrorInfo16drawErrorMessageEv.str1.1
                0x000008fd       0x1f errorHandling.o
 .rodata.cst4   0x0000091c       0x10 errorHandling.o
 .rodata._ZL14fixMapProblemsv.str1.1
                0x0000092c       0x1e gamePatches.o
 .rodata.cPreventDiaryTextboxOptionSelection.str1.1
                0x0000094a       0x19 gamePatches.o
 *fill*         0x00000963        0x1 
 .rodata.cst4   0x00000964        0x4 mod.o
 .rodata.cst4   0x00000968        0x8 util.o
 .rodata._ZL20aji_17_init_evt_hook
                0x00000970       0x10 aji.o
 .rodata._ZL19aji_17_init_evt_evt
                0x00000980       0x4c aji.o
 .rodata._ZL20aji_10_init_evt_hook
                0x000009cc       0x10 aji.o
 .rodata.str1.1
                0x000009dc       0x46 aji.o
 *fill*         0x00000a22        0x2 
 .rodata._ZL19aji_10_init_evt_evt
                0x00000a24      0x288 aji.o
 .rodata._ZL18teshita3_init_hook
                0x00000cac       0x10 aji.o
 .rodata._ZL17teshita3_init_evt
                0x00000cbc       0xc0 aji.o
 .rodata._ZL18teshita2_init_hook
                0x00000d7c       0x10 aji.o
 .rodata._ZL17teshita2_init_evt
                0x00000d8c       0xc0 aji.o
 .rodata._ZL20peach_evt_ele_2_hook
                0x00000e4c       0x24 aji.o
 .rodata._ZL19peach_evt_ele_2_evt
                0x00000e70       0x6c aji.o
 .rodata._ZL20aji_16_init_evt_hook
                0x00000edc       0x10 aji.o
 .rodata._ZL19aji_16_init_evt_evt
                0x00000eec       0x5c aji.o
 .rodata._ZL21aji_10_init_evt_hook2
                0x00000f48       0x10 aji.o
 .rodata._ZL20aji_10_init_evt_evt2
                0x00000f58       0x5c aji.o
 .rodata._ZL20aji_00_init_evt_hook
                0x00000fb4       0x10 aji.o
 .rodata._ZL19aji_00_init_evt_evt
                0x00000fc4       0x5c aji.o
 .rodata._ZL7npcEnt4
                0x00001020        0xb aji.o
 *fill*         0x0000102b        0x1 
 .rodata._ZL7npcEnt3
                0x0000102c       0x13 aji.o
 *fill*         0x0000103f        0x1 
 .rodata._ZL4npc4
                0x00001040       0x13 aji.o
 *fill*         0x00001053        0x1 
 .rodata._ZL4npc3
                0x00001054        0x7 aji.o
 *fill*         0x0000105b        0x1 
 .rodata._ZL4npc2
                0x0000105c        0xf aji.o
 *fill*         0x0000106b        0x1 
 .rodata._ZL4npc1
                0x0000106c        0x7 aji.o
 .rodata.str1.1
                0x00001073       0x12 dou.o
 *fill*         0x00001085        0x3 
 .rodata._ZL20peramajin_after_item
                0x00001088       0x9c dou.o
 .rodata._ZL12evt_elv_hook
                0x00001124       0x28 eki.o
 .rodata.str1.1
                0x0000114c       0x2f eki.o
 *fill*         0x0000117b        0x1 
 .rodata._ZL11evt_elv_evt
                0x0000117c      0x104 eki.o
 .rodata.str1.1
                0x00001280        0xb gon.o
 *fill*         0x0000128b        0x1 
 .rodata._ZL19gon_evt_majin2_item
                0x0000128c       0xd0 gon.o
 .rodata._ZL21gor_00_init_evt2_hook
                0x0000135c       0x10 gor_00.o
 .rodata._ZL21gor_00_init_evt1_hook
                0x0000136c       0x10 gor_00.o
 .rodata.str1.1
                0x0000137c      0x25e gor_00.o
 *fill*         0x000015da        0x2 
 .rodata._ZL16gor_00_init_evt1
                0x000015dc      0x1f8 gor_00.o
 .rodata._ZL18korutesu_init_hook
                0x000017d4       0x10 gor_00.o
 .rodata._ZL17korutesu_init_evt
                0x000017e4       0x58 gor_00.o
 .rodata._ZL20suifubomb_b_talk_evt
                0x0000183c       0xd4 gor_00.o
 .rodata._ZL21suifubomb_b_regl_hook
                0x00001910       0x10 gor_00.o
 .rodata._ZL20suifubomb_b_regl_evt
                0x00001920      0x120 gor_00.o
 .rodata._ZL20suifubomb_a_talk_evt
                0x00001a40      0x150 gor_00.o
 .rodata._ZL21suifubomb_a_regl_hook
                0x00001b90       0x10 gor_00.o
 .rodata._ZL20suifubomb_a_regl_evt
                0x00001ba0       0x90 gor_00.o
 .rodata._ZL21suifubomb_a_init_hook
                0x00001c30       0x10 gor_00.o
 .rodata._ZL20suifubomb_a_init_evt
                0x00001c40       0xc8 gor_00.o
 .rodata._ZL16suifu_b_talk_evt
                0x00001d08       0xd4 gor_00.o
 .rodata._ZL20luigi_npcEnt_00_hook
                0x00001ddc       0x10 gor_00.o
 .rodata._ZL19luigi_npcEnt_00_evt
                0x00001dec       0x80 gor_00.o
 .rodata._ZL18luigi_init_00_hook
                0x00001e6c       0x10 gor_00.o
 .rodata._ZL17luigi_init_00_evt
                0x00001e7c       0x50 gor_00.o
 .rodata._ZL16mokorim_init_evt
                0x00001ecc       0x30 gor_00.o
 .rodata._ZL17suifu_b_init_hook
                0x00001efc       0x10 gor_00.o
 .rodata._ZL16suifu_b_init_evt
                0x00001f0c       0xc8 gor_00.o
 .rodata._ZL17suifu_a_regl_hook
                0x00001fd4       0x10 gor_00.o
 .rodata._ZL16suifu_a_regl_evt
                0x00001fe4       0x80 gor_00.o
 .rodata._ZL16suifu_a_talk_evt
                0x00002064       0xd4 gor_00.o
 .rodata._ZL19odoodo_ani_talk_evt
                0x00002138       0x20 gor_00.o
 .rodata._ZL15odoodo_talk_evt
                0x00002158      0x128 gor_00.o
 .rodata._ZL16odoodo_regl_hook
                0x00002280       0x10 gor_00.o
 .rodata._ZL15odoodo_regl_evt
                0x00002290       0x94 gor_00.o
 .rodata._ZL16odoodo_init_hook
                0x00002324       0x10 gor_00.o
 .rodata._ZL15odoodo_init_evt
                0x00002334      0x114 gor_00.o
 .rodata._ZL17garawaru_talk_evt
                0x00002448       0xb8 gor_00.o
 .rodata._ZL18garawaru_regl_hook
                0x00002500       0x10 gor_00.o
 .rodata._ZL17garawaru_regl_evt
                0x00002510      0x120 gor_00.o
 .rodata._ZL18garawaru_init_hook
                0x00002630       0x10 gor_00.o
 .rodata._ZL17garawaru_init_evt
                0x00002640      0x140 gor_00.o
 .rodata._ZL7npcEnt2
                0x00002780        0x9 gor_00.o
 *fill*         0x00002789        0x3 
 .rodata._ZL6npcEnt
                0x0000278c        0x9 gor_00.o
 .rodata.str1.1
                0x00002795       0x9f gor_01.o
 .rodata._ZL15bomhei_talk_evt
                0x00002834       0x20 gor_01.o
 .rodata._ZL16chusan2_talk_evt
                0x00002854       0x20 gor_01.o
 .rodata._ZL16chusan1_talk_evt
                0x00002874       0x20 gor_01.o
 .rodata._ZL16kuribo3_talk_evt
                0x00002894       0x20 gor_01.o
 .rodata._ZL16kuribo2_talk_evt
                0x000028b4       0x20 gor_01.o
 .rodata._ZL16kuribo1_talk_evt
                0x000028d4       0x20 gor_01.o
 .rodata._ZL15roten2_talk_evt
                0x000028f4       0x20 gor_01.o
 .rodata._ZL15roten1_talk_evt
                0x00002914       0x20 gor_01.o
 .rodata._ZL19shoptender_talk_evt
                0x00002934       0x20 gor_01.o
 .rodata._ZL15kinoji_talk_evt
                0x00002954       0x20 gor_01.o
 .rodata._ZL19bottakuru_init_hook
                0x00002974       0x10 gor_01.o
 .rodata._ZL18bottakuru_init_evt
                0x00002984       0x70 gor_01.o
 .rodata._ZL18marco_init_01_hook
                0x000029f4       0x10 gor_01.o
 .rodata._ZL17marco_init_01_evt
                0x00002a04       0x40 gor_01.o
 .rodata._ZL20badgemaster_talk_evt
                0x00002a44       0x20 gor_01.o
 .rodata._ZL15luigi_init_hook
                0x00002a64       0x10 gor_02.o
 .rodata.str1.1
                0x00002a74      0x22d gor_02.o
 *fill*         0x00002ca1        0x3 
 .rodata._ZL14luigi_init_evt
                0x00002ca4       0x4c gor_02.o
 .rodata._ZL20tozokudan2_talk_hook
                0x00002cf0        0xc gor_02.o
 .rodata._ZL19tozokudan2_talk_evt
                0x00002cfc      0x160 gor_02.o
 .rodata._ZL20tozokudan1_talk_hook
                0x00002e5c        0xc gor_02.o
 .rodata._ZL19tozokudan1_talk_evt
                0x00002e68      0x160 gor_02.o
 .rodata._ZL20kurihakase_init_hook
                0x00002fc8       0x10 gor_02.o
 .rodata._ZL19kurihakase_init_evt
                0x00002fd8      0x294 gor_02.o
 .rodata._ZL19kurihakase_talk_evt
                0x0000326c      0x2cc gor_02.o
 .rodata._ZL22evt_door_02_open_hook2
                0x00003538       0x10 gor_02.o
 .rodata._ZL21evt_door_02_open_evt2
                0x00003548       0xc4 gor_02.o
 .rodata._ZL21evt_door_02_open_hook
                0x0000360c       0x10 gor_02.o
 .rodata._ZL20evt_door_02_open_evt
                0x0000361c      0x184 gor_02.o
 .rodata._ZL21gor_02_init_evt2_hook
                0x000037a0       0x10 gor_02.o
 .rodata._ZL16gor_02_init_evt2
                0x000037b0       0xcc gor_02.o
 .rodata._ZL21gor_02_init_evt1_hook
                0x0000387c       0x10 gor_02.o
 .rodata._ZL16gor_02_init_evt1
                0x0000388c      0x138 gor_02.o
 .rodata._ZL16borodo2_talk_evt
                0x000039c4       0x20 gor_02.o
 .rodata._ZL16borodo1_talk_evt
                0x000039e4       0x20 gor_02.o
 .rodata._ZL15roten3_talk_evt
                0x00003a04       0x20 gor_02.o
 .rodata._ZL16chusan3_talk_evt
                0x00003a24       0x20 gor_02.o
 .rodata._ZL16kuribo4_talk_evt
                0x00003a44       0x20 gor_02.o
 .rodata._ZL20gor_03_init_evt_hook
                0x00003a64       0x10 gor_03.o
 .rodata.str1.1
                0x00003a74      0x100 gor_03.o
 .rodata._ZL19gor_03_init_evt_evt
                0x00003b74      0x160 gor_03.o
 .rodata._ZL16maffia3_talk_evt
                0x00003cd4       0x20 gor_03.o
 .rodata._ZL16maffia2_talk_evt
                0x00003cf4      0x140 gor_03.o
 .rodata._ZL16maffia1_talk_evt
                0x00003e34      0x140 gor_03.o
 .rodata._ZL26maffiaboss_casino_talk_evt
                0x00003f74       0x20 gor_03.o
 .rodata._ZL26maffiaboss_talk_common_evt
                0x00003f94      0x120 gor_03.o
 .rodata._Z17ApplyGor04Patchesv.str1.1
                0x000040b4       0x12 gor_04.o
 .rodata.str1.1
                0x000040c6        0x7 gor_misc.o
 *fill*         0x000040cd        0x3 
 .rodata._ZL9party_evt
                0x000040d0       0x9c gor_misc.o
 .rodata._ZL9goombella
                0x0000416c        0x9 gor_misc.o
 .rodata.str1.1
                0x00004175       0x18 gra.o
 *fill*         0x0000418d        0x3 
 .rodata._ZL17evt_machibuse_evt
                0x00004190       0x4c gra.o
 .rodata._ZL8doopliss
                0x000041dc        0xb gra.o
 *fill*         0x000041e7        0x1 
 .rodata._ZL11stones_hook
                0x000041e8       0x10 hei.o
 .rodata.str1.1
                0x000041f8       0x21 hei.o
 *fill*         0x00004219        0x3 
 .rodata._ZL10stones_evt
                0x0000421c       0xd8 hei.o
 .rodata._ZL13hei_party_evt
                0x000042f4       0x80 hei.o
 .rodata._ZL5koops
                0x00004374        0xb hei.o
 *fill*         0x0000437f        0x1 
 .rodata._ZL20hom_00_init_evt_hook
                0x00004380       0x10 hom.o
 .rodata.str1.1
                0x00004390       0x1f hom.o
 *fill*         0x000043af        0x1 
 .rodata._ZL19hom_00_init_evt_evt
                0x000043b0       0x94 hom.o
 .rodata._ZL20jin_08_init_evt_hook
                0x00004444        0x8 jin.o
 .rodata._ZL19jin_08_init_evt_evt
                0x0000444c       0x1c jin.o
 .rodata._ZL18tenkyugi_evt2_hook
                0x00004468       0x10 las.o
 .rodata.str1.1
                0x00004478       0x68 las.o
 .rodata._ZL17tenkyugi_evt2_evt
                0x000044e0       0x2c las.o
 .rodata._ZL20las_10_init_evt_hook
                0x0000450c       0x10 las.o
 .rodata._ZL19las_10_init_evt_evt
                0x0000451c       0x40 las.o
 .rodata._ZL13stairs_revert
                0x0000455c      0x104 las.o
 .rodata._Z25ApplyItemDataTablePatchesv.str1.1
                0x00004660       0xc2 main.o
 *fill*         0x00004722        0x2 
 .rodata._ZL17main_buy_evt_hook
                0x00004724       0x10 main.o
 .rodata._ZL16main_buy_evt_evt
                0x00004734       0x50 main.o
 .rodata._ZL20mri_09_init_evt_hook
                0x00004784       0x10 mri.o
 .rodata.str1.1
                0x00004794      0x181 mri.o
 *fill*         0x00004915        0x3 
 .rodata._ZL19mri_09_init_evt_evt
                0x00004918      0x14c mri.o
 .rodata._ZL20mri_04_init_evt_hook
                0x00004a64       0x10 mri.o
 .rodata._ZL19mri_04_init_evt_evt
                0x00004a74       0x30 mri.o
 .rodata._ZL16bero_custom_hook
                0x00004aa4       0x10 mri.o
 .rodata._ZL15bero_custom_evt
                0x00004ab4       0x44 mri.o
 .rodata._ZL21mri_01_init_evt_hook2
                0x00004af8       0x10 mri.o
 .rodata._ZL19mri_01_init_evt_evt
                0x00004b08       0x30 mri.o
 .rodata._ZL18puniinfo_talk_hook
                0x00004b38       0x10 mri.o
 .rodata._ZL20mri_03_init_evt_hook
                0x00004b48       0x14 mri.o
 .rodata._ZL22mri_03_init_evt_switch
                0x00004b5c       0x9c mri.o
 .rodata._ZL20mri_01_init_evt_hook
                0x00004bf8       0x14 mri.o
 .rodata._ZL22mri_01_init_evt_switch
                0x00004c0c       0xb0 mri.o
 .rodata._ZL23mri_sister_init_01_hook
                0x00004cbc       0x10 mri.o
 .rodata._ZL22mri_sister_init_01_evt
                0x00004ccc       0xa8 mri.o
 .rodata._ZL16puni_2_init_hook
                0x00004d74       0x10 mri.o
 .rodata._ZL15puni_2_init_evt
                0x00004d84       0x78 mri.o
 .rodata._ZL16puni_1_talk_hook
                0x00004dfc       0x10 mri.o
 .rodata._ZL15puni_1_talk_evt
                0x00004e0c       0xb0 mri.o
 .rodata._ZL16puni_1_init_hook
                0x00004ebc       0x10 mri.o
 .rodata._ZL15puni_1_init_evt
                0x00004ecc       0x78 mri.o
 .rodata._ZL15elder_talk_hook
                0x00004f44       0x10 mri.o
 .rodata._ZL14elder_talk_evt
                0x00004f54       0xb8 mri.o
 .rodata._ZL22mri_elder_init_01_hook
                0x0000500c       0x10 mri.o
 .rodata._ZL21mri_elder_init_01_evt
                0x0000501c       0xcc mri.o
 .rodata._ZL22mri_rival_init_01_hook
                0x000050e8       0x10 mri.o
 .rodata._ZL21mri_rival_init_01_evt
                0x000050f8       0xb8 mri.o
 .rodata._ZL18guide_init_01_hook
                0x000051b0       0x10 mri.o
 .rodata._ZL17guide_init_01_evt
                0x000051c0       0x8c mri.o
 .rodata._ZL15guide_talk_hook
                0x0000524c       0x10 mri.o
 .rodata._ZL14guide_talk_evt
                0x0000525c       0x98 mri.o
 .rodata._ZL18guide_init_00_hook
                0x000052f4       0x10 mri.o
 .rodata._ZL17guide_init_00_evt
                0x00005304      0x150 mri.o
 .rodata._ZL14muj_party_hook
                0x00005454       0x10 muj.o
 .rodata.str1.1
                0x00005464      0x38f muj.o
 *fill*         0x000057f3        0x1 
 .rodata._ZL13muj_party_evt
                0x000057f4       0xac muj.o
 .rodata._ZL22peton_init_muj_01_hook
                0x000058a0       0x10 muj.o
 .rodata._ZL21peton_init_muj_01_evt
                0x000058b0       0x54 muj.o
 .rodata._ZL21mony_init_muj_01_hook
                0x00005904       0x10 muj.o
 .rodata._ZL20mony_init_muj_01_evt
                0x00005914       0x54 muj.o
 .rodata._ZL17koburon_dead_hook
                0x00005968       0x10 muj.o
 .rodata._ZL16koburon_dead_evt
                0x00005978      0x3bc muj.o
 .rodata._ZL20muj_01_init_evt_hook
                0x00005d34       0x10 muj.o
 .rodata._ZL19muj_01_init_evt_evt
                0x00005d44       0x50 muj.o
 .rodata._ZL21borosuifu_b_talk_hook
                0x00005d94       0x10 muj.o
 .rodata._ZL20borosuifu_b_talk_evt
                0x00005da4       0xf8 muj.o
 .rodata._ZL21borosuifu_a_talk_hook
                0x00005e9c       0x10 muj.o
 .rodata._ZL20borosuifu_a_talk_evt
                0x00005eac       0xf8 muj.o
 .rodata._ZL24suifu_d_talk_muj_01_hook
                0x00005fa4       0x10 muj.o
 .rodata._ZL23suifu_d_talk_muj_01_evt
                0x00005fb4       0xf8 muj.o
 .rodata._ZL20suifu_bomb_talk_hook
                0x000060ac       0x10 muj.o
 .rodata._ZL19suifu_bomb_talk_evt
                0x000060bc       0xf4 muj.o
 .rodata._ZL20suifu_bomb_init_hook
                0x000061b0       0x10 muj.o
 .rodata._ZL19suifu_bomb_init_evt
                0x000061c0       0x30 muj.o
 .rodata._ZL24suifu_a_talk_muj_01_hook
                0x000061f0       0x10 muj.o
 .rodata._ZL23suifu_a_talk_muj_01_evt
                0x00006200       0xf4 muj.o
 .rodata._ZL24suifu_a_init_muj_01_hook
                0x000062f4       0x10 muj.o
 .rodata._ZL23suifu_a_init_muj_01_evt
                0x00006304       0x40 muj.o
 .rodata._ZL23odoodo_init_muj_01_hook
                0x00006344       0x10 muj.o
 .rodata._ZL22odoodo_init_muj_01_evt
                0x00006354       0x40 muj.o
 .rodata._ZL23megane_init_muj_01_hook
                0x00006394       0x10 muj.o
 .rodata._ZL22megane_init_muj_01_evt
                0x000063a4       0x40 muj.o
 .rodata._ZL22marco_init_muj_01_hook
                0x000063e4       0x10 muj.o
 .rodata._ZL21marco_init_muj_01_evt
                0x000063f4       0x9c muj.o
 .rodata._ZL25garawaru_talk_muj_01_hook
                0x00006490       0x10 muj.o
 .rodata._ZL24garawaru_talk_muj_01_evt
                0x000064a0      0x4b4 muj.o
 .rodata._ZL25garawaru_init_muj_01_hook
                0x00006954       0x10 muj.o
 .rodata._ZL24garawaru_init_muj_01_evt
                0x00006964       0xd8 muj.o
 .rodata._ZL20muj_00_init_evt_hook
                0x00006a3c       0x44 muj.o
 .rodata._ZL21muj_00_init_evt_evt_2
                0x00006a80       0x70 muj.o
 .rodata._ZL19muj_00_init_evt_evt
                0x00006af0       0x40 muj.o
 .rodata._ZL22peton_talk_muj_00_hook
                0x00006b30       0x10 muj.o
 .rodata._ZL21peton_talk_muj_00_evt
                0x00006b40       0x8c muj.o
 .rodata._ZL21mony_talk_muj_00_hook
                0x00006bcc       0x10 muj.o
 .rodata._ZL20mony_talk_muj_00_evt
                0x00006bdc       0x8c muj.o
 .rodata._ZL17nokorin_talk_hook
                0x00006c68       0x10 nok.o
 .rodata.str1.1
                0x00006c78      0x4b1 nok.o
 *fill*         0x00007129        0x3 
 .rodata._ZL16nokorin_talk_evt
                0x0000712c      0x2f4 nok.o
 .rodata._ZL19boss_noko_talk_hook
                0x00007420       0x10 nok.o
 .rodata._ZL18boss_noko_talk_evt
                0x00007430      0x164 nok.o
 .rodata._ZL20nokonoko_K_talk_hook
                0x00007594       0x10 nok.o
 .rodata._ZL19nokonoko_K_talk_evt
                0x000075a4       0xd4 nok.o
 .rodata._ZL18nokopapa_talk_hook
                0x00007678       0x10 nok.o
 .rodata._ZL17nokopapa_talk_evt
                0x00007688      0x128 nok.o
 .rodata._ZL16monban_talk_hook
                0x000077b0       0x10 nok.o
 .rodata._ZL15monban_talk_evt
                0x000077c0      0x11c nok.o
 .rodata._ZL20nokonoko_I_talk_hook
                0x000078dc       0x10 nok.o
 .rodata._ZL19nokonoko_I_talk_evt
                0x000078ec       0xd4 nok.o
 .rodata._ZL20nokonoko_H_talk_hook
                0x000079c0       0x10 nok.o
 .rodata._ZL19nokonoko_H_talk_evt
                0x000079d0       0xfc nok.o
 .rodata._ZL20nokonoko_G_talk_hook
                0x00007acc       0x10 nok.o
 .rodata._ZL19nokonoko_G_talk_evt
                0x00007adc       0xd4 nok.o
 .rodata._ZL15talk_white_hook
                0x00007bb0       0x10 nok.o
 .rodata._ZL14talk_white_evt
                0x00007bc0       0xa4 nok.o
 .rodata._ZL15init_white_hook
                0x00007c64       0x10 nok.o
 .rodata._ZL14init_white_evt
                0x00007c74       0x44 nok.o
 .rodata._ZL20nokonoko_F_talk_hook
                0x00007cb8       0x10 nok.o
 .rodata._ZL19nokonoko_F_talk_evt
                0x00007cc8       0xd4 nok.o
 .rodata._ZL20nokonoko_D_talk_hook
                0x00007d9c       0x10 nok.o
 .rodata._ZL19nokonoko_D_talk_evt
                0x00007dac       0xfc nok.o
 .rodata._ZL20nokonoko_C_talk_hook
                0x00007ea8       0x10 nok.o
 .rodata._ZL19nokonoko_C_talk_evt
                0x00007eb8       0xd4 nok.o
 .rodata._ZL20nokonoko_B_talk_hook
                0x00007f8c       0x10 nok.o
 .rodata._ZL19nokonoko_B_talk_evt
                0x00007f9c       0xd4 nok.o
 .rodata._ZL20nokonoko_A_talk_hook
                0x00008070       0x10 nok.o
 .rodata._ZL19nokonoko_A_talk_evt
                0x00008080      0x10c nok.o
 .rodata._ZL16pik_00_init_hook
                0x0000818c       0x10 pik.o
 .rodata.str1.1
                0x0000819c      0x166 pik.o
 *fill*         0x00008302        0x2 
 .rodata._ZL19pik_00_init_evt_evt
                0x00008304       0x58 pik.o
 .rodata._ZL31pik_talk_madam_ring_return_hook
                0x0000835c       0x10 pik.o
 .rodata._ZL20talk_madam_ring_item
                0x0000836c       0xb8 pik.o
 .rodata._ZL14evt_daiza_hook
                0x00008424       0x1c pik.o
 .rodata._ZL13evt_daiza_evt
                0x00008440       0x5c pik.o
 .rodata._ZL18pik_evt_powan_hook
                0x0000849c       0x28 pik.o
 .rodata._ZL17pik_evt_powan_evt
                0x000084c4       0x94 pik.o
 .rodata._ZL16takun6_talk_hook
                0x00008558       0x10 pik.o
 .rodata._ZL15takun6_talk_evt
                0x00008568       0x78 pik.o
 .rodata._ZL16takun5_talk_hook
                0x000085e0       0x10 pik.o
 .rodata._ZL15takun5_talk_evt
                0x000085f0       0x78 pik.o
 .rodata._ZL16takun4_talk_hook
                0x00008668       0x10 pik.o
 .rodata._ZL15takun4_talk_evt
                0x00008678       0xb4 pik.o
 .rodata._ZL18miyageya_talk_hook
                0x0000872c       0x28 pik.o
 .rodata._ZL17miyageya_talk_evt
                0x00008754      0x114 pik.o
 .rodata._ZL6madam2
                0x00008868        0x7 pik.o
 *fill*         0x0000886f        0x1 
 .rodata._ZL28talk_madam_ring_return_hook2
                0x00008870       0x10 rsh.o
 .rodata.str1.1
                0x00008880      0x1b8 rsh.o
 .rodata._ZL20talk_madam_ring_item
                0x00008a38       0xbc rsh.o
 .rodata._ZL15talk_madam_hook
                0x00008af4       0x10 rsh.o
 .rodata._ZL28talk_madam_ring_return_hook1
                0x00008b04       0x10 rsh.o
 .rodata._ZL26talk_madam_ring_return_evt
                0x00008b14       0x70 rsh.o
 .rodata._ZL16init_konari_hook
                0x00008b84       0x10 rsh.o
 .rodata._ZL14init_papa_hook
                0x00008b94       0x10 rsh.o
 .rodata._ZL15init_konari_evt
                0x00008ba4       0x9c rsh.o
 .rodata._ZL15init_powan_hook
                0x00008c40       0x10 rsh.o
 .rodata._ZL14init_powan_evt
                0x00008c50       0xec rsh.o
 .rodata._ZL19talk_waitless_hook2
                0x00008d3c       0x10 rsh.o
 .rodata._ZL19talk_waitless_hook1
                0x00008d4c       0x10 rsh.o
 .rodata._ZL17talk_waitless_evt
                0x00008d5c       0x78 rsh.o
 .rodata._ZL21rsh_01_init_evt_hook2
                0x00008dd4       0x10 rsh.o
 .rodata._ZL19rsh_01_init_evt_evt
                0x00008de4       0xd8 rsh.o
 .rodata._ZL20rsh_00_init_evt_hook
                0x00008ebc       0x10 rsh.o
 .rodata._ZL19rsh_00_init_evt_evt
                0x00008ecc       0xb8 rsh.o
 .rodata._ZL20rsh_04_init_evt_hook
                0x00008f84       0x10 rsh.o
 .rodata._ZL20rsh_03_init_evt_hook
                0x00008f94       0x10 rsh.o
 .rodata._ZL20rsh_02_init_evt_hook
                0x00008fa4       0x10 rsh.o
 .rodata._ZL21rsh_01_init_evt_hook1
                0x00008fb4       0x10 rsh.o
 .rodata._ZL19rsh_04_init_evt_evt
                0x00008fc4       0xc0 rsh.o
 .rodata._ZL26rsh_03_init_evt_music_hook
                0x00009084       0x10 rsh.o
 .rodata._ZL21rsh_03_init_evt_music
                0x00009094      0x1f8 rsh.o
 .rodata._ZL26rsh_02_init_evt_music_hook
                0x0000928c       0x10 rsh.o
 .rodata._ZL21rsh_02_init_evt_music
                0x0000929c      0x270 rsh.o
 .rodata._ZL26rsh_01_init_evt_music_hook
                0x0000950c       0x10 rsh.o
 .rodata._ZL21rsh_01_init_evt_music
                0x0000951c      0x1f8 rsh.o
 .rodata._ZL26rsh_00_init_evt_music_hook
                0x00009714       0x10 rsh.o
 .rodata._ZL21rsh_00_init_evt_music
                0x00009724      0x1f8 rsh.o
 .rodata._ZL26rsh_04_init_evt_music_hook
                0x0000991c       0x10 rsh.o
 .rodata._ZL21rsh_04_init_evt_music
                0x0000992c      0x1f8 rsh.o
 .rodata._ZL20rsh_06_init_evt_hook
                0x00009b24       0x10 rsh.o
 .rodata._ZL19rsh_06_init_evt_evt
                0x00009b34      0x178 rsh.o
 .rodata._ZL6madam1
                0x00009cac        0x7 rsh.o
 .rodata.str1.1
                0x00009cb3      0x20a tik.o
 *fill*         0x00009ebd        0x3 
 .rodata._ZL19tik_evt_majin2_item
                0x00009ec0       0xa8 tik.o
 .rodata._ZL21tik_05_init_evt_hook2
                0x00009f68       0x10 tik.o
 .rodata._ZL20tik_05_init_evt_evt2
                0x00009f78       0xa4 tik.o
 .rodata._ZL20tik_05_init_evt_hook
                0x0000a01c       0x10 tik.o
 .rodata._ZL19tik_05_init_evt_evt
                0x0000a02c       0x48 tik.o
 .rodata._ZL24tik_kurihakase_init_hook
                0x0000a074       0x10 tik.o
 .rodata._ZL23tik_kurihakase_init_evt
                0x0000a084       0x8c tik.o
 .rodata._ZL18master_2_talk_hook
                0x0000a110       0x10 tik.o
 .rodata._ZL17master_2_talk_evt
                0x0000a120      0x180 tik.o
 .rodata._ZL17borodo4_talk_hook
                0x0000a2a0       0x10 tik.o
 .rodata._ZL16borodo4_talk_evt
                0x0000a2b0      0x180 tik.o
 .rodata._ZL17borodo3_talk_hook
                0x0000a430       0x10 tik.o
 .rodata._ZL16borodo3_talk_evt
                0x0000a440      0x180 tik.o
 .rodata._ZL17chusan4_talk_hook
                0x0000a5c0       0x10 tik.o
 .rodata._ZL16chusan4_talk_evt
                0x0000a5d0      0x180 tik.o
 .rodata._ZL17kuribo5_talk_hook
                0x0000a750       0x10 tik.o
 .rodata._ZL16kuribo5_talk_evt
                0x0000a760      0x180 tik.o
 .rodata._ZL16hotdog_item_hook
                0x0000a8e0       0x10 tou.o
 .rodata.str1.1
                0x0000a8f0       0x76 tou.o
 *fill*         0x0000a966        0x2 
 .rodata._ZL11hotdog_item
                0x0000a968       0xe8 tou.o
 .rodata._ZL18tou_party_evt_hook
                0x0000aa50       0x10 tou.o
 .rodata._ZL13tou_party_evt
                0x0000aa60       0x5c tou.o
 .rodata._ZL20tou_04_init_evt_hook
                0x0000aabc       0x10 tou.o
 .rodata._ZL19tou_04_init_evt_evt
                0x0000aacc       0x78 tou.o
 .rodata._ZL14yoshi_gswf_evt
                0x0000ab44       0x14 tou.o
 .rodata._ZL15jolene_egg_hook
                0x0000ab58       0x10 tou.o
 .rodata._ZL14jolene_egg_evt
                0x0000ab68      0x220 tou.o
 .rodata._ZL16talk_sakaba_hook
                0x0000ad88       0x10 tou.o
 .rodata._ZL15talk_sakaba_evt
                0x0000ad98       0x84 tou.o
 .rodata._ZL6jolene
                0x0000ae1c        0xb tou.o
 .rodata.str1.1
                0x0000ae27      0x49e usu.o
 *fill*         0x0000b2c5        0x3 
 .rodata._ZL19usu_evt_majin2_item
                0x0000b2c8       0xa8 usu.o
 .rodata._ZL18usu_party_evt_hook
                0x0000b370       0x10 usu.o
 .rodata._ZL13usu_party_evt
                0x0000b380       0xc8 usu.o
 .rodata._ZL23village_chief_init_hook
                0x0000b448       0x10 usu.o
 .rodata._ZL22village_chief_init_evt
                0x0000b458       0x58 usu.o
 .rodata._ZL27village_chief_pig_init_hook
                0x0000b4b0       0x10 usu.o
 .rodata._ZL26village_chief_pig_init_evt
                0x0000b4c0       0x70 usu.o
 .rodata._ZL23village_chief_talk_hook
                0x0000b530       0x10 usu.o
 .rodata._ZL22village_chief_talk_evt
                0x0000b540      0x1c8 usu.o
 .rodata._ZL20gatekeeper_init_hook
                0x0000b708       0x10 usu.o
 .rodata._ZL19gatekeeper_init_evt
                0x0000b718       0x8c usu.o
 .rodata._ZL24gatekeeper_pig_init_hook
                0x0000b7a4       0x10 usu.o
 .rodata._ZL23gatekeeper_pig_init_evt
                0x0000b7b4       0x78 usu.o
 .rodata._ZL20gatekeeper_talk_hook
                0x0000b82c       0x10 usu.o
 .rodata._ZL19gatekeeper_talk_evt
                0x0000b83c      0x114 usu.o
 .rodata._ZL20usu_00_init_evt_hook
                0x0000b950       0x14 usu.o
 .rodata._ZL19usu_00_init_evt_evt
                0x0000b964       0x5c usu.o
 .rodata._ZL20shop_woman_talk_hook
                0x0000b9c0       0x10 usu.o
 .rodata._ZL19shop_woman_talk_evt
                0x0000b9d0       0x78 usu.o
 .rodata._ZL18shop_man_talk_hook
                0x0000ba48       0x10 usu.o
 .rodata._ZL17shop_man_talk_evt
                0x0000ba58       0x78 usu.o
 .rodata._ZL19villagerJ_talk_hook
                0x0000bad0       0x10 usu.o
 .rodata._ZL18villagerJ_talk_evt
                0x0000bae0      0x104 usu.o
 .rodata._ZL19villagerI_talk_hook
                0x0000bbe4       0x10 usu.o
 .rodata._ZL18villagerI_talk_evt
                0x0000bbf4      0x104 usu.o
 .rodata._ZL19villagerH_talk_hook
                0x0000bcf8       0x10 usu.o
 .rodata._ZL18villagerH_talk_evt
                0x0000bd08       0xd0 usu.o
 .rodata._ZL19villagerG_talk_hook
                0x0000bdd8       0x10 usu.o
 .rodata._ZL18villagerG_talk_evt
                0x0000bde8       0xf0 usu.o
 .rodata._ZL19villagerF_talk_hook
                0x0000bed8       0x10 usu.o
 .rodata._ZL18villagerF_talk_evt
                0x0000bee8       0xf0 usu.o
 .rodata._ZL19villagerK_talk_hook
                0x0000bfd8       0x10 usu.o
 .rodata._ZL18villagerK_talk_evt
                0x0000bfe8      0x130 usu.o
 .rodata._ZL19villagerE_talk_hook
                0x0000c118       0x10 usu.o
 .rodata._ZL18villagerE_talk_evt
                0x0000c128      0x130 usu.o
 .rodata._ZL19villagerD_talk_hook
                0x0000c258       0x10 usu.o
 .rodata._ZL18villagerD_talk_evt
                0x0000c268      0x194 usu.o
 .rodata._ZL19villagerC_talk_hook
                0x0000c3fc       0x10 usu.o
 .rodata._ZL18villagerC_talk_evt
                0x0000c40c       0xfc usu.o
 .rodata._ZL19villagerB_talk_hook
                0x0000c508       0x10 usu.o
 .rodata._ZL18villagerB_talk_evt
                0x0000c518       0xfc usu.o
 .rodata._ZL19villagerA_talk_hook
                0x0000c614       0x10 usu.o
 .rodata._ZL18villagerA_talk_evt
                0x0000c624      0x130 usu.o
 .rodata._ZL19villagerA_init_hook
                0x0000c754       0x10 usu.o
 .rodata._ZL18villagerA_init_evt
                0x0000c764       0x6c usu.o
 .rodata._ZL6vivian
                0x0000c7d0        0x9 usu.o
 *fill*         0x0000c7d9        0x3 
 .rodata._ZL5mayor
                0x0000c7dc        0x5 usu.o
 *fill*         0x0000c7e1        0x3 
 .rodata._ZL9mayor_pig
                0x0000c7e4        0x9 usu.o
 *fill*         0x0000c7ed        0x3 
 .rodata._ZL8doopliss
                0x0000c7f0        0xb usu.o
 *fill*         0x0000c7fb        0x1 
 .rodata._ZL10gatekeeper
                0x0000c7fc        0x5 usu.o
 *fill*         0x0000c801        0x3 
 .rodata._ZL14gatekeeper_pig
                0x0000c804        0x9 usu.o
 *fill*         0x0000c80d        0x3 
 .rodata._ZL12usuVillagerA
                0x0000c810        0x7 usu.o
 *fill*         0x0000c817        0x1 
 .rodata._ZL14win_party_hook
                0x0000c818       0x10 win.o
 .rodata.str1.1
                0x0000c828       0x36 win.o
 *fill*         0x0000c85e        0x2 
 .rodata._ZL13win_party_evt
                0x0000c860       0xf0 win.o
 .rodata._ZL20win_00_init_evt_hook
                0x0000c950       0x10 win.o
 .rodata._ZL19win_00_init_evt_evt
                0x0000c960       0x30 win.o
 .rodata._ZL17majorin_init_hook
                0x0000c990       0x10 win.o
 .rodata._ZL16majorin_init_evt
                0x0000c9a0       0x30 win.o
 .rodata._ZL17maririn_init_hook
                0x0000c9d0       0x10 win.o
 .rodata._ZL16maririn_init_evt
                0x0000c9e0       0x30 win.o
 .rodata._ZL20win_vivian_init_hook
                0x0000ca10       0x10 win.o
 .rodata._ZL19win_vivian_init_evt
                0x0000ca20       0x98 win.o
 .rodata._ZL7flurrie
                0x0000cab8        0x9 win.o
 *(.gnu.linkonce.r.*)

.rodata1
 *(.rodata1)

.sdata2         0x0000cac1        0x0
                [!provide]                        PROVIDE (_SDA2_BASE_ = .)
 *(.sdata2)
 *(.sdata2.*)
 *(.gnu.linkonce.s2.*)

.sbss2
 *(.sbss2)
 *(.sbss2.*)
 *(.gnu.linkonce.sb2.*)
                0x0000cac4                        . = ALIGN (0x4)
                [!provide]                        PROVIDE (__preinit_array_start = .)

.preinit_array
 *(.preinit_array)
                [!provide]                        PROVIDE (__preinit_array_end = .)
                [!provide]                        PROVIDE (__init_array_start = .)

.init_array
 *(.init_array)
                [!provide]                        PROVIDE (__init_array_end = .)
                [!provide]                        PROVIDE (__fini_array_start = .)

.fini_array
 *(.fini_array)
                [!provide]                        PROVIDE (__fini_array_end = .)

.data           0x0000cac4      0x2fc
 *(.data)
 *(.data.*)
 .data._ZN3mod6common12kItemDataArrE
                0x0000cac4        0x4 common.o
                0x0000cac4                _ZN3mod6common12kItemDataArrE
 .data.errorTextPosY
                0x0000cac8        0x4 errorHandling.o
                0x0000cac8                errorTextPosY
 .data._ZL16gor_00_init_evt2
                0x0000cacc      0x2bc gor_00.o
 .data.shopWorkPtr
                0x0000cd88        0x4 main.o
                0x0000cd88                shopWorkPtr
 .data.goods    0x0000cd8c       0x28 main.o
                0x0000cd8c                goods
 *(.gnu.linkonce.d.*)
                0x0000cdc0                        . = ALIGN (0x20)
 *fill*         0x0000cdb4        0xc 

.data1
 *(.data1)

.tdata
 *(.tdata .tdata.* .gnu.linkonce.td.*)

.tbss
 *(.tbss .tbss.* .gnu.linkonce.tb.*)
 *(.tcommon)

.eh_frame       0x0000cdc0     0x1a14
 *(.eh_frame)
 .eh_frame      0x0000cdc0      0x2c0 OWR.o
 .eh_frame      0x0000d080       0x28 StateManager.o
                                 0x3c (size before relaxing)
 .eh_frame      0x0000d0a8        0x0 common.o
                                 0xc8 (size before relaxing)
 .eh_frame      0x0000d0a8       0x68 con_mario.o
 .eh_frame      0x0000d110       0x68 con_perf.o
 .eh_frame      0x0000d178       0xa0 con_seq.o
 .eh_frame      0x0000d218      0x2ec console.o
                                0x310 (size before relaxing)
 .eh_frame      0x0000d504       0x64 cxx.o
                                 0x8c (size before relaxing)
 .eh_frame      0x0000d568      0x26c errorHandling.o
 .eh_frame      0x0000d7d4      0x130 gamePatches.o
 .eh_frame      0x0000d904       0xa4 keyboard.o
                                 0xcc (size before relaxing)
 .eh_frame      0x0000d9a8       0xfc mod.o
                                0x110 (size before relaxing)
 .eh_frame      0x0000daa4      0x114 patch.o
                                0x18c (size before relaxing)
 .eh_frame      0x0000dbb8       0x5c printf.o
 .eh_frame      0x0000dc14       0x7c rel.o
 .eh_frame      0x0000dc90       0x98 ug.o
 .eh_frame      0x0000dd28       0xdc util.o
                                0x100 (size before relaxing)
 .eh_frame      0x0000de04       0x28 aaa.o
 .eh_frame      0x0000de2c       0x94 aji.o
 .eh_frame      0x0000dec0       0x28 bom.o
 .eh_frame      0x0000dee8       0x3c dou.o
 .eh_frame      0x0000df24       0x40 eki.o
 .eh_frame      0x0000df64       0x28 end.o
 .eh_frame      0x0000df8c       0x40 gon.o
 .eh_frame      0x0000dfcc       0x74 gor_00.o
 .eh_frame      0x0000e040       0x48 gor_01.o
 .eh_frame      0x0000e088       0x50 gor_02.o
 .eh_frame      0x0000e0d8       0x50 gor_03.o
 .eh_frame      0x0000e128       0x38 gor_04.o
 .eh_frame      0x0000e160       0x54 gor_misc.o
 .eh_frame      0x0000e1b4       0x40 gra.o
 .eh_frame      0x0000e1f4       0x4c hei.o
 .eh_frame      0x0000e240       0x38 hom.o
 .eh_frame      0x0000e278       0x40 jin.o
 .eh_frame      0x0000e2b8       0x28 kpa.o
 .eh_frame      0x0000e2e0       0x50 las.o
 .eh_frame      0x0000e330       0xbc main.o
 .eh_frame      0x0000e3ec        0x0 moo.o
                                 0x28 (size before relaxing)
 .eh_frame      0x0000e3ec       0x68 mri.o
 .eh_frame      0x0000e454       0x6c muj.o
 .eh_frame      0x0000e4c0       0x4c nok.o
 .eh_frame      0x0000e50c       0x54 pik.o
 .eh_frame      0x0000e560       0x6c rsh.o
 .eh_frame      0x0000e5cc       0xb8 tik.o
 .eh_frame      0x0000e684       0x6c tou.o
 .eh_frame      0x0000e6f0       0x28 tou2.o
 .eh_frame      0x0000e718       0x68 usu.o
 .eh_frame      0x0000e780       0x54 win.o

.gcc_except_table
 *(.gcc_except_table)

.fixup
 *(.fixup)

.got1
 *(.got1)

.got2
 *(.got2)

.dynamic
 *(.dynamic)

.ctors          0x0000e7d4       0x2c
 *crtbegin.o(.ctors)
 *(EXCLUDE_FILE(*crtend.o) .ctors)
 .ctors         0x0000e7d4        0x4 OWR.o
 .ctors         0x0000e7d8        0x4 con_mario.o
 .ctors         0x0000e7dc        0x4 con_perf.o
 .ctors         0x0000e7e0        0x4 con_seq.o
 .ctors         0x0000e7e4        0x4 console.o
 .ctors         0x0000e7e8        0x4 errorHandling.o
 .ctors         0x0000e7ec        0x4 gor_00.o
 *(SORT_BY_NAME(.ctors.*))
 *(.ctors)
                0x0000e800                        . = ALIGN (0x20)
 *fill*         0x0000e7f0       0x10 

.dtors          0x0000e800       0x20
 *crtbegin.o(.dtors)
 *(EXCLUDE_FILE(*crtend.o) .dtors)
 .dtors         0x0000e800        0x4 errorHandling.o
 *(SORT_BY_NAME(.dtors.*))
 *(.dtors)
                0x0000e820                        . = ALIGN (0x20)
 *fill*         0x0000e804       0x1c 

.jcr
 *(.jcr)

.got
 *(.got.plt)
 *(.got)

.sdata          0x0000e820        0x0
                [!provide]                        PROVIDE (_SDA_BASE_ = .)
 *(.sdata)
 *(.sdata.*)
 *(.gnu.linkonce.s.*)
                0x0000e820                        . = ALIGN (0x20)
                0x0000e820                        _edata = .
                [!provide]                        PROVIDE (edata = .)

.sbss           0x0000e820        0x0
                0x0000e820                        __sbss_start = .
                [!provide]                        PROVIDE (__sbss_start = .)
                [!provide]                        PROVIDE (___sbss_start = .)
 *(.dynsbss)
 *(.sbss)
 *(.sbss.*)
 *(.gnu.linkonce.sb.*)
 *(.scommon)
                [!provide]                        PROVIDE (__sbss_end = .)
                [!provide]                        PROVIDE (___sbss_end = .)
                0x0000e820                        . = ALIGN (0x20)
                0x0000e820                        __sbss_end = .

.bss            0x0000e820      0x180
                0x0000e820                        __bss_start = .
                [!provide]                        PROVIDE (__bss_start = .)
 *(.dynbss)
 *(.bss)
 *(.bss.*)
 .bss._ZN3mod3owr22g_msgSearch_trampolineE
                0x0000e820        0x4 OWR.o
                0x0000e820                _ZN3mod3owr22g_msgSearch_trampolineE
 .bss._ZN3mod3owr31g_evt_mario_set_pose_trampolineE
                0x0000e824        0x4 OWR.o
                0x0000e824                _ZN3mod3owr31g_evt_mario_set_pose_trampolineE
 .bss._ZN3mod3owr30g_partySetForceMove_trampolineE
                0x0000e828        0x4 OWR.o
                0x0000e828                _ZN3mod3owr30g_partySetForceMove_trampolineE
 .bss._ZN3mod3owr28g_pouchRemoveItem_trampolineE
                0x0000e82c        0x4 OWR.o
                0x0000e82c                _ZN3mod3owr28g_pouchRemoveItem_trampolineE
 .bss._ZN3mod3owr25g_pouchGetItem_trampolineE
                0x0000e830        0x4 OWR.o
                0x0000e830                _ZN3mod3owr25g_pouchGetItem_trampolineE
 .bss._ZN3mod3owr22g_seqSetSeq_trampolineE
                0x0000e834        0x4 OWR.o
                0x0000e834                _ZN3mod3owr22g_seqSetSeq_trampolineE
 .bss._ZN3mod3owr19g_OSLink_trampolineE
                0x0000e838        0x4 OWR.o
                0x0000e838                _ZN3mod3owr19g_OSLink_trampolineE
 .bss._ZN3mod3owr6gStateE
                0x0000e83c        0x4 OWR.o
                0x0000e83c                _ZN3mod3owr6gStateE
 .bss._ZN3mod3owr5gSelfE
                0x0000e840        0x4 OWR.o
                0x0000e840                _ZN3mod3owr5gSelfE
 .bss._ZN3mod3owr7item_dbE
                0x0000e844        0x4 OWR.o
                0x0000e844                _ZN3mod3owr7item_dbE
 .bss.gState    0x0000e848        0x4 StateManager.o
                0x0000e848                gState
 .bss._ZN3modL12mod_if_obj24E
                0x0000e84c        0x8 con_mario.o
 .bss._ZN3mod14mario_show_posE
                0x0000e854       0x10 con_mario.o
                0x0000e854                _ZN3mod14mario_show_posE
 .bss._ZN3mod13mario_set_posE
                0x0000e864        0xc con_mario.o
                0x0000e864                _ZN3mod13mario_set_posE
 .bss._ZN3modL12mod_if_obj51E
                0x0000e870        0x8 con_perf.o
 .bss._ZN3mod14mem_debug_heapE
                0x0000e878       0x10 con_perf.o
                0x0000e878                _ZN3mod14mem_debug_heapE
 .bss._ZN3mod15perf_fake_spikeE
                0x0000e888        0xc con_perf.o
                0x0000e888                _ZN3mod15perf_fake_spikeE
 .bss._ZN3mod14seq_change_mapE
                0x0000e894        0xc con_seq.o
                0x0000e894                _ZN3mod14seq_change_mapE
 .bss._ZN3modL12mod_if_obj16E
                0x0000e8a0        0x8 con_seq.o
 .bss._ZN3mod24gTrampoline_seq_logoMainE
                0x0000e8a8        0x4 con_seq.o
                0x0000e8a8                _ZN3mod24gTrampoline_seq_logoMainE
 .bss._ZN3mod13seq_logo_skipE
                0x0000e8ac       0x10 con_seq.o
                0x0000e8ac                _ZN3mod13seq_logo_skipE
 .bss._ZN3mod4findE
                0x0000e8bc        0xc console.o
                0x0000e8bc                _ZN3mod4findE
 .bss._ZN3mod11con_ug_chanE
                0x0000e8c8       0x10 console.o
                0x0000e8c8                _ZN3mod11con_ug_chanE
 .bss._ZN3mod11con_ug_modeE
                0x0000e8d8       0x10 console.o
                0x0000e8d8                _ZN3mod11con_ug_modeE
 .bss._ZN3mod21con_log_fade_durationE
                0x0000e8e8       0x10 console.o
                0x0000e8e8                _ZN3mod21con_log_fade_durationE
 .bss._ZN3mod18con_log_fade_startE
                0x0000e8f8       0x10 console.o
                0x0000e8f8                _ZN3mod18con_log_fade_startE
 .bss._ZN3mod12con_log_fadeE
                0x0000e908       0x10 console.o
                0x0000e908                _ZN3mod12con_log_fadeE
 .bss._ZN3mod13con_log_levelE
                0x0000e918       0x10 console.o
                0x0000e918                _ZN3mod13con_log_levelE
 .bss._ZN3mod11con_rainbowE
                0x0000e928       0x10 console.o
                0x0000e928                _ZN3mod11con_rainbowE
 .bss._ZN3mod8con_monoE
                0x0000e938       0x10 console.o
                0x0000e938                _ZN3mod8con_monoE
 .bss._ZN3mod8con_showE
                0x0000e948       0x10 console.o
                0x0000e948                _ZN3mod8con_showE
 .bss._ZN3mod8gConsoleE
                0x0000e958        0x4 console.o
                0x0000e958                _ZN3mod8gConsoleE
 .bss._ZN3mod9ConIntVar6sFirstE
                0x0000e95c        0x4 console.o
                0x0000e95c                _ZN3mod9ConIntVar6sFirstE
 .bss._ZN3mod10ConCommand6sFirstE
                0x0000e960        0x4 console.o
                0x0000e960                _ZN3mod10ConCommand6sFirstE
 .bss.g_animPoseMain_trampoline
                0x0000e964        0x4 errorHandling.o
                0x0000e964                g_animPoseMain_trampoline
 .bss.g_npcNameToPtr_trampoline
                0x0000e968        0x4 errorHandling.o
                0x0000e968                g_npcNameToPtr_trampoline
 .bss.heapCorruptionInfo
                0x0000e96c        0x8 errorHandling.o
                0x0000e96c                heapCorruptionInfo
 .bss.animPoseMainErrorInfo
                0x0000e974        0x4 errorHandling.o
                0x0000e974                animPoseMainErrorInfo
 .bss.npcNameToPtrErrorInfo
                0x0000e978        0x4 errorHandling.o
                0x0000e978                npcNameToPtrErrorInfo
 .bss._ZN3mod4gModE
                0x0000e97c        0x4 mod.o
                0x0000e97c                _ZN3mod4gModE
 .bss._ZN17ModUpdateFunction6sFirstE
                0x0000e980        0x4 mod.o
                0x0000e980                _ZN17ModUpdateFunction6sFirstE
 .bss._ZN15ModInitFunction6sFirstE
                0x0000e984        0x4 mod.o
                0x0000e984                _ZN15ModInitFunction6sFirstE
 *(.gnu.linkonce.b.*)
 *(COMMON)
                0x0000e9a0                        . = ALIGN (0x20)
 *fill*         0x0000e988       0x18 
                [!provide]                        PROVIDE (__bss_end = .)
                0x0000e9a0                        __bss_end = .
                0x0000e9a0                        _end = .
                [!provide]                        PROVIDE (end = .)

.bss._ZZNK3mod14seq_change_mapMUlPKcE_clES2_E8beroName
                0x00000000       0x20
 .bss._ZZNK3mod14seq_change_mapMUlPKcE_clES2_E8beroName
                0x00000000       0x20 con_seq.o
                0x00000000                _ZZNK3mod14seq_change_mapMUlPKcE_clES1_E8beroName
                0x00000000                _ZZNK3mod14seq_change_mapMUlPKcE_clES2_E8beroName

.bss._ZZNK3mod14seq_change_mapMUlPKcE_clES2_E7mapName
                0x00000000       0x20
 .bss._ZZNK3mod14seq_change_mapMUlPKcE_clES2_E7mapName
                0x00000000       0x20 con_seq.o
                0x00000000                _ZZNK3mod14seq_change_mapMUlPKcE_clES2_E7mapName
                0x00000000                _ZZNK3mod14seq_change_mapMUlPKcE_clES1_E7mapName

.stab
 *(.stab)

.stabstr
 *(.stabstr)

.stab.excl
 *(.stab.excl)

.stab.exclstr
 *(.stab.exclstr)

.stab.index
 *(.stab.index)

.stab.indexstr
 *(.stab.indexstr)

.comment        0x00000000      0x6c0
 *(.comment)
 .comment       0x00000000       0x24 OWR.o
 .comment       0x00000024       0x24 StateManager.o
 .comment       0x00000048       0x24 common.o
 .comment       0x0000006c       0x24 con_mario.o
 .comment       0x00000090       0x24 con_perf.o
 .comment       0x000000b4       0x24 con_seq.o
 .comment       0x000000d8       0x24 console.o
 .comment       0x000000fc       0x24 cxx.o
 .comment       0x00000120       0x24 errorHandling.o
 .comment       0x00000144       0x24 gamePatches.o
 .comment       0x00000168       0x24 keyboard.o
 .comment       0x0000018c       0x24 mod.o
 .comment       0x000001b0       0x24 patch.o
 .comment       0x000001d4       0x24 printf.o
 .comment       0x000001f8       0x24 rel.o
 .comment       0x0000021c       0x24 ug.o
 .comment       0x00000240       0x24 util.o
 .comment       0x00000264       0x24 aaa.o
 .comment       0x00000288       0x24 aji.o
 .comment       0x000002ac       0x24 bom.o
 .comment       0x000002d0       0x24 dou.o
 .comment       0x000002f4       0x24 eki.o
 .comment       0x00000318       0x24 end.o
 .comment       0x0000033c       0x24 gon.o
 .comment       0x00000360       0x24 gor_00.o
 .comment       0x00000384       0x24 gor_01.o
 .comment       0x000003a8       0x24 gor_02.o
 .comment       0x000003cc       0x24 gor_03.o
 .comment       0x000003f0       0x24 gor_04.o
 .comment       0x00000414       0x24 gor_misc.o
 .comment       0x00000438       0x24 gra.o
 .comment       0x0000045c       0x24 hei.o
 .comment       0x00000480       0x24 hom.o
 .comment       0x000004a4       0x24 jin.o
 .comment       0x000004c8       0x24 kpa.o
 .comment       0x000004ec       0x24 las.o
 .comment       0x00000510       0x24 main.o
 .comment       0x00000534       0x24 moo.o
 .comment       0x00000558       0x24 mri.o
 .comment       0x0000057c       0x24 muj.o
 .comment       0x000005a0       0x24 nok.o
 .comment       0x000005c4       0x24 pik.o
 .comment       0x000005e8       0x24 rsh.o
 .comment       0x0000060c       0x24 tik.o
 .comment       0x00000630       0x24 tou.o
 .comment       0x00000654       0x24 tou2.o
 .comment       0x00000678       0x24 usu.o
 .comment       0x0000069c       0x24 win.o

.gnu.attributes
                0x00000000       0x10
 .gnu.attributes
                0x00000000       0x10 OWR.o
 .gnu.attributes
                0x00000010       0x10 common.o
 .gnu.attributes
                0x00000020       0x10 con_mario.o
 .gnu.attributes
                0x00000030       0x10 con_perf.o
 .gnu.attributes
                0x00000040       0x10 console.o
 .gnu.attributes
                0x00000050       0x10 errorHandling.o
 .gnu.attributes
                0x00000060       0x10 mod.o
 .gnu.attributes
                0x00000070       0x10 printf.o
 .gnu.attributes
                0x00000080       0x10 util.o

.group          0x00000000        0xc
 .group         0x00000000        0xc con_mario.o

.group          0x00000000        0xc
 .group         0x00000000        0xc con_perf.o

.group          0x00000000        0xc
 .group         0x00000000        0xc con_seq.o

.group          0x00000000        0x8
 .group         0x00000000        0x8 con_seq.o

.group          0x00000000        0x8
 .group         0x00000000        0x8 con_seq.o

.group          0x00000000        0xc
 .group         0x00000000        0xc console.o

.group          0x00000000        0xc
 .group         0x00000000        0xc errorHandling.o

.debug
 *(.debug)

.line
 *(.line)

.debug_srcinfo
 *(.debug_srcinfo)

.debug_sfnames
 *(.debug_sfnames)

.debug_aranges  0x00000000      0x9b8
 *(.debug_aranges)
 .debug_aranges
                0x00000000       0xa0 OWR.o
 .debug_aranges
                0x000000a0       0x28 StateManager.o
 .debug_aranges
                0x000000c8       0x60 common.o
 .debug_aranges
                0x00000128       0x30 con_mario.o
 .debug_aranges
                0x00000158       0x30 con_perf.o
 .debug_aranges
                0x00000188       0x38 con_seq.o
 .debug_aranges
                0x000001c0       0xa8 console.o
 .debug_aranges
                0x00000268       0x48 cxx.o
 .debug_aranges
                0x000002b0       0x98 errorHandling.o
 .debug_aranges
                0x00000348       0x50 gamePatches.o
 .debug_aranges
                0x00000398       0x40 keyboard.o
 .debug_aranges
                0x000003d8       0x58 mod.o
 .debug_aranges
                0x00000430       0x80 patch.o
 .debug_aranges
                0x000004b0       0x28 printf.o
 .debug_aranges
                0x000004d8       0x30 rel.o
 .debug_aranges
                0x00000508       0x38 ug.o
 .debug_aranges
                0x00000540       0x50 util.o
 .debug_aranges
                0x00000590       0x20 aaa.o
 .debug_aranges
                0x000005b0       0x28 aji.o
 .debug_aranges
                0x000005d8       0x20 bom.o
 .debug_aranges
                0x000005f8       0x20 dou.o
 .debug_aranges
                0x00000618       0x20 eki.o
 .debug_aranges
                0x00000638       0x20 end.o
 .debug_aranges
                0x00000658       0x20 gon.o
 .debug_aranges
                0x00000678       0x28 gor_00.o
 .debug_aranges
                0x000006a0       0x20 gor_01.o
 .debug_aranges
                0x000006c0       0x20 gor_02.o
 .debug_aranges
                0x000006e0       0x20 gor_03.o
 .debug_aranges
                0x00000700       0x20 gor_04.o
 .debug_aranges
                0x00000720       0x28 gor_misc.o
 .debug_aranges
                0x00000748       0x20 gra.o
 .debug_aranges
                0x00000768       0x20 hei.o
 .debug_aranges
                0x00000788       0x20 hom.o
 .debug_aranges
                0x000007a8       0x20 jin.o
 .debug_aranges
                0x000007c8       0x20 kpa.o
 .debug_aranges
                0x000007e8       0x20 las.o
 .debug_aranges
                0x00000808       0x40 main.o
 .debug_aranges
                0x00000848       0x20 moo.o
 .debug_aranges
                0x00000868       0x20 mri.o
 .debug_aranges
                0x00000888       0x20 muj.o
 .debug_aranges
                0x000008a8       0x20 nok.o
 .debug_aranges
                0x000008c8       0x20 pik.o
 .debug_aranges
                0x000008e8       0x20 rsh.o
 .debug_aranges
                0x00000908       0x30 tik.o
 .debug_aranges
                0x00000938       0x20 tou.o
 .debug_aranges
                0x00000958       0x20 tou2.o
 .debug_aranges
                0x00000978       0x20 usu.o
 .debug_aranges
                0x00000998       0x20 win.o

.debug_pubnames
 *(.debug_pubnames)

.debug_info     0x00000000    0x43018
 *(.debug_info)
 .debug_info    0x00000000     0x6a94 OWR.o
 .debug_info    0x00006a94      0x3bd StateManager.o
 .debug_info    0x00006e51      0xf83 common.o
 .debug_info    0x00007dd4     0x2443 con_mario.o
 .debug_info    0x0000a217     0x211f con_perf.o
 .debug_info    0x0000c336     0x20e3 con_seq.o
 .debug_info    0x0000e419     0x3a79 console.o
 .debug_info    0x00011e92      0x407 cxx.o
 .debug_info    0x00012299     0x3b05 errorHandling.o
 .debug_info    0x00015d9e     0x2c19 gamePatches.o
 .debug_info    0x000189b7      0xe4d keyboard.o
 .debug_info    0x00019804     0x33aa mod.o
 .debug_info    0x0001cbae      0xe1b patch.o
 .debug_info    0x0001d9c9      0x580 printf.o
 .debug_info    0x0001df49      0x103 rel.o
 .debug_info    0x0001e04c      0x77f ug.o
 .debug_info    0x0001e7cb      0x9c5 util.o
 .debug_info    0x0001f190      0x2f9 aaa.o
 .debug_info    0x0001f489     0x1b8f aji.o
 .debug_info    0x00021018      0x411 bom.o
 .debug_info    0x00021429     0x1155 dou.o
 .debug_info    0x0002257e      0xbf0 eki.o
 .debug_info    0x0002316e      0x2ef end.o
 .debug_info    0x0002345d     0x11c9 gon.o
 .debug_info    0x00024626     0x1ee5 gor_00.o
 .debug_info    0x0002650b     0x1260 gor_01.o
 .debug_info    0x0002776b     0x189e gor_02.o
 .debug_info    0x00029009      0xc4f gor_03.o
 .debug_info    0x00029c58      0x75c gor_04.o
 .debug_info    0x0002a3b4     0x1149 gor_misc.o
 .debug_info    0x0002b4fd      0x857 gra.o
 .debug_info    0x0002bd54     0x13df hei.o
 .debug_info    0x0002d133      0x9ea hom.o
 .debug_info    0x0002db1d      0x4da jin.o
 .debug_info    0x0002dff7      0x335 kpa.o
 .debug_info    0x0002e32c      0xd9f las.o
 .debug_info    0x0002f0cb     0x38a3 main.o
 .debug_info    0x0003296e      0x97f moo.o
 .debug_info    0x000332ed     0x1dba mri.o
 .debug_info    0x000350a7     0x1e09 muj.o
 .debug_info    0x00036eb0     0x15d2 nok.o
 .debug_info    0x00038482     0x16cd pik.o
 .debug_info    0x00039b4f     0x1e36 rsh.o
 .debug_info    0x0003b985     0x2464 tik.o
 .debug_info    0x0003dde9     0x1bc4 tou.o
 .debug_info    0x0003f9ad      0x411 tou2.o
 .debug_info    0x0003fdbe     0x1ea6 usu.o
 .debug_info    0x00041c64     0x13b4 win.o

.debug_abbrev   0x00000000     0x86f8
 *(.debug_abbrev)
 .debug_abbrev  0x00000000      0x860 OWR.o
 .debug_abbrev  0x00000860      0x17e StateManager.o
 .debug_abbrev  0x000009de      0x217 common.o
 .debug_abbrev  0x00000bf5      0x60c con_mario.o
 .debug_abbrev  0x00001201      0x64d con_perf.o
 .debug_abbrev  0x0000184e      0x67c con_seq.o
 .debug_abbrev  0x00001eca      0x940 console.o
 .debug_abbrev  0x0000280a      0x1a8 cxx.o
 .debug_abbrev  0x000029b2      0x78c errorHandling.o
 .debug_abbrev  0x0000313e      0x4a8 gamePatches.o
 .debug_abbrev  0x000035e6      0x32f keyboard.o
 .debug_abbrev  0x00003915      0x74f mod.o
 .debug_abbrev  0x00004064      0x21e patch.o
 .debug_abbrev  0x00004282      0x1d5 printf.o
 .debug_abbrev  0x00004457       0xf0 rel.o
 .debug_abbrev  0x00004547      0x1bf ug.o
 .debug_abbrev  0x00004706      0x21e util.o
 .debug_abbrev  0x00004924       0xcc aaa.o
 .debug_abbrev  0x000049f0      0x2a4 aji.o
 .debug_abbrev  0x00004c94       0xcc bom.o
 .debug_abbrev  0x00004d60      0x1f2 dou.o
 .debug_abbrev  0x00004f52      0x1d6 eki.o
 .debug_abbrev  0x00005128       0xcc end.o
 .debug_abbrev  0x000051f4      0x1e3 gon.o
 .debug_abbrev  0x000053d7      0x260 gor_00.o
 .debug_abbrev  0x00005637      0x21d gor_01.o
 .debug_abbrev  0x00005854      0x244 gor_02.o
 .debug_abbrev  0x00005a98      0x1e3 gor_03.o
 .debug_abbrev  0x00005c7b      0x191 gor_04.o
 .debug_abbrev  0x00005e0c      0x2a0 gor_misc.o
 .debug_abbrev  0x000060ac      0x1c2 gra.o
 .debug_abbrev  0x0000626e      0x1ee hei.o
 .debug_abbrev  0x0000645c      0x1c1 hom.o
 .debug_abbrev  0x0000661d      0x154 jin.o
 .debug_abbrev  0x00006771       0xcc kpa.o
 .debug_abbrev  0x0000683d      0x1e3 las.o
 .debug_abbrev  0x00006a20      0x45f main.o
 .debug_abbrev  0x00006e7f      0x1c5 moo.o
 .debug_abbrev  0x00007044      0x229 mri.o
 .debug_abbrev  0x0000726d      0x220 muj.o
 .debug_abbrev  0x0000748d      0x218 nok.o
 .debug_abbrev  0x000076a5      0x217 pik.o
 .debug_abbrev  0x000078bc      0x215 rsh.o
 .debug_abbrev  0x00007ad1      0x530 tik.o
 .debug_abbrev  0x00008001      0x227 tou.o
 .debug_abbrev  0x00008228       0xcc tou2.o
 .debug_abbrev  0x000082f4      0x215 usu.o
 .debug_abbrev  0x00008509      0x1ef win.o

.debug_line     0x00000000    0x15fc7
 *(.debug_line)
 .debug_line    0x00000000     0x11dc OWR.o
 .debug_line    0x000011dc      0x1c2 StateManager.o
 .debug_line    0x0000139e      0x351 common.o
 .debug_line    0x000016ef      0x476 con_mario.o
 .debug_line    0x00001b65      0x563 con_perf.o
 .debug_line    0x000020c8      0x50f con_seq.o
 .debug_line    0x000025d7     0x131b console.o
 .debug_line    0x000038f2      0x1f6 cxx.o
 .debug_line    0x00003ae8      0xcf6 errorHandling.o
 .debug_line    0x000047de      0x68a gamePatches.o
 .debug_line    0x00004e68      0x4ae keyboard.o
 .debug_line    0x00005316      0x6a5 mod.o
 .debug_line    0x000059bb      0x41b patch.o
 .debug_line    0x00005dd6      0x24f printf.o
 .debug_line    0x00006025      0x13d rel.o
 .debug_line    0x00006162      0x360 ug.o
 .debug_line    0x000064c2      0x40c util.o
 .debug_line    0x000068ce      0x205 aaa.o
 .debug_line    0x00006ad3      0xe3e aji.o
 .debug_line    0x00007911      0x553 bom.o
 .debug_line    0x00007e64      0x614 dou.o
 .debug_line    0x00008478      0x507 eki.o
 .debug_line    0x0000897f      0x1f5 end.o
 .debug_line    0x00008b74      0x62c gon.o
 .debug_line    0x000091a0      0x8af gor_00.o
 .debug_line    0x00009a4f      0x687 gor_01.o
 .debug_line    0x0000a0d6      0x68c gor_02.o
 .debug_line    0x0000a762      0x7bb gor_03.o
 .debug_line    0x0000af1d      0x487 gor_04.o
 .debug_line    0x0000b3a4      0x415 gor_misc.o
 .debug_line    0x0000b7b9      0x40e gra.o
 .debug_line    0x0000bbc7      0x554 hei.o
 .debug_line    0x0000c11b      0x3b4 hom.o
 .debug_line    0x0000c4cf      0x5c2 jin.o
 .debug_line    0x0000ca91      0x28e kpa.o
 .debug_line    0x0000cd1f      0x82d las.o
 .debug_line    0x0000d54c      0xc49 main.o
 .debug_line    0x0000e195      0x2d8 moo.o
 .debug_line    0x0000e46d     0x1020 mri.o
 .debug_line    0x0000f48d      0xf06 muj.o
 .debug_line    0x00010393      0x59a nok.o
 .debug_line    0x0001092d      0x862 pik.o
 .debug_line    0x0001118f     0x14fd rsh.o
 .debug_line    0x0001268c      0xa4a tik.o
 .debug_line    0x000130d6     0x1781 tou.o
 .debug_line    0x00014857      0x583 tou2.o
 .debug_line    0x00014dda      0xc98 usu.o
 .debug_line    0x00015a72      0x555 win.o

.debug_frame
 *(.debug_frame)

.debug_str      0x00000000    0x46314
 *(.debug_str)
 .debug_str     0x00000000     0x5799 OWR.o
 .debug_str     0x00005799      0x3ab StateManager.o
 .debug_str     0x00005b44     0x13e4 common.o
 .debug_str     0x00006f28     0x1971 con_mario.o
 .debug_str     0x00008899     0x1583 con_perf.o
 .debug_str     0x00009e1c     0x16b3 con_seq.o
 .debug_str     0x0000b4cf     0x19f9 console.o
 .debug_str     0x0000cec8      0x35e cxx.o
 .debug_str     0x0000d226     0x2087 errorHandling.o
 .debug_str     0x0000f2ad     0x23f5 gamePatches.o
 .debug_str     0x000116a2      0x95f keyboard.o
 .debug_str     0x00012001     0x2257 mod.o
 .debug_str     0x00014258      0x726 patch.o
 .debug_str     0x0001497e      0x468 printf.o
 .debug_str     0x00014de6      0x191 rel.o
 .debug_str     0x00014f77      0x39b ug.o
 .debug_str     0x00015312      0x654 util.o
 .debug_str     0x00015966      0x413 aaa.o
 .debug_str     0x00015d79     0x2514 aji.o
 .debug_str     0x0001828d      0x610 bom.o
 .debug_str     0x0001889d     0x1ccf dou.o
 .debug_str     0x0001a56c      0xf91 eki.o
 .debug_str     0x0001b4fd      0x40d end.o
 .debug_str     0x0001b90a     0x1d18 gon.o
 .debug_str     0x0001d622     0x29c7 gor_00.o
 .debug_str     0x0001ffe9     0x1a9a gor_01.o
 .debug_str     0x00021a83     0x24a4 gor_02.o
 .debug_str     0x00023f27      0xf98 gor_03.o
 .debug_str     0x00024ebf      0x59f gor_04.o
 .debug_str     0x0002545e     0x1bbe gor_misc.o
 .debug_str     0x0002701c      0x9ac gra.o
 .debug_str     0x000279c8     0x20a0 hei.o
 .debug_str     0x00029a68      0xcb3 hom.o
 .debug_str     0x0002a71b      0x64b jin.o
 .debug_str     0x0002ad66      0x463 kpa.o
 .debug_str     0x0002b1c9     0x1206 las.o
 .debug_str     0x0002c3cf     0x3276 main.o
 .debug_str     0x0002f645      0xb9b moo.o
 .debug_str     0x000301e0     0x2979 mri.o
 .debug_str     0x00032b59     0x2ae6 muj.o
 .debug_str     0x0003563f     0x1ee2 nok.o
 .debug_str     0x00037521     0x207b pik.o
 .debug_str     0x0003959c     0x2a84 rsh.o
 .debug_str     0x0003c020     0x2f8e tik.o
 .debug_str     0x0003efae     0x2748 tou.o
 .debug_str     0x000416f6      0x5ee tou2.o
 .debug_str     0x00041ce4     0x289b usu.o
 .debug_str     0x0004457f     0x1d95 win.o

.debug_loc
 *(.debug_loc)

.debug_macinfo
 *(.debug_macinfo)

.debug_weaknames
 *(.debug_weaknames)

.debug_funcnames
 *(.debug_funcnames)

.debug_typenames
 *(.debug_typenames)

.debug_varnames
 *(.debug_varnames)
                0x00000000                        __isIPL = 0x0
                0x0002e9a0                        __stack_addr = ((((__bss_start + SIZEOF (.bss)) + 0x20000) + 0x7) & 0xfffffffffffffff8)
                0x0000e9a0                        __stack_end = (__bss_start + SIZEOF (.bss))
                0x000329a0                        __intrstack_addr = (__stack_addr + 0x4000)
                0x0002e9a0                        __intrstack_end = __stack_addr
                0x000329a0                        __Arena1Lo = ((__intrstack_addr + 0x1f) & 0xffffffffffffffe0)
                0x817feff0                        __Arena1Hi = 0x817feff0
                0x817ff000                        __gxregs = ((__Arena1Hi + 0x1f) & 0xffffffffffffffe0)
                [!provide]                        PROVIDE (__stack = 0x817feff0)
                [!provide]                        PROVIDE (__isIPL = __isIPL)
                [!provide]                        PROVIDE (__stack_addr = __stack_addr)
                [!provide]                        PROVIDE (__stack_end = __stack_end)
                [!provide]                        PROVIDE (__intrstack_addr = __intrstack_addr)
                [!provide]                        PROVIDE (__intrstack_end = __intrstack_end)