
Discarded input sections

 .text          0x00000000        0x0 OWR.o
 .data          0x00000000        0x0 OWR.o
 .bss           0x00000000        0x0 OWR.o
 .bss._ZN3mod3owr25g_stg0_00_init_trampolineE
                0x00000000        0x4 OWR.o
 .bss._ZN3mod3owr22g_itemEntry_trampolineE
                0x00000000        0x4 OWR.o
 .text          0x00000000        0x0 StateManager.o
 .data          0x00000000        0x0 StateManager.o
 .bss           0x00000000        0x0 StateManager.o
 .text._ZN3mod3owr12StateManager4InitEv
                0x00000000       0x18 StateManager.o
 .text          0x00000000        0x0 common.o
 .data          0x00000000        0x0 common.o
 .bss           0x00000000        0x0 common.o
 .text._ZN3mod6common14GetCurrentAreaEv
                0x00000000       0x1c common.o
 .text._ZN3mod6common13GetCurrentMapEv
                0x00000000       0x1c common.o
 .text._ZN3mod6common11GetFilenameEv
                0x00000000       0x1c common.o
 .text._ZN3mod6common16GetStorySequenceEv
                0x00000000       0x20 common.o
 .text._ZN3mod6common14GetPitSequenceEv
                0x00000000       0x24 common.o
 .text._ZN3mod6common17GetSavedFlagValueEi
                0x00000000       0x40 common.o
 .text._ZN3mod6common21HasKeyItemInInventoryEs
                0x00000000       0x3c common.o
 .text._ZN3mod6common25GetBattleWindowDataOffsetEv
                0x00000000       0x1c common.o
 .text._ZN3mod6common21GetStatusWindowHeightEv
                0x00000000       0x24 common.o
 .data._ZN3mod6common29kUnknownStatusWindowStructPtrE
                0x00000000        0x4 common.o
 .data._ZN3mod6common10kBattlePtrE
                0x00000000        0x4 common.o
 .data._ZN3mod6common9kPouchPtrE
                0x00000000        0x4 common.o
 .data._ZN3mod6common12kSaveDataPtrE
                0x00000000        0x4 common.o
 .rodata._ZN3mod6common32kUltraHammerChestDespawnIdOffsetE
                0x00000000        0x4 common.o
 .rodata._ZN3mod6common27kObjectCollectionExprOffsetE
                0x00000000        0x4 common.o
 .rodata._ZN3mod6common27kObjectChestScriptPtrOffsetE
                0x00000000        0x4 common.o
 .rodata._ZN3mod6common33kMujModuleFlavioDesiredItemOffsetE
                0x00000000        0x4 common.o
 .rodata._ZN3mod6common36kJinModuleAtomicBooItemGswfSetOffsetE
                0x00000000        0x4 common.o
 .rodata._ZN3mod6common39kJinModuleAtomicBooItemObjectFlagOffsetE
                0x00000000        0x4 common.o
 .rodata._ZN3mod6common32kPitModuleCharlietonChanceOffsetE
                0x00000000        0x4 common.o
 .rodata._ZN3mod6common22kPitModuleNpcArrOffsetE
                0x00000000        0x4 common.o
 .rodata._ZN3mod6common23kSavedWordFlagBaseValueE
                0x00000000        0x4 common.o
 .data._ZN3mod6common20kPiantaParlorItemArrE
                0x00000000        0x4 common.o
 .data._ZN3mod6common21kPitCharlietonItemArrE
                0x00000000        0x4 common.o
 .data._ZN3mod6common12kHowzItemArrE
                0x00000000        0x4 common.o
 .data._ZN3mod6common18kCharlietonItemArrE
                0x00000000        0x4 common.o
 .data._ZN3mod6common14kDazzleItemArrE
                0x00000000        0x4 common.o
 .data._ZN3mod6common20kSuperguardFramesArrE
                0x00000000        0x4 common.o
 .data._ZN3mod6common15kGuardFramesArrE
                0x00000000        0x4 common.o
 .data._ZN3mod6common25kSuperChargePartnerParamsE
                0x00000000        0x4 common.o
 .data._ZN3mod6common18kSuperChargeParamsE
                0x00000000        0x4 common.o
 .data._ZN3mod6common19kPiercingBlowParamsE
                0x00000000        0x4 common.o
 .data._ZN3mod6common18kHammerThrowParamsE
                0x00000000        0x4 common.o
 .data._ZN3mod6common17kKoopaCurseParamsE
                0x00000000        0x4 common.o
 .data._ZN3mod6common15kTradeOffParamsE
                0x00000000        0x4 common.o
 .data._ZN3mod6common17kGulpRecoilParamsE
                0x00000000        0x4 common.o
 .data._ZN3mod6common24kUltraHammerRecoilParamsE
                0x00000000        0x4 common.o
 .data._ZN3mod6common24kSuperHammerRecoilParamsE
                0x00000000        0x4 common.o
 .data._ZN3mod6common8kNextMapE
                0x00000000        0x4 common.o
 .rodata.cst4   0x00000000        0x4 common.o
 .text          0x00000000        0x0 con_mario.o
 .data          0x00000000        0x0 con_mario.o
 .bss           0x00000000        0x0 con_mario.o
 .text          0x00000000        0x0 con_perf.o
 .data          0x00000000        0x0 con_perf.o
 .bss           0x00000000        0x0 con_perf.o
 .text          0x00000000        0x0 con_seq.o
 .data          0x00000000        0x0 con_seq.o
 .bss           0x00000000        0x0 con_seq.o
 .text          0x00000000        0x0 console.o
 .data          0x00000000        0x0 console.o
 .bss           0x00000000        0x0 console.o
[...]
Memory Configuration

Name             Origin             Length             Attributes
*default*        0x00000000         0xffffffff

Linker script and memory map

                0x80003100                        . = 0x80003100

.init
 *crt0.o(*.init)
 *(.init)

.plt
 *(.plt)

.interp
 *(.interp)

.hash
 *(.hash)

.dynsym
 *(.dynsym)

.dynstr
 *(.dynstr)

.gnu.version
 *(.gnu.version)

.gnu.version_d
 *(.gnu.version_d)

.gnu.version_r
 *(.gnu.version_r)

.rel.init
 *(.rel.init)

.rela.init
 *(.rela.init)

.rel.text
 *(.rel.text .rel.text.* .rel.gnu.linkonce.t.*)

.rela.text
 *(.rela.text .rela.text.* .rela.gnu.linkonce.t.*)

.rel.fini
 *(.rel.fini)

.rela.fini
 *(.rela.fini)

.rel.rodata
 *(.rel.rodata .rel.rodata.* .rel.gnu.linkonce.r.*)

.rela.rodata
 *(.rela.rodata .rela.rodata.* .rela.gnu.linkonce.r.*)

.rel.data
 *(.rel.data .rel.data.* .rel.gnu.linkonce.d.*)

.rela.data
 *(.rela.data .rela.data.* .rela.gnu.linkonce.d.*)

.rel.tdata
 *(.rel.tdata .rel.tdata.* .rel.gnu.linkonce.td.*)

.rela.tdata
 *(.rela.tdata .rela.tdata.* .rela.gnu.linkonce.td.*)

.rel.tbss
 *(.rel.tbss .rel.tbss.* .rel.gnu.linkonce.tb.*)

.rela.tbss
 *(.rela.tbss .rela.tbss.* .rela.gnu.linkonce.tb.*)

.rel.ctors
 *(.rel.ctors)

.rela.ctors
 *(.rela.ctors)

.rel.dtors
 *(.rel.dtors)

.rela.dtors
 *(.rela.dtors)

.rel.got
 *(.rel.got)

.rela.got
 *(.rela.got)

.rela.got1
 *(.rela.got1)

.rela.got2
 *(.rela.got2)

.rel.sdata
 *(.rel.sdata .rel.sdata.* .rel.gnu.linkonce.s.*)

.rela.sdata
 *(.rela.sdata .rela.sdata.* .rela.gnu.linkonce.s.*)

.rel.sbss
 *(.rel.sbss .rel.sbss.* .rel.gnu.linkonce.sb.*)

.rela.sbss
 *(.rela.sbss .rela.sbss.* .rel.gnu.linkonce.sb.*)

.rel.sdata2
 *(.rel.sdata2 .rel.sdata2.* .rel.gnu.linkonce.s2.*)

.rela.sdata2
 *(.rela.sdata2 .rela.sdata2.* .rela.gnu.linkonce.s2.*)

.rel.sbss2
 *(.rel.sbss2 .rel.sbss2.* .rel.gnu.linkonce.sb2.*)

.rela.sbss2
 *(.rela.sbss2 .rela.sbss2.* .rela.gnu.linkonce.sb2.*)

.rel.bss
 *(.rel.bss .rel.bss.* .rel.gnu.linkonce.b.*)

.rela.bss
 *(.rela.bss .rela.bss.* .rela.gnu.linkonce.b.*)

.rel.plt
 *(.rel.plt)

.rela.plt
 *(.rela.plt)

.text           0x80003100     0xcc60
 *(.text)
 .text          0x80003100        0x8 FixBlooperCrash1.o
                0x80003100                asmFixBlooperCrash1
 .text          0x80003108       0x14 FixBlooperCrash2.o
                0x80003108                asmFixBlooperCrash2
 .text          0x8000311c       0x10 PreventDiaryTextboxSelection.o
                0x8000311c                asmPreventDiaryTextboxSelection
 .text          0x8000312c      0x2d0 asm_main.o
                0x8000312c                bMapGXArrInject
                0x80003138                bMapGXArrInjectReturn
                0x8000313c                bMapGXArrIncrement
                0x80003144                bMapGXArrIncrementReturn
                0x80003148                bMapGXChSplit
                0x80003154                bMapGXChSplitReturn
                0x80003158                bWinLogArrInject
                0x80003164                bWinLogArrInjectReturn
                0x80003168                bWinLogArrIncrement
                0x80003170                bWinLogArrIncrementReturn
                0x80003174                bChapterClearCheck
                0x800031bc                bJohoyaSeqAddition
                0x800031f4                bPrintPartyAddErrorFix
                0x80003230                bPrintPartyAddErrorFixReturn
                0x80003234                bPrintPartyErrorFix
                0x80003270                bPrintPartyErrorFixReturn
                0x80003274                bKururingFloorCapture
                0x8000327c                bKururingFloorCaptureReturn
                0x80003280                bKururingFloorRelease
                0x80003288                bKururingFloorReleaseReturn
                0x8000328c                bPowerupblkCapture
                0x800032a4                bPowerupblkCaptureReturn
                0x800032a8                bPowerupblkRelease
                0x800032b0                bPowerupblkReleaseReturn
                0x800032b4                bPeachPointer
                0x8000330c                breakfastValueRestore
                0x8000332c                bPeachReturn
                0x80003330                bShopFlagCheck
                0x8000333c                bShopFlagCheckReturn
                0x80003340                win_log_mapGX_arr
 .text          0x800033fc       0x58 restfpr_x.o
                0x800033fc                _restfpr_14_x
                0x80003400                _restfpr_15_x
                0x80003404                _restfpr_16_x
                0x80003408                _restfpr_17_x
                0x8000340c                _restfpr_18_x
                0x80003410                _restfpr_19_x
                0x80003414                _restfpr_20_x
                0x80003418                _restfpr_21_x
                0x8000341c                _restfpr_22_x
                0x80003420                _restfpr_23_x
                0x80003424                _restfpr_24_x
                0x80003428                _restfpr_25_x
                0x8000342c                _restfpr_26_x
                0x80003430                _restfpr_27_x
                0x80003434                _restfpr_28_x
                0x80003438                _restfpr_29_x
                0x8000343c                _restfpr_30_x
                0x80003440                _restfpr_31_x
 .text          0x80003454       0x58 restgpr_x.o
                0x80003454                _restgpr_14_x
                0x80003458                _restgpr_15_x
                0x8000345c                _restgpr_16_x
                0x80003460                _restgpr_17_x
                0x80003464                _restgpr_18_x
                0x80003468                _restgpr_19_x
                0x8000346c                _restgpr_20_x
                0x80003470                _restgpr_21_x
                0x80003474                _restgpr_22_x
                0x80003478                _restgpr_23_x
                0x8000347c                _restgpr_24_x
                0x80003480                _restgpr_25_x
                0x80003484                _restgpr_26_x
                0x80003488                _restgpr_27_x
                0x8000348c                _restgpr_28_x
                0x80003490                _restgpr_29_x
                0x80003494                _restgpr_30_x
                0x80003498                _restgpr_31_x
 *(.text.*)
 *fill*         0x800034ac        0x0 00000000
 .text._ZZN3mod3owr3OWR4InitEvENUlPN4ttyd6evtmgr8EvtEntryEbE_4_FUNES5_b
                0x800034ac       0x6c OWR.o
 .text._ZZN3mod3owr3OWR4InitEvENUlPN4ttyd5party10PartyEntryEfffE_4_FUNES5_fff
                0x80003518       0x98 OWR.o
 .text._ZZN3mod3owr3OWR4InitEvENUliE0_4_FUNEi
                0x800035b0       0xec OWR.o
 .text._ZZN3mod3owr3OWR4InitEvENUliE_4_FUNEi
                0x8000369c      0x1ec OWR.o
 .text._ZZN3mod3owr3OWR4InitEvENUlPKcE_4_FUNES3_
                0x80003888      0x578 OWR.o
 .text._ZZN3mod3owr3OWR4InitEvENUlN4ttyd6seqdrv8SeqIndexEPKcS6_E_4_FUNES4_S6_S6_
                0x80003e00       0xa0 OWR.o
 .text._ZN3mod3owr3OWRC2Ev
                0x80003ea0        0x4 OWR.o
                0x80003ea0                _ZN3mod3owr3OWRC1Ev
                0x80003ea0                _ZN3mod3owr3OWRC2Ev
 .text._ZN3mod3owr3OWR12SequenceInitEv
                0x80003ea4      0x118 OWR.o
                0x80003ea4                _ZN3mod3owr3OWR12SequenceInitEv
 .text._ZN3mod3owr13checkIfInGameEv
                0x80003fbc       0x64 OWR.o
                0x80003fbc                _ZN3mod3owr13checkIfInGameEv
 .text._ZN3mod3owr3OWR12HomewardWarpEv
                0x80004020       0x84 OWR.o
                0x80004020                _ZN3mod3owr3OWR12HomewardWarpEv
 .text._ZN3mod3owr3OWR12RecieveItemsEv
                0x800040a4       0x5c OWR.o
                0x800040a4                _ZN3mod3owr3OWR12RecieveItemsEv
 .text._ZN3mod3owr3OWR4InitEv
                0x80004100      0x220 OWR.o
                0x80004100                _ZN3mod3owr3OWR4InitEv
 .text._ZN3mod3owr3OWR6UpdateEv
                0x80004320       0x38 OWR.o
                0x80004320                _ZN3mod3owr3OWR6UpdateEv
 .text._ZN3mod3owr3OWR14OnModuleLoadedEP12OSModuleInfo
                0x80004358       0x98 OWR.o
                0x80004358                _ZN3mod3owr3OWR14OnModuleLoadedEP12OSModuleInfo
 .text._ZZN3mod3owr3OWR4InitEvENUlP12OSModuleInfoPvE_4_FUNES3_S4_
                0x800043f0       0x54 OWR.o
 .text._ZN3mod3owr3OWR10DrawStringEPKcffjf
                0x80004444       0xc8 OWR.o
                0x80004444                _ZN3mod3owr3OWR10DrawStringEPKcffjf
 .text.startup._GLOBAL__sub_I__ZN3mod3owr7item_dbE
                0x8000450c       0x14 OWR.o
 .text._ZN3mod3owr12StateManagerC2Ev
                0x80004520       0x18 StateManager.o
                0x80004520                _ZN3mod3owr12StateManagerC2Ev
                0x80004520                _ZN3mod3owr12StateManagerC1Ev
 .text._ZN3modL13mod_if_func24Ev
                0x80004538       0x54 con_mario.o
 .text.startup._GLOBAL__sub_I__ZN3mod13mario_set_posE
                0x8000458c       0x88 con_mario.o
 .text._ZN3modL13mod_if_func51Ev
                0x80004614      0x158 con_perf.o
 .text.startup._GLOBAL__sub_I__ZN3mod15perf_fake_spikeE
                0x8000476c       0x8c con_perf.o
 .text._ZN3modL13mod_if_func16Ev
                0x800047f8       0x60 con_seq.o
 .text._ZZN3modL13mod_if_func16EvENUlPN4ttyd6seqdrv7SeqInfoEE_4_FUNES3_
                0x80004858       0x34 con_seq.o
 .text.startup._GLOBAL__sub_I__ZN3mod13seq_logo_skipE
                0x8000488c       0x8c con_seq.o
 .text._ZN3mod13ConsoleSystem8logColorEPKcN2gc6color4E
                0x80004918      0x1e4 console.o
                0x80004918                _ZN3mod13ConsoleSystem8logColorEPKcN2gc6color4E
 .text._ZN3mod13ConsoleSystem7logInfoEPKcz
                0x80004afc       0xac console.o
                0x80004afc                _ZN3mod13ConsoleSystem7logInfoEPKcz
 .text._ZN3mod7CC_findEPKc
                0x80004ba8       0xe8 console.o
                0x80004ba8                _ZN3mod7CC_findEPKc
 .text._ZN3mod13ConsoleSystem10logWarningEPKcz
                0x80004c90       0xb0 console.o
                0x80004c90                _ZN3mod13ConsoleSystem10logWarningEPKcz
 .text._ZN3mod13ConsoleSystem8logErrorEPKcz
                0x80004d40       0xb0 console.o
                0x80004d40                _ZN3mod13ConsoleSystem8logErrorEPKcz
 .text._ZN3mod13ConsoleSystem7overlayEPKcz
                0x80004df0       0xbc console.o
                0x80004df0                _ZN3mod13ConsoleSystem7overlayEPKcz
 .text._ZN3mod13ConsoleSystem12setMonospaceEb
                0x80004eac       0x24 console.o
                0x80004eac                _ZN3mod13ConsoleSystem12setMonospaceEb
 .text._ZN3mod13ConsoleSystem4initEv
                0x80004ed0       0x14 console.o
                0x80004ed0                _ZN3mod13ConsoleSystem4initEv
 .text._ZN3mod13ConsoleSystem8drawLineEiPKcN2gc6color4E
                0x80004ee4       0xa8 console.o
                0x80004ee4                _ZN3mod13ConsoleSystem8drawLineEiPKcN2gc6color4E
 .text._ZN3mod13ConsoleSystem14processCommandEPKc
                0x80004f8c      0x1e4 console.o
                0x80004f8c                _ZN3mod13ConsoleSystem14processCommandEPKc
 .text._ZN3mod13ConsoleSystem12updatePromptEv
                0x80005170      0x2f0 console.o
                0x80005170                _ZN3mod13ConsoleSystem12updatePromptEv
 .text._ZN3mod13ConsoleSystem14updateUsbGeckoEv
                0x80005460      0x128 console.o
                0x80005460                _ZN3mod13ConsoleSystem14updateUsbGeckoEv
 .text._ZN3mod13ConsoleSystem6updateEv
                0x80005588       0x68 console.o
                0x80005588                _ZN3mod13ConsoleSystem6updateEv
 .text._ZN3mod13ConsoleSystem4dispEv
                0x800055f0      0x368 console.o
                0x800055f0                _ZN3mod13ConsoleSystem4dispEv
 .text._ZZN3mod13ConsoleSystem6updateEvENUlN4ttyd7dispdrv8CameraIdEPvE_4_FUNES3_S4_
                0x80005958        0x8 console.o
 .text.startup._GLOBAL__sub_I__ZN3mod10ConCommand6sFirstE
                0x80005960      0x17c console.o
 .text._Znwj    0x80005adc        0xc cxx.o
                0x80005adc                _Znwj
 .text._Znaj    0x80005ae8        0x4 cxx.o
                0x80005ae8                _Znaj
 .text._ZdlPv   0x80005aec        0xc cxx.o
                0x80005aec                _ZdlPv
 .text._ZdaPv   0x80005af8        0x4 cxx.o
                0x80005af8                _ZdaPv
 .text._ZL27checkIndividualStandardHeapPKN2gc2os9ChunkInfoE
                0x80005afc       0x64 errorHandling.o
 .text._ZL24checkIndividualSmartHeapPKN4ttyd6memory19SmartAllocationDataE
                0x80005b60       0x64 errorHandling.o
 .text._ZL22checkIndividualMapHeapPKN4ttyd6memory13MapAllocEntryE
                0x80005bc4       0x50 errorHandling.o
 .text._ZL21initStandardHeapErrorPKvib
                0x80005c14       0x94 errorHandling.o
 .text._ZL18initSmartHeapErrorPKvb
                0x80005ca8       0x8c errorHandling.o
 .text._ZL16initMapHeapErrorPKvtb
                0x80005d34       0xa4 errorHandling.o
 .text._ZN18HeapCorruptionInfo10drawBufferEv
                0x80005dd8       0x98 errorHandling.o
                0x80005dd8                _ZN18HeapCorruptionInfo10drawBufferEv
 .text._ZN21NpcNameToPtrErrorInfo16drawErrorMessageEv
                0x80005e70       0x9c errorHandling.o
                0x80005e70                _ZN21NpcNameToPtrErrorInfo16drawErrorMessageEv
 .text._ZN21AnimPoseMainErrorInfo16drawErrorMessageEv
                0x80005f0c       0x9c errorHandling.o
                0x80005f0c                _ZN21AnimPoseMainErrorInfo16drawErrorMessageEv
 .text._Z10checkHeapsv
                0x80005fa8      0x110 errorHandling.o
                0x80005fa8                _Z10checkHeapsv
 .text._Z17drawErrorMessagesv
                0x800060b8       0x74 errorHandling.o
                0x800060b8                _Z17drawErrorMessagesv
 .text._Z25checkForNpcNameToPtrErrorPKc
                0x8000612c       0x6c errorHandling.o
                0x8000612c                _Z25checkForNpcNameToPtrErrorPKc
 .text._Z24preventAnimPoseMainCrashi
                0x80006198       0x54 errorHandling.o
                0x80006198                _Z24preventAnimPoseMainCrashi
 .text.startup._GLOBAL__sub_I_npcNameToPtrErrorInfo
                0x800061ec       0x1c errorHandling.o
 .text.exit._GLOBAL__sub_D_npcNameToPtrErrorInfo
                0x80006208       0x14 errorHandling.o
 .text._ZL22fixPouchInitMemoryLeakij
                0x8000621c       0x4c gamePatches.o
 .text._ZL12autoMashTextN2gc3pad5PadIdE
                0x80006268       0x48 gamePatches.o
 .text._ZL14fixMapProblemsv
                0x800062b0       0xe8 gamePatches.o
 .text.cFixBlooperCrash1
                0x80006398       0x38 gamePatches.o
                0x80006398                cFixBlooperCrash1
 .text.cPreventDiaryTextboxOptionSelection
                0x800063d0       0x58 gamePatches.o
                0x800063d0                cPreventDiaryTextboxOptionSelection
 .text._Z14applyGameFixesv
                0x80006428       0x68 gamePatches.o
                0x80006428                _Z14applyGameFixesv
 .text._Z23applyVariousGamePatchesv
                0x80006490       0xf0 gamePatches.o
                0x80006490                _Z23applyVariousGamePatchesv
 .text._ZN3mod8Keyboard7connectEv
                0x80006580       0x58 keyboard.o
                0x80006580                _ZN3mod8Keyboard7connectEv
 .text._ZN3mod8KeyboardC2Ei
                0x800065d8       0x20 keyboard.o
                0x800065d8                _ZN3mod8KeyboardC2Ei
                0x800065d8                _ZN3mod8KeyboardC1Ei
 .text._ZN3mod8Keyboard10disconnectEv
                0x800065f8       0x40 keyboard.o
                0x800065f8                _ZN3mod8Keyboard10disconnectEv
 .text._ZN3mod8Keyboard6updateEv
                0x80006638      0x1d4 keyboard.o
                0x80006638                _ZN3mod8Keyboard6updateEv
 .text._ZZN3mod3Mod4initEvENUlvE0_4_FUNEv
                0x8000680c        0x4 mod.o
 .text._ZZN3mod3Mod11updateEarlyEvENUlN4ttyd7dispdrv8CameraIdEPvE_4_FUNES3_S4_
                0x80006810        0x4 mod.o
 .text._ZN3mod3ModC2Ev
                0x80006814       0x90 mod.o
                0x80006814                _ZN3mod3ModC2Ev
                0x80006814                _ZN3mod3ModC1Ev
 .text._ZN3mod3Mod4initEv
                0x800068a4      0x188 mod.o
                0x800068a4                _ZN3mod3Mod4initEv
 .text.startup._ZN3mod4mainEv
                0x80006a2c       0x38 mod.o
                0x80006a2c                _ZN3mod4mainEv
 .text._ZN3mod3Mod11updateEarlyEv
                0x80006a64       0x8c mod.o
                0x80006a64                _ZN3mod3Mod11updateEarlyEv
 .text._ZZN3mod3Mod4initEvENUlvE_4_FUNEv
                0x80006af0        0xc mod.o
 .text._ZN3mod5patch17clear_DC_IC_CacheEPvj
                0x80006afc       0x3c patch.o
                0x80006afc                _ZN3mod5patch17clear_DC_IC_CacheEPvj
 .text._ZN3mod5patch14writeEvtBranchEPiPKib
                0x80006b38       0x1c patch.o
                0x80006b38                _ZN3mod5patch14writeEvtBranchEPiPKib
 .text._ZN3mod5patch15writeBranchMainEPvS1_j
                0x80006b54       0x18 patch.o
                0x80006b54                _ZN3mod5patch15writeBranchMainEPvS1_j
 .text._ZN3mod5patch11writeBranchEPvS1_
                0x80006b6c        0x8 patch.o
                0x80006b6c                _ZN3mod5patch11writeBranchEPvS1_
 .text._ZN3mod5patch13writeBranchBLEPvS1_
                0x80006b74        0xc patch.o
                0x80006b74                _ZN3mod5patch13writeBranchBLEPvS1_
 .text._ZN3mod5patch10writePatchEPvPKvj
                0x80006b80       0x5c patch.o
                0x80006b80                _ZN3mod5patch10writePatchEPvPKvj
 .text._ZN3mod5patch10writePatchEPvj
                0x80006bdc       0x2c patch.o
                0x80006bdc                _ZN3mod5patch10writePatchEPvj
 .text.vsnprintf
                0x80006c08       0x70 printf.o
                0x80006c08                vsnprintf
 .text.snprintf
                0x80006c78       0x7c printf.o
                0x80006c78                snprintf
 .text._prolog  0x80006cf4       0x5c rel.o
                0x80006cf4                _prolog
 .text._epilog  0x80006d50       0x4c rel.o
                0x80006d50                _epilog
 .text._unresolved
                0x80006d9c        0x4 rel.o
                0x80006d9c                _unresolved
 .text._ZN3modL10ugTransferEiPvib
                0x80006da0      0x124 ug.o
 .text._ZN3mod7ugProbeEi
                0x80006ec4       0xf8 ug.o
                0x80006ec4                _ZN3mod7ugProbeEi
 .text._ZN3mod6ugSendEiPKvi
                0x80006fbc        0x8 ug.o
                0x80006fbc                _ZN3mod6ugSendEiPKvi
 .text._ZN3mod6ugRecvEiPvi
                0x80006fc4        0x8 ug.o
                0x80006fc4                _ZN3mod6ugRecvEiPvi
 .text.strstr   0x80006fcc       0x90 util.o
                0x80006fcc                strstr
 .text._ZN3mod4util16checkButtonComboEj
                0x8000705c       0x4c util.o
                0x8000705c                _ZN3mod4util16checkButtonComboEj
 .text._ZN3mod4util26checkButtonComboEveryFrameEj
                0x800070a8       0x34 util.o
                0x800070a8                _ZN3mod4util26checkButtonComboEveryFrameEj
 .text._ZN3mod4util10ptrIsValidEPv
                0x800070dc       0x30 util.o
                0x800070dc                _ZN3mod4util10ptrIsValidEPv
 .text._ZN3mod4util10intToFloatEi
                0x8000710c       0x30 util.o
                0x8000710c                _ZN3mod4util10intToFloatEi
 .text._ZN3mod4util25getTextMultilineIncrementEPKcfj
                0x8000713c       0x4c util.o
                0x8000713c                _ZN3mod4util25getTextMultilineIncrementEPKcfj
 .text._Z15ApplyAaaPatchesv
                0x80007188       0x50 aaa.o
                0x80007188                _Z15ApplyAaaPatchesv
 .text._Z15ApplyAjiPatchesv
                0x800071d8      0x83c aji.o
                0x800071d8                _Z15ApplyAjiPatchesv
 .text._Z15ApplyBomPatchesv
                0x80007a14      0x300 bom.o
                0x80007a14                _Z15ApplyBomPatchesv
 .text._Z15ApplyDouPatchesv
                0x80007d14      0x2f0 dou.o
                0x80007d14                _Z15ApplyDouPatchesv
 .text._Z15ApplyEkiPatchesv
                0x80008004      0x254 eki.o
                0x80008004                _Z15ApplyEkiPatchesv
 .text._Z15ApplyEndPatchesv
                0x80008258       0x30 end.o
                0x80008258                _Z15ApplyEndPatchesv
 .text._Z15ApplyGonPatchesv
                0x80008288      0x35c gon.o
                0x80008288                _Z15ApplyGonPatchesv
 .text._Z17ApplyGor00Patchesv
                0x800085e4      0x5b0 gor_00.o
                0x800085e4                _Z17ApplyGor00Patchesv
 .text.startup._GLOBAL__sub_I__Z17ApplyGor00Patchesv
                0x80008b94       0x14 gor_00.o
 .text._Z17ApplyGor01Patchesv
                0x80008ba8      0x410 gor_01.o
                0x80008ba8                _Z17ApplyGor01Patchesv
 .text._Z17ApplyGor02Patchesv
                0x80008fb8      0x400 gor_02.o
                0x80008fb8                _Z17ApplyGor02Patchesv
 .text._Z17ApplyGor03Patchesv
                0x800093b8      0x47c gor_03.o
                0x800093b8                _Z17ApplyGor03Patchesv
 .text._Z17ApplyGor04Patchesv
                0x80009834      0x1d8 gor_04.o
                0x80009834                _Z17ApplyGor04Patchesv
 .text._Z19ApplyGorMiscPatchesv
                0x80009a0c      0x14c gor_misc.o
                0x80009a0c                _Z19ApplyGorMiscPatchesv
 .text._Z15ApplyGorPatchesv
                0x80009b58       0x30 gor_misc.o
                0x80009b58                _Z15ApplyGorPatchesv
 .text._Z15ApplyGraPatchesv
                0x80009b88      0x200 gra.o
                0x80009b88                _Z15ApplyGraPatchesv
 .text._Z15ApplyHeiPatchesv
                0x80009d88      0x294 hei.o
                0x80009d88                _Z15ApplyHeiPatchesv
 .text._Z15ApplyHomPatchesv
                0x8000a01c      0x140 hom.o
                0x8000a01c                _Z15ApplyHomPatchesv
 .text._Z15ApplyJinPatchesv
                0x8000a15c      0x348 jin.o
                0x8000a15c                _Z15ApplyJinPatchesv
 .text._Z15ApplyKpaPatchesv
                0x8000a4a4       0xd0 kpa.o
                0x8000a4a4                _Z15ApplyKpaPatchesv
 .text._Z15ApplyLasPatchesv
                0x8000a574      0x4f0 las.o
                0x8000a574                _Z15ApplyLasPatchesv
 .text.checkShopFlag
                0x8000aa64       0x84 main.o
                0x8000aa64                checkShopFlag
 .text._Z15ApplyMriPatchesv
                0x8000aae8      0xba4 mri.o
                0x8000aae8                _Z15ApplyMriPatchesv
 .text._Z15ApplyMujPatchesv
                0x8000b68c      0xa2c muj.o
                0x8000b68c                _Z15ApplyMujPatchesv
 .text._Z15ApplyNokPatchesv
                0x8000c0b8      0x36c nok.o
                0x8000c0b8                _Z15ApplyNokPatchesv
 .text._Z15ApplyPikPatchesv
                0x8000c424      0x524 pik.o
                0x8000c424                _Z15ApplyPikPatchesv
 .text._Z15ApplyRshPatchesv
                0x8000c948      0xe34 rsh.o
                0x8000c948                _Z15ApplyRshPatchesv
 .text._Z24checkChapterRequirementsPN4ttyd6evtmgr8EvtEntryEb
                0x8000d77c       0x7c tik.o
                0x8000d77c                _Z24checkChapterRequirementsPN4ttyd6evtmgr8EvtEntryEb
 .text._Z18checkChapterClearsPN4ttyd6evtmgr8EvtEntryEb
                0x8000d7f8       0x5c tik.o
                0x8000d7f8                _Z18checkChapterClearsPN4ttyd6evtmgr8EvtEntryEb
 .text._Z15ApplyTikPatchesv
                0x8000d854      0x598 tik.o
                0x8000d854                _Z15ApplyTikPatchesv
 .text._Z15ApplyTouPatchesv
                0x8000ddec     0x10b0 tou.o
                0x8000ddec                _Z15ApplyTouPatchesv
 .text._Z16ApplyTou2Patchesv
                0x8000ee9c      0x34c tou2.o
                0x8000ee9c                _Z16ApplyTou2Patchesv
 .text._Z15ApplyUsuPatchesv
                0x8000f1e8      0x884 usu.o
                0x8000f1e8                _Z15ApplyUsuPatchesv
 .text._Z15ApplyWinPatchesv
                0x8000fa6c      0x2e4 win.o
                0x8000fa6c                _Z15ApplyWinPatchesv
 *(.gnu.warning)
 *(.gnu.linkonce.t.*)
                0x8000fd60                        . = ALIGN (0x20)
 *fill*         0x8000fd50       0x10 00000000

.text._ZN3mod13mario_set_posMUlPKcE_4_FUNES2_
                0x00000000       0x5c
 .text._ZN3mod13mario_set_posMUlPKcE_4_FUNES2_
                0x00000000       0x5c con_mario.o
                0x00000000                _ZN3mod13mario_set_posMUlPKcE_4_FUNES2_
                0x00000000                _ZN3mod13mario_set_posMUlPKcE_4_FUNES1_

.text._ZN3mod15perf_fake_spikeMUlPKcE_4_FUNES2_
                0x00000000       0x7c
 .text._ZN3mod15perf_fake_spikeMUlPKcE_4_FUNES2_
                0x00000000       0x7c con_perf.o
                0x00000000                _ZN3mod15perf_fake_spikeMUlPKcE_4_FUNES1_
                0x00000000                _ZN3mod15perf_fake_spikeMUlPKcE_4_FUNES2_

.text._ZN3mod14seq_change_mapMUlPKcE_4_FUNES2_
                0x00000000       0xc4
 .text._ZN3mod14seq_change_mapMUlPKcE_4_FUNES2_
                0x00000000       0xc4 con_seq.o
                0x00000000                _ZN3mod14seq_change_mapMUlPKcE_4_FUNES2_
                0x00000000                _ZN3mod14seq_change_mapMUlPKcE_4_FUNES1_

.text._ZN3mod8con_monoMUlPNS_9ConIntVarEiE_4_FUNES2_i
                0x00000000       0x18
 .text._ZN3mod8con_monoMUlPNS_9ConIntVarEiE_4_FUNES2_i
                0x00000000       0x18 console.o
                0x00000000                _ZN3mod8con_monoMUlPNS_9ConIntVarEiE_4_FUNES1_i
                0x00000000                _ZN3mod8con_monoMUlPNS_9ConIntVarEiE_4_FUNES2_i

.text._ZN18HeapCorruptionInfo10initBufferEv
                0x00000000       0x34
 .text._ZN18HeapCorruptionInfo10initBufferEv
                0x00000000       0x34 errorHandling.o
                0x00000000                _ZN18HeapCorruptionInfo10initBufferEv

.fini           0x00000034        0xc
 *(.fini)
                0x00000040                        . = ALIGN (0x20)
 *fill*         0x00000034        0xc 00000000
                [!provide]                        PROVIDE (__etext = .)
                [!provide]                        PROVIDE (_etext = .)
                [!provide]                        PROVIDE (etext = .)

.rodata         0x00000040     0xc855
 *(.rodata)
 *(.rodata.*)
 .rodata._ZZN3mod3owr3OWR4InitEvENUliE_4_FUNEi
                0x00000040       0x10 OWR.o
 .rodata._ZZN3mod3owr3OWR4InitEvENUlPKcE_4_FUNES3_.str1.1
                0x00000050      0x48b OWR.o
 .rodata._ZZN3mod3owr3OWR4InitEvENUlN4ttyd6seqdrv8SeqIndexEPKcS6_E_4_FUNES4_S6_S6_.str1.1
                0x000004db        0x7 OWR.o
 *fill*         0x000004e2        0x2 
 .rodata._ZN3mod3owr3OWR14OnModuleLoadedEP12OSModuleInfo
                0x000004e4       0x70 OWR.o
 .rodata._ZL8GSWF_ARR
                0x00000554       0x20 OWR.o
 .rodata.cst4   0x00000574        0x4 OWR.o
 .rodata._ZN3mod13mario_set_posMUlPKcE_4_FUNES2_.str1.1
                0x00000578        0x9 con_mario.o
 .rodata._ZN3modL13mod_if_func24Ev.str1.1
                0x00000581       0x20 con_mario.o
 .rodata._GLOBAL__sub_I__ZN3mod13mario_set_posE.str1.1
                0x000005a1       0x1d con_mario.o
 .rodata._ZN3modL13mod_if_func51Ev.str1.1
                0x000005be       0x5b con_perf.o
 .rodata._ZN3mod15perf_fake_spikeMUlPKcE_4_FUNES2_.str1.1
                0x00000619        0x3 con_perf.o
 .rodata._GLOBAL__sub_I__ZN3mod15perf_fake_spikeE.str1.1
                0x0000061c       0x1f con_perf.o
 *fill*         0x0000063b        0x1 
 .rodata.cst4   0x0000063c        0xc con_perf.o
 .rodata._ZN3mod14seq_change_mapMUlPKcE_4_FUNES2_.str1.1
                0x00000648       0x1e con_seq.o
 .rodata._GLOBAL__sub_I__ZN3mod13seq_logo_skipE.str1.1
                0x00000666       0x1d con_seq.o
 .rodata._ZN3mod13ConsoleSystem8logColorEPKcN2gc6color4E.str1.1
                0x00000683       0x80 console.o
 .rodata._ZN3mod7CC_findEPKc.str1.1
                0x00000703       0x1d console.o
 .rodata._ZN3mod13ConsoleSystem14processCommandEPKc.str1.1
                0x00000720       0x28 console.o
 .rodata._ZN3mod13ConsoleSystem14updateUsbGeckoEv.str1.1
                0x00000748       0x74 console.o
 .rodata._ZN3mod13ConsoleSystem4dispEv.str1.1
                0x000007bc       0x16 console.o
 .rodata._GLOBAL__sub_I__ZN3mod10ConCommand6sFirstE.str1.1
                0x000007d2       0x7f console.o
 .rodata._ZZN3mod13ConsoleSystem4dispEvE12kPromptColor
                0x00000851        0x4 console.o
 *fill*         0x00000855        0x3 
 .rodata.cst4   0x00000858        0x8 console.o
 .rodata._ZL21initStandardHeapErrorPKvib.str1.1
                0x00000860       0x30 errorHandling.o
 .rodata._ZL18initSmartHeapErrorPKvb.str1.1
                0x00000890       0x23 errorHandling.o
 .rodata._ZL16initMapHeapErrorPKvtb.str1.1
                0x000008b3       0x2b errorHandling.o
 .rodata._ZN21NpcNameToPtrErrorInfo16drawErrorMessageEv.str1.1
                0x000008de       0x1f errorHandling.o
 .rodata._ZN21AnimPoseMainErrorInfo16drawErrorMessageEv.str1.1
                0x000008fd       0x1f errorHandling.o
 .rodata.cst4   0x0000091c       0x10 errorHandling.o
 .rodata._ZL14fixMapProblemsv.str1.1
                0x0000092c       0x1e gamePatches.o
 .rodata.cPreventDiaryTextboxOptionSelection.str1.1
                0x0000094a       0x19 gamePatches.o
 *fill*         0x00000963        0x1 
 .rodata.cst4   0x00000964        0x4 mod.o
 .rodata.cst4   0x00000968        0x8 util.o
 .rodata._ZL20aji_17_init_evt_hook
                0x00000970       0x10 aji.o
 .rodata._ZL19aji_17_init_evt_evt
                0x00000980       0x4c aji.o
 .rodata._ZL20aji_10_init_evt_hook
                0x000009cc       0x10 aji.o
 .rodata.str1.1
                0x000009dc       0x37 aji.o
 *fill*         0x00000a13        0x1 
 .rodata._ZL19aji_10_init_evt_evt
                0x00000a14      0x288 aji.o
 .rodata._ZL18teshita3_init_hook
                0x00000c9c       0x10 aji.o
 .rodata._ZL17teshita3_init_evt
                0x00000cac       0xc0 aji.o
 .rodata._ZL18teshita2_init_hook
                0x00000d6c       0x10 aji.o
 .rodata._ZL17teshita2_init_evt
                0x00000d7c       0xc0 aji.o
 .rodata._ZL20peach_evt_ele_2_hook
                0x00000e3c       0x24 aji.o
 .rodata._ZL19peach_evt_ele_2_evt
                0x00000e60       0x6c aji.o
 .rodata._ZL20aji_00_init_evt_hook
                0x00000ecc       0x10 aji.o
 .rodata._ZL19aji_00_init_evt_evt
                0x00000edc       0x5c aji.o
 .rodata._ZL4npc4
                0x00000f38       0x13 aji.o
 *fill*         0x00000f4b        0x1 
 .rodata._ZL4npc3
                0x00000f4c        0x7 aji.o
 *fill*         0x00000f53        0x1 
 .rodata._ZL4npc2
                0x00000f54        0xf aji.o
 *fill*         0x00000f63        0x1 
 .rodata._ZL4npc1
                0x00000f64        0x7 aji.o
 .rodata.str1.1
                0x00000f6b       0x12 dou.o
 *fill*         0x00000f7d        0x3 
 .rodata._ZL20peramajin_after_item
                0x00000f80       0x9c dou.o
 .rodata._ZL12evt_elv_hook
                0x0000101c       0x28 eki.o
 .rodata.str1.1
                0x00001044       0x2f eki.o
 *fill*         0x00001073        0x1 
 .rodata._ZL11evt_elv_evt
                0x00001074      0x104 eki.o
 .rodata.str1.1
                0x00001178        0xb gon.o
 *fill*         0x00001183        0x1 
 .rodata._ZL19gon_evt_majin2_item
                0x00001184       0xd0 gon.o
 .rodata._ZL21gor_00_init_evt2_hook
                0x00001254       0x10 gor_00.o
 .rodata._ZL21gor_00_init_evt1_hook
                0x00001264       0x10 gor_00.o
 .rodata.str1.1
                0x00001274      0x25e gor_00.o
 *fill*         0x000014d2        0x2 
 .rodata._ZL16gor_00_init_evt1
                0x000014d4      0x1f8 gor_00.o
 .rodata._ZL18korutesu_init_hook
                0x000016cc       0x10 gor_00.o
 .rodata._ZL17korutesu_init_evt
                0x000016dc       0x58 gor_00.o
 .rodata._ZL20suifubomb_b_talk_evt
                0x00001734       0xd4 gor_00.o
 .rodata._ZL21suifubomb_b_regl_hook
                0x00001808       0x10 gor_00.o
 .rodata._ZL20suifubomb_b_regl_evt
                0x00001818      0x120 gor_00.o
 .rodata._ZL20suifubomb_a_talk_evt
                0x00001938      0x150 gor_00.o
 .rodata._ZL21suifubomb_a_regl_hook
                0x00001a88       0x10 gor_00.o
 .rodata._ZL20suifubomb_a_regl_evt
                0x00001a98       0x90 gor_00.o
 .rodata._ZL21suifubomb_a_init_hook
                0x00001b28       0x10 gor_00.o
 .rodata._ZL20suifubomb_a_init_evt
                0x00001b38       0xc8 gor_00.o
 .rodata._ZL16suifu_b_talk_evt
                0x00001c00       0xd4 gor_00.o
 .rodata._ZL20luigi_npcEnt_00_hook
                0x00001cd4       0x10 gor_00.o
 .rodata._ZL19luigi_npcEnt_00_evt
                0x00001ce4       0x80 gor_00.o
 .rodata._ZL18luigi_init_00_hook
                0x00001d64       0x10 gor_00.o
 .rodata._ZL17luigi_init_00_evt
                0x00001d74       0x50 gor_00.o
 .rodata._ZL16mokorim_init_evt
                0x00001dc4       0x30 gor_00.o
 .rodata._ZL17suifu_b_init_hook
                0x00001df4       0x10 gor_00.o
 .rodata._ZL16suifu_b_init_evt
                0x00001e04       0xc8 gor_00.o
 .rodata._ZL17suifu_a_regl_hook
                0x00001ecc       0x10 gor_00.o
 .rodata._ZL16suifu_a_regl_evt
                0x00001edc       0x80 gor_00.o
 .rodata._ZL16suifu_a_talk_evt
                0x00001f5c       0xd4 gor_00.o
 .rodata._ZL19odoodo_ani_talk_evt
                0x00002030       0x20 gor_00.o
 .rodata._ZL15odoodo_talk_evt
                0x00002050      0x128 gor_00.o
 .rodata._ZL16odoodo_regl_hook
                0x00002178       0x10 gor_00.o
 .rodata._ZL15odoodo_regl_evt
                0x00002188       0x94 gor_00.o
 .rodata._ZL16odoodo_init_hook
                0x0000221c       0x10 gor_00.o
 .rodata._ZL15odoodo_init_evt
                0x0000222c      0x114 gor_00.o
 .rodata._ZL17garawaru_talk_evt
                0x00002340       0xb8 gor_00.o
 .rodata._ZL18garawaru_regl_hook
                0x000023f8       0x10 gor_00.o
 .rodata._ZL17garawaru_regl_evt
                0x00002408      0x120 gor_00.o
 .rodata._ZL18garawaru_init_hook
                0x00002528       0x10 gor_00.o
 .rodata._ZL17garawaru_init_evt
                0x00002538      0x140 gor_00.o
 .rodata._ZL7npcEnt2
                0x00002678        0x9 gor_00.o
 *fill*         0x00002681        0x3 
 .rodata._ZL6npcEnt
                0x00002684        0x9 gor_00.o
 .rodata.str1.1
                0x0000268d       0x9f gor_01.o
 .rodata._ZL15bomhei_talk_evt
                0x0000272c       0x20 gor_01.o
 .rodata._ZL16chusan2_talk_evt
                0x0000274c       0x20 gor_01.o
 .rodata._ZL16chusan1_talk_evt
                0x0000276c       0x20 gor_01.o
 .rodata._ZL16kuribo3_talk_evt
                0x0000278c       0x20 gor_01.o
 .rodata._ZL16kuribo2_talk_evt
                0x000027ac       0x20 gor_01.o
 .rodata._ZL16kuribo1_talk_evt
                0x000027cc       0x20 gor_01.o
 .rodata._ZL15roten2_talk_evt
                0x000027ec       0x20 gor_01.o
 .rodata._ZL15roten1_talk_evt
                0x0000280c       0x20 gor_01.o
 .rodata._ZL19shoptender_talk_evt
                0x0000282c       0x20 gor_01.o
 .rodata._ZL15kinoji_talk_evt
                0x0000284c       0x20 gor_01.o
 .rodata._ZL19bottakuru_init_hook
                0x0000286c       0x10 gor_01.o
 .rodata._ZL18bottakuru_init_evt
                0x0000287c       0x70 gor_01.o
 .rodata._ZL18marco_init_01_hook
                0x000028ec       0x10 gor_01.o
 .rodata._ZL17marco_init_01_evt
                0x000028fc       0x40 gor_01.o
 .rodata._ZL20badgemaster_talk_evt
                0x0000293c       0x20 gor_01.o
 .rodata._ZL15luigi_init_hook
                0x0000295c       0x10 gor_02.o
 .rodata.str1.1
                0x0000296c      0x22d gor_02.o
 *fill*         0x00002b99        0x3 
 .rodata._ZL14luigi_init_evt
                0x00002b9c       0x4c gor_02.o
 .rodata._ZL20tozokudan2_talk_hook
                0x00002be8        0xc gor_02.o
 .rodata._ZL19tozokudan2_talk_evt
                0x00002bf4      0x160 gor_02.o
 .rodata._ZL20tozokudan1_talk_hook
                0x00002d54        0xc gor_02.o
 .rodata._ZL19tozokudan1_talk_evt
                0x00002d60      0x160 gor_02.o
 .rodata._ZL20kurihakase_init_hook
                0x00002ec0       0x10 gor_02.o
 .rodata._ZL19kurihakase_init_evt
                0x00002ed0      0x294 gor_02.o
 .rodata._ZL19kurihakase_talk_evt
                0x00003164      0x2cc gor_02.o
 .rodata._ZL22evt_door_02_open_hook2
                0x00003430       0x10 gor_02.o
 .rodata._ZL21evt_door_02_open_evt2
                0x00003440       0xc4 gor_02.o
 .rodata._ZL21evt_door_02_open_hook
                0x00003504       0x10 gor_02.o
 .rodata._ZL20evt_door_02_open_evt
                0x00003514      0x184 gor_02.o
 .rodata._ZL21gor_02_init_evt2_hook
                0x00003698       0x10 gor_02.o
 .rodata._ZL16gor_02_init_evt2
                0x000036a8       0xcc gor_02.o
 .rodata._ZL21gor_02_init_evt1_hook
                0x00003774       0x10 gor_02.o
 .rodata._ZL16gor_02_init_evt1
                0x00003784      0x138 gor_02.o
 .rodata._ZL16borodo2_talk_evt
                0x000038bc       0x20 gor_02.o
 .rodata._ZL16borodo1_talk_evt
                0x000038dc       0x20 gor_02.o
 .rodata._ZL15roten3_talk_evt
                0x000038fc       0x20 gor_02.o
 .rodata._ZL16chusan3_talk_evt
                0x0000391c       0x20 gor_02.o
 .rodata._ZL16kuribo4_talk_evt
                0x0000393c       0x20 gor_02.o
 .rodata._ZL20gor_03_init_evt_hook
                0x0000395c       0x10 gor_03.o
 .rodata.str1.1
                0x0000396c      0x100 gor_03.o
 .rodata._ZL19gor_03_init_evt_evt
                0x00003a6c      0x160 gor_03.o
 .rodata._ZL16maffia3_talk_evt
                0x00003bcc       0x20 gor_03.o
 .rodata._ZL16maffia2_talk_evt
                0x00003bec      0x140 gor_03.o
 .rodata._ZL16maffia1_talk_evt
                0x00003d2c      0x140 gor_03.o
 .rodata._ZL26maffiaboss_casino_talk_evt
                0x00003e6c       0x20 gor_03.o
 .rodata._ZL26maffiaboss_talk_common_evt
                0x00003e8c      0x120 gor_03.o
 .rodata._Z17ApplyGor04Patchesv.str1.1
                0x00003fac       0x12 gor_04.o
 .rodata.str1.1
                0x00003fbe        0x7 gor_misc.o
 *fill*         0x00003fc5        0x3 
 .rodata._ZL9party_evt
                0x00003fc8       0x9c gor_misc.o
 .rodata._ZL9goombella
                0x00004064        0x9 gor_misc.o
 .rodata.str1.1
                0x0000406d       0x18 gra.o
 *fill*         0x00004085        0x3 
 .rodata._ZL17evt_machibuse_evt
                0x00004088       0x4c gra.o
 .rodata._ZL8doopliss
                0x000040d4        0xb gra.o
 *fill*         0x000040df        0x1 
 .rodata._ZL11stones_hook
                0x000040e0       0x10 hei.o
 .rodata.str1.1
                0x000040f0       0x21 hei.o
 *fill*         0x00004111        0x3 
 .rodata._ZL10stones_evt
                0x00004114       0xd8 hei.o
 .rodata._ZL13hei_party_evt
                0x000041ec       0x80 hei.o
 .rodata._ZL5koops
                0x0000426c        0xb hei.o
 *fill*         0x00004277        0x1 
 .rodata._ZL20hom_00_init_evt_hook
                0x00004278       0x10 hom.o
 .rodata.str1.1
                0x00004288       0x1f hom.o
 *fill*         0x000042a7        0x1 
 .rodata._ZL19hom_00_init_evt_evt
                0x000042a8       0x94 hom.o
 .rodata._ZL20jin_08_init_evt_hook
                0x0000433c        0x8 jin.o
 .rodata._ZL19jin_08_init_evt_evt
                0x00004344       0x1c jin.o
 .rodata._ZL18tenkyugi_evt2_hook
                0x00004360       0x10 las.o
 .rodata.str1.1
                0x00004370       0x68 las.o
 .rodata._ZL17tenkyugi_evt2_evt
                0x000043d8       0x2c las.o
 .rodata._ZL20las_10_init_evt_hook
                0x00004404       0x10 las.o
 .rodata._ZL19las_10_init_evt_evt
                0x00004414       0x40 las.o
 .rodata._ZL13stairs_revert
                0x00004454      0x104 las.o
 .rodata._ZL20mri_09_init_evt_hook
                0x00004558       0x10 mri.o
 .rodata.str1.1
                0x00004568      0x181 mri.o
 *fill*         0x000046e9        0x3 
 .rodata._ZL19mri_09_init_evt_evt
                0x000046ec      0x14c mri.o
 .rodata._ZL20mri_04_init_evt_hook
                0x00004838       0x10 mri.o
 .rodata._ZL19mri_04_init_evt_evt
                0x00004848       0x30 mri.o
 .rodata._ZL16bero_custom_hook
                0x00004878       0x10 mri.o
 .rodata._ZL15bero_custom_evt
                0x00004888       0x44 mri.o
 .rodata._ZL21mri_01_init_evt_hook2
                0x000048cc       0x10 mri.o
 .rodata._ZL19mri_01_init_evt_evt
                0x000048dc       0x30 mri.o
 .rodata._ZL18puniinfo_talk_hook
                0x0000490c       0x10 mri.o
 .rodata._ZL20mri_03_init_evt_hook
                0x0000491c       0x14 mri.o
 .rodata._ZL22mri_03_init_evt_switch
                0x00004930       0x9c mri.o
 .rodata._ZL20mri_01_init_evt_hook
                0x000049cc       0x14 mri.o
 .rodata._ZL22mri_01_init_evt_switch
                0x000049e0       0xb0 mri.o
 .rodata._ZL23mri_sister_init_01_hook
                0x00004a90       0x10 mri.o
 .rodata._ZL22mri_sister_init_01_evt
                0x00004aa0       0xa8 mri.o
 .rodata._ZL16puni_2_init_hook
                0x00004b48       0x10 mri.o
 .rodata._ZL15puni_2_init_evt
                0x00004b58       0x78 mri.o
 .rodata._ZL16puni_1_talk_hook
                0x00004bd0       0x10 mri.o
 .rodata._ZL15puni_1_talk_evt
                0x00004be0       0xb0 mri.o
 .rodata._ZL16puni_1_init_hook
                0x00004c90       0x10 mri.o
 .rodata._ZL15puni_1_init_evt
                0x00004ca0       0x78 mri.o
 .rodata._ZL15elder_talk_hook
                0x00004d18       0x10 mri.o
 .rodata._ZL14elder_talk_evt
                0x00004d28       0xb8 mri.o
 .rodata._ZL22mri_elder_init_01_hook
                0x00004de0       0x10 mri.o
 .rodata._ZL21mri_elder_init_01_evt
                0x00004df0       0xcc mri.o
 .rodata._ZL22mri_rival_init_01_hook
                0x00004ebc       0x10 mri.o
 .rodata._ZL21mri_rival_init_01_evt
                0x00004ecc       0xb8 mri.o
 .rodata._ZL18guide_init_01_hook
                0x00004f84       0x10 mri.o
 .rodata._ZL17guide_init_01_evt
                0x00004f94       0x8c mri.o
 .rodata._ZL15guide_talk_hook
                0x00005020       0x10 mri.o
 .rodata._ZL14guide_talk_evt
                0x00005030       0x98 mri.o
 .rodata._ZL18guide_init_00_hook
                0x000050c8       0x10 mri.o
 .rodata._ZL17guide_init_00_evt
                0x000050d8      0x150 mri.o
 .rodata._ZL14muj_party_hook
                0x00005228       0x10 muj.o
 .rodata.str1.1
                0x00005238      0x38f muj.o
 *fill*         0x000055c7        0x1 
 .rodata._ZL13muj_party_evt
                0x000055c8       0xac muj.o
 .rodata._ZL22peton_init_muj_01_hook
                0x00005674       0x10 muj.o
 .rodata._ZL21peton_init_muj_01_evt
                0x00005684       0x54 muj.o
 .rodata._ZL21mony_init_muj_01_hook
                0x000056d8       0x10 muj.o
 .rodata._ZL20mony_init_muj_01_evt
                0x000056e8       0x54 muj.o
 .rodata._ZL17koburon_dead_hook
                0x0000573c       0x10 muj.o
 .rodata._ZL16koburon_dead_evt
                0x0000574c      0x3bc muj.o
 .rodata._ZL20muj_01_init_evt_hook
                0x00005b08       0x10 muj.o
 .rodata._ZL19muj_01_init_evt_evt
                0x00005b18       0x50 muj.o
 .rodata._ZL21borosuifu_b_talk_hook
                0x00005b68       0x10 muj.o
 .rodata._ZL20borosuifu_b_talk_evt
                0x00005b78       0xf8 muj.o
 .rodata._ZL21borosuifu_a_talk_hook
                0x00005c70       0x10 muj.o
 .rodata._ZL20borosuifu_a_talk_evt
                0x00005c80       0xf8 muj.o
 .rodata._ZL24suifu_d_talk_muj_01_hook
                0x00005d78       0x10 muj.o
 .rodata._ZL23suifu_d_talk_muj_01_evt
                0x00005d88       0xf8 muj.o
 .rodata._ZL20suifu_bomb_talk_hook
                0x00005e80       0x10 muj.o
 .rodata._ZL19suifu_bomb_talk_evt
                0x00005e90       0xf4 muj.o
 .rodata._ZL20suifu_bomb_init_hook
                0x00005f84       0x10 muj.o
 .rodata._ZL19suifu_bomb_init_evt
                0x00005f94       0x30 muj.o
 .rodata._ZL24suifu_a_talk_muj_01_hook
                0x00005fc4       0x10 muj.o
 .rodata._ZL23suifu_a_talk_muj_01_evt
                0x00005fd4       0xf4 muj.o
 .rodata._ZL24suifu_a_init_muj_01_hook
                0x000060c8       0x10 muj.o
 .rodata._ZL23suifu_a_init_muj_01_evt
                0x000060d8       0x40 muj.o
 .rodata._ZL23odoodo_init_muj_01_hook
                0x00006118       0x10 muj.o
 .rodata._ZL22odoodo_init_muj_01_evt
                0x00006128       0x40 muj.o
 .rodata._ZL23megane_init_muj_01_hook
                0x00006168       0x10 muj.o
 .rodata._ZL22megane_init_muj_01_evt
                0x00006178       0x40 muj.o
 .rodata._ZL22marco_init_muj_01_hook
                0x000061b8       0x10 muj.o
 .rodata._ZL21marco_init_muj_01_evt
                0x000061c8       0x9c muj.o
 .rodata._ZL25garawaru_talk_muj_01_hook
                0x00006264       0x10 muj.o
 .rodata._ZL24garawaru_talk_muj_01_evt
                0x00006274      0x4b4 muj.o
 .rodata._ZL25garawaru_init_muj_01_hook
                0x00006728       0x10 muj.o
 .rodata._ZL24garawaru_init_muj_01_evt
                0x00006738       0xd8 muj.o
 .rodata._ZL20muj_00_init_evt_hook
                0x00006810       0x44 muj.o
 .rodata._ZL21muj_00_init_evt_evt_2
                0x00006854       0x70 muj.o
 .rodata._ZL19muj_00_init_evt_evt
                0x000068c4       0x40 muj.o
 .rodata._ZL22peton_talk_muj_00_hook
                0x00006904       0x10 muj.o
 .rodata._ZL21peton_talk_muj_00_evt
                0x00006914       0x8c muj.o
 .rodata._ZL21mony_talk_muj_00_hook
                0x000069a0       0x10 muj.o
 .rodata._ZL20mony_talk_muj_00_evt
                0x000069b0       0x8c muj.o
 .rodata._ZL17nokorin_talk_hook
                0x00006a3c       0x10 nok.o
 .rodata.str1.1
                0x00006a4c      0x4b1 nok.o
 *fill*         0x00006efd        0x3 
 .rodata._ZL16nokorin_talk_evt
                0x00006f00      0x2f4 nok.o
 .rodata._ZL19boss_noko_talk_hook
                0x000071f4       0x10 nok.o
 .rodata._ZL18boss_noko_talk_evt
                0x00007204      0x164 nok.o
 .rodata._ZL20nokonoko_K_talk_hook
                0x00007368       0x10 nok.o
 .rodata._ZL19nokonoko_K_talk_evt
                0x00007378       0xd4 nok.o
 .rodata._ZL18nokopapa_talk_hook
                0x0000744c       0x10 nok.o
 .rodata._ZL17nokopapa_talk_evt
                0x0000745c      0x128 nok.o
 .rodata._ZL16monban_talk_hook
                0x00007584       0x10 nok.o
 .rodata._ZL15monban_talk_evt
                0x00007594      0x11c nok.o
 .rodata._ZL20nokonoko_I_talk_hook
                0x000076b0       0x10 nok.o
 .rodata._ZL19nokonoko_I_talk_evt
                0x000076c0       0xd4 nok.o
 .rodata._ZL20nokonoko_H_talk_hook
                0x00007794       0x10 nok.o
 .rodata._ZL19nokonoko_H_talk_evt
                0x000077a4       0xfc nok.o
 .rodata._ZL20nokonoko_G_talk_hook
                0x000078a0       0x10 nok.o
 .rodata._ZL19nokonoko_G_talk_evt
                0x000078b0       0xd4 nok.o
 .rodata._ZL15talk_white_hook
                0x00007984       0x10 nok.o
 .rodata._ZL14talk_white_evt
                0x00007994       0xa4 nok.o
 .rodata._ZL15init_white_hook
                0x00007a38       0x10 nok.o
 .rodata._ZL14init_white_evt
                0x00007a48       0x44 nok.o
 .rodata._ZL20nokonoko_F_talk_hook
                0x00007a8c       0x10 nok.o
 .rodata._ZL19nokonoko_F_talk_evt
                0x00007a9c       0xd4 nok.o
 .rodata._ZL20nokonoko_D_talk_hook
                0x00007b70       0x10 nok.o
 .rodata._ZL19nokonoko_D_talk_evt
                0x00007b80       0xfc nok.o
 .rodata._ZL20nokonoko_C_talk_hook
                0x00007c7c       0x10 nok.o
 .rodata._ZL19nokonoko_C_talk_evt
                0x00007c8c       0xd4 nok.o
 .rodata._ZL20nokonoko_B_talk_hook
                0x00007d60       0x10 nok.o
 .rodata._ZL19nokonoko_B_talk_evt
                0x00007d70       0xd4 nok.o
 .rodata._ZL20nokonoko_A_talk_hook
                0x00007e44       0x10 nok.o
 .rodata._ZL19nokonoko_A_talk_evt
                0x00007e54      0x10c nok.o
 .rodata._ZL16pik_00_init_hook
                0x00007f60       0x10 pik.o
 .rodata.str1.1
                0x00007f70      0x166 pik.o
 *fill*         0x000080d6        0x2 
 .rodata._ZL19pik_00_init_evt_evt
                0x000080d8       0x58 pik.o
 .rodata._ZL31pik_talk_madam_ring_return_hook
                0x00008130       0x10 pik.o
 .rodata._ZL20talk_madam_ring_item
                0x00008140       0xb8 pik.o
 .rodata._ZL14evt_daiza_hook
                0x000081f8       0x1c pik.o
 .rodata._ZL13evt_daiza_evt
                0x00008214       0x5c pik.o
 .rodata._ZL18pik_evt_powan_hook
                0x00008270       0x28 pik.o
 .rodata._ZL17pik_evt_powan_evt
                0x00008298       0x94 pik.o
 .rodata._ZL16takun6_talk_hook
                0x0000832c       0x10 pik.o
 .rodata._ZL15takun6_talk_evt
                0x0000833c       0x78 pik.o
 .rodata._ZL16takun5_talk_hook
                0x000083b4       0x10 pik.o
 .rodata._ZL15takun5_talk_evt
                0x000083c4       0x78 pik.o
 .rodata._ZL16takun4_talk_hook
                0x0000843c       0x10 pik.o
 .rodata._ZL15takun4_talk_evt
                0x0000844c       0xb4 pik.o
 .rodata._ZL18miyageya_talk_hook
                0x00008500       0x28 pik.o
 .rodata._ZL17miyageya_talk_evt
                0x00008528      0x114 pik.o
 .rodata._ZL6madam2
                0x0000863c        0x7 pik.o
 *fill*         0x00008643        0x1 
 .rodata._ZL28talk_madam_ring_return_hook2
                0x00008644       0x10 rsh.o
 .rodata.str1.1
                0x00008654      0x1b8 rsh.o
 .rodata._ZL20talk_madam_ring_item
                0x0000880c       0xbc rsh.o
 .rodata._ZL15talk_madam_hook
                0x000088c8       0x10 rsh.o
 .rodata._ZL28talk_madam_ring_return_hook1
                0x000088d8       0x10 rsh.o
 .rodata._ZL26talk_madam_ring_return_evt
                0x000088e8       0x70 rsh.o
 .rodata._ZL16init_konari_hook
                0x00008958       0x10 rsh.o
 .rodata._ZL14init_papa_hook
                0x00008968       0x10 rsh.o
 .rodata._ZL15init_konari_evt
                0x00008978       0x9c rsh.o
 .rodata._ZL15init_powan_hook
                0x00008a14       0x10 rsh.o
 .rodata._ZL14init_powan_evt
                0x00008a24       0xec rsh.o
 .rodata._ZL19talk_waitless_hook2
                0x00008b10       0x10 rsh.o
 .rodata._ZL19talk_waitless_hook1
                0x00008b20       0x10 rsh.o
 .rodata._ZL17talk_waitless_evt
                0x00008b30       0x78 rsh.o
 .rodata._ZL21rsh_01_init_evt_hook2
                0x00008ba8       0x10 rsh.o
 .rodata._ZL19rsh_01_init_evt_evt
                0x00008bb8       0xd8 rsh.o
 .rodata._ZL20rsh_00_init_evt_hook
                0x00008c90       0x10 rsh.o
 .rodata._ZL19rsh_00_init_evt_evt
                0x00008ca0       0xb8 rsh.o
 .rodata._ZL20rsh_04_init_evt_hook
                0x00008d58       0x10 rsh.o
 .rodata._ZL20rsh_03_init_evt_hook
                0x00008d68       0x10 rsh.o
 .rodata._ZL20rsh_02_init_evt_hook
                0x00008d78       0x10 rsh.o
 .rodata._ZL21rsh_01_init_evt_hook1
                0x00008d88       0x10 rsh.o
 .rodata._ZL19rsh_04_init_evt_evt
                0x00008d98       0xc0 rsh.o
 .rodata._ZL26rsh_03_init_evt_music_hook
                0x00008e58       0x10 rsh.o
 .rodata._ZL21rsh_03_init_evt_music
                0x00008e68      0x1f8 rsh.o
 .rodata._ZL26rsh_02_init_evt_music_hook
                0x00009060       0x10 rsh.o
 .rodata._ZL21rsh_02_init_evt_music
                0x00009070      0x270 rsh.o
 .rodata._ZL26rsh_01_init_evt_music_hook
                0x000092e0       0x10 rsh.o
 .rodata._ZL21rsh_01_init_evt_music
                0x000092f0      0x1f8 rsh.o
 .rodata._ZL26rsh_00_init_evt_music_hook
                0x000094e8       0x10 rsh.o
 .rodata._ZL21rsh_00_init_evt_music
                0x000094f8      0x1f8 rsh.o
 .rodata._ZL26rsh_04_init_evt_music_hook
                0x000096f0       0x10 rsh.o
 .rodata._ZL21rsh_04_init_evt_music
                0x00009700      0x1f8 rsh.o
 .rodata._ZL20rsh_06_init_evt_hook
                0x000098f8       0x10 rsh.o
 .rodata._ZL19rsh_06_init_evt_evt
                0x00009908      0x178 rsh.o
 .rodata._ZL6madam1
                0x00009a80        0x7 rsh.o
 .rodata.str1.1
                0x00009a87      0x20a tik.o
 *fill*         0x00009c91        0x3 
 .rodata._ZL19tik_evt_majin2_item
                0x00009c94       0xa8 tik.o
 .rodata._ZL21tik_05_init_evt_hook2
                0x00009d3c       0x10 tik.o
 .rodata._ZL20tik_05_init_evt_evt2
                0x00009d4c       0xa4 tik.o
 .rodata._ZL20tik_05_init_evt_hook
                0x00009df0       0x10 tik.o
 .rodata._ZL19tik_05_init_evt_evt
                0x00009e00       0x48 tik.o
 .rodata._ZL24tik_kurihakase_init_hook
                0x00009e48       0x10 tik.o
 .rodata._ZL23tik_kurihakase_init_evt
                0x00009e58       0x8c tik.o
 .rodata._ZL18master_2_talk_hook
                0x00009ee4       0x10 tik.o
 .rodata._ZL17master_2_talk_evt
                0x00009ef4      0x180 tik.o
 .rodata._ZL17borodo4_talk_hook
                0x0000a074       0x10 tik.o
 .rodata._ZL16borodo4_talk_evt
                0x0000a084      0x180 tik.o
 .rodata._ZL17borodo3_talk_hook
                0x0000a204       0x10 tik.o
 .rodata._ZL16borodo3_talk_evt
                0x0000a214      0x180 tik.o
 .rodata._ZL17chusan4_talk_hook
                0x0000a394       0x10 tik.o
 .rodata._ZL16chusan4_talk_evt
                0x0000a3a4      0x180 tik.o
 .rodata._ZL17kuribo5_talk_hook
                0x0000a524       0x10 tik.o
 .rodata._ZL16kuribo5_talk_evt
                0x0000a534      0x180 tik.o
 .rodata._ZL16hotdog_item_hook
                0x0000a6b4       0x10 tou.o
 .rodata.str1.1
                0x0000a6c4       0x76 tou.o
 *fill*         0x0000a73a        0x2 
 .rodata._ZL11hotdog_item
                0x0000a73c       0xe8 tou.o
 .rodata._ZL18tou_party_evt_hook
                0x0000a824       0x10 tou.o
 .rodata._ZL13tou_party_evt
                0x0000a834       0x5c tou.o
 .rodata._ZL20tou_04_init_evt_hook
                0x0000a890       0x10 tou.o
 .rodata._ZL19tou_04_init_evt_evt
                0x0000a8a0       0x78 tou.o
 .rodata._ZL14yoshi_gswf_evt
                0x0000a918       0x14 tou.o
 .rodata._ZL15jolene_egg_hook
                0x0000a92c       0x10 tou.o
 .rodata._ZL14jolene_egg_evt
                0x0000a93c      0x220 tou.o
 .rodata._ZL16talk_sakaba_hook
                0x0000ab5c       0x10 tou.o
 .rodata._ZL15talk_sakaba_evt
                0x0000ab6c       0x84 tou.o
 .rodata._ZL6jolene
                0x0000abf0        0xb tou.o
 .rodata.str1.1
                0x0000abfb      0x49e usu.o
 *fill*         0x0000b099        0x3 
 .rodata._ZL19usu_evt_majin2_item
                0x0000b09c       0xa8 usu.o
 .rodata._ZL18usu_party_evt_hook
                0x0000b144       0x10 usu.o
 .rodata._ZL13usu_party_evt
                0x0000b154       0xc8 usu.o
 .rodata._ZL23village_chief_init_hook
                0x0000b21c       0x10 usu.o
 .rodata._ZL22village_chief_init_evt
                0x0000b22c       0x58 usu.o
 .rodata._ZL27village_chief_pig_init_hook
                0x0000b284       0x10 usu.o
 .rodata._ZL26village_chief_pig_init_evt
                0x0000b294       0x70 usu.o
 .rodata._ZL23village_chief_talk_hook
                0x0000b304       0x10 usu.o
 .rodata._ZL22village_chief_talk_evt
                0x0000b314      0x1c8 usu.o
 .rodata._ZL20gatekeeper_init_hook
                0x0000b4dc       0x10 usu.o
 .rodata._ZL19gatekeeper_init_evt
                0x0000b4ec       0x8c usu.o
 .rodata._ZL24gatekeeper_pig_init_hook
                0x0000b578       0x10 usu.o
 .rodata._ZL23gatekeeper_pig_init_evt
                0x0000b588       0x78 usu.o
 .rodata._ZL20gatekeeper_talk_hook
                0x0000b600       0x10 usu.o
 .rodata._ZL19gatekeeper_talk_evt
                0x0000b610      0x114 usu.o
 .rodata._ZL20usu_00_init_evt_hook
                0x0000b724       0x14 usu.o
 .rodata._ZL19usu_00_init_evt_evt
                0x0000b738       0x5c usu.o
 .rodata._ZL20shop_woman_talk_hook
                0x0000b794       0x10 usu.o
 .rodata._ZL19shop_woman_talk_evt
                0x0000b7a4       0x78 usu.o
 .rodata._ZL18shop_man_talk_hook
                0x0000b81c       0x10 usu.o
 .rodata._ZL17shop_man_talk_evt
                0x0000b82c       0x78 usu.o
 .rodata._ZL19villagerJ_talk_hook
                0x0000b8a4       0x10 usu.o
 .rodata._ZL18villagerJ_talk_evt
                0x0000b8b4      0x104 usu.o
 .rodata._ZL19villagerI_talk_hook
                0x0000b9b8       0x10 usu.o
 .rodata._ZL18villagerI_talk_evt
                0x0000b9c8      0x104 usu.o
 .rodata._ZL19villagerH_talk_hook
                0x0000bacc       0x10 usu.o
 .rodata._ZL18villagerH_talk_evt
                0x0000badc       0xd0 usu.o
 .rodata._ZL19villagerG_talk_hook
                0x0000bbac       0x10 usu.o
 .rodata._ZL18villagerG_talk_evt
                0x0000bbbc       0xf0 usu.o
 .rodata._ZL19villagerF_talk_hook
                0x0000bcac       0x10 usu.o
 .rodata._ZL18villagerF_talk_evt
                0x0000bcbc       0xf0 usu.o
 .rodata._ZL19villagerK_talk_hook
                0x0000bdac       0x10 usu.o
 .rodata._ZL18villagerK_talk_evt
                0x0000bdbc      0x130 usu.o
 .rodata._ZL19villagerE_talk_hook
                0x0000beec       0x10 usu.o
 .rodata._ZL18villagerE_talk_evt
                0x0000befc      0x130 usu.o
 .rodata._ZL19villagerD_talk_hook
                0x0000c02c       0x10 usu.o
 .rodata._ZL18villagerD_talk_evt
                0x0000c03c      0x194 usu.o
 .rodata._ZL19villagerC_talk_hook
                0x0000c1d0       0x10 usu.o
 .rodata._ZL18villagerC_talk_evt
                0x0000c1e0       0xfc usu.o
 .rodata._ZL19villagerB_talk_hook
                0x0000c2dc       0x10 usu.o
 .rodata._ZL18villagerB_talk_evt
                0x0000c2ec       0xfc usu.o
 .rodata._ZL19villagerA_talk_hook
                0x0000c3e8       0x10 usu.o
 .rodata._ZL18villagerA_talk_evt
                0x0000c3f8      0x130 usu.o
 .rodata._ZL19villagerA_init_hook
                0x0000c528       0x10 usu.o
 .rodata._ZL18villagerA_init_evt
                0x0000c538       0x6c usu.o
 .rodata._ZL6vivian
                0x0000c5a4        0x9 usu.o
 *fill*         0x0000c5ad        0x3 
 .rodata._ZL5mayor
                0x0000c5b0        0x5 usu.o
 *fill*         0x0000c5b5        0x3 
 .rodata._ZL9mayor_pig
                0x0000c5b8        0x9 usu.o
 *fill*         0x0000c5c1        0x3 
 .rodata._ZL8doopliss
                0x0000c5c4        0xb usu.o
 *fill*         0x0000c5cf        0x1 
 .rodata._ZL10gatekeeper
                0x0000c5d0        0x5 usu.o
 *fill*         0x0000c5d5        0x3 
 .rodata._ZL14gatekeeper_pig
                0x0000c5d8        0x9 usu.o
 *fill*         0x0000c5e1        0x3 
 .rodata._ZL12usuVillagerA
                0x0000c5e4        0x7 usu.o
 *fill*         0x0000c5eb        0x1 
 .rodata._ZL14win_party_hook
                0x0000c5ec       0x10 win.o
 .rodata.str1.1
                0x0000c5fc       0x36 win.o
 *fill*         0x0000c632        0x2 
 .rodata._ZL13win_party_evt
                0x0000c634       0xf0 win.o
 .rodata._ZL20win_00_init_evt_hook
                0x0000c724       0x10 win.o
 .rodata._ZL19win_00_init_evt_evt
                0x0000c734       0x30 win.o
 .rodata._ZL17majorin_init_hook
                0x0000c764       0x10 win.o
 .rodata._ZL16majorin_init_evt
                0x0000c774       0x30 win.o
 .rodata._ZL17maririn_init_hook
                0x0000c7a4       0x10 win.o
 .rodata._ZL16maririn_init_evt
                0x0000c7b4       0x30 win.o
 .rodata._ZL20win_vivian_init_hook
                0x0000c7e4       0x10 win.o
 .rodata._ZL19win_vivian_init_evt
                0x0000c7f4       0x98 win.o
 .rodata._ZL7flurrie
                0x0000c88c        0x9 win.o
 *(.gnu.linkonce.r.*)

.rodata1
 *(.rodata1)

.sdata2         0x0000c895        0x0
                [!provide]                        PROVIDE (_SDA2_BASE_ = .)
 *(.sdata2)
 *(.sdata2.*)
 *(.gnu.linkonce.s2.*)

.sbss2
 *(.sbss2)
 *(.sbss2.*)
 *(.gnu.linkonce.sb2.*)
                0x0000c898                        . = ALIGN (0x4)
                [!provide]                        PROVIDE (__preinit_array_start = .)

.preinit_array
 *(.preinit_array)
                [!provide]                        PROVIDE (__preinit_array_end = .)
                [!provide]                        PROVIDE (__init_array_start = .)

.init_array
 *(.init_array)
                [!provide]                        PROVIDE (__init_array_end = .)
                [!provide]                        PROVIDE (__fini_array_start = .)

.fini_array
 *(.fini_array)
                [!provide]                        PROVIDE (__fini_array_end = .)

.data           0x0000c898      0x308
 *(.data)
 *(.data.*)
 .data._ZN3mod6common12kItemDataArrE
                0x0000c898        0x4 common.o
                0x0000c898                _ZN3mod6common12kItemDataArrE
 .data.errorTextPosY
                0x0000c89c        0x4 errorHandling.o
                0x0000c89c                errorTextPosY
 .data._ZL16gor_00_init_evt2
                0x0000c8a0      0x2bc gor_00.o
 .data.shopWorkPtr
                0x0000cb5c        0x4 main.o
                0x0000cb5c                shopWorkPtr
 .data.goods    0x0000cb60       0x28 main.o
                0x0000cb60                goods
 *(.gnu.linkonce.d.*)
                0x0000cba0                        . = ALIGN (0x20)
 *fill*         0x0000cb88       0x18 

.data1
 *(.data1)

.tdata
 *(.tdata .tdata.* .gnu.linkonce.td.*)

.tbss
 *(.tbss .tbss.* .gnu.linkonce.tb.*)
 *(.tcommon)

.eh_frame       0x0000cba0     0x192c
 *(.eh_frame)
 .eh_frame      0x0000cba0      0x2bc OWR.o
 .eh_frame      0x0000ce5c       0x28 StateManager.o
                                 0x3c (size before relaxing)
 .eh_frame      0x0000ce84        0x0 common.o
                                 0xc8 (size before relaxing)
 .eh_frame      0x0000ce84       0x68 con_mario.o
 .eh_frame      0x0000ceec       0x68 con_perf.o
 .eh_frame      0x0000cf54       0xa0 con_seq.o
 .eh_frame      0x0000cff4      0x2ec console.o
                                0x310 (size before relaxing)
 .eh_frame      0x0000d2e0       0x64 cxx.o
                                 0x8c (size before relaxing)
 .eh_frame      0x0000d344      0x26c errorHandling.o
 .eh_frame      0x0000d5b0      0x130 gamePatches.o
 .eh_frame      0x0000d6e0       0xa4 keyboard.o
                                 0xcc (size before relaxing)
 .eh_frame      0x0000d784       0xfc mod.o
                                0x110 (size before relaxing)
 .eh_frame      0x0000d880       0xd8 patch.o
                                0x18c (size before relaxing)
 .eh_frame      0x0000d958       0x5c printf.o
 .eh_frame      0x0000d9b4       0x7c rel.o
 .eh_frame      0x0000da30       0x98 ug.o
 .eh_frame      0x0000dac8       0xdc util.o
                                0x100 (size before relaxing)
 .eh_frame      0x0000dba4       0x28 aaa.o
 .eh_frame      0x0000dbcc       0x6c aji.o
 .eh_frame      0x0000dc38       0x28 bom.o
 .eh_frame      0x0000dc60       0x3c dou.o
 .eh_frame      0x0000dc9c       0x40 eki.o
 .eh_frame      0x0000dcdc       0x28 end.o
 .eh_frame      0x0000dd04       0x40 gon.o
 .eh_frame      0x0000dd44       0x74 gor_00.o
 .eh_frame      0x0000ddb8       0x48 gor_01.o
 .eh_frame      0x0000de00       0x50 gor_02.o
 .eh_frame      0x0000de50       0x50 gor_03.o
 .eh_frame      0x0000dea0       0x38 gor_04.o
 .eh_frame      0x0000ded8       0x54 gor_misc.o
 .eh_frame      0x0000df2c       0x40 gra.o
 .eh_frame      0x0000df6c       0x4c hei.o
 .eh_frame      0x0000dfb8       0x38 hom.o
 .eh_frame      0x0000dff0       0x40 jin.o
 .eh_frame      0x0000e030       0x28 kpa.o
 .eh_frame      0x0000e058       0x50 las.o
 .eh_frame      0x0000e0a8       0x3c main.o
                                 0xbc (size before relaxing)
 .eh_frame      0x0000e0e4        0x0 moo.o
                                 0x28 (size before relaxing)
 .eh_frame      0x0000e0e4       0x68 mri.o
 .eh_frame      0x0000e14c       0x6c muj.o
 .eh_frame      0x0000e1b8       0x4c nok.o
 .eh_frame      0x0000e204       0x54 pik.o
 .eh_frame      0x0000e258       0x6c rsh.o
 .eh_frame      0x0000e2c4       0xb8 tik.o
 .eh_frame      0x0000e37c       0x6c tou.o
 .eh_frame      0x0000e3e8       0x28 tou2.o
 .eh_frame      0x0000e410       0x68 usu.o
 .eh_frame      0x0000e478       0x54 win.o

.gcc_except_table
 *(.gcc_except_table)

.fixup
 *(.fixup)

.got1
 *(.got1)

.got2
 *(.got2)

.dynamic
 *(.dynamic)

.ctors          0x0000e4cc       0x34
 *crtbegin.o(.ctors)
 *(EXCLUDE_FILE(*crtend.o) .ctors)
 .ctors         0x0000e4cc        0x4 OWR.o
 .ctors         0x0000e4d0        0x4 con_mario.o
 .ctors         0x0000e4d4        0x4 con_perf.o
 .ctors         0x0000e4d8        0x4 con_seq.o
 .ctors         0x0000e4dc        0x4 console.o
 .ctors         0x0000e4e0        0x4 errorHandling.o
 .ctors         0x0000e4e4        0x4 gor_00.o
 *(SORT_BY_NAME(.ctors.*))
 *(.ctors)
                0x0000e500                        . = ALIGN (0x20)
 *fill*         0x0000e4e8       0x18 

.dtors          0x0000e500       0x20
 *crtbegin.o(.dtors)
 *(EXCLUDE_FILE(*crtend.o) .dtors)
 .dtors         0x0000e500        0x4 errorHandling.o
 *(SORT_BY_NAME(.dtors.*))
 *(.dtors)
                0x0000e520                        . = ALIGN (0x20)
 *fill*         0x0000e504       0x1c 

.jcr
 *(.jcr)

.got
 *(.got.plt)
 *(.got)

.sdata          0x0000e520        0x0
                [!provide]                        PROVIDE (_SDA_BASE_ = .)
 *(.sdata)
 *(.sdata.*)
 *(.gnu.linkonce.s.*)
                0x0000e520                        . = ALIGN (0x20)
                0x0000e520                        _edata = .
                [!provide]                        PROVIDE (edata = .)

.sbss           0x0000e520        0x0
                0x0000e520                        __sbss_start = .
                [!provide]                        PROVIDE (__sbss_start = .)
                [!provide]                        PROVIDE (___sbss_start = .)
 *(.dynsbss)
 *(.sbss)
 *(.sbss.*)
 *(.gnu.linkonce.sb.*)
 *(.scommon)
                [!provide]                        PROVIDE (__sbss_end = .)
                [!provide]                        PROVIDE (___sbss_end = .)
                0x0000e520                        . = ALIGN (0x20)
                0x0000e520                        __sbss_end = .

.bss            0x0000e520      0x180
                0x0000e520                        __bss_start = .
                [!provide]                        PROVIDE (__bss_start = .)
 *(.dynbss)
 *(.bss)
 *(.bss.*)
 .bss._ZN3mod3owr22g_msgSearch_trampolineE
                0x0000e520        0x4 OWR.o
                0x0000e520                _ZN3mod3owr22g_msgSearch_trampolineE
 .bss._ZN3mod3owr31g_evt_mario_set_pose_trampolineE
                0x0000e524        0x4 OWR.o
                0x0000e524                _ZN3mod3owr31g_evt_mario_set_pose_trampolineE
 .bss._ZN3mod3owr30g_partySetForceMove_trampolineE
                0x0000e528        0x4 OWR.o
                0x0000e528                _ZN3mod3owr30g_partySetForceMove_trampolineE
 .bss._ZN3mod3owr28g_pouchRemoveItem_trampolineE
                0x0000e52c        0x4 OWR.o
                0x0000e52c                _ZN3mod3owr28g_pouchRemoveItem_trampolineE
 .bss._ZN3mod3owr25g_pouchGetItem_trampolineE
                0x0000e530        0x4 OWR.o
                0x0000e530                _ZN3mod3owr25g_pouchGetItem_trampolineE
 .bss._ZN3mod3owr22g_seqSetSeq_trampolineE
                0x0000e534        0x4 OWR.o
                0x0000e534                _ZN3mod3owr22g_seqSetSeq_trampolineE
 .bss._ZN3mod3owr19g_OSLink_trampolineE
                0x0000e538        0x4 OWR.o
                0x0000e538                _ZN3mod3owr19g_OSLink_trampolineE
 .bss._ZN3mod3owr6gStateE
                0x0000e53c        0x4 OWR.o
                0x0000e53c                _ZN3mod3owr6gStateE
 .bss._ZN3mod3owr5gSelfE
                0x0000e540        0x4 OWR.o
                0x0000e540                _ZN3mod3owr5gSelfE
 .bss._ZN3mod3owr7item_dbE
                0x0000e544        0x4 OWR.o
                0x0000e544                _ZN3mod3owr7item_dbE
 .bss.gState    0x0000e548        0x4 StateManager.o
                0x0000e548                gState
 .bss._ZN3modL12mod_if_obj24E
                0x0000e54c        0x8 con_mario.o
 .bss._ZN3mod14mario_show_posE
                0x0000e554       0x10 con_mario.o
                0x0000e554                _ZN3mod14mario_show_posE
 .bss._ZN3mod13mario_set_posE
                0x0000e564        0xc con_mario.o
                0x0000e564                _ZN3mod13mario_set_posE
 .bss._ZN3modL12mod_if_obj51E
                0x0000e570        0x8 con_perf.o
 .bss._ZN3mod14mem_debug_heapE
                0x0000e578       0x10 con_perf.o
                0x0000e578                _ZN3mod14mem_debug_heapE
 .bss._ZN3mod15perf_fake_spikeE
                0x0000e588        0xc con_perf.o
                0x0000e588                _ZN3mod15perf_fake_spikeE
 .bss._ZN3mod14seq_change_mapE
                0x0000e594        0xc con_seq.o
                0x0000e594                _ZN3mod14seq_change_mapE
 .bss._ZN3modL12mod_if_obj16E
                0x0000e5a0        0x8 con_seq.o
 .bss._ZN3mod24gTrampoline_seq_logoMainE
                0x0000e5a8        0x4 con_seq.o
                0x0000e5a8                _ZN3mod24gTrampoline_seq_logoMainE
 .bss._ZN3mod13seq_logo_skipE
                0x0000e5ac       0x10 con_seq.o
                0x0000e5ac                _ZN3mod13seq_logo_skipE
 .bss._ZN3mod4findE
                0x0000e5bc        0xc console.o
                0x0000e5bc                _ZN3mod4findE
 .bss._ZN3mod11con_ug_chanE
                0x0000e5c8       0x10 console.o
                0x0000e5c8                _ZN3mod11con_ug_chanE
 .bss._ZN3mod11con_ug_modeE
                0x0000e5d8       0x10 console.o
                0x0000e5d8                _ZN3mod11con_ug_modeE
 .bss._ZN3mod21con_log_fade_durationE
                0x0000e5e8       0x10 console.o
                0x0000e5e8                _ZN3mod21con_log_fade_durationE
 .bss._ZN3mod18con_log_fade_startE
                0x0000e5f8       0x10 console.o
                0x0000e5f8                _ZN3mod18con_log_fade_startE
 .bss._ZN3mod12con_log_fadeE
                0x0000e608       0x10 console.o
                0x0000e608                _ZN3mod12con_log_fadeE
 .bss._ZN3mod13con_log_levelE
                0x0000e618       0x10 console.o
                0x0000e618                _ZN3mod13con_log_levelE
 .bss._ZN3mod11con_rainbowE
                0x0000e628       0x10 console.o
                0x0000e628                _ZN3mod11con_rainbowE
 .bss._ZN3mod8con_monoE
                0x0000e638       0x10 console.o
                0x0000e638                _ZN3mod8con_monoE
 .bss._ZN3mod8con_showE
                0x0000e648       0x10 console.o
                0x0000e648                _ZN3mod8con_showE
 .bss._ZN3mod8gConsoleE
                0x0000e658        0x4 console.o
                0x0000e658                _ZN3mod8gConsoleE
 .bss._ZN3mod9ConIntVar6sFirstE
                0x0000e65c        0x4 console.o
                0x0000e65c                _ZN3mod9ConIntVar6sFirstE
 .bss._ZN3mod10ConCommand6sFirstE
                0x0000e660        0x4 console.o
                0x0000e660                _ZN3mod10ConCommand6sFirstE
 .bss.g_animPoseMain_trampoline
                0x0000e664        0x4 errorHandling.o
                0x0000e664                g_animPoseMain_trampoline
 .bss.g_npcNameToPtr_trampoline
                0x0000e668        0x4 errorHandling.o
                0x0000e668                g_npcNameToPtr_trampoline
 .bss.heapCorruptionInfo
                0x0000e66c        0x8 errorHandling.o
                0x0000e66c                heapCorruptionInfo
 .bss.animPoseMainErrorInfo
                0x0000e674        0x4 errorHandling.o
                0x0000e674                animPoseMainErrorInfo
 .bss.npcNameToPtrErrorInfo
                0x0000e678        0x4 errorHandling.o
                0x0000e678                npcNameToPtrErrorInfo
 .bss._ZN3mod4gModE
                0x0000e67c        0x4 mod.o
                0x0000e67c                _ZN3mod4gModE
 .bss._ZN17ModUpdateFunction6sFirstE
                0x0000e680        0x4 mod.o
                0x0000e680                _ZN17ModUpdateFunction6sFirstE
 .bss._ZN15ModInitFunction6sFirstE
                0x0000e684        0x4 mod.o
                0x0000e684                _ZN15ModInitFunction6sFirstE
 *(.gnu.linkonce.b.*)
 *(COMMON)
                0x0000e6a0                        . = ALIGN (0x20)
 *fill*         0x0000e688       0x18 
                [!provide]                        PROVIDE (__bss_end = .)
                0x0000e6a0                        __bss_end = .
                0x0000e6a0                        _end = .
                [!provide]                        PROVIDE (end = .)

.bss._ZZNK3mod14seq_change_mapMUlPKcE_clES2_E8beroName
                0x00000000       0x20
 .bss._ZZNK3mod14seq_change_mapMUlPKcE_clES2_E8beroName
                0x00000000       0x20 con_seq.o
                0x00000000                _ZZNK3mod14seq_change_mapMUlPKcE_clES1_E8beroName
                0x00000000                _ZZNK3mod14seq_change_mapMUlPKcE_clES2_E8beroName

.bss._ZZNK3mod14seq_change_mapMUlPKcE_clES2_E7mapName
                0x00000000       0x20
 .bss._ZZNK3mod14seq_change_mapMUlPKcE_clES2_E7mapName
                0x00000000       0x20 con_seq.o
                0x00000000                _ZZNK3mod14seq_change_mapMUlPKcE_clES2_E7mapName
                0x00000000                _ZZNK3mod14seq_change_mapMUlPKcE_clES1_E7mapName

.stab
 *(.stab)

.stabstr
 *(.stabstr)

.stab.excl
 *(.stab.excl)

.stab.exclstr
 *(.stab.exclstr)

.stab.index
 *(.stab.index)

.stab.indexstr
 *(.stab.indexstr)

.comment        0x00000000      0x6c0
 *(.comment)
 .comment       0x00000000       0x24 OWR.o
 .comment       0x00000024       0x24 StateManager.o
 .comment       0x00000048       0x24 common.o
 .comment       0x0000006c       0x24 con_mario.o
 .comment       0x00000090       0x24 con_perf.o
 .comment       0x000000b4       0x24 con_seq.o
 .comment       0x000000d8       0x24 console.o
 .comment       0x000000fc       0x24 cxx.o
 .comment       0x00000120       0x24 errorHandling.o
 .comment       0x00000144       0x24 gamePatches.o
 .comment       0x00000168       0x24 keyboard.o
 .comment       0x0000018c       0x24 mod.o
 .comment       0x000001b0       0x24 patch.o
 .comment       0x000001d4       0x24 printf.o
 .comment       0x000001f8       0x24 rel.o
 .comment       0x0000021c       0x24 ug.o
 .comment       0x00000240       0x24 util.o
 .comment       0x00000264       0x24 aaa.o
 .comment       0x00000288       0x24 aji.o
 .comment       0x000002ac       0x24 bom.o
 .comment       0x000002d0       0x24 dou.o
 .comment       0x000002f4       0x24 eki.o
 .comment       0x00000318       0x24 end.o
 .comment       0x0000033c       0x24 gon.o
 .comment       0x00000360       0x24 gor_00.o
 .comment       0x00000384       0x24 gor_01.o
 .comment       0x000003a8       0x24 gor_02.o
 .comment       0x000003cc       0x24 gor_03.o
 .comment       0x000003f0       0x24 gor_04.o
 .comment       0x00000414       0x24 gor_misc.o
 .comment       0x00000438       0x24 gra.o
 .comment       0x0000045c       0x24 hei.o
 .comment       0x00000480       0x24 hom.o
 .comment       0x000004a4       0x24 jin.o
 .comment       0x000004c8       0x24 kpa.o
 .comment       0x000004ec       0x24 las.o
 .comment       0x00000510       0x24 main.o
 .comment       0x00000534       0x24 moo.o
 .comment       0x00000558       0x24 mri.o
 .comment       0x0000057c       0x24 muj.o
 .comment       0x000005a0       0x24 nok.o
 .comment       0x000005c4       0x24 pik.o
 .comment       0x000005e8       0x24 rsh.o
 .comment       0x0000060c       0x24 tik.o
 .comment       0x00000630       0x24 tou.o
 .comment       0x00000654       0x24 tou2.o
 .comment       0x00000678       0x24 usu.o
 .comment       0x0000069c       0x24 win.o

.gnu.attributes
                0x00000000       0x10
 .gnu.attributes
                0x00000000       0x10 OWR.o
 .gnu.attributes
                0x00000010       0x10 common.o
 .gnu.attributes
                0x00000020       0x10 con_mario.o
 .gnu.attributes
                0x00000030       0x10 con_perf.o
 .gnu.attributes
                0x00000040       0x10 console.o
 .gnu.attributes
                0x00000050       0x10 errorHandling.o
 .gnu.attributes
                0x00000060       0x10 mod.o
 .gnu.attributes
                0x00000070       0x10 printf.o
 .gnu.attributes
                0x00000080       0x10 util.o

.group          0x00000000        0xc
 .group         0x00000000        0xc con_mario.o

.group          0x00000000        0xc
 .group         0x00000000        0xc con_perf.o

.group          0x00000000        0xc
 .group         0x00000000        0xc con_seq.o

.group          0x00000000        0x8
 .group         0x00000000        0x8 con_seq.o

.group          0x00000000        0x8
 .group         0x00000000        0x8 con_seq.o

.group          0x00000000        0xc
 .group         0x00000000        0xc console.o

.group          0x00000000        0xc
 .group         0x00000000        0xc errorHandling.o

.debug
 *(.debug)

.line
 *(.line)

.debug_srcinfo
 *(.debug_srcinfo)

.debug_sfnames
 *(.debug_sfnames)

.debug_aranges  0x00000000      0x9b0
 *(.debug_aranges)
 .debug_aranges
                0x00000000       0xa0 OWR.o
 .debug_aranges
                0x000000a0       0x28 StateManager.o
 .debug_aranges
                0x000000c8       0x60 common.o
 .debug_aranges
                0x00000128       0x30 con_mario.o
 .debug_aranges
                0x00000158       0x30 con_perf.o
 .debug_aranges
                0x00000188       0x38 con_seq.o
 .debug_aranges
                0x000001c0       0xa8 console.o
 .debug_aranges
                0x00000268       0x48 cxx.o
 .debug_aranges
                0x000002b0       0x98 errorHandling.o
 .debug_aranges
                0x00000348       0x50 gamePatches.o
 .debug_aranges
                0x00000398       0x40 keyboard.o
 .debug_aranges
                0x000003d8       0x58 mod.o
 .debug_aranges
                0x00000430       0x80 patch.o
 .debug_aranges
                0x000004b0       0x28 printf.o
 .debug_aranges
                0x000004d8       0x30 rel.o
 .debug_aranges
                0x00000508       0x38 ug.o
 .debug_aranges
                0x00000540       0x50 util.o
 .debug_aranges
                0x00000590       0x20 aaa.o
 .debug_aranges
                0x000005b0       0x20 aji.o
 .debug_aranges
                0x000005d0       0x20 bom.o
 .debug_aranges
                0x000005f0       0x20 dou.o
 .debug_aranges
                0x00000610       0x20 eki.o
 .debug_aranges
                0x00000630       0x20 end.o
 .debug_aranges
                0x00000650       0x20 gon.o
 .debug_aranges
                0x00000670       0x28 gor_00.o
 .debug_aranges
                0x00000698       0x20 gor_01.o
 .debug_aranges
                0x000006b8       0x20 gor_02.o
 .debug_aranges
                0x000006d8       0x20 gor_03.o
 .debug_aranges
                0x000006f8       0x20 gor_04.o
 .debug_aranges
                0x00000718       0x28 gor_misc.o
 .debug_aranges
                0x00000740       0x20 gra.o
 .debug_aranges
                0x00000760       0x20 hei.o
 .debug_aranges
                0x00000780       0x20 hom.o
 .debug_aranges
                0x000007a0       0x20 jin.o
 .debug_aranges
                0x000007c0       0x20 kpa.o
 .debug_aranges
                0x000007e0       0x20 las.o
 .debug_aranges
                0x00000800       0x40 main.o
 .debug_aranges
                0x00000840       0x20 moo.o
 .debug_aranges
                0x00000860       0x20 mri.o
 .debug_aranges
                0x00000880       0x20 muj.o
 .debug_aranges
                0x000008a0       0x20 nok.o
 .debug_aranges
                0x000008c0       0x20 pik.o
 .debug_aranges
                0x000008e0       0x20 rsh.o
 .debug_aranges
                0x00000900       0x30 tik.o
 .debug_aranges
                0x00000930       0x20 tou.o
 .debug_aranges
                0x00000950       0x20 tou2.o
 .debug_aranges
                0x00000970       0x20 usu.o
 .debug_aranges
                0x00000990       0x20 win.o

.debug_pubnames
 *(.debug_pubnames)

.debug_info     0x00000000    0x42939
 *(.debug_info)
 .debug_info    0x00000000     0x6a24 OWR.o
 .debug_info    0x00006a24      0x3bd StateManager.o
 .debug_info    0x00006de1      0xf83 common.o
 .debug_info    0x00007d64     0x2443 con_mario.o
 .debug_info    0x0000a1a7     0x211f con_perf.o
 .debug_info    0x0000c2c6     0x20e3 con_seq.o
 .debug_info    0x0000e3a9     0x3a79 console.o
 .debug_info    0x00011e22      0x407 cxx.o
 .debug_info    0x00012229     0x3b05 errorHandling.o
 .debug_info    0x00015d2e     0x2c19 gamePatches.o
 .debug_info    0x00018947      0xe4d keyboard.o
 .debug_info    0x00019794     0x33aa mod.o
 .debug_info    0x0001cb3e      0xe1b patch.o
 .debug_info    0x0001d959      0x580 printf.o
 .debug_info    0x0001ded9      0x103 rel.o
 .debug_info    0x0001dfdc      0x77f ug.o
 .debug_info    0x0001e75b      0x9c5 util.o
 .debug_info    0x0001f120      0x2ee aaa.o
 .debug_info    0x0001f40e     0x1780 aji.o
 .debug_info    0x00020b8e      0x406 bom.o
 .debug_info    0x00020f94     0x1139 dou.o
 .debug_info    0x000220cd      0xbd4 eki.o
 .debug_info    0x00022ca1      0x2e4 end.o
 .debug_info    0x00022f85     0x11ad gon.o
 .debug_info    0x00024132     0x1ec9 gor_00.o
 .debug_info    0x00025ffb     0x1255 gor_01.o
 .debug_info    0x00027250     0x1882 gor_02.o
 .debug_info    0x00028ad2      0xc44 gor_03.o
 .debug_info    0x00029716      0x751 gor_04.o
 .debug_info    0x00029e67     0x112d gor_misc.o
 .debug_info    0x0002af94      0x84c gra.o
 .debug_info    0x0002b7e0     0x13c3 hei.o
 .debug_info    0x0002cba3      0x9df hom.o
 .debug_info    0x0002d582      0x4cf jin.o
 .debug_info    0x0002da51      0x32a kpa.o
 .debug_info    0x0002dd7b      0xd83 las.o
 .debug_info    0x0002eafe     0x3898 main.o
 .debug_info    0x00032396      0x963 moo.o
 .debug_info    0x00032cf9     0x1daf mri.o
 .debug_info    0x00034aa8     0x1ded muj.o
 .debug_info    0x00036895     0x15b6 nok.o
 .debug_info    0x00037e4b     0x16b1 pik.o
 .debug_info    0x000394fc     0x1e1a rsh.o
 .debug_info    0x0003b316     0x2448 tik.o
 .debug_info    0x0003d75e     0x1ba8 tou.o
 .debug_info    0x0003f306      0x406 tou2.o
 .debug_info    0x0003f70c     0x1e8a usu.o
 .debug_info    0x00041596     0x13a3 win.o

.debug_abbrev   0x00000000     0x8666
 *(.debug_abbrev)
 .debug_abbrev  0x00000000      0x848 OWR.o
 .debug_abbrev  0x00000848      0x17e StateManager.o
 .debug_abbrev  0x000009c6      0x217 common.o
 .debug_abbrev  0x00000bdd      0x60c con_mario.o
 .debug_abbrev  0x000011e9      0x64d con_perf.o
 .debug_abbrev  0x00001836      0x67c con_seq.o
 .debug_abbrev  0x00001eb2      0x940 console.o
 .debug_abbrev  0x000027f2      0x1a8 cxx.o
 .debug_abbrev  0x0000299a      0x78c errorHandling.o
 .debug_abbrev  0x00003126      0x4a8 gamePatches.o
 .debug_abbrev  0x000035ce      0x32f keyboard.o
 .debug_abbrev  0x000038fd      0x74f mod.o
 .debug_abbrev  0x0000404c      0x21e patch.o
 .debug_abbrev  0x0000426a      0x1d5 printf.o
 .debug_abbrev  0x0000443f       0xf0 rel.o
 .debug_abbrev  0x0000452f      0x1bf ug.o
 .debug_abbrev  0x000046ee      0x21e util.o
 .debug_abbrev  0x0000490c       0xcc aaa.o
 .debug_abbrev  0x000049d8      0x22a aji.o
 .debug_abbrev  0x00004c02       0xcc bom.o
 .debug_abbrev  0x00004cce      0x1f2 dou.o
 .debug_abbrev  0x00004ec0      0x1d6 eki.o
 .debug_abbrev  0x00005096       0xcc end.o
 .debug_abbrev  0x00005162      0x1e3 gon.o
 .debug_abbrev  0x00005345      0x260 gor_00.o
 .debug_abbrev  0x000055a5      0x21d gor_01.o
 .debug_abbrev  0x000057c2      0x244 gor_02.o
 .debug_abbrev  0x00005a06      0x1e3 gor_03.o
 .debug_abbrev  0x00005be9      0x191 gor_04.o
 .debug_abbrev  0x00005d7a      0x2a0 gor_misc.o
 .debug_abbrev  0x0000601a      0x1c2 gra.o
 .debug_abbrev  0x000061dc      0x1ee hei.o
 .debug_abbrev  0x000063ca      0x1c1 hom.o
 .debug_abbrev  0x0000658b      0x154 jin.o
 .debug_abbrev  0x000066df       0xcc kpa.o
 .debug_abbrev  0x000067ab      0x1e3 las.o
 .debug_abbrev  0x0000698e      0x45f main.o
 .debug_abbrev  0x00006ded      0x1c5 moo.o
 .debug_abbrev  0x00006fb2      0x229 mri.o
 .debug_abbrev  0x000071db      0x220 muj.o
 .debug_abbrev  0x000073fb      0x218 nok.o
 .debug_abbrev  0x00007613      0x217 pik.o
 .debug_abbrev  0x0000782a      0x215 rsh.o
 .debug_abbrev  0x00007a3f      0x530 tik.o
 .debug_abbrev  0x00007f6f      0x227 tou.o
 .debug_abbrev  0x00008196       0xcc tou2.o
 .debug_abbrev  0x00008262      0x215 usu.o
 .debug_abbrev  0x00008477      0x1ef win.o

.debug_line     0x00000000    0x15ec1
 *(.debug_line)
 .debug_line    0x00000000     0x11cb OWR.o
 .debug_line    0x000011cb      0x1c2 StateManager.o
 .debug_line    0x0000138d      0x351 common.o
 .debug_line    0x000016de      0x476 con_mario.o
 .debug_line    0x00001b54      0x563 con_perf.o
 .debug_line    0x000020b7      0x50f con_seq.o
 .debug_line    0x000025c6     0x131b console.o
 .debug_line    0x000038e1      0x1f6 cxx.o
 .debug_line    0x00003ad7      0xcf6 errorHandling.o
 .debug_line    0x000047cd      0x68a gamePatches.o
 .debug_line    0x00004e57      0x4ae keyboard.o
 .debug_line    0x00005305      0x6a5 mod.o
 .debug_line    0x000059aa      0x41b patch.o
 .debug_line    0x00005dc5      0x24f printf.o
 .debug_line    0x00006014      0x13d rel.o
 .debug_line    0x00006151      0x360 ug.o
 .debug_line    0x000064b1      0x40c util.o
 .debug_line    0x000068bd      0x205 aaa.o
 .debug_line    0x00006ac2      0xd67 aji.o
 .debug_line    0x00007829      0x553 bom.o
 .debug_line    0x00007d7c      0x614 dou.o
 .debug_line    0x00008390      0x507 eki.o
 .debug_line    0x00008897      0x1f5 end.o
 .debug_line    0x00008a8c      0x62c gon.o
 .debug_line    0x000090b8      0x8af gor_00.o
 .debug_line    0x00009967      0x687 gor_01.o
 .debug_line    0x00009fee      0x68c gor_02.o
 .debug_line    0x0000a67a      0x79d gor_03.o
 .debug_line    0x0000ae17      0x487 gor_04.o
 .debug_line    0x0000b29e      0x415 gor_misc.o
 .debug_line    0x0000b6b3      0x40e gra.o
 .debug_line    0x0000bac1      0x554 hei.o
 .debug_line    0x0000c015      0x3b4 hom.o
 .debug_line    0x0000c3c9      0x5c2 jin.o
 .debug_line    0x0000c98b      0x28e kpa.o
 .debug_line    0x0000cc19      0x82d las.o
 .debug_line    0x0000d446      0xc49 main.o
 .debug_line    0x0000e08f      0x2d8 moo.o
 .debug_line    0x0000e367     0x1020 mri.o
 .debug_line    0x0000f387      0xf06 muj.o
 .debug_line    0x0001028d      0x59a nok.o
 .debug_line    0x00010827      0x862 pik.o
 .debug_line    0x00011089     0x14fd rsh.o
 .debug_line    0x00012586      0xa4a tik.o
 .debug_line    0x00012fd0     0x1781 tou.o
 .debug_line    0x00014751      0x583 tou2.o
 .debug_line    0x00014cd4      0xc98 usu.o
 .debug_line    0x0001596c      0x555 win.o

.debug_frame
 *(.debug_frame)

.debug_str      0x00000000    0x4584c
 *(.debug_str)
 .debug_str     0x00000000     0x56b1 OWR.o
 .debug_str     0x000056b1      0x3ab StateManager.o
 .debug_str     0x00005a5c     0x13e4 common.o
 .debug_str     0x00006e40     0x1971 con_mario.o
 .debug_str     0x000087b1     0x1583 con_perf.o
 .debug_str     0x00009d34     0x16b3 con_seq.o
 .debug_str     0x0000b3e7     0x19f9 console.o
 .debug_str     0x0000cde0      0x35e cxx.o
 .debug_str     0x0000d13e     0x2087 errorHandling.o
 .debug_str     0x0000f1c5     0x23f5 gamePatches.o
 .debug_str     0x000115ba      0x95f keyboard.o
 .debug_str     0x00011f19     0x2257 mod.o
 .debug_str     0x00014170      0x726 patch.o
 .debug_str     0x00014896      0x468 printf.o
 .debug_str     0x00014cfe      0x191 rel.o
 .debug_str     0x00014e8f      0x39b ug.o
 .debug_str     0x0001522a      0x654 util.o
 .debug_str     0x0001587e      0x3f1 aaa.o
 .debug_str     0x00015c6f     0x2161 aji.o
 .debug_str     0x00017dd0      0x5ee bom.o
 .debug_str     0x000183be     0x1c8a dou.o
 .debug_str     0x0001a048      0xf4c eki.o
 .debug_str     0x0001af94      0x3eb end.o
 .debug_str     0x0001b37f     0x1cd3 gon.o
 .debug_str     0x0001d052     0x2982 gor_00.o
 .debug_str     0x0001f9d4     0x1a78 gor_01.o
 .debug_str     0x0002144c     0x245f gor_02.o
 .debug_str     0x000238ab      0xf76 gor_03.o
 .debug_str     0x00024821      0x57d gor_04.o
 .debug_str     0x00024d9e     0x1b79 gor_misc.o
 .debug_str     0x00026917      0x98a gra.o
 .debug_str     0x000272a1     0x205b hei.o
 .debug_str     0x000292fc      0xc91 hom.o
 .debug_str     0x00029f8d      0x629 jin.o
 .debug_str     0x0002a5b6      0x441 kpa.o
 .debug_str     0x0002a9f7     0x11c1 las.o
 .debug_str     0x0002bbb8     0x3254 main.o
 .debug_str     0x0002ee0c      0xb56 moo.o
 .debug_str     0x0002f962     0x2957 mri.o
 .debug_str     0x000322b9     0x2aa1 muj.o
 .debug_str     0x00034d5a     0x1e9d nok.o
 .debug_str     0x00036bf7     0x2036 pik.o
 .debug_str     0x00038c2d     0x2a3f rsh.o
 .debug_str     0x0003b66c     0x2f49 tik.o
 .debug_str     0x0003e5b5     0x2703 tou.o
 .debug_str     0x00040cb8      0x5cc tou2.o
 .debug_str     0x00041284     0x2856 usu.o
 .debug_str     0x00043ada     0x1d72 win.o

.debug_loc
 *(.debug_loc)

.debug_macinfo
 *(.debug_macinfo)

.debug_weaknames
 *(.debug_weaknames)

.debug_funcnames
 *(.debug_funcnames)

.debug_typenames
 *(.debug_typenames)

.debug_varnames
 *(.debug_varnames)
                0x00000000                        __isIPL = 0x0
                0x0002e6a0                        __stack_addr = ((((__bss_start + SIZEOF (.bss)) + 0x20000) + 0x7) & 0xfffffffffffffff8)
                0x0000e6a0                        __stack_end = (__bss_start + SIZEOF (.bss))
                0x000326a0                        __intrstack_addr = (__stack_addr + 0x4000)
                0x0002e6a0                        __intrstack_end = __stack_addr
                0x000326a0                        __Arena1Lo = ((__intrstack_addr + 0x1f) & 0xffffffffffffffe0)
                0x817feff0                        __Arena1Hi = 0x817feff0
                0x817ff000                        __gxregs = ((__Arena1Hi + 0x1f) & 0xffffffffffffffe0)
                [!provide]                        PROVIDE (__stack = 0x817feff0)
                [!provide]                        PROVIDE (__isIPL = __isIPL)
                [!provide]                        PROVIDE (__stack_addr = __stack_addr)
                [!provide]                        PROVIDE (__stack_end = __stack_end)
                [!provide]                        PROVIDE (__intrstack_addr = __intrstack_addr)
                [!provide]                        PROVIDE (__intrstack_end = __intrstack_end)
                [!provide]                        PROVIDE (__Arena1Lo = __Arena1Lo)
                [!provide]                        PROVIDE (__Arena1Hi = __Arena1Hi)
                [!provide]                        PROVIDE (__gxregs = __gxregs)
LOAD H:/GhidraProjects/TTYDAP/TTYDAP/rel/source/cxx.ld
                0x0000e4cc                        _ctors_start = ADDR (.ctors)
                0x0000e500                        _ctors_end = (_ctors_start + SIZEOF (.ctors))
                0x0000e500                        _dtors_start = ADDR (.dtors)
                0x0000e520                        _dtors_end = (_dtors_start + SIZEOF (.dtors))
LOAD OWR.o
LOAD StateManager.o
LOAD common.o
LOAD con_mario.o
LOAD con_perf.o
LOAD con_seq.o
LOAD console.o
LOAD cxx.o
LOAD errorHandling.o
LOAD gamePatches.o
LOAD keyboard.o
LOAD mod.o
LOAD patch.o
LOAD printf.o
LOAD rel.o
LOAD ug.o
LOAD util.o
LOAD aaa.o
LOAD aji.o
LOAD bom.o
LOAD dou.o
LOAD eki.o
LOAD end.o
LOAD gon.o
LOAD gor_00.o
LOAD gor_01.o
LOAD gor_02.o
LOAD gor_03.o
LOAD gor_04.o
LOAD gor_misc.o
LOAD gra.o
LOAD hei.o
LOAD hom.o
LOAD jin.o
LOAD kpa.o
LOAD las.o
LOAD main.o
LOAD moo.o
LOAD mri.o
LOAD muj.o
LOAD nok.o
LOAD pik.o
LOAD rsh.o
LOAD tik.o
LOAD tou.o
LOAD tou2.o
LOAD usu.o
LOAD win.o
LOAD CrashScreenDecrementYPos.o
LOAD FixBlooperCrash1.o
LOAD FixBlooperCrash2.o
LOAD PreventDiaryTextboxSelection.o
LOAD asm_main.o
LOAD restfpr_x.o
LOAD restgpr_x.o
LOAD patch_ih.o
OUTPUT(H:/GhidraProjects/TTYDAP/TTYDAP/rel/rel.eu.elf elf32-powerpc)

.debug_loclists
                0x00000000     0x3bac
 .debug_loclists
                0x00000000      0xcf0 OWR.o
 .debug_loclists
                0x00000cf0       0x17 StateManager.o
 .debug_loclists
                0x00000d07      0x130 common.o
 .debug_loclists
                0x00000e37       0xa9 con_mario.o
 .debug_loclists
                0x00000ee0      0x22a con_perf.o
 .debug_loclists
                0x0000110a       0xf4 con_seq.o