
Discarded input sections

 .text          0x00000000        0x0 OWR.o
 .data          0x00000000        0x0 OWR.o
 .bss           0x00000000        0x0 OWR.o
 .bss._ZN3mod3owr25g_stg0_00_init_trampolineE
                0x00000000        0x4 OWR.o
 .bss._ZN3mod3owr22g_itemEntry_trampolineE
                0x00000000        0x4 OWR.o
 .text          0x00000000        0x0 StateManager.o
 .data          0x00000000        0x0 StateManager.o
 .bss           0x00000000        0x0 StateManager.o
 .text._ZN3mod3owr12StateManager4InitEv
                0x00000000       0x18 StateManager.o
 .text          0x00000000        0x0 common.o
 .data          0x00000000        0x0 common.o
 .bss           0x00000000        0x0 common.o
 .text._ZN3mod6common14GetCurrentAreaEv
                0x00000000       0x1c common.o
 .text._ZN3mod6common13GetCurrentMapEv
                0x00000000       0x1c common.o
 .text._ZN3mod6common11GetFilenameEv
                0x00000000       0x1c common.o
 .text._ZN3mod6common16GetStorySequenceEv
                0x00000000       0x20 common.o
 .text._ZN3mod6common14GetPitSequenceEv
                0x00000000       0x24 common.o
 .text._ZN3mod6common17GetSavedFlagValueEi
                0x00000000       0x40 common.o
 .text._ZN3mod6common21HasKeyItemInInventoryEs
                0x00000000       0x3c common.o
 .text._ZN3mod6common25GetBattleWindowDataOffsetEv
                0x00000000       0x1c common.o
 .text._ZN3mod6common21GetStatusWindowHeightEv
                0x00000000       0x24 common.o
 .data._ZN3mod6common29kUnknownStatusWindowStructPtrE
                0x00000000        0x4 common.o
 .data._ZN3mod6common10kBattlePtrE
                0x00000000        0x4 common.o
 .data._ZN3mod6common9kPouchPtrE
                0x00000000        0x4 common.o
 .data._ZN3mod6common12kSaveDataPtrE
                0x00000000        0x4 common.o
 .rodata._ZN3mod6common32kUltraHammerChestDespawnIdOffsetE
                0x00000000        0x4 common.o
 .rodata._ZN3mod6common27kObjectCollectionExprOffsetE
                0x00000000        0x4 common.o
 .rodata._ZN3mod6common27kObjectChestScriptPtrOffsetE
                0x00000000        0x4 common.o
 .rodata._ZN3mod6common33kMujModuleFlavioDesiredItemOffsetE
                0x00000000        0x4 common.o
 .rodata._ZN3mod6common36kJinModuleAtomicBooItemGswfSetOffsetE
                0x00000000        0x4 common.o
 .rodata._ZN3mod6common39kJinModuleAtomicBooItemObjectFlagOffsetE
                0x00000000        0x4 common.o
 .rodata._ZN3mod6common32kPitModuleCharlietonChanceOffsetE
                0x00000000        0x4 common.o
 .rodata._ZN3mod6common22kPitModuleNpcArrOffsetE
                0x00000000        0x4 common.o
 .rodata._ZN3mod6common23kSavedWordFlagBaseValueE
                0x00000000        0x4 common.o
 .data._ZN3mod6common20kPiantaParlorItemArrE
                0x00000000        0x4 common.o
 .data._ZN3mod6common21kPitCharlietonItemArrE
                0x00000000        0x4 common.o
 .data._ZN3mod6common12kHowzItemArrE
                0x00000000        0x4 common.o
 .data._ZN3mod6common18kCharlietonItemArrE
                0x00000000        0x4 common.o
 .data._ZN3mod6common14kDazzleItemArrE
                0x00000000        0x4 common.o
 .data._ZN3mod6common20kSuperguardFramesArrE
                0x00000000        0x4 common.o
 .data._ZN3mod6common15kGuardFramesArrE
                0x00000000        0x4 common.o
 .data._ZN3mod6common25kSuperChargePartnerParamsE
                0x00000000        0x4 common.o
 .data._ZN3mod6common18kSuperChargeParamsE
                0x00000000        0x4 common.o
 .data._ZN3mod6common19kPiercingBlowParamsE
                0x00000000        0x4 common.o
 .data._ZN3mod6common18kHammerThrowParamsE
                0x00000000        0x4 common.o
 .data._ZN3mod6common17kKoopaCurseParamsE
                0x00000000        0x4 common.o
 .data._ZN3mod6common15kTradeOffParamsE
                0x00000000        0x4 common.o
 .data._ZN3mod6common17kGulpRecoilParamsE
                0x00000000        0x4 common.o
 .data._ZN3mod6common24kUltraHammerRecoilParamsE
                0x00000000        0x4 common.o
 .data._ZN3mod6common24kSuperHammerRecoilParamsE
                0x00000000        0x4 common.o
 .data._ZN3mod6common8kNextMapE
                0x00000000        0x4 common.o
 .rodata.cst4   0x00000000        0x4 common.o
 .text          0x00000000        0x0 con_mario.o
 .data          0x00000000        0x0 con_mario.o
 .bss           0x00000000        0x0 con_mario.o
 .text          0x00000000        0x0 con_perf.o
 .data          0x00000000        0x0 con_perf.o
 .bss           0x00000000        0x0 con_perf.o
 .text          0x00000000        0x0 con_seq.o
 .data          0x00000000        0x0 con_seq.o
 .bss           0x00000000        0x0 con_seq.o
 .text          0x00000000        0x0 console.o
 .data          0x00000000        0x0 console.o
 .bss           0x00000000        0x0 console.o
[...]
Memory Configuration

Name             Origin             Length             Attributes
*default*        0x00000000         0xffffffff

Linker script and memory map

                0x80003100                        . = 0x80003100

.init
 *crt0.o(*.init)
 *(.init)

.plt
 *(.plt)

.interp
 *(.interp)

.hash
 *(.hash)

.dynsym
 *(.dynsym)

.dynstr
 *(.dynstr)

.gnu.version
 *(.gnu.version)

.gnu.version_d
 *(.gnu.version_d)

.gnu.version_r
 *(.gnu.version_r)

.rel.init
 *(.rel.init)

.rela.init
 *(.rela.init)

.rel.text
 *(.rel.text .rel.text.* .rel.gnu.linkonce.t.*)

.rela.text
 *(.rela.text .rela.text.* .rela.gnu.linkonce.t.*)

.rel.fini
 *(.rel.fini)

.rela.fini
 *(.rela.fini)

.rel.rodata
 *(.rel.rodata .rel.rodata.* .rel.gnu.linkonce.r.*)

.rela.rodata
 *(.rela.rodata .rela.rodata.* .rela.gnu.linkonce.r.*)

.rel.data
 *(.rel.data .rel.data.* .rel.gnu.linkonce.d.*)

.rela.data
 *(.rela.data .rela.data.* .rela.gnu.linkonce.d.*)

.rel.tdata
 *(.rel.tdata .rel.tdata.* .rel.gnu.linkonce.td.*)

.rela.tdata
 *(.rela.tdata .rela.tdata.* .rela.gnu.linkonce.td.*)

.rel.tbss
 *(.rel.tbss .rel.tbss.* .rel.gnu.linkonce.tb.*)

.rela.tbss
 *(.rela.tbss .rela.tbss.* .rela.gnu.linkonce.tb.*)

.rel.ctors
 *(.rel.ctors)

.rela.ctors
 *(.rela.ctors)

.rel.dtors
 *(.rel.dtors)

.rela.dtors
 *(.rela.dtors)

.rel.got
 *(.rel.got)

.rela.got
 *(.rela.got)

.rela.got1
 *(.rela.got1)

.rela.got2
 *(.rela.got2)

.rel.sdata
 *(.rel.sdata .rel.sdata.* .rel.gnu.linkonce.s.*)

.rela.sdata
 *(.rela.sdata .rela.sdata.* .rela.gnu.linkonce.s.*)

.rel.sbss
 *(.rel.sbss .rel.sbss.* .rel.gnu.linkonce.sb.*)

.rela.sbss
 *(.rela.sbss .rela.sbss.* .rel.gnu.linkonce.sb.*)

.rel.sdata2
 *(.rel.sdata2 .rel.sdata2.* .rel.gnu.linkonce.s2.*)

.rela.sdata2
 *(.rela.sdata2 .rela.sdata2.* .rela.gnu.linkonce.s2.*)

.rel.sbss2
 *(.rel.sbss2 .rel.sbss2.* .rel.gnu.linkonce.sb2.*)

.rela.sbss2
 *(.rela.sbss2 .rela.sbss2.* .rela.gnu.linkonce.sb2.*)

.rel.bss
 *(.rel.bss .rel.bss.* .rel.gnu.linkonce.b.*)

.rela.bss
 *(.rela.bss .rela.bss.* .rela.gnu.linkonce.b.*)

.rel.plt
 *(.rel.plt)

.rela.plt
 *(.rela.plt)

.text           0x80003100     0xce60
 *(.text)
 .text          0x80003100        0x8 FixBlooperCrash1.o
                0x80003100                asmFixBlooperCrash1
 .text          0x80003108       0x14 FixBlooperCrash2.o
                0x80003108                asmFixBlooperCrash2
 .text          0x8000311c       0x10 PreventDiaryTextboxSelection.o
                0x8000311c                asmPreventDiaryTextboxSelection
 .text          0x8000312c      0x2c0 asm_main.o
                0x8000312c                bMapGXArrInject
                0x80003138                bMapGXArrInjectReturn
                0x8000313c                bMapGXArrIncrement
                0x80003144                bMapGXArrIncrementReturn
                0x80003148                bMapGXChSplit
                0x80003154                bMapGXChSplitReturn
                0x80003158                bWinLogArrInject
                0x80003164                bWinLogArrInjectReturn
                0x80003168                bWinLogArrIncrement
                0x80003170                bWinLogArrIncrementReturn
                0x80003174                bChapterClearCheck
                0x800031bc                bJohoyaSeqAddition
                0x800031f4                bPrintPartyAddErrorFix
                0x80003230                bPrintPartyAddErrorFixReturn
                0x80003234                bPrintPartyErrorFix
                0x80003270                bPrintPartyErrorFixReturn
                0x80003274                bKururingFloorCapture
                0x8000327c                bKururingFloorCaptureReturn
                0x80003280                bKururingFloorRelease
                0x80003288                bKururingFloorReleaseReturn
                0x8000328c                bPowerupblkCapture
                0x800032a4                bPowerupblkCaptureReturn
                0x800032a8                bPowerupblkRelease
                0x800032b0                bPowerupblkReleaseReturn
                0x800032b4                bPeachPointer
                0x8000330c                breakfastValueRestore
                0x8000332c                bPeachReturn
                0x80003330                win_log_mapGX_arr
 .text          0x800033ec       0x58 restfpr_x.o
                0x800033ec                _restfpr_14_x
                0x800033f0                _restfpr_15_x
                0x800033f4                _restfpr_16_x
                0x800033f8                _restfpr_17_x
                0x800033fc                _restfpr_18_x
                0x80003400                _restfpr_19_x
                0x80003404                _restfpr_20_x
                0x80003408                _restfpr_21_x
                0x8000340c                _restfpr_22_x
                0x80003410                _restfpr_23_x
                0x80003414                _restfpr_24_x
                0x80003418                _restfpr_25_x
                0x8000341c                _restfpr_26_x
                0x80003420                _restfpr_27_x
                0x80003424                _restfpr_28_x
                0x80003428                _restfpr_29_x
                0x8000342c                _restfpr_30_x
                0x80003430                _restfpr_31_x
 .text          0x80003444       0x58 restgpr_x.o
                0x80003444                _restgpr_14_x
                0x80003448                _restgpr_15_x
                0x8000344c                _restgpr_16_x
                0x80003450                _restgpr_17_x
                0x80003454                _restgpr_18_x
                0x80003458                _restgpr_19_x
                0x8000345c                _restgpr_20_x
                0x80003460                _restgpr_21_x
                0x80003464                _restgpr_22_x
                0x80003468                _restgpr_23_x
                0x8000346c                _restgpr_24_x
                0x80003470                _restgpr_25_x
                0x80003474                _restgpr_26_x
                0x80003478                _restgpr_27_x
                0x8000347c                _restgpr_28_x
                0x80003480                _restgpr_29_x
                0x80003484                _restgpr_30_x
                0x80003488                _restgpr_31_x
 *(.text.*)
 *fill*         0x8000349c        0x0 00000000
 .text._ZZN3mod3owr3OWR4InitEvENUliE_4_FUNEi
                0x8000349c      0x18c OWR.o
 .text._ZZN3mod3owr3OWR4InitEvENUlPKcE_4_FUNES3_
                0x80003628      0x49c OWR.o
 .text._ZZN3mod3owr3OWR4InitEvENUlN4ttyd6seqdrv8SeqIndexEPvS5_E_4_FUNES4_S5_S5_
                0x80003ac4       0x88 OWR.o
 .text._ZN3mod3owr3OWRC2Ev
                0x80003b4c        0x4 OWR.o
                0x80003b4c                _ZN3mod3owr3OWRC1Ev
                0x80003b4c                _ZN3mod3owr3OWRC2Ev
 .text._ZN3mod3owr3OWR12SequenceInitEv
                0x80003b50       0xe4 OWR.o
                0x80003b50                _ZN3mod3owr3OWR12SequenceInitEv
 .text._ZN3mod3owr13checkIfInGameEv
                0x80003c34       0x64 OWR.o
                0x80003c34                _ZN3mod3owr13checkIfInGameEv
 .text._ZN3mod3owr3OWR12HomewardWarpEv
                0x80003c98       0x84 OWR.o
                0x80003c98                _ZN3mod3owr3OWR12HomewardWarpEv
 .text._ZN3mod3owr3OWR12RecieveItemsEv
                0x80003d1c       0x5c OWR.o
                0x80003d1c                _ZN3mod3owr3OWR12RecieveItemsEv
 .text._ZN3mod3owr3OWR4InitEv
                0x80003d78      0x154 OWR.o
                0x80003d78                _ZN3mod3owr3OWR4InitEv
 .text._ZN3mod3owr3OWR6UpdateEv
                0x80003ecc       0x38 OWR.o
                0x80003ecc                _ZN3mod3owr3OWR6UpdateEv
 .text._ZN3mod3owr3OWR14OnModuleLoadedEP12OSModuleInfo
                0x80003f04       0x94 OWR.o
                0x80003f04                _ZN3mod3owr3OWR14OnModuleLoadedEP12OSModuleInfo
 .text._ZZN3mod3owr3OWR4InitEvENUlP12OSModuleInfoPvE_4_FUNES3_S4_
                0x80003f98       0x54 OWR.o
 .text._ZN3mod3owr3OWR10DrawStringEPKcffjf
                0x80003fec       0xc8 OWR.o
                0x80003fec                _ZN3mod3owr3OWR10DrawStringEPKcffjf
 .text.startup._GLOBAL__sub_I__ZN3mod3owr7item_dbE
                0x800040b4       0x14 OWR.o
 .text._ZN3mod3owr12StateManagerC2Ev
                0x800040c8       0x18 StateManager.o
                0x800040c8                _ZN3mod3owr12StateManagerC2Ev
                0x800040c8                _ZN3mod3owr12StateManagerC1Ev
 .text._ZN3modL13mod_if_func24Ev
                0x800040e0       0x54 con_mario.o
 .text.startup._GLOBAL__sub_I__ZN3mod13mario_set_posE
                0x80004134       0x88 con_mario.o
 .text._ZN3modL13mod_if_func51Ev
                0x800041bc      0x158 con_perf.o
 .text.startup._GLOBAL__sub_I__ZN3mod15perf_fake_spikeE
                0x80004314       0x8c con_perf.o
 .text._ZN3modL13mod_if_func16Ev
                0x800043a0       0x60 con_seq.o
 .text._ZZN3modL13mod_if_func16EvENUlPN4ttyd6seqdrv7SeqInfoEE_4_FUNES3_
                0x80004400       0x34 con_seq.o
 .text.startup._GLOBAL__sub_I__ZN3mod13seq_logo_skipE
                0x80004434       0x8c con_seq.o
 .text._ZN3mod13ConsoleSystem8logColorEPKcN2gc6color4E
                0x800044c0      0x1e4 console.o
                0x800044c0                _ZN3mod13ConsoleSystem8logColorEPKcN2gc6color4E
 .text._ZN3mod13ConsoleSystem7logInfoEPKcz
                0x800046a4       0xac console.o
                0x800046a4                _ZN3mod13ConsoleSystem7logInfoEPKcz
 .text._ZN3mod7CC_findEPKc
                0x80004750       0xe8 console.o
                0x80004750                _ZN3mod7CC_findEPKc
 .text._ZN3mod13ConsoleSystem10logWarningEPKcz
                0x80004838       0xb0 console.o
                0x80004838                _ZN3mod13ConsoleSystem10logWarningEPKcz
 .text._ZN3mod13ConsoleSystem8logErrorEPKcz
                0x800048e8       0xb0 console.o
                0x800048e8                _ZN3mod13ConsoleSystem8logErrorEPKcz
 .text._ZN3mod13ConsoleSystem7overlayEPKcz
                0x80004998       0xbc console.o
                0x80004998                _ZN3mod13ConsoleSystem7overlayEPKcz
 .text._ZN3mod13ConsoleSystem12setMonospaceEb
                0x80004a54       0x24 console.o
                0x80004a54                _ZN3mod13ConsoleSystem12setMonospaceEb
 .text._ZN3mod13ConsoleSystem4initEv
                0x80004a78       0x14 console.o
                0x80004a78                _ZN3mod13ConsoleSystem4initEv
 .text._ZN3mod13ConsoleSystem8drawLineEiPKcN2gc6color4E
                0x80004a8c       0xa8 console.o
                0x80004a8c                _ZN3mod13ConsoleSystem8drawLineEiPKcN2gc6color4E
 .text._ZN3mod13ConsoleSystem14processCommandEPKc
                0x80004b34      0x1e4 console.o
                0x80004b34                _ZN3mod13ConsoleSystem14processCommandEPKc
 .text._ZN3mod13ConsoleSystem12updatePromptEv
                0x80004d18      0x2f0 console.o
                0x80004d18                _ZN3mod13ConsoleSystem12updatePromptEv
 .text._ZN3mod13ConsoleSystem14updateUsbGeckoEv
                0x80005008      0x128 console.o
                0x80005008                _ZN3mod13ConsoleSystem14updateUsbGeckoEv
 .text._ZN3mod13ConsoleSystem6updateEv
                0x80005130       0x68 console.o
                0x80005130                _ZN3mod13ConsoleSystem6updateEv
 .text._ZN3mod13ConsoleSystem4dispEv
                0x80005198      0x368 console.o
                0x80005198                _ZN3mod13ConsoleSystem4dispEv
 .text._ZZN3mod13ConsoleSystem6updateEvENUlN4ttyd7dispdrv8CameraIdEPvE_4_FUNES3_S4_
                0x80005500        0x8 console.o
 .text.startup._GLOBAL__sub_I__ZN3mod10ConCommand6sFirstE
                0x80005508      0x17c console.o
 .text._Znwj    0x80005684        0xc cxx.o
                0x80005684                _Znwj
 .text._Znaj    0x80005690        0x4 cxx.o
                0x80005690                _Znaj
 .text._ZdlPv   0x80005694        0xc cxx.o
                0x80005694                _ZdlPv
 .text._ZdaPv   0x800056a0        0x4 cxx.o
                0x800056a0                _ZdaPv
 .text._ZL27checkIndividualStandardHeapPKN2gc2os9ChunkInfoE
                0x800056a4       0x64 errorHandling.o
 .text._ZL24checkIndividualSmartHeapPKN4ttyd6memory19SmartAllocationDataE
                0x80005708       0x64 errorHandling.o
 .text._ZL22checkIndividualMapHeapPKN4ttyd6memory13MapAllocEntryE
                0x8000576c       0x50 errorHandling.o
 .text._ZL21initStandardHeapErrorPKvib
                0x800057bc       0x94 errorHandling.o
 .text._ZL18initSmartHeapErrorPKvb
                0x80005850       0x8c errorHandling.o
 .text._ZL16initMapHeapErrorPKvtb
                0x800058dc       0xa4 errorHandling.o
 .text._ZN18HeapCorruptionInfo10drawBufferEv
                0x80005980       0x98 errorHandling.o
                0x80005980                _ZN18HeapCorruptionInfo10drawBufferEv
 .text._ZN21NpcNameToPtrErrorInfo16drawErrorMessageEv
                0x80005a18       0x9c errorHandling.o
                0x80005a18                _ZN21NpcNameToPtrErrorInfo16drawErrorMessageEv
 .text._ZN21AnimPoseMainErrorInfo16drawErrorMessageEv
                0x80005ab4       0x9c errorHandling.o
                0x80005ab4                _ZN21AnimPoseMainErrorInfo16drawErrorMessageEv
 .text._Z10checkHeapsv
                0x80005b50      0x110 errorHandling.o
                0x80005b50                _Z10checkHeapsv
 .text._Z17drawErrorMessagesv
                0x80005c60       0x74 errorHandling.o
                0x80005c60                _Z17drawErrorMessagesv
 .text._Z25checkForNpcNameToPtrErrorPKc
                0x80005cd4       0x6c errorHandling.o
                0x80005cd4                _Z25checkForNpcNameToPtrErrorPKc
 .text._Z24preventAnimPoseMainCrashi
                0x80005d40       0x54 errorHandling.o
                0x80005d40                _Z24preventAnimPoseMainCrashi
 .text.startup._GLOBAL__sub_I_npcNameToPtrErrorInfo
                0x80005d94       0x1c errorHandling.o
 .text.exit._GLOBAL__sub_D_npcNameToPtrErrorInfo
                0x80005db0       0x14 errorHandling.o
 .text._ZL22fixPouchInitMemoryLeakij
                0x80005dc4       0x4c gamePatches.o
 .text._ZL12autoMashTextN2gc3pad5PadIdE
                0x80005e10       0x48 gamePatches.o
 .text._ZL14fixMapProblemsv
                0x80005e58       0xe8 gamePatches.o
 .text.cFixBlooperCrash1
                0x80005f40       0x38 gamePatches.o
                0x80005f40                cFixBlooperCrash1
 .text.cPreventDiaryTextboxOptionSelection
                0x80005f78       0x58 gamePatches.o
                0x80005f78                cPreventDiaryTextboxOptionSelection
 .text._Z14applyGameFixesv
                0x80005fd0       0x68 gamePatches.o
                0x80005fd0                _Z14applyGameFixesv
 .text._Z23applyVariousGamePatchesv
                0x80006038       0xf0 gamePatches.o
                0x80006038                _Z23applyVariousGamePatchesv
 .text._ZN3mod8Keyboard7connectEv
                0x80006128       0x58 keyboard.o
                0x80006128                _ZN3mod8Keyboard7connectEv
 .text._ZN3mod8KeyboardC2Ei
                0x80006180       0x20 keyboard.o
                0x80006180                _ZN3mod8KeyboardC2Ei
                0x80006180                _ZN3mod8KeyboardC1Ei
 .text._ZN3mod8Keyboard10disconnectEv
                0x800061a0       0x40 keyboard.o
                0x800061a0                _ZN3mod8Keyboard10disconnectEv
 .text._ZN3mod8Keyboard6updateEv
                0x800061e0      0x1d4 keyboard.o
                0x800061e0                _ZN3mod8Keyboard6updateEv
 .text._ZZN3mod3Mod4initEvENUlvE0_4_FUNEv
                0x800063b4        0x4 mod.o
 .text._ZZN3mod3Mod11updateEarlyEvENUlN4ttyd7dispdrv8CameraIdEPvE_4_FUNES3_S4_
                0x800063b8        0x4 mod.o
 .text._ZN3mod3ModC2Ev
                0x800063bc       0x90 mod.o
                0x800063bc                _ZN3mod3ModC2Ev
                0x800063bc                _ZN3mod3ModC1Ev
 .text._ZN3mod3Mod4initEv
                0x8000644c      0x188 mod.o
                0x8000644c                _ZN3mod3Mod4initEv
 .text.startup._ZN3mod4mainEv
                0x800065d4       0x38 mod.o
                0x800065d4                _ZN3mod4mainEv
 .text._ZN3mod3Mod11updateEarlyEv
                0x8000660c       0x8c mod.o
                0x8000660c                _ZN3mod3Mod11updateEarlyEv
 .text._ZZN3mod3Mod4initEvENUlvE_4_FUNEv
                0x80006698        0xc mod.o
 .text._ZN3mod5patch17clear_DC_IC_CacheEPvj
                0x800066a4       0x3c patch.o
                0x800066a4                _ZN3mod5patch17clear_DC_IC_CacheEPvj
 .text._ZN3mod5patch14writeEvtBranchEPiPKib
                0x800066e0       0x1c patch.o
                0x800066e0                _ZN3mod5patch14writeEvtBranchEPiPKib
 .text._ZN3mod5patch15writeBranchMainEPvS1_j
                0x800066fc       0x18 patch.o
                0x800066fc                _ZN3mod5patch15writeBranchMainEPvS1_j
 .text._ZN3mod5patch11writeBranchEPvS1_
                0x80006714        0x8 patch.o
                0x80006714                _ZN3mod5patch11writeBranchEPvS1_
 .text._ZN3mod5patch13writeBranchBLEPvS1_
                0x8000671c        0xc patch.o
                0x8000671c                _ZN3mod5patch13writeBranchBLEPvS1_
 .text._ZN3mod5patch10writePatchEPvPKvj
                0x80006728       0x5c patch.o
                0x80006728                _ZN3mod5patch10writePatchEPvPKvj
 .text._ZN3mod5patch10writePatchEPvj
                0x80006784       0x2c patch.o
                0x80006784                _ZN3mod5patch10writePatchEPvj
 .text._ZN3mod5patch15writeBranchPairEPvS1_S1_
                0x800067b0       0x3c patch.o
                0x800067b0                _ZN3mod5patch15writeBranchPairEPvS1_S1_
 .text._ZN3mod5patch17writeIntWithCacheEPvj
                0x800067ec        0xc patch.o
                0x800067ec                _ZN3mod5patch17writeIntWithCacheEPvj
 .text.vsnprintf
                0x800067f8       0x70 printf.o
                0x800067f8                vsnprintf
 .text.snprintf
                0x80006868       0x7c printf.o
                0x80006868                snprintf
 .text._prolog  0x800068e4       0x5c rel.o
                0x800068e4                _prolog
 .text._epilog  0x80006940       0x4c rel.o
                0x80006940                _epilog
 .text._unresolved
                0x8000698c        0x4 rel.o
                0x8000698c                _unresolved
 .text._ZN3modL10ugTransferEiPvib
                0x80006990      0x124 ug.o
 .text._ZN3mod7ugProbeEi
                0x80006ab4       0xf8 ug.o
                0x80006ab4                _ZN3mod7ugProbeEi
 .text._ZN3mod6ugSendEiPKvi
                0x80006bac        0x8 ug.o
                0x80006bac                _ZN3mod6ugSendEiPKvi
 .text._ZN3mod6ugRecvEiPvi
                0x80006bb4        0x8 ug.o
                0x80006bb4                _ZN3mod6ugRecvEiPvi
 .text.strstr   0x80006bbc       0x90 util.o
                0x80006bbc                strstr
 .text._ZN3mod4util16checkButtonComboEj
                0x80006c4c       0x4c util.o
                0x80006c4c                _ZN3mod4util16checkButtonComboEj
 .text._ZN3mod4util26checkButtonComboEveryFrameEj
                0x80006c98       0x34 util.o
                0x80006c98                _ZN3mod4util26checkButtonComboEveryFrameEj
 .text._ZN3mod4util10ptrIsValidEPv
                0x80006ccc       0x30 util.o
                0x80006ccc                _ZN3mod4util10ptrIsValidEPv
 .text._ZN3mod4util10intToFloatEi
                0x80006cfc       0x30 util.o
                0x80006cfc                _ZN3mod4util10intToFloatEi
 .text._ZN3mod4util25getTextMultilineIncrementEPKcfj
                0x80006d2c       0x4c util.o
                0x80006d2c                _ZN3mod4util25getTextMultilineIncrementEPKcfj
 .text._Z15ApplyAaaPatchesv
                0x80006d78       0x50 aaa.o
                0x80006d78                _Z15ApplyAaaPatchesv
 .text._Z15ApplyAjiPatchesv
                0x80006dc8      0x83c aji.o
                0x80006dc8                _Z15ApplyAjiPatchesv
 .text._Z15ApplyBomPatchesv
                0x80007604      0x300 bom.o
                0x80007604                _Z15ApplyBomPatchesv
 .text._Z15ApplyDouPatchesv
                0x80007904      0x2f0 dou.o
                0x80007904                _Z15ApplyDouPatchesv
 .text._Z15ApplyEkiPatchesv
                0x80007bf4      0x254 eki.o
                0x80007bf4                _Z15ApplyEkiPatchesv
 .text._Z15ApplyEndPatchesv
                0x80007e48       0x30 end.o
                0x80007e48                _Z15ApplyEndPatchesv
 .text._Z15ApplyGonPatchesv
                0x80007e78      0x340 gon.o
                0x80007e78                _Z15ApplyGonPatchesv
 .text._Z17ApplyGor00Patchesv
                0x800081b8      0x5b0 gor_00.o
                0x800081b8                _Z17ApplyGor00Patchesv
 .text.startup._GLOBAL__sub_I__Z17ApplyGor00Patchesv
                0x80008768       0x14 gor_00.o
 .text._Z17ApplyGor01Patchesv
                0x8000877c      0x400 gor_01.o
                0x8000877c                _Z17ApplyGor01Patchesv
 .text._Z17ApplyGor02Patchesv
                0x80008b7c      0x400 gor_02.o
                0x80008b7c                _Z17ApplyGor02Patchesv
 .text._Z17ApplyGor03Patchesv
                0x80008f7c      0x47c gor_03.o
                0x80008f7c                _Z17ApplyGor03Patchesv
 .text._Z17ApplyGor04Patchesv
                0x800093f8      0x1d8 gor_04.o
                0x800093f8                _Z17ApplyGor04Patchesv
 .text._Z19ApplyGorMiscPatchesv
                0x800095d0      0x14c gor_misc.o
                0x800095d0                _Z19ApplyGorMiscPatchesv
 .text._Z15ApplyGorPatchesv
                0x8000971c       0x30 gor_misc.o
                0x8000971c                _Z15ApplyGorPatchesv
 .text._Z15ApplyGraPatchesv
                0x8000974c      0x200 gra.o
                0x8000974c                _Z15ApplyGraPatchesv
 .text._Z15ApplyHeiPatchesv
                0x8000994c      0x294 hei.o
                0x8000994c                _Z15ApplyHeiPatchesv
 .text._Z15ApplyHomPatchesv
                0x80009be0      0x140 hom.o
                0x80009be0                _Z15ApplyHomPatchesv
 .text._Z15ApplyJinPatchesv
                0x80009d20      0x31c jin.o
                0x80009d20                _Z15ApplyJinPatchesv
 .text._Z15ApplyKpaPatchesv
                0x8000a03c       0xd0 kpa.o
                0x8000a03c                _Z15ApplyKpaPatchesv
 .text._Z24ApplyMainAssemblyPatchesv
                0x8000a10c      0x8e8 main.o
                0x8000a10c                _Z24ApplyMainAssemblyPatchesv
 .text._Z22ApplyMainScriptPatchesv
                0x8000a9f4      0x1d4 main.o
                0x8000a9f4                _Z22ApplyMainScriptPatchesv
 .text._Z25ApplyItemDataTablePatchesv
                0x8000abc8      0x15c main.o
                0x8000abc8                _Z25ApplyItemDataTablePatchesv
 .text._Z15ApplyMriPatchesv
                0x8000ad24      0xbbc mri.o
                0x8000ad24                _Z15ApplyMriPatchesv
 .text._Z15ApplyMujPatchesv
                0x8000b8e0      0xa2c muj.o
                0x8000b8e0                _Z15ApplyMujPatchesv
 .text._Z15ApplyNokPatchesv
                0x8000c30c      0x36c nok.o
                0x8000c30c                _Z15ApplyNokPatchesv
 .text._Z15ApplyPikPatchesv
                0x8000c678      0x51c pik.o
                0x8000c678                _Z15ApplyPikPatchesv
 .text._Z15ApplyRshPatchesv
                0x8000cb94      0xe20 rsh.o
                0x8000cb94                _Z15ApplyRshPatchesv
 .text._Z24checkChapterRequirementsPN4ttyd6evtmgr8EvtEntryEb
                0x8000d9b4       0x7c tik.o
                0x8000d9b4                _Z24checkChapterRequirementsPN4ttyd6evtmgr8EvtEntryEb
 .text._Z18checkChapterClearsPN4ttyd6evtmgr8EvtEntryEb
                0x8000da30       0x5c tik.o
                0x8000da30                _Z18checkChapterClearsPN4ttyd6evtmgr8EvtEntryEb
 .text._Z15ApplyTikPatchesv
                0x8000da8c      0x578 tik.o
                0x8000da8c                _Z15ApplyTikPatchesv
 .text._Z15ApplyTouPatchesv
                0x8000e004     0x10a8 tou.o
                0x8000e004                _Z15ApplyTouPatchesv
 .text._Z16ApplyTou2Patchesv
                0x8000f0ac      0x34c tou2.o
                0x8000f0ac                _Z16ApplyTou2Patchesv
 .text._Z15ApplyUsuPatchesv
                0x8000f3f8      0x884 usu.o
                0x8000f3f8                _Z15ApplyUsuPatchesv
 .text._Z15ApplyWinPatchesv
                0x8000fc7c      0x2e4 win.o
                0x8000fc7c                _Z15ApplyWinPatchesv
 *(.gnu.warning)
 *(.gnu.linkonce.t.*)
                0x8000ff60                        . = ALIGN (0x20)

.text._ZN3mod13mario_set_posMUlPKcE_4_FUNES2_
                0x00000000       0x5c
 .text._ZN3mod13mario_set_posMUlPKcE_4_FUNES2_
                0x00000000       0x5c con_mario.o
                0x00000000                _ZN3mod13mario_set_posMUlPKcE_4_FUNES2_
                0x00000000                _ZN3mod13mario_set_posMUlPKcE_4_FUNES1_

.text._ZN3mod15perf_fake_spikeMUlPKcE_4_FUNES2_
                0x00000000       0x7c
 .text._ZN3mod15perf_fake_spikeMUlPKcE_4_FUNES2_
                0x00000000       0x7c con_perf.o
                0x00000000                _ZN3mod15perf_fake_spikeMUlPKcE_4_FUNES1_
                0x00000000                _ZN3mod15perf_fake_spikeMUlPKcE_4_FUNES2_

.text._ZN3mod14seq_change_mapMUlPKcE_4_FUNES2_
                0x00000000       0xc4
 .text._ZN3mod14seq_change_mapMUlPKcE_4_FUNES2_
                0x00000000       0xc4 con_seq.o
                0x00000000                _ZN3mod14seq_change_mapMUlPKcE_4_FUNES2_
                0x00000000                _ZN3mod14seq_change_mapMUlPKcE_4_FUNES1_

.text._ZN3mod8con_monoMUlPNS_9ConIntVarEiE_4_FUNES2_i
                0x00000000       0x18
 .text._ZN3mod8con_monoMUlPNS_9ConIntVarEiE_4_FUNES2_i
                0x00000000       0x18 console.o
                0x00000000                _ZN3mod8con_monoMUlPNS_9ConIntVarEiE_4_FUNES1_i
                0x00000000                _ZN3mod8con_monoMUlPNS_9ConIntVarEiE_4_FUNES2_i

.text._ZN18HeapCorruptionInfo10initBufferEv
                0x00000000       0x34
 .text._ZN18HeapCorruptionInfo10initBufferEv
                0x00000000       0x34 errorHandling.o
                0x00000000                _ZN18HeapCorruptionInfo10initBufferEv

.fini           0x00000034        0xc
 *(.fini)
                0x00000040                        . = ALIGN (0x20)
 *fill*         0x00000034        0xc 00000000
                [!provide]                        PROVIDE (__etext = .)
                [!provide]                        PROVIDE (_etext = .)
                [!provide]                        PROVIDE (etext = .)

.rodata         0x00000040     0xc4dd
 *(.rodata)
 *(.rodata.*)
 .rodata._ZZN3mod3owr3OWR4InitEvENUliE_4_FUNEi
                0x00000040       0x10 OWR.o
 .rodata._ZZN3mod3owr3OWR4InitEvENUlPKcE_4_FUNES3_.str1.1
                0x00000050      0x31f OWR.o
 .rodata._ZZN3mod3owr3OWR4InitEvENUlN4ttyd6seqdrv8SeqIndexEPvS5_E_4_FUNES4_S5_S5_.str1.1
                0x0000036f        0x7 OWR.o
 *fill*         0x00000376        0x2 
 .rodata._ZN3mod3owr3OWR14OnModuleLoadedEP12OSModuleInfo
                0x00000378       0x70 OWR.o
 .rodata._ZL8GSWF_ARR
                0x000003e8       0x1c OWR.o
 .rodata.cst4   0x00000404        0x4 OWR.o
 .rodata._ZN3mod13mario_set_posMUlPKcE_4_FUNES2_.str1.1
                0x00000408        0x9 con_mario.o
 .rodata._ZN3modL13mod_if_func24Ev.str1.1
                0x00000411       0x20 con_mario.o
 .rodata._GLOBAL__sub_I__ZN3mod13mario_set_posE.str1.1
                0x00000431       0x1d con_mario.o
 .rodata._ZN3modL13mod_if_func51Ev.str1.1
                0x0000044e       0x5b con_perf.o
 .rodata._ZN3mod15perf_fake_spikeMUlPKcE_4_FUNES2_.str1.1
                0x000004a9        0x3 con_perf.o
 .rodata._GLOBAL__sub_I__ZN3mod15perf_fake_spikeE.str1.1
                0x000004ac       0x1f con_perf.o
 *fill*         0x000004cb        0x1 
 .rodata.cst4   0x000004cc        0xc con_perf.o
 .rodata._ZN3mod14seq_change_mapMUlPKcE_4_FUNES2_.str1.1
                0x000004d8       0x1e con_seq.o
 .rodata._GLOBAL__sub_I__ZN3mod13seq_logo_skipE.str1.1
                0x000004f6       0x1d con_seq.o
 .rodata._ZN3mod13ConsoleSystem8logColorEPKcN2gc6color4E.str1.1
                0x00000513       0x80 console.o
 .rodata._ZN3mod7CC_findEPKc.str1.1
                0x00000593       0x1d console.o
 .rodata._ZN3mod13ConsoleSystem14processCommandEPKc.str1.1
                0x000005b0       0x28 console.o
 .rodata._ZN3mod13ConsoleSystem14updateUsbGeckoEv.str1.1
                0x000005d8       0x74 console.o
 .rodata._ZN3mod13ConsoleSystem4dispEv.str1.1
                0x0000064c       0x16 console.o
 .rodata._GLOBAL__sub_I__ZN3mod10ConCommand6sFirstE.str1.1
                0x00000662       0x7f console.o
 .rodata._ZZN3mod13ConsoleSystem4dispEvE12kPromptColor
                0x000006e1        0x4 console.o
 *fill*         0x000006e5        0x3 
 .rodata.cst4   0x000006e8        0x8 console.o
 .rodata._ZL21initStandardHeapErrorPKvib.str1.1
                0x000006f0       0x30 errorHandling.o
 .rodata._ZL18initSmartHeapErrorPKvb.str1.1
                0x00000720       0x23 errorHandling.o
 .rodata._ZL16initMapHeapErrorPKvtb.str1.1
                0x00000743       0x2b errorHandling.o
 .rodata._ZN21NpcNameToPtrErrorInfo16drawErrorMessageEv.str1.1
                0x0000076e       0x1f errorHandling.o
 .rodata._ZN21AnimPoseMainErrorInfo16drawErrorMessageEv.str1.1
                0x0000078d       0x1f errorHandling.o
 .rodata.cst4   0x000007ac       0x10 errorHandling.o
 .rodata._ZL14fixMapProblemsv.str1.1
                0x000007bc       0x1e gamePatches.o
 .rodata.cPreventDiaryTextboxOptionSelection.str1.1
                0x000007da       0x19 gamePatches.o
 *fill*         0x000007f3        0x1 
 .rodata.cst4   0x000007f4        0x4 mod.o
 .rodata.cst4   0x000007f8        0x8 util.o
 .rodata._ZL20aji_17_init_evt_hook
                0x00000800       0x10 aji.o
 .rodata._ZL19aji_17_init_evt_evt
                0x00000810       0x4c aji.o
 .rodata._ZL20aji_10_init_evt_hook
                0x0000085c       0x10 aji.o
 .rodata.str1.1
                0x0000086c       0x37 aji.o
 *fill*         0x000008a3        0x1 
 .rodata._ZL19aji_10_init_evt_evt
                0x000008a4      0x288 aji.o
 .rodata._ZL18teshita3_init_hook
                0x00000b2c       0x10 aji.o
 .rodata._ZL17teshita3_init_evt
                0x00000b3c       0xc0 aji.o
 .rodata._ZL18teshita2_init_hook
                0x00000bfc       0x10 aji.o
 .rodata._ZL17teshita2_init_evt
                0x00000c0c       0xc0 aji.o
 .rodata._ZL20peach_evt_ele_2_hook
                0x00000ccc       0x24 aji.o
 .rodata._ZL19peach_evt_ele_2_evt
                0x00000cf0       0x6c aji.o
 .rodata._ZL20aji_00_init_evt_hook
                0x00000d5c       0x10 aji.o
 .rodata._ZL19aji_00_init_evt_evt
                0x00000d6c       0x5c aji.o
 .rodata._ZL4npc4
                0x00000dc8       0x13 aji.o
 *fill*         0x00000ddb        0x1 
 .rodata._ZL4npc3
                0x00000ddc        0x7 aji.o
 *fill*         0x00000de3        0x1 
 .rodata._ZL4npc2
                0x00000de4        0xf aji.o
 *fill*         0x00000df3        0x1 
 .rodata._ZL4npc1
                0x00000df4        0x7 aji.o
 .rodata.str1.1
                0x00000dfb       0x12 dou.o
 *fill*         0x00000e0d        0x3 
 .rodata._ZL20peramajin_after_item
                0x00000e10       0x9c dou.o
 .rodata._ZL12evt_elv_hook
                0x00000eac       0x28 eki.o
 .rodata.str1.1
                0x00000ed4       0x2f eki.o
 *fill*         0x00000f03        0x1 
 .rodata._ZL11evt_elv_evt
                0x00000f04      0x104 eki.o
 .rodata.str1.1
                0x00001008        0xb gon.o
 *fill*         0x00001013        0x1 
 .rodata._ZL19gon_evt_majin2_item
                0x00001014       0xd0 gon.o
 .rodata._ZL21gor_00_init_evt2_hook
                0x000010e4       0x10 gor_00.o
 .rodata._ZL21gor_00_init_evt1_hook
                0x000010f4       0x10 gor_00.o
 .rodata.str1.1
                0x00001104      0x25e gor_00.o
 *fill*         0x00001362        0x2 
 .rodata._ZL16gor_00_init_evt1
                0x00001364      0x1f8 gor_00.o
 .rodata._ZL18korutesu_init_hook
                0x0000155c       0x10 gor_00.o
 .rodata._ZL17korutesu_init_evt
                0x0000156c       0x58 gor_00.o
 .rodata._ZL20suifubomb_b_talk_evt
                0x000015c4       0xd4 gor_00.o
 .rodata._ZL21suifubomb_b_regl_hook
                0x00001698       0x10 gor_00.o
 .rodata._ZL20suifubomb_b_regl_evt
                0x000016a8      0x120 gor_00.o
 .rodata._ZL20suifubomb_a_talk_evt
                0x000017c8      0x150 gor_00.o
 .rodata._ZL21suifubomb_a_regl_hook
                0x00001918       0x10 gor_00.o
 .rodata._ZL20suifubomb_a_regl_evt
                0x00001928       0x90 gor_00.o
 .rodata._ZL21suifubomb_a_init_hook
                0x000019b8       0x10 gor_00.o
 .rodata._ZL20suifubomb_a_init_evt
                0x000019c8       0xc8 gor_00.o
 .rodata._ZL16suifu_b_talk_evt
                0x00001a90       0xd4 gor_00.o
 .rodata._ZL20luigi_npcEnt_00_hook
                0x00001b64       0x10 gor_00.o
 .rodata._ZL19luigi_npcEnt_00_evt
                0x00001b74       0x80 gor_00.o
 .rodata._ZL18luigi_init_00_hook
                0x00001bf4       0x10 gor_00.o
 .rodata._ZL17luigi_init_00_evt
                0x00001c04       0x50 gor_00.o
 .rodata._ZL16mokorim_init_evt
                0x00001c54       0x30 gor_00.o
 .rodata._ZL17suifu_b_init_hook
                0x00001c84       0x10 gor_00.o
 .rodata._ZL16suifu_b_init_evt
                0x00001c94       0xc8 gor_00.o
 .rodata._ZL17suifu_a_regl_hook
                0x00001d5c       0x10 gor_00.o
 .rodata._ZL16suifu_a_regl_evt
                0x00001d6c       0x80 gor_00.o
 .rodata._ZL16suifu_a_talk_evt
                0x00001dec       0xd4 gor_00.o
 .rodata._ZL19odoodo_ani_talk_evt
                0x00001ec0       0x20 gor_00.o
 .rodata._ZL15odoodo_talk_evt
                0x00001ee0      0x128 gor_00.o
 .rodata._ZL16odoodo_regl_hook
                0x00002008       0x10 gor_00.o
 .rodata._ZL15odoodo_regl_evt
                0x00002018       0x94 gor_00.o
 .rodata._ZL16odoodo_init_hook
                0x000020ac       0x10 gor_00.o
 .rodata._ZL15odoodo_init_evt
                0x000020bc      0x114 gor_00.o
 .rodata._ZL17garawaru_talk_evt
                0x000021d0       0xb8 gor_00.o
 .rodata._ZL18garawaru_regl_hook
                0x00002288       0x10 gor_00.o
 .rodata._ZL17garawaru_regl_evt
                0x00002298      0x120 gor_00.o
 .rodata._ZL18garawaru_init_hook
                0x000023b8       0x10 gor_00.o
 .rodata._ZL17garawaru_init_evt
                0x000023c8      0x140 gor_00.o
 .rodata._ZL7npcEnt2
                0x00002508        0x9 gor_00.o
 *fill*         0x00002511        0x3 
 .rodata._ZL6npcEnt
                0x00002514        0x9 gor_00.o
 .rodata.str1.1
                0x0000251d       0x9f gor_01.o
 .rodata._ZL15bomhei_talk_evt
                0x000025bc       0x20 gor_01.o
 .rodata._ZL16chusan2_talk_evt
                0x000025dc       0x20 gor_01.o
 .rodata._ZL16chusan1_talk_evt
                0x000025fc       0x20 gor_01.o
 .rodata._ZL16kuribo3_talk_evt
                0x0000261c       0x20 gor_01.o
 .rodata._ZL16kuribo2_talk_evt
                0x0000263c       0x20 gor_01.o
 .rodata._ZL16kuribo1_talk_evt
                0x0000265c       0x20 gor_01.o
 .rodata._ZL15roten2_talk_evt
                0x0000267c       0x20 gor_01.o
 .rodata._ZL15roten1_talk_evt
                0x0000269c       0x20 gor_01.o
 .rodata._ZL19shoptender_talk_evt
                0x000026bc       0x20 gor_01.o
 .rodata._ZL15kinoji_talk_evt
                0x000026dc       0x20 gor_01.o
 .rodata._ZL19bottakuru_init_hook
                0x000026fc       0x10 gor_01.o
 .rodata._ZL18bottakuru_init_evt
                0x0000270c       0x70 gor_01.o
 .rodata._ZL18marco_init_01_hook
                0x0000277c       0x10 gor_01.o
 .rodata._ZL17marco_init_01_evt
                0x0000278c       0x40 gor_01.o
 .rodata._ZL20badgemaster_talk_evt
                0x000027cc       0x20 gor_01.o
 .rodata._ZL15luigi_init_hook
                0x000027ec       0x10 gor_02.o
 .rodata.str1.1
                0x000027fc      0x22d gor_02.o
 *fill*         0x00002a29        0x3 
 .rodata._ZL14luigi_init_evt
                0x00002a2c       0x4c gor_02.o
 .rodata._ZL20tozokudan2_talk_hook
                0x00002a78        0xc gor_02.o
 .rodata._ZL19tozokudan2_talk_evt
                0x00002a84      0x160 gor_02.o
 .rodata._ZL20tozokudan1_talk_hook
                0x00002be4        0xc gor_02.o
 .rodata._ZL19tozokudan1_talk_evt
                0x00002bf0      0x160 gor_02.o
 .rodata._ZL20kurihakase_init_hook
                0x00002d50       0x10 gor_02.o
 .rodata._ZL19kurihakase_init_evt
                0x00002d60      0x294 gor_02.o
 .rodata._ZL19kurihakase_talk_evt
                0x00002ff4      0x2cc gor_02.o
 .rodata._ZL22evt_door_02_open_hook2
                0x000032c0       0x10 gor_02.o
 .rodata._ZL21evt_door_02_open_evt2
                0x000032d0       0xc4 gor_02.o
 .rodata._ZL21evt_door_02_open_hook
                0x00003394       0x10 gor_02.o
 .rodata._ZL20evt_door_02_open_evt
                0x000033a4      0x184 gor_02.o
 .rodata._ZL21gor_02_init_evt2_hook
                0x00003528       0x10 gor_02.o
 .rodata._ZL16gor_02_init_evt2
                0x00003538       0xcc gor_02.o
 .rodata._ZL21gor_02_init_evt1_hook
                0x00003604       0x10 gor_02.o
 .rodata._ZL16gor_02_init_evt1
                0x00003614      0x138 gor_02.o
 .rodata._ZL16borodo2_talk_evt
                0x0000374c       0x20 gor_02.o
 .rodata._ZL16borodo1_talk_evt
                0x0000376c       0x20 gor_02.o
 .rodata._ZL15roten3_talk_evt
                0x0000378c       0x20 gor_02.o
 .rodata._ZL16chusan3_talk_evt
                0x000037ac       0x20 gor_02.o
 .rodata._ZL16kuribo4_talk_evt
                0x000037cc       0x20 gor_02.o
 .rodata._ZL20gor_03_init_evt_hook
                0x000037ec       0x10 gor_03.o
 .rodata.str1.1
                0x000037fc      0x100 gor_03.o
 .rodata._ZL19gor_03_init_evt_evt
                0x000038fc      0x160 gor_03.o
 .rodata._ZL16maffia3_talk_evt
                0x00003a5c       0x20 gor_03.o
 .rodata._ZL16maffia2_talk_evt
                0x00003a7c      0x140 gor_03.o
 .rodata._ZL16maffia1_talk_evt
                0x00003bbc      0x140 gor_03.o
 .rodata._ZL26maffiaboss_casino_talk_evt
                0x00003cfc       0x20 gor_03.o
 .rodata._ZL26maffiaboss_talk_common_evt
                0x00003d1c      0x120 gor_03.o
 .rodata._Z17ApplyGor04Patchesv.str1.1
                0x00003e3c       0x12 gor_04.o
 .rodata.str1.1
                0x00003e4e        0x7 gor_misc.o
 *fill*         0x00003e55        0x3 
 .rodata._ZL9party_evt
                0x00003e58       0x9c gor_misc.o
 .rodata._ZL9goombella
                0x00003ef4        0x9 gor_misc.o
 .rodata.str1.1
                0x00003efd       0x18 gra.o
 *fill*         0x00003f15        0x3 
 .rodata._ZL17evt_machibuse_evt
                0x00003f18       0x4c gra.o
 .rodata._ZL8doopliss
                0x00003f64        0xb gra.o
 *fill*         0x00003f6f        0x1 
 .rodata._ZL11stones_hook
                0x00003f70       0x10 hei.o
 .rodata.str1.1
                0x00003f80       0x21 hei.o
 *fill*         0x00003fa1        0x3 
 .rodata._ZL10stones_evt
                0x00003fa4       0xd8 hei.o
 .rodata._ZL9party_evt
                0x0000407c       0x80 hei.o
 .rodata._ZL5koops
                0x000040fc        0xb hei.o
 *fill*         0x00004107        0x1 
 .rodata._ZL20hom_00_init_evt_hook
                0x00004108       0x10 hom.o
 .rodata.str1.1
                0x00004118       0x1f hom.o
 *fill*         0x00004137        0x1 
 .rodata._ZL19hom_00_init_evt_evt
                0x00004138       0x94 hom.o
 .rodata._Z25ApplyItemDataTablePatchesv.str1.1
                0x000041cc       0xc2 main.o
 *fill*         0x0000428e        0x2 
 .rodata._ZL20mri_09_init_evt_hook
                0x00004290       0x10 mri.o
 .rodata.str1.1
                0x000042a0      0x181 mri.o
 *fill*         0x00004421        0x3 
 .rodata._ZL19mri_09_init_evt_evt
                0x00004424      0x14c mri.o
 .rodata._ZL20mri_04_init_evt_hook
                0x00004570       0x10 mri.o
 .rodata._ZL19mri_04_init_evt_evt
                0x00004580       0x30 mri.o
 .rodata._ZL16bero_custom_hook
                0x000045b0       0x10 mri.o
 .rodata._ZL15bero_custom_evt
                0x000045c0       0x44 mri.o
 .rodata._ZL21mri_01_init_evt_hook2
                0x00004604       0x10 mri.o
 .rodata._ZL19mri_01_init_evt_evt
                0x00004614       0x30 mri.o
 .rodata._ZL18puniinfo_talk_hook
                0x00004644       0x10 mri.o
 .rodata._ZL20mri_03_init_evt_hook
                0x00004654       0x14 mri.o
 .rodata._ZL22mri_03_init_evt_switch
                0x00004668       0x9c mri.o
 .rodata._ZL20mri_01_init_evt_hook
                0x00004704       0x14 mri.o
 .rodata._ZL22mri_01_init_evt_switch
                0x00004718       0xb0 mri.o
 .rodata._ZL23mri_sister_init_01_hook
                0x000047c8       0x10 mri.o
 .rodata._ZL22mri_sister_init_01_evt
                0x000047d8       0xa8 mri.o
 .rodata._ZL16puni_2_init_hook
                0x00004880       0x10 mri.o
 .rodata._ZL15puni_2_init_evt
                0x00004890       0x78 mri.o
 .rodata._ZL16puni_1_talk_hook
                0x00004908       0x10 mri.o
 .rodata._ZL15puni_1_talk_evt
                0x00004918       0xb0 mri.o
 .rodata._ZL16puni_1_init_hook
                0x000049c8       0x10 mri.o
 .rodata._ZL15puni_1_init_evt
                0x000049d8       0x78 mri.o
 .rodata._ZL15elder_talk_hook
                0x00004a50       0x10 mri.o
 .rodata._ZL14elder_talk_evt
                0x00004a60       0xb8 mri.o
 .rodata._ZL22mri_elder_init_01_hook
                0x00004b18       0x10 mri.o
 .rodata._ZL21mri_elder_init_01_evt
                0x00004b28       0xcc mri.o
 .rodata._ZL22mri_rival_init_01_hook
                0x00004bf4       0x10 mri.o
 .rodata._ZL21mri_rival_init_01_evt
                0x00004c04       0xa8 mri.o
 .rodata._ZL18guide_init_01_hook
                0x00004cac       0x10 mri.o
 .rodata._ZL17guide_init_01_evt
                0x00004cbc       0x8c mri.o
 .rodata._ZL15guide_talk_hook
                0x00004d48       0x10 mri.o
 .rodata._ZL14guide_talk_evt
                0x00004d58       0x98 mri.o
 .rodata._ZL18guide_init_00_hook
                0x00004df0       0x10 mri.o
 .rodata._ZL17guide_init_00_evt
                0x00004e00      0x150 mri.o
 .rodata._ZL14muj_party_hook
                0x00004f50       0x10 muj.o
 .rodata.str1.1
                0x00004f60      0x38f muj.o
 *fill*         0x000052ef        0x1 
 .rodata._ZL13muj_party_evt
                0x000052f0       0xac muj.o
 .rodata._ZL22peton_init_muj_01_hook
                0x0000539c       0x10 muj.o
 .rodata._ZL21peton_init_muj_01_evt
                0x000053ac       0x54 muj.o
 .rodata._ZL21mony_init_muj_01_hook
                0x00005400       0x10 muj.o
 .rodata._ZL20mony_init_muj_01_evt
                0x00005410       0x54 muj.o
 .rodata._ZL17koburon_dead_hook
                0x00005464       0x10 muj.o
 .rodata._ZL16koburon_dead_evt
                0x00005474      0x3bc muj.o
 .rodata._ZL20muj_01_init_evt_hook
                0x00005830       0x10 muj.o
 .rodata._ZL19muj_01_init_evt_evt
                0x00005840       0x50 muj.o
 .rodata._ZL21borosuifu_b_talk_hook
                0x00005890       0x10 muj.o
 .rodata._ZL20borosuifu_b_talk_evt
                0x000058a0       0xf8 muj.o
 .rodata._ZL21borosuifu_a_talk_hook
                0x00005998       0x10 muj.o
 .rodata._ZL20borosuifu_a_talk_evt
                0x000059a8       0xf8 muj.o
 .rodata._ZL24suifu_d_talk_muj_01_hook
                0x00005aa0       0x10 muj.o
 .rodata._ZL23suifu_d_talk_muj_01_evt
                0x00005ab0       0xf8 muj.o
 .rodata._ZL20suifu_bomb_talk_hook
                0x00005ba8       0x10 muj.o
 .rodata._ZL19suifu_bomb_talk_evt
                0x00005bb8       0xf4 muj.o
 .rodata._ZL20suifu_bomb_init_hook
                0x00005cac       0x10 muj.o
 .rodata._ZL19suifu_bomb_init_evt
                0x00005cbc       0x30 muj.o
 .rodata._ZL24suifu_a_talk_muj_01_hook
                0x00005cec       0x10 muj.o
 .rodata._ZL23suifu_a_talk_muj_01_evt
                0x00005cfc       0xf4 muj.o
 .rodata._ZL24suifu_a_init_muj_01_hook
                0x00005df0       0x10 muj.o
 .rodata._ZL23suifu_a_init_muj_01_evt
                0x00005e00       0x40 muj.o
 .rodata._ZL23odoodo_init_muj_01_hook
                0x00005e40       0x10 muj.o
 .rodata._ZL22odoodo_init_muj_01_evt
                0x00005e50       0x40 muj.o
 .rodata._ZL23megane_init_muj_01_hook
                0x00005e90       0x10 muj.o
 .rodata._ZL22megane_init_muj_01_evt
                0x00005ea0       0x40 muj.o
 .rodata._ZL22marco_init_muj_01_hook
                0x00005ee0       0x10 muj.o
 .rodata._ZL21marco_init_muj_01_evt
                0x00005ef0       0x9c muj.o
 .rodata._ZL25garawaru_talk_muj_01_hook
                0x00005f8c       0x10 muj.o
 .rodata._ZL24garawaru_talk_muj_01_evt
                0x00005f9c      0x4b4 muj.o
 .rodata._ZL25garawaru_init_muj_01_hook
                0x00006450       0x10 muj.o
 .rodata._ZL24garawaru_init_muj_01_evt
                0x00006460       0xd8 muj.o
 .rodata._ZL20muj_00_init_evt_hook
                0x00006538       0x44 muj.o
 .rodata._ZL21muj_00_init_evt_evt_2
                0x0000657c       0x70 muj.o
 .rodata._ZL19muj_00_init_evt_evt
                0x000065ec       0x40 muj.o
 .rodata._ZL22peton_talk_muj_00_hook
                0x0000662c       0x10 muj.o
 .rodata._ZL21peton_talk_muj_00_evt
                0x0000663c       0x8c muj.o
 .rodata._ZL21mony_talk_muj_00_hook
                0x000066c8       0x10 muj.o
 .rodata._ZL20mony_talk_muj_00_evt
                0x000066d8       0x8c muj.o
 .rodata._ZL17nokorin_talk_hook
                0x00006764       0x10 nok.o
 .rodata.str1.1
                0x00006774      0x4b1 nok.o
 *fill*         0x00006c25        0x3 
 .rodata._ZL16nokorin_talk_evt
                0x00006c28      0x2f4 nok.o
 .rodata._ZL19boss_noko_talk_hook
                0x00006f1c       0x10 nok.o
 .rodata._ZL18boss_noko_talk_evt
                0x00006f2c      0x164 nok.o
 .rodata._ZL20nokonoko_K_talk_hook
                0x00007090       0x10 nok.o
 .rodata._ZL19nokonoko_K_talk_evt
                0x000070a0       0xd4 nok.o
 .rodata._ZL18nokopapa_talk_hook
                0x00007174       0x10 nok.o
 .rodata._ZL17nokopapa_talk_evt
                0x00007184      0x128 nok.o
 .rodata._ZL16monban_talk_hook
                0x000072ac       0x10 nok.o
 .rodata._ZL15monban_talk_evt
                0x000072bc      0x11c nok.o
 .rodata._ZL20nokonoko_I_talk_hook
                0x000073d8       0x10 nok.o
 .rodata._ZL19nokonoko_I_talk_evt
                0x000073e8       0xd4 nok.o
 .rodata._ZL20nokonoko_H_talk_hook
                0x000074bc       0x10 nok.o
 .rodata._ZL19nokonoko_H_talk_evt
                0x000074cc       0xfc nok.o
 .rodata._ZL20nokonoko_G_talk_hook
                0x000075c8       0x10 nok.o
 .rodata._ZL19nokonoko_G_talk_evt
                0x000075d8       0xd4 nok.o
 .rodata._ZL15talk_white_hook
                0x000076ac       0x10 nok.o
 .rodata._ZL14talk_white_evt
                0x000076bc       0xa4 nok.o
 .rodata._ZL15init_white_hook
                0x00007760       0x10 nok.o
 .rodata._ZL14init_white_evt
                0x00007770       0x44 nok.o
 .rodata._ZL20nokonoko_F_talk_hook
                0x000077b4       0x10 nok.o
 .rodata._ZL19nokonoko_F_talk_evt
                0x000077c4       0xd4 nok.o
 .rodata._ZL20nokonoko_D_talk_hook
                0x00007898       0x10 nok.o
 .rodata._ZL19nokonoko_D_talk_evt
                0x000078a8       0xfc nok.o
 .rodata._ZL20nokonoko_C_talk_hook
                0x000079a4       0x10 nok.o
 .rodata._ZL19nokonoko_C_talk_evt
                0x000079b4       0xd4 nok.o
 .rodata._ZL20nokonoko_B_talk_hook
                0x00007a88       0x10 nok.o
 .rodata._ZL19nokonoko_B_talk_evt
                0x00007a98       0xd4 nok.o
 .rodata._ZL20nokonoko_A_talk_hook
                0x00007b6c       0x10 nok.o
 .rodata._ZL19nokonoko_A_talk_evt
                0x00007b7c      0x10c nok.o
 .rodata._ZL16pik_00_init_hook
                0x00007c88       0x10 pik.o
 .rodata.str1.1
                0x00007c98      0x15a pik.o
 *fill*         0x00007df2        0x2 
 .rodata._ZL19pik_00_init_evt_evt
                0x00007df4       0x58 pik.o
 .rodata._ZL32pik_talk_madam_ring_return_hook3
                0x00007e4c       0x10 pik.o
 .rodata._ZL20talk_madam_ring_item
                0x00007e5c       0x8c pik.o
 .rodata._ZL14evt_daiza_hook
                0x00007ee8       0x1c pik.o
 .rodata._ZL13evt_daiza_evt
                0x00007f04       0x5c pik.o
 .rodata._ZL18pik_evt_powan_hook
                0x00007f60       0x28 pik.o
 .rodata._ZL17pik_evt_powan_evt
                0x00007f88       0x94 pik.o
 .rodata._ZL16takun6_talk_hook
                0x0000801c       0x10 pik.o
 .rodata._ZL15takun6_talk_evt
                0x0000802c       0x78 pik.o
 .rodata._ZL16takun5_talk_hook
                0x000080a4       0x10 pik.o
 .rodata._ZL15takun5_talk_evt
                0x000080b4       0x78 pik.o
 .rodata._ZL16takun4_talk_hook
                0x0000812c       0x10 pik.o
 .rodata._ZL15takun4_talk_evt
                0x0000813c       0xb4 pik.o
 .rodata._ZL18miyageya_talk_hook
                0x000081f0       0x28 pik.o
 .rodata._ZL17miyageya_talk_evt
                0x00008218      0x114 pik.o
 .rodata._ZL7madame2
                0x0000832c        0x7 pik.o
 *fill*         0x00008333        0x1 
 .rodata._ZL28talk_madam_ring_return_hook3
                0x00008334       0x10 rsh.o
 .rodata.str1.1
                0x00008344      0x1ac rsh.o
 .rodata._ZL20talk_madam_ring_item
                0x000084f0       0x8c rsh.o
 .rodata._ZL28talk_madam_ring_return_hook2
                0x0000857c       0x10 rsh.o
 .rodata._ZL28talk_madam_ring_return_hook1
                0x0000858c       0x10 rsh.o
 .rodata._ZL26talk_madam_ring_return_evt
                0x0000859c       0x78 rsh.o
 .rodata._ZL16init_konari_hook
                0x00008614       0x10 rsh.o
 .rodata._ZL14init_papa_hook
                0x00008624       0x10 rsh.o
 .rodata._ZL15init_konari_evt
                0x00008634       0x9c rsh.o
 .rodata._ZL15init_powan_hook
                0x000086d0       0x10 rsh.o
 .rodata._ZL14init_powan_evt
                0x000086e0       0xec rsh.o
 .rodata._ZL19talk_waitless_hook2
                0x000087cc       0x10 rsh.o
 .rodata._ZL19talk_waitless_hook1
                0x000087dc       0x10 rsh.o
 .rodata._ZL17talk_waitless_evt
                0x000087ec       0x78 rsh.o
 .rodata._ZL21rsh_01_init_evt_hook2
                0x00008864       0x10 rsh.o
 .rodata._ZL19rsh_01_init_evt_evt
                0x00008874       0xd8 rsh.o
 .rodata._ZL20rsh_00_init_evt_hook
                0x0000894c       0x10 rsh.o
 .rodata._ZL19rsh_00_init_evt_evt
                0x0000895c       0xb8 rsh.o
 .rodata._ZL20rsh_04_init_evt_hook
                0x00008a14       0x10 rsh.o
 .rodata._ZL20rsh_03_init_evt_hook
                0x00008a24       0x10 rsh.o
 .rodata._ZL20rsh_02_init_evt_hook
                0x00008a34       0x10 rsh.o
 .rodata._ZL21rsh_01_init_evt_hook1
                0x00008a44       0x10 rsh.o
 .rodata._ZL19rsh_04_init_evt_evt
                0x00008a54       0xc0 rsh.o
 .rodata._ZL26rsh_03_init_evt_music_hook
                0x00008b14       0x10 rsh.o
 .rodata._ZL21rsh_03_init_evt_music
                0x00008b24      0x1f8 rsh.o
 .rodata._ZL26rsh_02_init_evt_music_hook
                0x00008d1c       0x10 rsh.o
 .rodata._ZL21rsh_02_init_evt_music
                0x00008d2c      0x270 rsh.o
 .rodata._ZL26rsh_01_init_evt_music_hook
                0x00008f9c       0x10 rsh.o
 .rodata._ZL21rsh_01_init_evt_music
                0x00008fac      0x1f8 rsh.o
 .rodata._ZL26rsh_00_init_evt_music_hook
                0x000091a4       0x10 rsh.o
 .rodata._ZL21rsh_00_init_evt_music
                0x000091b4      0x1f8 rsh.o
 .rodata._ZL26rsh_04_init_evt_music_hook
                0x000093ac       0x10 rsh.o
 .rodata._ZL21rsh_04_init_evt_music
                0x000093bc      0x1f8 rsh.o
 .rodata._ZL20rsh_06_init_evt_hook
                0x000095b4       0x10 rsh.o
 .rodata._ZL19rsh_06_init_evt_evt
                0x000095c4      0x178 rsh.o
 .rodata._ZL6madame
                0x0000973c        0x7 rsh.o
 .rodata.str1.1
                0x00009743      0x20a tik.o
 *fill*         0x0000994d        0x3 
 .rodata._ZL19tik_evt_majin2_item
                0x00009950       0xa8 tik.o
 .rodata._ZL21tik_05_init_evt_hook2
                0x000099f8       0x10 tik.o
 .rodata._ZL20tik_05_init_evt_evt2
                0x00009a08       0xa4 tik.o
 .rodata._ZL20tik_05_init_evt_hook
                0x00009aac       0x10 tik.o
 .rodata._ZL19tik_05_init_evt_evt
                0x00009abc       0x48 tik.o
 .rodata._ZL24tik_kurihakase_init_hook
                0x00009b04       0x10 tik.o
 .rodata._ZL23tik_kurihakase_init_evt
                0x00009b14       0x80 tik.o
 .rodata._ZL18master_2_talk_hook
                0x00009b94       0x10 tik.o
 .rodata._ZL17master_2_talk_evt
                0x00009ba4      0x180 tik.o
 .rodata._ZL17borodo4_talk_hook
                0x00009d24       0x10 tik.o
 .rodata._ZL16borodo4_talk_evt
                0x00009d34      0x180 tik.o
 .rodata._ZL17borodo3_talk_hook
                0x00009eb4       0x10 tik.o
 .rodata._ZL16borodo3_talk_evt
                0x00009ec4      0x180 tik.o
 .rodata._ZL17chusan4_talk_hook
                0x0000a044       0x10 tik.o
 .rodata._ZL16chusan4_talk_evt
                0x0000a054      0x180 tik.o
 .rodata._ZL17kuribo5_talk_hook
                0x0000a1d4       0x10 tik.o
 .rodata._ZL16kuribo5_talk_evt
                0x0000a1e4      0x180 tik.o
 .rodata._ZL16hotdog_item_hook
                0x0000a364       0x10 tou.o
 .rodata.str1.1
                0x0000a374       0x76 tou.o
 *fill*         0x0000a3ea        0x2 
 .rodata._ZL11hotdog_item
                0x0000a3ec       0xe8 tou.o
 .rodata._ZL18tou_party_evt_hook
                0x0000a4d4       0x10 tou.o
 .rodata._ZL13tou_party_evt
                0x0000a4e4       0x5c tou.o
 .rodata._ZL20tou_04_init_evt_hook
                0x0000a540       0x10 tou.o
 .rodata._ZL19tou_04_init_evt_evt
                0x0000a550       0x78 tou.o
 .rodata._ZL14yoshi_gswf_evt
                0x0000a5c8       0x14 tou.o
 .rodata._ZL15jolene_egg_hook
                0x0000a5dc       0x10 tou.o
 .rodata._ZL14jolene_egg_evt
                0x0000a5ec      0x220 tou.o
 .rodata._ZL16talk_sakaba_hook
                0x0000a80c       0x10 tou.o
 .rodata._ZL15talk_sakaba_evt
                0x0000a81c       0x84 tou.o
 .rodata._ZL6jolene
                0x0000a8a0        0xb tou.o
 .rodata.str1.1
                0x0000a8ab      0x49e usu.o
 *fill*         0x0000ad49        0x3 
 .rodata._ZL19usu_evt_majin2_item
                0x0000ad4c       0xa8 usu.o
 .rodata._ZL13usu_party_evt
                0x0000adf4       0xbc usu.o
 .rodata._ZL23village_chief_init_hook
                0x0000aeb0       0x10 usu.o
 .rodata._ZL22village_chief_init_evt
                0x0000aec0       0x58 usu.o
 .rodata._ZL27village_chief_pig_init_hook
                0x0000af18       0x10 usu.o
 .rodata._ZL26village_chief_pig_init_evt
                0x0000af28       0x70 usu.o
 .rodata._ZL23village_chief_talk_hook
                0x0000af98       0x10 usu.o
 .rodata._ZL22village_chief_talk_evt
                0x0000afa8      0x1c8 usu.o
 .rodata._ZL20gatekeeper_init_hook
                0x0000b170       0x10 usu.o
 .rodata._ZL19gatekeeper_init_evt
                0x0000b180       0x8c usu.o
 .rodata._ZL24gatekeeper_pig_init_hook
                0x0000b20c       0x10 usu.o
 .rodata._ZL23gatekeeper_pig_init_evt
                0x0000b21c       0x78 usu.o
 .rodata._ZL20gatekeeper_talk_hook
                0x0000b294       0x10 usu.o
 .rodata._ZL19gatekeeper_talk_evt
                0x0000b2a4      0x114 usu.o
 .rodata._ZL20usu_00_init_evt_hook
                0x0000b3b8       0x14 usu.o
 .rodata._ZL19usu_00_init_evt_evt
                0x0000b3cc       0x5c usu.o
 .rodata._ZL20shop_woman_talk_hook
                0x0000b428       0x10 usu.o
 .rodata._ZL19shop_woman_talk_evt
                0x0000b438       0x78 usu.o
 .rodata._ZL18shop_man_talk_hook
                0x0000b4b0       0x10 usu.o
 .rodata._ZL17shop_man_talk_evt
                0x0000b4c0       0x78 usu.o
 .rodata._ZL19villagerJ_talk_hook
                0x0000b538       0x10 usu.o
 .rodata._ZL18villagerJ_talk_evt
                0x0000b548      0x104 usu.o
 .rodata._ZL19villagerI_talk_hook
                0x0000b64c       0x10 usu.o
 .rodata._ZL18villagerI_talk_evt
                0x0000b65c      0x104 usu.o
 .rodata._ZL19villagerH_talk_hook
                0x0000b760       0x10 usu.o
 .rodata._ZL18villagerH_talk_evt
                0x0000b770       0xd0 usu.o
 .rodata._ZL19villagerG_talk_hook
                0x0000b840       0x10 usu.o
 .rodata._ZL18villagerG_talk_evt
                0x0000b850       0xf0 usu.o
 .rodata._ZL19villagerF_talk_hook
                0x0000b940       0x10 usu.o
 .rodata._ZL18villagerF_talk_evt
                0x0000b950       0xf0 usu.o
 .rodata._ZL19villagerK_talk_hook
                0x0000ba40       0x10 usu.o
 .rodata._ZL18villagerK_talk_evt
                0x0000ba50      0x130 usu.o
 .rodata._ZL19villagerE_talk_hook
                0x0000bb80       0x10 usu.o
 .rodata._ZL18villagerE_talk_evt
                0x0000bb90      0x130 usu.o
 .rodata._ZL19villagerD_talk_hook
                0x0000bcc0       0x10 usu.o
 .rodata._ZL18villagerD_talk_evt
                0x0000bcd0      0x194 usu.o
 .rodata._ZL19villagerC_talk_hook
                0x0000be64       0x10 usu.o
 .rodata._ZL18villagerC_talk_evt
                0x0000be74       0xfc usu.o
 .rodata._ZL19villagerB_talk_hook
                0x0000bf70       0x10 usu.o
 .rodata._ZL18villagerB_talk_evt
                0x0000bf80       0xfc usu.o
 .rodata._ZL19villagerA_talk_hook
                0x0000c07c       0x10 usu.o
 .rodata._ZL18villagerA_talk_evt
                0x0000c08c      0x130 usu.o
 .rodata._ZL19villagerA_init_hook
                0x0000c1bc       0x10 usu.o
 .rodata._ZL18villagerA_init_evt
                0x0000c1cc       0x6c usu.o
 .rodata._ZL6vivian
                0x0000c238        0x9 usu.o
 *fill*         0x0000c241        0x3 
 .rodata._ZL5mayor
                0x0000c244        0x5 usu.o
 *fill*         0x0000c249        0x3 
 .rodata._ZL9mayor_pig
                0x0000c24c        0x9 usu.o
 *fill*         0x0000c255        0x3 
 .rodata._ZL8doopliss
                0x0000c258        0xb usu.o
 *fill*         0x0000c263        0x1 
 .rodata._ZL10gatekeeper
                0x0000c264        0x5 usu.o
 *fill*         0x0000c269        0x3 
 .rodata._ZL14gatekeeper_pig
                0x0000c26c        0x9 usu.o
 *fill*         0x0000c275        0x3 
 .rodata._ZL12usuVillagerA
                0x0000c278        0x7 usu.o
 *fill*         0x0000c27f        0x1 
 .rodata._ZL14win_party_hook
                0x0000c280       0x10 win.o
 .rodata.str1.1
                0x0000c290       0x36 win.o
 *fill*         0x0000c2c6        0x2 
 .rodata._ZL13win_party_evt
                0x0000c2c8       0xe4 win.o
 .rodata._ZL20win_00_init_evt_hook
                0x0000c3ac       0x10 win.o
 .rodata._ZL19win_00_init_evt_evt
                0x0000c3bc       0x30 win.o
 .rodata._ZL17majorin_init_hook
                0x0000c3ec       0x10 win.o
 .rodata._ZL16majorin_init_evt
                0x0000c3fc       0x30 win.o
 .rodata._ZL17maririn_init_hook
                0x0000c42c       0x10 win.o
 .rodata._ZL16maririn_init_evt
                0x0000c43c       0x30 win.o
 .rodata._ZL20win_vivian_init_hook
                0x0000c46c       0x10 win.o
 .rodata._ZL19win_vivian_init_evt
                0x0000c47c       0x98 win.o
 .rodata._ZL7flurrie
                0x0000c514        0x9 win.o
 *(.gnu.linkonce.r.*)

.rodata1
 *(.rodata1)

.sdata2         0x0000c51d        0x0
                [!provide]                        PROVIDE (_SDA2_BASE_ = .)
 *(.sdata2)
 *(.sdata2.*)
 *(.gnu.linkonce.s2.*)

.sbss2
 *(.sbss2)
 *(.sbss2.*)
 *(.gnu.linkonce.sb2.*)
                0x0000c520                        . = ALIGN (0x4)
                [!provide]                        PROVIDE (__preinit_array_start = .)

.preinit_array
 *(.preinit_array)
                [!provide]                        PROVIDE (__preinit_array_end = .)
                [!provide]                        PROVIDE (__init_array_start = .)

.init_array
 *(.init_array)
                [!provide]                        PROVIDE (__init_array_end = .)
                [!provide]                        PROVIDE (__fini_array_start = .)

.fini_array
 *(.fini_array)
                [!provide]                        PROVIDE (__fini_array_end = .)

.data           0x0000c520      0x2e0
 *(.data)
 *(.data.*)
 .data._ZN3mod6common12kItemDataArrE
                0x0000c520        0x4 common.o
                0x0000c520                _ZN3mod6common12kItemDataArrE
 .data.errorTextPosY
                0x0000c524        0x4 errorHandling.o
                0x0000c524                errorTextPosY
 .data._ZL16gor_00_init_evt2
                0x0000c528      0x2bc gor_00.o
 *(.gnu.linkonce.d.*)
                0x0000c800                        . = ALIGN (0x20)
 *fill*         0x0000c7e4       0x1c 

.data1
 *(.data1)

.tdata
 *(.tdata .tdata.* .gnu.linkonce.td.*)

.tbss
 *(.tbss .tbss.* .gnu.linkonce.tb.*)
 *(.tcommon)

.eh_frame       0x0000c800     0x188c
 *(.eh_frame)
 .eh_frame      0x0000c800      0x220 OWR.o
 .eh_frame      0x0000ca20       0x28 StateManager.o
                                 0x3c (size before relaxing)
 .eh_frame      0x0000ca48        0x0 common.o
                                 0xc8 (size before relaxing)
 .eh_frame      0x0000ca48       0x68 con_mario.o
 .eh_frame      0x0000cab0       0x68 con_perf.o
 .eh_frame      0x0000cb18       0xa0 con_seq.o
 .eh_frame      0x0000cbb8      0x2ec console.o
                                0x310 (size before relaxing)
 .eh_frame      0x0000cea4       0x64 cxx.o
                                 0x8c (size before relaxing)
 .eh_frame      0x0000cf08      0x26c errorHandling.o
 .eh_frame      0x0000d174      0x130 gamePatches.o
 .eh_frame      0x0000d2a4       0xa4 keyboard.o
                                 0xcc (size before relaxing)
 .eh_frame      0x0000d348       0xfc mod.o
                                0x110 (size before relaxing)
 .eh_frame      0x0000d444      0x114 patch.o
                                0x18c (size before relaxing)
 .eh_frame      0x0000d558       0x5c printf.o
 .eh_frame      0x0000d5b4       0x7c rel.o
 .eh_frame      0x0000d630       0x98 ug.o
 .eh_frame      0x0000d6c8       0xdc util.o
                                0x100 (size before relaxing)
 .eh_frame      0x0000d7a4       0x28 aaa.o
 .eh_frame      0x0000d7cc       0x6c aji.o
 .eh_frame      0x0000d838       0x28 bom.o
 .eh_frame      0x0000d860       0x3c dou.o
 .eh_frame      0x0000d89c       0x40 eki.o
 .eh_frame      0x0000d8dc       0x28 end.o
 .eh_frame      0x0000d904       0x3c gon.o
 .eh_frame      0x0000d940       0x74 gor_00.o
 .eh_frame      0x0000d9b4       0x48 gor_01.o
 .eh_frame      0x0000d9fc       0x50 gor_02.o
 .eh_frame      0x0000da4c       0x50 gor_03.o
 .eh_frame      0x0000da9c       0x38 gor_04.o
 .eh_frame      0x0000dad4       0x54 gor_misc.o
 .eh_frame      0x0000db28       0x40 gra.o
 .eh_frame      0x0000db68       0x4c hei.o
 .eh_frame      0x0000dbb4       0x38 hom.o
 .eh_frame      0x0000dbec       0x28 jin.o
 .eh_frame      0x0000dc14       0x28 kpa.o
 .eh_frame      0x0000dc3c        0x0 las.o
                                 0x28 (size before relaxing)
 .eh_frame      0x0000dc3c       0x68 main.o
 .eh_frame      0x0000dca4        0x0 moo.o
                                 0x28 (size before relaxing)
 .eh_frame      0x0000dca4       0x6c mri.o
 .eh_frame      0x0000dd10       0x6c muj.o
 .eh_frame      0x0000dd7c       0x4c nok.o
 .eh_frame      0x0000ddc8       0x50 pik.o
 .eh_frame      0x0000de18       0x6c rsh.o
 .eh_frame      0x0000de84       0xb8 tik.o
 .eh_frame      0x0000df3c       0x6c tou.o
 .eh_frame      0x0000dfa8       0x28 tou2.o
 .eh_frame      0x0000dfd0       0x68 usu.o
 .eh_frame      0x0000e038       0x54 win.o

.gcc_except_table
 *(.gcc_except_table)

.fixup
 *(.fixup)

.got1
 *(.got1)

.got2
 *(.got2)

.dynamic
 *(.dynamic)

.ctors          0x0000e08c       0x34
 *crtbegin.o(.ctors)
 *(EXCLUDE_FILE(*crtend.o) .ctors)
 .ctors         0x0000e08c        0x4 OWR.o
 .ctors         0x0000e090        0x4 con_mario.o
 .ctors         0x0000e094        0x4 con_perf.o
 .ctors         0x0000e098        0x4 con_seq.o
 .ctors         0x0000e09c        0x4 console.o
 .ctors         0x0000e0a0        0x4 errorHandling.o
 .ctors         0x0000e0a4        0x4 gor_00.o
 *(SORT_BY_NAME(.ctors.*))
 *(.ctors)
                0x0000e0c0                        . = ALIGN (0x20)
 *fill*         0x0000e0a8       0x18 

.dtors          0x0000e0c0       0x20
 *crtbegin.o(.dtors)
 *(EXCLUDE_FILE(*crtend.o) .dtors)
 .dtors         0x0000e0c0        0x4 errorHandling.o
 *(SORT_BY_NAME(.dtors.*))
 *(.dtors)
                0x0000e0e0                        . = ALIGN (0x20)
 *fill*         0x0000e0c4       0x1c 

.jcr
 *(.jcr)

.got
 *(.got.plt)
 *(.got)

.sdata          0x0000e0e0        0x0
                [!provide]                        PROVIDE (_SDA_BASE_ = .)
 *(.sdata)
 *(.sdata.*)
 *(.gnu.linkonce.s.*)
                0x0000e0e0                        . = ALIGN (0x20)
                0x0000e0e0                        _edata = .
                [!provide]                        PROVIDE (edata = .)

.sbss           0x0000e0e0        0x0
                0x0000e0e0                        __sbss_start = .
                [!provide]                        PROVIDE (__sbss_start = .)
                [!provide]                        PROVIDE (___sbss_start = .)
 *(.dynsbss)
 *(.sbss)
 *(.sbss.*)
 *(.gnu.linkonce.sb.*)
 *(.scommon)
                [!provide]                        PROVIDE (__sbss_end = .)
                [!provide]                        PROVIDE (___sbss_end = .)
                0x0000e0e0                        . = ALIGN (0x20)
                0x0000e0e0                        __sbss_end = .

.bss            0x0000e0e0      0x160
                0x0000e0e0                        __bss_start = .
                [!provide]                        PROVIDE (__bss_start = .)
 *(.dynbss)
 *(.bss)
 *(.bss.*)
 .bss._ZN3mod3owr22g_msgSearch_trampolineE
                0x0000e0e0        0x4 OWR.o
                0x0000e0e0                _ZN3mod3owr22g_msgSearch_trampolineE
 .bss._ZN3mod3owr25g_pouchGetItem_trampolineE
                0x0000e0e4        0x4 OWR.o
                0x0000e0e4                _ZN3mod3owr25g_pouchGetItem_trampolineE
 .bss._ZN3mod3owr22g_seqSetSeq_trampolineE
                0x0000e0e8        0x4 OWR.o
                0x0000e0e8                _ZN3mod3owr22g_seqSetSeq_trampolineE
 .bss._ZN3mod3owr19g_OSLink_trampolineE
                0x0000e0ec        0x4 OWR.o
                0x0000e0ec                _ZN3mod3owr19g_OSLink_trampolineE
 .bss._ZN3mod3owr6gStateE
                0x0000e0f0        0x4 OWR.o
                0x0000e0f0                _ZN3mod3owr6gStateE
 .bss._ZN3mod3owr5gSelfE
                0x0000e0f4        0x4 OWR.o
                0x0000e0f4                _ZN3mod3owr5gSelfE
 .bss._ZN3mod3owr7item_dbE
                0x0000e0f8        0x4 OWR.o
                0x0000e0f8                _ZN3mod3owr7item_dbE
 .bss.gState    0x0000e0fc        0x4 StateManager.o
                0x0000e0fc                gState
 .bss._ZN3modL12mod_if_obj24E
                0x0000e100        0x8 con_mario.o
 .bss._ZN3mod14mario_show_posE
                0x0000e108       0x10 con_mario.o
                0x0000e108                _ZN3mod14mario_show_posE
 .bss._ZN3mod13mario_set_posE
                0x0000e118        0xc con_mario.o
                0x0000e118                _ZN3mod13mario_set_posE
 .bss._ZN3modL12mod_if_obj51E
                0x0000e124        0x8 con_perf.o
 .bss._ZN3mod14mem_debug_heapE
                0x0000e12c       0x10 con_perf.o
                0x0000e12c                _ZN3mod14mem_debug_heapE
 .bss._ZN3mod15perf_fake_spikeE
                0x0000e13c        0xc con_perf.o
                0x0000e13c                _ZN3mod15perf_fake_spikeE
 .bss._ZN3mod14seq_change_mapE
                0x0000e148        0xc con_seq.o
                0x0000e148                _ZN3mod14seq_change_mapE
 .bss._ZN3modL12mod_if_obj16E
                0x0000e154        0x8 con_seq.o
 .bss._ZN3mod24gTrampoline_seq_logoMainE
                0x0000e15c        0x4 con_seq.o
                0x0000e15c                _ZN3mod24gTrampoline_seq_logoMainE
 .bss._ZN3mod13seq_logo_skipE
                0x0000e160       0x10 con_seq.o
                0x0000e160                _ZN3mod13seq_logo_skipE
 .bss._ZN3mod4findE
                0x0000e170        0xc console.o
                0x0000e170                _ZN3mod4findE
 .bss._ZN3mod11con_ug_chanE
                0x0000e17c       0x10 console.o
                0x0000e17c                _ZN3mod11con_ug_chanE
 .bss._ZN3mod11con_ug_modeE
                0x0000e18c       0x10 console.o
                0x0000e18c                _ZN3mod11con_ug_modeE
 .bss._ZN3mod21con_log_fade_durationE
                0x0000e19c       0x10 console.o
                0x0000e19c                _ZN3mod21con_log_fade_durationE
 .bss._ZN3mod18con_log_fade_startE
                0x0000e1ac       0x10 console.o
                0x0000e1ac                _ZN3mod18con_log_fade_startE
 .bss._ZN3mod12con_log_fadeE
                0x0000e1bc       0x10 console.o
                0x0000e1bc                _ZN3mod12con_log_fadeE
 .bss._ZN3mod13con_log_levelE
                0x0000e1cc       0x10 console.o
                0x0000e1cc                _ZN3mod13con_log_levelE
 .bss._ZN3mod11con_rainbowE
                0x0000e1dc       0x10 console.o
                0x0000e1dc                _ZN3mod11con_rainbowE
 .bss._ZN3mod8con_monoE
                0x0000e1ec       0x10 console.o
                0x0000e1ec                _ZN3mod8con_monoE
 .bss._ZN3mod8con_showE
                0x0000e1fc       0x10 console.o
                0x0000e1fc                _ZN3mod8con_showE
 .bss._ZN3mod8gConsoleE
                0x0000e20c        0x4 console.o
                0x0000e20c                _ZN3mod8gConsoleE
 .bss._ZN3mod9ConIntVar6sFirstE
                0x0000e210        0x4 console.o
                0x0000e210                _ZN3mod9ConIntVar6sFirstE
 .bss._ZN3mod10ConCommand6sFirstE
                0x0000e214        0x4 console.o
                0x0000e214                _ZN3mod10ConCommand6sFirstE
 .bss.g_animPoseMain_trampoline
                0x0000e218        0x4 errorHandling.o
                0x0000e218                g_animPoseMain_trampoline
 .bss.g_npcNameToPtr_trampoline
                0x0000e21c        0x4 errorHandling.o
                0x0000e21c                g_npcNameToPtr_trampoline
 .bss.heapCorruptionInfo
                0x0000e220        0x8 errorHandling.o
                0x0000e220                heapCorruptionInfo
 .bss.animPoseMainErrorInfo
                0x0000e228        0x4 errorHandling.o
                0x0000e228                animPoseMainErrorInfo
 .bss.npcNameToPtrErrorInfo
                0x0000e22c        0x4 errorHandling.o
                0x0000e22c                npcNameToPtrErrorInfo
 .bss._ZN3mod4gModE
                0x0000e230        0x4 mod.o
                0x0000e230                _ZN3mod4gModE
 .bss._ZN17ModUpdateFunction6sFirstE
                0x0000e234        0x4 mod.o
                0x0000e234                _ZN17ModUpdateFunction6sFirstE
 .bss._ZN15ModInitFunction6sFirstE
                0x0000e238        0x4 mod.o
                0x0000e238                _ZN15ModInitFunction6sFirstE
 *(.gnu.linkonce.b.*)
 *(COMMON)
                0x0000e240                        . = ALIGN (0x20)
 *fill*         0x0000e23c        0x4 
                [!provide]                        PROVIDE (__bss_end = .)
                0x0000e240                        __bss_end = .
                0x0000e240                        _end = .
                [!provide]                        PROVIDE (end = .)

.bss._ZZNK3mod14seq_change_mapMUlPKcE_clES2_E8beroName
                0x00000000       0x20
 .bss._ZZNK3mod14seq_change_mapMUlPKcE_clES2_E8beroName
                0x00000000       0x20 con_seq.o
                0x00000000                _ZZNK3mod14seq_change_mapMUlPKcE_clES1_E8beroName
                0x00000000                _ZZNK3mod14seq_change_mapMUlPKcE_clES2_E8beroName

.bss._ZZNK3mod14seq_change_mapMUlPKcE_clES2_E7mapName
                0x00000000       0x20
 .bss._ZZNK3mod14seq_change_mapMUlPKcE_clES2_E7mapName
                0x00000000       0x20 con_seq.o
                0x00000000                _ZZNK3mod14seq_change_mapMUlPKcE_clES2_E7mapName
                0x00000000                _ZZNK3mod14seq_change_mapMUlPKcE_clES1_E7mapName

.stab
 *(.stab)

.stabstr
 *(.stabstr)

.stab.excl
 *(.stab.excl)

.stab.exclstr
 *(.stab.exclstr)

.stab.index
 *(.stab.index)

.stab.indexstr
 *(.stab.indexstr)

.comment        0x00000000      0x6c0
 *(.comment)
 .comment       0x00000000       0x24 OWR.o
 .comment       0x00000024       0x24 StateManager.o
 .comment       0x00000048       0x24 common.o
 .comment       0x0000006c       0x24 con_mario.o
 .comment       0x00000090       0x24 con_perf.o
 .comment       0x000000b4       0x24 con_seq.o
 .comment       0x000000d8       0x24 console.o
 .comment       0x000000fc       0x24 cxx.o
 .comment       0x00000120       0x24 errorHandling.o
 .comment       0x00000144       0x24 gamePatches.o
 .comment       0x00000168       0x24 keyboard.o
 .comment       0x0000018c       0x24 mod.o
 .comment       0x000001b0       0x24 patch.o
 .comment       0x000001d4       0x24 printf.o
 .comment       0x000001f8       0x24 rel.o
 .comment       0x0000021c       0x24 ug.o
 .comment       0x00000240       0x24 util.o
 .comment       0x00000264       0x24 aaa.o
 .comment       0x00000288       0x24 aji.o
 .comment       0x000002ac       0x24 bom.o
 .comment       0x000002d0       0x24 dou.o
 .comment       0x000002f4       0x24 eki.o
 .comment       0x00000318       0x24 end.o
 .comment       0x0000033c       0x24 gon.o
 .comment       0x00000360       0x24 gor_00.o
 .comment       0x00000384       0x24 gor_01.o
 .comment       0x000003a8       0x24 gor_02.o
 .comment       0x000003cc       0x24 gor_03.o
 .comment       0x000003f0       0x24 gor_04.o
 .comment       0x00000414       0x24 gor_misc.o
 .comment       0x00000438       0x24 gra.o
 .comment       0x0000045c       0x24 hei.o
 .comment       0x00000480       0x24 hom.o
 .comment       0x000004a4       0x24 jin.o
 .comment       0x000004c8       0x24 kpa.o
 .comment       0x000004ec       0x24 las.o
 .comment       0x00000510       0x24 main.o
 .comment       0x00000534       0x24 moo.o
 .comment       0x00000558       0x24 mri.o
 .comment       0x0000057c       0x24 muj.o
 .comment       0x000005a0       0x24 nok.o
 .comment       0x000005c4       0x24 pik.o
 .comment       0x000005e8       0x24 rsh.o
 .comment       0x0000060c       0x24 tik.o
 .comment       0x00000630       0x24 tou.o
 .comment       0x00000654       0x24 tou2.o
 .comment       0x00000678       0x24 usu.o
 .comment       0x0000069c       0x24 win.o

.gnu.attributes
                0x00000000       0x10
 .gnu.attributes
                0x00000000       0x10 OWR.o
 .gnu.attributes
                0x00000010       0x10 common.o
 .gnu.attributes
                0x00000020       0x10 con_mario.o
 .gnu.attributes
                0x00000030       0x10 con_perf.o
 .gnu.attributes
                0x00000040       0x10 console.o
 .gnu.attributes
                0x00000050       0x10 errorHandling.o
 .gnu.attributes
                0x00000060       0x10 mod.o
 .gnu.attributes
                0x00000070       0x10 printf.o
 .gnu.attributes
                0x00000080       0x10 util.o

.group          0x00000000        0xc
 .group         0x00000000        0xc con_mario.o

.group          0x00000000        0xc
 .group         0x00000000        0xc con_perf.o

.group          0x00000000        0xc
 .group         0x00000000        0xc con_seq.o

.group          0x00000000        0x8
 .group         0x00000000        0x8 con_seq.o

.group          0x00000000        0x8
 .group         0x00000000        0x8 con_seq.o

.group          0x00000000        0xc
 .group         0x00000000        0xc console.o

.group          0x00000000        0xc
 .group         0x00000000        0xc errorHandling.o

.debug
 *(.debug)

.line
 *(.line)

.debug_srcinfo
 *(.debug_srcinfo)

.debug_sfnames
 *(.debug_sfnames)

.debug_aranges  0x00000000      0x988
 *(.debug_aranges)
 .debug_aranges
                0x00000000       0x88 OWR.o
 .debug_aranges
                0x00000088       0x28 StateManager.o
 .debug_aranges
                0x000000b0       0x60 common.o
 .debug_aranges
                0x00000110       0x30 con_mario.o
 .debug_aranges
                0x00000140       0x30 con_perf.o
 .debug_aranges
                0x00000170       0x38 con_seq.o
 .debug_aranges
                0x000001a8       0xa8 console.o
 .debug_aranges
                0x00000250       0x48 cxx.o
 .debug_aranges
                0x00000298       0x98 errorHandling.o
 .debug_aranges
                0x00000330       0x50 gamePatches.o
 .debug_aranges
                0x00000380       0x40 keyboard.o
 .debug_aranges
                0x000003c0       0x58 mod.o
 .debug_aranges
                0x00000418       0x80 patch.o
 .debug_aranges
                0x00000498       0x28 printf.o
 .debug_aranges
                0x000004c0       0x30 rel.o
 .debug_aranges
                0x000004f0       0x38 ug.o
 .debug_aranges
                0x00000528       0x50 util.o
 .debug_aranges
                0x00000578       0x20 aaa.o
 .debug_aranges
                0x00000598       0x20 aji.o
 .debug_aranges
                0x000005b8       0x20 bom.o
 .debug_aranges
                0x000005d8       0x20 dou.o
 .debug_aranges
                0x000005f8       0x20 eki.o
 .debug_aranges
                0x00000618       0x20 end.o
 .debug_aranges
                0x00000638       0x20 gon.o
 .debug_aranges
                0x00000658       0x28 gor_00.o
 .debug_aranges
                0x00000680       0x20 gor_01.o
 .debug_aranges
                0x000006a0       0x20 gor_02.o
 .debug_aranges
                0x000006c0       0x20 gor_03.o
 .debug_aranges
                0x000006e0       0x20 gor_04.o
 .debug_aranges
                0x00000700       0x28 gor_misc.o
 .debug_aranges
                0x00000728       0x20 gra.o
 .debug_aranges
                0x00000748       0x20 hei.o
 .debug_aranges
                0x00000768       0x20 hom.o
 .debug_aranges
                0x00000788       0x20 jin.o
 .debug_aranges
                0x000007a8       0x20 kpa.o
 .debug_aranges
                0x000007c8       0x20 las.o
 .debug_aranges
                0x000007e8       0x30 main.o
 .debug_aranges
                0x00000818       0x20 moo.o
 .debug_aranges
                0x00000838       0x20 mri.o
 .debug_aranges
                0x00000858       0x20 muj.o
 .debug_aranges
                0x00000878       0x20 nok.o
 .debug_aranges
                0x00000898       0x20 pik.o
 .debug_aranges
                0x000008b8       0x20 rsh.o
 .debug_aranges
                0x000008d8       0x30 tik.o
 .debug_aranges
                0x00000908       0x20 tou.o
 .debug_aranges
                0x00000928       0x20 tou2.o
 .debug_aranges
                0x00000948       0x20 usu.o
 .debug_aranges
                0x00000968       0x20 win.o

.debug_pubnames
 *(.debug_pubnames)

.debug_info     0x00000000    0x3fc2d
 *(.debug_info)
 .debug_info    0x00000000     0x52fc OWR.o
 .debug_info    0x000052fc      0x3bd StateManager.o
 .debug_info    0x000056b9      0xf83 common.o
 .debug_info    0x0000663c     0x2443 con_mario.o
 .debug_info    0x00008a7f     0x211f con_perf.o
 .debug_info    0x0000ab9e     0x20e3 con_seq.o
 .debug_info    0x0000cc81     0x3a79 console.o
 .debug_info    0x000106fa      0x407 cxx.o
 .debug_info    0x00010b01     0x3b05 errorHandling.o
 .debug_info    0x00014606     0x2c19 gamePatches.o
 .debug_info    0x0001721f      0xe4d keyboard.o
 .debug_info    0x0001806c     0x33aa mod.o
 .debug_info    0x0001b416      0xe1b patch.o
 .debug_info    0x0001c231      0x580 printf.o
 .debug_info    0x0001c7b1      0x103 rel.o
 .debug_info    0x0001c8b4      0x77f ug.o
 .debug_info    0x0001d033      0x9c5 util.o
 .debug_info    0x0001d9f8      0x2e3 aaa.o
 .debug_info    0x0001dcdb     0x1764 aji.o
 .debug_info    0x0001f43f      0x3fb bom.o
 .debug_info    0x0001f83a     0x112e dou.o
 .debug_info    0x00020968      0xb96 eki.o
 .debug_info    0x000214fe      0x2d9 end.o
 .debug_info    0x000217d7     0x1184 gon.o
 .debug_info    0x0002295b     0x1ead gor_00.o
 .debug_info    0x00024808     0x1239 gor_01.o
 .debug_info    0x00025a41     0x1866 gor_02.o
 .debug_info    0x000272a7      0xc28 gor_03.o
 .debug_info    0x00027ecf      0x746 gor_04.o
 .debug_info    0x00028615     0x1122 gor_misc.o
 .debug_info    0x00029737      0x831 gra.o
 .debug_info    0x00029f68     0x1396 hei.o
 .debug_info    0x0002b2fe      0x9d4 hom.o
 .debug_info    0x0002bcd2      0x40f jin.o
 .debug_info    0x0002c0e1      0x31f kpa.o
 .debug_info    0x0002c400      0x49b las.o
 .debug_info    0x0002c89b     0x3134 main.o
 .debug_info    0x0002f9cf      0x947 moo.o
 .debug_info    0x00030316     0x1d3b mri.o
 .debug_info    0x00032051     0x1dd1 muj.o
 .debug_info    0x00033e22     0x1527 nok.o
 .debug_info    0x00035349     0x168e pik.o
 .debug_info    0x000369d7     0x1de2 rsh.o
 .debug_info    0x000387b9     0x2420 tik.o
 .debug_info    0x0003abd9     0x1b6a tou.o
 .debug_info    0x0003c743      0x3fb tou2.o
 .debug_info    0x0003cb3e     0x1dd5 usu.o
 .debug_info    0x0003e913     0x131a win.o

.debug_abbrev   0x00000000     0x833c
 *(.debug_abbrev)
 .debug_abbrev  0x00000000      0x822 OWR.o
 .debug_abbrev  0x00000822      0x17e StateManager.o
 .debug_abbrev  0x000009a0      0x217 common.o
 .debug_abbrev  0x00000bb7      0x60c con_mario.o
 .debug_abbrev  0x000011c3      0x64d con_perf.o
 .debug_abbrev  0x00001810      0x67c con_seq.o
 .debug_abbrev  0x00001e8c      0x940 console.o
 .debug_abbrev  0x000027cc      0x1a8 cxx.o
 .debug_abbrev  0x00002974      0x78c errorHandling.o
 .debug_abbrev  0x00003100      0x4a8 gamePatches.o
 .debug_abbrev  0x000035a8      0x32f keyboard.o
 .debug_abbrev  0x000038d7      0x74f mod.o
 .debug_abbrev  0x00004026      0x21e patch.o
 .debug_abbrev  0x00004244      0x1d5 printf.o
 .debug_abbrev  0x00004419       0xf0 rel.o
 .debug_abbrev  0x00004509      0x1bf ug.o
 .debug_abbrev  0x000046c8      0x21e util.o
 .debug_abbrev  0x000048e6       0xcc aaa.o
 .debug_abbrev  0x000049b2      0x22a aji.o
 .debug_abbrev  0x00004bdc       0xcc bom.o
 .debug_abbrev  0x00004ca8      0x1f2 dou.o
 .debug_abbrev  0x00004e9a      0x1d6 eki.o
 .debug_abbrev  0x00005070       0xcc end.o
 .debug_abbrev  0x0000513c      0x1e3 gon.o
 .debug_abbrev  0x0000531f      0x260 gor_00.o
 .debug_abbrev  0x0000557f      0x21d gor_01.o
 .debug_abbrev  0x0000579c      0x244 gor_02.o
 .debug_abbrev  0x000059e0      0x1e3 gor_03.o
 .debug_abbrev  0x00005bc3      0x191 gor_04.o
 .debug_abbrev  0x00005d54      0x2a0 gor_misc.o
 .debug_abbrev  0x00005ff4      0x1c2 gra.o
 .debug_abbrev  0x000061b6      0x1ee hei.o
 .debug_abbrev  0x000063a4      0x1c1 hom.o
 .debug_abbrev  0x00006565       0xcc jin.o
 .debug_abbrev  0x00006631       0xcc kpa.o
 .debug_abbrev  0x000066fd       0xcc las.o
 .debug_abbrev  0x000067c9      0x2fc main.o
 .debug_abbrev  0x00006ac5      0x1c5 moo.o
 .debug_abbrev  0x00006c8a      0x227 mri.o
 .debug_abbrev  0x00006eb1      0x220 muj.o
 .debug_abbrev  0x000070d1      0x218 nok.o
 .debug_abbrev  0x000072e9      0x217 pik.o
 .debug_abbrev  0x00007500      0x215 rsh.o
 .debug_abbrev  0x00007715      0x530 tik.o
 .debug_abbrev  0x00007c45      0x227 tou.o
 .debug_abbrev  0x00007e6c       0xcc tou2.o
 .debug_abbrev  0x00007f38      0x215 usu.o
 .debug_abbrev  0x0000814d      0x1ef win.o

.debug_line     0x00000000    0x156ca
 *(.debug_line)
 .debug_line    0x00000000      0xe2c OWR.o
 .debug_line    0x00000e2c      0x1c2 StateManager.o
 .debug_line    0x00000fee      0x351 common.o
 .debug_line    0x0000133f      0x476 con_mario.o
 .debug_line    0x000017b5      0x563 con_perf.o
 .debug_line    0x00001d18      0x50f con_seq.o
 .debug_line    0x00002227     0x131b console.o
 .debug_line    0x00003542      0x1f6 cxx.o
 .debug_line    0x00003738      0xcf6 errorHandling.o
 .debug_line    0x0000442e      0x68a gamePatches.o
 .debug_line    0x00004ab8      0x4ae keyboard.o
 .debug_line    0x00004f66      0x6a5 mod.o
 .debug_line    0x0000560b      0x41b patch.o
 .debug_line    0x00005a26      0x24f printf.o
 .debug_line    0x00005c75      0x13d rel.o
 .debug_line    0x00005db2      0x360 ug.o
 .debug_line    0x00006112      0x40c util.o
 .debug_line    0x0000651e      0x205 aaa.o
 .debug_line    0x00006723      0xd67 aji.o
 .debug_line    0x0000748a      0x553 bom.o
 .debug_line    0x000079dd      0x614 dou.o
 .debug_line    0x00007ff1      0x507 eki.o
 .debug_line    0x000084f8      0x1f5 end.o
 .debug_line    0x000086ed      0x60c gon.o
 .debug_line    0x00008cf9      0x8af gor_00.o
 .debug_line    0x000095a8      0x670 gor_01.o
 .debug_line    0x00009c18      0x68c gor_02.o
 .debug_line    0x0000a2a4      0x79d gor_03.o
 .debug_line    0x0000aa41      0x487 gor_04.o
 .debug_line    0x0000aec8      0x415 gor_misc.o
 .debug_line    0x0000b2dd      0x40e gra.o
 .debug_line    0x0000b6eb      0x554 hei.o
 .debug_line    0x0000bc3f      0x3b4 hom.o
 .debug_line    0x0000bff3      0x51d jin.o
 .debug_line    0x0000c510      0x28e kpa.o
 .debug_line    0x0000c79e      0x6a7 las.o
 .debug_line    0x0000ce45      0xab0 main.o
 .debug_line    0x0000d8f5      0x2d8 moo.o
 .debug_line    0x0000dbcd     0x103c mri.o
 .debug_line    0x0000ec09      0xf06 muj.o
 .debug_line    0x0000fb0f      0x58b nok.o
 .debug_line    0x0001009a      0x863 pik.o
 .debug_line    0x000108fd     0x14c2 rsh.o
 .debug_line    0x00011dbf      0xa26 tik.o
 .debug_line    0x000127e5     0x1793 tou.o
 .debug_line    0x00013f78      0x583 tou2.o
 .debug_line    0x000144fb      0xc89 usu.o
 .debug_line    0x00015184      0x546 win.o

.debug_frame
 *(.debug_frame)

.debug_str      0x00000000    0x42e05
 *(.debug_str)
 .debug_str     0x00000000     0x46d0 OWR.o
 .debug_str     0x000046d0      0x3ab StateManager.o
 .debug_str     0x00004a7b     0x13e4 common.o
 .debug_str     0x00005e5f     0x196f con_mario.o
 .debug_str     0x000077ce     0x1583 con_perf.o
 .debug_str     0x00008d51     0x16b3 con_seq.o
 .debug_str     0x0000a404     0x19f9 console.o
 .debug_str     0x0000bdfd      0x35e cxx.o
 .debug_str     0x0000c15b     0x2087 errorHandling.o
 .debug_str     0x0000e1e2     0x23f5 gamePatches.o
 .debug_str     0x000105d7      0x95f keyboard.o
 .debug_str     0x00010f36     0x2257 mod.o
 .debug_str     0x0001318d      0x726 patch.o
 .debug_str     0x000138b3      0x468 printf.o
 .debug_str     0x00013d1b      0x191 rel.o
 .debug_str     0x00013eac      0x39b ug.o
 .debug_str     0x00014247      0x654 util.o
 .debug_str     0x0001489b      0x3d4 aaa.o
 .debug_str     0x00014c6f     0x2120 aji.o
 .debug_str     0x00016d8f      0x5d1 bom.o
 .debug_str     0x00017360     0x1c6d dou.o
 .debug_str     0x00018fcd      0xeb5 eki.o
 .debug_str     0x00019e82      0x3ce end.o
 .debug_str     0x0001a250     0x1c87 gon.o
 .debug_str     0x0001bed7     0x2941 gor_00.o
 .debug_str     0x0001e818     0x1a37 gor_01.o
 .debug_str     0x0002024f     0x241e gor_02.o
 .debug_str     0x0002266d      0xf35 gor_03.o
 .debug_str     0x000235a2      0x560 gor_04.o
 .debug_str     0x00023b02     0x1b5c gor_misc.o
 .debug_str     0x0002565e      0x949 gra.o
 .debug_str     0x00025fa7     0x1fe4 hei.o
 .debug_str     0x00027f8b      0xc74 hom.o
 .debug_str     0x00028bff      0x5b1 jin.o
 .debug_str     0x000291b0      0x424 kpa.o
 .debug_str     0x000295d4      0x66f las.o
 .debug_str     0x00029c43     0x2d72 main.o
 .debug_str     0x0002c9b5      0xb14 moo.o
 .debug_str     0x0002d4c9     0x28a4 mri.o
 .debug_str     0x0002fd6d     0x2a60 muj.o
 .debug_str     0x000327cd     0x1d82 nok.o
 .debug_str     0x0003454f     0x1ff7 pik.o
 .debug_str     0x00036546     0x2a0b rsh.o
 .debug_str     0x00038f51     0x2ef5 tik.o
 .debug_str     0x0003be46     0x266c tou.o
 .debug_str     0x0003e4b2      0x5af tou2.o
 .debug_str     0x0003ea61     0x271a usu.o
 .debug_str     0x0004117b     0x1c8a win.o

.debug_loc
 *(.debug_loc)

.debug_macinfo
 *(.debug_macinfo)

.debug_weaknames
 *(.debug_weaknames)

.debug_funcnames
 *(.debug_funcnames)

.debug_typenames
 *(.debug_typenames)

.debug_varnames
 *(.debug_varnames)
                0x00000000                        __isIPL = 0x0
                0x0002e240                        __stack_addr = ((((__bss_start + SIZEOF (.bss)) + 0x20000) + 0x7) & 0xfffffffffffffff8)
                0x0000e240                        __stack_end = (__bss_start + SIZEOF (.bss))
                0x00032240                        __intrstack_addr = (__stack_addr + 0x4000)
                0x0002e240                        __intrstack_end = __stack_addr
                0x00032240                        __Arena1Lo = ((__intrstack_addr + 0x1f) & 0xffffffffffffffe0)
                0x817feff0                        __Arena1Hi = 0x817feff0
                0x817ff000                        __gxregs = ((__Arena1Hi + 0x1f) & 0xffffffffffffffe0)
                [!provide]                        PROVIDE (__stack = 0x817feff0)
                [!provide]                        PROVIDE (__isIPL = __isIPL)
                [!provide]                        PROVIDE (__stack_addr = __stack_addr)
                [!provide]                        PROVIDE (__stack_end = __stack_end)
                [!provide]                        PROVIDE (__intrstack_addr = __intrstack_addr)
                [!provide]                        PROVIDE (__intrstack_end = __intrstack_end)
                [!provide]                        PROVIDE (__Arena1Lo = __Arena1Lo)
                [!provide]                        PROVIDE (__Arena1Hi = __Arena1Hi)
                [!provide]                        PROVIDE (__gxregs = __gxregs)
LOAD H:/GhidraProjects/TTYDAP/TTYDAP/rel/source/cxx.ld
                0x0000e08c                        _ctors_start = ADDR (.ctors)
                0x0000e0c0                        _ctors_end = (_ctors_start + SIZEOF (.ctors))
                0x0000e0c0                        _dtors_start = ADDR (.dtors)
                0x0000e0e0                        _dtors_end = (_dtors_start + SIZEOF (.dtors))
LOAD OWR.o
LOAD StateManager.o
LOAD common.o
LOAD con_mario.o
LOAD con_perf.o
LOAD con_seq.o
LOAD console.o
LOAD cxx.o
LOAD errorHandling.o
LOAD gamePatches.o
LOAD keyboard.o
LOAD mod.o
LOAD patch.o
LOAD printf.o
LOAD rel.o
LOAD ug.o
LOAD util.o
LOAD aaa.o
LOAD aji.o
LOAD bom.o
LOAD dou.o
LOAD eki.o
LOAD end.o
LOAD gon.o
LOAD gor_00.o
LOAD gor_01.o
LOAD gor_02.o
LOAD gor_03.o
LOAD gor_04.o
LOAD gor_misc.o
LOAD gra.o
LOAD hei.o
LOAD hom.o
LOAD jin.o
LOAD kpa.o
LOAD las.o
LOAD main.o
LOAD moo.o
LOAD mri.o
LOAD muj.o
LOAD nok.o
LOAD pik.o
LOAD rsh.o
LOAD tik.o
LOAD tou.o
LOAD tou2.o
LOAD usu.o
LOAD win.o
LOAD CrashScreenDecrementYPos.o
LOAD FixBlooperCrash1.o
LOAD FixBlooperCrash2.o
LOAD PreventDiaryTextboxSelection.o
LOAD asm_main.o
LOAD restfpr_x.o
LOAD restgpr_x.o
LOAD patch_ih.o
OUTPUT(H:/GhidraProjects/TTYDAP/TTYDAP/rel/rel.eu.elf elf32-powerpc)

.debug_loclists
                0x00000000     0x37ce
 .debug_loclists
                0x00000000      0xa90 OWR.o
 .debug_loclists
                0x00000a90       0x17 StateManager.o
 .debug_loclists
                0x00000aa7      0x130 common.o
 .debug_loclists
                0x00000bd7       0xa9 con_mario.o
 .debug_loclists
                0x00000c80      0x22a con_perf.o
 .debug_loclists
                0x00000eaa       0xf4 con_seq.o
 .debug_loclists
                0x00000f9e      0xe12 console.o
 .debug_loclists
                0x00001db0       0x95 cxx.o
 .debug_loclists
                0x00001e45      0x955 errorHandling.o
 .debug_loclists
                0x0000279a      0x202 gamePatches.o
 .debug_loclists
                0x0000299c      0x17e keyboard.o
 .debug_loclists
                0x00002b1a      0x199 mod.o
 .debug_loclists
                0x00002cb3      0x540 patch.o
 .debug_loclists
                0x000031f3      0x122 printf.o
 .debug_loclists
                0x00003315       0x4d rel.o
 .debug_loclists
                0x00003362      0x1a2 ug.o
 .debug_loclists
                0x00003504      0x1cb util.o
 .debug_loclists
                0x000036cf       0x2d gor_04.o
 .debug_loclists
                0x000036fc       0xd2 tik.o

.debug_rnglists
                0x00000000      0xe56
 .debug_rnglists
                0x00000000      0x166 OWR.o
 .debug_rnglists
                0x00000166       0x19 StateManager.o
 .debug_rnglists
                0x0000017f       0x4f common.o
 .debug_rnglists
                0x000001ce       0x6e con_mario.o
 .debug_rnglists
                0x0000023c       0x6d con_perf.o
 .debug_rnglists