
Discarded input sections

 .text          0x00000000        0x0 OWR.o
 .data          0x00000000        0x0 OWR.o
 .bss           0x00000000        0x0 OWR.o
 .bss._ZN3mod3owr25g_stg0_00_init_trampolineE
                0x00000000        0x4 OWR.o
 .bss._ZN3mod3owr22g_itemEntry_trampolineE
                0x00000000        0x4 OWR.o
 .text          0x00000000        0x0 StateManager.o
 .data          0x00000000        0x0 StateManager.o
 .bss           0x00000000        0x0 StateManager.o
 .text._ZN3mod3owr12StateManager4InitEv
                0x00000000       0x18 StateManager.o
 .text          0x00000000        0x0 common.o
 .data          0x00000000        0x0 common.o
 .bss           0x00000000        0x0 common.o
 .text._ZN3mod6common14GetCurrentAreaEv
                0x00000000       0x1c common.o
 .text._ZN3mod6common13GetCurrentMapEv
                0x00000000       0x1c common.o
 .text._ZN3mod6common11GetFilenameEv
                0x00000000       0x1c common.o
 .text._ZN3mod6common16GetStorySequenceEv
                0x00000000       0x20 common.o
 .text._ZN3mod6common14GetPitSequenceEv
                0x00000000       0x24 common.o
 .text._ZN3mod6common17GetSavedFlagValueEi
                0x00000000       0x40 common.o
 .text._ZN3mod6common21HasKeyItemInInventoryEs
                0x00000000       0x3c common.o
 .text._ZN3mod6common25GetBattleWindowDataOffsetEv
                0x00000000       0x1c common.o
 .text._ZN3mod6common21GetStatusWindowHeightEv
                0x00000000       0x24 common.o
 .data._ZN3mod6common29kUnknownStatusWindowStructPtrE
                0x00000000        0x4 common.o
 .data._ZN3mod6common10kBattlePtrE
                0x00000000        0x4 common.o
 .data._ZN3mod6common9kPouchPtrE
                0x00000000        0x4 common.o
 .data._ZN3mod6common12kSaveDataPtrE
                0x00000000        0x4 common.o
 .rodata._ZN3mod6common32kUltraHammerChestDespawnIdOffsetE
                0x00000000        0x4 common.o
 .rodata._ZN3mod6common27kObjectCollectionExprOffsetE
                0x00000000        0x4 common.o
 .rodata._ZN3mod6common27kObjectChestScriptPtrOffsetE
                0x00000000        0x4 common.o
 .rodata._ZN3mod6common33kMujModuleFlavioDesiredItemOffsetE
                0x00000000        0x4 common.o
 .rodata._ZN3mod6common36kJinModuleAtomicBooItemGswfSetOffsetE
                0x00000000        0x4 common.o
 .rodata._ZN3mod6common39kJinModuleAtomicBooItemObjectFlagOffsetE
                0x00000000        0x4 common.o
 .rodata._ZN3mod6common32kPitModuleCharlietonChanceOffsetE
                0x00000000        0x4 common.o
 .rodata._ZN3mod6common22kPitModuleNpcArrOffsetE
                0x00000000        0x4 common.o
 .rodata._ZN3mod6common23kSavedWordFlagBaseValueE
                0x00000000        0x4 common.o
 .data._ZN3mod6common20kPiantaParlorItemArrE
                0x00000000        0x4 common.o
 .data._ZN3mod6common21kPitCharlietonItemArrE
                0x00000000        0x4 common.o
 .data._ZN3mod6common12kHowzItemArrE
                0x00000000        0x4 common.o
 .data._ZN3mod6common18kCharlietonItemArrE
                0x00000000        0x4 common.o
 .data._ZN3mod6common14kDazzleItemArrE
                0x00000000        0x4 common.o
 .data._ZN3mod6common20kSuperguardFramesArrE
                0x00000000        0x4 common.o
 .data._ZN3mod6common15kGuardFramesArrE
                0x00000000        0x4 common.o
 .data._ZN3mod6common25kSuperChargePartnerParamsE
                0x00000000        0x4 common.o
 .data._ZN3mod6common18kSuperChargeParamsE
                0x00000000        0x4 common.o
 .data._ZN3mod6common19kPiercingBlowParamsE
                0x00000000        0x4 common.o
 .data._ZN3mod6common18kHammerThrowParamsE
                0x00000000        0x4 common.o
 .data._ZN3mod6common17kKoopaCurseParamsE
                0x00000000        0x4 common.o
 .data._ZN3mod6common15kTradeOffParamsE
                0x00000000        0x4 common.o
 .data._ZN3mod6common17kGulpRecoilParamsE
                0x00000000        0x4 common.o
 .data._ZN3mod6common24kUltraHammerRecoilParamsE
                0x00000000        0x4 common.o
 .data._ZN3mod6common24kSuperHammerRecoilParamsE
                0x00000000        0x4 common.o
 .data._ZN3mod6common8kNextMapE
                0x00000000        0x4 common.o
 .rodata.cst4   0x00000000        0x4 common.o
 .text          0x00000000        0x0 con_mario.o
 .data          0x00000000        0x0 con_mario.o
 .bss           0x00000000        0x0 con_mario.o
 .text          0x00000000        0x0 con_perf.o
 .data          0x00000000        0x0 con_perf.o
 .bss           0x00000000        0x0 con_perf.o
 .text          0x00000000        0x0 con_seq.o
 .data          0x00000000        0x0 con_seq.o
 .bss           0x00000000        0x0 con_seq.o
 .text          0x00000000        0x0 console.o
 .data          0x00000000        0x0 console.o
 .bss           0x00000000        0x0 console.o
[...]
Memory Configuration

Name             Origin             Length             Attributes
*default*        0x00000000         0xffffffff

Linker script and memory map

                0x80003100                        . = 0x80003100

.init
 *crt0.o(*.init)
 *(.init)

.plt
 *(.plt)

.interp
 *(.interp)

.hash
 *(.hash)

.dynsym
 *(.dynsym)

.dynstr
 *(.dynstr)

.gnu.version
 *(.gnu.version)

.gnu.version_d
 *(.gnu.version_d)

.gnu.version_r
 *(.gnu.version_r)

.rel.init
 *(.rel.init)

.rela.init
 *(.rela.init)

.rel.text
 *(.rel.text .rel.text.* .rel.gnu.linkonce.t.*)

.rela.text
 *(.rela.text .rela.text.* .rela.gnu.linkonce.t.*)

.rel.fini
 *(.rel.fini)

.rela.fini
 *(.rela.fini)

.rel.rodata
 *(.rel.rodata .rel.rodata.* .rel.gnu.linkonce.r.*)

.rela.rodata
 *(.rela.rodata .rela.rodata.* .rela.gnu.linkonce.r.*)

.rel.data
 *(.rel.data .rel.data.* .rel.gnu.linkonce.d.*)

.rela.data
 *(.rela.data .rela.data.* .rela.gnu.linkonce.d.*)

.rel.tdata
 *(.rel.tdata .rel.tdata.* .rel.gnu.linkonce.td.*)

.rela.tdata
 *(.rela.tdata .rela.tdata.* .rela.gnu.linkonce.td.*)

.rel.tbss
 *(.rel.tbss .rel.tbss.* .rel.gnu.linkonce.tb.*)

.rela.tbss
 *(.rela.tbss .rela.tbss.* .rela.gnu.linkonce.tb.*)

.rel.ctors
 *(.rel.ctors)

.rela.ctors
 *(.rela.ctors)

.rel.dtors
 *(.rel.dtors)

.rela.dtors
 *(.rela.dtors)

.rel.got
 *(.rel.got)

.rela.got
 *(.rela.got)

.rela.got1
 *(.rela.got1)

.rela.got2
 *(.rela.got2)

.rel.sdata
 *(.rel.sdata .rel.sdata.* .rel.gnu.linkonce.s.*)

.rela.sdata
 *(.rela.sdata .rela.sdata.* .rela.gnu.linkonce.s.*)

.rel.sbss
 *(.rel.sbss .rel.sbss.* .rel.gnu.linkonce.sb.*)

.rela.sbss
 *(.rela.sbss .rela.sbss.* .rel.gnu.linkonce.sb.*)

.rel.sdata2
 *(.rel.sdata2 .rel.sdata2.* .rel.gnu.linkonce.s2.*)

.rela.sdata2
 *(.rela.sdata2 .rela.sdata2.* .rela.gnu.linkonce.s2.*)

.rel.sbss2
 *(.rel.sbss2 .rel.sbss2.* .rel.gnu.linkonce.sb2.*)

.rela.sbss2
 *(.rela.sbss2 .rela.sbss2.* .rela.gnu.linkonce.sb2.*)

.rel.bss
 *(.rel.bss .rel.bss.* .rel.gnu.linkonce.b.*)

.rela.bss
 *(.rela.bss .rela.bss.* .rela.gnu.linkonce.b.*)

.rel.plt
 *(.rel.plt)

.rela.plt
 *(.rela.plt)

.text           0x80003100     0xd780
 *(.text)
 .text          0x80003100        0x8 FixBlooperCrash1.o
                0x80003100                asmFixBlooperCrash1
 .text          0x80003108       0x14 FixBlooperCrash2.o
                0x80003108                asmFixBlooperCrash2
 .text          0x8000311c       0x10 PreventDiaryTextboxSelection.o
                0x8000311c                asmPreventDiaryTextboxSelection
 .text          0x8000312c      0x2c0 asm_main.o
                0x8000312c                bMapGXArrInject
                0x80003138                bMapGXArrInjectReturn
                0x8000313c                bMapGXArrIncrement
                0x80003144                bMapGXArrIncrementReturn
                0x80003148                bMapGXChSplit
                0x80003154                bMapGXChSplitReturn
                0x80003158                bWinLogArrInject
                0x80003164                bWinLogArrInjectReturn
                0x80003168                bWinLogArrIncrement
                0x80003170                bWinLogArrIncrementReturn
                0x80003174                bChapterClearCheck
                0x800031bc                bJohoyaSeqAddition
                0x800031f4                bPrintPartyAddErrorFix
                0x80003230                bPrintPartyAddErrorFixReturn
                0x80003234                bPrintPartyErrorFix
                0x80003270                bPrintPartyErrorFixReturn
                0x80003274                bKururingFloorCapture
                0x8000327c                bKururingFloorCaptureReturn
                0x80003280                bKururingFloorRelease
                0x80003288                bKururingFloorReleaseReturn
                0x8000328c                bPowerupblkCapture
                0x800032a4                bPowerupblkCaptureReturn
                0x800032a8                bPowerupblkRelease
                0x800032b0                bPowerupblkReleaseReturn
                0x800032b4                bPeachPointer
                0x8000330c                breakfastValueRestore
                0x8000332c                bPeachReturn
                0x80003330                win_log_mapGX_arr
 .text          0x800033ec       0x58 restfpr_x.o
                0x800033ec                _restfpr_14_x
                0x800033f0                _restfpr_15_x
                0x800033f4                _restfpr_16_x
                0x800033f8                _restfpr_17_x
                0x800033fc                _restfpr_18_x
                0x80003400                _restfpr_19_x
                0x80003404                _restfpr_20_x
                0x80003408                _restfpr_21_x
                0x8000340c                _restfpr_22_x
                0x80003410                _restfpr_23_x
                0x80003414                _restfpr_24_x
                0x80003418                _restfpr_25_x
                0x8000341c                _restfpr_26_x
                0x80003420                _restfpr_27_x
                0x80003424                _restfpr_28_x
                0x80003428                _restfpr_29_x
                0x8000342c                _restfpr_30_x
                0x80003430                _restfpr_31_x
 .text          0x80003444       0x58 restgpr_x.o
                0x80003444                _restgpr_14_x
                0x80003448                _restgpr_15_x
                0x8000344c                _restgpr_16_x
                0x80003450                _restgpr_17_x
                0x80003454                _restgpr_18_x
                0x80003458                _restgpr_19_x
                0x8000345c                _restgpr_20_x
                0x80003460                _restgpr_21_x
                0x80003464                _restgpr_22_x
                0x80003468                _restgpr_23_x
                0x8000346c                _restgpr_24_x
                0x80003470                _restgpr_25_x
                0x80003474                _restgpr_26_x
                0x80003478                _restgpr_27_x
                0x8000347c                _restgpr_28_x
                0x80003480                _restgpr_29_x
                0x80003484                _restgpr_30_x
                0x80003488                _restgpr_31_x
 *(.text.*)
 *fill*         0x8000349c        0x0 00000000
 .text._ZZN3mod3owr3OWR4InitEvENUlPN4ttyd6evtmgr8EvtEntryEbE_4_FUNES5_b
                0x8000349c       0x6c OWR.o
 .text._ZZN3mod3owr3OWR4InitEvENUlPN4ttyd5party10PartyEntryEfffE_4_FUNES5_fff
                0x80003508       0x98 OWR.o
 .text._ZZN3mod3owr3OWR4InitEvENUliE0_4_FUNEi
                0x800035a0       0xc8 OWR.o
 .text._ZZN3mod3owr3OWR4InitEvENUliE_4_FUNEi
                0x80003668      0x1ec OWR.o
 .text._ZZN3mod3owr3OWR4InitEvENUlPKcE_4_FUNES3_
                0x80003854      0x558 OWR.o
 .text._ZZN3mod3owr3OWR4InitEvENUlN4ttyd6seqdrv8SeqIndexEPKcS6_E_4_FUNES4_S6_S6_
                0x80003dac       0xa0 OWR.o
 .text._ZN3mod3owr3OWRC2Ev
                0x80003e4c        0x4 OWR.o
                0x80003e4c                _ZN3mod3owr3OWRC1Ev
                0x80003e4c                _ZN3mod3owr3OWRC2Ev
 .text._ZN3mod3owr3OWR12SequenceInitEv
                0x80003e50       0xe4 OWR.o
                0x80003e50                _ZN3mod3owr3OWR12SequenceInitEv
 .text._ZN3mod3owr13checkIfInGameEv
                0x80003f34       0x64 OWR.o
                0x80003f34                _ZN3mod3owr13checkIfInGameEv
 .text._ZN3mod3owr3OWR12HomewardWarpEv
                0x80003f98       0x84 OWR.o
                0x80003f98                _ZN3mod3owr3OWR12HomewardWarpEv
 .text._ZN3mod3owr3OWR12RecieveItemsEv
                0x8000401c       0x5c OWR.o
                0x8000401c                _ZN3mod3owr3OWR12RecieveItemsEv
 .text._ZN3mod3owr3OWR4InitEv
                0x80004078      0x22c OWR.o
                0x80004078                _ZN3mod3owr3OWR4InitEv
 .text._ZN3mod3owr3OWR6UpdateEv
                0x800042a4       0x38 OWR.o
                0x800042a4                _ZN3mod3owr3OWR6UpdateEv
 .text._ZN3mod3owr3OWR14OnModuleLoadedEP12OSModuleInfo
                0x800042dc       0x98 OWR.o
                0x800042dc                _ZN3mod3owr3OWR14OnModuleLoadedEP12OSModuleInfo
 .text._ZZN3mod3owr3OWR4InitEvENUlP12OSModuleInfoPvE_4_FUNES3_S4_
                0x80004374       0x54 OWR.o
 .text._ZN3mod3owr3OWR10DrawStringEPKcffjf
                0x800043c8       0xc8 OWR.o
                0x800043c8                _ZN3mod3owr3OWR10DrawStringEPKcffjf
 .text.startup._GLOBAL__sub_I__ZN3mod3owr7item_dbE
                0x80004490       0x14 OWR.o
 .text._ZN3mod3owr12StateManagerC2Ev
                0x800044a4       0x18 StateManager.o
                0x800044a4                _ZN3mod3owr12StateManagerC2Ev
                0x800044a4                _ZN3mod3owr12StateManagerC1Ev
 .text._ZN3modL13mod_if_func24Ev
                0x800044bc       0x54 con_mario.o
 .text.startup._GLOBAL__sub_I__ZN3mod13mario_set_posE
                0x80004510       0x88 con_mario.o
 .text._ZN3modL13mod_if_func51Ev
                0x80004598      0x158 con_perf.o
 .text.startup._GLOBAL__sub_I__ZN3mod15perf_fake_spikeE
                0x800046f0       0x8c con_perf.o
 .text._ZN3modL13mod_if_func16Ev
                0x8000477c       0x60 con_seq.o
 .text._ZZN3modL13mod_if_func16EvENUlPN4ttyd6seqdrv7SeqInfoEE_4_FUNES3_
                0x800047dc       0x34 con_seq.o
 .text.startup._GLOBAL__sub_I__ZN3mod13seq_logo_skipE
                0x80004810       0x8c con_seq.o
 .text._ZN3mod13ConsoleSystem8logColorEPKcN2gc6color4E
                0x8000489c      0x1e4 console.o
                0x8000489c                _ZN3mod13ConsoleSystem8logColorEPKcN2gc6color4E
 .text._ZN3mod13ConsoleSystem7logInfoEPKcz
                0x80004a80       0xac console.o
                0x80004a80                _ZN3mod13ConsoleSystem7logInfoEPKcz
 .text._ZN3mod7CC_findEPKc
                0x80004b2c       0xe8 console.o
                0x80004b2c                _ZN3mod7CC_findEPKc
 .text._ZN3mod13ConsoleSystem10logWarningEPKcz
                0x80004c14       0xb0 console.o
                0x80004c14                _ZN3mod13ConsoleSystem10logWarningEPKcz
 .text._ZN3mod13ConsoleSystem8logErrorEPKcz
                0x80004cc4       0xb0 console.o
                0x80004cc4                _ZN3mod13ConsoleSystem8logErrorEPKcz
 .text._ZN3mod13ConsoleSystem7overlayEPKcz
                0x80004d74       0xbc console.o
                0x80004d74                _ZN3mod13ConsoleSystem7overlayEPKcz
 .text._ZN3mod13ConsoleSystem12setMonospaceEb
                0x80004e30       0x24 console.o
                0x80004e30                _ZN3mod13ConsoleSystem12setMonospaceEb
 .text._ZN3mod13ConsoleSystem4initEv
                0x80004e54       0x14 console.o
                0x80004e54                _ZN3mod13ConsoleSystem4initEv
 .text._ZN3mod13ConsoleSystem8drawLineEiPKcN2gc6color4E
                0x80004e68       0xa8 console.o
                0x80004e68                _ZN3mod13ConsoleSystem8drawLineEiPKcN2gc6color4E
 .text._ZN3mod13ConsoleSystem14processCommandEPKc
                0x80004f10      0x1e4 console.o
                0x80004f10                _ZN3mod13ConsoleSystem14processCommandEPKc
 .text._ZN3mod13ConsoleSystem12updatePromptEv
                0x800050f4      0x2f0 console.o
                0x800050f4                _ZN3mod13ConsoleSystem12updatePromptEv
 .text._ZN3mod13ConsoleSystem14updateUsbGeckoEv
                0x800053e4      0x128 console.o
                0x800053e4                _ZN3mod13ConsoleSystem14updateUsbGeckoEv
 .text._ZN3mod13ConsoleSystem6updateEv
                0x8000550c       0x68 console.o
                0x8000550c                _ZN3mod13ConsoleSystem6updateEv
 .text._ZN3mod13ConsoleSystem4dispEv
                0x80005574      0x368 console.o
                0x80005574                _ZN3mod13ConsoleSystem4dispEv
 .text._ZZN3mod13ConsoleSystem6updateEvENUlN4ttyd7dispdrv8CameraIdEPvE_4_FUNES3_S4_
                0x800058dc        0x8 console.o
 .text.startup._GLOBAL__sub_I__ZN3mod10ConCommand6sFirstE
                0x800058e4      0x17c console.o
 .text._Znwj    0x80005a60        0xc cxx.o
                0x80005a60                _Znwj
 .text._Znaj    0x80005a6c        0x4 cxx.o
                0x80005a6c                _Znaj
 .text._ZdlPv   0x80005a70        0xc cxx.o
                0x80005a70                _ZdlPv
 .text._ZdaPv   0x80005a7c        0x4 cxx.o
                0x80005a7c                _ZdaPv
 .text._ZL27checkIndividualStandardHeapPKN2gc2os9ChunkInfoE
                0x80005a80       0x64 errorHandling.o
 .text._ZL24checkIndividualSmartHeapPKN4ttyd6memory19SmartAllocationDataE
                0x80005ae4       0x64 errorHandling.o
 .text._ZL22checkIndividualMapHeapPKN4ttyd6memory13MapAllocEntryE
                0x80005b48       0x50 errorHandling.o
 .text._ZL21initStandardHeapErrorPKvib
                0x80005b98       0x94 errorHandling.o
 .text._ZL18initSmartHeapErrorPKvb
                0x80005c2c       0x8c errorHandling.o
 .text._ZL16initMapHeapErrorPKvtb
                0x80005cb8       0xa4 errorHandling.o
 .text._ZN18HeapCorruptionInfo10drawBufferEv
                0x80005d5c       0x98 errorHandling.o
                0x80005d5c                _ZN18HeapCorruptionInfo10drawBufferEv
 .text._ZN21NpcNameToPtrErrorInfo16drawErrorMessageEv
                0x80005df4       0x9c errorHandling.o
                0x80005df4                _ZN21NpcNameToPtrErrorInfo16drawErrorMessageEv
 .text._ZN21AnimPoseMainErrorInfo16drawErrorMessageEv
                0x80005e90       0x9c errorHandling.o
                0x80005e90                _ZN21AnimPoseMainErrorInfo16drawErrorMessageEv
 .text._Z10checkHeapsv
                0x80005f2c      0x110 errorHandling.o
                0x80005f2c                _Z10checkHeapsv
 .text._Z17drawErrorMessagesv
                0x8000603c       0x74 errorHandling.o
                0x8000603c                _Z17drawErrorMessagesv
 .text._Z25checkForNpcNameToPtrErrorPKc
                0x800060b0       0x6c errorHandling.o
                0x800060b0                _Z25checkForNpcNameToPtrErrorPKc
 .text._Z24preventAnimPoseMainCrashi
                0x8000611c       0x54 errorHandling.o
                0x8000611c                _Z24preventAnimPoseMainCrashi
 .text.startup._GLOBAL__sub_I_npcNameToPtrErrorInfo
                0x80006170       0x1c errorHandling.o
 .text.exit._GLOBAL__sub_D_npcNameToPtrErrorInfo
                0x8000618c       0x14 errorHandling.o
 .text._ZL22fixPouchInitMemoryLeakij
                0x800061a0       0x4c gamePatches.o
 .text._ZL12autoMashTextN2gc3pad5PadIdE
                0x800061ec       0x48 gamePatches.o
 .text._ZL14fixMapProblemsv
                0x80006234       0xe8 gamePatches.o
 .text.cFixBlooperCrash1
                0x8000631c       0x38 gamePatches.o
                0x8000631c                cFixBlooperCrash1
 .text.cPreventDiaryTextboxOptionSelection
                0x80006354       0x58 gamePatches.o
                0x80006354                cPreventDiaryTextboxOptionSelection
 .text._Z14applyGameFixesv
                0x800063ac       0x68 gamePatches.o
                0x800063ac                _Z14applyGameFixesv
 .text._Z23applyVariousGamePatchesv
                0x80006414       0xf0 gamePatches.o
                0x80006414                _Z23applyVariousGamePatchesv
 .text._ZN3mod8Keyboard7connectEv
                0x80006504       0x58 keyboard.o
                0x80006504                _ZN3mod8Keyboard7connectEv
 .text._ZN3mod8KeyboardC2Ei
                0x8000655c       0x20 keyboard.o
                0x8000655c                _ZN3mod8KeyboardC2Ei
                0x8000655c                _ZN3mod8KeyboardC1Ei
 .text._ZN3mod8Keyboard10disconnectEv
                0x8000657c       0x40 keyboard.o
                0x8000657c                _ZN3mod8Keyboard10disconnectEv
 .text._ZN3mod8Keyboard6updateEv
                0x800065bc      0x1d4 keyboard.o
                0x800065bc                _ZN3mod8Keyboard6updateEv
 .text._ZZN3mod3Mod4initEvENUlvE0_4_FUNEv
                0x80006790        0x4 mod.o
 .text._ZZN3mod3Mod11updateEarlyEvENUlN4ttyd7dispdrv8CameraIdEPvE_4_FUNES3_S4_
                0x80006794        0x4 mod.o
 .text._ZN3mod3ModC2Ev
                0x80006798       0x90 mod.o
                0x80006798                _ZN3mod3ModC2Ev
                0x80006798                _ZN3mod3ModC1Ev
 .text._ZN3mod3Mod4initEv
                0x80006828      0x188 mod.o
                0x80006828                _ZN3mod3Mod4initEv
 .text.startup._ZN3mod4mainEv
                0x800069b0       0x38 mod.o
                0x800069b0                _ZN3mod4mainEv
 .text._ZN3mod3Mod11updateEarlyEv
                0x800069e8       0x8c mod.o
                0x800069e8                _ZN3mod3Mod11updateEarlyEv
 .text._ZZN3mod3Mod4initEvENUlvE_4_FUNEv
                0x80006a74        0xc mod.o
 .text._ZN3mod5patch17clear_DC_IC_CacheEPvj
                0x80006a80       0x3c patch.o
                0x80006a80                _ZN3mod5patch17clear_DC_IC_CacheEPvj
 .text._ZN3mod5patch14writeEvtBranchEPiPKib
                0x80006abc       0x1c patch.o
                0x80006abc                _ZN3mod5patch14writeEvtBranchEPiPKib
 .text._ZN3mod5patch15writeBranchMainEPvS1_j
                0x80006ad8       0x18 patch.o
                0x80006ad8                _ZN3mod5patch15writeBranchMainEPvS1_j
 .text._ZN3mod5patch11writeBranchEPvS1_
                0x80006af0        0x8 patch.o
                0x80006af0                _ZN3mod5patch11writeBranchEPvS1_
 .text._ZN3mod5patch13writeBranchBLEPvS1_
                0x80006af8        0xc patch.o
                0x80006af8                _ZN3mod5patch13writeBranchBLEPvS1_
 .text._ZN3mod5patch10writePatchEPvPKvj
                0x80006b04       0x5c patch.o
                0x80006b04                _ZN3mod5patch10writePatchEPvPKvj
 .text._ZN3mod5patch10writePatchEPvj
                0x80006b60       0x2c patch.o
                0x80006b60                _ZN3mod5patch10writePatchEPvj
 .text._ZN3mod5patch15writeBranchPairEPvS1_S1_
                0x80006b8c       0x3c patch.o
                0x80006b8c                _ZN3mod5patch15writeBranchPairEPvS1_S1_
 .text._ZN3mod5patch17writeIntWithCacheEPvj
                0x80006bc8        0xc patch.o
                0x80006bc8                _ZN3mod5patch17writeIntWithCacheEPvj
 .text.vsnprintf
                0x80006bd4       0x70 printf.o
                0x80006bd4                vsnprintf
 .text.snprintf
                0x80006c44       0x7c printf.o
                0x80006c44                snprintf
 .text._prolog  0x80006cc0       0x5c rel.o
                0x80006cc0                _prolog
 .text._epilog  0x80006d1c       0x4c rel.o
                0x80006d1c                _epilog
 .text._unresolved
                0x80006d68        0x4 rel.o
                0x80006d68                _unresolved
 .text._ZN3modL10ugTransferEiPvib
                0x80006d6c      0x124 ug.o
 .text._ZN3mod7ugProbeEi
                0x80006e90       0xf8 ug.o
                0x80006e90                _ZN3mod7ugProbeEi
 .text._ZN3mod6ugSendEiPKvi
                0x80006f88        0x8 ug.o
                0x80006f88                _ZN3mod6ugSendEiPKvi
 .text._ZN3mod6ugRecvEiPvi
                0x80006f90        0x8 ug.o
                0x80006f90                _ZN3mod6ugRecvEiPvi
 .text.strstr   0x80006f98       0x90 util.o
                0x80006f98                strstr
 .text._ZN3mod4util16checkButtonComboEj
                0x80007028       0x4c util.o
                0x80007028                _ZN3mod4util16checkButtonComboEj
 .text._ZN3mod4util26checkButtonComboEveryFrameEj
                0x80007074       0x34 util.o
                0x80007074                _ZN3mod4util26checkButtonComboEveryFrameEj
 .text._ZN3mod4util10ptrIsValidEPv
                0x800070a8       0x30 util.o
                0x800070a8                _ZN3mod4util10ptrIsValidEPv
 .text._ZN3mod4util10intToFloatEi
                0x800070d8       0x30 util.o
                0x800070d8                _ZN3mod4util10intToFloatEi
 .text._ZN3mod4util25getTextMultilineIncrementEPKcfj
                0x80007108       0x4c util.o
                0x80007108                _ZN3mod4util25getTextMultilineIncrementEPKcfj
 .text._Z15ApplyAaaPatchesv
                0x80007154       0x50 aaa.o
                0x80007154                _Z15ApplyAaaPatchesv
 .text._Z15ApplyAjiPatchesv
                0x800071a4      0x83c aji.o
                0x800071a4                _Z15ApplyAjiPatchesv
 .text._Z15ApplyBomPatchesv
                0x800079e0      0x300 bom.o
                0x800079e0                _Z15ApplyBomPatchesv
 .text._Z15ApplyDouPatchesv
                0x80007ce0      0x2f0 dou.o
                0x80007ce0                _Z15ApplyDouPatchesv
 .text._Z15ApplyEkiPatchesv
                0x80007fd0      0x254 eki.o
                0x80007fd0                _Z15ApplyEkiPatchesv
 .text._Z15ApplyEndPatchesv
                0x80008224       0x30 end.o
                0x80008224                _Z15ApplyEndPatchesv
 .text._Z15ApplyGonPatchesv
                0x80008254      0x35c gon.o
                0x80008254                _Z15ApplyGonPatchesv
 .text._Z17ApplyGor00Patchesv
                0x800085b0      0x5b0 gor_00.o
                0x800085b0                _Z17ApplyGor00Patchesv
 .text.startup._GLOBAL__sub_I__Z17ApplyGor00Patchesv
                0x80008b60       0x14 gor_00.o
 .text._Z17ApplyGor01Patchesv
                0x80008b74      0x404 gor_01.o
                0x80008b74                _Z17ApplyGor01Patchesv
 .text._Z17ApplyGor02Patchesv
                0x80008f78      0x400 gor_02.o
                0x80008f78                _Z17ApplyGor02Patchesv
 .text._Z17ApplyGor03Patchesv
                0x80009378      0x47c gor_03.o
                0x80009378                _Z17ApplyGor03Patchesv
 .text._Z17ApplyGor04Patchesv
                0x800097f4      0x1d8 gor_04.o
                0x800097f4                _Z17ApplyGor04Patchesv
 .text._Z19ApplyGorMiscPatchesv
                0x800099cc      0x14c gor_misc.o
                0x800099cc                _Z19ApplyGorMiscPatchesv
 .text._Z15ApplyGorPatchesv
                0x80009b18       0x30 gor_misc.o
                0x80009b18                _Z15ApplyGorPatchesv
 .text._Z15ApplyGraPatchesv
                0x80009b48      0x200 gra.o
                0x80009b48                _Z15ApplyGraPatchesv
 .text._Z15ApplyHeiPatchesv
                0x80009d48      0x294 hei.o
                0x80009d48                _Z15ApplyHeiPatchesv
 .text._Z15ApplyHomPatchesv
                0x80009fdc      0x140 hom.o
                0x80009fdc                _Z15ApplyHomPatchesv
 .text._Z15ApplyJinPatchesv
                0x8000a11c      0x348 jin.o
                0x8000a11c                _Z15ApplyJinPatchesv
 .text._Z15ApplyKpaPatchesv
                0x8000a464       0xd0 kpa.o
                0x8000a464                _Z15ApplyKpaPatchesv
 .text._Z15ApplyLasPatchesv
                0x8000a534      0x4f0 las.o
                0x8000a534                _Z15ApplyLasPatchesv
 .text._Z24ApplyMainAssemblyPatchesv
                0x8000aa24      0x8e8 main.o
                0x8000aa24                _Z24ApplyMainAssemblyPatchesv
 .text._Z22ApplyMainScriptPatchesv
                0x8000b30c      0x1d4 main.o
                0x8000b30c                _Z22ApplyMainScriptPatchesv
 .text._Z25ApplyItemDataTablePatchesv
                0x8000b4e0      0x15c main.o
                0x8000b4e0                _Z25ApplyItemDataTablePatchesv
 .text._Z15ApplyMriPatchesv
                0x8000b63c      0xbbc mri.o
                0x8000b63c                _Z15ApplyMriPatchesv
 .text._Z15ApplyMujPatchesv
                0x8000c1f8      0xa2c muj.o
                0x8000c1f8                _Z15ApplyMujPatchesv
 .text._Z15ApplyNokPatchesv
                0x8000cc24      0x36c nok.o
                0x8000cc24                _Z15ApplyNokPatchesv
 .text._Z15ApplyPikPatchesv
                0x8000cf90      0x51c pik.o
                0x8000cf90                _Z15ApplyPikPatchesv
 .text._Z15ApplyRshPatchesv
                0x8000d4ac      0xe20 rsh.o
                0x8000d4ac                _Z15ApplyRshPatchesv
 .text._Z24checkChapterRequirementsPN4ttyd6evtmgr8EvtEntryEb
                0x8000e2cc       0x7c tik.o
                0x8000e2cc                _Z24checkChapterRequirementsPN4ttyd6evtmgr8EvtEntryEb
 .text._Z18checkChapterClearsPN4ttyd6evtmgr8EvtEntryEb
                0x8000e348       0x5c tik.o
                0x8000e348                _Z18checkChapterClearsPN4ttyd6evtmgr8EvtEntryEb
 .text._Z15ApplyTikPatchesv
                0x8000e3a4      0x578 tik.o
                0x8000e3a4                _Z15ApplyTikPatchesv
 .text._Z15ApplyTouPatchesv
                0x8000e91c     0x10a8 tou.o
                0x8000e91c                _Z15ApplyTouPatchesv
 .text._Z16ApplyTou2Patchesv
                0x8000f9c4      0x34c tou2.o
                0x8000f9c4                _Z16ApplyTou2Patchesv
 .text._Z15ApplyUsuPatchesv
                0x8000fd10      0x884 usu.o
                0x8000fd10                _Z15ApplyUsuPatchesv
 .text._Z15ApplyWinPatchesv
                0x80010594      0x2e4 win.o
                0x80010594                _Z15ApplyWinPatchesv
 *(.gnu.warning)
 *(.gnu.linkonce.t.*)
                0x80010880                        . = ALIGN (0x20)
 *fill*         0x80010878        0x8 00000000

.text._ZN3mod13mario_set_posMUlPKcE_4_FUNES2_
                0x00000000       0x5c
 .text._ZN3mod13mario_set_posMUlPKcE_4_FUNES2_
                0x00000000       0x5c con_mario.o
                0x00000000                _ZN3mod13mario_set_posMUlPKcE_4_FUNES2_
                0x00000000                _ZN3mod13mario_set_posMUlPKcE_4_FUNES1_

.text._ZN3mod15perf_fake_spikeMUlPKcE_4_FUNES2_
                0x00000000       0x7c
 .text._ZN3mod15perf_fake_spikeMUlPKcE_4_FUNES2_
                0x00000000       0x7c con_perf.o
                0x00000000                _ZN3mod15perf_fake_spikeMUlPKcE_4_FUNES1_
                0x00000000                _ZN3mod15perf_fake_spikeMUlPKcE_4_FUNES2_

.text._ZN3mod14seq_change_mapMUlPKcE_4_FUNES2_
                0x00000000       0xc4
 .text._ZN3mod14seq_change_mapMUlPKcE_4_FUNES2_
                0x00000000       0xc4 con_seq.o
                0x00000000                _ZN3mod14seq_change_mapMUlPKcE_4_FUNES2_
                0x00000000                _ZN3mod14seq_change_mapMUlPKcE_4_FUNES1_

.text._ZN3mod8con_monoMUlPNS_9ConIntVarEiE_4_FUNES2_i
                0x00000000       0x18
 .text._ZN3mod8con_monoMUlPNS_9ConIntVarEiE_4_FUNES2_i
                0x00000000       0x18 console.o
                0x00000000                _ZN3mod8con_monoMUlPNS_9ConIntVarEiE_4_FUNES1_i
                0x00000000                _ZN3mod8con_monoMUlPNS_9ConIntVarEiE_4_FUNES2_i

.text._ZN18HeapCorruptionInfo10initBufferEv
                0x00000000       0x34
 .text._ZN18HeapCorruptionInfo10initBufferEv
                0x00000000       0x34 errorHandling.o
                0x00000000                _ZN18HeapCorruptionInfo10initBufferEv

.fini           0x00000034        0xc
 *(.fini)
                0x00000040                        . = ALIGN (0x20)
 *fill*         0x00000034        0xc 00000000
                [!provide]                        PROVIDE (__etext = .)
                [!provide]                        PROVIDE (_etext = .)
                [!provide]                        PROVIDE (etext = .)

.rodata         0x00000040     0xc841
 *(.rodata)
 *(.rodata.*)
 .rodata._ZZN3mod3owr3OWR4InitEvENUliE_4_FUNEi
                0x00000040       0x10 OWR.o
 .rodata._ZZN3mod3owr3OWR4InitEvENUlPKcE_4_FUNES3_.str1.1
                0x00000050      0x455 OWR.o
 .rodata._ZZN3mod3owr3OWR4InitEvENUlN4ttyd6seqdrv8SeqIndexEPKcS6_E_4_FUNES4_S6_S6_.str1.1
                0x000004a5        0x7 OWR.o
 .rodata._ZN3mod3owr3OWR14OnModuleLoadedEP12OSModuleInfo
                0x000004ac       0x70 OWR.o
 .rodata._ZL8GSWF_ARR
                0x0000051c       0x1e OWR.o
 *fill*         0x0000053a        0x2 
 .rodata.cst4   0x0000053c        0x4 OWR.o
 .rodata._ZN3mod13mario_set_posMUlPKcE_4_FUNES2_.str1.1
                0x00000540        0x9 con_mario.o
 .rodata._ZN3modL13mod_if_func24Ev.str1.1
                0x00000549       0x20 con_mario.o
 .rodata._GLOBAL__sub_I__ZN3mod13mario_set_posE.str1.1
                0x00000569       0x1d con_mario.o
 .rodata._ZN3modL13mod_if_func51Ev.str1.1
                0x00000586       0x5b con_perf.o
 .rodata._ZN3mod15perf_fake_spikeMUlPKcE_4_FUNES2_.str1.1
                0x000005e1        0x3 con_perf.o
 .rodata._GLOBAL__sub_I__ZN3mod15perf_fake_spikeE.str1.1
                0x000005e4       0x1f con_perf.o
 *fill*         0x00000603        0x1 
 .rodata.cst4   0x00000604        0xc con_perf.o
 .rodata._ZN3mod14seq_change_mapMUlPKcE_4_FUNES2_.str1.1
                0x00000610       0x1e con_seq.o
 .rodata._GLOBAL__sub_I__ZN3mod13seq_logo_skipE.str1.1
                0x0000062e       0x1d con_seq.o
 .rodata._ZN3mod13ConsoleSystem8logColorEPKcN2gc6color4E.str1.1
                0x0000064b       0x80 console.o
 .rodata._ZN3mod7CC_findEPKc.str1.1
                0x000006cb       0x1d console.o
 .rodata._ZN3mod13ConsoleSystem14processCommandEPKc.str1.1
                0x000006e8       0x28 console.o
 .rodata._ZN3mod13ConsoleSystem14updateUsbGeckoEv.str1.1
                0x00000710       0x74 console.o
 .rodata._ZN3mod13ConsoleSystem4dispEv.str1.1
                0x00000784       0x16 console.o
 .rodata._GLOBAL__sub_I__ZN3mod10ConCommand6sFirstE.str1.1
                0x0000079a       0x7f console.o
 .rodata._ZZN3mod13ConsoleSystem4dispEvE12kPromptColor
                0x00000819        0x4 console.o
 *fill*         0x0000081d        0x3 
 .rodata.cst4   0x00000820        0x8 console.o
 .rodata._ZL21initStandardHeapErrorPKvib.str1.1
                0x00000828       0x30 errorHandling.o
 .rodata._ZL18initSmartHeapErrorPKvb.str1.1
                0x00000858       0x23 errorHandling.o
 .rodata._ZL16initMapHeapErrorPKvtb.str1.1
                0x0000087b       0x2b errorHandling.o
 .rodata._ZN21NpcNameToPtrErrorInfo16drawErrorMessageEv.str1.1
                0x000008a6       0x1f errorHandling.o
 .rodata._ZN21AnimPoseMainErrorInfo16drawErrorMessageEv.str1.1
                0x000008c5       0x1f errorHandling.o
 .rodata.cst4   0x000008e4       0x10 errorHandling.o
 .rodata._ZL14fixMapProblemsv.str1.1
                0x000008f4       0x1e gamePatches.o
 .rodata.cPreventDiaryTextboxOptionSelection.str1.1
                0x00000912       0x19 gamePatches.o
 *fill*         0x0000092b        0x1 
 .rodata.cst4   0x0000092c        0x4 mod.o
 .rodata.cst4   0x00000930        0x8 util.o
 .rodata._ZL20aji_17_init_evt_hook
                0x00000938       0x10 aji.o
 .rodata._ZL19aji_17_init_evt_evt
                0x00000948       0x4c aji.o
 .rodata._ZL20aji_10_init_evt_hook
                0x00000994       0x10 aji.o
 .rodata.str1.1
                0x000009a4       0x37 aji.o
 *fill*         0x000009db        0x1 
 .rodata._ZL19aji_10_init_evt_evt
                0x000009dc      0x288 aji.o
 .rodata._ZL18teshita3_init_hook
                0x00000c64       0x10 aji.o
 .rodata._ZL17teshita3_init_evt
                0x00000c74       0xc0 aji.o
 .rodata._ZL18teshita2_init_hook
                0x00000d34       0x10 aji.o
 .rodata._ZL17teshita2_init_evt
                0x00000d44       0xc0 aji.o
 .rodata._ZL20peach_evt_ele_2_hook
                0x00000e04       0x24 aji.o
 .rodata._ZL19peach_evt_ele_2_evt
                0x00000e28       0x6c aji.o
 .rodata._ZL20aji_00_init_evt_hook
                0x00000e94       0x10 aji.o
 .rodata._ZL19aji_00_init_evt_evt
                0x00000ea4       0x5c aji.o
 .rodata._ZL4npc4
                0x00000f00       0x13 aji.o
 *fill*         0x00000f13        0x1 
 .rodata._ZL4npc3
                0x00000f14        0x7 aji.o
 *fill*         0x00000f1b        0x1 
 .rodata._ZL4npc2
                0x00000f1c        0xf aji.o
 *fill*         0x00000f2b        0x1 
 .rodata._ZL4npc1
                0x00000f2c        0x7 aji.o
 .rodata.str1.1
                0x00000f33       0x12 dou.o
 *fill*         0x00000f45        0x3 
 .rodata._ZL20peramajin_after_item
                0x00000f48       0x9c dou.o
 .rodata._ZL12evt_elv_hook
                0x00000fe4       0x28 eki.o
 .rodata.str1.1
                0x0000100c       0x2f eki.o
 *fill*         0x0000103b        0x1 
 .rodata._ZL11evt_elv_evt
                0x0000103c      0x104 eki.o
 .rodata.str1.1
                0x00001140        0xb gon.o
 *fill*         0x0000114b        0x1 
 .rodata._ZL19gon_evt_majin2_item
                0x0000114c       0xd0 gon.o
 .rodata._ZL21gor_00_init_evt2_hook
                0x0000121c       0x10 gor_00.o
 .rodata._ZL21gor_00_init_evt1_hook
                0x0000122c       0x10 gor_00.o
 .rodata.str1.1
                0x0000123c      0x25e gor_00.o
 *fill*         0x0000149a        0x2 
 .rodata._ZL16gor_00_init_evt1
                0x0000149c      0x1f8 gor_00.o
 .rodata._ZL18korutesu_init_hook
                0x00001694       0x10 gor_00.o
 .rodata._ZL17korutesu_init_evt
                0x000016a4       0x58 gor_00.o
 .rodata._ZL20suifubomb_b_talk_evt
                0x000016fc       0xd4 gor_00.o
 .rodata._ZL21suifubomb_b_regl_hook
                0x000017d0       0x10 gor_00.o
 .rodata._ZL20suifubomb_b_regl_evt
                0x000017e0      0x120 gor_00.o
 .rodata._ZL20suifubomb_a_talk_evt
                0x00001900      0x150 gor_00.o
 .rodata._ZL21suifubomb_a_regl_hook
                0x00001a50       0x10 gor_00.o
 .rodata._ZL20suifubomb_a_regl_evt
                0x00001a60       0x90 gor_00.o
 .rodata._ZL21suifubomb_a_init_hook
                0x00001af0       0x10 gor_00.o
 .rodata._ZL20suifubomb_a_init_evt
                0x00001b00       0xc8 gor_00.o
 .rodata._ZL16suifu_b_talk_evt
                0x00001bc8       0xd4 gor_00.o
 .rodata._ZL20luigi_npcEnt_00_hook
                0x00001c9c       0x10 gor_00.o
 .rodata._ZL19luigi_npcEnt_00_evt
                0x00001cac       0x80 gor_00.o
 .rodata._ZL18luigi_init_00_hook
                0x00001d2c       0x10 gor_00.o
 .rodata._ZL17luigi_init_00_evt
                0x00001d3c       0x50 gor_00.o
 .rodata._ZL16mokorim_init_evt
                0x00001d8c       0x30 gor_00.o
 .rodata._ZL17suifu_b_init_hook
                0x00001dbc       0x10 gor_00.o
 .rodata._ZL16suifu_b_init_evt
                0x00001dcc       0xc8 gor_00.o
 .rodata._ZL17suifu_a_regl_hook
                0x00001e94       0x10 gor_00.o
 .rodata._ZL16suifu_a_regl_evt
                0x00001ea4       0x80 gor_00.o
 .rodata._ZL16suifu_a_talk_evt
                0x00001f24       0xd4 gor_00.o
 .rodata._ZL19odoodo_ani_talk_evt
                0x00001ff8       0x20 gor_00.o
 .rodata._ZL15odoodo_talk_evt
                0x00002018      0x128 gor_00.o
 .rodata._ZL16odoodo_regl_hook
                0x00002140       0x10 gor_00.o
 .rodata._ZL15odoodo_regl_evt
                0x00002150       0x94 gor_00.o
 .rodata._ZL16odoodo_init_hook
                0x000021e4       0x10 gor_00.o
 .rodata._ZL15odoodo_init_evt
                0x000021f4      0x114 gor_00.o
 .rodata._ZL17garawaru_talk_evt
                0x00002308       0xb8 gor_00.o
 .rodata._ZL18garawaru_regl_hook
                0x000023c0       0x10 gor_00.o
 .rodata._ZL17garawaru_regl_evt
                0x000023d0      0x120 gor_00.o
 .rodata._ZL18garawaru_init_hook
                0x000024f0       0x10 gor_00.o
 .rodata._ZL17garawaru_init_evt
                0x00002500      0x140 gor_00.o
 .rodata._ZL7npcEnt2
                0x00002640        0x9 gor_00.o
 *fill*         0x00002649        0x3 
 .rodata._ZL6npcEnt
                0x0000264c        0x9 gor_00.o
 .rodata.str1.1
                0x00002655       0x9f gor_01.o
 .rodata._ZL15bomhei_talk_evt
                0x000026f4       0x20 gor_01.o
 .rodata._ZL16chusan2_talk_evt
                0x00002714       0x20 gor_01.o
 .rodata._ZL16chusan1_talk_evt
                0x00002734       0x20 gor_01.o
 .rodata._ZL16kuribo3_talk_evt
                0x00002754       0x20 gor_01.o
 .rodata._ZL16kuribo2_talk_evt
                0x00002774       0x20 gor_01.o
 .rodata._ZL16kuribo1_talk_evt
                0x00002794       0x20 gor_01.o
 .rodata._ZL15roten2_talk_evt
                0x000027b4       0x20 gor_01.o
 .rodata._ZL15roten1_talk_evt
                0x000027d4       0x20 gor_01.o
 .rodata._ZL19shoptender_talk_evt
                0x000027f4       0x20 gor_01.o
 .rodata._ZL15kinoji_talk_evt
                0x00002814       0x20 gor_01.o
 .rodata._ZL19bottakuru_init_hook
                0x00002834       0x10 gor_01.o
 .rodata._ZL18bottakuru_init_evt
                0x00002844       0x70 gor_01.o
 .rodata._ZL18marco_init_01_hook
                0x000028b4       0x10 gor_01.o
 .rodata._ZL17marco_init_01_evt
                0x000028c4       0x40 gor_01.o
 .rodata._ZL20badgemaster_talk_evt
                0x00002904       0x20 gor_01.o
 .rodata._ZL15luigi_init_hook
                0x00002924       0x10 gor_02.o
 .rodata.str1.1
                0x00002934      0x22d gor_02.o
 *fill*         0x00002b61        0x3 
 .rodata._ZL14luigi_init_evt
                0x00002b64       0x4c gor_02.o
 .rodata._ZL20tozokudan2_talk_hook
                0x00002bb0        0xc gor_02.o
 .rodata._ZL19tozokudan2_talk_evt
                0x00002bbc      0x160 gor_02.o
 .rodata._ZL20tozokudan1_talk_hook
                0x00002d1c        0xc gor_02.o
 .rodata._ZL19tozokudan1_talk_evt
                0x00002d28      0x160 gor_02.o
 .rodata._ZL20kurihakase_init_hook
                0x00002e88       0x10 gor_02.o
 .rodata._ZL19kurihakase_init_evt
                0x00002e98      0x294 gor_02.o
 .rodata._ZL19kurihakase_talk_evt
                0x0000312c      0x2cc gor_02.o
 .rodata._ZL22evt_door_02_open_hook2
                0x000033f8       0x10 gor_02.o
 .rodata._ZL21evt_door_02_open_evt2
                0x00003408       0xc4 gor_02.o
 .rodata._ZL21evt_door_02_open_hook
                0x000034cc       0x10 gor_02.o
 .rodata._ZL20evt_door_02_open_evt
                0x000034dc      0x184 gor_02.o
 .rodata._ZL21gor_02_init_evt2_hook
                0x00003660       0x10 gor_02.o
 .rodata._ZL16gor_02_init_evt2
                0x00003670       0xcc gor_02.o
 .rodata._ZL21gor_02_init_evt1_hook
                0x0000373c       0x10 gor_02.o
 .rodata._ZL16gor_02_init_evt1
                0x0000374c      0x138 gor_02.o
 .rodata._ZL16borodo2_talk_evt
                0x00003884       0x20 gor_02.o
 .rodata._ZL16borodo1_talk_evt
                0x000038a4       0x20 gor_02.o
 .rodata._ZL15roten3_talk_evt
                0x000038c4       0x20 gor_02.o
 .rodata._ZL16chusan3_talk_evt
                0x000038e4       0x20 gor_02.o
 .rodata._ZL16kuribo4_talk_evt
                0x00003904       0x20 gor_02.o
 .rodata._ZL20gor_03_init_evt_hook
                0x00003924       0x10 gor_03.o
 .rodata.str1.1
                0x00003934      0x100 gor_03.o
 .rodata._ZL19gor_03_init_evt_evt
                0x00003a34      0x160 gor_03.o
 .rodata._ZL16maffia3_talk_evt
                0x00003b94       0x20 gor_03.o
 .rodata._ZL16maffia2_talk_evt
                0x00003bb4      0x140 gor_03.o
 .rodata._ZL16maffia1_talk_evt
                0x00003cf4      0x140 gor_03.o
 .rodata._ZL26maffiaboss_casino_talk_evt
                0x00003e34       0x20 gor_03.o
 .rodata._ZL26maffiaboss_talk_common_evt
                0x00003e54      0x120 gor_03.o
 .rodata._Z17ApplyGor04Patchesv.str1.1
                0x00003f74       0x12 gor_04.o
 .rodata.str1.1
                0x00003f86        0x7 gor_misc.o
 *fill*         0x00003f8d        0x3 
 .rodata._ZL9party_evt
                0x00003f90       0x9c gor_misc.o
 .rodata._ZL9goombella
                0x0000402c        0x9 gor_misc.o
 .rodata.str1.1
                0x00004035       0x18 gra.o
 *fill*         0x0000404d        0x3 
 .rodata._ZL17evt_machibuse_evt
                0x00004050       0x4c gra.o
 .rodata._ZL8doopliss
                0x0000409c        0xb gra.o
 *fill*         0x000040a7        0x1 
 .rodata._ZL11stones_hook
                0x000040a8       0x10 hei.o
 .rodata.str1.1
                0x000040b8       0x21 hei.o
 *fill*         0x000040d9        0x3 
 .rodata._ZL10stones_evt
                0x000040dc       0xd8 hei.o
 .rodata._ZL9party_evt
                0x000041b4       0x80 hei.o
 .rodata._ZL5koops
                0x00004234        0xb hei.o
 *fill*         0x0000423f        0x1 
 .rodata._ZL20hom_00_init_evt_hook
                0x00004240       0x10 hom.o
 .rodata.str1.1
                0x00004250       0x1f hom.o
 *fill*         0x0000426f        0x1 
 .rodata._ZL19hom_00_init_evt_evt
                0x00004270       0x94 hom.o
 .rodata._ZL20jin_08_init_evt_hook
                0x00004304        0x8 jin.o
 .rodata._ZL19jin_08_init_evt_evt
                0x0000430c       0x1c jin.o
 .rodata._ZL18tenkyugi_evt2_hook
                0x00004328       0x10 las.o
 .rodata.str1.1
                0x00004338       0x6a las.o
 *fill*         0x000043a2        0x2 
 .rodata._ZL17tenkyugi_evt2_evt
                0x000043a4       0x2c las.o
 .rodata._ZL20las_10_init_evt_hook
                0x000043d0       0x10 las.o
 .rodata._ZL19las_10_init_evt_evt
                0x000043e0       0x40 las.o
 .rodata._ZL13stairs_revert
                0x00004420      0x104 las.o
 .rodata._Z25ApplyItemDataTablePatchesv.str1.1
                0x00004524       0xc2 main.o
 *fill*         0x000045e6        0x2 
 .rodata._ZL20mri_09_init_evt_hook
                0x000045e8       0x10 mri.o
 .rodata.str1.1
                0x000045f8      0x181 mri.o
 *fill*         0x00004779        0x3 
 .rodata._ZL19mri_09_init_evt_evt
                0x0000477c      0x14c mri.o
 .rodata._ZL20mri_04_init_evt_hook
                0x000048c8       0x10 mri.o
 .rodata._ZL19mri_04_init_evt_evt
                0x000048d8       0x30 mri.o
 .rodata._ZL16bero_custom_hook
                0x00004908       0x10 mri.o
 .rodata._ZL15bero_custom_evt
                0x00004918       0x44 mri.o
 .rodata._ZL21mri_01_init_evt_hook2
                0x0000495c       0x10 mri.o
 .rodata._ZL19mri_01_init_evt_evt
                0x0000496c       0x30 mri.o
 .rodata._ZL18puniinfo_talk_hook
                0x0000499c       0x10 mri.o
 .rodata._ZL20mri_03_init_evt_hook
                0x000049ac       0x14 mri.o
 .rodata._ZL22mri_03_init_evt_switch
                0x000049c0       0x9c mri.o
 .rodata._ZL20mri_01_init_evt_hook
                0x00004a5c       0x14 mri.o
 .rodata._ZL22mri_01_init_evt_switch
                0x00004a70       0xb0 mri.o
 .rodata._ZL23mri_sister_init_01_hook
                0x00004b20       0x10 mri.o
 .rodata._ZL22mri_sister_init_01_evt
                0x00004b30       0xa8 mri.o
 .rodata._ZL16puni_2_init_hook
                0x00004bd8       0x10 mri.o
 .rodata._ZL15puni_2_init_evt
                0x00004be8       0x78 mri.o
 .rodata._ZL16puni_1_talk_hook
                0x00004c60       0x10 mri.o
 .rodata._ZL15puni_1_talk_evt
                0x00004c70       0xb0 mri.o
 .rodata._ZL16puni_1_init_hook
                0x00004d20       0x10 mri.o
 .rodata._ZL15puni_1_init_evt
                0x00004d30       0x78 mri.o
 .rodata._ZL15elder_talk_hook
                0x00004da8       0x10 mri.o
 .rodata._ZL14elder_talk_evt
                0x00004db8       0xb8 mri.o
 .rodata._ZL22mri_elder_init_01_hook
                0x00004e70       0x10 mri.o
 .rodata._ZL21mri_elder_init_01_evt
                0x00004e80       0xcc mri.o
 .rodata._ZL22mri_rival_init_01_hook
                0x00004f4c       0x10 mri.o
 .rodata._ZL21mri_rival_init_01_evt
                0x00004f5c       0xa8 mri.o
 .rodata._ZL18guide_init_01_hook
                0x00005004       0x10 mri.o
 .rodata._ZL17guide_init_01_evt
                0x00005014       0x8c mri.o
 .rodata._ZL15guide_talk_hook
                0x000050a0       0x10 mri.o
 .rodata._ZL14guide_talk_evt
                0x000050b0       0x98 mri.o
 .rodata._ZL18guide_init_00_hook
                0x00005148       0x10 mri.o
 .rodata._ZL17guide_init_00_evt
                0x00005158      0x150 mri.o
 .rodata._ZL14muj_party_hook
                0x000052a8       0x10 muj.o
 .rodata.str1.1
                0x000052b8      0x38f muj.o
 *fill*         0x00005647        0x1 
 .rodata._ZL13muj_party_evt
                0x00005648       0xac muj.o
 .rodata._ZL22peton_init_muj_01_hook
                0x000056f4       0x10 muj.o
 .rodata._ZL21peton_init_muj_01_evt
                0x00005704       0x54 muj.o
 .rodata._ZL21mony_init_muj_01_hook
                0x00005758       0x10 muj.o
 .rodata._ZL20mony_init_muj_01_evt
                0x00005768       0x54 muj.o
 .rodata._ZL17koburon_dead_hook
                0x000057bc       0x10 muj.o
 .rodata._ZL16koburon_dead_evt
                0x000057cc      0x3bc muj.o
 .rodata._ZL20muj_01_init_evt_hook
                0x00005b88       0x10 muj.o
 .rodata._ZL19muj_01_init_evt_evt
                0x00005b98       0x50 muj.o
 .rodata._ZL21borosuifu_b_talk_hook
                0x00005be8       0x10 muj.o
 .rodata._ZL20borosuifu_b_talk_evt
                0x00005bf8       0xf8 muj.o
 .rodata._ZL21borosuifu_a_talk_hook
                0x00005cf0       0x10 muj.o
 .rodata._ZL20borosuifu_a_talk_evt
                0x00005d00       0xf8 muj.o
 .rodata._ZL24suifu_d_talk_muj_01_hook
                0x00005df8       0x10 muj.o
 .rodata._ZL23suifu_d_talk_muj_01_evt
                0x00005e08       0xf8 muj.o
 .rodata._ZL20suifu_bomb_talk_hook
                0x00005f00       0x10 muj.o
 .rodata._ZL19suifu_bomb_talk_evt
                0x00005f10       0xf4 muj.o
 .rodata._ZL20suifu_bomb_init_hook
                0x00006004       0x10 muj.o
 .rodata._ZL19suifu_bomb_init_evt
                0x00006014       0x30 muj.o
 .rodata._ZL24suifu_a_talk_muj_01_hook
                0x00006044       0x10 muj.o
 .rodata._ZL23suifu_a_talk_muj_01_evt
                0x00006054       0xf4 muj.o
 .rodata._ZL24suifu_a_init_muj_01_hook
                0x00006148       0x10 muj.o
 .rodata._ZL23suifu_a_init_muj_01_evt
                0x00006158       0x40 muj.o
 .rodata._ZL23odoodo_init_muj_01_hook
                0x00006198       0x10 muj.o
 .rodata._ZL22odoodo_init_muj_01_evt
                0x000061a8       0x40 muj.o
 .rodata._ZL23megane_init_muj_01_hook
                0x000061e8       0x10 muj.o
 .rodata._ZL22megane_init_muj_01_evt
                0x000061f8       0x40 muj.o
 .rodata._ZL22marco_init_muj_01_hook
                0x00006238       0x10 muj.o
 .rodata._ZL21marco_init_muj_01_evt
                0x00006248       0x9c muj.o
 .rodata._ZL25garawaru_talk_muj_01_hook
                0x000062e4       0x10 muj.o
 .rodata._ZL24garawaru_talk_muj_01_evt
                0x000062f4      0x4b4 muj.o
 .rodata._ZL25garawaru_init_muj_01_hook
                0x000067a8       0x10 muj.o
 .rodata._ZL24garawaru_init_muj_01_evt
                0x000067b8       0xd8 muj.o
 .rodata._ZL20muj_00_init_evt_hook
                0x00006890       0x44 muj.o
 .rodata._ZL21muj_00_init_evt_evt_2
                0x000068d4       0x70 muj.o
 .rodata._ZL19muj_00_init_evt_evt
                0x00006944       0x40 muj.o
 .rodata._ZL22peton_talk_muj_00_hook
                0x00006984       0x10 muj.o
 .rodata._ZL21peton_talk_muj_00_evt
                0x00006994       0x8c muj.o
 .rodata._ZL21mony_talk_muj_00_hook
                0x00006a20       0x10 muj.o
 .rodata._ZL20mony_talk_muj_00_evt
                0x00006a30       0x8c muj.o
 .rodata._ZL17nokorin_talk_hook
                0x00006abc       0x10 nok.o
 .rodata.str1.1
                0x00006acc      0x4b1 nok.o
 *fill*         0x00006f7d        0x3 
 .rodata._ZL16nokorin_talk_evt
                0x00006f80      0x2f4 nok.o
 .rodata._ZL19boss_noko_talk_hook
                0x00007274       0x10 nok.o
 .rodata._ZL18boss_noko_talk_evt
                0x00007284      0x164 nok.o
 .rodata._ZL20nokonoko_K_talk_hook
                0x000073e8       0x10 nok.o
 .rodata._ZL19nokonoko_K_talk_evt
                0x000073f8       0xd4 nok.o
 .rodata._ZL18nokopapa_talk_hook
                0x000074cc       0x10 nok.o
 .rodata._ZL17nokopapa_talk_evt
                0x000074dc      0x128 nok.o
 .rodata._ZL16monban_talk_hook
                0x00007604       0x10 nok.o
 .rodata._ZL15monban_talk_evt
                0x00007614      0x11c nok.o
 .rodata._ZL20nokonoko_I_talk_hook
                0x00007730       0x10 nok.o
 .rodata._ZL19nokonoko_I_talk_evt
                0x00007740       0xd4 nok.o
 .rodata._ZL20nokonoko_H_talk_hook
                0x00007814       0x10 nok.o
 .rodata._ZL19nokonoko_H_talk_evt
                0x00007824       0xfc nok.o
 .rodata._ZL20nokonoko_G_talk_hook
                0x00007920       0x10 nok.o
 .rodata._ZL19nokonoko_G_talk_evt
                0x00007930       0xd4 nok.o
 .rodata._ZL15talk_white_hook
                0x00007a04       0x10 nok.o
 .rodata._ZL14talk_white_evt
                0x00007a14       0xa4 nok.o
 .rodata._ZL15init_white_hook
                0x00007ab8       0x10 nok.o
 .rodata._ZL14init_white_evt
                0x00007ac8       0x44 nok.o
 .rodata._ZL20nokonoko_F_talk_hook
                0x00007b0c       0x10 nok.o
 .rodata._ZL19nokonoko_F_talk_evt
                0x00007b1c       0xd4 nok.o
 .rodata._ZL20nokonoko_D_talk_hook
                0x00007bf0       0x10 nok.o
 .rodata._ZL19nokonoko_D_talk_evt
                0x00007c00       0xfc nok.o
 .rodata._ZL20nokonoko_C_talk_hook
                0x00007cfc       0x10 nok.o
 .rodata._ZL19nokonoko_C_talk_evt
                0x00007d0c       0xd4 nok.o
 .rodata._ZL20nokonoko_B_talk_hook
                0x00007de0       0x10 nok.o
 .rodata._ZL19nokonoko_B_talk_evt
                0x00007df0       0xd4 nok.o
 .rodata._ZL20nokonoko_A_talk_hook
                0x00007ec4       0x10 nok.o
 .rodata._ZL19nokonoko_A_talk_evt
                0x00007ed4      0x10c nok.o
 .rodata._ZL16pik_00_init_hook
                0x00007fe0       0x10 pik.o
 .rodata.str1.1
                0x00007ff0      0x15a pik.o
 *fill*         0x0000814a        0x2 
 .rodata._ZL19pik_00_init_evt_evt
                0x0000814c       0x58 pik.o
 .rodata._ZL32pik_talk_madam_ring_return_hook3
                0x000081a4       0x10 pik.o
 .rodata._ZL20talk_madam_ring_item
                0x000081b4       0x8c pik.o
 .rodata._ZL14evt_daiza_hook
                0x00008240       0x1c pik.o
 .rodata._ZL13evt_daiza_evt
                0x0000825c       0x5c pik.o
 .rodata._ZL18pik_evt_powan_hook
                0x000082b8       0x28 pik.o
 .rodata._ZL17pik_evt_powan_evt
                0x000082e0       0x94 pik.o
 .rodata._ZL16takun6_talk_hook
                0x00008374       0x10 pik.o
 .rodata._ZL15takun6_talk_evt
                0x00008384       0x78 pik.o
 .rodata._ZL16takun5_talk_hook
                0x000083fc       0x10 pik.o
 .rodata._ZL15takun5_talk_evt
                0x0000840c       0x78 pik.o
 .rodata._ZL16takun4_talk_hook
                0x00008484       0x10 pik.o
 .rodata._ZL15takun4_talk_evt
                0x00008494       0xb4 pik.o
 .rodata._ZL18miyageya_talk_hook
                0x00008548       0x28 pik.o
 .rodata._ZL17miyageya_talk_evt
                0x00008570      0x114 pik.o
 .rodata._ZL7madame2
                0x00008684        0x7 pik.o
 *fill*         0x0000868b        0x1 
 .rodata._ZL28talk_madam_ring_return_hook3
                0x0000868c       0x10 rsh.o
 .rodata.str1.1
                0x0000869c      0x1ac rsh.o
 .rodata._ZL20talk_madam_ring_item
                0x00008848       0x8c rsh.o
 .rodata._ZL28talk_madam_ring_return_hook2
                0x000088d4       0x10 rsh.o
 .rodata._ZL28talk_madam_ring_return_hook1
                0x000088e4       0x10 rsh.o
 .rodata._ZL26talk_madam_ring_return_evt
                0x000088f4       0x78 rsh.o
 .rodata._ZL16init_konari_hook
                0x0000896c       0x10 rsh.o
 .rodata._ZL14init_papa_hook
                0x0000897c       0x10 rsh.o
 .rodata._ZL15init_konari_evt
                0x0000898c       0x9c rsh.o
 .rodata._ZL15init_powan_hook
                0x00008a28       0x10 rsh.o
 .rodata._ZL14init_powan_evt
                0x00008a38       0xec rsh.o
 .rodata._ZL19talk_waitless_hook2
                0x00008b24       0x10 rsh.o
 .rodata._ZL19talk_waitless_hook1
                0x00008b34       0x10 rsh.o
 .rodata._ZL17talk_waitless_evt
                0x00008b44       0x78 rsh.o
 .rodata._ZL21rsh_01_init_evt_hook2
                0x00008bbc       0x10 rsh.o
 .rodata._ZL19rsh_01_init_evt_evt
                0x00008bcc       0xd8 rsh.o
 .rodata._ZL20rsh_00_init_evt_hook
                0x00008ca4       0x10 rsh.o
 .rodata._ZL19rsh_00_init_evt_evt
                0x00008cb4       0xb8 rsh.o
 .rodata._ZL20rsh_04_init_evt_hook
                0x00008d6c       0x10 rsh.o
 .rodata._ZL20rsh_03_init_evt_hook
                0x00008d7c       0x10 rsh.o
 .rodata._ZL20rsh_02_init_evt_hook
                0x00008d8c       0x10 rsh.o
 .rodata._ZL21rsh_01_init_evt_hook1
                0x00008d9c       0x10 rsh.o
 .rodata._ZL19rsh_04_init_evt_evt
                0x00008dac       0xc0 rsh.o
 .rodata._ZL26rsh_03_init_evt_music_hook
                0x00008e6c       0x10 rsh.o
 .rodata._ZL21rsh_03_init_evt_music
                0x00008e7c      0x1f8 rsh.o
 .rodata._ZL26rsh_02_init_evt_music_hook
                0x00009074       0x10 rsh.o
 .rodata._ZL21rsh_02_init_evt_music
                0x00009084      0x270 rsh.o
 .rodata._ZL26rsh_01_init_evt_music_hook
                0x000092f4       0x10 rsh.o
 .rodata._ZL21rsh_01_init_evt_music
                0x00009304      0x1f8 rsh.o
 .rodata._ZL26rsh_00_init_evt_music_hook
                0x000094fc       0x10 rsh.o
 .rodata._ZL21rsh_00_init_evt_music
                0x0000950c      0x1f8 rsh.o
 .rodata._ZL26rsh_04_init_evt_music_hook
                0x00009704       0x10 rsh.o
 .rodata._ZL21rsh_04_init_evt_music
                0x00009714      0x1f8 rsh.o
 .rodata._ZL20rsh_06_init_evt_hook
                0x0000990c       0x10 rsh.o
 .rodata._ZL19rsh_06_init_evt_evt
                0x0000991c      0x178 rsh.o
 .rodata._ZL6madame
                0x00009a94        0x7 rsh.o
 .rodata.str1.1
                0x00009a9b      0x20a tik.o
 *fill*         0x00009ca5        0x3 
 .rodata._ZL19tik_evt_majin2_item
                0x00009ca8       0xa8 tik.o
 .rodata._ZL21tik_05_init_evt_hook2
                0x00009d50       0x10 tik.o
 .rodata._ZL20tik_05_init_evt_evt2
                0x00009d60       0xa4 tik.o
 .rodata._ZL20tik_05_init_evt_hook
                0x00009e04       0x10 tik.o
 .rodata._ZL19tik_05_init_evt_evt
                0x00009e14       0x48 tik.o
 .rodata._ZL24tik_kurihakase_init_hook
                0x00009e5c       0x10 tik.o
 .rodata._ZL23tik_kurihakase_init_evt
                0x00009e6c       0x8c tik.o
 .rodata._ZL18master_2_talk_hook
                0x00009ef8       0x10 tik.o
 .rodata._ZL17master_2_talk_evt
                0x00009f08      0x180 tik.o
 .rodata._ZL17borodo4_talk_hook
                0x0000a088       0x10 tik.o
 .rodata._ZL16borodo4_talk_evt
                0x0000a098      0x180 tik.o
 .rodata._ZL17borodo3_talk_hook
                0x0000a218       0x10 tik.o
 .rodata._ZL16borodo3_talk_evt
                0x0000a228      0x180 tik.o
 .rodata._ZL17chusan4_talk_hook
                0x0000a3a8       0x10 tik.o
 .rodata._ZL16chusan4_talk_evt
                0x0000a3b8      0x180 tik.o
 .rodata._ZL17kuribo5_talk_hook
                0x0000a538       0x10 tik.o
 .rodata._ZL16kuribo5_talk_evt
                0x0000a548      0x180 tik.o
 .rodata._ZL16hotdog_item_hook
                0x0000a6c8       0x10 tou.o
 .rodata.str1.1
                0x0000a6d8       0x76 tou.o
 *fill*         0x0000a74e        0x2 
 .rodata._ZL11hotdog_item
                0x0000a750       0xe8 tou.o
 .rodata._ZL18tou_party_evt_hook
                0x0000a838       0x10 tou.o
 .rodata._ZL13tou_party_evt
                0x0000a848       0x5c tou.o
 .rodata._ZL20tou_04_init_evt_hook
                0x0000a8a4       0x10 tou.o
 .rodata._ZL19tou_04_init_evt_evt
                0x0000a8b4       0x78 tou.o
 .rodata._ZL14yoshi_gswf_evt
                0x0000a92c       0x14 tou.o
 .rodata._ZL15jolene_egg_hook
                0x0000a940       0x10 tou.o
 .rodata._ZL14jolene_egg_evt
                0x0000a950      0x220 tou.o
 .rodata._ZL16talk_sakaba_hook
                0x0000ab70       0x10 tou.o
 .rodata._ZL15talk_sakaba_evt
                0x0000ab80       0x84 tou.o
 .rodata._ZL6jolene
                0x0000ac04        0xb tou.o
 .rodata.str1.1
                0x0000ac0f      0x49e usu.o
 *fill*         0x0000b0ad        0x3 
 .rodata._ZL19usu_evt_majin2_item
                0x0000b0b0       0xa8 usu.o
 .rodata._ZL13usu_party_evt
                0x0000b158       0xbc usu.o
 .rodata._ZL23village_chief_init_hook
                0x0000b214       0x10 usu.o
 .rodata._ZL22village_chief_init_evt
                0x0000b224       0x58 usu.o
 .rodata._ZL27village_chief_pig_init_hook
                0x0000b27c       0x10 usu.o
 .rodata._ZL26village_chief_pig_init_evt
                0x0000b28c       0x70 usu.o
 .rodata._ZL23village_chief_talk_hook
                0x0000b2fc       0x10 usu.o
 .rodata._ZL22village_chief_talk_evt
                0x0000b30c      0x1c8 usu.o
 .rodata._ZL20gatekeeper_init_hook
                0x0000b4d4       0x10 usu.o
 .rodata._ZL19gatekeeper_init_evt
                0x0000b4e4       0x8c usu.o
 .rodata._ZL24gatekeeper_pig_init_hook
                0x0000b570       0x10 usu.o
 .rodata._ZL23gatekeeper_pig_init_evt
                0x0000b580       0x78 usu.o
 .rodata._ZL20gatekeeper_talk_hook
                0x0000b5f8       0x10 usu.o
 .rodata._ZL19gatekeeper_talk_evt
                0x0000b608      0x114 usu.o
 .rodata._ZL20usu_00_init_evt_hook
                0x0000b71c       0x14 usu.o
 .rodata._ZL19usu_00_init_evt_evt
                0x0000b730       0x5c usu.o
 .rodata._ZL20shop_woman_talk_hook
                0x0000b78c       0x10 usu.o
 .rodata._ZL19shop_woman_talk_evt
                0x0000b79c       0x78 usu.o
 .rodata._ZL18shop_man_talk_hook
                0x0000b814       0x10 usu.o
 .rodata._ZL17shop_man_talk_evt
                0x0000b824       0x78 usu.o
 .rodata._ZL19villagerJ_talk_hook
                0x0000b89c       0x10 usu.o
 .rodata._ZL18villagerJ_talk_evt
                0x0000b8ac      0x104 usu.o
 .rodata._ZL19villagerI_talk_hook
                0x0000b9b0       0x10 usu.o
 .rodata._ZL18villagerI_talk_evt
                0x0000b9c0      0x104 usu.o
 .rodata._ZL19villagerH_talk_hook
                0x0000bac4       0x10 usu.o
 .rodata._ZL18villagerH_talk_evt
                0x0000bad4       0xd0 usu.o
 .rodata._ZL19villagerG_talk_hook
                0x0000bba4       0x10 usu.o
 .rodata._ZL18villagerG_talk_evt
                0x0000bbb4       0xf0 usu.o
 .rodata._ZL19villagerF_talk_hook
                0x0000bca4       0x10 usu.o
 .rodata._ZL18villagerF_talk_evt
                0x0000bcb4       0xf0 usu.o
 .rodata._ZL19villagerK_talk_hook
                0x0000bda4       0x10 usu.o
 .rodata._ZL18villagerK_talk_evt
                0x0000bdb4      0x130 usu.o
 .rodata._ZL19villagerE_talk_hook
                0x0000bee4       0x10 usu.o
 .rodata._ZL18villagerE_talk_evt
                0x0000bef4      0x130 usu.o
 .rodata._ZL19villagerD_talk_hook
                0x0000c024       0x10 usu.o
 .rodata._ZL18villagerD_talk_evt
                0x0000c034      0x194 usu.o
 .rodata._ZL19villagerC_talk_hook
                0x0000c1c8       0x10 usu.o
 .rodata._ZL18villagerC_talk_evt
                0x0000c1d8       0xfc usu.o
 .rodata._ZL19villagerB_talk_hook
                0x0000c2d4       0x10 usu.o
 .rodata._ZL18villagerB_talk_evt
                0x0000c2e4       0xfc usu.o
 .rodata._ZL19villagerA_talk_hook
                0x0000c3e0       0x10 usu.o
 .rodata._ZL18villagerA_talk_evt
                0x0000c3f0      0x130 usu.o
 .rodata._ZL19villagerA_init_hook
                0x0000c520       0x10 usu.o
 .rodata._ZL18villagerA_init_evt
                0x0000c530       0x6c usu.o
 .rodata._ZL6vivian
                0x0000c59c        0x9 usu.o
 *fill*         0x0000c5a5        0x3 
 .rodata._ZL5mayor
                0x0000c5a8        0x5 usu.o
 *fill*         0x0000c5ad        0x3 
 .rodata._ZL9mayor_pig
                0x0000c5b0        0x9 usu.o
 *fill*         0x0000c5b9        0x3 
 .rodata._ZL8doopliss
                0x0000c5bc        0xb usu.o
 *fill*         0x0000c5c7        0x1 
 .rodata._ZL10gatekeeper
                0x0000c5c8        0x5 usu.o
 *fill*         0x0000c5cd        0x3 
 .rodata._ZL14gatekeeper_pig
                0x0000c5d0        0x9 usu.o
 *fill*         0x0000c5d9        0x3 
 .rodata._ZL12usuVillagerA
                0x0000c5dc        0x7 usu.o
 *fill*         0x0000c5e3        0x1 
 .rodata._ZL14win_party_hook
                0x0000c5e4       0x10 win.o
 .rodata.str1.1
                0x0000c5f4       0x36 win.o
 *fill*         0x0000c62a        0x2 
 .rodata._ZL13win_party_evt
                0x0000c62c       0xe4 win.o
 .rodata._ZL20win_00_init_evt_hook
                0x0000c710       0x10 win.o
 .rodata._ZL19win_00_init_evt_evt
                0x0000c720       0x30 win.o
 .rodata._ZL17majorin_init_hook
                0x0000c750       0x10 win.o
 .rodata._ZL16majorin_init_evt
                0x0000c760       0x30 win.o
 .rodata._ZL17maririn_init_hook
                0x0000c790       0x10 win.o
 .rodata._ZL16maririn_init_evt
                0x0000c7a0       0x30 win.o
 .rodata._ZL20win_vivian_init_hook
                0x0000c7d0       0x10 win.o
 .rodata._ZL19win_vivian_init_evt
                0x0000c7e0       0x98 win.o
 .rodata._ZL7flurrie
                0x0000c878        0x9 win.o
 *(.gnu.linkonce.r.*)

.rodata1
 *(.rodata1)

.sdata2         0x0000c881        0x0
                [!provide]                        PROVIDE (_SDA2_BASE_ = .)
 *(.sdata2)
 *(.sdata2.*)
 *(.gnu.linkonce.s2.*)

.sbss2
 *(.sbss2)
 *(.sbss2.*)
 *(.gnu.linkonce.sb2.*)
                0x0000c884                        . = ALIGN (0x4)
                [!provide]                        PROVIDE (__preinit_array_start = .)

.preinit_array
 *(.preinit_array)
                [!provide]                        PROVIDE (__preinit_array_end = .)
                [!provide]                        PROVIDE (__init_array_start = .)

.init_array
 *(.init_array)
                [!provide]                        PROVIDE (__init_array_end = .)
                [!provide]                        PROVIDE (__fini_array_start = .)

.fini_array
 *(.fini_array)
                [!provide]                        PROVIDE (__fini_array_end = .)

.data           0x0000c884      0x2dc
 *(.data)
 *(.data.*)
 .data._ZN3mod6common12kItemDataArrE
                0x0000c884        0x4 common.o
                0x0000c884                _ZN3mod6common12kItemDataArrE
 .data.errorTextPosY
                0x0000c888        0x4 errorHandling.o
                0x0000c888                errorTextPosY
 .data._ZL16gor_00_init_evt2
                0x0000c88c      0x2bc gor_00.o
 *(.gnu.linkonce.d.*)
                0x0000cb60                        . = ALIGN (0x20)
 *fill*         0x0000cb48       0x18 

.data1
 *(.data1)

.tdata
 *(.tdata .tdata.* .gnu.linkonce.td.*)

.tbss
 *(.tbss .tbss.* .gnu.linkonce.tb.*)
 *(.tcommon)

.eh_frame       0x0000cb60     0x1990
 *(.eh_frame)
 .eh_frame      0x0000cb60      0x2b8 OWR.o
 .eh_frame      0x0000ce18       0x28 StateManager.o
                                 0x3c (size before relaxing)
 .eh_frame      0x0000ce40        0x0 common.o
                                 0xc8 (size before relaxing)
 .eh_frame      0x0000ce40       0x68 con_mario.o
 .eh_frame      0x0000cea8       0x68 con_perf.o
 .eh_frame      0x0000cf10       0xa0 con_seq.o
 .eh_frame      0x0000cfb0      0x2ec console.o
                                0x310 (size before relaxing)
 .eh_frame      0x0000d29c       0x64 cxx.o
                                 0x8c (size before relaxing)
 .eh_frame      0x0000d300      0x26c errorHandling.o
 .eh_frame      0x0000d56c      0x130 gamePatches.o
 .eh_frame      0x0000d69c       0xa4 keyboard.o
                                 0xcc (size before relaxing)
 .eh_frame      0x0000d740       0xfc mod.o
                                0x110 (size before relaxing)
 .eh_frame      0x0000d83c      0x114 patch.o
                                0x18c (size before relaxing)
 .eh_frame      0x0000d950       0x5c printf.o
 .eh_frame      0x0000d9ac       0x7c rel.o
 .eh_frame      0x0000da28       0x98 ug.o
 .eh_frame      0x0000dac0       0xdc util.o
                                0x100 (size before relaxing)
 .eh_frame      0x0000db9c       0x28 aaa.o
 .eh_frame      0x0000dbc4       0x6c aji.o
 .eh_frame      0x0000dc30       0x28 bom.o
 .eh_frame      0x0000dc58       0x3c dou.o
 .eh_frame      0x0000dc94       0x40 eki.o
 .eh_frame      0x0000dcd4       0x28 end.o
 .eh_frame      0x0000dcfc       0x40 gon.o
 .eh_frame      0x0000dd3c       0x74 gor_00.o
 .eh_frame      0x0000ddb0       0x48 gor_01.o
 .eh_frame      0x0000ddf8       0x50 gor_02.o
 .eh_frame      0x0000de48       0x50 gor_03.o
 .eh_frame      0x0000de98       0x38 gor_04.o
 .eh_frame      0x0000ded0       0x54 gor_misc.o
 .eh_frame      0x0000df24       0x40 gra.o
 .eh_frame      0x0000df64       0x4c hei.o
 .eh_frame      0x0000dfb0       0x38 hom.o
 .eh_frame      0x0000dfe8       0x40 jin.o
 .eh_frame      0x0000e028       0x28 kpa.o
 .eh_frame      0x0000e050       0x50 las.o
 .eh_frame      0x0000e0a0       0x68 main.o
 .eh_frame      0x0000e108        0x0 moo.o
                                 0x28 (size before relaxing)
 .eh_frame      0x0000e108       0x6c mri.o
 .eh_frame      0x0000e174       0x6c muj.o
 .eh_frame      0x0000e1e0       0x4c nok.o
 .eh_frame      0x0000e22c       0x50 pik.o
 .eh_frame      0x0000e27c       0x6c rsh.o
 .eh_frame      0x0000e2e8       0xb8 tik.o
 .eh_frame      0x0000e3a0       0x6c tou.o
 .eh_frame      0x0000e40c       0x28 tou2.o
 .eh_frame      0x0000e434       0x68 usu.o
 .eh_frame      0x0000e49c       0x54 win.o

.gcc_except_table
 *(.gcc_except_table)

.fixup
 *(.fixup)

.got1
 *(.got1)

.got2
 *(.got2)

.dynamic
 *(.dynamic)

.ctors          0x0000e4f0       0x30
 *crtbegin.o(.ctors)
 *(EXCLUDE_FILE(*crtend.o) .ctors)
 .ctors         0x0000e4f0        0x4 OWR.o
 .ctors         0x0000e4f4        0x4 con_mario.o
 .ctors         0x0000e4f8        0x4 con_perf.o
 .ctors         0x0000e4fc        0x4 con_seq.o
 .ctors         0x0000e500        0x4 console.o
 .ctors         0x0000e504        0x4 errorHandling.o
 .ctors         0x0000e508        0x4 gor_00.o
 *(SORT_BY_NAME(.ctors.*))
 *(.ctors)
                0x0000e520                        . = ALIGN (0x20)
 *fill*         0x0000e50c       0x14 

.dtors          0x0000e520       0x20
 *crtbegin.o(.dtors)
 *(EXCLUDE_FILE(*crtend.o) .dtors)
 .dtors         0x0000e520        0x4 errorHandling.o
 *(SORT_BY_NAME(.dtors.*))
 *(.dtors)
                0x0000e540                        . = ALIGN (0x20)
 *fill*         0x0000e524       0x1c 

.jcr
 *(.jcr)

.got
 *(.got.plt)
 *(.got)

.sdata          0x0000e540        0x0
                [!provide]                        PROVIDE (_SDA_BASE_ = .)
 *(.sdata)
 *(.sdata.*)
 *(.gnu.linkonce.s.*)
                0x0000e540                        . = ALIGN (0x20)
                0x0000e540                        _edata = .
                [!provide]                        PROVIDE (edata = .)

.sbss           0x0000e540        0x0
                0x0000e540                        __sbss_start = .
                [!provide]                        PROVIDE (__sbss_start = .)
                [!provide]                        PROVIDE (___sbss_start = .)
 *(.dynsbss)
 *(.sbss)
 *(.sbss.*)
 *(.gnu.linkonce.sb.*)
 *(.scommon)
                [!provide]                        PROVIDE (__sbss_end = .)
                [!provide]                        PROVIDE (___sbss_end = .)
                0x0000e540                        . = ALIGN (0x20)
                0x0000e540                        __sbss_end = .

.bss            0x0000e540      0x180
                0x0000e540                        __bss_start = .
                [!provide]                        PROVIDE (__bss_start = .)
 *(.dynbss)
 *(.bss)
 *(.bss.*)
 .bss._ZN3mod3owr22g_msgSearch_trampolineE
                0x0000e540        0x4 OWR.o
                0x0000e540                _ZN3mod3owr22g_msgSearch_trampolineE
 .bss._ZN3mod3owr31g_evt_mario_set_pose_trampolineE
                0x0000e544        0x4 OWR.o
                0x0000e544                _ZN3mod3owr31g_evt_mario_set_pose_trampolineE
 .bss._ZN3mod3owr30g_partySetForceMove_trampolineE
                0x0000e548        0x4 OWR.o
                0x0000e548                _ZN3mod3owr30g_partySetForceMove_trampolineE
 .bss._ZN3mod3owr28g_pouchRemoveItem_trampolineE
                0x0000e54c        0x4 OWR.o
                0x0000e54c                _ZN3mod3owr28g_pouchRemoveItem_trampolineE
 .bss._ZN3mod3owr25g_pouchGetItem_trampolineE
                0x0000e550        0x4 OWR.o
                0x0000e550                _ZN3mod3owr25g_pouchGetItem_trampolineE
 .bss._ZN3mod3owr22g_seqSetSeq_trampolineE
                0x0000e554        0x4 OWR.o
                0x0000e554                _ZN3mod3owr22g_seqSetSeq_trampolineE
 .bss._ZN3mod3owr19g_OSLink_trampolineE
                0x0000e558        0x4 OWR.o
                0x0000e558                _ZN3mod3owr19g_OSLink_trampolineE
 .bss._ZN3mod3owr6gStateE
                0x0000e55c        0x4 OWR.o
                0x0000e55c                _ZN3mod3owr6gStateE
 .bss._ZN3mod3owr5gSelfE
                0x0000e560        0x4 OWR.o
                0x0000e560                _ZN3mod3owr5gSelfE
 .bss._ZN3mod3owr7item_dbE
                0x0000e564        0x4 OWR.o
                0x0000e564                _ZN3mod3owr7item_dbE
 .bss.gState    0x0000e568        0x4 StateManager.o
                0x0000e568                gState
 .bss._ZN3modL12mod_if_obj24E
                0x0000e56c        0x8 con_mario.o
 .bss._ZN3mod14mario_show_posE
                0x0000e574       0x10 con_mario.o
                0x0000e574                _ZN3mod14mario_show_posE
 .bss._ZN3mod13mario_set_posE
                0x0000e584        0xc con_mario.o
                0x0000e584                _ZN3mod13mario_set_posE
 .bss._ZN3modL12mod_if_obj51E
                0x0000e590        0x8 con_perf.o
 .bss._ZN3mod14mem_debug_heapE
                0x0000e598       0x10 con_perf.o
                0x0000e598                _ZN3mod14mem_debug_heapE
 .bss._ZN3mod15perf_fake_spikeE
                0x0000e5a8        0xc con_perf.o
                0x0000e5a8                _ZN3mod15perf_fake_spikeE
 .bss._ZN3mod14seq_change_mapE
                0x0000e5b4        0xc con_seq.o
                0x0000e5b4                _ZN3mod14seq_change_mapE
 .bss._ZN3modL12mod_if_obj16E
                0x0000e5c0        0x8 con_seq.o
 .bss._ZN3mod24gTrampoline_seq_logoMainE
                0x0000e5c8        0x4 con_seq.o
                0x0000e5c8                _ZN3mod24gTrampoline_seq_logoMainE
 .bss._ZN3mod13seq_logo_skipE
                0x0000e5cc       0x10 con_seq.o
                0x0000e5cc                _ZN3mod13seq_logo_skipE
 .bss._ZN3mod4findE
                0x0000e5dc        0xc console.o
                0x0000e5dc                _ZN3mod4findE
 .bss._ZN3mod11con_ug_chanE
                0x0000e5e8       0x10 console.o
                0x0000e5e8                _ZN3mod11con_ug_chanE
 .bss._ZN3mod11con_ug_modeE
                0x0000e5f8       0x10 console.o
                0x0000e5f8                _ZN3mod11con_ug_modeE
 .bss._ZN3mod21con_log_fade_durationE
                0x0000e608       0x10 console.o
                0x0000e608                _ZN3mod21con_log_fade_durationE
 .bss._ZN3mod18con_log_fade_startE
                0x0000e618       0x10 console.o
                0x0000e618                _ZN3mod18con_log_fade_startE
 .bss._ZN3mod12con_log_fadeE
                0x0000e628       0x10 console.o
                0x0000e628                _ZN3mod12con_log_fadeE
 .bss._ZN3mod13con_log_levelE
                0x0000e638       0x10 console.o
                0x0000e638                _ZN3mod13con_log_levelE
 .bss._ZN3mod11con_rainbowE
                0x0000e648       0x10 console.o
                0x0000e648                _ZN3mod11con_rainbowE
 .bss._ZN3mod8con_monoE
                0x0000e658       0x10 console.o
                0x0000e658                _ZN3mod8con_monoE
 .bss._ZN3mod8con_showE
                0x0000e668       0x10 console.o
                0x0000e668                _ZN3mod8con_showE
 .bss._ZN3mod8gConsoleE
                0x0000e678        0x4 console.o
                0x0000e678                _ZN3mod8gConsoleE
 .bss._ZN3mod9ConIntVar6sFirstE
                0x0000e67c        0x4 console.o
                0x0000e67c                _ZN3mod9ConIntVar6sFirstE
 .bss._ZN3mod10ConCommand6sFirstE
                0x0000e680        0x4 console.o
                0x0000e680                _ZN3mod10ConCommand6sFirstE
 .bss.g_animPoseMain_trampoline
                0x0000e684        0x4 errorHandling.o
                0x0000e684                g_animPoseMain_trampoline
 .bss.g_npcNameToPtr_trampoline
                0x0000e688        0x4 errorHandling.o
                0x0000e688                g_npcNameToPtr_trampoline
 .bss.heapCorruptionInfo
                0x0000e68c        0x8 errorHandling.o
                0x0000e68c                heapCorruptionInfo
 .bss.animPoseMainErrorInfo
                0x0000e694        0x4 errorHandling.o
                0x0000e694                animPoseMainErrorInfo
 .bss.npcNameToPtrErrorInfo
                0x0000e698        0x4 errorHandling.o
                0x0000e698                npcNameToPtrErrorInfo
 .bss._ZN3mod4gModE
                0x0000e69c        0x4 mod.o
                0x0000e69c                _ZN3mod4gModE
 .bss._ZN17ModUpdateFunction6sFirstE
                0x0000e6a0        0x4 mod.o
                0x0000e6a0                _ZN17ModUpdateFunction6sFirstE
 .bss._ZN15ModInitFunction6sFirstE
                0x0000e6a4        0x4 mod.o
                0x0000e6a4                _ZN15ModInitFunction6sFirstE
 *(.gnu.linkonce.b.*)
 *(COMMON)
                0x0000e6c0                        . = ALIGN (0x20)
 *fill*         0x0000e6a8       0x18 
                [!provide]                        PROVIDE (__bss_end = .)
                0x0000e6c0                        __bss_end = .
                0x0000e6c0                        _end = .
                [!provide]                        PROVIDE (end = .)

.bss._ZZNK3mod14seq_change_mapMUlPKcE_clES2_E8beroName
                0x00000000       0x20
 .bss._ZZNK3mod14seq_change_mapMUlPKcE_clES2_E8beroName
                0x00000000       0x20 con_seq.o
                0x00000000                _ZZNK3mod14seq_change_mapMUlPKcE_clES1_E8beroName
                0x00000000                _ZZNK3mod14seq_change_mapMUlPKcE_clES2_E8beroName

.bss._ZZNK3mod14seq_change_mapMUlPKcE_clES2_E7mapName
                0x00000000       0x20
 .bss._ZZNK3mod14seq_change_mapMUlPKcE_clES2_E7mapName
                0x00000000       0x20 con_seq.o
                0x00000000                _ZZNK3mod14seq_change_mapMUlPKcE_clES2_E7mapName
                0x00000000                _ZZNK3mod14seq_change_mapMUlPKcE_clES1_E7mapName

.stab
 *(.stab)

.stabstr
 *(.stabstr)

.stab.excl
 *(.stab.excl)

.stab.exclstr
 *(.stab.exclstr)

.stab.index
 *(.stab.index)

.stab.indexstr
 *(.stab.indexstr)

.comment        0x00000000      0x6c0
 *(.comment)
 .comment       0x00000000       0x24 OWR.o
 .comment       0x00000024       0x24 StateManager.o
 .comment       0x00000048       0x24 common.o
 .comment       0x0000006c       0x24 con_mario.o
 .comment       0x00000090       0x24 con_perf.o
 .comment       0x000000b4       0x24 con_seq.o
 .comment       0x000000d8       0x24 console.o
 .comment       0x000000fc       0x24 cxx.o
 .comment       0x00000120       0x24 errorHandling.o
 .comment       0x00000144       0x24 gamePatches.o
 .comment       0x00000168       0x24 keyboard.o
 .comment       0x0000018c       0x24 mod.o
 .comment       0x000001b0       0x24 patch.o
 .comment       0x000001d4       0x24 printf.o
 .comment       0x000001f8       0x24 rel.o
 .comment       0x0000021c       0x24 ug.o
 .comment       0x00000240       0x24 util.o
 .comment       0x00000264       0x24 aaa.o
 .comment       0x00000288       0x24 aji.o
 .comment       0x000002ac       0x24 bom.o
 .comment       0x000002d0       0x24 dou.o
 .comment       0x000002f4       0x24 eki.o
 .comment       0x00000318       0x24 end.o
 .comment       0x0000033c       0x24 gon.o
 .comment       0x00000360       0x24 gor_00.o
 .comment       0x00000384       0x24 gor_01.o
 .comment       0x000003a8       0x24 gor_02.o
 .comment       0x000003cc       0x24 gor_03.o
 .comment       0x000003f0       0x24 gor_04.o
 .comment       0x00000414       0x24 gor_misc.o
 .comment       0x00000438       0x24 gra.o
 .comment       0x0000045c       0x24 hei.o
 .comment       0x00000480       0x24 hom.o
 .comment       0x000004a4       0x24 jin.o
 .comment       0x000004c8       0x24 kpa.o
 .comment       0x000004ec       0x24 las.o
 .comment       0x00000510       0x24 main.o
 .comment       0x00000534       0x24 moo.o
 .comment       0x00000558       0x24 mri.o
 .comment       0x0000057c       0x24 muj.o
 .comment       0x000005a0       0x24 nok.o
 .comment       0x000005c4       0x24 pik.o
 .comment       0x000005e8       0x24 rsh.o
 .comment       0x0000060c       0x24 tik.o
 .comment       0x00000630       0x24 tou.o
 .comment       0x00000654       0x24 tou2.o
 .comment       0x00000678       0x24 usu.o
 .comment       0x0000069c       0x24 win.o

.gnu.attributes
                0x00000000       0x10
 .gnu.attributes
                0x00000000       0x10 OWR.o
 .gnu.attributes
                0x00000010       0x10 common.o
 .gnu.attributes
                0x00000020       0x10 con_mario.o
 .gnu.attributes
                0x00000030       0x10 con_perf.o
 .gnu.attributes
                0x00000040       0x10 console.o
 .gnu.attributes
                0x00000050       0x10 errorHandling.o
 .gnu.attributes
                0x00000060       0x10 mod.o
 .gnu.attributes
                0x00000070       0x10 printf.o
 .gnu.attributes
                0x00000080       0x10 util.o

.group          0x00000000        0xc
 .group         0x00000000        0xc con_mario.o

.group          0x00000000        0xc
 .group         0x00000000        0xc con_perf.o

.group          0x00000000        0xc
 .group         0x00000000        0xc con_seq.o

.group          0x00000000        0x8
 .group         0x00000000        0x8 con_seq.o

.group          0x00000000        0x8
 .group         0x00000000        0x8 con_seq.o

.group          0x00000000        0xc
 .group         0x00000000        0xc console.o

.group          0x00000000        0xc
 .group         0x00000000        0xc errorHandling.o

.debug
 *(.debug)

.line
 *(.line)

.debug_srcinfo
 *(.debug_srcinfo)

.debug_sfnames
 *(.debug_sfnames)

.debug_aranges  0x00000000      0x9a0
 *(.debug_aranges)
 .debug_aranges
                0x00000000       0xa0 OWR.o
 .debug_aranges
                0x000000a0       0x28 StateManager.o
 .debug_aranges
                0x000000c8       0x60 common.o
 .debug_aranges
                0x00000128       0x30 con_mario.o
 .debug_aranges
                0x00000158       0x30 con_perf.o
 .debug_aranges
                0x00000188       0x38 con_seq.o
 .debug_aranges
                0x000001c0       0xa8 console.o
 .debug_aranges
                0x00000268       0x48 cxx.o
 .debug_aranges
                0x000002b0       0x98 errorHandling.o
 .debug_aranges
                0x00000348       0x50 gamePatches.o
 .debug_aranges
                0x00000398       0x40 keyboard.o
 .debug_aranges
                0x000003d8       0x58 mod.o
 .debug_aranges
                0x00000430       0x80 patch.o
 .debug_aranges
                0x000004b0       0x28 printf.o
 .debug_aranges
                0x000004d8       0x30 rel.o
 .debug_aranges
                0x00000508       0x38 ug.o
 .debug_aranges
                0x00000540       0x50 util.o
 .debug_aranges
                0x00000590       0x20 aaa.o
 .debug_aranges
                0x000005b0       0x20 aji.o
 .debug_aranges
                0x000005d0       0x20 bom.o
 .debug_aranges
                0x000005f0       0x20 dou.o
 .debug_aranges
                0x00000610       0x20 eki.o
 .debug_aranges
                0x00000630       0x20 end.o
 .debug_aranges
                0x00000650       0x20 gon.o
 .debug_aranges
                0x00000670       0x28 gor_00.o
 .debug_aranges
                0x00000698       0x20 gor_01.o
 .debug_aranges
                0x000006b8       0x20 gor_02.o
 .debug_aranges
                0x000006d8       0x20 gor_03.o
 .debug_aranges
                0x000006f8       0x20 gor_04.o
 .debug_aranges
                0x00000718       0x28 gor_misc.o
 .debug_aranges
                0x00000740       0x20 gra.o
 .debug_aranges
                0x00000760       0x20 hei.o
 .debug_aranges
                0x00000780       0x20 hom.o
 .debug_aranges
                0x000007a0       0x20 jin.o
 .debug_aranges
                0x000007c0       0x20 kpa.o
 .debug_aranges
                0x000007e0       0x20 las.o
 .debug_aranges
                0x00000800       0x30 main.o
 .debug_aranges
                0x00000830       0x20 moo.o
 .debug_aranges
                0x00000850       0x20 mri.o
 .debug_aranges
                0x00000870       0x20 muj.o
 .debug_aranges
                0x00000890       0x20 nok.o
 .debug_aranges
                0x000008b0       0x20 pik.o
 .debug_aranges
                0x000008d0       0x20 rsh.o
 .debug_aranges
                0x000008f0       0x30 tik.o
 .debug_aranges
                0x00000920       0x20 tou.o
 .debug_aranges
                0x00000940       0x20 tou2.o
 .debug_aranges
                0x00000960       0x20 usu.o
 .debug_aranges
                0x00000980       0x20 win.o

.debug_pubnames
 *(.debug_pubnames)

.debug_info     0x00000000    0x41d2f
 *(.debug_info)
 .debug_info    0x00000000     0x68cc OWR.o
 .debug_info    0x000068cc      0x3bd StateManager.o
 .debug_info    0x00006c89      0xf83 common.o
 .debug_info    0x00007c0c     0x2443 con_mario.o
 .debug_info    0x0000a04f     0x211f con_perf.o
 .debug_info    0x0000c16e     0x20e3 con_seq.o
 .debug_info    0x0000e251     0x3a79 console.o
 .debug_info    0x00011cca      0x407 cxx.o
 .debug_info    0x000120d1     0x3b05 errorHandling.o
 .debug_info    0x00015bd6     0x2c19 gamePatches.o
 .debug_info    0x000187ef      0xe4d keyboard.o
 .debug_info    0x0001963c     0x33aa mod.o
 .debug_info    0x0001c9e6      0xe1b patch.o
 .debug_info    0x0001d801      0x580 printf.o
 .debug_info    0x0001dd81      0x103 rel.o
 .debug_info    0x0001de84      0x77f ug.o
 .debug_info    0x0001e603      0x9c5 util.o
 .debug_info    0x0001efc8      0x2e3 aaa.o
 .debug_info    0x0001f2ab     0x1775 aji.o
 .debug_info    0x00020a20      0x3fb bom.o
 .debug_info    0x00020e1b     0x112e dou.o
 .debug_info    0x00021f49      0xba7 eki.o
 .debug_info    0x00022af0      0x2d9 end.o
 .debug_info    0x00022dc9     0x11a2 gon.o
 .debug_info    0x00023f6b     0x1ebe gor_00.o
 .debug_info    0x00025e29     0x124a gor_01.o
 .debug_info    0x00027073     0x1877 gor_02.o
 .debug_info    0x000288ea      0xc39 gor_03.o
 .debug_info    0x00029523      0x746 gor_04.o
 .debug_info    0x00029c69     0x1122 gor_misc.o
 .debug_info    0x0002ad8b      0x841 gra.o
 .debug_info    0x0002b5cc     0x1396 hei.o
 .debug_info    0x0002c962      0x9d4 hom.o
 .debug_info    0x0002d336      0x4c4 jin.o
 .debug_info    0x0002d7fa      0x31f kpa.o
 .debug_info    0x0002db19      0xd78 las.o
 .debug_info    0x0002e891     0x3134 main.o
 .debug_info    0x000319c5      0x958 moo.o
 .debug_info    0x0003231d     0x1d4c mri.o
 .debug_info    0x00034069     0x1de2 muj.o
 .debug_info    0x00035e4b     0x15ab nok.o
 .debug_info    0x000373f6     0x169f pik.o
 .debug_info    0x00038a95     0x1df3 rsh.o
 .debug_info    0x0003a888     0x2431 tik.o
 .debug_info    0x0003ccb9     0x1b7b tou.o
 .debug_info    0x0003e834      0x3fb tou2.o
 .debug_info    0x0003ec2f     0x1de6 usu.o
 .debug_info    0x00040a15     0x131a win.o

.debug_abbrev   0x00000000     0x851b
 *(.debug_abbrev)
 .debug_abbrev  0x00000000      0x862 OWR.o
 .debug_abbrev  0x00000862      0x17e StateManager.o
 .debug_abbrev  0x000009e0      0x217 common.o
 .debug_abbrev  0x00000bf7      0x60c con_mario.o
 .debug_abbrev  0x00001203      0x64d con_perf.o
 .debug_abbrev  0x00001850      0x67c con_seq.o
 .debug_abbrev  0x00001ecc      0x940 console.o
 .debug_abbrev  0x0000280c      0x1a8 cxx.o
 .debug_abbrev  0x000029b4      0x78c errorHandling.o
 .debug_abbrev  0x00003140      0x4a8 gamePatches.o
 .debug_abbrev  0x000035e8      0x32f keyboard.o
 .debug_abbrev  0x00003917      0x74f mod.o
 .debug_abbrev  0x00004066      0x21e patch.o
 .debug_abbrev  0x00004284      0x1d5 printf.o
 .debug_abbrev  0x00004459       0xf0 rel.o
 .debug_abbrev  0x00004549      0x1bf ug.o
 .debug_abbrev  0x00004708      0x21e util.o
 .debug_abbrev  0x00004926       0xcc aaa.o
 .debug_abbrev  0x000049f2      0x22a aji.o
 .debug_abbrev  0x00004c1c       0xcc bom.o
 .debug_abbrev  0x00004ce8      0x1f2 dou.o
 .debug_abbrev  0x00004eda      0x1d6 eki.o
 .debug_abbrev  0x000050b0       0xcc end.o
 .debug_abbrev  0x0000517c      0x1e3 gon.o
 .debug_abbrev  0x0000535f      0x260 gor_00.o
 .debug_abbrev  0x000055bf      0x21d gor_01.o
 .debug_abbrev  0x000057dc      0x244 gor_02.o
 .debug_abbrev  0x00005a20      0x1e3 gor_03.o
 .debug_abbrev  0x00005c03      0x191 gor_04.o
 .debug_abbrev  0x00005d94      0x2a0 gor_misc.o
 .debug_abbrev  0x00006034      0x1c2 gra.o
 .debug_abbrev  0x000061f6      0x1ee hei.o
 .debug_abbrev  0x000063e4      0x1c1 hom.o
 .debug_abbrev  0x000065a5      0x154 jin.o
 .debug_abbrev  0x000066f9       0xcc kpa.o
 .debug_abbrev  0x000067c5      0x1e3 las.o
 .debug_abbrev  0x000069a8      0x2fc main.o
 .debug_abbrev  0x00006ca4      0x1c5 moo.o
 .debug_abbrev  0x00006e69      0x227 mri.o
 .debug_abbrev  0x00007090      0x220 muj.o
 .debug_abbrev  0x000072b0      0x218 nok.o
 .debug_abbrev  0x000074c8      0x217 pik.o
 .debug_abbrev  0x000076df      0x215 rsh.o
 .debug_abbrev  0x000078f4      0x530 tik.o
 .debug_abbrev  0x00007e24      0x227 tou.o
 .debug_abbrev  0x0000804b       0xcc tou2.o
 .debug_abbrev  0x00008117      0x215 usu.o
 .debug_abbrev  0x0000832c      0x1ef win.o

.debug_line     0x00000000    0x15c68
 *(.debug_line)
 .debug_line    0x00000000     0x1165 OWR.o
 .debug_line    0x00001165      0x1c2 StateManager.o
 .debug_line    0x00001327      0x351 common.o
 .debug_line    0x00001678      0x476 con_mario.o
 .debug_line    0x00001aee      0x563 con_perf.o
 .debug_line    0x00002051      0x50f con_seq.o
 .debug_line    0x00002560     0x131b console.o
 .debug_line    0x0000387b      0x1f6 cxx.o
 .debug_line    0x00003a71      0xcf6 errorHandling.o
 .debug_line    0x00004767      0x68a gamePatches.o
 .debug_line    0x00004df1      0x4ae keyboard.o
 .debug_line    0x0000529f      0x6a5 mod.o
 .debug_line    0x00005944      0x41b patch.o
 .debug_line    0x00005d5f      0x24f printf.o
 .debug_line    0x00005fae      0x13d rel.o
 .debug_line    0x000060eb      0x360 ug.o
 .debug_line    0x0000644b      0x40c util.o
 .debug_line    0x00006857      0x205 aaa.o
 .debug_line    0x00006a5c      0xd67 aji.o
 .debug_line    0x000077c3      0x553 bom.o
 .debug_line    0x00007d16      0x614 dou.o
 .debug_line    0x0000832a      0x507 eki.o
 .debug_line    0x00008831      0x1f5 end.o
 .debug_line    0x00008a26      0x62c gon.o
 .debug_line    0x00009052      0x8af gor_00.o
 .debug_line    0x00009901      0x67b gor_01.o
 .debug_line    0x00009f7c      0x68c gor_02.o
 .debug_line    0x0000a608      0x79d gor_03.o
 .debug_line    0x0000ada5      0x487 gor_04.o
 .debug_line    0x0000b22c      0x415 gor_misc.o
 .debug_line    0x0000b641      0x40e gra.o
 .debug_line    0x0000ba4f      0x554 hei.o
 .debug_line    0x0000bfa3      0x3b4 hom.o
 .debug_line    0x0000c357      0x5c2 jin.o
 .debug_line    0x0000c919      0x28e kpa.o
 .debug_line    0x0000cba7      0x82d las.o
 .debug_line    0x0000d3d4      0xab0 main.o
 .debug_line    0x0000de84      0x2d8 moo.o
 .debug_line    0x0000e15c     0x103c mri.o
 .debug_line    0x0000f198      0xf06 muj.o
 .debug_line    0x0001009e      0x59a nok.o
 .debug_line    0x00010638      0x863 pik.o
 .debug_line    0x00010e9b     0x14c2 rsh.o
 .debug_line    0x0001235d      0xa26 tik.o
 .debug_line    0x00012d83     0x1793 tou.o
 .debug_line    0x00014516      0x583 tou2.o
 .debug_line    0x00014a99      0xc89 usu.o
 .debug_line    0x00015722      0x546 win.o

.debug_frame
 *(.debug_frame)

.debug_str      0x00000000    0x44b07
 *(.debug_str)
 .debug_str     0x00000000     0x54f6 OWR.o
 .debug_str     0x000054f6      0x3ab StateManager.o
 .debug_str     0x000058a1     0x13e4 common.o
 .debug_str     0x00006c85     0x1971 con_mario.o
 .debug_str     0x000085f6     0x1583 con_perf.o
 .debug_str     0x00009b79     0x16b3 con_seq.o
 .debug_str     0x0000b22c     0x19f9 console.o
 .debug_str     0x0000cc25      0x35e cxx.o
 .debug_str     0x0000cf83     0x2087 errorHandling.o
 .debug_str     0x0000f00a     0x23f5 gamePatches.o
 .debug_str     0x000113ff      0x95f keyboard.o
 .debug_str     0x00011d5e     0x2257 mod.o
 .debug_str     0x00013fb5      0x726 patch.o
 .debug_str     0x000146db      0x468 printf.o
 .debug_str     0x00014b43      0x191 rel.o
 .debug_str     0x00014cd4      0x39b ug.o
 .debug_str     0x0001506f      0x654 util.o
 .debug_str     0x000156c3      0x3d4 aaa.o
 .debug_str     0x00015a97     0x2144 aji.o
 .debug_str     0x00017bdb      0x5d1 bom.o
 .debug_str     0x000181ac     0x1c6d dou.o
 .debug_str     0x00019e19      0xed9 eki.o
 .debug_str     0x0001acf2      0x3ce end.o
 .debug_str     0x0001b0c0     0x1cb6 gon.o
 .debug_str     0x0001cd76     0x2965 gor_00.o
 .debug_str     0x0001f6db     0x1a5b gor_01.o
 .debug_str     0x00021136     0x2442 gor_02.o
 .debug_str     0x00023578      0xf59 gor_03.o
 .debug_str     0x000244d1      0x560 gor_04.o
 .debug_str     0x00024a31     0x1b5c gor_misc.o
 .debug_str     0x0002658d      0x96d gra.o
 .debug_str     0x00026efa     0x1fe4 hei.o
 .debug_str     0x00028ede      0xc74 hom.o
 .debug_str     0x00029b52      0x60c jin.o
 .debug_str     0x0002a15e      0x424 kpa.o
 .debug_str     0x0002a582     0x11a4 las.o
 .debug_str     0x0002b726     0x2d72 main.o
 .debug_str     0x0002e498      0xb39 moo.o
 .debug_str     0x0002efd1     0x28c8 mri.o
 .debug_str     0x00031899     0x2a84 muj.o
 .debug_str     0x0003431d     0x1e80 nok.o
 .debug_str     0x0003619d     0x201b pik.o
 .debug_str     0x000381b8     0x2a2f rsh.o
 .debug_str     0x0003abe7     0x2f19 tik.o
 .debug_str     0x0003db00     0x2690 tou.o
 .debug_str     0x00040190      0x5af tou2.o
 .debug_str     0x0004073f     0x273e usu.o
 .debug_str     0x00042e7d     0x1c8a win.o

.debug_loc
 *(.debug_loc)

.debug_macinfo
 *(.debug_macinfo)

.debug_weaknames
 *(.debug_weaknames)

.debug_funcnames
 *(.debug_funcnames)

.debug_typenames
 *(.debug_typenames)

.debug_varnames
 *(.debug_varnames)
                0x00000000                        __isIPL = 0x0
                0x0002e6c0                        __stack_addr = ((((__bss_start + SIZEOF (.bss)) + 0x20000) + 0x7) & 0xfffffffffffffff8)
                0x0000e6c0                        __stack_end = (__bss_start + SIZEOF (.bss))
                0x000326c0                        __intrstack_addr = (__stack_addr + 0x4000)
                0x0002e6c0                        __intrstack_end = __stack_addr
                0x000326c0                        __Arena1Lo = ((__intrstack_addr + 0x1f) & 0xffffffffffffffe0)
                0x817feff0                        __Arena1Hi = 0x817feff0
                0x817ff000                        __gxregs = ((__Arena1Hi + 0x1f) & 0xffffffffffffffe0)
                [!provide]                        PROVIDE (__stack = 0x817feff0)
                [!provide]                        PROVIDE (__isIPL = __isIPL)
                [!provide]                        PROVIDE (__stack_addr = __stack_addr)
                [!provide]                        PROVIDE (__stack_end = __stack_end)
                [!provide]                        PROVIDE (__intrstack_addr = __intrstack_addr)
                [!provide]                        PROVIDE (__intrstack_end = __intrstack_end)
                [!provide]                        PROVIDE (__Arena1Lo = __Arena1Lo)
                [!provide]                        PROVIDE (__Arena1Hi = __Arena1Hi)
                [!provide]                        PROVIDE (__gxregs = __gxregs)
LOAD H:/GhidraProjects/TTYDAP/TTYDAP/rel/source/cxx.ld
                0x0000e4f0                        _ctors_start = ADDR (.ctors)
                0x0000e520                        _ctors_end = (_ctors_start + SIZEOF (.ctors))
                0x0000e520                        _dtors_start = ADDR (.dtors)
                0x0000e540                        _dtors_end = (_dtors_start + SIZEOF (.dtors))
LOAD OWR.o
LOAD StateManager.o
LOAD common.o
LOAD con_mario.o
LOAD con_perf.o
LOAD con_seq.o
LOAD console.o
LOAD cxx.o
LOAD errorHandling.o
LOAD gamePatches.o
LOAD keyboard.o
LOAD mod.o
LOAD patch.o
LOAD printf.o
LOAD rel.o
LOAD ug.o
LOAD util.o
LOAD aaa.o
LOAD aji.o
LOAD bom.o
LOAD dou.o
LOAD eki.o
LOAD end.o
LOAD gon.o
LOAD gor_00.o
LOAD gor_01.o
LOAD gor_02.o
LOAD gor_03.o
LOAD gor_04.o
LOAD gor_misc.o
LOAD gra.o
LOAD hei.o
LOAD hom.o
LOAD jin.o
LOAD kpa.o
LOAD las.o
LOAD main.o
LOAD moo.o
LOAD mri.o
LOAD muj.o
LOAD nok.o
LOAD pik.o
LOAD rsh.o
LOAD tik.o
LOAD tou.o
LOAD tou2.o
LOAD usu.o
LOAD win.o
LOAD CrashScreenDecrementYPos.o
LOAD FixBlooperCrash1.o
LOAD FixBlooperCrash2.o
LOAD PreventDiaryTextboxSelection.o
LOAD asm_main.o
LOAD restfpr_x.o
LOAD restgpr_x.o
LOAD patch_ih.o
OUTPUT(H:/GhidraProjects/TTYDAP/TTYDAP/rel/rel.eu.elf elf32-powerpc)

.debug_loclists
                0x00000000     0x3a1b