
Discarded input sections

 .text          0x00000000        0x0 OWR.o
 .data          0x00000000        0x0 OWR.o
 .bss           0x00000000        0x0 OWR.o
 .text          0x00000000        0x0 StateManager.o
 .data          0x00000000        0x0 StateManager.o
 .bss           0x00000000        0x0 StateManager.o
 .text._ZN3mod3owr12StateManager4InitEv
                0x00000000       0x18 StateManager.o
 .text          0x00000000        0x0 common.o
 .data          0x00000000        0x0 common.o
 .bss           0x00000000        0x0 common.o
 .text._ZN3mod6common14GetCurrentAreaEv
                0x00000000       0x1c common.o
 .text._ZN3mod6common13GetCurrentMapEv
                0x00000000       0x1c common.o
 .text._ZN3mod6common11GetFilenameEv
                0x00000000       0x1c common.o
 .text._ZN3mod6common16GetStorySequenceEv
                0x00000000       0x20 common.o
 .text._ZN3mod6common14GetPitSequenceEv
                0x00000000       0x24 common.o
 .text._ZN3mod6common17GetSavedFlagValueEi
                0x00000000       0x40 common.o
 .text._ZN3mod6common21HasKeyItemInInventoryEs
                0x00000000       0x3c common.o
 .text._ZN3mod6common25GetBattleWindowDataOffsetEv
                0x00000000       0x1c common.o
 .text._ZN3mod6common21GetStatusWindowHeightEv
                0x00000000       0x24 common.o
 .data._ZN3mod6common29kUnknownStatusWindowStructPtrE
                0x00000000        0x4 common.o
 .data._ZN3mod6common10kBattlePtrE
                0x00000000        0x4 common.o
 .data._ZN3mod6common9kPouchPtrE
                0x00000000        0x4 common.o
 .data._ZN3mod6common12kSaveDataPtrE
                0x00000000        0x4 common.o
 .rodata._ZN3mod6common32kUltraHammerChestDespawnIdOffsetE
                0x00000000        0x4 common.o
 .rodata._ZN3mod6common27kObjectCollectionExprOffsetE
                0x00000000        0x4 common.o
 .rodata._ZN3mod6common27kObjectChestScriptPtrOffsetE
                0x00000000        0x4 common.o
 .rodata._ZN3mod6common33kMujModuleFlavioDesiredItemOffsetE
                0x00000000        0x4 common.o
 .rodata._ZN3mod6common36kJinModuleAtomicBooItemGswfSetOffsetE
                0x00000000        0x4 common.o
 .rodata._ZN3mod6common39kJinModuleAtomicBooItemObjectFlagOffsetE
                0x00000000        0x4 common.o
 .rodata._ZN3mod6common32kPitModuleCharlietonChanceOffsetE
                0x00000000        0x4 common.o
 .rodata._ZN3mod6common22kPitModuleNpcArrOffsetE
                0x00000000        0x4 common.o
 .rodata._ZN3mod6common23kSavedWordFlagBaseValueE
                0x00000000        0x4 common.o
 .data._ZN3mod6common20kPiantaParlorItemArrE
                0x00000000        0x4 common.o
 .data._ZN3mod6common21kPitCharlietonItemArrE
                0x00000000        0x4 common.o
 .data._ZN3mod6common12kHowzItemArrE
                0x00000000        0x4 common.o
 .data._ZN3mod6common18kCharlietonItemArrE
                0x00000000        0x4 common.o
 .data._ZN3mod6common14kDazzleItemArrE
                0x00000000        0x4 common.o
 .data._ZN3mod6common20kSuperguardFramesArrE
                0x00000000        0x4 common.o
 .data._ZN3mod6common15kGuardFramesArrE
                0x00000000        0x4 common.o
 .data._ZN3mod6common25kSuperChargePartnerParamsE
                0x00000000        0x4 common.o
 .data._ZN3mod6common18kSuperChargeParamsE
                0x00000000        0x4 common.o
 .data._ZN3mod6common19kPiercingBlowParamsE
                0x00000000        0x4 common.o
 .data._ZN3mod6common18kHammerThrowParamsE
                0x00000000        0x4 common.o
 .data._ZN3mod6common17kKoopaCurseParamsE
                0x00000000        0x4 common.o
 .data._ZN3mod6common15kTradeOffParamsE
                0x00000000        0x4 common.o
 .data._ZN3mod6common17kGulpRecoilParamsE
                0x00000000        0x4 common.o
 .data._ZN3mod6common24kUltraHammerRecoilParamsE
                0x00000000        0x4 common.o
 .data._ZN3mod6common24kSuperHammerRecoilParamsE
                0x00000000        0x4 common.o
 .data._ZN3mod6common8kNextMapE
                0x00000000        0x4 common.o
 .rodata.cst4   0x00000000        0x4 common.o
 .text          0x00000000        0x0 con_mario.o
 .data          0x00000000        0x0 con_mario.o
 .bss           0x00000000        0x0 con_mario.o
 .text          0x00000000        0x0 con_perf.o
 .data          0x00000000        0x0 con_perf.o
 .bss           0x00000000        0x0 con_perf.o
 .text          0x00000000        0x0 con_seq.o
 .data          0x00000000        0x0 con_seq.o
 .bss           0x00000000        0x0 con_seq.o
 .text          0x00000000        0x0 console.o
 .data          0x00000000        0x0 console.o
 .bss           0x00000000        0x0 console.o
 .text._ZN3mod13ConsoleSystem8logDebugEPKcz
                0x00000000       0xb0 console.o
 .text          0x00000000        0x0 cxx.o
 .data          0x00000000        0x0 cxx.o
[...]
Memory Configuration

Name             Origin             Length             Attributes
*default*        0x00000000         0xffffffff

Linker script and memory map

                0x80003100                        . = 0x80003100

.init
 *crt0.o(*.init)
 *(.init)

.plt
 *(.plt)

.interp
 *(.interp)

.hash
 *(.hash)

.dynsym
 *(.dynsym)

.dynstr
 *(.dynstr)

.gnu.version
 *(.gnu.version)

.gnu.version_d
 *(.gnu.version_d)

.gnu.version_r
 *(.gnu.version_r)

.rel.init
 *(.rel.init)

.rela.init
 *(.rela.init)

.rel.text
 *(.rel.text .rel.text.* .rel.gnu.linkonce.t.*)

.rela.text
 *(.rela.text .rela.text.* .rela.gnu.linkonce.t.*)

.rel.fini
 *(.rel.fini)

.rela.fini
 *(.rela.fini)

.rel.rodata
 *(.rel.rodata .rel.rodata.* .rel.gnu.linkonce.r.*)

.rela.rodata
 *(.rela.rodata .rela.rodata.* .rela.gnu.linkonce.r.*)

.rel.data
 *(.rel.data .rel.data.* .rel.gnu.linkonce.d.*)

.rela.data
 *(.rela.data .rela.data.* .rela.gnu.linkonce.d.*)

.rel.tdata
 *(.rel.tdata .rel.tdata.* .rel.gnu.linkonce.td.*)

.rela.tdata
 *(.rela.tdata .rela.tdata.* .rela.gnu.linkonce.td.*)

.rel.tbss
 *(.rel.tbss .rel.tbss.* .rel.gnu.linkonce.tb.*)

.rela.tbss
 *(.rela.tbss .rela.tbss.* .rela.gnu.linkonce.tb.*)

.rel.ctors
 *(.rel.ctors)

.rela.ctors
 *(.rela.ctors)

.rel.dtors
 *(.rel.dtors)

.rela.dtors
 *(.rela.dtors)

.rel.got
 *(.rel.got)

.rela.got
 *(.rela.got)

.rela.got1
 *(.rela.got1)

.rela.got2
 *(.rela.got2)

.rel.sdata
 *(.rel.sdata .rel.sdata.* .rel.gnu.linkonce.s.*)

.rela.sdata
 *(.rela.sdata .rela.sdata.* .rela.gnu.linkonce.s.*)

.rel.sbss
 *(.rel.sbss .rel.sbss.* .rel.gnu.linkonce.sb.*)

.rela.sbss
 *(.rela.sbss .rela.sbss.* .rel.gnu.linkonce.sb.*)

.rel.sdata2
 *(.rel.sdata2 .rel.sdata2.* .rel.gnu.linkonce.s2.*)

.rela.sdata2
 *(.rela.sdata2 .rela.sdata2.* .rela.gnu.linkonce.s2.*)

.rel.sbss2
 *(.rel.sbss2 .rel.sbss2.* .rel.gnu.linkonce.sb2.*)

.rela.sbss2
 *(.rela.sbss2 .rela.sbss2.* .rela.gnu.linkonce.sb2.*)

.rel.bss
 *(.rel.bss .rel.bss.* .rel.gnu.linkonce.b.*)

.rela.bss
 *(.rela.bss .rela.bss.* .rela.gnu.linkonce.b.*)

.rel.plt
 *(.rel.plt)

.rela.plt
 *(.rela.plt)

.text           0x80003100     0xdd00
 *(.text)
 .text          0x80003100        0x8 FixBlooperCrash1.o
                0x80003100                asmFixBlooperCrash1
 .text          0x80003108       0x14 FixBlooperCrash2.o
                0x80003108                asmFixBlooperCrash2
 .text          0x8000311c       0x10 PreventDiaryTextboxSelection.o
                0x8000311c                asmPreventDiaryTextboxSelection
 .text          0x8000312c      0x2d0 asm_main.o
                0x8000312c                bMapGXArrInject
                0x80003138                bMapGXArrInjectReturn
                0x8000313c                bMapGXArrIncrement
                0x80003144                bMapGXArrIncrementReturn
                0x80003148                bMapGXChSplit
                0x80003154                bMapGXChSplitReturn
                0x80003158                bWinLogArrInject
                0x80003164                bWinLogArrInjectReturn
                0x80003168                bWinLogArrIncrement
                0x80003170                bWinLogArrIncrementReturn
                0x80003174                bChapterClearCheck
                0x800031bc                bJohoyaSeqAddition
                0x800031f4                bPrintPartyAddErrorFix
                0x80003230                bPrintPartyAddErrorFixReturn
                0x80003234                bPrintPartyErrorFix
                0x80003270                bPrintPartyErrorFixReturn
                0x80003274                bKururingFloorCapture
                0x8000327c                bKururingFloorCaptureReturn
                0x80003280                bKururingFloorRelease
                0x80003288                bKururingFloorReleaseReturn
                0x8000328c                bPowerupblkCapture
                0x800032a4                bPowerupblkCaptureReturn
                0x800032a8                bPowerupblkRelease
                0x800032b0                bPowerupblkReleaseReturn
                0x800032b4                bPeachPointer
                0x8000330c                breakfastValueRestore
                0x8000332c                bPeachReturn
                0x80003330                bShopFlagCheck
                0x8000333c                bShopFlagCheckReturn
                0x80003340                win_log_mapGX_arr
 .text          0x800033fc       0x58 restfpr_x.o
                0x800033fc                _restfpr_14_x
                0x80003400                _restfpr_15_x
                0x80003404                _restfpr_16_x
                0x80003408                _restfpr_17_x
                0x8000340c                _restfpr_18_x
                0x80003410                _restfpr_19_x
                0x80003414                _restfpr_20_x
                0x80003418                _restfpr_21_x
                0x8000341c                _restfpr_22_x
                0x80003420                _restfpr_23_x
                0x80003424                _restfpr_24_x
                0x80003428                _restfpr_25_x
                0x8000342c                _restfpr_26_x
                0x80003430                _restfpr_27_x
                0x80003434                _restfpr_28_x
                0x80003438                _restfpr_29_x
                0x8000343c                _restfpr_30_x
                0x80003440                _restfpr_31_x
 .text          0x80003454       0x58 restgpr_x.o
                0x80003454                _restgpr_14_x
                0x80003458                _restgpr_15_x
                0x8000345c                _restgpr_16_x
                0x80003460                _restgpr_17_x
                0x80003464                _restgpr_18_x
                0x80003468                _restgpr_19_x
                0x8000346c                _restgpr_20_x
                0x80003470                _restgpr_21_x
                0x80003474                _restgpr_22_x
                0x80003478                _restgpr_23_x
                0x8000347c                _restgpr_24_x
                0x80003480                _restgpr_25_x
                0x80003484                _restgpr_26_x
                0x80003488                _restgpr_27_x
                0x8000348c                _restgpr_28_x
                0x80003490                _restgpr_29_x
                0x80003494                _restgpr_30_x
                0x80003498                _restgpr_31_x
 *(.text.*)
 *fill*         0x800034ac        0x0 00000000
 .text._ZN3mod3owr21partySetForceMoveHookEPN4ttyd5party10PartyEntryEfff
                0x800034ac       0x8c OWR.o
                0x800034ac                _ZN3mod3owr21partySetForceMoveHookEPN4ttyd5party10PartyEntryEfff
 .text._ZN3mod3owr19evtMarioSetPoseHookEPN4ttyd6evtmgr8EvtEntryEb
                0x80003538       0x6c OWR.o
                0x80003538                _ZN3mod3owr19evtMarioSetPoseHookEPN4ttyd6evtmgr8EvtEntryEb
 .text._ZN3mod3owr13seqSetSeqHookEN4ttyd6seqdrv8SeqIndexEPKcS5_
                0x800035a4      0x20c OWR.o
                0x800035a4                _ZN3mod3owr13seqSetSeqHookEN4ttyd6seqdrv8SeqIndexEPKcS5_
 .text._ZN3mod3owr16pouchGetItemHookEi
                0x800037b0      0x1ec OWR.o
                0x800037b0                _ZN3mod3owr16pouchGetItemHookEi
 .text._ZN3mod3owr13msgSearchHookEPKc
                0x8000399c      0x5f8 OWR.o
                0x8000399c                _ZN3mod3owr13msgSearchHookEPKc
 .text._ZN3mod3owr3OWRC2Ev
                0x80003f94        0x4 OWR.o
                0x80003f94                _ZN3mod3owr3OWRC1Ev
                0x80003f94                _ZN3mod3owr3OWRC2Ev
 .text._ZN3mod3owr3OWR12SequenceInitEv
                0x80003f98      0x118 OWR.o
                0x80003f98                _ZN3mod3owr3OWR12SequenceInitEv
 .text._ZN3mod3owr13checkIfInGameEv
                0x800040b0       0x64 OWR.o
                0x800040b0                _ZN3mod3owr13checkIfInGameEv
 .text._ZN3mod3owr3OWR12HomewardWarpEv
                0x80004114       0x88 OWR.o
                0x80004114                _ZN3mod3owr3OWR12HomewardWarpEv
 .text._ZN3mod3owr3OWR12RecieveItemsEv
                0x8000419c       0x5c OWR.o
                0x8000419c                _ZN3mod3owr3OWR12RecieveItemsEv
 .text._ZN3mod3owr3OWR4InitEv
                0x800041f8      0x1e4 OWR.o
                0x800041f8                _ZN3mod3owr3OWR4InitEv
 .text._ZN3mod3owr3OWR6UpdateEv
                0x800043dc       0x38 OWR.o
                0x800043dc                _ZN3mod3owr3OWR6UpdateEv
 .text._ZN3mod3owr3OWR14OnModuleLoadedEP12OSModuleInfo
                0x80004414       0x98 OWR.o
                0x80004414                _ZN3mod3owr3OWR14OnModuleLoadedEP12OSModuleInfo
 .text._ZN3mod3owr10OSLinkHookEP12OSModuleInfoPv
                0x800044ac       0x54 OWR.o
                0x800044ac                _ZN3mod3owr10OSLinkHookEP12OSModuleInfoPv
 .text._ZN3mod3owr3OWR10DrawStringEPKcffjf
                0x80004500       0xc8 OWR.o
                0x80004500                _ZN3mod3owr3OWR10DrawStringEPKcffjf
 .text.startup._GLOBAL__sub_I__ZN3mod3owr7item_dbE
                0x800045c8       0x14 OWR.o
 .text._ZN3mod3owr12StateManagerC2Ev
                0x800045dc       0x18 StateManager.o
                0x800045dc                _ZN3mod3owr12StateManagerC2Ev
                0x800045dc                _ZN3mod3owr12StateManagerC1Ev
 .text._ZN3modL13mod_if_func24Ev
                0x800045f4       0x54 con_mario.o
 .text.startup._GLOBAL__sub_I__ZN3mod13mario_set_posE
                0x80004648       0x88 con_mario.o
 .text._ZN3modL13mod_if_func51Ev
                0x800046d0      0x158 con_perf.o
 .text.startup._GLOBAL__sub_I__ZN3mod15perf_fake_spikeE
                0x80004828       0x8c con_perf.o
 .text._ZN3modL13mod_if_func16Ev
                0x800048b4       0x60 con_seq.o
 .text._ZZN3modL13mod_if_func16EvENUlPN4ttyd6seqdrv7SeqInfoEE_4_FUNES3_
                0x80004914       0x34 con_seq.o
 .text.startup._GLOBAL__sub_I__ZN3mod13seq_logo_skipE
                0x80004948       0x8c con_seq.o
 .text._ZN3mod13ConsoleSystem8logColorEPKcN2gc6color4E
                0x800049d4      0x1e4 console.o
                0x800049d4                _ZN3mod13ConsoleSystem8logColorEPKcN2gc6color4E
 .text._ZN3mod13ConsoleSystem7logInfoEPKcz
                0x80004bb8       0xac console.o
                0x80004bb8                _ZN3mod13ConsoleSystem7logInfoEPKcz
 .text._ZN3mod7CC_findEPKc
                0x80004c64       0xe8 console.o
                0x80004c64                _ZN3mod7CC_findEPKc
 .text._ZN3mod13ConsoleSystem10logWarningEPKcz
                0x80004d4c       0xb0 console.o
                0x80004d4c                _ZN3mod13ConsoleSystem10logWarningEPKcz
 .text._ZN3mod13ConsoleSystem8logErrorEPKcz
                0x80004dfc       0xb0 console.o
                0x80004dfc                _ZN3mod13ConsoleSystem8logErrorEPKcz
 .text._ZN3mod13ConsoleSystem7overlayEPKcz
                0x80004eac       0xbc console.o
                0x80004eac                _ZN3mod13ConsoleSystem7overlayEPKcz
 .text._ZN3mod13ConsoleSystem12setMonospaceEb
                0x80004f68       0x24 console.o
                0x80004f68                _ZN3mod13ConsoleSystem12setMonospaceEb
 .text._ZN3mod13ConsoleSystem4initEv
                0x80004f8c       0x14 console.o
                0x80004f8c                _ZN3mod13ConsoleSystem4initEv
 .text._ZN3mod13ConsoleSystem8drawLineEiPKcN2gc6color4E
                0x80004fa0       0xa8 console.o
                0x80004fa0                _ZN3mod13ConsoleSystem8drawLineEiPKcN2gc6color4E
 .text._ZN3mod13ConsoleSystem14processCommandEPKc
                0x80005048      0x1e4 console.o
                0x80005048                _ZN3mod13ConsoleSystem14processCommandEPKc
 .text._ZN3mod13ConsoleSystem12updatePromptEv
                0x8000522c      0x2f0 console.o
                0x8000522c                _ZN3mod13ConsoleSystem12updatePromptEv
 .text._ZN3mod13ConsoleSystem14updateUsbGeckoEv
                0x8000551c      0x128 console.o
                0x8000551c                _ZN3mod13ConsoleSystem14updateUsbGeckoEv
 .text._ZN3mod13ConsoleSystem6updateEv
                0x80005644       0x68 console.o
                0x80005644                _ZN3mod13ConsoleSystem6updateEv
 .text._ZN3mod13ConsoleSystem4dispEv
                0x800056ac      0x368 console.o
                0x800056ac                _ZN3mod13ConsoleSystem4dispEv
 .text._ZZN3mod13ConsoleSystem6updateEvENUlN4ttyd7dispdrv8CameraIdEPvE_4_FUNES3_S4_
                0x80005a14        0x8 console.o
 .text.startup._GLOBAL__sub_I__ZN3mod10ConCommand6sFirstE
                0x80005a1c      0x17c console.o
 .text._Znwj    0x80005b98        0xc cxx.o
                0x80005b98                _Znwj
 .text._Znaj    0x80005ba4        0x4 cxx.o
                0x80005ba4                _Znaj
 .text._ZdlPv   0x80005ba8        0xc cxx.o
                0x80005ba8                _ZdlPv
 .text._ZdaPv   0x80005bb4        0x4 cxx.o
                0x80005bb4                _ZdaPv
 .text._ZL27checkIndividualStandardHeapPKN2gc2os9ChunkInfoE
                0x80005bb8       0x64 errorHandling.o
 .text._ZL24checkIndividualSmartHeapPKN4ttyd6memory19SmartAllocationDataE
                0x80005c1c       0x64 errorHandling.o
 .text._ZL22checkIndividualMapHeapPKN4ttyd6memory13MapAllocEntryE
                0x80005c80       0x50 errorHandling.o
 .text._ZL21initStandardHeapErrorPKvib
                0x80005cd0       0x94 errorHandling.o
 .text._ZL18initSmartHeapErrorPKvb
                0x80005d64       0x8c errorHandling.o
 .text._ZL16initMapHeapErrorPKvtb
                0x80005df0       0xa4 errorHandling.o
 .text._ZN18HeapCorruptionInfo10drawBufferEv
                0x80005e94       0x98 errorHandling.o
                0x80005e94                _ZN18HeapCorruptionInfo10drawBufferEv
 .text._ZN21NpcNameToPtrErrorInfo16drawErrorMessageEv
                0x80005f2c       0x9c errorHandling.o
                0x80005f2c                _ZN21NpcNameToPtrErrorInfo16drawErrorMessageEv
 .text._ZN21AnimPoseMainErrorInfo16drawErrorMessageEv
                0x80005fc8       0x9c errorHandling.o
                0x80005fc8                _ZN21AnimPoseMainErrorInfo16drawErrorMessageEv
 .text._Z10checkHeapsv
                0x80006064      0x110 errorHandling.o
                0x80006064                _Z10checkHeapsv
 .text._Z17drawErrorMessagesv
                0x80006174       0x74 errorHandling.o
                0x80006174                _Z17drawErrorMessagesv
 .text._Z25checkForNpcNameToPtrErrorPKc
                0x800061e8       0x6c errorHandling.o
                0x800061e8                _Z25checkForNpcNameToPtrErrorPKc
 .text._Z24preventAnimPoseMainCrashi
                0x80006254       0x54 errorHandling.o
                0x80006254                _Z24preventAnimPoseMainCrashi
 .text.startup._GLOBAL__sub_I_npcNameToPtrErrorInfo
                0x800062a8       0x1c errorHandling.o
 .text.exit._GLOBAL__sub_D_npcNameToPtrErrorInfo
                0x800062c4       0x14 errorHandling.o
 .text._ZL22fixPouchInitMemoryLeakij
                0x800062d8       0x4c gamePatches.o
 .text._ZL12autoMashTextN2gc3pad5PadIdE
                0x80006324       0x48 gamePatches.o
 .text._ZL14fixMapProblemsv
                0x8000636c       0xe8 gamePatches.o
 .text.cFixBlooperCrash1
                0x80006454       0x38 gamePatches.o
                0x80006454                cFixBlooperCrash1
 .text.cPreventDiaryTextboxOptionSelection
                0x8000648c       0x58 gamePatches.o
                0x8000648c                cPreventDiaryTextboxOptionSelection
 .text._Z14applyGameFixesv
                0x800064e4       0x68 gamePatches.o
                0x800064e4                _Z14applyGameFixesv
 .text._Z23applyVariousGamePatchesv
                0x8000654c       0xf0 gamePatches.o
                0x8000654c                _Z23applyVariousGamePatchesv
 .text._ZN3mod8Keyboard7connectEv
                0x8000663c       0x58 keyboard.o
                0x8000663c                _ZN3mod8Keyboard7connectEv
 .text._ZN3mod8KeyboardC2Ei
                0x80006694       0x20 keyboard.o
                0x80006694                _ZN3mod8KeyboardC2Ei
                0x80006694                _ZN3mod8KeyboardC1Ei
 .text._ZN3mod8Keyboard10disconnectEv
                0x800066b4       0x40 keyboard.o
                0x800066b4                _ZN3mod8Keyboard10disconnectEv
 .text._ZN3mod8Keyboard6updateEv
                0x800066f4      0x1d4 keyboard.o
                0x800066f4                _ZN3mod8Keyboard6updateEv
 .text._ZZN3mod3Mod4initEvENUlvE0_4_FUNEv
                0x800068c8        0x4 mod.o
 .text._ZZN3mod3Mod11updateEarlyEvENUlN4ttyd7dispdrv8CameraIdEPvE_4_FUNES3_S4_
                0x800068cc        0x4 mod.o
 .text._ZN3mod3ModC2Ev
                0x800068d0       0x90 mod.o
                0x800068d0                _ZN3mod3ModC2Ev
                0x800068d0                _ZN3mod3ModC1Ev
 .text._ZN3mod3Mod4initEv
                0x80006960      0x188 mod.o
                0x80006960                _ZN3mod3Mod4initEv
 .text.startup._ZN3mod4mainEv
                0x80006ae8       0x38 mod.o
                0x80006ae8                _ZN3mod4mainEv
 .text._ZN3mod3Mod11updateEarlyEv
                0x80006b20       0x8c mod.o
                0x80006b20                _ZN3mod3Mod11updateEarlyEv
 .text._ZZN3mod3Mod4initEvENUlvE_4_FUNEv
                0x80006bac        0xc mod.o
 .text._ZN3mod5patch17clear_DC_IC_CacheEPvj
                0x80006bb8       0x3c patch.o
                0x80006bb8                _ZN3mod5patch17clear_DC_IC_CacheEPvj
 .text._ZN3mod5patch14writeEvtBranchEPiPKib
                0x80006bf4       0x1c patch.o
                0x80006bf4                _ZN3mod5patch14writeEvtBranchEPiPKib
 .text._ZN3mod5patch15writeBranchMainEPvS1_j
                0x80006c10       0x18 patch.o
                0x80006c10                _ZN3mod5patch15writeBranchMainEPvS1_j
 .text._ZN3mod5patch11writeBranchEPvS1_
                0x80006c28        0x8 patch.o
                0x80006c28                _ZN3mod5patch11writeBranchEPvS1_
 .text._ZN3mod5patch13writeBranchBLEPvS1_
                0x80006c30        0xc patch.o
                0x80006c30                _ZN3mod5patch13writeBranchBLEPvS1_
 .text._ZN3mod5patch10writePatchEPvPKvj
                0x80006c3c       0x5c patch.o
                0x80006c3c                _ZN3mod5patch10writePatchEPvPKvj
 .text._ZN3mod5patch10writePatchEPvj
                0x80006c98       0x2c patch.o
                0x80006c98                _ZN3mod5patch10writePatchEPvj
 .text._ZN3mod5patch15writeBranchPairEPvS1_S1_
                0x80006cc4       0x3c patch.o
                0x80006cc4                _ZN3mod5patch15writeBranchPairEPvS1_S1_
 .text._ZN3mod5patch17writeIntWithCacheEPvj
                0x80006d00        0xc patch.o
                0x80006d00                _ZN3mod5patch17writeIntWithCacheEPvj
 .text.vsnprintf
                0x80006d0c       0x70 printf.o
                0x80006d0c                vsnprintf
 .text.snprintf
                0x80006d7c       0x7c printf.o
                0x80006d7c                snprintf
 .text._prolog  0x80006df8       0x5c rel.o
                0x80006df8                _prolog
 .text._epilog  0x80006e54       0x4c rel.o
                0x80006e54                _epilog
 .text._unresolved
                0x80006ea0        0x4 rel.o
                0x80006ea0                _unresolved
 .text._ZN3modL10ugTransferEiPvib
                0x80006ea4      0x124 ug.o
 .text._ZN3mod7ugProbeEi
                0x80006fc8       0xf8 ug.o
                0x80006fc8                _ZN3mod7ugProbeEi
 .text._ZN3mod6ugSendEiPKvi
                0x800070c0        0x8 ug.o
                0x800070c0                _ZN3mod6ugSendEiPKvi
 .text._ZN3mod6ugRecvEiPvi
                0x800070c8        0x8 ug.o
                0x800070c8                _ZN3mod6ugRecvEiPvi
 .text.strstr   0x800070d0       0x90 util.o
                0x800070d0                strstr
 .text._ZN3mod4util16checkButtonComboEj
                0x80007160       0x4c util.o
                0x80007160                _ZN3mod4util16checkButtonComboEj
 .text._ZN3mod4util26checkButtonComboEveryFrameEj
                0x800071ac       0x34 util.o
                0x800071ac                _ZN3mod4util26checkButtonComboEveryFrameEj
 .text._ZN3mod4util10ptrIsValidEPv
                0x800071e0       0x30 util.o
                0x800071e0                _ZN3mod4util10ptrIsValidEPv
 .text._ZN3mod4util10intToFloatEi
                0x80007210       0x30 util.o
                0x80007210                _ZN3mod4util10intToFloatEi
 .text._ZN3mod4util25getTextMultilineIncrementEPKcfj
                0x80007240       0x4c util.o
                0x80007240                _ZN3mod4util25getTextMultilineIncrementEPKcfj
 .text._Z15ApplyAaaPatchesv
                0x8000728c       0x50 aaa.o
                0x8000728c                _Z15ApplyAaaPatchesv
 .text._Z17checkIntermissionPN4ttyd6evtmgr8EvtEntryEb
                0x800072dc       0xd4 aji.o
                0x800072dc                _Z17checkIntermissionPN4ttyd6evtmgr8EvtEntryEb
 .text._Z15ApplyAjiPatchesv
                0x800073b0      0x874 aji.o
                0x800073b0                _Z15ApplyAjiPatchesv
 .text._Z15ApplyBomPatchesv
                0x80007c24      0x300 bom.o
                0x80007c24                _Z15ApplyBomPatchesv
 .text._Z15ApplyDouPatchesv
                0x80007f24      0x2f8 dou.o
                0x80007f24                _Z15ApplyDouPatchesv
 .text._Z15ApplyEkiPatchesv
                0x8000821c      0x254 eki.o
                0x8000821c                _Z15ApplyEkiPatchesv
 .text._Z15ApplyEndPatchesv
                0x80008470       0x30 end.o
                0x80008470                _Z15ApplyEndPatchesv
 .text._Z15ApplyGonPatchesv
                0x800084a0      0x388 gon.o
                0x800084a0                _Z15ApplyGonPatchesv
 .text._Z17ApplyGor00Patchesv
                0x80008828      0x5cc gor_00.o
                0x80008828                _Z17ApplyGor00Patchesv
 .text.startup._GLOBAL__sub_I__Z17ApplyGor00Patchesv
                0x80008df4       0x14 gor_00.o
 .text._Z17ApplyGor01Patchesv
                0x80008e08      0x410 gor_01.o
                0x80008e08                _Z17ApplyGor01Patchesv
 .text._Z17ApplyGor02Patchesv
                0x80009218      0x3fc gor_02.o
                0x80009218                _Z17ApplyGor02Patchesv
 .text._Z17ApplyGor03Patchesv
                0x80009614      0x478 gor_03.o
                0x80009614                _Z17ApplyGor03Patchesv
 .text._Z17ApplyGor04Patchesv
                0x80009a8c      0x170 gor_04.o
                0x80009a8c                _Z17ApplyGor04Patchesv
 .text._Z19ApplyGorMiscPatchesv
                0x80009bfc      0x14c gor_misc.o
                0x80009bfc                _Z19ApplyGorMiscPatchesv
 .text._Z15ApplyGorPatchesv
                0x80009d48       0x30 gor_misc.o
                0x80009d48                _Z15ApplyGorPatchesv
 .text._Z15ApplyGraPatchesv
                0x80009d78      0x218 gra.o
                0x80009d78                _Z15ApplyGraPatchesv
 .text._Z15ApplyHeiPatchesv
                0x80009f90      0x294 hei.o
                0x80009f90                _Z15ApplyHeiPatchesv
 .text._Z15ApplyHomPatchesv
                0x8000a224      0x140 hom.o
                0x8000a224                _Z15ApplyHomPatchesv
 .text._Z15ApplyJinPatchesv
                0x8000a364      0x348 jin.o
                0x8000a364                _Z15ApplyJinPatchesv
 .text._Z15ApplyKpaPatchesv
                0x8000a6ac       0xd0 kpa.o
                0x8000a6ac                _Z15ApplyKpaPatchesv
 .text._Z15ApplyLasPatchesv
                0x8000a77c      0x510 las.o
                0x8000a77c                _Z15ApplyLasPatchesv
 .text._Z12setShopFlagsPN4ttyd6evtmgr8EvtEntryEb
                0x8000ac8c       0x8c main.o
                0x8000ac8c                _Z12setShopFlagsPN4ttyd6evtmgr8EvtEntryEb
 .text.checkShopFlag
                0x8000ad18       0x84 main.o
                0x8000ad18                checkShopFlag
 .text._Z24ApplyMainAssemblyPatchesv
                0x8000ad9c      0x94c main.o
                0x8000ad9c                _Z24ApplyMainAssemblyPatchesv
 .text._Z22ApplyMainScriptPatchesv
                0x8000b6e8      0x1e8 main.o
                0x8000b6e8                _Z22ApplyMainScriptPatchesv
 .text._Z25ApplyItemDataTablePatchesv
                0x8000b8d0      0x15c main.o
                0x8000b8d0                _Z25ApplyItemDataTablePatchesv
 .text._Z15ApplyMriPatchesv
                0x8000ba2c      0xba4 mri.o
                0x8000ba2c                _Z15ApplyMriPatchesv
 .text._Z14coconut_removePN4ttyd6evtmgr8EvtEntryEb
                0x8000c5d0       0x98 muj.o
                0x8000c5d0                _Z14coconut_removePN4ttyd6evtmgr8EvtEntryEb
 .text._Z15ApplyMujPatchesv
                0x8000c668      0xafc muj.o
                0x8000c668                _Z15ApplyMujPatchesv
 .text._Z15ApplyNokPatchesv
                0x8000d164      0x36c nok.o
                0x8000d164                _Z15ApplyNokPatchesv
 .text._Z15ApplyPikPatchesv
                0x8000d4d0      0x524 pik.o
                0x8000d4d0                _Z15ApplyPikPatchesv
 .text._Z15ApplyRshPatchesv
                0x8000d9f4      0xe38 rsh.o
                0x8000d9f4                _Z15ApplyRshPatchesv
 .text._Z24checkChapterRequirementsPN4ttyd6evtmgr8EvtEntryEb
                0x8000e82c       0x7c tik.o
                0x8000e82c                _Z24checkChapterRequirementsPN4ttyd6evtmgr8EvtEntryEb
 .text._Z18checkChapterClearsPN4ttyd6evtmgr8EvtEntryEb
                0x8000e8a8       0x5c tik.o
                0x8000e8a8                _Z18checkChapterClearsPN4ttyd6evtmgr8EvtEntryEb
 .text._Z15ApplyTikPatchesv
                0x8000e904      0x598 tik.o
                0x8000e904                _Z15ApplyTikPatchesv
 .text._Z15ApplyTouPatchesv
                0x8000ee9c     0x10b0 tou.o
                0x8000ee9c                _Z15ApplyTouPatchesv
 .text._Z16ApplyTou2Patchesv
                0x8000ff4c      0x34c tou2.o
                0x8000ff4c                _Z16ApplyTou2Patchesv
 .text._Z15ApplyUsuPatchesv
                0x80010298      0x884 usu.o
                0x80010298                _Z15ApplyUsuPatchesv
 .text._Z15ApplyWinPatchesv
                0x80010b1c      0x2e4 win.o
                0x80010b1c                _Z15ApplyWinPatchesv
 *(.gnu.warning)
 *(.gnu.linkonce.t.*)
                0x80010e00                        . = ALIGN (0x20)

.text._ZN3mod13mario_set_posMUlPKcE_4_FUNES2_
                0x00000000       0x5c
 .text._ZN3mod13mario_set_posMUlPKcE_4_FUNES2_
                0x00000000       0x5c con_mario.o
                0x00000000                _ZN3mod13mario_set_posMUlPKcE_4_FUNES2_
                0x00000000                _ZN3mod13mario_set_posMUlPKcE_4_FUNES1_

.text._ZN3mod15perf_fake_spikeMUlPKcE_4_FUNES2_
                0x00000000       0x7c
 .text._ZN3mod15perf_fake_spikeMUlPKcE_4_FUNES2_
                0x00000000       0x7c con_perf.o
                0x00000000                _ZN3mod15perf_fake_spikeMUlPKcE_4_FUNES1_
                0x00000000                _ZN3mod15perf_fake_spikeMUlPKcE_4_FUNES2_

.text._ZN3mod14seq_change_mapMUlPKcE_4_FUNES2_
                0x00000000       0xc4
 .text._ZN3mod14seq_change_mapMUlPKcE_4_FUNES2_
                0x00000000       0xc4 con_seq.o
                0x00000000                _ZN3mod14seq_change_mapMUlPKcE_4_FUNES2_
                0x00000000                _ZN3mod14seq_change_mapMUlPKcE_4_FUNES1_

.text._ZN3mod8con_monoMUlPNS_9ConIntVarEiE_4_FUNES2_i
                0x00000000       0x18
 .text._ZN3mod8con_monoMUlPNS_9ConIntVarEiE_4_FUNES2_i
                0x00000000       0x18 console.o
                0x00000000                _ZN3mod8con_monoMUlPNS_9ConIntVarEiE_4_FUNES1_i
                0x00000000                _ZN3mod8con_monoMUlPNS_9ConIntVarEiE_4_FUNES2_i

.text._ZN18HeapCorruptionInfo10initBufferEv
                0x00000000       0x34
 .text._ZN18HeapCorruptionInfo10initBufferEv
                0x00000000       0x34 errorHandling.o
                0x00000000                _ZN18HeapCorruptionInfo10initBufferEv

.fini           0x00000034        0xc
 *(.fini)
                0x00000040                        . = ALIGN (0x20)
 *fill*         0x00000034        0xc 00000000
                [!provide]                        PROVIDE (__etext = .)
                [!provide]                        PROVIDE (_etext = .)
                [!provide]                        PROVIDE (etext = .)

.rodata         0x00000040     0xcd95
 *(.rodata)
 *(.rodata.*)
 .rodata._ZN3mod3owr13seqSetSeqHookEN4ttyd6seqdrv8SeqIndexEPKcS5_.str1.1
                0x00000040       0x55 OWR.o
 *fill*         0x00000095        0x3 
 .rodata._ZN3mod3owr16pouchGetItemHookEi
                0x00000098       0x10 OWR.o
 .rodata._ZN3mod3owr13msgSearchHookEPKc.str1.1
                0x000000a8      0x565 OWR.o
 *fill*         0x0000060d        0x3 
 .rodata._ZN3mod3owr3OWR14OnModuleLoadedEP12OSModuleInfo
                0x00000610       0x70 OWR.o
 .rodata._ZL8GSWF_ARR
                0x00000680       0x20 OWR.o
 .rodata.cst4   0x000006a0        0x4 OWR.o
 .rodata._ZN3mod13mario_set_posMUlPKcE_4_FUNES2_.str1.1
                0x000006a4        0x9 con_mario.o
 .rodata._ZN3modL13mod_if_func24Ev.str1.1
                0x000006ad       0x20 con_mario.o
 .rodata._GLOBAL__sub_I__ZN3mod13mario_set_posE.str1.1
                0x000006cd       0x1d con_mario.o
 .rodata._ZN3modL13mod_if_func51Ev.str1.1
                0x000006ea       0x5b con_perf.o
 .rodata._ZN3mod15perf_fake_spikeMUlPKcE_4_FUNES2_.str1.1
                0x00000745        0x3 con_perf.o
 .rodata._GLOBAL__sub_I__ZN3mod15perf_fake_spikeE.str1.1
                0x00000748       0x1f con_perf.o
 *fill*         0x00000767        0x1 
 .rodata.cst4   0x00000768        0xc con_perf.o
 .rodata._ZN3mod14seq_change_mapMUlPKcE_4_FUNES2_.str1.1
                0x00000774       0x1e con_seq.o
 .rodata._GLOBAL__sub_I__ZN3mod13seq_logo_skipE.str1.1
                0x00000792       0x1d con_seq.o
 .rodata._ZN3mod13ConsoleSystem8logColorEPKcN2gc6color4E.str1.1
                0x000007af       0x80 console.o
 .rodata._ZN3mod7CC_findEPKc.str1.1
                0x0000082f       0x1d console.o
 .rodata._ZN3mod13ConsoleSystem14processCommandEPKc.str1.1
                0x0000084c       0x28 console.o
 .rodata._ZN3mod13ConsoleSystem14updateUsbGeckoEv.str1.1
                0x00000874       0x74 console.o
 .rodata._ZN3mod13ConsoleSystem4dispEv.str1.1
                0x000008e8       0x16 console.o
 .rodata._GLOBAL__sub_I__ZN3mod10ConCommand6sFirstE.str1.1
                0x000008fe       0x7f console.o
 .rodata._ZZN3mod13ConsoleSystem4dispEvE12kPromptColor
                0x0000097d        0x4 console.o
 *fill*         0x00000981        0x3 
 .rodata.cst4   0x00000984        0x8 console.o
 .rodata._ZL21initStandardHeapErrorPKvib.str1.1
                0x0000098c       0x30 errorHandling.o
 .rodata._ZL18initSmartHeapErrorPKvb.str1.1
                0x000009bc       0x23 errorHandling.o
 .rodata._ZL16initMapHeapErrorPKvtb.str1.1
                0x000009df       0x2b errorHandling.o
 .rodata._ZN21NpcNameToPtrErrorInfo16drawErrorMessageEv.str1.1
                0x00000a0a       0x1f errorHandling.o
 .rodata._ZN21AnimPoseMainErrorInfo16drawErrorMessageEv.str1.1
                0x00000a29       0x1f errorHandling.o
 .rodata.cst4   0x00000a48       0x10 errorHandling.o
 .rodata._ZL14fixMapProblemsv.str1.1
                0x00000a58       0x1e gamePatches.o
 .rodata.cPreventDiaryTextboxOptionSelection.str1.1
                0x00000a76       0x19 gamePatches.o
 *fill*         0x00000a8f        0x1 
 .rodata.cst4   0x00000a90        0x4 mod.o
 .rodata.cst4   0x00000a94        0x8 util.o
 .rodata._ZL20aji_17_init_evt_hook
                0x00000a9c       0x10 aji.o
 .rodata._ZL19aji_17_init_evt_evt
                0x00000aac       0x4c aji.o
 .rodata._ZL20aji_10_init_evt_hook
                0x00000af8       0x10 aji.o
 .rodata.str1.1
                0x00000b08       0x46 aji.o
 *fill*         0x00000b4e        0x2 
 .rodata._ZL19aji_10_init_evt_evt
                0x00000b50      0x288 aji.o
 .rodata._ZL18teshita3_init_hook
                0x00000dd8       0x10 aji.o
 .rodata._ZL17teshita3_init_evt
                0x00000de8       0xc0 aji.o
 .rodata._ZL18teshita2_init_hook
                0x00000ea8       0x10 aji.o
 .rodata._ZL17teshita2_init_evt
                0x00000eb8       0xc0 aji.o
 .rodata._ZL20peach_evt_ele_2_hook
                0x00000f78       0x24 aji.o
 .rodata._ZL19peach_evt_ele_2_evt
                0x00000f9c       0x6c aji.o
 .rodata._ZL20aji_16_init_evt_hook
                0x00001008       0x10 aji.o
 .rodata._ZL19aji_16_init_evt_evt
                0x00001018       0x5c aji.o
 .rodata._ZL21aji_10_init_evt_hook2
                0x00001074       0x10 aji.o
 .rodata._ZL20aji_10_init_evt_evt2
                0x00001084       0x5c aji.o
 .rodata._ZL20aji_00_init_evt_hook
                0x000010e0       0x10 aji.o
 .rodata._ZL19aji_00_init_evt_evt
                0x000010f0       0x5c aji.o
 .rodata._ZL7npcEnt4
                0x0000114c        0xb aji.o
 *fill*         0x00001157        0x1 
 .rodata._ZL7npcEnt3
                0x00001158       0x13 aji.o
 *fill*         0x0000116b        0x1 
 .rodata._ZL4npc4
                0x0000116c       0x13 aji.o
 *fill*         0x0000117f        0x1 
 .rodata._ZL4npc3
                0x00001180        0x7 aji.o
 *fill*         0x00001187        0x1 
 .rodata._ZL4npc2
                0x00001188        0xf aji.o
 *fill*         0x00001197        0x1 
 .rodata._ZL4npc1
                0x00001198        0x7 aji.o
 .rodata.str1.1
                0x0000119f       0x12 dou.o
 *fill*         0x000011b1        0x3 
 .rodata._ZL20peramajin_after_item
                0x000011b4       0x9c dou.o
 .rodata._ZL12evt_elv_hook
                0x00001250       0x28 eki.o
 .rodata.str1.1
                0x00001278       0x2f eki.o
 *fill*         0x000012a7        0x1 
 .rodata._ZL11evt_elv_evt
                0x000012a8      0x114 eki.o
 .rodata.str1.1
                0x000013bc        0xb gon.o
 *fill*         0x000013c7        0x1 
 .rodata._ZL19gon_evt_majin2_item
                0x000013c8       0xd0 gon.o
 .rodata._ZL21gor_00_init_evt2_hook
                0x00001498       0x10 gor_00.o
 .rodata._ZL21gor_00_init_evt1_hook
                0x000014a8       0x10 gor_00.o
 .rodata.str1.1
                0x000014b8      0x2af gor_00.o
 *fill*         0x00001767        0x1 
 .rodata._ZL16gor_00_init_evt1
                0x00001768      0x1f8 gor_00.o
 .rodata._ZL21suifubomb_c_talk_hook
                0x00001960       0x10 gor_00.o
 .rodata._ZL20suifubomb_c_talk_evt
                0x00001970       0xa0 gor_00.o
 .rodata._ZL21suifubomb_c_init_hook
                0x00001a10       0x10 gor_00.o
 .rodata._ZL20suifubomb_c_init_evt
                0x00001a20       0x40 gor_00.o
 .rodata._ZL18korutesu_init_hook
                0x00001a60       0x10 gor_00.o
 .rodata._ZL17korutesu_init_evt
                0x00001a70       0x58 gor_00.o
 .rodata._ZL20suifubomb_b_talk_evt
                0x00001ac8       0xd4 gor_00.o
 .rodata._ZL21suifubomb_b_regl_hook
                0x00001b9c       0x10 gor_00.o
 .rodata._ZL20suifubomb_b_regl_evt
                0x00001bac      0x120 gor_00.o
 .rodata._ZL20suifubomb_a_talk_evt
                0x00001ccc      0x150 gor_00.o
 .rodata._ZL21suifubomb_a_regl_hook
                0x00001e1c       0x10 gor_00.o
 .rodata._ZL20suifubomb_a_regl_evt
                0x00001e2c       0x90 gor_00.o
 .rodata._ZL21suifubomb_a_init_hook
                0x00001ebc       0x10 gor_00.o
 .rodata._ZL20suifubomb_a_init_evt
                0x00001ecc       0xc8 gor_00.o
 .rodata._ZL16suifu_b_talk_evt
                0x00001f94       0xd4 gor_00.o
 .rodata._ZL20luigi_npcEnt_00_hook
                0x00002068       0x10 gor_00.o
 .rodata._ZL19luigi_npcEnt_00_evt
                0x00002078       0x80 gor_00.o
 .rodata._ZL18luigi_init_00_hook
                0x000020f8       0x10 gor_00.o
 .rodata._ZL17luigi_init_00_evt
                0x00002108       0x50 gor_00.o
 .rodata._ZL16mokorim_init_evt
                0x00002158       0x30 gor_00.o
 .rodata._ZL17suifu_b_init_hook
                0x00002188       0x10 gor_00.o
 .rodata._ZL16suifu_b_init_evt
                0x00002198       0xc8 gor_00.o
 .rodata._ZL17suifu_a_regl_hook
                0x00002260       0x10 gor_00.o
 .rodata._ZL16suifu_a_regl_evt
                0x00002270       0x80 gor_00.o
 .rodata._ZL16suifu_a_talk_evt
                0x000022f0       0xd4 gor_00.o
 .rodata._ZL19odoodo_ani_talk_evt
                0x000023c4       0x20 gor_00.o
 .rodata._ZL15odoodo_talk_evt
                0x000023e4      0x128 gor_00.o
 .rodata._ZL16odoodo_regl_hook
                0x0000250c       0x10 gor_00.o
 .rodata._ZL15odoodo_regl_evt
                0x0000251c       0x94 gor_00.o
 .rodata._ZL16odoodo_init_hook
                0x000025b0       0x10 gor_00.o
 .rodata._ZL15odoodo_init_evt
                0x000025c0      0x114 gor_00.o
 .rodata._ZL17garawaru_talk_evt
                0x000026d4       0xb8 gor_00.o
 .rodata._ZL18garawaru_regl_hook
                0x0000278c       0x10 gor_00.o
 .rodata._ZL17garawaru_regl_evt
                0x0000279c      0x120 gor_00.o
 .rodata._ZL18garawaru_init_hook
                0x000028bc       0x10 gor_00.o
 .rodata._ZL17garawaru_init_evt
                0x000028cc      0x140 gor_00.o
 .rodata._ZL7npcEnt2
                0x00002a0c        0x9 gor_00.o
 *fill*         0x00002a15        0x3 
 .rodata._ZL6npcEnt
                0x00002a18        0x9 gor_00.o
 .rodata.str1.1
                0x00002a21       0x9f gor_01.o
 .rodata._ZL15bomhei_talk_evt
                0x00002ac0       0x20 gor_01.o
 .rodata._ZL16chusan2_talk_evt
                0x00002ae0       0x20 gor_01.o
 .rodata._ZL16chusan1_talk_evt
                0x00002b00       0x20 gor_01.o
 .rodata._ZL16kuribo3_talk_evt
                0x00002b20       0x20 gor_01.o
 .rodata._ZL16kuribo2_talk_evt
                0x00002b40       0x20 gor_01.o
 .rodata._ZL16kuribo1_talk_evt
                0x00002b60       0x20 gor_01.o
 .rodata._ZL15roten2_talk_evt
                0x00002b80       0x20 gor_01.o
 .rodata._ZL15roten1_talk_evt
                0x00002ba0       0x20 gor_01.o
 .rodata._ZL19shoptender_talk_evt
                0x00002bc0       0x20 gor_01.o
 .rodata._ZL15kinoji_talk_evt
                0x00002be0       0x20 gor_01.o
 .rodata._ZL19bottakuru_init_hook
                0x00002c00       0x10 gor_01.o
 .rodata._ZL18bottakuru_init_evt
                0x00002c10       0x70 gor_01.o
 .rodata._ZL18marco_init_01_hook
                0x00002c80       0x10 gor_01.o
 .rodata._ZL17marco_init_01_evt
                0x00002c90       0x40 gor_01.o
 .rodata._ZL20badgemaster_talk_evt
                0x00002cd0       0x20 gor_01.o
 .rodata._ZL15luigi_init_hook
                0x00002cf0       0x10 gor_02.o
 .rodata.str1.1
                0x00002d00      0x22d gor_02.o
 *fill*         0x00002f2d        0x3 
 .rodata._ZL14luigi_init_evt
                0x00002f30       0x4c gor_02.o
 .rodata._ZL20tozokudan2_talk_hook
                0x00002f7c        0xc gor_02.o
 .rodata._ZL19tozokudan2_talk_evt
                0x00002f88      0x160 gor_02.o
 .rodata._ZL20tozokudan1_talk_hook
                0x000030e8        0xc gor_02.o
 .rodata._ZL19tozokudan1_talk_evt
                0x000030f4      0x160 gor_02.o
 .rodata._ZL20kurihakase_init_hook
                0x00003254       0x10 gor_02.o
 .rodata._ZL19kurihakase_init_evt
                0x00003264      0x294 gor_02.o
 .rodata._ZL19kurihakase_talk_evt
                0x000034f8      0x2cc gor_02.o
 .rodata._ZL22evt_door_02_open_hook2
                0x000037c4       0x10 gor_02.o
 .rodata._ZL21evt_door_02_open_evt2
                0x000037d4       0xc4 gor_02.o
 .rodata._ZL21evt_door_02_open_hook
                0x00003898       0x10 gor_02.o
 .rodata._ZL20evt_door_02_open_evt
                0x000038a8      0x184 gor_02.o
 .rodata._ZL21gor_02_init_evt2_hook
                0x00003a2c       0x10 gor_02.o
 .rodata._ZL16gor_02_init_evt2
                0x00003a3c       0xcc gor_02.o
 .rodata._ZL21gor_02_init_evt1_hook
                0x00003b08       0x10 gor_02.o
 .rodata._ZL16gor_02_init_evt1
                0x00003b18      0x138 gor_02.o
 .rodata._ZL16borodo2_talk_evt
                0x00003c50       0x20 gor_02.o
 .rodata._ZL16borodo1_talk_evt
                0x00003c70       0x20 gor_02.o
 .rodata._ZL15roten3_talk_evt
                0x00003c90       0x20 gor_02.o
 .rodata._ZL16chusan3_talk_evt
                0x00003cb0       0x20 gor_02.o
 .rodata._ZL16kuribo4_talk_evt
                0x00003cd0       0x20 gor_02.o
 .rodata._ZL20gor_03_init_evt_hook
                0x00003cf0       0x10 gor_03.o
 .rodata.str1.1
                0x00003d00      0x100 gor_03.o
 .rodata._ZL19gor_03_init_evt_evt
                0x00003e00      0x160 gor_03.o
 .rodata._ZL16maffia3_talk_evt
                0x00003f60       0x20 gor_03.o
 .rodata._ZL16maffia2_talk_evt
                0x00003f80      0x140 gor_03.o
 .rodata._ZL16maffia1_talk_evt
                0x000040c0      0x140 gor_03.o
 .rodata._ZL26maffiaboss_casino_talk_evt
                0x00004200       0x20 gor_03.o
 .rodata._ZL26maffiaboss_talk_common_evt
                0x00004220      0x120 gor_03.o
 .rodata.str1.1
                0x00004340        0x7 gor_misc.o
 *fill*         0x00004347        0x1 
 .rodata._ZL9party_evt
                0x00004348       0x9c gor_misc.o
 .rodata._ZL9goombella
                0x000043e4        0x9 gor_misc.o
 *fill*         0x000043ed        0x3 
 .rodata._ZL16evt_nameent_hook
                0x000043f0       0x10 gra.o
 .rodata._ZL15evt_nameent_evt
                0x00004400       0x44 gra.o
 .rodata.str1.1
                0x00004444       0x18 gra.o
 .rodata._ZL17evt_machibuse_evt
                0x0000445c       0x4c gra.o
 .rodata._ZL8doopliss
                0x000044a8        0xb gra.o
 *fill*         0x000044b3        0x1 
 .rodata._ZL11stones_hook
                0x000044b4       0x10 hei.o
 .rodata.str1.1
                0x000044c4       0x21 hei.o
 *fill*         0x000044e5        0x3 
 .rodata._ZL10stones_evt
                0x000044e8       0xd8 hei.o
 .rodata._ZL13hei_party_evt
                0x000045c0       0x80 hei.o
 .rodata._ZL5koops
                0x00004640        0xb hei.o
 *fill*         0x0000464b        0x1 
 .rodata._ZL20hom_00_init_evt_hook
                0x0000464c       0x10 hom.o
 .rodata.str1.1
                0x0000465c       0x1f hom.o
 *fill*         0x0000467b        0x1 
 .rodata._ZL19hom_00_init_evt_evt
                0x0000467c       0x94 hom.o
 .rodata._ZL20jin_08_init_evt_hook
                0x00004710        0x8 jin.o
 .rodata._ZL19jin_08_init_evt_evt
                0x00004718       0x1c jin.o
 .rodata._ZL18tenkyugi_evt2_hook
                0x00004734       0x10 las.o
 .rodata.str1.1
                0x00004744       0x68 las.o
 .rodata._ZL17tenkyugi_evt2_evt
                0x000047ac       0x2c las.o
 .rodata._ZL20las_10_init_evt_hook
                0x000047d8       0x10 las.o
 .rodata._ZL19las_10_init_evt_evt
                0x000047e8       0x40 las.o
 .rodata._ZL13stairs_revert
                0x00004828      0x104 las.o
 .rodata._Z25ApplyItemDataTablePatchesv.str1.1
                0x0000492c       0xc2 main.o
 *fill*         0x000049ee        0x2 
 .rodata._ZL17main_buy_evt_hook
                0x000049f0       0x10 main.o
 .rodata._ZL16main_buy_evt_evt
                0x00004a00       0x50 main.o
 .rodata._ZL20mri_09_init_evt_hook
                0x00004a50       0x10 mri.o
 .rodata.str1.1
                0x00004a60      0x181 mri.o
 *fill*         0x00004be1        0x3 
 .rodata._ZL19mri_09_init_evt_evt
                0x00004be4      0x14c mri.o
 .rodata._ZL20mri_04_init_evt_hook
                0x00004d30       0x10 mri.o
 .rodata._ZL19mri_04_init_evt_evt
                0x00004d40       0x30 mri.o
 .rodata._ZL16bero_custom_hook
                0x00004d70       0x10 mri.o
 .rodata._ZL15bero_custom_evt
                0x00004d80       0x44 mri.o
 .rodata._ZL21mri_01_init_evt_hook2
                0x00004dc4       0x10 mri.o
 .rodata._ZL19mri_01_init_evt_evt
                0x00004dd4       0x30 mri.o
 .rodata._ZL18puniinfo_talk_hook
                0x00004e04       0x10 mri.o
 .rodata._ZL20mri_03_init_evt_hook
                0x00004e14       0x14 mri.o
 .rodata._ZL22mri_03_init_evt_switch
                0x00004e28       0x9c mri.o
 .rodata._ZL20mri_01_init_evt_hook
                0x00004ec4       0x14 mri.o
 .rodata._ZL22mri_01_init_evt_switch
                0x00004ed8       0xb0 mri.o
 .rodata._ZL23mri_sister_init_01_hook
                0x00004f88       0x10 mri.o
 .rodata._ZL22mri_sister_init_01_evt
                0x00004f98       0xa8 mri.o
 .rodata._ZL16puni_2_init_hook
                0x00005040       0x10 mri.o
 .rodata._ZL15puni_2_init_evt
                0x00005050       0x78 mri.o
 .rodata._ZL16puni_1_talk_hook
                0x000050c8       0x10 mri.o
 .rodata._ZL15puni_1_talk_evt
                0x000050d8       0xb0 mri.o
 .rodata._ZL16puni_1_init_hook
                0x00005188       0x10 mri.o
 .rodata._ZL15puni_1_init_evt
                0x00005198       0x78 mri.o
 .rodata._ZL15elder_talk_hook
                0x00005210       0x10 mri.o
 .rodata._ZL14elder_talk_evt
                0x00005220       0xb8 mri.o
 .rodata._ZL22mri_elder_init_01_hook
                0x000052d8       0x10 mri.o
 .rodata._ZL21mri_elder_init_01_evt
                0x000052e8       0xcc mri.o
 .rodata._ZL22mri_rival_init_01_hook
                0x000053b4       0x10 mri.o
 .rodata._ZL21mri_rival_init_01_evt
                0x000053c4       0xb8 mri.o
 .rodata._ZL18guide_init_01_hook
                0x0000547c       0x10 mri.o
 .rodata._ZL17guide_init_01_evt
                0x0000548c       0x8c mri.o
 .rodata._ZL15guide_talk_hook
                0x00005518       0x10 mri.o
 .rodata._ZL14guide_talk_evt
                0x00005528       0x98 mri.o
 .rodata._ZL18guide_init_00_hook
                0x000055c0       0x10 mri.o
 .rodata._ZL17guide_init_00_evt
                0x000055d0      0x150 mri.o
 .rodata._ZL19dokuroiwa_bomb_hook
                0x00005720       0x10 muj.o
 .rodata.str1.1
                0x00005730      0x396 muj.o
 *fill*         0x00005ac6        0x2 
 .rodata._ZL18dokuroiwa_bomb_evt
                0x00005ac8       0x34 muj.o
 .rodata._ZL14muj_party_hook
                0x00005afc       0x10 muj.o
 .rodata._ZL13muj_party_evt
                0x00005b0c       0xac muj.o
 .rodata._ZL22peton_init_muj_01_hook
                0x00005bb8       0x10 muj.o
 .rodata._ZL21peton_init_muj_01_evt
                0x00005bc8       0x54 muj.o
 .rodata._ZL21mony_init_muj_01_hook
                0x00005c1c       0x10 muj.o
 .rodata._ZL20mony_init_muj_01_evt
                0x00005c2c       0x54 muj.o
 .rodata._ZL17koburon_dead_hook
                0x00005c80       0x10 muj.o
 .rodata._ZL16koburon_dead_evt
                0x00005c90      0x3bc muj.o
 .rodata._ZL20muj_01_init_evt_hook
                0x0000604c       0x10 muj.o
 .rodata._ZL19muj_01_init_evt_evt
                0x0000605c       0x50 muj.o
 .rodata._ZL21borosuifu_b_talk_hook
                0x000060ac       0x10 muj.o
 .rodata._ZL20borosuifu_b_talk_evt
                0x000060bc       0xf8 muj.o
 .rodata._ZL21borosuifu_a_talk_hook
                0x000061b4       0x10 muj.o
 .rodata._ZL20borosuifu_a_talk_evt
                0x000061c4       0xf8 muj.o
 .rodata._ZL24suifu_d_talk_muj_01_hook
                0x000062bc       0x10 muj.o
 .rodata._ZL23suifu_d_talk_muj_01_evt
                0x000062cc       0xf8 muj.o
 .rodata._ZL20suifu_bomb_talk_hook
                0x000063c4       0x10 muj.o
 .rodata._ZL19suifu_bomb_talk_evt
                0x000063d4       0xf4 muj.o
 .rodata._ZL20suifu_bomb_init_hook
                0x000064c8       0x10 muj.o
 .rodata._ZL19suifu_bomb_init_evt
                0x000064d8       0x30 muj.o
 .rodata._ZL24suifu_a_talk_muj_01_hook
                0x00006508       0x10 muj.o
 .rodata._ZL23suifu_a_talk_muj_01_evt
                0x00006518       0xf4 muj.o
 .rodata._ZL24suifu_a_init_muj_01_hook
                0x0000660c       0x10 muj.o
 .rodata._ZL23suifu_a_init_muj_01_evt
                0x0000661c       0x40 muj.o
 .rodata._ZL23odoodo_init_muj_01_hook
                0x0000665c       0x10 muj.o
 .rodata._ZL22odoodo_init_muj_01_evt
                0x0000666c       0x40 muj.o
 .rodata._ZL23megane_init_muj_01_hook
                0x000066ac       0x10 muj.o
 .rodata._ZL22megane_init_muj_01_evt
                0x000066bc       0x40 muj.o
 .rodata._ZL18marco_talk_coconut
                0x000066fc       0x10 muj.o
 .rodata._ZL22marco_init_muj_01_hook
                0x0000670c       0x10 muj.o
 .rodata._ZL21marco_init_muj_01_evt
                0x0000671c       0x9c muj.o
 .rodata._ZL25garawaru_talk_muj_01_hook
                0x000067b8       0x10 muj.o
 .rodata._ZL24garawaru_talk_muj_01_evt
                0x000067c8      0x4b4 muj.o
 .rodata._ZL25garawaru_init_muj_01_hook
                0x00006c7c       0x10 muj.o
 .rodata._ZL24garawaru_init_muj_01_evt
                0x00006c8c       0xd8 muj.o
 .rodata._ZL20muj_00_init_evt_hook
                0x00006d64       0x44 muj.o
 .rodata._ZL21muj_00_init_evt_evt_2
                0x00006da8       0x70 muj.o
 .rodata._ZL19muj_00_init_evt_evt
                0x00006e18       0x40 muj.o
 .rodata._ZL22peton_talk_muj_00_hook
                0x00006e58       0x10 muj.o
 .rodata._ZL21peton_talk_muj_00_evt
                0x00006e68       0x8c muj.o
 .rodata._ZL21mony_talk_muj_00_hook
                0x00006ef4       0x10 muj.o
 .rodata._ZL20mony_talk_muj_00_evt
                0x00006f04       0x8c muj.o
 .rodata._ZL5marco
                0x00006f90        0x7 muj.o
 *fill*         0x00006f97        0x1 
 .rodata._ZL17nokorin_talk_hook
                0x00006f98       0x10 nok.o
 .rodata.str1.1
                0x00006fa8      0x4b1 nok.o
 *fill*         0x00007459        0x3 
 .rodata._ZL16nokorin_talk_evt
                0x0000745c      0x2f4 nok.o
 .rodata._ZL19boss_noko_talk_hook
                0x00007750       0x10 nok.o
 .rodata._ZL18boss_noko_talk_evt
                0x00007760      0x164 nok.o
 .rodata._ZL20nokonoko_K_talk_hook
                0x000078c4       0x10 nok.o
 .rodata._ZL19nokonoko_K_talk_evt
                0x000078d4       0xd4 nok.o
 .rodata._ZL18nokopapa_talk_hook
                0x000079a8       0x10 nok.o
 .rodata._ZL17nokopapa_talk_evt
                0x000079b8      0x128 nok.o
 .rodata._ZL16monban_talk_hook
                0x00007ae0       0x10 nok.o
 .rodata._ZL15monban_talk_evt
                0x00007af0      0x11c nok.o
 .rodata._ZL20nokonoko_I_talk_hook
                0x00007c0c       0x10 nok.o
 .rodata._ZL19nokonoko_I_talk_evt
                0x00007c1c       0xd4 nok.o
 .rodata._ZL20nokonoko_H_talk_hook
                0x00007cf0       0x10 nok.o
 .rodata._ZL19nokonoko_H_talk_evt
                0x00007d00       0xfc nok.o
 .rodata._ZL20nokonoko_G_talk_hook
                0x00007dfc       0x10 nok.o
 .rodata._ZL19nokonoko_G_talk_evt
                0x00007e0c       0xd4 nok.o
 .rodata._ZL15talk_white_hook
                0x00007ee0       0x10 nok.o
 .rodata._ZL14talk_white_evt
                0x00007ef0       0xa4 nok.o
 .rodata._ZL15init_white_hook
                0x00007f94       0x10 nok.o
 .rodata._ZL14init_white_evt
                0x00007fa4       0x44 nok.o
 .rodata._ZL20nokonoko_F_talk_hook
                0x00007fe8       0x10 nok.o
 .rodata._ZL19nokonoko_F_talk_evt
                0x00007ff8       0xd4 nok.o
 .rodata._ZL20nokonoko_D_talk_hook
                0x000080cc       0x10 nok.o
 .rodata._ZL19nokonoko_D_talk_evt
                0x000080dc       0xfc nok.o
 .rodata._ZL20nokonoko_C_talk_hook
                0x000081d8       0x10 nok.o
 .rodata._ZL19nokonoko_C_talk_evt
                0x000081e8       0xd4 nok.o
 .rodata._ZL20nokonoko_B_talk_hook
                0x000082bc       0x10 nok.o
 .rodata._ZL19nokonoko_B_talk_evt
                0x000082cc       0xd4 nok.o
 .rodata._ZL20nokonoko_A_talk_hook
                0x000083a0       0x10 nok.o
 .rodata._ZL19nokonoko_A_talk_evt
                0x000083b0      0x10c nok.o
 .rodata._ZL16pik_00_init_hook
                0x000084bc       0x10 pik.o
 .rodata.str1.1
                0x000084cc      0x166 pik.o
 *fill*         0x00008632        0x2 
 .rodata._ZL19pik_00_init_evt_evt
                0x00008634       0x58 pik.o
 .rodata._ZL31pik_talk_madam_ring_return_hook
                0x0000868c       0x10 pik.o
 .rodata._ZL24pik_talk_madam_ring_item
                0x0000869c       0xb8 pik.o
 .rodata._ZL14evt_daiza_hook
                0x00008754       0x1c pik.o
 .rodata._ZL13evt_daiza_evt
                0x00008770       0x5c pik.o
 .rodata._ZL18pik_evt_powan_hook
                0x000087cc       0x28 pik.o
 .rodata._ZL17pik_evt_powan_evt
                0x000087f4       0x94 pik.o
 .rodata._ZL16takun6_talk_hook
                0x00008888       0x10 pik.o
 .rodata._ZL15takun6_talk_evt
                0x00008898       0x78 pik.o
 .rodata._ZL16takun5_talk_hook
                0x00008910       0x10 pik.o
 .rodata._ZL15takun5_talk_evt
                0x00008920       0x78 pik.o
 .rodata._ZL16takun4_talk_hook
                0x00008998       0x10 pik.o
 .rodata._ZL15takun4_talk_evt
                0x000089a8       0xb4 pik.o
 .rodata._ZL18miyageya_talk_hook
                0x00008a5c       0x28 pik.o
 .rodata._ZL17miyageya_talk_evt
                0x00008a84      0x114 pik.o
 .rodata._ZL6madam2
                0x00008b98        0x7 pik.o
 *fill*         0x00008b9f        0x1 
 .rodata._ZL28talk_madam_ring_return_hook2
                0x00008ba0       0x10 rsh.o
 .rodata.str1.1
                0x00008bb0      0x1b8 rsh.o
 .rodata._ZL24rsh_talk_madam_ring_item
                0x00008d68       0xbc rsh.o
 .rodata._ZL15talk_madam_hook
                0x00008e24       0x10 rsh.o
 .rodata._ZL28talk_madam_ring_return_hook1
                0x00008e34       0x10 rsh.o
 .rodata._ZL26talk_madam_ring_return_evt
                0x00008e44       0x70 rsh.o
 .rodata._ZL16init_konari_hook
                0x00008eb4       0x10 rsh.o
 .rodata._ZL14init_papa_hook
                0x00008ec4       0x10 rsh.o
 .rodata._ZL15init_konari_evt
                0x00008ed4       0x9c rsh.o
 .rodata._ZL15init_powan_hook
                0x00008f70       0x10 rsh.o
 .rodata._ZL14init_powan_evt
                0x00008f80       0xec rsh.o
 .rodata._ZL19talk_waitless_hook2
                0x0000906c       0x10 rsh.o
 .rodata._ZL19talk_waitless_hook1
                0x0000907c       0x10 rsh.o
 .rodata._ZL17talk_waitless_evt
                0x0000908c       0x78 rsh.o
 .rodata._ZL21rsh_01_init_evt_hook2
                0x00009104       0x10 rsh.o
 .rodata._ZL19rsh_01_init_evt_evt
                0x00009114       0xd8 rsh.o
 .rodata._ZL20rsh_00_init_evt_hook
                0x000091ec       0x10 rsh.o
 .rodata._ZL19rsh_00_init_evt_evt
                0x000091fc       0xb8 rsh.o
 .rodata._ZL20rsh_04_init_evt_hook
                0x000092b4       0x10 rsh.o
 .rodata._ZL20rsh_03_init_evt_hook
                0x000092c4       0x10 rsh.o
 .rodata._ZL20rsh_02_init_evt_hook
                0x000092d4       0x10 rsh.o
 .rodata._ZL21rsh_01_init_evt_hook1
                0x000092e4       0x10 rsh.o
 .rodata._ZL19rsh_04_init_evt_evt
                0x000092f4       0xa4 rsh.o
 .rodata._ZL26rsh_03_init_evt_music_hook
                0x00009398       0x10 rsh.o
 .rodata._ZL21rsh_03_init_evt_music
                0x000093a8      0x1f8 rsh.o
 .rodata._ZL26rsh_02_init_evt_music_hook
                0x000095a0       0x10 rsh.o
 .rodata._ZL21rsh_02_init_evt_music
                0x000095b0      0x270 rsh.o
 .rodata._ZL26rsh_01_init_evt_music_hook
                0x00009820       0x10 rsh.o
 .rodata._ZL21rsh_01_init_evt_music
                0x00009830      0x1f8 rsh.o
 .rodata._ZL26rsh_00_init_evt_music_hook
                0x00009a28       0x10 rsh.o
 .rodata._ZL21rsh_00_init_evt_music
                0x00009a38      0x1f8 rsh.o
 .rodata._ZL26rsh_04_init_evt_music_hook
                0x00009c30       0x10 rsh.o
 .rodata._ZL21rsh_04_init_evt_music
                0x00009c40      0x1f8 rsh.o
 .rodata._ZL20rsh_06_init_evt_hook
                0x00009e38       0x10 rsh.o
 .rodata._ZL19rsh_06_init_evt_evt
                0x00009e48      0x178 rsh.o
 .rodata._ZL6madam1
                0x00009fc0        0x7 rsh.o
 .rodata.str1.1
                0x00009fc7      0x20a tik.o
 *fill*         0x0000a1d1        0x3 
 .rodata._ZL19tik_evt_majin2_item
                0x0000a1d4       0xa8 tik.o
 .rodata._ZL21tik_05_init_evt_hook2
                0x0000a27c       0x10 tik.o
 .rodata._ZL20tik_05_init_evt_evt2
                0x0000a28c       0xa4 tik.o
 .rodata._ZL20tik_05_init_evt_hook
                0x0000a330       0x10 tik.o
 .rodata._ZL19tik_05_init_evt_evt
                0x0000a340       0x48 tik.o
 .rodata._ZL24tik_kurihakase_init_hook
                0x0000a388       0x10 tik.o
 .rodata._ZL23tik_kurihakase_init_evt
                0x0000a398       0x8c tik.o
 .rodata._ZL18master_2_talk_hook
                0x0000a424       0x10 tik.o
 .rodata._ZL17master_2_talk_evt
                0x0000a434      0x180 tik.o
 .rodata._ZL17borodo4_talk_hook
                0x0000a5b4       0x10 tik.o
 .rodata._ZL16borodo4_talk_evt
                0x0000a5c4      0x180 tik.o
 .rodata._ZL17borodo3_talk_hook
                0x0000a744       0x10 tik.o
 .rodata._ZL16borodo3_talk_evt
                0x0000a754      0x180 tik.o
 .rodata._ZL17chusan4_talk_hook
                0x0000a8d4       0x10 tik.o
 .rodata._ZL16chusan4_talk_evt
                0x0000a8e4      0x180 tik.o
 .rodata._ZL17kuribo5_talk_hook
                0x0000aa64       0x10 tik.o
 .rodata._ZL16kuribo5_talk_evt
                0x0000aa74      0x180 tik.o
 .rodata._ZL16hotdog_item_hook
                0x0000abf4       0x10 tou.o
 .rodata.str1.1
                0x0000ac04       0x76 tou.o
 *fill*         0x0000ac7a        0x2 
 .rodata._ZL11hotdog_item
                0x0000ac7c       0xe8 tou.o
 .rodata._ZL18tou_party_evt_hook
                0x0000ad64       0x10 tou.o
 .rodata._ZL13tou_party_evt
                0x0000ad74       0x5c tou.o
 .rodata._ZL20tou_04_init_evt_hook
                0x0000add0       0x10 tou.o
 .rodata._ZL19tou_04_init_evt_evt
                0x0000ade0       0x78 tou.o
 .rodata._ZL14yoshi_gswf_evt
                0x0000ae58       0x14 tou.o
 .rodata._ZL15jolene_egg_hook
                0x0000ae6c       0x10 tou.o
 .rodata._ZL14jolene_egg_evt
                0x0000ae7c      0x220 tou.o
 .rodata._ZL16talk_sakaba_hook
                0x0000b09c       0x10 tou.o
 .rodata._ZL15talk_sakaba_evt
                0x0000b0ac       0x84 tou.o
 .rodata._ZL6jolene
                0x0000b130        0xb tou.o
 .rodata.str1.1
                0x0000b13b      0x49e usu.o
 *fill*         0x0000b5d9        0x3 
 .rodata._ZL19usu_evt_majin2_item
                0x0000b5dc       0xa8 usu.o
 .rodata._ZL18usu_party_evt_hook
                0x0000b684       0x10 usu.o
 .rodata._ZL13usu_party_evt
                0x0000b694       0xc8 usu.o
 .rodata._ZL23village_chief_init_hook
                0x0000b75c       0x10 usu.o
 .rodata._ZL22village_chief_init_evt
                0x0000b76c       0x58 usu.o
 .rodata._ZL27village_chief_pig_init_hook
                0x0000b7c4       0x10 usu.o
 .rodata._ZL26village_chief_pig_init_evt
                0x0000b7d4       0x70 usu.o
 .rodata._ZL23village_chief_talk_hook
                0x0000b844       0x10 usu.o
 .rodata._ZL22village_chief_talk_evt
                0x0000b854      0x1c8 usu.o
 .rodata._ZL20gatekeeper_init_hook
                0x0000ba1c       0x10 usu.o
 .rodata._ZL19gatekeeper_init_evt
                0x0000ba2c       0x8c usu.o
 .rodata._ZL24gatekeeper_pig_init_hook
                0x0000bab8       0x10 usu.o
 .rodata._ZL23gatekeeper_pig_init_evt
                0x0000bac8       0x78 usu.o
 .rodata._ZL20gatekeeper_talk_hook
                0x0000bb40       0x10 usu.o
 .rodata._ZL19gatekeeper_talk_evt
                0x0000bb50      0x114 usu.o
 .rodata._ZL20usu_00_init_evt_hook
                0x0000bc64       0x14 usu.o
 .rodata._ZL19usu_00_init_evt_evt
                0x0000bc78       0x5c usu.o
 .rodata._ZL20shop_woman_talk_hook
                0x0000bcd4       0x10 usu.o
 .rodata._ZL19shop_woman_talk_evt
                0x0000bce4       0x78 usu.o
 .rodata._ZL18shop_man_talk_hook
                0x0000bd5c       0x10 usu.o
 .rodata._ZL17shop_man_talk_evt
                0x0000bd6c       0x78 usu.o
 .rodata._ZL19villagerJ_talk_hook
                0x0000bde4       0x10 usu.o
 .rodata._ZL18villagerJ_talk_evt
                0x0000bdf4      0x104 usu.o
 .rodata._ZL19villagerI_talk_hook
                0x0000bef8       0x10 usu.o
 .rodata._ZL18villagerI_talk_evt
                0x0000bf08      0x104 usu.o
 .rodata._ZL19villagerH_talk_hook
                0x0000c00c       0x10 usu.o
 .rodata._ZL18villagerH_talk_evt
                0x0000c01c       0xd0 usu.o
 .rodata._ZL19villagerG_talk_hook
                0x0000c0ec       0x10 usu.o
 .rodata._ZL18villagerG_talk_evt
                0x0000c0fc       0xf0 usu.o
 .rodata._ZL19villagerF_talk_hook
                0x0000c1ec       0x10 usu.o
 .rodata._ZL18villagerF_talk_evt
                0x0000c1fc       0xf0 usu.o
 .rodata._ZL19villagerK_talk_hook
                0x0000c2ec       0x10 usu.o
 .rodata._ZL18villagerK_talk_evt
                0x0000c2fc      0x130 usu.o
 .rodata._ZL19villagerE_talk_hook
                0x0000c42c       0x10 usu.o
 .rodata._ZL18villagerE_talk_evt
                0x0000c43c      0x130 usu.o
 .rodata._ZL19villagerD_talk_hook
                0x0000c56c       0x10 usu.o
 .rodata._ZL18villagerD_talk_evt
                0x0000c57c      0x194 usu.o
 .rodata._ZL19villagerC_talk_hook
                0x0000c710       0x10 usu.o
 .rodata._ZL18villagerC_talk_evt
                0x0000c720       0xfc usu.o
 .rodata._ZL19villagerB_talk_hook
                0x0000c81c       0x10 usu.o
 .rodata._ZL18villagerB_talk_evt
                0x0000c82c       0xfc usu.o
 .rodata._ZL19villagerA_talk_hook
                0x0000c928       0x10 usu.o
 .rodata._ZL18villagerA_talk_evt
                0x0000c938      0x130 usu.o
 .rodata._ZL19villagerA_init_hook
                0x0000ca68       0x10 usu.o
 .rodata._ZL18villagerA_init_evt
                0x0000ca78       0x6c usu.o
 .rodata._ZL6vivian
                0x0000cae4        0x9 usu.o
 *fill*         0x0000caed        0x3 
 .rodata._ZL5mayor
                0x0000caf0        0x5 usu.o
 *fill*         0x0000caf5        0x3 
 .rodata._ZL9mayor_pig
                0x0000caf8        0x9 usu.o
 *fill*         0x0000cb01        0x3 
 .rodata._ZL8doopliss
                0x0000cb04        0xb usu.o
 *fill*         0x0000cb0f        0x1 
 .rodata._ZL10gatekeeper
                0x0000cb10        0x5 usu.o
 *fill*         0x0000cb15        0x3 
 .rodata._ZL14gatekeeper_pig
                0x0000cb18        0x9 usu.o
 *fill*         0x0000cb21        0x3 
 .rodata._ZL12usuVillagerA
                0x0000cb24        0x7 usu.o
 *fill*         0x0000cb2b        0x1 
 .rodata._ZL14win_party_hook
                0x0000cb2c       0x10 win.o
 .rodata.str1.1
                0x0000cb3c       0x36 win.o
 *fill*         0x0000cb72        0x2 
 .rodata._ZL13win_party_evt
                0x0000cb74       0xf0 win.o
 .rodata._ZL20win_00_init_evt_hook
                0x0000cc64       0x10 win.o
 .rodata._ZL19win_00_init_evt_evt
                0x0000cc74       0x30 win.o
 .rodata._ZL17majorin_init_hook
                0x0000cca4       0x10 win.o
 .rodata._ZL16majorin_init_evt
                0x0000ccb4       0x30 win.o
 .rodata._ZL17maririn_init_hook
                0x0000cce4       0x10 win.o
 .rodata._ZL16maririn_init_evt
                0x0000ccf4       0x30 win.o
 .rodata._ZL20win_vivian_init_hook
                0x0000cd24       0x10 win.o
 .rodata._ZL19win_vivian_init_evt
                0x0000cd34       0x98 win.o
 .rodata._ZL7flurrie
                0x0000cdcc        0x9 win.o
 *(.gnu.linkonce.r.*)

.rodata1
 *(.rodata1)

.sdata2         0x0000cdd5        0x0
                [!provide]                        PROVIDE (_SDA2_BASE_ = .)
 *(.sdata2)
 *(.sdata2.*)
 *(.gnu.linkonce.s2.*)

.sbss2
 *(.sbss2)
 *(.sbss2.*)
 *(.gnu.linkonce.sb2.*)
                0x0000cdd8                        . = ALIGN (0x4)
                [!provide]                        PROVIDE (__preinit_array_start = .)

.preinit_array
 *(.preinit_array)
                [!provide]                        PROVIDE (__preinit_array_end = .)
                [!provide]                        PROVIDE (__init_array_start = .)

.init_array
 *(.init_array)
                [!provide]                        PROVIDE (__init_array_end = .)
                [!provide]                        PROVIDE (__fini_array_start = .)

.fini_array
 *(.fini_array)
                [!provide]                        PROVIDE (__fini_array_end = .)

.data           0x0000cdd8      0x308
 *(.data)
 *(.data.*)
 .data._ZN3mod6common12kItemDataArrE
                0x0000cdd8        0x4 common.o
                0x0000cdd8                _ZN3mod6common12kItemDataArrE
 .data.errorTextPosY
                0x0000cddc        0x4 errorHandling.o
                0x0000cddc                errorTextPosY
 .data._ZL16gor_00_init_evt2
                0x0000cde0      0x2bc gor_00.o
 .data.shopWorkPtr
                0x0000d09c        0x4 main.o
                0x0000d09c                shopWorkPtr
 .data.goods    0x0000d0a0       0x28 main.o
                0x0000d0a0                goods
 *(.gnu.linkonce.d.*)
                0x0000d0e0                        . = ALIGN (0x20)
 *fill*         0x0000d0c8       0x18 

.data1
 *(.data1)

.tdata
 *(.tdata .tdata.* .gnu.linkonce.td.*)

.tbss
 *(.tbss .tbss.* .gnu.linkonce.tb.*)
 *(.tcommon)

.eh_frame       0x0000d0e0     0x19f4
 *(.eh_frame)
 .eh_frame      0x0000d0e0      0x27c OWR.o
 .eh_frame      0x0000d35c       0x28 StateManager.o
                                 0x3c (size before relaxing)
 .eh_frame      0x0000d384        0x0 common.o
                                 0xc8 (size before relaxing)
 .eh_frame      0x0000d384       0x68 con_mario.o
 .eh_frame      0x0000d3ec       0x68 con_perf.o
 .eh_frame      0x0000d454       0xa0 con_seq.o
 .eh_frame      0x0000d4f4      0x2ec console.o
                                0x310 (size before relaxing)
 .eh_frame      0x0000d7e0       0x64 cxx.o
                                 0x8c (size before relaxing)
 .eh_frame      0x0000d844      0x26c errorHandling.o
 .eh_frame      0x0000dab0      0x130 gamePatches.o
 .eh_frame      0x0000dbe0       0xa4 keyboard.o
                                 0xcc (size before relaxing)
 .eh_frame      0x0000dc84       0xfc mod.o
                                0x110 (size before relaxing)
 .eh_frame      0x0000dd80      0x114 patch.o
                                0x18c (size before relaxing)
 .eh_frame      0x0000de94       0x5c printf.o
 .eh_frame      0x0000def0       0x7c rel.o
 .eh_frame      0x0000df6c       0x98 ug.o
 .eh_frame      0x0000e004       0xdc util.o
                                0x100 (size before relaxing)
 .eh_frame      0x0000e0e0       0x28 aaa.o
 .eh_frame      0x0000e108       0x94 aji.o
 .eh_frame      0x0000e19c       0x28 bom.o
 .eh_frame      0x0000e1c4       0x3c dou.o
 .eh_frame      0x0000e200       0x40 eki.o
 .eh_frame      0x0000e240       0x28 end.o
 .eh_frame      0x0000e268       0x40 gon.o
 .eh_frame      0x0000e2a8       0x74 gor_00.o
 .eh_frame      0x0000e31c       0x48 gor_01.o
 .eh_frame      0x0000e364       0x50 gor_02.o
 .eh_frame      0x0000e3b4       0x50 gor_03.o
 .eh_frame      0x0000e404       0x34 gor_04.o
 .eh_frame      0x0000e438       0x54 gor_misc.o
 .eh_frame      0x0000e48c       0x44 gra.o
 .eh_frame      0x0000e4d0       0x4c hei.o
 .eh_frame      0x0000e51c       0x38 hom.o
 .eh_frame      0x0000e554       0x40 jin.o
 .eh_frame      0x0000e594       0x28 kpa.o
 .eh_frame      0x0000e5bc       0x50 las.o
 .eh_frame      0x0000e60c       0xbc main.o
 .eh_frame      0x0000e6c8        0x0 moo.o
                                 0x28 (size before relaxing)
 .eh_frame      0x0000e6c8       0x68 mri.o
 .eh_frame      0x0000e730       0x90 muj.o
 .eh_frame      0x0000e7c0       0x4c nok.o
 .eh_frame      0x0000e80c       0x54 pik.o
 .eh_frame      0x0000e860       0x6c rsh.o
 .eh_frame      0x0000e8cc       0xb8 tik.o
 .eh_frame      0x0000e984       0x6c tou.o
 .eh_frame      0x0000e9f0       0x28 tou2.o
 .eh_frame      0x0000ea18       0x68 usu.o
 .eh_frame      0x0000ea80       0x54 win.o

.gcc_except_table
 *(.gcc_except_table)

.fixup
 *(.fixup)

.got1
 *(.got1)

.got2
 *(.got2)

.dynamic
 *(.dynamic)

.ctors          0x0000ead4       0x2c
 *crtbegin.o(.ctors)
 *(EXCLUDE_FILE(*crtend.o) .ctors)
 .ctors         0x0000ead4        0x4 OWR.o
 .ctors         0x0000ead8        0x4 con_mario.o
 .ctors         0x0000eadc        0x4 con_perf.o
 .ctors         0x0000eae0        0x4 con_seq.o
 .ctors         0x0000eae4        0x4 console.o
 .ctors         0x0000eae8        0x4 errorHandling.o
 .ctors         0x0000eaec        0x4 gor_00.o
 *(SORT_BY_NAME(.ctors.*))
 *(.ctors)
                0x0000eb00                        . = ALIGN (0x20)
 *fill*         0x0000eaf0       0x10 

.dtors          0x0000eb00       0x20
 *crtbegin.o(.dtors)
 *(EXCLUDE_FILE(*crtend.o) .dtors)
 .dtors         0x0000eb00        0x4 errorHandling.o
 *(SORT_BY_NAME(.dtors.*))
 *(.dtors)
                0x0000eb20                        . = ALIGN (0x20)
 *fill*         0x0000eb04       0x1c 

.jcr
 *(.jcr)

.got
 *(.got.plt)
 *(.got)

.sdata          0x0000eb20        0x0
                [!provide]                        PROVIDE (_SDA_BASE_ = .)
 *(.sdata)
 *(.sdata.*)
 *(.gnu.linkonce.s.*)
                0x0000eb20                        . = ALIGN (0x20)
                0x0000eb20                        _edata = .
                [!provide]                        PROVIDE (edata = .)

.sbss           0x0000eb20        0x0
                0x0000eb20                        __sbss_start = .
                [!provide]                        PROVIDE (__sbss_start = .)
                [!provide]                        PROVIDE (___sbss_start = .)
 *(.dynsbss)
 *(.sbss)
 *(.sbss.*)
 *(.gnu.linkonce.sb.*)
 *(.scommon)
                [!provide]                        PROVIDE (__sbss_end = .)
                [!provide]                        PROVIDE (___sbss_end = .)
                0x0000eb20                        . = ALIGN (0x20)
                0x0000eb20                        __sbss_end = .

.bss            0x0000eb20      0x180
                0x0000eb20                        __bss_start = .
                [!provide]                        PROVIDE (__bss_start = .)
 *(.dynbss)
 *(.bss)
 *(.bss.*)
 .bss._ZN3mod3owr22g_msgSearch_trampolineE
                0x0000eb20        0x4 OWR.o
                0x0000eb20                _ZN3mod3owr22g_msgSearch_trampolineE
 .bss._ZN3mod3owr31g_evt_mario_set_pose_trampolineE
                0x0000eb24        0x4 OWR.o
                0x0000eb24                _ZN3mod3owr31g_evt_mario_set_pose_trampolineE
 .bss._ZN3mod3owr30g_partySetForceMove_trampolineE
                0x0000eb28        0x4 OWR.o
                0x0000eb28                _ZN3mod3owr30g_partySetForceMove_trampolineE
 .bss._ZN3mod3owr25g_pouchGetItem_trampolineE
                0x0000eb2c        0x4 OWR.o
                0x0000eb2c                _ZN3mod3owr25g_pouchGetItem_trampolineE
 .bss._ZN3mod3owr22g_seqSetSeq_trampolineE
                0x0000eb30        0x4 OWR.o
                0x0000eb30                _ZN3mod3owr22g_seqSetSeq_trampolineE
 .bss._ZN3mod3owr19g_OSLink_trampolineE
                0x0000eb34        0x4 OWR.o
                0x0000eb34                _ZN3mod3owr19g_OSLink_trampolineE
 .bss._ZN3mod3owr6gStateE
                0x0000eb38        0x4 OWR.o
                0x0000eb38                _ZN3mod3owr6gStateE
 .bss._ZN3mod3owr5gSelfE
                0x0000eb3c        0x4 OWR.o
                0x0000eb3c                _ZN3mod3owr5gSelfE
 .bss._ZN3mod3owr7item_dbE
                0x0000eb40        0x4 OWR.o
                0x0000eb40                _ZN3mod3owr7item_dbE
 .bss.gState    0x0000eb44        0x4 StateManager.o
                0x0000eb44                gState
 .bss._ZN3modL12mod_if_obj24E
                0x0000eb48        0x8 con_mario.o
 .bss._ZN3mod14mario_show_posE
                0x0000eb50       0x10 con_mario.o
                0x0000eb50                _ZN3mod14mario_show_posE
 .bss._ZN3mod13mario_set_posE
                0x0000eb60        0xc con_mario.o
                0x0000eb60                _ZN3mod13mario_set_posE
 .bss._ZN3modL12mod_if_obj51E
                0x0000eb6c        0x8 con_perf.o
 .bss._ZN3mod14mem_debug_heapE
                0x0000eb74       0x10 con_perf.o
                0x0000eb74                _ZN3mod14mem_debug_heapE
 .bss._ZN3mod15perf_fake_spikeE
                0x0000eb84        0xc con_perf.o
                0x0000eb84                _ZN3mod15perf_fake_spikeE
 .bss._ZN3mod14seq_change_mapE
                0x0000eb90        0xc con_seq.o
                0x0000eb90                _ZN3mod14seq_change_mapE
 .bss._ZN3modL12mod_if_obj16E
                0x0000eb9c        0x8 con_seq.o
 .bss._ZN3mod24gTrampoline_seq_logoMainE
                0x0000eba4        0x4 con_seq.o
                0x0000eba4                _ZN3mod24gTrampoline_seq_logoMainE
 .bss._ZN3mod13seq_logo_skipE
                0x0000eba8       0x10 con_seq.o
                0x0000eba8                _ZN3mod13seq_logo_skipE
 .bss._ZN3mod4findE
                0x0000ebb8        0xc console.o
                0x0000ebb8                _ZN3mod4findE
 .bss._ZN3mod11con_ug_chanE
                0x0000ebc4       0x10 console.o
                0x0000ebc4                _ZN3mod11con_ug_chanE
 .bss._ZN3mod11con_ug_modeE
                0x0000ebd4       0x10 console.o
                0x0000ebd4                _ZN3mod11con_ug_modeE
 .bss._ZN3mod21con_log_fade_durationE
                0x0000ebe4       0x10 console.o
                0x0000ebe4                _ZN3mod21con_log_fade_durationE
 .bss._ZN3mod18con_log_fade_startE
                0x0000ebf4       0x10 console.o
                0x0000ebf4                _ZN3mod18con_log_fade_startE
 .bss._ZN3mod12con_log_fadeE
                0x0000ec04       0x10 console.o
                0x0000ec04                _ZN3mod12con_log_fadeE
 .bss._ZN3mod13con_log_levelE
                0x0000ec14       0x10 console.o
                0x0000ec14                _ZN3mod13con_log_levelE
 .bss._ZN3mod11con_rainbowE
                0x0000ec24       0x10 console.o
                0x0000ec24                _ZN3mod11con_rainbowE
 .bss._ZN3mod8con_monoE
                0x0000ec34       0x10 console.o
                0x0000ec34                _ZN3mod8con_monoE
 .bss._ZN3mod8con_showE
                0x0000ec44       0x10 console.o
                0x0000ec44                _ZN3mod8con_showE
 .bss._ZN3mod8gConsoleE
                0x0000ec54        0x4 console.o
                0x0000ec54                _ZN3mod8gConsoleE
 .bss._ZN3mod9ConIntVar6sFirstE
                0x0000ec58        0x4 console.o
                0x0000ec58                _ZN3mod9ConIntVar6sFirstE
 .bss._ZN3mod10ConCommand6sFirstE
                0x0000ec5c        0x4 console.o
                0x0000ec5c                _ZN3mod10ConCommand6sFirstE
 .bss.g_animPoseMain_trampoline
                0x0000ec60        0x4 errorHandling.o
                0x0000ec60                g_animPoseMain_trampoline
 .bss.g_npcNameToPtr_trampoline
                0x0000ec64        0x4 errorHandling.o
                0x0000ec64                g_npcNameToPtr_trampoline
 .bss.heapCorruptionInfo
                0x0000ec68        0x8 errorHandling.o
                0x0000ec68                heapCorruptionInfo
 .bss.animPoseMainErrorInfo
                0x0000ec70        0x4 errorHandling.o
                0x0000ec70                animPoseMainErrorInfo
 .bss.npcNameToPtrErrorInfo
                0x0000ec74        0x4 errorHandling.o
                0x0000ec74                npcNameToPtrErrorInfo
 .bss._ZN3mod4gModE
                0x0000ec78        0x4 mod.o
                0x0000ec78                _ZN3mod4gModE
 .bss._ZN17ModUpdateFunction6sFirstE
                0x0000ec7c        0x4 mod.o
                0x0000ec7c                _ZN17ModUpdateFunction6sFirstE
 .bss._ZN15ModInitFunction6sFirstE
                0x0000ec80        0x4 mod.o
                0x0000ec80                _ZN15ModInitFunction6sFirstE
 *(.gnu.linkonce.b.*)
 *(COMMON)
                0x0000eca0                        . = ALIGN (0x20)
 *fill*         0x0000ec84       0x1c 
                [!provide]                        PROVIDE (__bss_end = .)
                0x0000eca0                        __bss_end = .
                0x0000eca0                        _end = .
                [!provide]                        PROVIDE (end = .)

.bss._ZZNK3mod14seq_change_mapMUlPKcE_clES2_E8beroName
                0x00000000       0x20
 .bss._ZZNK3mod14seq_change_mapMUlPKcE_clES2_E8beroName
                0x00000000       0x20 con_seq.o
                0x00000000                _ZZNK3mod14seq_change_mapMUlPKcE_clES1_E8beroName
                0x00000000                _ZZNK3mod14seq_change_mapMUlPKcE_clES2_E8beroName

.bss._ZZNK3mod14seq_change_mapMUlPKcE_clES2_E7mapName
                0x00000000       0x20
 .bss._ZZNK3mod14seq_change_mapMUlPKcE_clES2_E7mapName
                0x00000000       0x20 con_seq.o
                0x00000000                _ZZNK3mod14seq_change_mapMUlPKcE_clES2_E7mapName
                0x00000000                _ZZNK3mod14seq_change_mapMUlPKcE_clES1_E7mapName

.stab
 *(.stab)

.stabstr
 *(.stabstr)

.stab.excl
 *(.stab.excl)

.stab.exclstr
 *(.stab.exclstr)

.stab.index
 *(.stab.index)

.stab.indexstr
 *(.stab.indexstr)

.comment        0x00000000      0x6c0
 *(.comment)
 .comment       0x00000000       0x24 OWR.o
 .comment       0x00000024       0x24 StateManager.o
 .comment       0x00000048       0x24 common.o
 .comment       0x0000006c       0x24 con_mario.o
 .comment       0x00000090       0x24 con_perf.o
 .comment       0x000000b4       0x24 con_seq.o
 .comment       0x000000d8       0x24 console.o
 .comment       0x000000fc       0x24 cxx.o
 .comment       0x00000120       0x24 errorHandling.o
 .comment       0x00000144       0x24 gamePatches.o
 .comment       0x00000168       0x24 keyboard.o
 .comment       0x0000018c       0x24 mod.o
 .comment       0x000001b0       0x24 patch.o
 .comment       0x000001d4       0x24 printf.o
 .comment       0x000001f8       0x24 rel.o
 .comment       0x0000021c       0x24 ug.o
 .comment       0x00000240       0x24 util.o
 .comment       0x00000264       0x24 aaa.o
 .comment       0x00000288       0x24 aji.o
 .comment       0x000002ac       0x24 bom.o
 .comment       0x000002d0       0x24 dou.o
 .comment       0x000002f4       0x24 eki.o
 .comment       0x00000318       0x24 end.o
 .comment       0x0000033c       0x24 gon.o
 .comment       0x00000360       0x24 gor_00.o
 .comment       0x00000384       0x24 gor_01.o
 .comment       0x000003a8       0x24 gor_02.o
 .comment       0x000003cc       0x24 gor_03.o
 .comment       0x000003f0       0x24 gor_04.o
 .comment       0x00000414       0x24 gor_misc.o
 .comment       0x00000438       0x24 gra.o
 .comment       0x0000045c       0x24 hei.o
 .comment       0x00000480       0x24 hom.o
 .comment       0x000004a4       0x24 jin.o
 .comment       0x000004c8       0x24 kpa.o
 .comment       0x000004ec       0x24 las.o
 .comment       0x00000510       0x24 main.o
 .comment       0x00000534       0x24 moo.o
 .comment       0x00000558       0x24 mri.o
 .comment       0x0000057c       0x24 muj.o
 .comment       0x000005a0       0x24 nok.o
 .comment       0x000005c4       0x24 pik.o
 .comment       0x000005e8       0x24 rsh.o
 .comment       0x0000060c       0x24 tik.o
 .comment       0x00000630       0x24 tou.o
 .comment       0x00000654       0x24 tou2.o
 .comment       0x00000678       0x24 usu.o
 .comment       0x0000069c       0x24 win.o

.gnu.attributes
                0x00000000       0x10
 .gnu.attributes
                0x00000000       0x10 OWR.o
 .gnu.attributes
                0x00000010       0x10 common.o
 .gnu.attributes
                0x00000020       0x10 con_mario.o
 .gnu.attributes
                0x00000030       0x10 con_perf.o
 .gnu.attributes
                0x00000040       0x10 console.o
 .gnu.attributes
                0x00000050       0x10 errorHandling.o
 .gnu.attributes
                0x00000060       0x10 mod.o
 .gnu.attributes
                0x00000070       0x10 printf.o
 .gnu.attributes
                0x00000080       0x10 util.o

.group          0x00000000        0xc
 .group         0x00000000        0xc con_mario.o

.group          0x00000000        0xc
 .group         0x00000000        0xc con_perf.o

.group          0x00000000        0xc
 .group         0x00000000        0xc con_seq.o

.group          0x00000000        0x8
 .group         0x00000000        0x8 con_seq.o

.group          0x00000000        0x8
 .group         0x00000000        0x8 con_seq.o

.group          0x00000000        0xc
 .group         0x00000000        0xc console.o

.group          0x00000000        0xc
 .group         0x00000000        0xc errorHandling.o

.debug
 *(.debug)

.line
 *(.line)

.debug_srcinfo
 *(.debug_srcinfo)

.debug_sfnames
 *(.debug_sfnames)

.debug_aranges  0x00000000      0x9b8
 *(.debug_aranges)
 .debug_aranges
                0x00000000       0x98 OWR.o
 .debug_aranges
                0x00000098       0x28 StateManager.o
 .debug_aranges
                0x000000c0       0x60 common.o
 .debug_aranges
                0x00000120       0x30 con_mario.o
 .debug_aranges
                0x00000150       0x30 con_perf.o
 .debug_aranges
                0x00000180       0x38 con_seq.o
 .debug_aranges
                0x000001b8       0xa8 console.o
 .debug_aranges
                0x00000260       0x48 cxx.o
 .debug_aranges
                0x000002a8       0x98 errorHandling.o
 .debug_aranges
                0x00000340       0x50 gamePatches.o
 .debug_aranges
                0x00000390       0x40 keyboard.o
 .debug_aranges
                0x000003d0       0x58 mod.o
 .debug_aranges
                0x00000428       0x80 patch.o
 .debug_aranges
                0x000004a8       0x28 printf.o
 .debug_aranges
                0x000004d0       0x30 rel.o
 .debug_aranges
                0x00000500       0x38 ug.o
 .debug_aranges
                0x00000538       0x50 util.o
 .debug_aranges
                0x00000588       0x20 aaa.o
 .debug_aranges
                0x000005a8       0x28 aji.o
 .debug_aranges
                0x000005d0       0x20 bom.o
 .debug_aranges
                0x000005f0       0x20 dou.o
 .debug_aranges
                0x00000610       0x20 eki.o
 .debug_aranges
                0x00000630       0x20 end.o
 .debug_aranges
                0x00000650       0x20 gon.o
 .debug_aranges
                0x00000670       0x28 gor_00.o
 .debug_aranges
                0x00000698       0x20 gor_01.o
 .debug_aranges
                0x000006b8       0x20 gor_02.o
 .debug_aranges
                0x000006d8       0x20 gor_03.o
 .debug_aranges
                0x000006f8       0x20 gor_04.o
 .debug_aranges
                0x00000718       0x28 gor_misc.o
 .debug_aranges
                0x00000740       0x20 gra.o
 .debug_aranges
                0x00000760       0x20 hei.o
 .debug_aranges
                0x00000780       0x20 hom.o
 .debug_aranges
                0x000007a0       0x20 jin.o
 .debug_aranges
                0x000007c0       0x20 kpa.o
 .debug_aranges
                0x000007e0       0x20 las.o
 .debug_aranges
                0x00000800       0x40 main.o
 .debug_aranges
                0x00000840       0x20 moo.o
 .debug_aranges
                0x00000860       0x20 mri.o
 .debug_aranges
                0x00000880       0x28 muj.o
 .debug_aranges
                0x000008a8       0x20 nok.o
 .debug_aranges
                0x000008c8       0x20 pik.o
 .debug_aranges
                0x000008e8       0x20 rsh.o
 .debug_aranges
                0x00000908       0x30 tik.o
 .debug_aranges
                0x00000938       0x20 tou.o
 .debug_aranges
                0x00000958       0x20 tou2.o
 .debug_aranges
                0x00000978       0x20 usu.o
 .debug_aranges
                0x00000998       0x20 win.o

.debug_pubnames
 *(.debug_pubnames)

.debug_info     0x00000000    0x4400b
 *(.debug_info)
 .debug_info    0x00000000     0x66ba OWR.o
 .debug_info    0x000066ba      0x3bd StateManager.o
 .debug_info    0x00006a77      0xf83 common.o
 .debug_info    0x000079fa     0x246d con_mario.o
 .debug_info    0x00009e67     0x2156 con_perf.o
 .debug_info    0x0000bfbd     0x2105 con_seq.o
 .debug_info    0x0000e0c2     0x3a79 console.o
 .debug_info    0x00011b3b      0x407 cxx.o
 .debug_info    0x00011f42     0x3b32 errorHandling.o
 .debug_info    0x00015a74     0x2c19 gamePatches.o
 .debug_info    0x0001868d      0xe4d keyboard.o
 .debug_info    0x000194da     0x33da mod.o
 .debug_info    0x0001c8b4      0xe1b patch.o
 .debug_info    0x0001d6cf      0x580 printf.o
 .debug_info    0x0001dc4f      0x103 rel.o
 .debug_info    0x0001dd52      0x77f ug.o
 .debug_info    0x0001e4d1      0x9c5 util.o
 .debug_info    0x0001ee96      0x304 aaa.o
 .debug_info    0x0001f19a     0x1bad aji.o
 .debug_info    0x00020d47      0x41c bom.o
 .debug_info    0x00021163     0x1160 dou.o
 .debug_info    0x000222c3      0xbfb eki.o
 .debug_info    0x00022ebe      0x2fa end.o
 .debug_info    0x000231b8     0x11fc gon.o
 .debug_info    0x000243b4     0x1fee gor_00.o
 .debug_info    0x000263a2     0x126b gor_01.o
 .debug_info    0x0002760d     0x18a9 gor_02.o
 .debug_info    0x00028eb6      0xc5a gor_03.o
 .debug_info    0x00029b10      0x710 gor_04.o
 .debug_info    0x0002a220     0x1154 gor_misc.o
 .debug_info    0x0002b374      0xa46 gra.o
 .debug_info    0x0002bdba     0x13ea hei.o
 .debug_info    0x0002d1a4      0x9f5 hom.o
 .debug_info    0x0002db99      0x4e5 jin.o
 .debug_info    0x0002e07e      0x340 kpa.o
 .debug_info    0x0002e3be      0xdc8 las.o
 .debug_info    0x0002f186     0x38cf main.o
 .debug_info    0x00032a55      0x98a moo.o
 .debug_info    0x000333df     0x1dc5 mri.o
 .debug_info    0x000351a4     0x2c7a muj.o
 .debug_info    0x00037e1e     0x15dd nok.o
 .debug_info    0x000393fb     0x16d8 pik.o
 .debug_info    0x0003aad3     0x1e4e rsh.o
 .debug_info    0x0003c921     0x249a tik.o
 .debug_info    0x0003edbb     0x1bcf tou.o
 .debug_info    0x0004098a      0x41c tou2.o
 .debug_info    0x00040da6     0x1eb1 usu.o
 .debug_info    0x00042c57     0x13b4 win.o

.debug_abbrev   0x00000000     0x8783
 *(.debug_abbrev)
 .debug_abbrev  0x00000000      0x7e4 OWR.o
 .debug_abbrev  0x000007e4      0x17e StateManager.o
 .debug_abbrev  0x00000962      0x217 common.o
 .debug_abbrev  0x00000b79      0x61b con_mario.o
 .debug_abbrev  0x00001194      0x66b con_perf.o
 .debug_abbrev  0x000017ff      0x68b con_seq.o
 .debug_abbrev  0x00001e8a      0x940 console.o
 .debug_abbrev  0x000027ca      0x1a8 cxx.o
 .debug_abbrev  0x00002972      0x79a errorHandling.o
 .debug_abbrev  0x0000310c      0x4a8 gamePatches.o
 .debug_abbrev  0x000035b4      0x32f keyboard.o
 .debug_abbrev  0x000038e3      0x74f mod.o
 .debug_abbrev  0x00004032      0x21e patch.o
 .debug_abbrev  0x00004250      0x1d5 printf.o
 .debug_abbrev  0x00004425       0xf0 rel.o
 .debug_abbrev  0x00004515      0x1bf ug.o
 .debug_abbrev  0x000046d4      0x21e util.o
 .debug_abbrev  0x000048f2       0xcc aaa.o
 .debug_abbrev  0x000049be      0x2a4 aji.o
 .debug_abbrev  0x00004c62       0xcc bom.o
 .debug_abbrev  0x00004d2e      0x1f2 dou.o
 .debug_abbrev  0x00004f20      0x1d6 eki.o
 .debug_abbrev  0x000050f6       0xcc end.o
 .debug_abbrev  0x000051c2      0x1e3 gon.o
 .debug_abbrev  0x000053a5      0x260 gor_00.o
 .debug_abbrev  0x00005605      0x21d gor_01.o
 .debug_abbrev  0x00005822      0x244 gor_02.o
 .debug_abbrev  0x00005a66      0x1e3 gor_03.o
 .debug_abbrev  0x00005c49      0x12e gor_04.o
 .debug_abbrev  0x00005d77      0x2a0 gor_misc.o
 .debug_abbrev  0x00006017      0x1cb gra.o
 .debug_abbrev  0x000061e2      0x1ee hei.o
 .debug_abbrev  0x000063d0      0x1c1 hom.o
 .debug_abbrev  0x00006591      0x154 jin.o
 .debug_abbrev  0x000066e5       0xcc kpa.o
 .debug_abbrev  0x000067b1      0x1e3 las.o
 .debug_abbrev  0x00006994      0x45f main.o
 .debug_abbrev  0x00006df3      0x1c5 moo.o
 .debug_abbrev  0x00006fb8      0x229 mri.o
 .debug_abbrev  0x000071e1      0x338 muj.o
 .debug_abbrev  0x00007519      0x218 nok.o
 .debug_abbrev  0x00007731      0x217 pik.o
 .debug_abbrev  0x00007948      0x215 rsh.o
 .debug_abbrev  0x00007b5d      0x52f tik.o
 .debug_abbrev  0x0000808c      0x227 tou.o
 .debug_abbrev  0x000082b3       0xcc tou2.o
 .debug_abbrev  0x0000837f      0x215 usu.o
 .debug_abbrev  0x00008594      0x1ef win.o

.debug_line     0x00000000    0x163f8
 *(.debug_line)
 .debug_line    0x00000000     0x11ce OWR.o
 .debug_line    0x000011ce      0x1c2 StateManager.o
 .debug_line    0x00001390      0x351 common.o
 .debug_line    0x000016e1      0x4a2 con_mario.o
 .debug_line    0x00001b83      0x5c0 con_perf.o
 .debug_line    0x00002143      0x52f con_seq.o
 .debug_line    0x00002672     0x131b console.o
 .debug_line    0x0000398d      0x1f6 cxx.o
 .debug_line    0x00003b83      0xd19 errorHandling.o
 .debug_line    0x0000489c      0x68a gamePatches.o
 .debug_line    0x00004f26      0x4ae keyboard.o
 .debug_line    0x000053d4      0x6c8 mod.o
 .debug_line    0x00005a9c      0x41b patch.o
 .debug_line    0x00005eb7      0x24f printf.o
 .debug_line    0x00006106      0x13d rel.o
 .debug_line    0x00006243      0x360 ug.o
 .debug_line    0x000065a3      0x40c util.o
 .debug_line    0x000069af      0x205 aaa.o
 .debug_line    0x00006bb4      0xe79 aji.o
 .debug_line    0x00007a2d      0x553 bom.o
 .debug_line    0x00007f80      0x61b dou.o
 .debug_line    0x0000859b      0x507 eki.o
 .debug_line    0x00008aa2      0x1f5 end.o
 .debug_line    0x00008c97      0x666 gon.o
 .debug_line    0x000092fd      0x89e gor_00.o
 .debug_line    0x00009b9b      0x687 gor_01.o
 .debug_line    0x0000a222      0x685 gor_02.o
 .debug_line    0x0000a8a7      0x7bb gor_03.o
 .debug_line    0x0000b062      0x4aa gor_04.o
 .debug_line    0x0000b50c      0x415 gor_misc.o
 .debug_line    0x0000b921      0x43d gra.o
 .debug_line    0x0000bd5e      0x554 hei.o
 .debug_line    0x0000c2b2      0x3b4 hom.o
 .debug_line    0x0000c666      0x5c2 jin.o
 .debug_line    0x0000cc28      0x28e kpa.o
 .debug_line    0x0000ceb6      0x84c las.o
 .debug_line    0x0000d702      0xc4d main.o
 .debug_line    0x0000e34f      0x2d8 moo.o
 .debug_line    0x0000e627     0x1027 mri.o
 .debug_line    0x0000f64e     0x113e muj.o
 .debug_line    0x0001078c      0x59a nok.o
 .debug_line    0x00010d26      0x862 pik.o
 .debug_line    0x00011588     0x151e rsh.o
 .debug_line    0x00012aa6      0xa61 tik.o
 .debug_line    0x00013507     0x1781 tou.o
 .debug_line    0x00014c88      0x583 tou2.o
 .debug_line    0x0001520b      0xc98 usu.o
 .debug_line    0x00015ea3      0x555 win.o

.debug_frame
 *(.debug_frame)

.debug_str      0x00000000    0x480f3
 *(.debug_str)
 .debug_str     0x00000000     0x58e5 OWR.o
 .debug_str     0x000058e5      0x3ab StateManager.o
 .debug_str     0x00005c90     0x13e4 common.o
 .debug_str     0x00007074     0x1985 con_mario.o
 .debug_str     0x000089f9     0x159c con_perf.o
 .debug_str     0x00009f95     0x16c0 con_seq.o
 .debug_str     0x0000b655     0x19f9 console.o
 .debug_str     0x0000d04e      0x35e cxx.o
 .debug_str     0x0000d3ac     0x209b errorHandling.o
 .debug_str     0x0000f447     0x23f5 gamePatches.o
 .debug_str     0x0001183c      0x95f keyboard.o
 .debug_str     0x0001219b     0x226b mod.o
 .debug_str     0x00014406      0x726 patch.o
 .debug_str     0x00014b2c      0x468 printf.o
 .debug_str     0x00014f94      0x191 rel.o
 .debug_str     0x00015125      0x39b ug.o
 .debug_str     0x000154c0      0x654 util.o
 .debug_str     0x00015b14      0x432 aaa.o
 .debug_str     0x00015f46     0x2543 aji.o
 .debug_str     0x00018489      0x62f bom.o
 .debug_str     0x00018ab8     0x1cee dou.o
 .debug_str     0x0001a7a6      0xfb0 eki.o
 .debug_str     0x0001b756      0x42c end.o
 .debug_str     0x0001bb82     0x1d77 gon.o
 .debug_str     0x0001d8f9     0x2a81 gor_00.o
 .debug_str     0x0002037a     0x1ab9 gor_01.o
 .debug_str     0x00021e33     0x24c3 gor_02.o
 .debug_str     0x000242f6      0xfb7 gor_03.o
 .debug_str     0x000252ad      0x5a3 gor_04.o
 .debug_str     0x00025850     0x1bdd gor_misc.o
 .debug_str     0x0002742d      0xcc8 gra.o
 .debug_str     0x000280f5     0x20bf hei.o
 .debug_str     0x0002a1b4      0xcd2 hom.o
 .debug_str     0x0002ae86      0x66a jin.o
 .debug_str     0x0002b4f0      0x482 kpa.o
 .debug_str     0x0002b972     0x1252 las.o
 .debug_str     0x0002cbc4     0x329e main.o
 .debug_str     0x0002fe62      0xbba moo.o
 .debug_str     0x00030a1c     0x2998 mri.o
 .debug_str     0x000333b4     0x3f7c muj.o
 .debug_str     0x00037330     0x1f01 nok.o
 .debug_str     0x00039231     0x209e pik.o
 .debug_str     0x0003b2cf     0x2aa7 rsh.o
 .debug_str     0x0003dd76     0x2fba tik.o
 .debug_str     0x00040d30     0x2767 tou.o
 .debug_str     0x00043497      0x60d tou2.o
 .debug_str     0x00043aa4     0x28ba usu.o
 .debug_str     0x0004635e     0x1d95 win.o

.debug_loc
 *(.debug_loc)

.debug_macinfo
 *(.debug_macinfo)

.debug_weaknames
 *(.debug_weaknames)

.debug_funcnames
 *(.debug_funcnames)

.debug_typenames
 *(.debug_typenames)

.debug_varnames
 *(.debug_varnames)
                0x00000000                        __isIPL = 0x0
                0x0002eca0                        __stack_addr = ((((__bss_start + SIZEOF (.bss)) + 0x20000) + 0x7) & 0xfffffffffffffff8)