Archive member included to satisfy reference by file (symbol)

C:/devkitPro/devkitPPC/bin/../lib/gcc/powerpc-eabi/13.1.0\libgcc.a(_divdi3.o)
                              console.o (__divdi3)

Discarded input sections

 .text          0x00000000        0x0 OWR.o
 .data          0x00000000        0x0 OWR.o
 .bss           0x00000000        0x0 OWR.o
 .text._ZN3mod3owr3OWR8AAAToGOREv
                0x00000000       0x48 OWR.o
 .text._ZN3mod3owr3OWR12HomewardWarpEv
                0x00000000       0x58 OWR.o
 .text._ZN3mod3owr3OWR12RecieveItemsEv
                0x00000000       0x68 OWR.o
 .bss._ZN3mod3owr25g_stg0_00_init_trampolineE
                0x00000000        0x4 OWR.o
 .bss._ZN3mod3owr22g_itemEntry_trampolineE
                0x00000000        0x4 OWR.o
 .text          0x00000000        0x0 StateManager.o
 .data          0x00000000        0x0 StateManager.o
 .bss           0x00000000        0x0 StateManager.o
 .text._ZN3mod3owr12StateManager4InitEv
                0x00000000       0x18 StateManager.o
 .text          0x00000000        0x0 common.o
 .data          0x00000000        0x0 common.o
 .bss           0x00000000        0x0 common.o
 .text._ZN3mod6common14GetCurrentAreaEv
                0x00000000       0x1c common.o
 .text._ZN3mod6common13GetCurrentMapEv
                0x00000000       0x1c common.o
 .text._ZN3mod6common11GetFilenameEv
                0x00000000       0x1c common.o
 .text._ZN3mod6common16GetStorySequenceEv
                0x00000000       0x24 common.o
 .text._ZN3mod6common14GetPitSequenceEv
                0x00000000       0x2c common.o
 .text._ZN3mod6common17GetSavedFlagValueEi
                0x00000000       0x44 common.o
 .text._ZN3mod6common21HasKeyItemInInventoryEs
                0x00000000       0x60 common.o
 .text._ZN3mod6common25GetBattleWindowDataOffsetEv
                0x00000000       0x1c common.o
 .text._ZN3mod6common21GetStatusWindowHeightEv
                0x00000000       0x28 common.o
 .data._ZN3mod6common29kUnknownStatusWindowStructPtrE
                0x00000000        0x4 common.o
 .data._ZN3mod6common10kBattlePtrE
                0x00000000        0x4 common.o
 .data._ZN3mod6common9kPouchPtrE
                0x00000000        0x4 common.o
 .data._ZN3mod6common12kSaveDataPtrE
                0x00000000        0x4 common.o
 .rodata._ZN3mod6common32kUltraHammerChestDespawnIdOffsetE
                0x00000000        0x4 common.o
 .rodata._ZN3mod6common27kObjectCollectionExprOffsetE
                0x00000000        0x4 common.o
 .rodata._ZN3mod6common27kObjectChestScriptPtrOffsetE
                0x00000000        0x4 common.o
 .rodata._ZN3mod6common33kMujModuleFlavioDesiredItemOffsetE
                0x00000000        0x4 common.o
 .rodata._ZN3mod6common36kJinModuleAtomicBooItemGswfSetOffsetE
                0x00000000        0x4 common.o
 .rodata._ZN3mod6common39kJinModuleAtomicBooItemObjectFlagOffsetE
                0x00000000        0x4 common.o
 .rodata._ZN3mod6common32kPitModuleCharlietonChanceOffsetE
                0x00000000        0x4 common.o
 .rodata._ZN3mod6common22kPitModuleNpcArrOffsetE
                0x00000000        0x4 common.o
 .rodata._ZN3mod6common23kSavedWordFlagBaseValueE
                0x00000000        0x4 common.o
 .data._ZN3mod6common20kPiantaParlorItemArrE
                0x00000000        0x4 common.o
 .data._ZN3mod6common21kPitCharlietonItemArrE
                0x00000000        0x4 common.o
 .data._ZN3mod6common12kHowzItemArrE
                0x00000000        0x4 common.o
 .data._ZN3mod6common18kCharlietonItemArrE
                0x00000000        0x4 common.o
 .data._ZN3mod6common14kDazzleItemArrE
                0x00000000        0x4 common.o
 .data._ZN3mod6common20kSuperguardFramesArrE
                0x00000000        0x4 common.o
 .data._ZN3mod6common15kGuardFramesArrE
                0x00000000        0x4 common.o
 .data._ZN3mod6common25kSuperChargePartnerParamsE
                0x00000000        0x4 common.o
 .data._ZN3mod6common18kSuperChargeParamsE
                0x00000000        0x4 common.o
 .data._ZN3mod6common19kPiercingBlowParamsE
                0x00000000        0x4 common.o
 .data._ZN3mod6common18kHammerThrowParamsE
                0x00000000        0x4 common.o
 .data._ZN3mod6common17kKoopaCurseParamsE
                0x00000000        0x4 common.o
 .data._ZN3mod6common15kTradeOffParamsE
                0x00000000        0x4 common.o
 .data._ZN3mod6common17kGulpRecoilParamsE
                0x00000000        0x4 common.o
 .data._ZN3mod6common24kUltraHammerRecoilParamsE
                0x00000000        0x4 common.o
 .data._ZN3mod6common24kSuperHammerRecoilParamsE
                0x00000000        0x4 common.o
 .data._ZN3mod6common8kNextMapE
                0x00000000        0x4 common.o
 .rodata.cst4   0x00000000        0x4 common.o
 .text          0x00000000        0x0 con_mario.o
 .data          0x00000000        0x0 con_mario.o
 .bss           0x00000000        0x0 con_mario.o
[...]
Memory Configuration

Name             Origin             Length             Attributes
*default*        0x00000000         0xffffffff

Linker script and memory map

                0x80003100                        . = 0x80003100

.init
 *crt0.o(*.init)
 *(.init)

.plt
 *(.plt)

.interp
 *(.interp)

.hash
 *(.hash)

.dynsym
 *(.dynsym)

.dynstr
 *(.dynstr)

.gnu.version
 *(.gnu.version)

.gnu.version_d
 *(.gnu.version_d)

.gnu.version_r
 *(.gnu.version_r)

.rel.init
 *(.rel.init)

.rela.init
 *(.rela.init)

.rel.text
 *(.rel.text .rel.text.* .rel.gnu.linkonce.t.*)

.rela.text
 *(.rela.text .rela.text.* .rela.gnu.linkonce.t.*)

.rel.fini
 *(.rel.fini)

.rela.fini
 *(.rela.fini)

.rel.rodata
 *(.rel.rodata .rel.rodata.* .rel.gnu.linkonce.r.*)

.rela.rodata
 *(.rela.rodata .rela.rodata.* .rela.gnu.linkonce.r.*)

.rel.data
 *(.rel.data .rel.data.* .rel.gnu.linkonce.d.*)

.rela.data
 *(.rela.data .rela.data.* .rela.gnu.linkonce.d.*)

.rel.tdata
 *(.rel.tdata .rel.tdata.* .rel.gnu.linkonce.td.*)

.rela.tdata
 *(.rela.tdata .rela.tdata.* .rela.gnu.linkonce.td.*)

.rel.tbss
 *(.rel.tbss .rel.tbss.* .rel.gnu.linkonce.tb.*)

.rela.tbss
 *(.rela.tbss .rela.tbss.* .rela.gnu.linkonce.tb.*)

.rel.ctors
 *(.rel.ctors)

.rela.ctors
 *(.rela.ctors)

.rel.dtors
 *(.rel.dtors)

.rela.dtors
 *(.rela.dtors)

.rel.got
 *(.rel.got)

.rela.got
 *(.rela.got)

.rela.got1
 *(.rela.got1)

.rela.got2
 *(.rela.got2)

.rel.sdata
 *(.rel.sdata .rel.sdata.* .rel.gnu.linkonce.s.*)

.rela.sdata
 *(.rela.sdata .rela.sdata.* .rela.gnu.linkonce.s.*)

.rel.sbss
 *(.rel.sbss .rel.sbss.* .rel.gnu.linkonce.sb.*)

.rela.sbss
 *(.rela.sbss .rela.sbss.* .rel.gnu.linkonce.sb.*)

.rel.sdata2
 *(.rel.sdata2 .rel.sdata2.* .rel.gnu.linkonce.s2.*)

.rela.sdata2
 *(.rela.sdata2 .rela.sdata2.* .rela.gnu.linkonce.s2.*)

.rel.sbss2
 *(.rel.sbss2 .rel.sbss2.* .rel.gnu.linkonce.sb2.*)

.rela.sbss2
 *(.rela.sbss2 .rela.sbss2.* .rela.gnu.linkonce.sb2.*)

.rel.bss
 *(.rel.bss .rel.bss.* .rel.gnu.linkonce.b.*)

.rela.bss
 *(.rela.bss .rela.bss.* .rela.gnu.linkonce.b.*)

.rel.plt
 *(.rel.plt)

.rela.plt
 *(.rela.plt)

.text           0x80003100     0xe980
 *(.text)
 .text          0x80003100        0x8 FixBlooperCrash1.o
                0x80003100                asmFixBlooperCrash1
 .text          0x80003108       0x14 FixBlooperCrash2.o
                0x80003108                asmFixBlooperCrash2
 .text          0x8000311c       0x10 PreventDiaryTextboxSelection.o
                0x8000311c                asmPreventDiaryTextboxSelection
 .text          0x8000312c      0x2b8 asm_main.o
                0x8000312c                bMapGXArrInject
                0x80003138                bMapGXArrInjectReturn
                0x8000313c                bMapGXArrIncrement
                0x80003144                bMapGXArrIncrementReturn
                0x80003148                bMapGXChSplit
                0x80003154                bMapGXChSplitReturn
                0x80003158                bWinLogArrInject
                0x80003164                bWinLogArrInjectReturn
                0x80003168                bWinLogArrIncrement
                0x80003170                bWinLogArrIncrementReturn
                0x80003174                bChapterClearCheck
                0x800031bc                bJohoyaSeqAddition
                0x800031f4                bPrintPartyAddErrorFix
                0x80003230                bPrintPartyAddErrorFixReturn
                0x80003234                bPrintPartyErrorFix
                0x80003270                bPrintPartyErrorFixReturn
                0x80003274                bKururingFloorCapture
                0x8000327c                bKururingFloorCaptureReturn
                0x80003280                bKururingFloorRelease
                0x80003288                bKururingFloorReleaseReturn
                0x8000328c                bPowerupblkCapture
                0x800032a4                bPowerupblkCaptureReturn
                0x800032a8                bPowerupblkRelease
                0x800032b0                bPowerupblkReleaseReturn
                0x800032b4                bPeachPointer
                0x8000331c                breakfastValueRestore
                0x80003324                bPeachReturn
                0x80003328                win_log_mapGX_arr
 *(.text.*)
 *fill*         0x800033e4        0x0 00000000
 .text._ZZN3mod3owr3OWR4InitEvENUliE_4_FUNEi
                0x800033e4      0x1cc OWR.o
 .text._ZZN3mod3owr3OWR4InitEvENUlPKcE_4_FUNES3_
                0x800035b0      0x3a0 OWR.o
 .text._ZN3mod3owr3OWRC2Ev
                0x80003950        0x4 OWR.o
                0x80003950                _ZN3mod3owr3OWRC1Ev
                0x80003950                _ZN3mod3owr3OWRC2Ev
 .text._ZN3mod3owr3OWR12SequenceInitEv
                0x80003954      0x12c OWR.o
                0x80003954                _ZN3mod3owr3OWR12SequenceInitEv
 .text._ZN3mod3owr3OWR4InitEv
                0x80003a80      0x120 OWR.o
                0x80003a80                _ZN3mod3owr3OWR4InitEv
 .text._ZN3mod3owr3OWR6UpdateEv
                0x80003ba0       0xc4 OWR.o
                0x80003ba0                _ZN3mod3owr3OWR6UpdateEv
 .text._ZN3mod3owr3OWR14OnModuleLoadedEPN2gc6OSLink12OSModuleInfoE
                0x80003c64       0x90 OWR.o
                0x80003c64                _ZN3mod3owr3OWR14OnModuleLoadedEPN2gc6OSLink12OSModuleInfoE
 .text._ZZN3mod3owr3OWR4InitEvENUlPN2gc6OSLink12OSModuleInfoEPvE_4_FUNES5_S6_
                0x80003cf4       0x84 OWR.o
 .text._ZN3mod3owr3OWR10DrawStringEPKcffjf
                0x80003d78       0xfc OWR.o
                0x80003d78                _ZN3mod3owr3OWR10DrawStringEPKcffjf
 .text.startup._GLOBAL__sub_I_GSWF_ARR
                0x80003e74       0x14 OWR.o
 .text._ZN3mod3owr12StateManagerC2Ev
                0x80003e88       0x18 StateManager.o
                0x80003e88                _ZN3mod3owr12StateManagerC2Ev
                0x80003e88                _ZN3mod3owr12StateManagerC1Ev
 .text._ZN3modL13mod_if_func22Ev
                0x80003ea0       0x54 con_mario.o
 .text.startup._GLOBAL__sub_I__ZN3mod13mario_set_posE
                0x80003ef4       0x88 con_mario.o
 .text._ZN3modL13mod_if_func46Ev
                0x80003f7c      0x19c con_perf.o
 .text.startup._GLOBAL__sub_I__ZN3mod15perf_fake_spikeE
                0x80004118       0x8c con_perf.o
 .text._ZZN3modL13mod_if_func16EvENUlPN4ttyd6seqdrv7SeqInfoEE_4_FUNES3_
                0x800041a4       0x44 con_seq.o
 .text._ZN3modL13mod_if_func16Ev
                0x800041e8       0x74 con_seq.o
 .text.startup._GLOBAL__sub_I__ZN3mod13seq_logo_skipE
                0x8000425c       0x8c con_seq.o
 .text._ZN3mod13ConsoleSystem4initEv
                0x800042e8       0x38 console.o
                0x800042e8                _ZN3mod13ConsoleSystem4initEv
 .text._ZN3mod13ConsoleSystem8logColorEPKcN2gc6color4E
                0x80004320      0x2a8 console.o
                0x80004320                _ZN3mod13ConsoleSystem8logColorEPKcN2gc6color4E
 .text._ZN3mod13ConsoleSystem7logInfoEPKcz
                0x800045c8       0xb8 console.o
                0x800045c8                _ZN3mod13ConsoleSystem7logInfoEPKcz
 .text._ZN3mod7CC_findEPKc
                0x80004680      0x12c console.o
                0x80004680                _ZN3mod7CC_findEPKc
 .text._ZN3mod13ConsoleSystem10logWarningEPKcz
                0x800047ac       0xbc console.o
                0x800047ac                _ZN3mod13ConsoleSystem10logWarningEPKcz
 .text._ZN3mod13ConsoleSystem8logErrorEPKcz
                0x80004868       0xbc console.o
                0x80004868                _ZN3mod13ConsoleSystem8logErrorEPKcz
 .text._ZN3mod13ConsoleSystem7overlayEPKcz
                0x80004924       0xd0 console.o
                0x80004924                _ZN3mod13ConsoleSystem7overlayEPKcz
 .text._ZN3mod13ConsoleSystem14processCommandEPKc
                0x800049f4      0x288 console.o
                0x800049f4                _ZN3mod13ConsoleSystem14processCommandEPKc
 .text._ZN3mod13ConsoleSystem12updatePromptEv
                0x80004c7c      0x974 console.o
                0x80004c7c                _ZN3mod13ConsoleSystem12updatePromptEv
 .text._ZN3mod13ConsoleSystem14updateUsbGeckoEv.part.0
                0x800055f0      0x19c console.o
 .text._ZN3mod13ConsoleSystem6updateEv
                0x8000578c       0x70 console.o
                0x8000578c                _ZN3mod13ConsoleSystem6updateEv
 .text._ZN3mod13ConsoleSystem4dispEv
                0x800057fc      0x534 console.o
                0x800057fc                _ZN3mod13ConsoleSystem4dispEv
 .text._ZZN3mod13ConsoleSystem6updateEvENUlN4ttyd7dispdrv8CameraIdEPvE_4_FUNES3_S4_
                0x80005d30        0x8 console.o
 .text.startup._GLOBAL__sub_I__ZN3mod10ConCommand6sFirstE
                0x80005d38      0x1ac console.o
 .text._Znwj    0x80005ee4        0xc cxx.o
                0x80005ee4                _Znwj
 .text._Znaj    0x80005ef0        0xc cxx.o
                0x80005ef0                _Znaj
 .text._ZdaPv   0x80005efc        0xc cxx.o
                0x80005efc                _ZdaPv
 .text._Z10checkHeapsv
                0x80005f08      0x560 errorHandling.o
                0x80005f08                _Z10checkHeapsv
 .text._Z17drawErrorMessagesv
                0x80006468      0x234 errorHandling.o
                0x80006468                _Z17drawErrorMessagesv
 .text._Z25checkForNpcNameToPtrErrorPKc
                0x8000669c       0x90 errorHandling.o
                0x8000669c                _Z25checkForNpcNameToPtrErrorPKc
 .text._Z24preventAnimPoseMainCrashi
                0x8000672c       0x54 errorHandling.o
                0x8000672c                _Z24preventAnimPoseMainCrashi
 .text.startup._GLOBAL__sub_I_npcNameToPtrErrorInfo
                0x80006780       0x1c errorHandling.o
 .text.exit._GLOBAL__sub_D_npcNameToPtrErrorInfo
                0x8000679c       0x14 errorHandling.o
 .text._ZL22fixPouchInitMemoryLeakij
                0x800067b0       0x60 gamePatches.o
 .text._ZL12autoMashTextN2gc3pad5PadIdE
                0x80006810       0x54 gamePatches.o
 .text._ZL14fixMapProblemsv
                0x80006864      0x12c gamePatches.o
 .text.cFixBlooperCrash1
                0x80006990       0x4c gamePatches.o
                0x80006990                cFixBlooperCrash1
 .text.cPreventDiaryTextboxOptionSelection
                0x800069dc       0xa8 gamePatches.o
                0x800069dc                cPreventDiaryTextboxOptionSelection
 .text._Z14applyGameFixesv
                0x80006a84       0x68 gamePatches.o
                0x80006a84                _Z14applyGameFixesv
 .text._Z23applyVariousGamePatchesv
                0x80006aec       0xf0 gamePatches.o
                0x80006aec                _Z23applyVariousGamePatchesv
 .text._ZN3mod8KeyboardC2Ei
                0x80006bdc       0x84 keyboard.o
                0x80006bdc                _ZN3mod8KeyboardC2Ei
                0x80006bdc                _ZN3mod8KeyboardC1Ei
 .text._ZN3mod8Keyboard6updateEv
                0x80006c60      0x59c keyboard.o
                0x80006c60                _ZN3mod8Keyboard6updateEv
 .text._ZZN3mod3Mod4initEvENUlvE0_4_FUNEv
                0x800071fc        0x4 mod.o
 .text._ZZN3mod3Mod11updateEarlyEvENUlN4ttyd7dispdrv8CameraIdEPvE_4_FUNES3_S4_
                0x80007200        0x4 mod.o
 .text._ZZN3mod3Mod4initEvENUlvE_4_FUNEv
                0x80007204       0x98 mod.o
 .text._ZN3mod3Mod4initEv
                0x8000729c      0x194 mod.o
                0x8000729c                _ZN3mod3Mod4initEv
 .text.startup._ZN3mod4mainEv
                0x80007430       0xa8 mod.o
                0x80007430                _ZN3mod4mainEv
 .text._ZN3mod5patch17clear_DC_IC_CacheEPvj
                0x800074d8       0x40 patch.o
                0x800074d8                _ZN3mod5patch17clear_DC_IC_CacheEPvj
 .text._ZN3mod5patch11writeBranchEPvS1_
                0x80007518       0x4c patch.o
                0x80007518                _ZN3mod5patch11writeBranchEPvS1_
 .text._ZN3mod5patch14writeEvtBranchEPiPKib
                0x80007564       0x1c patch.o
                0x80007564                _ZN3mod5patch14writeEvtBranchEPiPKib
 .text._ZN3mod5patch13writeBranchBLEPvS1_
                0x80007580       0x50 patch.o
                0x80007580                _ZN3mod5patch13writeBranchBLEPvS1_
 .text._ZN3mod5patch10writePatchEPvPKvj
                0x800075d0       0x7c patch.o
                0x800075d0                _ZN3mod5patch10writePatchEPvPKvj
 .text._ZN3mod5patch10writePatchEPvj
                0x8000764c       0x6c patch.o
                0x8000764c                _ZN3mod5patch10writePatchEPvj
 .text._ZN3mod5patch15writeBranchPairEPvS1_S1_
                0x800076b8       0x80 patch.o
                0x800076b8                _ZN3mod5patch15writeBranchPairEPvS1_S1_
 .text.snprintf
                0x80007738       0xe4 printf.o
                0x80007738                snprintf
 .text._prolog  0x8000781c       0xac rel.o
                0x8000781c                _prolog
 .text._epilog  0x800078c8       0xac rel.o
                0x800078c8                _epilog
 .text._unresolved
                0x80007974        0x4 rel.o
                0x80007974                _unresolved
 .text._ZN3mod7ugProbeEi
                0x80007978      0x110 ug.o
                0x80007978                _ZN3mod7ugProbeEi
 .text._ZN3mod6ugSendEiPKvi
                0x80007a88      0x12c ug.o
                0x80007a88                _ZN3mod6ugSendEiPKvi
 .text._ZN3mod6ugRecvEiPvi
                0x80007bb4      0x124 ug.o
                0x80007bb4                _ZN3mod6ugRecvEiPvi
 .text.strstr   0x80007cd8       0xf0 util.o
                0x80007cd8                strstr
 .text._ZN3mod4util26checkButtonComboEveryFrameEj
                0x80007dc8       0x40 util.o
                0x80007dc8                _ZN3mod4util26checkButtonComboEveryFrameEj
 .text._ZN3mod4util10ptrIsValidEPv
                0x80007e08       0x30 util.o
                0x80007e08                _ZN3mod4util10ptrIsValidEPv
 .text._ZN3mod4util10intToFloatEi
                0x80007e38       0x30 util.o
                0x80007e38                _ZN3mod4util10intToFloatEi
 .text._ZN3mod4util25getTextMultilineIncrementEPKcfj
                0x80007e68       0x58 util.o
                0x80007e68                _ZN3mod4util25getTextMultilineIncrementEPKcfj
 .text._Z15ApplyAaaPatchesv
                0x80007ec0       0x50 aaa.o
                0x80007ec0                _Z15ApplyAaaPatchesv
 .text._Z15ApplyAjiPatchesv
                0x80007f10      0x8f4 aji.o
                0x80007f10                _Z15ApplyAjiPatchesv
 .text._Z15ApplyBomPatchesv
                0x80008804      0x340 bom.o
                0x80008804                _Z15ApplyBomPatchesv
 .text._Z15ApplyDouPatchesv
                0x80008b44      0x324 dou.o
                0x80008b44                _Z15ApplyDouPatchesv
 .text._Z15ApplyEkiPatchesv
                0x80008e68      0x280 eki.o
                0x80008e68                _Z15ApplyEkiPatchesv
 .text._Z15ApplyEndPatchesv
                0x800090e8       0x30 end.o
                0x800090e8                _Z15ApplyEndPatchesv
 .text._Z15ApplyGonPatchesv
                0x80009118      0x390 gon.o
                0x80009118                _Z15ApplyGonPatchesv
 .text._Z17ApplyGor00Patchesv
                0x800094a8      0x624 gor_00.o
                0x800094a8                _Z17ApplyGor00Patchesv
 .text.startup._GLOBAL__sub_I__Z17ApplyGor00Patchesv
                0x80009acc       0x14 gor_00.o
 .text._Z17ApplyGor01Patchesv
                0x80009ae0      0x448 gor_01.o
                0x80009ae0                _Z17ApplyGor01Patchesv
 .text._Z17ApplyGor02Patchesv
                0x80009f28      0x458 gor_02.o
                0x80009f28                _Z17ApplyGor02Patchesv
 .text._Z17ApplyGor03Patchesv
                0x8000a380      0x4f0 gor_03.o
                0x8000a380                _Z17ApplyGor03Patchesv
 .text._Z13strcpy_StringPcPKc
                0x8000a870        0x4 gor_04.o
                0x8000a870                _Z13strcpy_StringPcPKc
 .text._Z17ApplyGor04Patchesv
                0x8000a874      0x200 gor_04.o
                0x8000a874                _Z17ApplyGor04Patchesv
 .text._Z19ApplyGorMiscPatchesv
                0x8000aa74      0x15c gor_misc.o
                0x8000aa74                _Z19ApplyGorMiscPatchesv
 .text._Z15ApplyGorPatchesv
                0x8000abd0       0x30 gor_misc.o
                0x8000abd0                _Z15ApplyGorPatchesv
 .text._Z15ApplyGraPatchesv
                0x8000ac00      0x22c gra.o
                0x8000ac00                _Z15ApplyGraPatchesv
 .text._Z15ApplyHeiPatchesv
                0x8000ae2c      0x2d8 hei.o
                0x8000ae2c                _Z15ApplyHeiPatchesv
 .text._Z15ApplyHomPatchesv
                0x8000b104      0x164 hom.o
                0x8000b104                _Z15ApplyHomPatchesv
 .text._Z15ApplyJinPatchesv
                0x8000b268      0x334 jin.o
                0x8000b268                _Z15ApplyJinPatchesv
 .text._Z15ApplyKpaPatchesv
                0x8000b59c       0xe4 kpa.o
                0x8000b59c                _Z15ApplyKpaPatchesv
 .text._Z24ApplyMainAssemblyPatchesv
                0x8000b680      0x584 main.o
                0x8000b680                _Z24ApplyMainAssemblyPatchesv
 .text._Z22ApplyMainScriptPatchesv
                0x8000bc04      0x1e8 main.o
                0x8000bc04                _Z22ApplyMainScriptPatchesv
 .text._Z25ApplyItemDataTablePatchesv
                0x8000bdec      0x16c main.o
                0x8000bdec                _Z25ApplyItemDataTablePatchesv
 .text._Z15ApplyMriPatchesv
                0x8000bf58      0xc58 mri.o
                0x8000bf58                _Z15ApplyMriPatchesv
 .text._Z15ApplyMujPatchesv
                0x8000cbb0      0xa24 muj.o
                0x8000cbb0                _Z15ApplyMujPatchesv
 .text._Z15ApplyNokPatchesv
                0x8000d5d4      0x3b0 nok.o
                0x8000d5d4                _Z15ApplyNokPatchesv
 .text._Z15ApplyPikPatchesv
                0x8000d984      0x578 pik.o
                0x8000d984                _Z15ApplyPikPatchesv
 .text._Z15ApplyRshPatchesv
                0x8000defc      0xf00 rsh.o
                0x8000defc                _Z15ApplyRshPatchesv
 .text._Z24checkChapterRequirementsPN4ttyd6evtmgr8EvtEntryEb
                0x8000edfc       0xdc tik.o
                0x8000edfc                _Z24checkChapterRequirementsPN4ttyd6evtmgr8EvtEntryEb
 .text._Z18checkChapterClearsPN4ttyd6evtmgr8EvtEntryEb
                0x8000eed8       0x8c tik.o
                0x8000eed8                _Z18checkChapterClearsPN4ttyd6evtmgr8EvtEntryEb
 .text._Z15ApplyTikPatchesv
                0x8000ef64      0x5a4 tik.o
                0x8000ef64                _Z15ApplyTikPatchesv
 .text._Z15ApplyTouPatchesv
                0x8000f508     0x119c tou.o
                0x8000f508                _Z15ApplyTouPatchesv
 .text._Z16ApplyTou2Patchesv
                0x800106a4      0x384 tou2.o
                0x800106a4                _Z16ApplyTou2Patchesv
 .text._Z15ApplyUsuPatchesv
                0x80010a28      0x92c usu.o
                0x80010a28                _Z15ApplyUsuPatchesv
 .text._Z15ApplyWinPatchesv
                0x80011354      0x340 win.o
                0x80011354                _Z15ApplyWinPatchesv
 .text.__divdi3
                0x80011694      0x3ec C:/devkitPro/devkitPPC/bin/../lib/gcc/powerpc-eabi/13.1.0\libgcc.a(_divdi3.o)
                0x80011694                __divdi3
 *(.gnu.warning)
 *(.gnu.linkonce.t.*)
                0x80011a80                        . = ALIGN (0x20)

.text._ZN3mod13mario_set_posMUlPKcE_4_FUNES2_
                0x00000000       0x6c
 .text._ZN3mod13mario_set_posMUlPKcE_4_FUNES2_
                0x00000000       0x6c con_mario.o
                0x00000000                _ZN3mod13mario_set_posMUlPKcE_4_FUNES2_
                0x00000000                _ZN3mod13mario_set_posMUlPKcE_4_FUNES1_

.text._ZN3mod15perf_fake_spikeMUlPKcE_4_FUNES2_
                0x00000000       0xa8
 .text._ZN3mod15perf_fake_spikeMUlPKcE_4_FUNES2_
                0x00000000       0xa8 con_perf.o
                0x00000000                _ZN3mod15perf_fake_spikeMUlPKcE_4_FUNES1_
                0x00000000                _ZN3mod15perf_fake_spikeMUlPKcE_4_FUNES2_

.text._ZN3mod14seq_change_mapMUlPKcE_4_FUNES2_
                0x00000000       0xf0
 .text._ZN3mod14seq_change_mapMUlPKcE_4_FUNES2_
                0x00000000       0xf0 con_seq.o
                0x00000000                _ZN3mod14seq_change_mapMUlPKcE_4_FUNES2_
                0x00000000                _ZN3mod14seq_change_mapMUlPKcE_4_FUNES1_

.text._ZN3mod8con_monoMUlPNS_9ConIntVarEiE_4_FUNES2_i
                0x00000000       0x3c
 .text._ZN3mod8con_monoMUlPNS_9ConIntVarEiE_4_FUNES2_i
                0x00000000       0x3c console.o
                0x00000000                _ZN3mod8con_monoMUlPNS_9ConIntVarEiE_4_FUNES1_i
                0x00000000                _ZN3mod8con_monoMUlPNS_9ConIntVarEiE_4_FUNES2_i

.fini           0x0000003c        0x4
 *(.fini)
                0x00000040                        . = ALIGN (0x20)
 *fill*         0x0000003c        0x4 00000000
                [!provide]                        PROVIDE (__etext = .)
                [!provide]                        PROVIDE (_etext = .)
                [!provide]                        PROVIDE (etext = .)

.rodata         0x00000040     0xce99
 *(.rodata)
 *(.rodata.*)
 .rodata._ZZN3mod3owr3OWR4InitEvENUliE_4_FUNEi
                0x00000040       0xec OWR.o
 .rodata._ZZN3mod3owr3OWR4InitEvENUlPKcE_4_FUNES3_.str1.4
                0x0000012c      0x292 OWR.o
 *fill*         0x000003be        0x2 
 .rodata._ZN3mod3owr3OWR8AAAToGOREv.str1.4
                0x000003c0        0x7 OWR.o
 *fill*         0x000003c7        0x1 
 .rodata._ZN3mod3owr3OWR14OnModuleLoadedEPN2gc6OSLink12OSModuleInfoE
                0x000003c8       0x74 OWR.o
 .rodata.cst4   0x0000043c        0x4 OWR.o
 .rodata._ZN3mod13mario_set_posMUlPKcE_4_FUNES2_.str1.4
                0x00000440        0x9 con_mario.o
 *fill*         0x00000449        0x3 
 .rodata._ZN3modL13mod_if_func22Ev.str1.4
                0x0000044c       0x20 con_mario.o
 .rodata._GLOBAL__sub_I__ZN3mod13mario_set_posE.str1.4
                0x0000046c       0x1f con_mario.o
 *fill*         0x0000048b        0x1 
 .rodata._ZN3modL13mod_if_func46Ev.str1.4
                0x0000048c       0x5e con_perf.o
 *fill*         0x000004ea        0x2 
 .rodata._ZN3mod15perf_fake_spikeMUlPKcE_4_FUNES2_.str1.4
                0x000004ec        0x4 con_perf.o
 .rodata._GLOBAL__sub_I__ZN3mod15perf_fake_spikeE.str1.4
                0x000004f0       0x1f con_perf.o
 *fill*         0x0000050f        0x1 
 .rodata.cst4   0x00000510       0x10 con_perf.o
 .rodata._ZN3mod14seq_change_mapMUlPKcE_4_FUNES2_.str1.4
                0x00000520       0x20 con_seq.o
 .rodata._GLOBAL__sub_I__ZN3mod13seq_logo_skipE.str1.4
                0x00000540       0x1f con_seq.o
 *fill*         0x0000055f        0x1 
 .rodata._ZN3mod13ConsoleSystem8logColorEPKcN2gc6color4E.str1.4
                0x00000560       0x83 console.o
 *fill*         0x000005e3        0x1 
 .rodata._ZN3mod7CC_findEPKc.str1.4
                0x000005e4       0x21 console.o
 *fill*         0x00000605        0x3 
 .rodata._ZN3mod13ConsoleSystem14processCommandEPKc.str1.4
                0x00000608       0x2e console.o
 *fill*         0x00000636        0x2 
 .rodata._ZN3mod13ConsoleSystem12updatePromptEv
                0x00000638      0x6c0 console.o
 .rodata._ZN3mod13ConsoleSystem14updateUsbGeckoEv.part.0.str1.4
                0x00000cf8       0x75 console.o
 *fill*         0x00000d6d        0x3 
 .rodata._ZN3mod13ConsoleSystem4dispEv.str1.4
                0x00000d70       0x16 console.o
 *fill*         0x00000d86        0x2 
 .rodata._GLOBAL__sub_I__ZN3mod10ConCommand6sFirstE.str1.4
                0x00000d88       0x8d console.o
 .rodata._ZZN3mod13ConsoleSystem4dispEvE12kPromptColor
                0x00000e15        0x4 console.o
 *fill*         0x00000e19        0x3 
 .rodata.cst4   0x00000e1c        0x8 console.o
 .rodata._ZN21NpcNameToPtrErrorInfo16drawErrorMessageEv.str1.4
                0x00000e24       0x1f errorHandling.o
 *fill*         0x00000e43        0x1 
 .rodata._ZN21AnimPoseMainErrorInfo16drawErrorMessageEv.str1.4
                0x00000e44       0x1f errorHandling.o
 *fill*         0x00000e63        0x1 
 .rodata._Z10checkHeapsv.str1.4
                0x00000e64       0x88 errorHandling.o
 .rodata.cst4   0x00000eec       0x10 errorHandling.o
 .rodata._ZL14fixMapProblemsv.str1.4
                0x00000efc       0x23 gamePatches.o
 *fill*         0x00000f1f        0x1 
 .rodata.cPreventDiaryTextboxOptionSelection.str1.4
                0x00000f20       0x1c gamePatches.o
 .rodata.cst4   0x00000f3c        0x4 mod.o
 .rodata.cst4   0x00000f40        0x8 util.o
 .rodata._ZL20aji_17_init_evt_hook
                0x00000f48       0x10 aji.o
 .rodata._ZL19aji_17_init_evt_evt
                0x00000f58       0x4c aji.o
 .rodata._ZL20aji_10_init_evt_hook
                0x00000fa4       0x10 aji.o
 .rodata.str1.4
                0x00000fb4       0x43 aji.o
 *fill*         0x00000ff7        0x1 
 .rodata._ZL19aji_10_init_evt_evt
                0x00000ff8      0x288 aji.o
 .rodata._ZL18teshita3_init_hook
                0x00001280       0x10 aji.o
 .rodata._ZL17teshita3_init_evt
                0x00001290       0xc0 aji.o
 .rodata._ZL18teshita2_init_hook
                0x00001350       0x10 aji.o
 .rodata._ZL17teshita2_init_evt
                0x00001360       0xc0 aji.o
 .rodata._ZL20peach_evt_ele_2_hook
                0x00001420       0x24 aji.o
 .rodata._ZL19peach_evt_ele_2_evt
                0x00001444       0x6c aji.o
 .rodata._ZL20aji_00_init_evt_hook
                0x000014b0       0x10 aji.o
 .rodata._ZL19aji_00_init_evt_evt
                0x000014c0       0x5c aji.o
 .rodata._ZL4npc4
                0x0000151c       0x13 aji.o
 *fill*         0x0000152f        0x1 
 .rodata._ZL4npc3
                0x00001530        0x7 aji.o
 *fill*         0x00001537        0x1 
 .rodata._ZL4npc2
                0x00001538        0xf aji.o
 *fill*         0x00001547        0x1 
 .rodata._ZL4npc1
                0x00001548        0x7 aji.o
 *fill*         0x0000154f        0x1 
 .rodata.str1.4
                0x00001550       0x13 dou.o
 *fill*         0x00001563        0x1 
 .rodata._ZL20peramajin_after_item
                0x00001564       0x9c dou.o
 .rodata._ZL12evt_elv_hook
                0x00001600       0x28 eki.o
 .rodata.str1.4
                0x00001628       0x30 eki.o
 .rodata._ZL11evt_elv_evt
                0x00001658      0x104 eki.o
 .rodata.str1.4
                0x0000175c        0xb gon.o
 *fill*         0x00001767        0x1 
 .rodata._ZL19gon_evt_majin2_item
                0x00001768       0xd0 gon.o
 .rodata._ZL21gor_00_init_evt2_hook
                0x00001838       0x10 gor_00.o
 .rodata._ZL21gor_00_init_evt1_hook
                0x00001848       0x10 gor_00.o
 .rodata.str1.4
                0x00001858      0x2ce gor_00.o
 *fill*         0x00001b26        0x2 
 .rodata._ZL16gor_00_init_evt1
                0x00001b28      0x1f8 gor_00.o
 .rodata._ZL18korutesu_init_hook
                0x00001d20       0x10 gor_00.o
 .rodata._ZL17korutesu_init_evt
                0x00001d30       0x58 gor_00.o
 .rodata._ZL20suifubomb_b_talk_evt
                0x00001d88       0xd4 gor_00.o
 .rodata._ZL21suifubomb_b_regl_hook
                0x00001e5c       0x10 gor_00.o
 .rodata._ZL20suifubomb_b_regl_evt
                0x00001e6c      0x120 gor_00.o
 .rodata._ZL20suifubomb_a_talk_evt
                0x00001f8c      0x150 gor_00.o
 .rodata._ZL21suifubomb_a_regl_hook
                0x000020dc       0x10 gor_00.o
 .rodata._ZL20suifubomb_a_regl_evt
                0x000020ec       0x90 gor_00.o
 .rodata._ZL21suifubomb_a_init_hook
                0x0000217c       0x10 gor_00.o
 .rodata._ZL20suifubomb_a_init_evt
                0x0000218c       0xc8 gor_00.o
 .rodata._ZL16suifu_b_talk_evt
                0x00002254       0xd4 gor_00.o
 .rodata._ZL20luigi_npcEnt_00_hook
                0x00002328       0x10 gor_00.o
 .rodata._ZL19luigi_npcEnt_00_evt
                0x00002338       0x80 gor_00.o
 .rodata._ZL18luigi_init_00_hook
                0x000023b8       0x10 gor_00.o
 .rodata._ZL17luigi_init_00_evt
                0x000023c8       0x50 gor_00.o
 .rodata._ZL16mokorim_init_evt
                0x00002418       0x30 gor_00.o
 .rodata._ZL17suifu_b_init_hook
                0x00002448       0x10 gor_00.o
 .rodata._ZL16suifu_b_init_evt
                0x00002458       0xc8 gor_00.o
 .rodata._ZL17suifu_a_regl_hook
                0x00002520       0x10 gor_00.o
 .rodata._ZL16suifu_a_regl_evt
                0x00002530       0x80 gor_00.o
 .rodata._ZL16suifu_a_talk_evt
                0x000025b0       0xd4 gor_00.o
 .rodata._ZL19odoodo_ani_talk_evt
                0x00002684       0x20 gor_00.o
 .rodata._ZL15odoodo_talk_evt
                0x000026a4      0x128 gor_00.o
 .rodata._ZL16odoodo_regl_hook
                0x000027cc       0x10 gor_00.o
 .rodata._ZL15odoodo_regl_evt
                0x000027dc       0x94 gor_00.o
 .rodata._ZL16odoodo_init_hook
                0x00002870       0x10 gor_00.o
 .rodata._ZL15odoodo_init_evt
                0x00002880      0x114 gor_00.o
 .rodata._ZL17garawaru_talk_evt
                0x00002994       0xb8 gor_00.o
 .rodata._ZL18garawaru_regl_hook
                0x00002a4c       0x10 gor_00.o
 .rodata._ZL17garawaru_regl_evt
                0x00002a5c      0x120 gor_00.o
 .rodata._ZL18garawaru_init_hook
                0x00002b7c       0x10 gor_00.o
 .rodata._ZL17garawaru_init_evt
                0x00002b8c      0x140 gor_00.o
 .rodata._ZL7npcEnt2
                0x00002ccc        0x9 gor_00.o
 *fill*         0x00002cd5        0x3 
 .rodata._ZL6npcEnt
                0x00002cd8        0x9 gor_00.o
 *fill*         0x00002ce1        0x3 
 .rodata.str1.4
                0x00002ce4       0xb2 gor_01.o
 *fill*         0x00002d96        0x2 
 .rodata._ZL15bomhei_talk_evt
                0x00002d98       0x20 gor_01.o
 .rodata._ZL16chusan2_talk_evt
                0x00002db8       0x20 gor_01.o
 .rodata._ZL16chusan1_talk_evt
                0x00002dd8       0x20 gor_01.o
 .rodata._ZL16kuribo3_talk_evt
                0x00002df8       0x20 gor_01.o
 .rodata._ZL16kuribo2_talk_evt
                0x00002e18       0x20 gor_01.o
 .rodata._ZL16kuribo1_talk_evt
                0x00002e38       0x20 gor_01.o
 .rodata._ZL15roten2_talk_evt
                0x00002e58       0x20 gor_01.o
 .rodata._ZL15roten1_talk_evt
                0x00002e78       0x20 gor_01.o
 .rodata._ZL19shoptender_talk_evt
                0x00002e98       0x20 gor_01.o
 .rodata._ZL15kinoji_talk_evt
                0x00002eb8       0x20 gor_01.o
 .rodata._ZL19bottakuru_init_hook
                0x00002ed8       0x10 gor_01.o
 .rodata._ZL18bottakuru_init_evt
                0x00002ee8       0x70 gor_01.o
 .rodata._ZL18marco_init_01_hook
                0x00002f58       0x10 gor_01.o
 .rodata._ZL17marco_init_01_evt
                0x00002f68       0x40 gor_01.o
 .rodata._ZL20badgemaster_talk_evt
                0x00002fa8       0x20 gor_01.o
 .rodata._ZL15luigi_init_hook
                0x00002fc8       0x10 gor_02.o
 .rodata.str1.4
                0x00002fd8      0x276 gor_02.o
 *fill*         0x0000324e        0x2 
 .rodata._ZL14luigi_init_evt
                0x00003250       0x4c gor_02.o
 .rodata._ZL20tozokudan2_talk_hook
                0x0000329c        0xc gor_02.o
 .rodata._ZL19tozokudan2_talk_evt
                0x000032a8      0x160 gor_02.o
 .rodata._ZL20tozokudan1_talk_hook
                0x00003408        0xc gor_02.o
 .rodata._ZL19tozokudan1_talk_evt
                0x00003414      0x160 gor_02.o
 .rodata._ZL20kurihakase_init_hook
                0x00003574       0x10 gor_02.o
 .rodata._ZL19kurihakase_init_evt
                0x00003584      0x294 gor_02.o
 .rodata._ZL19kurihakase_talk_evt
                0x00003818      0x2cc gor_02.o
 .rodata._ZL22evt_door_02_open_hook2
                0x00003ae4       0x10 gor_02.o
 .rodata._ZL21evt_door_02_open_evt2
                0x00003af4       0xc4 gor_02.o
 .rodata._ZL21evt_door_02_open_hook
                0x00003bb8       0x10 gor_02.o
 .rodata._ZL20evt_door_02_open_evt
                0x00003bc8      0x184 gor_02.o
 .rodata._ZL21gor_02_init_evt2_hook
                0x00003d4c       0x10 gor_02.o
 .rodata._ZL16gor_02_init_evt2
                0x00003d5c       0xcc gor_02.o
 .rodata._ZL21gor_02_init_evt1_hook
                0x00003e28       0x10 gor_02.o
 .rodata._ZL16gor_02_init_evt1
                0x00003e38      0x138 gor_02.o
 .rodata._ZL16borodo2_talk_evt
                0x00003f70       0x20 gor_02.o
 .rodata._ZL16borodo1_talk_evt
                0x00003f90       0x20 gor_02.o
 .rodata._ZL15roten3_talk_evt
                0x00003fb0       0x20 gor_02.o
 .rodata._ZL16chusan3_talk_evt
                0x00003fd0       0x20 gor_02.o
 .rodata._ZL16kuribo4_talk_evt
                0x00003ff0       0x20 gor_02.o
 .rodata._ZL20gor_03_init_evt_hook
                0x00004010       0x10 gor_03.o
 .rodata.str1.4
                0x00004020      0x129 gor_03.o
 *fill*         0x00004149        0x3 
 .rodata._ZL19gor_03_init_evt_evt
                0x0000414c      0x160 gor_03.o
 .rodata._ZL16maffia3_talk_evt
                0x000042ac       0x20 gor_03.o
 .rodata._ZL16maffia2_talk_evt
                0x000042cc      0x140 gor_03.o
 .rodata._ZL16maffia1_talk_evt
                0x0000440c      0x140 gor_03.o
 .rodata._ZL26maffiaboss_casino_talk_evt
                0x0000454c       0x20 gor_03.o
 .rodata._ZL26maffiaboss_talk_common_evt
                0x0000456c      0x120 gor_03.o
 .rodata._Z17ApplyGor04Patchesv.str1.4
                0x0000468c       0x15 gor_04.o
 *fill*         0x000046a1        0x3 
 .rodata.str1.4
                0x000046a4        0x7 gor_misc.o
 *fill*         0x000046ab        0x1 
 .rodata._ZL9party_evt
                0x000046ac       0x9c gor_misc.o
 .rodata._ZL9goombella
                0x00004748        0x9 gor_misc.o
 *fill*         0x00004751        0x3 
 .rodata.str1.4
                0x00004754       0x18 gra.o
 .rodata._ZL17evt_machibuse_evt
                0x0000476c       0x4c gra.o
 .rodata._ZL8doopliss
                0x000047b8        0xb gra.o
 *fill*         0x000047c3        0x1 
 .rodata._ZL11stones_hook
                0x000047c4       0x10 hei.o
 .rodata.str1.4
                0x000047d4       0x23 hei.o
 *fill*         0x000047f7        0x1 
 .rodata._ZL10stones_evt
                0x000047f8       0xd8 hei.o
 .rodata._ZL9party_evt
                0x000048d0       0x80 hei.o
 .rodata._ZL5koops
                0x00004950        0xb hei.o
 *fill*         0x0000495b        0x1 
 .rodata._ZL20hom_00_init_evt_hook
                0x0000495c       0x10 hom.o
 .rodata.str1.4
                0x0000496c       0x24 hom.o
 .rodata._ZL19hom_00_init_evt_evt
                0x00004990       0x94 hom.o
 .rodata._Z25ApplyItemDataTablePatchesv.str1.4
                0x00004a24       0xde main.o
 *fill*         0x00004b02        0x2 
 .rodata._ZL20mri_09_init_evt_hook
                0x00004b04       0x10 mri.o
 .rodata.str1.4
                0x00004b14      0x19f mri.o
 *fill*         0x00004cb3        0x1 
 .rodata._ZL19mri_09_init_evt_evt
                0x00004cb4      0x14c mri.o
 .rodata._ZL20mri_04_init_evt_hook
                0x00004e00       0x10 mri.o
 .rodata._ZL19mri_04_init_evt_evt
                0x00004e10       0x30 mri.o
 .rodata._ZL16bero_custom_hook
                0x00004e40       0x10 mri.o
 .rodata._ZL15bero_custom_evt
                0x00004e50       0x44 mri.o
 .rodata._ZL21mri_01_init_evt_hook2
                0x00004e94       0x10 mri.o
 .rodata._ZL19mri_01_init_evt_evt
                0x00004ea4       0x30 mri.o
 .rodata._ZL18puniinfo_talk_hook
                0x00004ed4       0x10 mri.o
 .rodata._ZL20mri_03_init_evt_hook
                0x00004ee4       0x14 mri.o
 .rodata._ZL22mri_03_init_evt_switch
                0x00004ef8       0x9c mri.o
 .rodata._ZL20mri_01_init_evt_hook
                0x00004f94       0x14 mri.o
 .rodata._ZL22mri_01_init_evt_switch
                0x00004fa8       0xb0 mri.o
 .rodata._ZL23mri_sister_init_01_hook
                0x00005058       0x10 mri.o
 .rodata._ZL22mri_sister_init_01_evt
                0x00005068       0xa8 mri.o
 .rodata._ZL16puni_2_init_hook
                0x00005110       0x10 mri.o
 .rodata._ZL15puni_2_init_evt
                0x00005120       0x78 mri.o
 .rodata._ZL16puni_1_talk_hook
                0x00005198       0x10 mri.o
 .rodata._ZL15puni_1_talk_evt
                0x000051a8       0xb0 mri.o
 .rodata._ZL16puni_1_init_hook
                0x00005258       0x10 mri.o
 .rodata._ZL15puni_1_init_evt
                0x00005268       0x78 mri.o
 .rodata._ZL15elder_talk_hook
                0x000052e0       0x10 mri.o
 .rodata._ZL14elder_talk_evt
                0x000052f0       0xb8 mri.o
 .rodata._ZL22mri_elder_init_01_hook
                0x000053a8       0x10 mri.o
 .rodata._ZL21mri_elder_init_01_evt
                0x000053b8       0xcc mri.o
 .rodata._ZL22mri_rival_init_01_hook
                0x00005484       0x10 mri.o
 .rodata._ZL21mri_rival_init_01_evt
                0x00005494       0xa8 mri.o
 .rodata._ZL18guide_init_01_hook
                0x0000553c       0x10 mri.o
 .rodata._ZL17guide_init_01_evt
                0x0000554c       0x8c mri.o
 .rodata._ZL15guide_talk_hook
                0x000055d8       0x10 mri.o
 .rodata._ZL14guide_talk_evt
                0x000055e8       0x98 mri.o
 .rodata._ZL18guide_init_00_hook
                0x00005680       0x10 mri.o
 .rodata._ZL17guide_init_00_evt
                0x00005690      0x150 mri.o
 .rodata.str1.4
                0x000057e0      0x3f8 muj.o
 .rodata._ZL9party_evt
                0x00005bd8       0xac muj.o
 .rodata._ZL22peton_init_muj_01_hook
                0x00005c84       0x10 muj.o
 .rodata._ZL21peton_init_muj_01_evt
                0x00005c94       0x54 muj.o
 .rodata._ZL21mony_init_muj_01_hook
                0x00005ce8       0x10 muj.o
 .rodata._ZL20mony_init_muj_01_evt
                0x00005cf8       0x54 muj.o
 .rodata._ZL17koburon_dead_hook
                0x00005d4c      0x15c muj.o
 .rodata._ZL16koburon_dead_evt
                0x00005ea8      0x238 muj.o
 .rodata._ZL20muj_01_init_evt_hook
                0x000060e0       0x10 muj.o
 .rodata._ZL19muj_01_init_evt_evt
                0x000060f0       0x50 muj.o
 .rodata._ZL21borosuifu_b_talk_hook
                0x00006140       0x10 muj.o
 .rodata._ZL20borosuifu_b_talk_evt
                0x00006150       0xf8 muj.o
 .rodata._ZL21borosuifu_a_talk_hook
                0x00006248       0x10 muj.o
 .rodata._ZL20borosuifu_a_talk_evt
                0x00006258       0xf8 muj.o
 .rodata._ZL24suifu_d_talk_muj_01_hook
                0x00006350       0x10 muj.o
 .rodata._ZL23suifu_d_talk_muj_01_evt
                0x00006360       0xf8 muj.o
 .rodata._ZL20suifu_bomb_talk_hook
                0x00006458       0x10 muj.o
 .rodata._ZL19suifu_bomb_talk_evt
                0x00006468       0xf4 muj.o
 .rodata._ZL20suifu_bomb_init_hook
                0x0000655c       0x10 muj.o
 .rodata._ZL19suifu_bomb_init_evt
                0x0000656c       0x30 muj.o
 .rodata._ZL24suifu_a_talk_muj_01_hook
                0x0000659c       0x10 muj.o
 .rodata._ZL23suifu_a_talk_muj_01_evt
                0x000065ac       0xf4 muj.o
 .rodata._ZL24suifu_a_init_muj_01_hook
                0x000066a0       0x10 muj.o
 .rodata._ZL23suifu_a_init_muj_01_evt
                0x000066b0       0x40 muj.o
 .rodata._ZL23odoodo_init_muj_01_hook
                0x000066f0       0x10 muj.o
 .rodata._ZL22odoodo_init_muj_01_evt
                0x00006700       0x40 muj.o
 .rodata._ZL23megane_init_muj_01_hook
                0x00006740       0x10 muj.o
 .rodata._ZL22megane_init_muj_01_evt
                0x00006750       0x40 muj.o
 .rodata._ZL22marco_init_muj_01_hook
                0x00006790       0x10 muj.o
 .rodata._ZL21marco_init_muj_01_evt
                0x000067a0       0x9c muj.o
 .rodata._ZL25garawaru_talk_muj_01_hook
                0x0000683c       0x10 muj.o
 .rodata._ZL24garawaru_talk_muj_01_evt
                0x0000684c      0x4b4 muj.o
 .rodata._ZL25garawaru_init_muj_01_hook
                0x00006d00       0x10 muj.o
 .rodata._ZL24garawaru_init_muj_01_evt
                0x00006d10       0xd8 muj.o
 .rodata._ZL20muj_00_init_evt_hook
                0x00006de8       0x44 muj.o
 .rodata._ZL21muj_00_init_evt_evt_2
                0x00006e2c       0x70 muj.o
 .rodata._ZL19muj_00_init_evt_evt
                0x00006e9c       0x40 muj.o
 .rodata._ZL22peton_talk_muj_00_hook
                0x00006edc       0x10 muj.o
 .rodata._ZL21peton_talk_muj_00_evt
                0x00006eec       0x8c muj.o
 .rodata._ZL21mony_talk_muj_00_hook
                0x00006f78       0x10 muj.o
 .rodata._ZL20mony_talk_muj_00_evt
                0x00006f88       0x8c muj.o
 .rodata._ZL17nokorin_talk_hook
                0x00007014       0x10 nok.o
 .rodata.str1.4
                0x00007024      0x4ee nok.o
 *fill*         0x00007512        0x2 
 .rodata._ZL16nokorin_talk_evt
                0x00007514      0x2f4 nok.o
 .rodata._ZL19boss_noko_talk_hook
                0x00007808       0x10 nok.o
 .rodata._ZL18boss_noko_talk_evt
                0x00007818      0x164 nok.o
 .rodata._ZL20nokonoko_K_talk_hook
                0x0000797c       0x10 nok.o
 .rodata._ZL19nokonoko_K_talk_evt
                0x0000798c       0xd4 nok.o
 .rodata._ZL18nokopapa_talk_hook
                0x00007a60       0x10 nok.o
 .rodata._ZL17nokopapa_talk_evt
                0x00007a70      0x128 nok.o
 .rodata._ZL16monban_talk_hook
                0x00007b98       0x10 nok.o
 .rodata._ZL15monban_talk_evt
                0x00007ba8      0x11c nok.o
 .rodata._ZL20nokonoko_I_talk_hook
                0x00007cc4       0x10 nok.o
 .rodata._ZL19nokonoko_I_talk_evt
                0x00007cd4       0xd4 nok.o
 .rodata._ZL20nokonoko_H_talk_hook
                0x00007da8       0x10 nok.o
 .rodata._ZL19nokonoko_H_talk_evt
                0x00007db8       0xfc nok.o
 .rodata._ZL20nokonoko_G_talk_hook
                0x00007eb4       0x10 nok.o
 .rodata._ZL19nokonoko_G_talk_evt
                0x00007ec4       0xd4 nok.o
 .rodata._ZL15talk_white_hook
                0x00007f98       0x10 nok.o
 .rodata._ZL14talk_white_evt
                0x00007fa8       0xa4 nok.o
 .rodata._ZL15init_white_hook
                0x0000804c       0x10 nok.o
 .rodata._ZL14init_white_evt
                0x0000805c       0x44 nok.o
 .rodata._ZL20nokonoko_F_talk_hook
                0x000080a0       0x10 nok.o
 .rodata._ZL19nokonoko_F_talk_evt
                0x000080b0       0xd4 nok.o
 .rodata._ZL20nokonoko_D_talk_hook
                0x00008184       0x10 nok.o
 .rodata._ZL19nokonoko_D_talk_evt
                0x00008194       0xfc nok.o
 .rodata._ZL20nokonoko_C_talk_hook
                0x00008290       0x10 nok.o
 .rodata._ZL19nokonoko_C_talk_evt
                0x000082a0       0xd4 nok.o
 .rodata._ZL20nokonoko_B_talk_hook
                0x00008374       0x10 nok.o
 .rodata._ZL19nokonoko_B_talk_evt
                0x00008384       0xd4 nok.o
 .rodata._ZL20nokonoko_A_talk_hook
                0x00008458       0x10 nok.o
 .rodata._ZL19nokonoko_A_talk_evt
                0x00008468      0x10c nok.o
 .rodata._ZL16pik_00_init_hook
                0x00008574       0x10 pik.o
 .rodata.str1.4
                0x00008584      0x172 pik.o
 *fill*         0x000086f6        0x2 
 .rodata._ZL19pik_00_init_evt_evt
                0x000086f8       0x58 pik.o
 .rodata._ZL32pik_talk_madam_ring_return_hook3
                0x00008750       0x10 pik.o
 .rodata._ZL20talk_madam_ring_item
                0x00008760       0x8c pik.o
 .rodata._ZL14evt_daiza_hook
                0x000087ec       0x1c pik.o
 .rodata._ZL13evt_daiza_evt
                0x00008808       0x5c pik.o
 .rodata._ZL18pik_evt_powan_hook
                0x00008864       0x28 pik.o
 .rodata._ZL17pik_evt_powan_evt
                0x0000888c       0x94 pik.o
 .rodata._ZL16takun6_talk_hook
                0x00008920       0x10 pik.o
 .rodata._ZL15takun6_talk_evt
                0x00008930       0x78 pik.o
 .rodata._ZL16takun5_talk_hook
                0x000089a8       0x10 pik.o
 .rodata._ZL15takun5_talk_evt
                0x000089b8       0x78 pik.o
 .rodata._ZL16takun4_talk_hook
                0x00008a30       0x10 pik.o
 .rodata._ZL15takun4_talk_evt
                0x00008a40       0xb4 pik.o
 .rodata._ZL18miyageya_talk_hook
                0x00008af4       0x28 pik.o
 .rodata._ZL17miyageya_talk_evt
                0x00008b1c      0x114 pik.o
 .rodata._ZL7madame2
                0x00008c30        0x7 pik.o
 *fill*         0x00008c37        0x1 
 .rodata._ZL28talk_madam_ring_return_hook3
                0x00008c38       0x10 rsh.o
 .rodata.str1.4
                0x00008c48      0x1fd rsh.o
 *fill*         0x00008e45        0x3 
 .rodata._ZL20talk_madam_ring_item
                0x00008e48       0x8c rsh.o
 .rodata._ZL28talk_madam_ring_return_hook2
                0x00008ed4       0x10 rsh.o
 .rodata._ZL28talk_madam_ring_return_hook1
                0x00008ee4       0x10 rsh.o
 .rodata._ZL26talk_madam_ring_return_evt
                0x00008ef4       0x78 rsh.o
 .rodata._ZL16init_konari_hook
                0x00008f6c       0x10 rsh.o
 .rodata._ZL14init_papa_hook
                0x00008f7c       0x10 rsh.o
 .rodata._ZL15init_konari_evt
                0x00008f8c       0x9c rsh.o
 .rodata._ZL15init_powan_hook
                0x00009028       0x10 rsh.o
 .rodata._ZL14init_powan_evt
                0x00009038       0xec rsh.o
 .rodata._ZL19talk_waitless_hook2
                0x00009124       0x10 rsh.o
 .rodata._ZL19talk_waitless_hook1
                0x00009134       0x10 rsh.o
 .rodata._ZL17talk_waitless_evt
                0x00009144       0x78 rsh.o
 .rodata._ZL21rsh_01_init_evt_hook2
                0x000091bc       0x10 rsh.o
 .rodata._ZL19rsh_01_init_evt_evt
                0x000091cc       0xd8 rsh.o
 .rodata._ZL20rsh_00_init_evt_hook
                0x000092a4       0x10 rsh.o
 .rodata._ZL19rsh_00_init_evt_evt
                0x000092b4       0xb8 rsh.o
 .rodata._ZL20rsh_04_init_evt_hook
                0x0000936c       0x10 rsh.o
 .rodata._ZL20rsh_03_init_evt_hook
                0x0000937c       0x10 rsh.o
 .rodata._ZL20rsh_02_init_evt_hook
                0x0000938c       0x10 rsh.o
 .rodata._ZL21rsh_01_init_evt_hook1
                0x0000939c       0x10 rsh.o
 .rodata._ZL19rsh_04_init_evt_evt
                0x000093ac       0xc0 rsh.o
 .rodata._ZL26rsh_03_init_evt_music_hook
                0x0000946c       0x10 rsh.o
 .rodata._ZL21rsh_03_init_evt_music
                0x0000947c      0x1f8 rsh.o
 .rodata._ZL26rsh_02_init_evt_music_hook
                0x00009674       0x10 rsh.o
 .rodata._ZL21rsh_02_init_evt_music
                0x00009684      0x270 rsh.o
 .rodata._ZL26rsh_01_init_evt_music_hook
                0x000098f4       0x10 rsh.o
 .rodata._ZL21rsh_01_init_evt_music
                0x00009904      0x1f8 rsh.o
 .rodata._ZL26rsh_00_init_evt_music_hook
                0x00009afc       0x10 rsh.o
 .rodata._ZL21rsh_00_init_evt_music
                0x00009b0c      0x1f8 rsh.o
 .rodata._ZL26rsh_04_init_evt_music_hook
                0x00009d04       0x10 rsh.o
 .rodata._ZL21rsh_04_init_evt_music
                0x00009d14      0x1f8 rsh.o
 .rodata._ZL20rsh_06_init_evt_hook
                0x00009f0c       0x10 rsh.o
 .rodata._ZL19rsh_06_init_evt_evt
                0x00009f1c      0x178 rsh.o
 .rodata._ZL6madame
                0x0000a094        0x7 rsh.o
 *fill*         0x0000a09b        0x1 
 .rodata.str1.4
                0x0000a09c      0x23b tik.o
 *fill*         0x0000a2d7        0x1 
 .rodata._ZL19tik_evt_majin2_item
                0x0000a2d8       0xa8 tik.o
 .rodata._ZL21tik_05_init_evt_hook2
                0x0000a380       0x10 tik.o
 .rodata._ZL20tik_05_init_evt_evt2
                0x0000a390       0xa4 tik.o
 .rodata._ZL20tik_05_init_evt_hook
                0x0000a434       0x10 tik.o
 .rodata._ZL19tik_05_init_evt_evt
                0x0000a444       0x48 tik.o
 .rodata._ZL24tik_kurihakase_init_hook
                0x0000a48c       0x10 tik.o
 .rodata._ZL23tik_kurihakase_init_evt
                0x0000a49c       0x7c tik.o
 .rodata._ZL18master_2_talk_hook
                0x0000a518       0x10 tik.o
 .rodata._ZL17master_2_talk_evt
                0x0000a528      0x180 tik.o
 .rodata._ZL17borodo4_talk_hook
                0x0000a6a8       0x10 tik.o
 .rodata._ZL16borodo4_talk_evt
                0x0000a6b8      0x180 tik.o
 .rodata._ZL17borodo3_talk_hook
                0x0000a838       0x10 tik.o
 .rodata._ZL16borodo3_talk_evt
                0x0000a848      0x180 tik.o
 .rodata._ZL17chusan4_talk_hook
                0x0000a9c8       0x10 tik.o
 .rodata._ZL16chusan4_talk_evt
                0x0000a9d8      0x180 tik.o
 .rodata._ZL17kuribo5_talk_hook
                0x0000ab58       0x10 tik.o
 .rodata._ZL16kuribo5_talk_evt
                0x0000ab68      0x180 tik.o
 .rodata._ZL16hotdog_item_hook
                0x0000ace8       0x10 tou.o
 .rodata.str1.4
                0x0000acf8       0x80 tou.o
 .rodata._ZL11hotdog_item
                0x0000ad78       0xe8 tou.o
 .rodata._ZL18tou_party_evt_hook
                0x0000ae60       0x10 tou.o
 .rodata._ZL13tou_party_evt
                0x0000ae70       0x5c tou.o
 .rodata._ZL20tou_04_init_evt_hook
                0x0000aecc       0x10 tou.o
 .rodata._ZL19tou_04_init_evt_evt
                0x0000aedc       0x78 tou.o
 .rodata._ZL14yoshi_gswf_evt
                0x0000af54       0x14 tou.o
 .rodata._ZL15jolene_egg_hook
                0x0000af68       0x10 tou.o
 .rodata._ZL14jolene_egg_evt
                0x0000af78      0x220 tou.o
 .rodata._ZL16talk_sakaba_hook
                0x0000b198       0x10 tou.o
 .rodata._ZL15talk_sakaba_evt
                0x0000b1a8       0x84 tou.o
 .rodata._ZL6jolene
                0x0000b22c        0xb tou.o
 *fill*         0x0000b237        0x1 
 .rodata.str1.4
                0x0000b238      0x4e8 usu.o
 .rodata._ZL19usu_evt_majin2_item
                0x0000b720       0xa8 usu.o
 .rodata._ZL13usu_party_evt
                0x0000b7c8       0xbc usu.o
 .rodata._ZL23village_chief_init_hook
                0x0000b884       0x10 usu.o
 .rodata._ZL22village_chief_init_evt
                0x0000b894       0x58 usu.o
 .rodata._ZL27village_chief_pig_init_hook
                0x0000b8ec       0x10 usu.o
 .rodata._ZL26village_chief_pig_init_evt
                0x0000b8fc       0x70 usu.o
 .rodata._ZL23village_chief_talk_hook
                0x0000b96c       0x10 usu.o
 .rodata._ZL22village_chief_talk_evt
                0x0000b97c      0x1c8 usu.o
 .rodata._ZL20gatekeeper_init_hook
                0x0000bb44       0x10 usu.o
 .rodata._ZL19gatekeeper_init_evt
                0x0000bb54       0x8c usu.o
 .rodata._ZL24gatekeeper_pig_init_hook
                0x0000bbe0       0x10 usu.o
 .rodata._ZL23gatekeeper_pig_init_evt
                0x0000bbf0       0x78 usu.o
 .rodata._ZL20gatekeeper_talk_hook
                0x0000bc68       0x10 usu.o
 .rodata._ZL19gatekeeper_talk_evt
                0x0000bc78      0x114 usu.o
 .rodata._ZL20usu_00_init_evt_hook
                0x0000bd8c       0x14 usu.o
 .rodata._ZL19usu_00_init_evt_evt
                0x0000bda0       0x5c usu.o
 .rodata._ZL20shop_woman_talk_hook
                0x0000bdfc       0x10 usu.o
 .rodata._ZL19shop_woman_talk_evt
                0x0000be0c       0x78 usu.o
 .rodata._ZL18shop_man_talk_hook
                0x0000be84       0x10 usu.o
 .rodata._ZL17shop_man_talk_evt
                0x0000be94       0x78 usu.o
 .rodata._ZL19villagerJ_talk_hook
                0x0000bf0c       0x10 usu.o
 .rodata._ZL18villagerJ_talk_evt
                0x0000bf1c      0x104 usu.o
 .rodata._ZL19villagerI_talk_hook
                0x0000c020       0x10 usu.o
 .rodata._ZL18villagerI_talk_evt
                0x0000c030      0x104 usu.o
 .rodata._ZL19villagerH_talk_hook
                0x0000c134       0x10 usu.o
 .rodata._ZL18villagerH_talk_evt
                0x0000c144       0xd0 usu.o
 .rodata._ZL19villagerG_talk_hook
                0x0000c214       0x10 usu.o
 .rodata._ZL18villagerG_talk_evt
                0x0000c224       0xf0 usu.o
 .rodata._ZL19villagerF_talk_hook
                0x0000c314       0x10 usu.o
 .rodata._ZL18villagerF_talk_evt
                0x0000c324       0xf0 usu.o
 .rodata._ZL19villagerK_talk_hook
                0x0000c414       0x10 usu.o
 .rodata._ZL18villagerK_talk_evt
                0x0000c424      0x130 usu.o
 .rodata._ZL19villagerE_talk_hook
                0x0000c554       0x10 usu.o
 .rodata._ZL18villagerE_talk_evt
                0x0000c564      0x130 usu.o
 .rodata._ZL19villagerD_talk_hook
                0x0000c694       0x10 usu.o
 .rodata._ZL18villagerD_talk_evt
                0x0000c6a4      0x194 usu.o
 .rodata._ZL19villagerC_talk_hook
                0x0000c838       0x10 usu.o
 .rodata._ZL18villagerC_talk_evt
                0x0000c848       0xfc usu.o
 .rodata._ZL19villagerB_talk_hook
                0x0000c944       0x10 usu.o
 .rodata._ZL18villagerB_talk_evt
                0x0000c954       0xfc usu.o
 .rodata._ZL19villagerA_talk_hook
                0x0000ca50       0x10 usu.o
 .rodata._ZL18villagerA_talk_evt
                0x0000ca60      0x130 usu.o
 .rodata._ZL19villagerA_init_hook
                0x0000cb90       0x10 usu.o
 .rodata._ZL18villagerA_init_evt
                0x0000cba0       0x6c usu.o
 .rodata._ZL6vivian
                0x0000cc0c        0x9 usu.o
 *fill*         0x0000cc15        0x3 
 .rodata._ZL5mayor
                0x0000cc18        0x5 usu.o
 *fill*         0x0000cc1d        0x3 
 .rodata._ZL9mayor_pig
                0x0000cc20        0x9 usu.o
 *fill*         0x0000cc29        0x3 
 .rodata._ZL8doopliss
                0x0000cc2c        0xb usu.o
 *fill*         0x0000cc37        0x1 
 .rodata._ZL10gatekeeper
                0x0000cc38        0x5 usu.o
 *fill*         0x0000cc3d        0x3 
 .rodata._ZL14gatekeeper_pig
                0x0000cc40        0x9 usu.o
 *fill*         0x0000cc49        0x3 
 .rodata._ZL12usuVillagerA
                0x0000cc4c        0x7 usu.o
 *fill*         0x0000cc53        0x1 
 .rodata.str1.4
                0x0000cc54       0x3c win.o
 .rodata._ZL9party_evt
                0x0000cc90       0xd8 win.o
 .rodata._ZL20win_00_init_evt_hook
                0x0000cd68       0x10 win.o
 .rodata._ZL19win_00_init_evt_evt
                0x0000cd78       0x30 win.o
 .rodata._ZL17majorin_init_hook
                0x0000cda8       0x10 win.o
 .rodata._ZL16majorin_init_evt
                0x0000cdb8       0x30 win.o
 .rodata._ZL17maririn_init_hook
                0x0000cde8       0x10 win.o
 .rodata._ZL16maririn_init_evt
                0x0000cdf8       0x30 win.o
 .rodata._ZL20win_vivian_init_hook
                0x0000ce28       0x10 win.o
 .rodata._ZL19win_vivian_init_evt
                0x0000ce38       0x98 win.o
 .rodata._ZL7flurrie
                0x0000ced0        0x9 win.o
 *(.gnu.linkonce.r.*)

.rodata1
 *(.rodata1)

.sdata2         0x0000ced9        0x0
                [!provide]                        PROVIDE (_SDA2_BASE_ = .)
 *(.sdata2)
 *(.sdata2.*)
 *(.gnu.linkonce.s2.*)

.sbss2
 *(.sbss2)
 *(.sbss2.*)
 *(.gnu.linkonce.sb2.*)
                0x0000cedc                        . = ALIGN (0x4)
                [!provide]                        PROVIDE (__preinit_array_start = .)

.preinit_array
 *(.preinit_array)
                [!provide]                        PROVIDE (__preinit_array_end = .)
                [!provide]                        PROVIDE (__init_array_start = .)

.init_array
 *(.init_array)
                [!provide]                        PROVIDE (__init_array_end = .)
                [!provide]                        PROVIDE (__fini_array_start = .)

.fini_array
 *(.fini_array)
                [!provide]                        PROVIDE (__fini_array_end = .)

.data           0x0000cedc      0x2e4
 *(.data)
 *(.data.*)
 .data.GSWF_ARR_SIZE
                0x0000cedc        0x2 OWR.o
                0x0000cedc                GSWF_ARR_SIZE
 *fill*         0x0000cede        0x2 
 .data.GSWF_ARR
                0x0000cee0       0x1a OWR.o
                0x0000cee0                GSWF_ARR
 *fill*         0x0000cefa        0x2 
 .data._ZN3mod6common12kItemDataArrE
                0x0000cefc        0x4 common.o
                0x0000cefc                _ZN3mod6common12kItemDataArrE
 .data.errorTextPosY
                0x0000cf00        0x4 errorHandling.o
                0x0000cf00                errorTextPosY
 .data._ZL16gor_00_init_evt2
                0x0000cf04      0x2bc gor_00.o
 *(.gnu.linkonce.d.*)
                0x0000d1c0                        . = ALIGN (0x20)

.data1
 *(.data1)

.tdata
 *(.tdata .tdata.* .gnu.linkonce.td.*)

.tbss
 *(.tbss .tbss.* .gnu.linkonce.tb.*)
 *(.tcommon)

.eh_frame       0x0000d1c0     0x1a6c
 *(.eh_frame)
 .eh_frame      0x0000d1c0      0x208 OWR.o
                                0x28c (size before relaxing)
 .eh_frame      0x0000d3c8       0x28 StateManager.o
                                 0x3c (size before relaxing)
 .eh_frame      0x0000d3f0        0x0 common.o
                                 0xc8 (size before relaxing)
 .eh_frame      0x0000d3f0       0x70 con_mario.o
 .eh_frame      0x0000d460       0x84 con_perf.o
 .eh_frame      0x0000d4e4       0xac con_seq.o
 .eh_frame      0x0000d590      0x454 console.o
                                0x4e8 (size before relaxing)
 .eh_frame      0x0000d9e4       0x50 cxx.o
                                 0x64 (size before relaxing)
 .eh_frame      0x0000da34      0x158 errorHandling.o
                                0x1e0 (size before relaxing)
 .eh_frame      0x0000db8c      0x158 gamePatches.o
 .eh_frame      0x0000dce4       0x84 keyboard.o
                                0x110 (size before relaxing)
 .eh_frame      0x0000dd68       0xbc mod.o
                                0x124 (size before relaxing)
 .eh_frame      0x0000de24      0x114 patch.o
                                0x1cc (size before relaxing)
 .eh_frame      0x0000df38       0x50 printf.o
                                 0x8c (size before relaxing)
 .eh_frame      0x0000df88       0x90 rel.o
 .eh_frame      0x0000e018       0xbc ug.o
 .eh_frame      0x0000e0d4       0xb8 util.o
                                0x110 (size before relaxing)
 .eh_frame      0x0000e18c       0x28 aaa.o
 .eh_frame      0x0000e1b4       0x78 aji.o
 .eh_frame      0x0000e22c       0x44 bom.o
 .eh_frame      0x0000e270       0x4c dou.o
 .eh_frame      0x0000e2bc       0x40 eki.o
 .eh_frame      0x0000e2fc       0x28 end.o
 .eh_frame      0x0000e324       0x48 gon.o
 .eh_frame      0x0000e36c       0x7c gor_00.o
 .eh_frame      0x0000e3e8       0x50 gor_01.o
 .eh_frame      0x0000e438       0x60 gor_02.o
 .eh_frame      0x0000e498       0x68 gor_03.o
 .eh_frame      0x0000e500       0x50 gor_04.o
 .eh_frame      0x0000e550       0x5c gor_misc.o
 .eh_frame      0x0000e5ac       0x48 gra.o
 .eh_frame      0x0000e5f4       0x54 hei.o
 .eh_frame      0x0000e648       0x44 hom.o
 .eh_frame      0x0000e68c       0x40 jin.o
 .eh_frame      0x0000e6cc       0x30 kpa.o
 .eh_frame      0x0000e6fc        0x0 las.o
                                 0x40 (size before relaxing)
 .eh_frame      0x0000e6fc       0x8c main.o
 .eh_frame      0x0000e788        0x0 moo.o
                                 0x30 (size before relaxing)
 .eh_frame      0x0000e788       0x78 mri.o
 .eh_frame      0x0000e800       0x78 muj.o
 .eh_frame      0x0000e878       0x54 nok.o
 .eh_frame      0x0000e8cc       0x5c pik.o
 .eh_frame      0x0000e928       0x70 rsh.o
 .eh_frame      0x0000e998       0xd0 tik.o
 .eh_frame      0x0000ea68       0x74 tou.o
 .eh_frame      0x0000eadc       0x40 tou2.o
 .eh_frame      0x0000eb1c       0x74 usu.o
 .eh_frame      0x0000eb90       0x60 win.o
 .eh_frame      0x0000ebf0       0x3c C:/devkitPro/devkitPPC/bin/../lib/gcc/powerpc-eabi/13.1.0\libgcc.a(_divdi3.o)

.gcc_except_table
 *(.gcc_except_table)

.fixup
 *(.fixup)

.got1
 *(.got1)

.got2
 *(.got2)

.dynamic
 *(.dynamic)

.ctors          0x0000ec2c       0x34
 *crtbegin.o(.ctors)
 *(EXCLUDE_FILE(*crtend.o) .ctors)
 .ctors         0x0000ec2c        0x4 OWR.o
 .ctors         0x0000ec30        0x4 con_mario.o
 .ctors         0x0000ec34        0x4 con_perf.o
 .ctors         0x0000ec38        0x4 con_seq.o
 .ctors         0x0000ec3c        0x4 console.o
 .ctors         0x0000ec40        0x4 errorHandling.o
 .ctors         0x0000ec44        0x4 gor_00.o
 *(SORT_BY_NAME(.ctors.*))
 *(.ctors)
                0x0000ec60                        . = ALIGN (0x20)
 *fill*         0x0000ec48       0x18 

.dtors          0x0000ec60       0x20
 *crtbegin.o(.dtors)
 *(EXCLUDE_FILE(*crtend.o) .dtors)
 .dtors         0x0000ec60        0x4 errorHandling.o
 *(SORT_BY_NAME(.dtors.*))
 *(.dtors)
                0x0000ec80                        . = ALIGN (0x20)
 *fill*         0x0000ec64       0x1c 

.jcr
 *(.jcr)

.got
 *(.got.plt)
 *(.got)

.sdata          0x0000ec80        0x0
                [!provide]                        PROVIDE (_SDA_BASE_ = .)
 *(.sdata)
 *(.sdata.*)
 *(.gnu.linkonce.s.*)
                0x0000ec80                        . = ALIGN (0x20)
                0x0000ec80                        _edata = .
                [!provide]                        PROVIDE (edata = .)

.sbss           0x0000ec80        0x0
                0x0000ec80                        __sbss_start = .
                [!provide]                        PROVIDE (__sbss_start = .)
                [!provide]                        PROVIDE (___sbss_start = .)
 *(.dynsbss)
 *(.sbss)
 *(.sbss.*)
 *(.gnu.linkonce.sb.*)
 *(.scommon)
                [!provide]                        PROVIDE (__sbss_end = .)
                [!provide]                        PROVIDE (___sbss_end = .)
                0x0000ec80                        . = ALIGN (0x20)
                0x0000ec80                        __sbss_end = .

.bss            0x0000ec80      0x160
                0x0000ec80                        __bss_start = .
                [!provide]                        PROVIDE (__bss_start = .)
 *(.dynbss)
 *(.bss)
 *(.bss.*)
 .bss._ZN3mod3owr22g_msgSearch_trampolineE
                0x0000ec80        0x4 OWR.o
                0x0000ec80                _ZN3mod3owr22g_msgSearch_trampolineE
 .bss._ZN3mod3owr25g_pouchGetItem_trampolineE
                0x0000ec84        0x4 OWR.o
                0x0000ec84                _ZN3mod3owr25g_pouchGetItem_trampolineE
 .bss._ZN3mod3owr19g_OSLink_trampolineE
                0x0000ec88        0x4 OWR.o
                0x0000ec88                _ZN3mod3owr19g_OSLink_trampolineE
 .bss._ZN3mod3owr6gStateE
                0x0000ec8c        0x4 OWR.o
                0x0000ec8c                _ZN3mod3owr6gStateE
 .bss._ZN3mod3owr5gSelfE
                0x0000ec90        0x4 OWR.o
                0x0000ec90                _ZN3mod3owr5gSelfE
 .bss._ZN3mod3owr7item_dbE
                0x0000ec94        0x4 OWR.o
                0x0000ec94                _ZN3mod3owr7item_dbE
 .bss.gState    0x0000ec98        0x4 StateManager.o
                0x0000ec98                gState
 .bss._ZN3modL12mod_if_obj22E
                0x0000ec9c        0x8 con_mario.o
 .bss._ZN3mod14mario_show_posE
                0x0000eca4       0x10 con_mario.o
                0x0000eca4                _ZN3mod14mario_show_posE
 .bss._ZN3mod13mario_set_posE
                0x0000ecb4        0xc con_mario.o
                0x0000ecb4                _ZN3mod13mario_set_posE
 .bss._ZN3modL12mod_if_obj46E
                0x0000ecc0        0x8 con_perf.o
 .bss._ZN3mod14mem_debug_heapE
                0x0000ecc8       0x10 con_perf.o
                0x0000ecc8                _ZN3mod14mem_debug_heapE
 .bss._ZN3mod15perf_fake_spikeE
                0x0000ecd8        0xc con_perf.o
                0x0000ecd8                _ZN3mod15perf_fake_spikeE
 .bss._ZN3mod14seq_change_mapE
                0x0000ece4        0xc con_seq.o
                0x0000ece4                _ZN3mod14seq_change_mapE
 .bss._ZN3modL12mod_if_obj16E
                0x0000ecf0        0x8 con_seq.o
 .bss._ZN3mod24gTrampoline_seq_logoMainE
                0x0000ecf8        0x4 con_seq.o
                0x0000ecf8                _ZN3mod24gTrampoline_seq_logoMainE
 .bss._ZN3mod13seq_logo_skipE
                0x0000ecfc       0x10 con_seq.o
                0x0000ecfc                _ZN3mod13seq_logo_skipE
 .bss._ZN3mod4findE
                0x0000ed0c        0xc console.o
                0x0000ed0c                _ZN3mod4findE
 .bss._ZN3mod11con_ug_chanE
                0x0000ed18       0x10 console.o
                0x0000ed18                _ZN3mod11con_ug_chanE
 .bss._ZN3mod11con_ug_modeE
                0x0000ed28       0x10 console.o
                0x0000ed28                _ZN3mod11con_ug_modeE
 .bss._ZN3mod21con_log_fade_durationE
                0x0000ed38       0x10 console.o
                0x0000ed38                _ZN3mod21con_log_fade_durationE
 .bss._ZN3mod18con_log_fade_startE
                0x0000ed48       0x10 console.o
                0x0000ed48                _ZN3mod18con_log_fade_startE
 .bss._ZN3mod12con_log_fadeE
                0x0000ed58       0x10 console.o
                0x0000ed58                _ZN3mod12con_log_fadeE
 .bss._ZN3mod13con_log_levelE
                0x0000ed68       0x10 console.o
                0x0000ed68                _ZN3mod13con_log_levelE
 .bss._ZN3mod11con_rainbowE
                0x0000ed78       0x10 console.o
                0x0000ed78                _ZN3mod11con_rainbowE
 .bss._ZN3mod8con_monoE
                0x0000ed88       0x10 console.o
                0x0000ed88                _ZN3mod8con_monoE
 .bss._ZN3mod8con_showE
                0x0000ed98       0x10 console.o
                0x0000ed98                _ZN3mod8con_showE
 .bss._ZN3mod8gConsoleE
                0x0000eda8        0x4 console.o
                0x0000eda8                _ZN3mod8gConsoleE
 .bss._ZN3mod9ConIntVar6sFirstE
                0x0000edac        0x4 console.o
                0x0000edac                _ZN3mod9ConIntVar6sFirstE
 .bss._ZN3mod10ConCommand6sFirstE
                0x0000edb0        0x4 console.o
                0x0000edb0                _ZN3mod10ConCommand6sFirstE
 .bss.g_animPoseMain_trampoline
                0x0000edb4        0x4 errorHandling.o
                0x0000edb4                g_animPoseMain_trampoline
 .bss.g_npcNameToPtr_trampoline
                0x0000edb8        0x4 errorHandling.o
                0x0000edb8                g_npcNameToPtr_trampoline
 .bss.heapCorruptionInfo
                0x0000edbc        0x8 errorHandling.o
                0x0000edbc                heapCorruptionInfo
 .bss.animPoseMainErrorInfo
                0x0000edc4        0x4 errorHandling.o
                0x0000edc4                animPoseMainErrorInfo
 .bss.npcNameToPtrErrorInfo
                0x0000edc8        0x4 errorHandling.o
                0x0000edc8                npcNameToPtrErrorInfo
 .bss._ZN3mod4gModE
                0x0000edcc        0x4 mod.o
                0x0000edcc                _ZN3mod4gModE
 .bss._ZN17ModUpdateFunction6sFirstE
                0x0000edd0        0x4 mod.o
                0x0000edd0                _ZN17ModUpdateFunction6sFirstE
 .bss._ZN15ModInitFunction6sFirstE
                0x0000edd4        0x4 mod.o
                0x0000edd4                _ZN15ModInitFunction6sFirstE
 *(.gnu.linkonce.b.*)
 *(COMMON)
                0x0000ede0                        . = ALIGN (0x20)
 *fill*         0x0000edd8        0x8 
                [!provide]                        PROVIDE (__bss_end = .)
                0x0000ede0                        __bss_end = .
                0x0000ede0                        _end = .
                [!provide]                        PROVIDE (end = .)

.bss._ZZNK3mod14seq_change_mapMUlPKcE_clES2_E8beroName
                0x00000000       0x20
 .bss._ZZNK3mod14seq_change_mapMUlPKcE_clES2_E8beroName
                0x00000000       0x20 con_seq.o
                0x00000000                _ZZNK3mod14seq_change_mapMUlPKcE_clES1_E8beroName
                0x00000000                _ZZNK3mod14seq_change_mapMUlPKcE_clES2_E8beroName

.bss._ZZNK3mod14seq_change_mapMUlPKcE_clES2_E7mapName
                0x00000000       0x20
 .bss._ZZNK3mod14seq_change_mapMUlPKcE_clES2_E7mapName
                0x00000000       0x20 con_seq.o
                0x00000000                _ZZNK3mod14seq_change_mapMUlPKcE_clES2_E7mapName
                0x00000000                _ZZNK3mod14seq_change_mapMUlPKcE_clES1_E7mapName

.stab
 *(.stab)

.stabstr
 *(.stabstr)

.stab.excl
 *(.stab.excl)

.stab.exclstr
 *(.stab.exclstr)

.stab.index
 *(.stab.index)

.stab.indexstr
 *(.stab.indexstr)

.comment        0x00000000      0x6e4
 *(.comment)
 .comment       0x00000000       0x24 OWR.o
 .comment       0x00000024       0x24 StateManager.o
 .comment       0x00000048       0x24 common.o
 .comment       0x0000006c       0x24 con_mario.o
 .comment       0x00000090       0x24 con_perf.o
 .comment       0x000000b4       0x24 con_seq.o
 .comment       0x000000d8       0x24 console.o
 .comment       0x000000fc       0x24 cxx.o
 .comment       0x00000120       0x24 errorHandling.o
 .comment       0x00000144       0x24 gamePatches.o
 .comment       0x00000168       0x24 keyboard.o
 .comment       0x0000018c       0x24 mod.o
 .comment       0x000001b0       0x24 patch.o
 .comment       0x000001d4       0x24 printf.o
 .comment       0x000001f8       0x24 rel.o
 .comment       0x0000021c       0x24 ug.o
 .comment       0x00000240       0x24 util.o
 .comment       0x00000264       0x24 aaa.o
 .comment       0x00000288       0x24 aji.o
 .comment       0x000002ac       0x24 bom.o
 .comment       0x000002d0       0x24 dou.o
 .comment       0x000002f4       0x24 eki.o
 .comment       0x00000318       0x24 end.o
 .comment       0x0000033c       0x24 gon.o
 .comment       0x00000360       0x24 gor_00.o
 .comment       0x00000384       0x24 gor_01.o
 .comment       0x000003a8       0x24 gor_02.o
 .comment       0x000003cc       0x24 gor_03.o
 .comment       0x000003f0       0x24 gor_04.o
 .comment       0x00000414       0x24 gor_misc.o
 .comment       0x00000438       0x24 gra.o
 .comment       0x0000045c       0x24 hei.o
 .comment       0x00000480       0x24 hom.o
 .comment       0x000004a4       0x24 jin.o
 .comment       0x000004c8       0x24 kpa.o
 .comment       0x000004ec       0x24 las.o
 .comment       0x00000510       0x24 main.o
 .comment       0x00000534       0x24 moo.o
 .comment       0x00000558       0x24 mri.o
 .comment       0x0000057c       0x24 muj.o
 .comment       0x000005a0       0x24 nok.o
 .comment       0x000005c4       0x24 pik.o
 .comment       0x000005e8       0x24 rsh.o
 .comment       0x0000060c       0x24 tik.o
 .comment       0x00000630       0x24 tou.o
 .comment       0x00000654       0x24 tou2.o
 .comment       0x00000678       0x24 usu.o
 .comment       0x0000069c       0x24 win.o
 .comment       0x000006c0       0x24 C:/devkitPro/devkitPPC/bin/../lib/gcc/powerpc-eabi/13.1.0\libgcc.a(_divdi3.o)

.gnu.attributes
                0x00000000       0x10
 .gnu.attributes
                0x00000000       0x10 OWR.o
 .gnu.attributes
                0x00000010       0x10 common.o
 .gnu.attributes
                0x00000020       0x10 con_mario.o
 .gnu.attributes
                0x00000030       0x10 con_perf.o
 .gnu.attributes
                0x00000040       0x10 console.o
 .gnu.attributes
                0x00000050       0x10 errorHandling.o
 .gnu.attributes
                0x00000060       0x10 mod.o
 .gnu.attributes
                0x00000070       0x10 printf.o
 .gnu.attributes
                0x00000080       0x10 util.o

.group          0x00000000        0xc
 .group         0x00000000        0xc con_mario.o

.group          0x00000000        0xc
 .group         0x00000000        0xc con_perf.o

.group          0x00000000        0xc
 .group         0x00000000        0xc con_seq.o

.group          0x00000000        0x8
 .group         0x00000000        0x8 con_seq.o

.group          0x00000000        0x8
 .group         0x00000000        0x8 con_seq.o

.group          0x00000000        0xc
 .group         0x00000000        0xc console.o

.debug
 *(.debug)

.line
 *(.line)

.debug_srcinfo
 *(.debug_srcinfo)

.debug_sfnames
 *(.debug_sfnames)

.debug_aranges  0x00000000      0x938
 *(.debug_aranges)
 .debug_aranges
                0x00000000       0x80 OWR.o
 .debug_aranges
                0x00000080       0x28 StateManager.o
 .debug_aranges
                0x000000a8       0x60 common.o
 .debug_aranges
                0x00000108       0x30 con_mario.o
 .debug_aranges
                0x00000138       0x30 con_perf.o
 .debug_aranges
                0x00000168       0x38 con_seq.o
 .debug_aranges
                0x000001a0       0xb0 console.o
 .debug_aranges
                0x00000250       0x38 cxx.o
 .debug_aranges
                0x00000288       0x60 errorHandling.o
 .debug_aranges
                0x000002e8       0x50 gamePatches.o
 .debug_aranges
                0x00000338       0x40 keyboard.o
 .debug_aranges
                0x00000378       0x58 mod.o
 .debug_aranges
                0x000003d0       0x78 patch.o
 .debug_aranges
                0x00000448       0x28 printf.o
 .debug_aranges
                0x00000470       0x30 rel.o
 .debug_aranges
                0x000004a0       0x30 ug.o
 .debug_aranges
                0x000004d0       0x50 util.o
 .debug_aranges
                0x00000520       0x20 aaa.o
 .debug_aranges
                0x00000540       0x20 aji.o
 .debug_aranges
                0x00000560       0x20 bom.o
 .debug_aranges
                0x00000580       0x20 dou.o
 .debug_aranges
                0x000005a0       0x20 eki.o
 .debug_aranges
                0x000005c0       0x20 end.o
 .debug_aranges
                0x000005e0       0x20 gon.o
 .debug_aranges
                0x00000600       0x28 gor_00.o
 .debug_aranges
                0x00000628       0x20 gor_01.o
 .debug_aranges
                0x00000648       0x20 gor_02.o
 .debug_aranges
                0x00000668       0x20 gor_03.o
 .debug_aranges
                0x00000688       0x28 gor_04.o
 .debug_aranges
                0x000006b0       0x28 gor_misc.o
 .debug_aranges
                0x000006d8       0x20 gra.o
 .debug_aranges
                0x000006f8       0x20 hei.o
 .debug_aranges
                0x00000718       0x20 hom.o
 .debug_aranges
                0x00000738       0x20 jin.o
 .debug_aranges
                0x00000758       0x20 kpa.o
 .debug_aranges
                0x00000778       0x20 las.o
 .debug_aranges
                0x00000798       0x30 main.o
 .debug_aranges
                0x000007c8       0x20 moo.o
 .debug_aranges
                0x000007e8       0x20 mri.o
 .debug_aranges
                0x00000808       0x20 muj.o
 .debug_aranges
                0x00000828       0x20 nok.o
 .debug_aranges
                0x00000848       0x20 pik.o
 .debug_aranges
                0x00000868       0x20 rsh.o
 .debug_aranges
                0x00000888       0x30 tik.o
 .debug_aranges
                0x000008b8       0x20 tou.o
 .debug_aranges
                0x000008d8       0x20 tou2.o
 .debug_aranges
                0x000008f8       0x20 usu.o
 .debug_aranges
                0x00000918       0x20 win.o

.debug_pubnames
 *(.debug_pubnames)

.debug_info     0x00000000    0x3ed47
 *(.debug_info)
 .debug_info    0x00000000     0x35b3 OWR.o
 .debug_info    0x000035b3      0x3b9 StateManager.o
 .debug_info    0x0000396c      0xf16 common.o
 .debug_info    0x00004882     0x257c con_mario.o
 .debug_info    0x00006dfe     0x20f2 con_perf.o
 .debug_info    0x00008ef0     0x21fe con_seq.o
 .debug_info    0x0000b0ee     0x3e13 console.o
 .debug_info    0x0000ef01      0x394 cxx.o
 .debug_info    0x0000f295     0x44aa errorHandling.o
 .debug_info    0x0001373f     0x24ed gamePatches.o
 .debug_info    0x00015c2c      0xfaf keyboard.o
 .debug_info    0x00016bdb     0x355a mod.o
 .debug_info    0x0001a135     0x15c5 patch.o
 .debug_info    0x0001b6fa      0x61f printf.o
 .debug_info    0x0001bd19       0xf3 rel.o
 .debug_info    0x0001be0c      0x8d5 ug.o
 .debug_info    0x0001c6e1      0x9d3 util.o
 .debug_info    0x0001d0b4      0x2e3 aaa.o
 .debug_info    0x0001d397     0x177b aji.o
 .debug_info    0x0001eb12      0x3fb bom.o
 .debug_info    0x0001ef0d     0x113b dou.o
 .debug_info    0x00020048      0xb96 eki.o
 .debug_info    0x00020bde      0x2d9 end.o
 .debug_info    0x00020eb7     0x1189 gon.o
 .debug_info    0x00022040     0x1f57 gor_00.o
 .debug_info    0x00023f97     0x123e gor_01.o
 .debug_info    0x000251d5     0x186b gor_02.o
 .debug_info    0x00026a40      0xc28 gor_03.o
 .debug_info    0x00027668      0x998 gor_04.o
 .debug_info    0x00028000     0x1127 gor_misc.o
 .debug_info    0x00029127      0x831 gra.o
 .debug_info    0x00029958     0x141b hei.o
 .debug_info    0x0002ad73      0x9f7 hom.o
 .debug_info    0x0002b76a      0x405 jin.o
 .debug_info    0x0002bb6f      0x31f kpa.o
 .debug_info    0x0002be8e      0x49b las.o
 .debug_info    0x0002c329     0x268c main.o
 .debug_info    0x0002e9b5      0x947 moo.o
 .debug_info    0x0002f2fc     0x1dc2 mri.o
 .debug_info    0x000310be     0x1e5d muj.o
 .debug_info    0x00032f1b     0x152c nok.o
 .debug_info    0x00034447     0x165f pik.o
 .debug_info    0x00035aa6     0x1e0e rsh.o
 .debug_info    0x000378b4     0x2529 tik.o
 .debug_info    0x00039ddd     0x1acf tou.o
 .debug_info    0x0003b8ac      0x3fb tou2.o
 .debug_info    0x0003bca7     0x1d91 usu.o
 .debug_info    0x0003da38     0x130f win.o

.debug_abbrev   0x00000000     0x8567
 *(.debug_abbrev)
 .debug_abbrev  0x00000000      0x724 OWR.o
 .debug_abbrev  0x00000724      0x17c StateManager.o
 .debug_abbrev  0x000008a0      0x21a common.o
 .debug_abbrev  0x00000aba      0x60d con_mario.o
 .debug_abbrev  0x000010c7      0x62d con_perf.o
 .debug_abbrev  0x000016f4      0x668 con_seq.o
 .debug_abbrev  0x00001d5c      0x98f console.o
 .debug_abbrev  0x000026eb      0x170 cxx.o
 .debug_abbrev  0x0000285b      0x72d errorHandling.o
 .debug_abbrev  0x00002f88      0x4cb gamePatches.o
 .debug_abbrev  0x00003453      0x36e keyboard.o
 .debug_abbrev  0x000037c1      0x791 mod.o
 .debug_abbrev  0x00003f52      0x2bd patch.o
 .debug_abbrev  0x0000420f      0x256 printf.o
 .debug_abbrev  0x00004465       0xeb rel.o
 .debug_abbrev  0x00004550      0x230 ug.o
 .debug_abbrev  0x00004780      0x20f util.o
 .debug_abbrev  0x0000498f       0xcc aaa.o
 .debug_abbrev  0x00004a5b      0x238 aji.o
 .debug_abbrev  0x00004c93       0xcc bom.o
 .debug_abbrev  0x00004d5f      0x1f1 dou.o
 .debug_abbrev  0x00004f50      0x1d6 eki.o
 .debug_abbrev  0x00005126       0xcc end.o
 .debug_abbrev  0x000051f2      0x1f2 gon.o
 .debug_abbrev  0x000053e4      0x26c gor_00.o
 .debug_abbrev  0x00005650      0x22c gor_01.o
 .debug_abbrev  0x0000587c      0x253 gor_02.o
 .debug_abbrev  0x00005acf      0x1e3 gor_03.o
 .debug_abbrev  0x00005cb2      0x234 gor_04.o
 .debug_abbrev  0x00005ee6      0x2af gor_misc.o
 .debug_abbrev  0x00006195      0x1c2 gra.o
 .debug_abbrev  0x00006357      0x1fb hei.o
 .debug_abbrev  0x00006552      0x1bf hom.o
 .debug_abbrev  0x00006711       0xcc jin.o
 .debug_abbrev  0x000067dd       0xcc kpa.o
 .debug_abbrev  0x000068a9       0xcc las.o
 .debug_abbrev  0x00006975      0x2fc main.o
 .debug_abbrev  0x00006c71      0x1c5 moo.o
 .debug_abbrev  0x00006e36      0x234 mri.o
 .debug_abbrev  0x0000706a      0x22d muj.o
 .debug_abbrev  0x00007297      0x227 nok.o
 .debug_abbrev  0x000074be      0x227 pik.o
 .debug_abbrev  0x000076e5      0x223 rsh.o
 .debug_abbrev  0x00007908      0x539 tik.o
 .debug_abbrev  0x00007e41      0x237 tou.o
 .debug_abbrev  0x00008078       0xcc tou2.o
 .debug_abbrev  0x00008144      0x225 usu.o
 .debug_abbrev  0x00008369      0x1fe win.o

.debug_line     0x00000000    0x19b8a
 *(.debug_line)
 .debug_line    0x00000000      0xd6b OWR.o
 .debug_line    0x00000d6b      0x1cf StateManager.o
 .debug_line    0x00000f3a      0x39d common.o
 .debug_line    0x000012d7      0x4e6 con_mario.o
 .debug_line    0x000017bd      0x5f6 con_perf.o
 .debug_line    0x00001db3      0x5b8 con_seq.o
 .debug_line    0x0000236b     0x1f5f console.o
 .debug_line    0x000042ca      0x1c9 cxx.o
 .debug_line    0x00004493     0x12a6 errorHandling.o
 .debug_line    0x00005739      0x6d8 gamePatches.o
 .debug_line    0x00005e11      0xcb4 keyboard.o
 .debug_line    0x00006ac5      0x7ae mod.o
 .debug_line    0x00007273      0x80c patch.o
 .debug_line    0x00007a7f      0x2b2 printf.o
 .debug_line    0x00007d31      0x226 rel.o
 .debug_line    0x00007f57      0x4ad ug.o
 .debug_line    0x00008404      0x4b0 util.o
 .debug_line    0x000088b4      0x21f aaa.o
 .debug_line    0x00008ad3      0xecb aji.o
 .debug_line    0x0000999e      0x68f bom.o
 .debug_line    0x0000a02d      0x6eb dou.o
 .debug_line    0x0000a718      0x5ca eki.o
 .debug_line    0x0000ace2      0x1f8 end.o
 .debug_line    0x0000aeda      0x730 gon.o
 .debug_line    0x0000b60a      0x921 gor_00.o
 .debug_line    0x0000bf2b      0x6b7 gor_01.o
 .debug_line    0x0000c5e2      0x6eb gor_02.o
 .debug_line    0x0000cccd      0x83e gor_03.o
 .debug_line    0x0000d50b      0x4fc gor_04.o
 .debug_line    0x0000da07      0x47a gor_misc.o
 .debug_line    0x0000de81      0x4b0 gra.o
 .debug_line    0x0000e331      0x636 hei.o
 .debug_line    0x0000e967      0x3ea hom.o
 .debug_line    0x0000ed51      0x5ea jin.o
 .debug_line    0x0000f33b      0x294 kpa.o
 .debug_line    0x0000f5cf      0x861 las.o
 .debug_line    0x0000fe30      0xd0c main.o
 .debug_line    0x00010b3c      0x2fe moo.o
 .debug_line    0x00010e3a     0x1375 mri.o
 .debug_line    0x000121af      0xf87 muj.o
 .debug_line    0x00013136      0x60f nok.o
 .debug_line    0x00013745      0x98c pik.o
 .debug_line    0x000140d1     0x1802 rsh.o
 .debug_line    0x000158d3      0xb5b tik.o
 .debug_line    0x0001642e     0x1d3c tou.o
 .debug_line    0x0001816a      0x6e5 tou2.o
 .debug_line    0x0001884f      0xd47 usu.o
 .debug_line    0x00019596      0x5f4 win.o

.debug_frame
 *(.debug_frame)

.debug_str      0x00000000    0x41039
 *(.debug_str)
 .debug_str     0x00000000     0x2c08 OWR.o
 .debug_str     0x00002c08      0x3ab StateManager.o
 .debug_str     0x00002fb3     0x13e4 common.o
 .debug_str     0x00004397     0x1a5e con_mario.o
 .debug_str     0x00005df5     0x1613 con_perf.o
 .debug_str     0x00007408     0x17ab con_seq.o
 .debug_str     0x00008bb3     0x19f9 console.o
 .debug_str     0x0000a5ac      0x34e cxx.o
 .debug_str     0x0000a8fa     0x20aa errorHandling.o
 .debug_str     0x0000c9a4     0x1a72 gamePatches.o
 .debug_str     0x0000e416      0x955 keyboard.o
 .debug_str     0x0000ed6b     0x22a1 mod.o
 .debug_str     0x0001100c      0x6eb patch.o
 .debug_str     0x000116f7      0x468 printf.o
 .debug_str     0x00011b5f      0x191 rel.o
 .debug_str     0x00011cf0      0x39b ug.o
 .debug_str     0x0001208b      0x654 util.o
 .debug_str     0x000126df      0x3d4 aaa.o
 .debug_str     0x00012ab3     0x2130 aji.o
 .debug_str     0x00014be3      0x5d1 bom.o
 .debug_str     0x000151b4     0x1c7d dou.o
 .debug_str     0x00016e31      0xeb5 eki.o
 .debug_str     0x00017ce6      0x3ce end.o
 .debug_str     0x000180b4     0x1c97 gon.o
 .debug_str     0x00019d4b     0x2951 gor_00.o
 .debug_str     0x0001c69c     0x1a47 gor_01.o
 .debug_str     0x0001e0e3     0x242e gor_02.o
 .debug_str     0x00020511      0xf35 gor_03.o
 .debug_str     0x00021446      0x67e gor_04.o
 .debug_str     0x00021ac4     0x1b6c gor_misc.o
 .debug_str     0x00023630      0x949 gra.o
 .debug_str     0x00023f79     0x1ff4 hei.o
 .debug_str     0x00025f6d      0xc74 hom.o
 .debug_str     0x00026be1      0x59e jin.o
 .debug_str     0x0002717f      0x424 kpa.o
 .debug_str     0x000275a3      0x66f las.o
 .debug_str     0x00027c12     0x2f57 main.o
 .debug_str     0x0002ab69      0xb14 moo.o
 .debug_str     0x0002b67d     0x28b4 mri.o
 .debug_str     0x0002df31     0x2a5d muj.o
 .debug_str     0x0003098e     0x1d92 nok.o
 .debug_str     0x00032720     0x2007 pik.o
 .debug_str     0x00034727     0x2a1b rsh.o
 .debug_str     0x00037142     0x2f1b tik.o
 .debug_str     0x0003a05d     0x267c tou.o
 .debug_str     0x0003c6d9      0x5af tou2.o
 .debug_str     0x0003cc88     0x272a usu.o
 .debug_str     0x0003f3b2     0x1c87 win.o

.debug_loc
 *(.debug_loc)

.debug_macinfo
 *(.debug_macinfo)

.debug_weaknames
 *(.debug_weaknames)

.debug_funcnames
 *(.debug_funcnames)

.debug_typenames
 *(.debug_typenames)

.debug_varnames
 *(.debug_varnames)
                0x00000000                        __isIPL = 0x0
                0x0002ede0                        __stack_addr = ((((__bss_start + SIZEOF (.bss)) + 0x20000) + 0x7) & 0xfffffffffffffff8)
                0x0000ede0                        __stack_end = (__bss_start + SIZEOF (.bss))
                0x00032de0                        __intrstack_addr = (__stack_addr + 0x4000)
                0x0002ede0                        __intrstack_end = __stack_addr
                0x00032de0                        __Arena1Lo = ((__intrstack_addr + 0x1f) & 0xffffffffffffffe0)
                0x817feff0                        __Arena1Hi = 0x817feff0
                0x817ff000                        __gxregs = ((__Arena1Hi + 0x1f) & 0xffffffffffffffe0)
                [!provide]                        PROVIDE (__stack = 0x817feff0)
                [!provide]                        PROVIDE (__isIPL = __isIPL)
                [!provide]                        PROVIDE (__stack_addr = __stack_addr)
                [!provide]                        PROVIDE (__stack_end = __stack_end)
                [!provide]                        PROVIDE (__intrstack_addr = __intrstack_addr)
                [!provide]                        PROVIDE (__intrstack_end = __intrstack_end)
                [!provide]                        PROVIDE (__Arena1Lo = __Arena1Lo)
                [!provide]                        PROVIDE (__Arena1Hi = __Arena1Hi)
                [!provide]                        PROVIDE (__gxregs = __gxregs)
LOAD H:/GhidraProjects/TTYDAP/TTYDAP/rel/source/cxx.ld
                0x0000ec2c                        _ctors_start = ADDR (.ctors)
                0x0000ec60                        _ctors_end = (_ctors_start + SIZEOF (.ctors))
                0x0000ec60                        _dtors_start = ADDR (.dtors)
                0x0000ec80                        _dtors_end = (_dtors_start + SIZEOF (.dtors))
LOAD OWR.o
LOAD StateManager.o
LOAD common.o
LOAD con_mario.o
LOAD con_perf.o
LOAD con_seq.o
LOAD console.o
LOAD cxx.o
LOAD errorHandling.o
LOAD gamePatches.o
LOAD keyboard.o
LOAD mod.o
LOAD patch.o
LOAD printf.o
LOAD rel.o
LOAD ug.o
LOAD util.o
LOAD aaa.o
LOAD aji.o
LOAD bom.o
LOAD dou.o
LOAD eki.o
LOAD end.o
LOAD gon.o
LOAD gor_00.o
LOAD gor_01.o
LOAD gor_02.o
LOAD gor_03.o
LOAD gor_04.o
LOAD gor_misc.o
LOAD gra.o
LOAD hei.o
LOAD hom.o
LOAD jin.o
LOAD kpa.o
LOAD las.o
LOAD main.o
LOAD moo.o
LOAD mri.o
LOAD muj.o
LOAD nok.o
LOAD pik.o
LOAD rsh.o
LOAD tik.o
LOAD tou.o
LOAD tou2.o
LOAD usu.o
LOAD win.o
LOAD CrashScreenDecrementYPos.o
LOAD FixBlooperCrash1.o
LOAD FixBlooperCrash2.o
LOAD PreventDiaryTextboxSelection.o
LOAD asm_main.o
LOAD patch_ih.o
LOAD C:/devkitPro/devkitPPC/bin/../lib/gcc/powerpc-eabi/13.1.0\libgcc.a
OUTPUT(H:/GhidraProjects/TTYDAP/TTYDAP/rel/rel.eu.elf elf32-powerpc)

.debug_loclists
                0x00000000     0x658d
 .debug_loclists
                0x00000000      0xd4f OWR.o
 .debug_loclists
                0x00000d4f       0x17 StateManager.o
 .debug_loclists
                0x00000d66      0x151 common.o
 .debug_loclists
                0x00000eb7       0xa9 con_mario.o
 .debug_loclists
                0x00000f60      0x2eb con_perf.o
 .debug_loclists
                0x0000124b       0xf8 con_seq.o
 .debug_loclists
                0x00001343     0x1cd1 console.o
 .debug_loclists
                0x00003014       0x54 cxx.o
 .debug_loclists
                0x00003068     0x11cb errorHandling.o
 .debug_loclists
                0x00004233      0x311 gamePatches.o
 .debug_loclists
                0x00004544      0x886 keyboard.o
 .debug_loclists
                0x00004dca      0x1c2 mod.o
 .debug_loclists
                0x00004f8c      0xc5e patch.o
 .debug_loclists
                0x00005bea      0x2ae printf.o
 .debug_loclists
                0x00005e98      0x2cd ug.o
 .debug_loclists
                0x00006165      0x241 util.o
 .debug_loclists
                0x000063a6       0xa3 gor_04.o
 .debug_loclists
                0x00006449      0x144 tik.o

.debug_rnglists
                0x00000000     0x19f6
 .debug_rnglists
                0x00000000      0x1db OWR.o
 .debug_rnglists
                0x000001db       0x28 StateManager.o
 .debug_rnglists
                0x00000203       0x43 common.o
 .debug_rnglists
                0x00000246       0x95 con_mario.o
 .debug_rnglists
                0x000002db       0xb4 con_perf.o
 .debug_rnglists
                0x0000038f       0xc4 con_seq.o
 .debug_rnglists
                0x00000453      0x71c console.o
 .debug_rnglists
                0x00000b6f       0x25 cxx.o
 .debug_rnglists
                0x00000b94      0x352 errorHandling.o
 .debug_rnglists
                0x00000ee6       0x7d gamePatches.o
 .debug_rnglists
                0x00000f63      0x315 keyboard.o
 .debug_rnglists
                0x00001278       0xc6 mod.o
 .debug_rnglists
                0x0000133e      0x23d patch.o
 .debug_rnglists
                0x0000157b       0x2c printf.o
 .debug_rnglists
                0x000015a7       0x47 rel.o
 .debug_rnglists
                0x000015ee       0x73 ug.o
 .debug_rnglists
                0x00001661       0x45 util.o
 .debug_rnglists
                0x000016a6       0x13 aaa.o
 .debug_rnglists
                0x000016b9       0x14 aji.o
 .debug_rnglists
                0x000016cd       0x14 bom.o
 .debug_rnglists
                0x000016e1       0x14 dou.o
 .debug_rnglists
                0x000016f5       0x14 eki.o
 .debug_rnglists
                0x00001709       0x13 end.o
 .debug_rnglists
                0x0000171c       0x14 gon.o
 .debug_rnglists
                0x00001730       0x1a gor_00.o
 .debug_rnglists
                0x0000174a       0x14 gor_01.o
 .debug_rnglists
                0x0000175e       0x14 gor_02.o
 .debug_rnglists
                0x00001772       0x14 gor_03.o
 .debug_rnglists
                0x00001786       0x1a gor_04.o
 .debug_rnglists
                0x000017a0       0x32 gor_misc.o
 .debug_rnglists
                0x000017d2       0x14 gra.o
 .debug_rnglists
                0x000017e6       0x14 hei.o
 .debug_rnglists
                0x000017fa       0x14 hom.o
 .debug_rnglists
                0x0000180e       0x14 jin.o
 .debug_rnglists
                0x00001822       0x14 kpa.o
 .debug_rnglists
                0x00001836       0x14 las.o
 .debug_rnglists
                0x0000184a       0x92 main.o
 .debug_rnglists
                0x000018dc       0x14 moo.o
 .debug_rnglists
                0x000018f0       0x14 mri.o
 .debug_rnglists
                0x00001904       0x14 muj.o
 .debug_rnglists
                0x00001918       0x14 nok.o
 .debug_rnglists
                0x0000192c       0x14 pik.o
 .debug_rnglists
                0x00001940       0x14 rsh.o
 .debug_rnglists
                0x00001954       0x52 tik.o
 .debug_rnglists
                0x000019a6       0x14 tou.o
 .debug_rnglists
                0x000019ba       0x14 tou2.o
 .debug_rnglists
                0x000019ce       0x14 usu.o
 .debug_rnglists
                0x000019e2       0x14 win.o
