Archive member included to satisfy reference by file (symbol)

C:/devkitPro/devkitPPC/bin/../lib/gcc/powerpc-eabi/13.1.0\libgcc.a(_divdi3.o)
                              console.o (__divdi3)

Discarded input sections

 .text          0x00000000        0x0 OWR.o
 .data          0x00000000        0x0 OWR.o
 .bss           0x00000000        0x0 OWR.o
 .text._Z13strcpy_StringPcPKc
                0x00000000        0x4 OWR.o
 .text._ZN3mod3owr3OWR8AAAToGOREv
                0x00000000       0x48 OWR.o
 .text._ZN3mod3owr3OWR12RecieveItemsEv
                0x00000000       0x68 OWR.o
 .bss._ZN3mod3owr25g_stg0_00_init_trampolineE
                0x00000000        0x4 OWR.o
 .bss._ZN3mod3owr22g_itemEntry_trampolineE
                0x00000000        0x4 OWR.o
 .bss._ZN3mod3owr6gStateE
                0x00000000        0x4 OWR.o
 .text          0x00000000        0x0 StateManager.o
 .data          0x00000000        0x0 StateManager.o
 .bss           0x00000000        0x0 StateManager.o
 .text._ZN3mod3owr12StateManager4InitEv
                0x00000000       0x34 StateManager.o
 .text          0x00000000        0x0 common.o
 .data          0x00000000        0x0 common.o
 .bss           0x00000000        0x0 common.o
 .text._ZN3mod6common14GetCurrentAreaEv
                0x00000000       0x1c common.o
 .text._ZN3mod6common13GetCurrentMapEv
                0x00000000       0x1c common.o
 .text._ZN3mod6common11GetFilenameEv
                0x00000000       0x1c common.o
 .text._ZN3mod6common16GetStorySequenceEv
                0x00000000       0x24 common.o
 .text._ZN3mod6common14GetPitSequenceEv
                0x00000000       0x2c common.o
 .text._ZN3mod6common17GetSavedFlagValueEi
                0x00000000       0x44 common.o
 .text._ZN3mod6common21HasKeyItemInInventoryEs
                0x00000000       0x60 common.o
 .text._ZN3mod6common25GetBattleWindowDataOffsetEv
                0x00000000       0x1c common.o
 .text._ZN3mod6common21GetStatusWindowHeightEv
                0x00000000       0x28 common.o
 .data._ZN3mod6common29kUnknownStatusWindowStructPtrE
                0x00000000        0x4 common.o
 .data._ZN3mod6common10kBattlePtrE
                0x00000000        0x4 common.o
 .data._ZN3mod6common9kPouchPtrE
                0x00000000        0x4 common.o
 .data._ZN3mod6common12kSaveDataPtrE
                0x00000000        0x4 common.o
 .rodata._ZN3mod6common32kUltraHammerChestDespawnIdOffsetE
                0x00000000        0x4 common.o
 .rodata._ZN3mod6common27kObjectCollectionExprOffsetE
                0x00000000        0x4 common.o
 .rodata._ZN3mod6common27kObjectChestScriptPtrOffsetE
                0x00000000        0x4 common.o
 .rodata._ZN3mod6common33kMujModuleFlavioDesiredItemOffsetE
                0x00000000        0x4 common.o
 .rodata._ZN3mod6common36kJinModuleAtomicBooItemGswfSetOffsetE
                0x00000000        0x4 common.o
 .rodata._ZN3mod6common39kJinModuleAtomicBooItemObjectFlagOffsetE
                0x00000000        0x4 common.o
 .rodata._ZN3mod6common32kPitModuleCharlietonChanceOffsetE
                0x00000000        0x4 common.o
 .rodata._ZN3mod6common22kPitModuleNpcArrOffsetE
                0x00000000        0x4 common.o
 .rodata._ZN3mod6common23kSavedWordFlagBaseValueE
                0x00000000        0x4 common.o
 .data._ZN3mod6common20kPiantaParlorItemArrE
                0x00000000        0x4 common.o
 .data._ZN3mod6common21kPitCharlietonItemArrE
                0x00000000        0x4 common.o
 .data._ZN3mod6common12kHowzItemArrE
                0x00000000        0x4 common.o
 .data._ZN3mod6common18kCharlietonItemArrE
                0x00000000        0x4 common.o
 .data._ZN3mod6common14kDazzleItemArrE
                0x00000000        0x4 common.o
 .data._ZN3mod6common20kSuperguardFramesArrE
                0x00000000        0x4 common.o
 .data._ZN3mod6common15kGuardFramesArrE
                0x00000000        0x4 common.o
 .data._ZN3mod6common25kSuperChargePartnerParamsE
                0x00000000        0x4 common.o
 .data._ZN3mod6common18kSuperChargeParamsE
                0x00000000        0x4 common.o
 .data._ZN3mod6common19kPiercingBlowParamsE
                0x00000000        0x4 common.o
 .data._ZN3mod6common18kHammerThrowParamsE
                0x00000000        0x4 common.o
 .data._ZN3mod6common17kKoopaCurseParamsE
                0x00000000        0x4 common.o
 .data._ZN3mod6common15kTradeOffParamsE
                0x00000000        0x4 common.o
 .data._ZN3mod6common17kGulpRecoilParamsE
                0x00000000        0x4 common.o
 .data._ZN3mod6common24kUltraHammerRecoilParamsE
                0x00000000        0x4 common.o
 .data._ZN3mod6common24kSuperHammerRecoilParamsE
                0x00000000        0x4 common.o
 .data._ZN3mod6common8kNextMapE
                0x00000000        0x4 common.o
 .rodata.cst4   0x00000000        0x4 common.o
 .text          0x00000000        0x0 con_mario.o
 .data          0x00000000        0x0 con_mario.o
[...]
Memory Configuration

Name             Origin             Length             Attributes
*default*        0x00000000         0xffffffff

Linker script and memory map

                0x80003100                        . = 0x80003100

.init
 *crt0.o(*.init)
 *(.init)

.plt
 *(.plt)

.interp
 *(.interp)

.hash
 *(.hash)

.dynsym
 *(.dynsym)

.dynstr
 *(.dynstr)

.gnu.version
 *(.gnu.version)

.gnu.version_d
 *(.gnu.version_d)

.gnu.version_r
 *(.gnu.version_r)

.rel.init
 *(.rel.init)

.rela.init
 *(.rela.init)

.rel.text
 *(.rel.text .rel.text.* .rel.gnu.linkonce.t.*)

.rela.text
 *(.rela.text .rela.text.* .rela.gnu.linkonce.t.*)

.rel.fini
 *(.rel.fini)

.rela.fini
 *(.rela.fini)

.rel.rodata
 *(.rel.rodata .rel.rodata.* .rel.gnu.linkonce.r.*)

.rela.rodata
 *(.rela.rodata .rela.rodata.* .rela.gnu.linkonce.r.*)

.rel.data
 *(.rel.data .rel.data.* .rel.gnu.linkonce.d.*)

.rela.data
 *(.rela.data .rela.data.* .rela.gnu.linkonce.d.*)

.rel.tdata
 *(.rel.tdata .rel.tdata.* .rel.gnu.linkonce.td.*)

.rela.tdata
 *(.rela.tdata .rela.tdata.* .rela.gnu.linkonce.td.*)

.rel.tbss
 *(.rel.tbss .rel.tbss.* .rel.gnu.linkonce.tb.*)

.rela.tbss
 *(.rela.tbss .rela.tbss.* .rela.gnu.linkonce.tb.*)

.rel.ctors
 *(.rel.ctors)

.rela.ctors
 *(.rela.ctors)

.rel.dtors
 *(.rel.dtors)

.rela.dtors
 *(.rela.dtors)

.rel.got
 *(.rel.got)

.rela.got
 *(.rela.got)

.rela.got1
 *(.rela.got1)

.rela.got2
 *(.rela.got2)

.rel.sdata
 *(.rel.sdata .rel.sdata.* .rel.gnu.linkonce.s.*)

.rela.sdata
 *(.rela.sdata .rela.sdata.* .rela.gnu.linkonce.s.*)

.rel.sbss
 *(.rel.sbss .rel.sbss.* .rel.gnu.linkonce.sb.*)

.rela.sbss
 *(.rela.sbss .rela.sbss.* .rel.gnu.linkonce.sb.*)

.rel.sdata2
 *(.rel.sdata2 .rel.sdata2.* .rel.gnu.linkonce.s2.*)

.rela.sdata2
 *(.rela.sdata2 .rela.sdata2.* .rela.gnu.linkonce.s2.*)

.rel.sbss2
 *(.rel.sbss2 .rel.sbss2.* .rel.gnu.linkonce.sb2.*)

.rela.sbss2
 *(.rela.sbss2 .rela.sbss2.* .rela.gnu.linkonce.sb2.*)

.rel.bss
 *(.rel.bss .rel.bss.* .rel.gnu.linkonce.b.*)

.rela.bss
 *(.rela.bss .rela.bss.* .rela.gnu.linkonce.b.*)

.rel.plt
 *(.rel.plt)

.rela.plt
 *(.rela.plt)

.text           0x80003100     0xe400
 *(.text)
 .text          0x80003100        0x8 FixBlooperCrash1.o
                0x80003100                asmFixBlooperCrash1
 .text          0x80003108       0x14 FixBlooperCrash2.o
                0x80003108                asmFixBlooperCrash2
 .text          0x8000311c      0x244 asm_main.o
                0x8000311c                bMapGXArrInject
                0x80003128                bMapGXArrInjectReturn
                0x8000312c                bMapGXArrIncrement
                0x80003134                bMapGXArrIncrementReturn
                0x80003138                bMapGXChSplit
                0x80003144                bMapGXChSplitReturn
                0x80003148                bWinLogArrInject
                0x80003154                bWinLogArrInjectReturn
                0x80003158                bWinLogArrIncrement
                0x80003160                bWinLogArrIncrementReturn
                0x80003164                bChapterClearCheck
                0x800031ac                bJohoyaSeqAddition
                0x800031e4                bPrintPartyAddErrorFix
                0x80003220                bPrintPartyAddErrorFixReturn
                0x80003224                bPrintPartyErrorFix
                0x80003260                bPrintPartyErrorFixReturn
                0x80003264                bKururingFloorCapture
                0x8000326c                bKururingFloorCaptureReturn
                0x80003270                bKururingFloorRelease
                0x80003278                bKururingFloorReleaseReturn
                0x8000327c                bPowerupblkCapture
                0x80003294                bPowerupblkCaptureReturn
                0x80003298                bPowerupblkRelease
                0x800032a0                bPowerupblkReleaseReturn
                0x800032a4                win_log_mapGX_arr
 *(.text.*)
 *fill*         0x80003360        0x0 00000000
 .text._ZZN3mod3owr3OWR4InitEvENUliE_4_FUNEi
                0x80003360      0x1cc OWR.o
 .text._ZZN3mod3owr3OWR4InitEvENUlPKcE_4_FUNES3_
                0x8000352c      0x2ec OWR.o
 .text._ZN3mod3owr3OWRC2Ev
                0x80003818        0x4 OWR.o
                0x80003818                _ZN3mod3owr3OWRC1Ev
                0x80003818                _ZN3mod3owr3OWRC2Ev
 .text._ZN3mod3owr3OWR12SequenceInitEv
                0x8000381c       0xfc OWR.o
                0x8000381c                _ZN3mod3owr3OWR12SequenceInitEv
 .text._ZN3mod3owr3OWR4InitEv
                0x80003918      0x118 OWR.o
                0x80003918                _ZN3mod3owr3OWR4InitEv
 .text._ZN3mod3owr3OWR6UpdateEv
                0x80003a30       0x90 OWR.o
                0x80003a30                _ZN3mod3owr3OWR6UpdateEv
 .text._ZN3mod3owr3OWR14OnModuleLoadedEPN2gc6OSLink12OSModuleInfoE
                0x80003ac0       0x90 OWR.o
                0x80003ac0                _ZN3mod3owr3OWR14OnModuleLoadedEPN2gc6OSLink12OSModuleInfoE
 .text._ZZN3mod3owr3OWR4InitEvENUlPN2gc6OSLink12OSModuleInfoEPvE_4_FUNES5_S6_
                0x80003b50       0x84 OWR.o
 .text._ZN3mod3owr3OWR10DrawStringEPKcffjf
                0x80003bd4       0xfc OWR.o
                0x80003bd4                _ZN3mod3owr3OWR10DrawStringEPKcffjf
 .text.startup._GLOBAL__sub_I__Z13strcpy_StringPcPKc
                0x80003cd0       0x14 OWR.o
 .text._ZN3mod3owr12StateManagerC2Ev
                0x80003ce4       0x48 StateManager.o
                0x80003ce4                _ZN3mod3owr12StateManagerC2Ev
                0x80003ce4                _ZN3mod3owr12StateManagerC1Ev
 .text._ZN3modL13mod_if_func22Ev
                0x80003d2c       0x54 con_mario.o
 .text.startup._GLOBAL__sub_I__ZN3mod13mario_set_posE
                0x80003d80       0x88 con_mario.o
 .text._ZN3modL13mod_if_func46Ev
                0x80003e08      0x19c con_perf.o
 .text.startup._GLOBAL__sub_I__ZN3mod15perf_fake_spikeE
                0x80003fa4       0x8c con_perf.o
 .text._ZZN3modL13mod_if_func16EvENUlPN4ttyd6seqdrv7SeqInfoEE_4_FUNES3_
                0x80004030       0x44 con_seq.o
 .text._ZN3modL13mod_if_func16Ev
                0x80004074       0x74 con_seq.o
 .text.startup._GLOBAL__sub_I__ZN3mod13seq_logo_skipE
                0x800040e8       0x8c con_seq.o
 .text._ZN3mod13ConsoleSystem4initEv
                0x80004174       0x38 console.o
                0x80004174                _ZN3mod13ConsoleSystem4initEv
 .text._ZN3mod13ConsoleSystem8logColorEPKcN2gc6color4E
                0x800041ac      0x2a8 console.o
                0x800041ac                _ZN3mod13ConsoleSystem8logColorEPKcN2gc6color4E
 .text._ZN3mod13ConsoleSystem7logInfoEPKcz
                0x80004454       0xb8 console.o
                0x80004454                _ZN3mod13ConsoleSystem7logInfoEPKcz
 .text._ZN3mod7CC_findEPKc
                0x8000450c      0x12c console.o
                0x8000450c                _ZN3mod7CC_findEPKc
 .text._ZN3mod13ConsoleSystem10logWarningEPKcz
                0x80004638       0xbc console.o
                0x80004638                _ZN3mod13ConsoleSystem10logWarningEPKcz
 .text._ZN3mod13ConsoleSystem8logErrorEPKcz
                0x800046f4       0xbc console.o
                0x800046f4                _ZN3mod13ConsoleSystem8logErrorEPKcz
 .text._ZN3mod13ConsoleSystem7overlayEPKcz
                0x800047b0       0xd0 console.o
                0x800047b0                _ZN3mod13ConsoleSystem7overlayEPKcz
 .text._ZN3mod13ConsoleSystem14processCommandEPKc
                0x80004880      0x288 console.o
                0x80004880                _ZN3mod13ConsoleSystem14processCommandEPKc
 .text._ZN3mod13ConsoleSystem12updatePromptEv
                0x80004b08      0x974 console.o
                0x80004b08                _ZN3mod13ConsoleSystem12updatePromptEv
 .text._ZN3mod13ConsoleSystem14updateUsbGeckoEv.part.0
                0x8000547c      0x19c console.o
 .text._ZN3mod13ConsoleSystem6updateEv
                0x80005618       0x70 console.o
                0x80005618                _ZN3mod13ConsoleSystem6updateEv
 .text._ZN3mod13ConsoleSystem4dispEv
                0x80005688      0x534 console.o
                0x80005688                _ZN3mod13ConsoleSystem4dispEv
 .text._ZZN3mod13ConsoleSystem6updateEvENUlN4ttyd7dispdrv8CameraIdEPvE_4_FUNES3_S4_
                0x80005bbc        0x8 console.o
 .text.startup._GLOBAL__sub_I__ZN3mod10ConCommand6sFirstE
                0x80005bc4      0x1ac console.o
 .text._Znwj    0x80005d70        0xc cxx.o
                0x80005d70                _Znwj
 .text._Znaj    0x80005d7c        0xc cxx.o
                0x80005d7c                _Znaj
 .text._ZdaPv   0x80005d88        0xc cxx.o
                0x80005d88                _ZdaPv
 .text._Z10checkHeapsv
                0x80005d94      0x560 errorHandling.o
                0x80005d94                _Z10checkHeapsv
 .text._Z17drawErrorMessagesv
                0x800062f4      0x234 errorHandling.o
                0x800062f4                _Z17drawErrorMessagesv
 .text._Z25checkForNpcNameToPtrErrorPKc
                0x80006528       0x90 errorHandling.o
                0x80006528                _Z25checkForNpcNameToPtrErrorPKc
 .text._Z24preventAnimPoseMainCrashi
                0x800065b8       0x54 errorHandling.o
                0x800065b8                _Z24preventAnimPoseMainCrashi
 .text.startup._GLOBAL__sub_I_npcNameToPtrErrorInfo
                0x8000660c       0x1c errorHandling.o
 .text.exit._GLOBAL__sub_D_npcNameToPtrErrorInfo
                0x80006628       0x14 errorHandling.o
 .text._ZL22fixPouchInitMemoryLeakij
                0x8000663c       0x60 gamePatches.o
 .text._ZL12autoMashTextN2gc3pad5PadIdE
                0x8000669c       0x54 gamePatches.o
 .text._ZL14fixMapProblemsv
                0x800066f0      0x12c gamePatches.o
 .text.cFixBlooperCrash1
                0x8000681c       0x4c gamePatches.o
                0x8000681c                cFixBlooperCrash1
 .text._Z14applyGameFixesv
                0x80006868       0x68 gamePatches.o
                0x80006868                _Z14applyGameFixesv
 .text._Z23applyVariousGamePatchesv
                0x800068d0       0xdc gamePatches.o
                0x800068d0                _Z23applyVariousGamePatchesv
 .text._ZN3mod8KeyboardC2Ei
                0x800069ac       0x84 keyboard.o
                0x800069ac                _ZN3mod8KeyboardC2Ei
                0x800069ac                _ZN3mod8KeyboardC1Ei
 .text._ZN3mod8Keyboard6updateEv
                0x80006a30      0x59c keyboard.o
                0x80006a30                _ZN3mod8Keyboard6updateEv
 .text._ZZN3mod3Mod4initEvENUlvE0_4_FUNEv
                0x80006fcc        0x4 mod.o
 .text._ZZN3mod3Mod11updateEarlyEvENUlN4ttyd7dispdrv8CameraIdEPvE_4_FUNES3_S4_
                0x80006fd0        0x4 mod.o
 .text._ZZN3mod3Mod4initEvENUlvE_4_FUNEv
                0x80006fd4       0x98 mod.o
 .text._ZN3mod3ModC2Ev
                0x8000706c       0xa0 mod.o
                0x8000706c                _ZN3mod3ModC2Ev
                0x8000706c                _ZN3mod3ModC1Ev
 .text._ZN3mod3Mod4initEv
                0x8000710c      0x194 mod.o
                0x8000710c                _ZN3mod3Mod4initEv
 .text.startup._ZN3mod4mainEv
                0x800072a0       0x38 mod.o
                0x800072a0                _ZN3mod4mainEv
 .text._ZN3mod5patch17clear_DC_IC_CacheEPvj
                0x800072d8       0x40 patch.o
                0x800072d8                _ZN3mod5patch17clear_DC_IC_CacheEPvj
 .text._ZN3mod5patch11writeBranchEPvS1_
                0x80007318       0x4c patch.o
                0x80007318                _ZN3mod5patch11writeBranchEPvS1_
 .text._ZN3mod5patch14writeEvtBranchEPiPKib
                0x80007364       0x1c patch.o
                0x80007364                _ZN3mod5patch14writeEvtBranchEPiPKib
 .text._ZN3mod5patch13writeBranchBLEPvS1_
                0x80007380       0x50 patch.o
                0x80007380                _ZN3mod5patch13writeBranchBLEPvS1_
 .text._ZN3mod5patch10writePatchEPvPKvj
                0x800073d0       0x7c patch.o
                0x800073d0                _ZN3mod5patch10writePatchEPvPKvj
 .text._ZN3mod5patch10writePatchEPvj
                0x8000744c       0x6c patch.o
                0x8000744c                _ZN3mod5patch10writePatchEPvj
 .text._ZN3mod5patch15writeBranchPairEPvS1_S1_
                0x800074b8       0x80 patch.o
                0x800074b8                _ZN3mod5patch15writeBranchPairEPvS1_S1_
 .text.snprintf
                0x80007538       0xe4 printf.o
                0x80007538                snprintf
 .text._prolog  0x8000761c       0xac rel.o
                0x8000761c                _prolog
 .text._epilog  0x800076c8       0xac rel.o
                0x800076c8                _epilog
 .text._unresolved
                0x80007774        0x4 rel.o
                0x80007774                _unresolved
 .text._ZN3mod7ugProbeEi
                0x80007778      0x110 ug.o
                0x80007778                _ZN3mod7ugProbeEi
 .text._ZN3mod6ugSendEiPKvi
                0x80007888      0x12c ug.o
                0x80007888                _ZN3mod6ugSendEiPKvi
 .text._ZN3mod6ugRecvEiPvi
                0x800079b4      0x124 ug.o
                0x800079b4                _ZN3mod6ugRecvEiPvi
 .text.strstr   0x80007ad8       0xf0 util.o
                0x80007ad8                strstr
 .text._ZN3mod4util26checkButtonComboEveryFrameEj
                0x80007bc8       0x40 util.o
                0x80007bc8                _ZN3mod4util26checkButtonComboEveryFrameEj
 .text._ZN3mod4util10ptrIsValidEPv
                0x80007c08       0x30 util.o
                0x80007c08                _ZN3mod4util10ptrIsValidEPv
 .text._ZN3mod4util10intToFloatEi
                0x80007c38       0x30 util.o
                0x80007c38                _ZN3mod4util10intToFloatEi
 .text._ZN3mod4util25getTextMultilineIncrementEPKcfj
                0x80007c68       0x58 util.o
                0x80007c68                _ZN3mod4util25getTextMultilineIncrementEPKcfj
 .text._Z15ApplyAaaPatchesv
                0x80007cc0       0x50 aaa.o
                0x80007cc0                _Z15ApplyAaaPatchesv
 .text._Z15ApplyAjiPatchesv
                0x80007d10      0x8f4 aji.o
                0x80007d10                _Z15ApplyAjiPatchesv
 .text._Z15ApplyBomPatchesv
                0x80008604      0x340 bom.o
                0x80008604                _Z15ApplyBomPatchesv
 .text._Z15ApplyDouPatchesv
                0x80008944      0x310 dou.o
                0x80008944                _Z15ApplyDouPatchesv
 .text._Z15ApplyEkiPatchesv
                0x80008c54      0x280 eki.o
                0x80008c54                _Z15ApplyEkiPatchesv
 .text._Z15ApplyEndPatchesv
                0x80008ed4       0x30 end.o
                0x80008ed4                _Z15ApplyEndPatchesv
 .text._Z15ApplyGonPatchesv
                0x80008f04      0x354 gon.o
                0x80008f04                _Z15ApplyGonPatchesv
 .text._Z17ApplyGor00Patchesv
                0x80009258      0x624 gor_00.o
                0x80009258                _Z17ApplyGor00Patchesv
 .text.startup._GLOBAL__sub_I__Z17ApplyGor00Patchesv
                0x8000987c       0x14 gor_00.o
 .text._Z17ApplyGor01Patchesv
                0x80009890      0x448 gor_01.o
                0x80009890                _Z17ApplyGor01Patchesv
 .text._Z17ApplyGor02Patchesv
                0x80009cd8      0x450 gor_02.o
                0x80009cd8                _Z17ApplyGor02Patchesv
 .text._Z17ApplyGor03Patchesv
                0x8000a128      0x4f0 gor_03.o
                0x8000a128                _Z17ApplyGor03Patchesv
 .text._Z17ApplyGor04Patchesv
                0x8000a618      0x17c gor_04.o
                0x8000a618                _Z17ApplyGor04Patchesv
 .text._Z19ApplyGorMiscPatchesv
                0x8000a794      0x15c gor_misc.o
                0x8000a794                _Z19ApplyGorMiscPatchesv
 .text._Z15ApplyGorPatchesv
                0x8000a8f0       0x30 gor_misc.o
                0x8000a8f0                _Z15ApplyGorPatchesv
 .text._Z15ApplyGraPatchesv
                0x8000a920      0x22c gra.o
                0x8000a920                _Z15ApplyGraPatchesv
 .text._Z15ApplyHeiPatchesv
                0x8000ab4c      0x27c hei.o
                0x8000ab4c                _Z15ApplyHeiPatchesv
 .text._Z15ApplyHomPatchesv
                0x8000adc8      0x140 hom.o
                0x8000adc8                _Z15ApplyHomPatchesv
 .text._Z15ApplyJinPatchesv
                0x8000af08      0x324 jin.o
                0x8000af08                _Z15ApplyJinPatchesv
 .text._Z15ApplyKpaPatchesv
                0x8000b22c       0xe4 kpa.o
                0x8000b22c                _Z15ApplyKpaPatchesv
 .text._Z24ApplyMainAssemblyPatchesv
                0x8000b310      0x57c main.o
                0x8000b310                _Z24ApplyMainAssemblyPatchesv
 .text._Z22ApplyMainScriptPatchesv
                0x8000b88c      0x1e8 main.o
                0x8000b88c                _Z22ApplyMainScriptPatchesv
 .text._Z25ApplyItemDataTablePatchesv
                0x8000ba74      0x12c main.o
                0x8000ba74                _Z25ApplyItemDataTablePatchesv
 .text._Z15ApplyMriPatchesv
                0x8000bba0      0xc20 mri.o
                0x8000bba0                _Z15ApplyMriPatchesv
 .text._Z15ApplyMujPatchesv
                0x8000c7c0      0xa20 muj.o
                0x8000c7c0                _Z15ApplyMujPatchesv
 .text._Z15ApplyNokPatchesv
                0x8000d1e0      0x3b0 nok.o
                0x8000d1e0                _Z15ApplyNokPatchesv
 .text._Z15ApplyPikPatchesv
                0x8000d590      0x54c pik.o
                0x8000d590                _Z15ApplyPikPatchesv
 .text._Z15ApplyRshPatchesv
                0x8000dadc      0xf00 rsh.o
                0x8000dadc                _Z15ApplyRshPatchesv
 .text._Z18checkChapterClearsPN4ttyd6evtmgr8EvtEntryEb
                0x8000e9dc       0x8c tik.o
                0x8000e9dc                _Z18checkChapterClearsPN4ttyd6evtmgr8EvtEntryEb
 .text._Z15ApplyTikPatchesv
                0x8000ea68      0x5c0 tik.o
                0x8000ea68                _Z15ApplyTikPatchesv
 .text._Z15ApplyTouPatchesv
                0x8000f028     0x1118 tou.o
                0x8000f028                _Z15ApplyTouPatchesv
 .text._Z16ApplyTou2Patchesv
                0x80010140      0x384 tou2.o
                0x80010140                _Z16ApplyTou2Patchesv
 .text._Z15ApplyUsuPatchesv
                0x800104c4      0x908 usu.o
                0x800104c4                _Z15ApplyUsuPatchesv
 .text._Z15ApplyWinPatchesv
                0x80010dcc      0x338 win.o
                0x80010dcc                _Z15ApplyWinPatchesv
 .text.__divdi3
                0x80011104      0x3ec C:/devkitPro/devkitPPC/bin/../lib/gcc/powerpc-eabi/13.1.0\libgcc.a(_divdi3.o)
                0x80011104                __divdi3
 *(.gnu.warning)
 *(.gnu.linkonce.t.*)
                0x80011500                        . = ALIGN (0x20)
 *fill*         0x800114f0       0x10 00000000

.text._ZN3mod13mario_set_posMUlPKcE_4_FUNES2_
                0x00000000       0x6c
 .text._ZN3mod13mario_set_posMUlPKcE_4_FUNES2_
                0x00000000       0x6c con_mario.o
                0x00000000                _ZN3mod13mario_set_posMUlPKcE_4_FUNES2_
                0x00000000                _ZN3mod13mario_set_posMUlPKcE_4_FUNES1_

.text._ZN3mod15perf_fake_spikeMUlPKcE_4_FUNES2_
                0x00000000       0xa8
 .text._ZN3mod15perf_fake_spikeMUlPKcE_4_FUNES2_
                0x00000000       0xa8 con_perf.o
                0x00000000                _ZN3mod15perf_fake_spikeMUlPKcE_4_FUNES1_
                0x00000000                _ZN3mod15perf_fake_spikeMUlPKcE_4_FUNES2_

.text._ZN3mod14seq_change_mapMUlPKcE_4_FUNES2_
                0x00000000       0xf0
 .text._ZN3mod14seq_change_mapMUlPKcE_4_FUNES2_
                0x00000000       0xf0 con_seq.o
                0x00000000                _ZN3mod14seq_change_mapMUlPKcE_4_FUNES2_
                0x00000000                _ZN3mod14seq_change_mapMUlPKcE_4_FUNES1_

.text._ZN3mod8con_monoMUlPNS_9ConIntVarEiE_4_FUNES2_i
                0x00000000       0x3c
 .text._ZN3mod8con_monoMUlPNS_9ConIntVarEiE_4_FUNES2_i
                0x00000000       0x3c console.o
                0x00000000                _ZN3mod8con_monoMUlPNS_9ConIntVarEiE_4_FUNES1_i
                0x00000000                _ZN3mod8con_monoMUlPNS_9ConIntVarEiE_4_FUNES2_i

.fini           0x0000003c        0x4
 *(.fini)
                0x00000040                        . = ALIGN (0x20)
 *fill*         0x0000003c        0x4 00000000
                [!provide]                        PROVIDE (__etext = .)
                [!provide]                        PROVIDE (_etext = .)
                [!provide]                        PROVIDE (etext = .)

.rodata         0x00000040     0xc5d9
 *(.rodata)
 *(.rodata.*)
 .rodata._ZZN3mod3owr3OWR4InitEvENUliE_4_FUNEi
                0x00000040       0xec OWR.o
 .rodata._ZZN3mod3owr3OWR4InitEvENUlPKcE_4_FUNES3_.str1.4
                0x0000012c      0x1d5 OWR.o
 *fill*         0x00000301        0x3 
 .rodata._ZN3mod3owr3OWR8AAAToGOREv.str1.4
                0x00000304        0x7 OWR.o
 *fill*         0x0000030b        0x1 
 .rodata._ZN3mod3owr3OWR14OnModuleLoadedEPN2gc6OSLink12OSModuleInfoE
                0x0000030c       0x74 OWR.o
 .rodata.cst4   0x00000380        0x4 OWR.o
 .rodata._ZN3mod13mario_set_posMUlPKcE_4_FUNES2_.str1.4
                0x00000384        0x9 con_mario.o
 *fill*         0x0000038d        0x3 
 .rodata._ZN3modL13mod_if_func22Ev.str1.4
                0x00000390       0x20 con_mario.o
 .rodata._GLOBAL__sub_I__ZN3mod13mario_set_posE.str1.4
                0x000003b0       0x1f con_mario.o
 *fill*         0x000003cf        0x1 
 .rodata._ZN3modL13mod_if_func46Ev.str1.4
                0x000003d0       0x5e con_perf.o
 *fill*         0x0000042e        0x2 
 .rodata._ZN3mod15perf_fake_spikeMUlPKcE_4_FUNES2_.str1.4
                0x00000430        0x4 con_perf.o
 .rodata._GLOBAL__sub_I__ZN3mod15perf_fake_spikeE.str1.4
                0x00000434       0x1f con_perf.o
 *fill*         0x00000453        0x1 
 .rodata.cst4   0x00000454       0x10 con_perf.o
 .rodata._ZN3mod14seq_change_mapMUlPKcE_4_FUNES2_.str1.4
                0x00000464       0x20 con_seq.o
 .rodata._GLOBAL__sub_I__ZN3mod13seq_logo_skipE.str1.4
                0x00000484       0x1f con_seq.o
 *fill*         0x000004a3        0x1 
 .rodata._ZN3mod13ConsoleSystem8logColorEPKcN2gc6color4E.str1.4
                0x000004a4       0x83 console.o
 *fill*         0x00000527        0x1 
 .rodata._ZN3mod7CC_findEPKc.str1.4
                0x00000528       0x21 console.o
 *fill*         0x00000549        0x3 
 .rodata._ZN3mod13ConsoleSystem14processCommandEPKc.str1.4
                0x0000054c       0x2e console.o
 *fill*         0x0000057a        0x2 
 .rodata._ZN3mod13ConsoleSystem12updatePromptEv
                0x0000057c      0x6c0 console.o
 .rodata._ZN3mod13ConsoleSystem14updateUsbGeckoEv.part.0.str1.4
                0x00000c3c       0x75 console.o
 *fill*         0x00000cb1        0x3 
 .rodata._ZN3mod13ConsoleSystem4dispEv.str1.4
                0x00000cb4       0x16 console.o
 *fill*         0x00000cca        0x2 
 .rodata._GLOBAL__sub_I__ZN3mod10ConCommand6sFirstE.str1.4
                0x00000ccc       0x8d console.o
 .rodata._ZZN3mod13ConsoleSystem4dispEvE12kPromptColor
                0x00000d59        0x4 console.o
 *fill*         0x00000d5d        0x3 
 .rodata.cst4   0x00000d60        0x8 console.o
 .rodata._ZN21NpcNameToPtrErrorInfo16drawErrorMessageEv.str1.4
                0x00000d68       0x1f errorHandling.o
 *fill*         0x00000d87        0x1 
 .rodata._ZN21AnimPoseMainErrorInfo16drawErrorMessageEv.str1.4
                0x00000d88       0x1f errorHandling.o
 *fill*         0x00000da7        0x1 
 .rodata._Z10checkHeapsv.str1.4
                0x00000da8       0x88 errorHandling.o
 .rodata.cst4   0x00000e30       0x10 errorHandling.o
 .rodata._ZL14fixMapProblemsv.str1.4
                0x00000e40       0x23 gamePatches.o
 *fill*         0x00000e63        0x1 
 .rodata.cst4   0x00000e64        0x4 mod.o
 .rodata.cst4   0x00000e68        0x8 util.o
 .rodata._ZL20aji_17_init_evt_hook
                0x00000e70       0x10 aji.o
 .rodata._ZL19aji_17_init_evt_evt
                0x00000e80       0x4c aji.o
 .rodata._ZL20aji_10_init_evt_hook
                0x00000ecc       0x10 aji.o
 .rodata.str1.4
                0x00000edc       0x43 aji.o
 *fill*         0x00000f1f        0x1 
 .rodata._ZL19aji_10_init_evt_evt
                0x00000f20      0x288 aji.o
 .rodata._ZL18teshita3_init_hook
                0x000011a8       0x10 aji.o
 .rodata._ZL17teshita3_init_evt
                0x000011b8       0xc0 aji.o
 .rodata._ZL18teshita2_init_hook
                0x00001278       0x10 aji.o
 .rodata._ZL17teshita2_init_evt
                0x00001288       0xc0 aji.o
 .rodata._ZL20peach_evt_ele_2_hook
                0x00001348       0x24 aji.o
 .rodata._ZL19peach_evt_ele_2_evt
                0x0000136c       0x6c aji.o
 .rodata._ZL20aji_00_init_evt_hook
                0x000013d8       0x10 aji.o
 .rodata._ZL19aji_00_init_evt_evt
                0x000013e8       0x5c aji.o
 .rodata._ZL4npc4
                0x00001444       0x13 aji.o
 *fill*         0x00001457        0x1 
 .rodata._ZL4npc3
                0x00001458        0x7 aji.o
 *fill*         0x0000145f        0x1 
 .rodata._ZL4npc2
                0x00001460        0xf aji.o
 *fill*         0x0000146f        0x1 
 .rodata._ZL4npc1
                0x00001470        0x7 aji.o
 *fill*         0x00001477        0x1 
 .rodata._ZL12evt_elv_hook
                0x00001478       0x28 eki.o
 .rodata.str1.4
                0x000014a0       0x30 eki.o
 .rodata._ZL11evt_elv_evt
                0x000014d0      0x104 eki.o
 .rodata._ZL21gor_00_init_evt2_hook
                0x000015d4       0x10 gor_00.o
 .rodata._ZL21gor_00_init_evt1_hook
                0x000015e4       0x10 gor_00.o
 .rodata.str1.4
                0x000015f4      0x2ce gor_00.o
 *fill*         0x000018c2        0x2 
 .rodata._ZL16gor_00_init_evt1
                0x000018c4      0x1f8 gor_00.o
 .rodata._ZL18korutesu_init_hook
                0x00001abc       0x10 gor_00.o
 .rodata._ZL17korutesu_init_evt
                0x00001acc       0x58 gor_00.o
 .rodata._ZL20suifubomb_b_talk_evt
                0x00001b24       0xd4 gor_00.o
 .rodata._ZL21suifubomb_b_regl_hook
                0x00001bf8       0x10 gor_00.o
 .rodata._ZL20suifubomb_b_regl_evt
                0x00001c08      0x120 gor_00.o
 .rodata._ZL20suifubomb_a_talk_evt
                0x00001d28      0x150 gor_00.o
 .rodata._ZL21suifubomb_a_regl_hook
                0x00001e78       0x10 gor_00.o
 .rodata._ZL20suifubomb_a_regl_evt
                0x00001e88       0x90 gor_00.o
 .rodata._ZL21suifubomb_a_init_hook
                0x00001f18       0x10 gor_00.o
 .rodata._ZL20suifubomb_a_init_evt
                0x00001f28       0xc8 gor_00.o
 .rodata._ZL16suifu_b_talk_evt
                0x00001ff0       0xd4 gor_00.o
 .rodata._ZL20luigi_npcEnt_00_hook
                0x000020c4       0x10 gor_00.o
 .rodata._ZL19luigi_npcEnt_00_evt
                0x000020d4       0x80 gor_00.o
 .rodata._ZL18luigi_init_00_hook
                0x00002154       0x10 gor_00.o
 .rodata._ZL17luigi_init_00_evt
                0x00002164       0x50 gor_00.o
 .rodata._ZL16mokorim_init_evt
                0x000021b4       0x30 gor_00.o
 .rodata._ZL17suifu_b_init_hook
                0x000021e4       0x10 gor_00.o
 .rodata._ZL16suifu_b_init_evt
                0x000021f4       0xc8 gor_00.o
 .rodata._ZL17suifu_a_regl_hook
                0x000022bc       0x10 gor_00.o
 .rodata._ZL16suifu_a_regl_evt
                0x000022cc       0x80 gor_00.o
 .rodata._ZL16suifu_a_talk_evt
                0x0000234c       0xd4 gor_00.o
 .rodata._ZL19odoodo_ani_talk_evt
                0x00002420       0x20 gor_00.o
 .rodata._ZL15odoodo_talk_evt
                0x00002440      0x128 gor_00.o
 .rodata._ZL16odoodo_regl_hook
                0x00002568       0x10 gor_00.o
 .rodata._ZL15odoodo_regl_evt
                0x00002578       0x94 gor_00.o
 .rodata._ZL15odoodo_init_evt
                0x0000260c      0x114 gor_00.o
 .rodata._ZL17garawaru_talk_evt
                0x00002720       0xb8 gor_00.o
 .rodata._ZL18garawaru_regl_hook
                0x000027d8       0x10 gor_00.o
 .rodata._ZL17garawaru_regl_evt
                0x000027e8      0x120 gor_00.o
 .rodata._ZL18garawaru_init_hook
                0x00002908       0x10 gor_00.o
 .rodata._ZL17garawaru_init_evt
                0x00002918      0x140 gor_00.o
 .rodata._ZL7npcEnt2
                0x00002a58        0x9 gor_00.o
 *fill*         0x00002a61        0x3 
 .rodata._ZL6npcEnt
                0x00002a64        0x9 gor_00.o
 *fill*         0x00002a6d        0x3 
 .rodata.str1.4
                0x00002a70       0xb2 gor_01.o
 *fill*         0x00002b22        0x2 
 .rodata._ZL15bomhei_talk_evt
                0x00002b24       0x20 gor_01.o
 .rodata._ZL16chusan2_talk_evt
                0x00002b44       0x20 gor_01.o
 .rodata._ZL16chusan1_talk_evt
                0x00002b64       0x20 gor_01.o
 .rodata._ZL16kuribo3_talk_evt
                0x00002b84       0x20 gor_01.o
 .rodata._ZL16kuribo2_talk_evt
                0x00002ba4       0x20 gor_01.o
 .rodata._ZL16kuribo1_talk_evt
                0x00002bc4       0x20 gor_01.o
 .rodata._ZL15roten2_talk_evt
                0x00002be4       0x20 gor_01.o
 .rodata._ZL15roten1_talk_evt
                0x00002c04       0x20 gor_01.o
 .rodata._ZL19shoptender_talk_evt
                0x00002c24       0x20 gor_01.o
 .rodata._ZL15kinoji_talk_evt
                0x00002c44       0x20 gor_01.o
 .rodata._ZL19bottakuru_init_hook
                0x00002c64       0x10 gor_01.o
 .rodata._ZL18bottakuru_init_evt
                0x00002c74       0x70 gor_01.o
 .rodata._ZL18marco_init_01_hook
                0x00002ce4       0x10 gor_01.o
 .rodata._ZL17marco_init_01_evt
                0x00002cf4       0x40 gor_01.o
 .rodata._ZL20badgemaster_talk_evt
                0x00002d34       0x20 gor_01.o
 .rodata._ZL15luigi_init_hook
                0x00002d54        0xc gor_02.o
 .rodata.str1.4
                0x00002d60      0x276 gor_02.o
 *fill*         0x00002fd6        0x2 
 .rodata._ZL14luigi_init_evt
                0x00002fd8       0x4c gor_02.o
 .rodata._ZL20tozokudan2_talk_hook
                0x00003024        0xc gor_02.o
 .rodata._ZL19tozokudan2_talk_evt
                0x00003030      0x160 gor_02.o
 .rodata._ZL20tozokudan1_talk_hook
                0x00003190        0xc gor_02.o
 .rodata._ZL19tozokudan1_talk_evt
                0x0000319c      0x160 gor_02.o
 .rodata._ZL20kurihakase_init_hook
                0x000032fc       0x10 gor_02.o
 .rodata._ZL19kurihakase_init_evt
                0x0000330c      0x294 gor_02.o
 .rodata._ZL19kurihakase_talk_evt
                0x000035a0      0x2cc gor_02.o
 .rodata._ZL22evt_door_02_open_hook2
                0x0000386c       0x10 gor_02.o
 .rodata._ZL21evt_door_02_open_evt2
                0x0000387c       0xc4 gor_02.o
 .rodata._ZL21evt_door_02_open_hook
                0x00003940       0x10 gor_02.o
 .rodata._ZL20evt_door_02_open_evt
                0x00003950      0x188 gor_02.o
 .rodata._ZL21gor_02_init_evt2_hook
                0x00003ad8       0x10 gor_02.o
 .rodata._ZL16gor_02_init_evt2
                0x00003ae8       0xcc gor_02.o
 .rodata._ZL21gor_02_init_evt1_hook
                0x00003bb4       0x10 gor_02.o
 .rodata._ZL16gor_02_init_evt1
                0x00003bc4      0x138 gor_02.o
 .rodata._ZL16borodo2_talk_evt
                0x00003cfc       0x20 gor_02.o
 .rodata._ZL16borodo1_talk_evt
                0x00003d1c       0x20 gor_02.o
 .rodata._ZL15roten3_talk_evt
                0x00003d3c       0x20 gor_02.o
 .rodata._ZL16chusan3_talk_evt
                0x00003d5c       0x20 gor_02.o
 .rodata._ZL16kuribo4_talk_evt
                0x00003d7c       0x20 gor_02.o
 .rodata._ZL20gor_03_init_evt_hook
                0x00003d9c       0x10 gor_03.o
 .rodata.str1.4
                0x00003dac      0x129 gor_03.o
 *fill*         0x00003ed5        0x3 
 .rodata._ZL19gor_03_init_evt_evt
                0x00003ed8      0x160 gor_03.o
 .rodata._ZL16maffia3_talk_evt
                0x00004038       0x20 gor_03.o
 .rodata._ZL16maffia2_talk_evt
                0x00004058      0x140 gor_03.o
 .rodata._ZL16maffia1_talk_evt
                0x00004198      0x140 gor_03.o
 .rodata._ZL26maffiaboss_casino_talk_evt
                0x000042d8       0x20 gor_03.o
 .rodata._ZL26maffiaboss_talk_common_evt
                0x000042f8      0x120 gor_03.o
 .rodata.str1.4
                0x00004418        0x7 gor_misc.o
 *fill*         0x0000441f        0x1 
 .rodata._ZL9party_evt
                0x00004420       0x9c gor_misc.o
 .rodata._ZL9goombella
                0x000044bc        0x9 gor_misc.o
 *fill*         0x000044c5        0x3 
 .rodata.str1.4
                0x000044c8       0x18 gra.o
 .rodata._ZL17evt_machibuse_evt
                0x000044e0       0x4c gra.o
 .rodata._ZL8doopliss
                0x0000452c        0xb gra.o
 *fill*         0x00004537        0x1 
 .rodata.str1.4
                0x00004538        0x7 hei.o
 *fill*         0x0000453f        0x1 
 .rodata._ZL9party_evt
                0x00004540       0x80 hei.o
 .rodata._ZL5koops
                0x000045c0        0xb hei.o
 *fill*         0x000045cb        0x1 
 .rodata._Z25ApplyItemDataTablePatchesv.str1.4
                0x000045cc       0xad main.o
 *fill*         0x00004679        0x3 
 .rodata._ZL20mri_09_init_evt_hook
                0x0000467c       0x10 mri.o
 .rodata.str1.4
                0x0000468c      0x19f mri.o
 *fill*         0x0000482b        0x1 
 .rodata._ZL19mri_09_init_evt_evt
                0x0000482c      0x14c mri.o
 .rodata._ZL20mri_04_init_evt_hook
                0x00004978       0x10 mri.o
 .rodata._ZL19mri_04_init_evt_evt
                0x00004988       0x30 mri.o
 .rodata._ZL16bero_custom_hook
                0x000049b8       0x10 mri.o
 .rodata._ZL15bero_custom_evt
                0x000049c8       0x44 mri.o
 .rodata._ZL21mri_01_init_evt_hook2
                0x00004a0c       0x10 mri.o
 .rodata._ZL19mri_01_init_evt_evt
                0x00004a1c       0x30 mri.o
 .rodata._ZL18puniinfo_talk_hook
                0x00004a4c       0x10 mri.o
 .rodata._ZL20mri_03_init_evt_hook
                0x00004a5c       0x14 mri.o
 .rodata._ZL22mri_03_init_evt_switch
                0x00004a70       0x9c mri.o
 .rodata._ZL20mri_01_init_evt_hook
                0x00004b0c       0x14 mri.o
 .rodata._ZL22mri_01_init_evt_switch
                0x00004b20       0xb0 mri.o
 .rodata._ZL23mri_sister_init_01_hook
                0x00004bd0       0x10 mri.o
 .rodata._ZL22mri_sister_init_01_evt
                0x00004be0       0xa8 mri.o
 .rodata._ZL16puni_2_init_hook
                0x00004c88       0x10 mri.o
 .rodata._ZL15puni_2_init_evt
                0x00004c98       0x78 mri.o
 .rodata._ZL16puni_1_talk_hook
                0x00004d10       0x10 mri.o
 .rodata._ZL15puni_1_talk_evt
                0x00004d20       0xb0 mri.o
 .rodata._ZL16puni_1_init_hook
                0x00004dd0       0x10 mri.o
 .rodata._ZL15puni_1_init_evt
                0x00004de0       0x78 mri.o
 .rodata._ZL15elder_talk_hook
                0x00004e58       0x10 mri.o
 .rodata._ZL14elder_talk_evt
                0x00004e68       0xb8 mri.o
 .rodata._ZL22mri_elder_init_01_hook
                0x00004f20       0x10 mri.o
 .rodata._ZL21mri_elder_init_01_evt
                0x00004f30       0xcc mri.o
 .rodata._ZL22mri_rival_init_01_hook
                0x00004ffc       0x10 mri.o
 .rodata._ZL21mri_rival_init_01_evt
                0x0000500c       0xa8 mri.o
 .rodata._ZL18guide_init_01_hook
                0x000050b4       0x10 mri.o
 .rodata._ZL17guide_init_01_evt
                0x000050c4       0x8c mri.o
 .rodata._ZL15guide_talk_hook
                0x00005150       0x10 mri.o
 .rodata._ZL14guide_talk_evt
                0x00005160       0x98 mri.o
 .rodata._ZL18guide_init_00_hook
                0x000051f8       0x10 mri.o
 .rodata._ZL17guide_init_00_evt
                0x00005208      0x150 mri.o
 .rodata.str1.4
                0x00005358      0x3f8 muj.o
 .rodata._ZL9party_evt
                0x00005750       0xac muj.o
 .rodata._ZL17koburon_dead_hook
                0x000057fc      0x158 muj.o
 .rodata._ZL16koburon_dead_evt
                0x00005954      0x238 muj.o
 .rodata._ZL20muj_01_init_evt_hook
                0x00005b8c       0x14 muj.o
 .rodata._ZL19muj_01_init_evt_evt
                0x00005ba0       0x50 muj.o
 .rodata._ZL21borosuifu_b_talk_hook
                0x00005bf0       0x10 muj.o
 .rodata._ZL20borosuifu_b_talk_evt
                0x00005c00       0xf8 muj.o
 .rodata._ZL21borosuifu_a_talk_hook
                0x00005cf8       0x10 muj.o
 .rodata._ZL20borosuifu_a_talk_evt
                0x00005d08       0xf8 muj.o
 .rodata._ZL24suifu_d_talk_muj_01_hook
                0x00005e00       0x10 muj.o
 .rodata._ZL23suifu_d_talk_muj_01_evt
                0x00005e10       0xf8 muj.o
 .rodata._ZL20suifu_bomb_talk_hook
                0x00005f08       0x10 muj.o
 .rodata._ZL19suifu_bomb_talk_evt
                0x00005f18       0xf4 muj.o
 .rodata._ZL20suifu_bomb_init_hook
                0x0000600c       0x10 muj.o
 .rodata._ZL19suifu_bomb_init_evt
                0x0000601c       0x30 muj.o
 .rodata._ZL24suifu_a_talk_muj_01_hook
                0x0000604c       0x10 muj.o
 .rodata._ZL23suifu_a_talk_muj_01_evt
                0x0000605c       0xf4 muj.o
 .rodata._ZL24suifu_a_init_muj_01_hook
                0x00006150       0x10 muj.o
 .rodata._ZL23suifu_a_init_muj_01_evt
                0x00006160       0x30 muj.o
 .rodata._ZL23odoodo_init_muj_01_hook
                0x00006190       0x10 muj.o
 .rodata._ZL22odoodo_init_muj_01_evt
                0x000061a0       0x30 muj.o
 .rodata._ZL23megane_init_muj_01_hook
                0x000061d0       0x10 muj.o
 .rodata._ZL22megane_init_muj_01_evt
                0x000061e0       0x30 muj.o
 .rodata._ZL22marco_init_muj_01_hook
                0x00006210       0x10 muj.o
 .rodata._ZL21marco_init_muj_01_evt
                0x00006220       0xcc muj.o
 .rodata._ZL25garawaru_talk_muj_01_hook
                0x000062ec       0x10 muj.o
 .rodata._ZL24garawaru_talk_muj_01_evt
                0x000062fc      0x4b4 muj.o
 .rodata._ZL25garawaru_init_muj_01_hook
                0x000067b0       0x10 muj.o
 .rodata._ZL24garawaru_init_muj_01_evt
                0x000067c0      0x11c muj.o
 .rodata._ZL20muj_00_init_evt_hook
                0x000068dc       0x44 muj.o
 .rodata._ZL21muj_00_init_evt_evt_2
                0x00006920       0x70 muj.o
 .rodata._ZL19muj_00_init_evt_evt
                0x00006990       0x40 muj.o
 .rodata._ZL22peton_talk_muj_00_hook
                0x000069d0       0x10 muj.o
 .rodata._ZL21peton_talk_muj_00_evt
                0x000069e0       0x8c muj.o
 .rodata._ZL21mony_talk_muj_00_hook
                0x00006a6c       0x10 muj.o
 .rodata._ZL20mony_talk_muj_00_evt
                0x00006a7c       0x8c muj.o
 .rodata._ZL17nokorin_talk_hook
                0x00006b08       0x10 nok.o
 .rodata.str1.4
                0x00006b18      0x4ee nok.o
 *fill*         0x00007006        0x2 
 .rodata._ZL16nokorin_talk_evt
                0x00007008      0x2f4 nok.o
 .rodata._ZL19boss_noko_talk_hook
                0x000072fc       0x10 nok.o
 .rodata._ZL18boss_noko_talk_evt
                0x0000730c      0x164 nok.o
 .rodata._ZL20nokonoko_K_talk_hook
                0x00007470       0x10 nok.o
 .rodata._ZL19nokonoko_K_talk_evt
                0x00007480       0xd4 nok.o
 .rodata._ZL18nokopapa_talk_hook
                0x00007554       0x10 nok.o
 .rodata._ZL17nokopapa_talk_evt
                0x00007564      0x128 nok.o
 .rodata._ZL16monban_talk_hook
                0x0000768c       0x10 nok.o
 .rodata._ZL15monban_talk_evt
                0x0000769c      0x11c nok.o
 .rodata._ZL20nokonoko_I_talk_hook
                0x000077b8       0x10 nok.o
 .rodata._ZL19nokonoko_I_talk_evt
                0x000077c8       0xd4 nok.o
 .rodata._ZL20nokonoko_H_talk_hook
                0x0000789c       0x10 nok.o
 .rodata._ZL19nokonoko_H_talk_evt
                0x000078ac       0xfc nok.o
 .rodata._ZL20nokonoko_G_talk_hook
                0x000079a8       0x10 nok.o
 .rodata._ZL19nokonoko_G_talk_evt
                0x000079b8       0xd4 nok.o
 .rodata._ZL15talk_white_hook
                0x00007a8c       0x10 nok.o
 .rodata._ZL14talk_white_evt
                0x00007a9c       0xa4 nok.o
 .rodata._ZL15init_white_hook
                0x00007b40       0x10 nok.o
 .rodata._ZL14init_white_evt
                0x00007b50       0x44 nok.o
 .rodata._ZL20nokonoko_F_talk_hook
                0x00007b94       0x10 nok.o
 .rodata._ZL19nokonoko_F_talk_evt
                0x00007ba4       0xd4 nok.o
 .rodata._ZL20nokonoko_D_talk_hook
                0x00007c78       0x10 nok.o
 .rodata._ZL19nokonoko_D_talk_evt
                0x00007c88       0xfc nok.o
 .rodata._ZL20nokonoko_C_talk_hook
                0x00007d84       0x10 nok.o
 .rodata._ZL19nokonoko_C_talk_evt
                0x00007d94       0xd4 nok.o
 .rodata._ZL20nokonoko_B_talk_hook
                0x00007e68       0x10 nok.o
 .rodata._ZL19nokonoko_B_talk_evt
                0x00007e78       0xd4 nok.o
 .rodata._ZL20nokonoko_A_talk_hook
                0x00007f4c       0x10 nok.o
 .rodata._ZL19nokonoko_A_talk_evt
                0x00007f5c      0x10c nok.o
 .rodata._ZL32pik_talk_madam_ring_return_hook3
                0x00008068       0x10 pik.o
 .rodata.str1.4
                0x00008078      0x16a pik.o
 *fill*         0x000081e2        0x2 
 .rodata._ZL20talk_madam_ring_item
                0x000081e4       0x8c pik.o
 .rodata._ZL14evt_daiza_hook
                0x00008270       0x1c pik.o
 .rodata._ZL13evt_daiza_evt
                0x0000828c       0x5c pik.o
 .rodata._ZL18pik_evt_powan_hook
                0x000082e8       0x28 pik.o
 .rodata._ZL17pik_evt_powan_evt
                0x00008310       0x94 pik.o
 .rodata._ZL16takun6_talk_hook
                0x000083a4       0x10 pik.o
 .rodata._ZL15takun6_talk_evt
                0x000083b4       0x78 pik.o
 .rodata._ZL16takun5_talk_hook
                0x0000842c       0x10 pik.o
 .rodata._ZL15takun5_talk_evt
                0x0000843c       0x78 pik.o
 .rodata._ZL16takun4_talk_hook
                0x000084b4       0x10 pik.o
 .rodata._ZL15takun4_talk_evt
                0x000084c4       0xb4 pik.o
 .rodata._ZL18miyageya_talk_hook
                0x00008578       0x28 pik.o
 .rodata._ZL17miyageya_talk_evt
                0x000085a0      0x114 pik.o
 .rodata._ZL7madame2
                0x000086b4        0x7 pik.o
 *fill*         0x000086bb        0x1 
 .rodata._ZL28talk_madam_ring_return_hook3
                0x000086bc       0x10 rsh.o
 .rodata.str1.4
                0x000086cc      0x1fd rsh.o
 *fill*         0x000088c9        0x3 
 .rodata._ZL20talk_madam_ring_item
                0x000088cc       0x8c rsh.o
 .rodata._ZL28talk_madam_ring_return_hook2
                0x00008958       0x10 rsh.o
 .rodata._ZL28talk_madam_ring_return_hook1
                0x00008968       0x10 rsh.o
 .rodata._ZL26talk_madam_ring_return_evt
                0x00008978       0x78 rsh.o
 .rodata._ZL16init_konari_hook
                0x000089f0       0x10 rsh.o
 .rodata._ZL14init_papa_hook
                0x00008a00       0x10 rsh.o
 .rodata._ZL15init_konari_evt
                0x00008a10       0x9c rsh.o
 .rodata._ZL15init_powan_hook
                0x00008aac       0x10 rsh.o
 .rodata._ZL14init_powan_evt
                0x00008abc       0xec rsh.o
 .rodata._ZL19talk_waitless_hook2
                0x00008ba8       0x10 rsh.o
 .rodata._ZL19talk_waitless_hook1
                0x00008bb8       0x10 rsh.o
 .rodata._ZL17talk_waitless_evt
                0x00008bc8       0x78 rsh.o
 .rodata._ZL21rsh_01_init_evt_hook2
                0x00008c40       0x10 rsh.o
 .rodata._ZL19rsh_01_init_evt_evt
                0x00008c50       0x8c rsh.o
 .rodata._ZL20rsh_00_init_evt_hook
                0x00008cdc       0x10 rsh.o
 .rodata._ZL19rsh_00_init_evt_evt
                0x00008cec       0xb8 rsh.o
 .rodata._ZL20rsh_04_init_evt_hook
                0x00008da4       0x10 rsh.o
 .rodata._ZL20rsh_03_init_evt_hook
                0x00008db4       0x10 rsh.o
 .rodata._ZL20rsh_02_init_evt_hook
                0x00008dc4       0x10 rsh.o
 .rodata._ZL21rsh_01_init_evt_hook1
                0x00008dd4       0x10 rsh.o
 .rodata._ZL19rsh_04_init_evt_evt
                0x00008de4       0xa4 rsh.o
 .rodata._ZL26rsh_03_init_evt_music_hook
                0x00008e88       0x10 rsh.o
 .rodata._ZL21rsh_03_init_evt_music
                0x00008e98      0x1f8 rsh.o
 .rodata._ZL26rsh_02_init_evt_music_hook
                0x00009090       0x10 rsh.o
 .rodata._ZL21rsh_02_init_evt_music
                0x000090a0      0x270 rsh.o
 .rodata._ZL26rsh_01_init_evt_music_hook
                0x00009310       0x10 rsh.o
 .rodata._ZL21rsh_01_init_evt_music
                0x00009320      0x1f8 rsh.o
 .rodata._ZL26rsh_00_init_evt_music_hook
                0x00009518       0x10 rsh.o
 .rodata._ZL21rsh_00_init_evt_music
                0x00009528      0x1f8 rsh.o
 .rodata._ZL26rsh_04_init_evt_music_hook
                0x00009720       0x10 rsh.o
 .rodata._ZL21rsh_04_init_evt_music
                0x00009730      0x1f8 rsh.o
 .rodata._ZL20rsh_06_init_evt_hook
                0x00009928       0x10 rsh.o
 .rodata._ZL19rsh_06_init_evt_evt
                0x00009938      0x178 rsh.o
 .rodata._ZL6madame
                0x00009ab0        0x7 rsh.o
 *fill*         0x00009ab7        0x1 
 .rodata._ZL21tik_05_init_evt_hook2
                0x00009ab8       0x14 tik.o
 .rodata.str1.4
                0x00009acc      0x227 tik.o
 *fill*         0x00009cf3        0x1 
 .rodata._ZL20tik_05_init_evt_evt2
                0x00009cf4       0xd4 tik.o
 .rodata._ZL24tik_kurihakase_init_hook
                0x00009dc8       0x10 tik.o
 .rodata._ZL23tik_kurihakase_init_evt
                0x00009dd8       0x7c tik.o
 .rodata._ZL18master_2_talk_hook
                0x00009e54       0x10 tik.o
 .rodata._ZL17master_2_talk_evt
                0x00009e64      0x180 tik.o
 .rodata._ZL17borodo4_talk_hook
                0x00009fe4       0x10 tik.o
 .rodata._ZL16borodo4_talk_evt
                0x00009ff4      0x180 tik.o
 .rodata._ZL17borodo3_talk_hook
                0x0000a174       0x10 tik.o
 .rodata._ZL16borodo3_talk_evt
                0x0000a184      0x180 tik.o
 .rodata._ZL17chusan4_talk_hook
                0x0000a304       0x10 tik.o
 .rodata._ZL16chusan4_talk_evt
                0x0000a314      0x180 tik.o
 .rodata._ZL17kuribo5_talk_hook
                0x0000a494       0x10 tik.o
 .rodata._ZL16kuribo5_talk_evt
                0x0000a4a4      0x180 tik.o
 .rodata._ZL14party_evt_hook
                0x0000a624       0x10 tou.o
 .rodata.str1.4
                0x0000a634       0x64 tou.o
 .rodata._ZL9party_evt
                0x0000a698       0x5c tou.o
 .rodata._ZL20tou_04_init_evt_hook
                0x0000a6f4       0x10 tou.o
 .rodata._ZL19tou_04_init_evt_evt
                0x0000a704       0x78 tou.o
 .rodata._ZL14yoshi_gswf_evt
                0x0000a77c       0x14 tou.o
 .rodata._ZL15jolene_egg_hook
                0x0000a790       0x10 tou.o
 .rodata._ZL14jolene_egg_evt
                0x0000a7a0      0x220 tou.o
 .rodata._ZL16talk_sakaba_hook
                0x0000a9c0       0x10 tou.o
 .rodata._ZL15talk_sakaba_evt
                0x0000a9d0       0x84 tou.o
 .rodata._ZL6jolene
                0x0000aa54        0xb tou.o
 *fill*         0x0000aa5f        0x1 
 .rodata.str1.4
                0x0000aa60      0x4dc usu.o
 .rodata._ZL9party_evt
                0x0000af3c       0xbc usu.o
 .rodata._ZL23village_chief_init_hook
                0x0000aff8        0xc usu.o
 .rodata._ZL22village_chief_init_evt
                0x0000b004       0x58 usu.o
 .rodata._ZL27village_chief_pig_init_hook
                0x0000b05c        0xc usu.o
 .rodata._ZL26village_chief_pig_init_evt
                0x0000b068       0x70 usu.o
 .rodata._ZL23village_chief_talk_hook
                0x0000b0d8        0xc usu.o
 .rodata._ZL22village_chief_talk_evt
                0x0000b0e4      0x1c8 usu.o
 .rodata._ZL20gatekeeper_init_hook
                0x0000b2ac        0xc usu.o
 .rodata._ZL19gatekeeper_init_evt
                0x0000b2b8       0x9c usu.o
 .rodata._ZL24gatekeeper_pig_init_hook
                0x0000b354        0xc usu.o
 .rodata._ZL23gatekeeper_pig_init_evt
                0x0000b360       0x88 usu.o
 .rodata._ZL20gatekeeper_talk_hook
                0x0000b3e8        0xc usu.o
 .rodata._ZL19gatekeeper_talk_evt
                0x0000b3f4      0x114 usu.o
 .rodata._ZL20usu_00_init_evt_hook
                0x0000b508       0x10 usu.o
 .rodata._ZL19usu_00_init_evt_evt
                0x0000b518       0x5c usu.o
 .rodata._ZL20shop_woman_talk_hook
                0x0000b574       0x10 usu.o
 .rodata._ZL19shop_woman_talk_evt
                0x0000b584       0x78 usu.o
 .rodata._ZL18shop_man_talk_hook
                0x0000b5fc       0x10 usu.o
 .rodata._ZL17shop_man_talk_evt
                0x0000b60c       0x78 usu.o
 .rodata._ZL19villagerJ_talk_hook
                0x0000b684       0x10 usu.o
 .rodata._ZL18villagerJ_talk_evt
                0x0000b694      0x104 usu.o
 .rodata._ZL19villagerI_talk_hook
                0x0000b798       0x10 usu.o
 .rodata._ZL18villagerI_talk_evt
                0x0000b7a8      0x104 usu.o
 .rodata._ZL19villagerH_talk_hook
                0x0000b8ac       0x10 usu.o
 .rodata._ZL18villagerH_talk_evt
                0x0000b8bc       0xd0 usu.o
 .rodata._ZL19villagerG_talk_hook
                0x0000b98c       0x10 usu.o
 .rodata._ZL18villagerG_talk_evt
                0x0000b99c       0xf0 usu.o
 .rodata._ZL19villagerF_talk_hook
                0x0000ba8c       0x10 usu.o
 .rodata._ZL18villagerF_talk_evt
                0x0000ba9c       0xf0 usu.o
 .rodata._ZL19villagerK_talk_hook
                0x0000bb8c       0x10 usu.o
 .rodata._ZL18villagerK_talk_evt
                0x0000bb9c      0x130 usu.o
 .rodata._ZL19villagerE_talk_hook
                0x0000bccc       0x10 usu.o
 .rodata._ZL18villagerE_talk_evt
                0x0000bcdc      0x130 usu.o
 .rodata._ZL19villagerD_talk_hook
                0x0000be0c       0x10 usu.o
 .rodata._ZL18villagerD_talk_evt
                0x0000be1c      0x194 usu.o
 .rodata._ZL19villagerC_talk_hook
                0x0000bfb0       0x10 usu.o
 .rodata._ZL18villagerC_talk_evt
                0x0000bfc0       0xfc usu.o
 .rodata._ZL19villagerB_talk_hook
                0x0000c0bc       0x10 usu.o
 .rodata._ZL18villagerB_talk_evt
                0x0000c0cc       0xfc usu.o
 .rodata._ZL19villagerA_talk_hook
                0x0000c1c8       0x10 usu.o
 .rodata._ZL18villagerA_talk_evt
                0x0000c1d8      0x130 usu.o
 .rodata._ZL19villagerA_init_hook
                0x0000c308       0x10 usu.o
 .rodata._ZL18villagerA_init_evt
                0x0000c318       0x6c usu.o
 .rodata._ZL6vivian
                0x0000c384        0x9 usu.o
 *fill*         0x0000c38d        0x3 
 .rodata._ZL5mayor
                0x0000c390        0x5 usu.o
 *fill*         0x0000c395        0x3 
 .rodata._ZL9mayor_pig
                0x0000c398        0x9 usu.o
 *fill*         0x0000c3a1        0x3 
 .rodata._ZL8doopliss
                0x0000c3a4        0xb usu.o
 *fill*         0x0000c3af        0x1 
 .rodata._ZL10gatekeeper
                0x0000c3b0        0x5 usu.o
 *fill*         0x0000c3b5        0x3 
 .rodata._ZL14gatekeeper_pig
                0x0000c3b8        0x9 usu.o
 *fill*         0x0000c3c1        0x3 
 .rodata._ZL12usuVillagerA
                0x0000c3c4        0x7 usu.o
 *fill*         0x0000c3cb        0x1 
 .rodata.str1.4
                0x0000c3cc       0x3c win.o
 .rodata._ZL9party_evt
                0x0000c408       0xd8 win.o
 .rodata._ZL20win_00_init_evt_hook
                0x0000c4e0       0x10 win.o
 .rodata._ZL19win_00_init_evt_evt
                0x0000c4f0       0x30 win.o
 .rodata._ZL16majorin_init_evt
                0x0000c520       0x30 win.o
 .rodata._ZL16maririn_init_evt
                0x0000c550       0x30 win.o
 .rodata._ZL20win_vivian_init_hook
                0x0000c580       0x10 win.o
 .rodata._ZL19win_vivian_init_evt
                0x0000c590       0x80 win.o
 .rodata._ZL7flurrie
                0x0000c610        0x9 win.o
 *(.gnu.linkonce.r.*)

.rodata1
 *(.rodata1)

.sdata2         0x0000c619        0x0
                [!provide]                        PROVIDE (_SDA2_BASE_ = .)
 *(.sdata2)
 *(.sdata2.*)
 *(.gnu.linkonce.s2.*)

.sbss2
 *(.sbss2)
 *(.sbss2.*)
 *(.gnu.linkonce.sb2.*)
                0x0000c61c                        . = ALIGN (0x4)
                [!provide]                        PROVIDE (__preinit_array_start = .)

.preinit_array
 *(.preinit_array)
                [!provide]                        PROVIDE (__preinit_array_end = .)
                [!provide]                        PROVIDE (__init_array_start = .)

.init_array
 *(.init_array)
                [!provide]                        PROVIDE (__init_array_end = .)
                [!provide]                        PROVIDE (__fini_array_start = .)

.fini_array
 *(.fini_array)
                [!provide]                        PROVIDE (__fini_array_end = .)

.data           0x0000c61c      0x2e4
 *(.data)
 *(.data.*)
 .data.GSWF_ARR_SIZE
                0x0000c61c        0x2 OWR.o
                0x0000c61c                GSWF_ARR_SIZE
 *fill*         0x0000c61e        0x2 
 .data.GSWF_ARR
                0x0000c620       0x14 OWR.o
                0x0000c620                GSWF_ARR
 .data._ZN3mod6common12kItemDataArrE
                0x0000c634        0x4 common.o
                0x0000c634                _ZN3mod6common12kItemDataArrE
 .data.errorTextPosY
                0x0000c638        0x4 errorHandling.o
                0x0000c638                errorTextPosY
 .data._ZL16gor_00_init_evt2
                0x0000c63c      0x2bc gor_00.o
 *(.gnu.linkonce.d.*)
                0x0000c900                        . = ALIGN (0x20)
 *fill*         0x0000c8f8        0x8 

.data1
 *(.data1)

.tdata
 *(.tdata .tdata.* .gnu.linkonce.td.*)

.tbss
 *(.tbss .tbss.* .gnu.linkonce.tb.*)
 *(.tcommon)

.eh_frame       0x0000c900     0x19d0
 *(.eh_frame)
 .eh_frame      0x0000c900      0x204 OWR.o
                                0x274 (size before relaxing)
 .eh_frame      0x0000cb04       0x28 StateManager.o
                                 0x3c (size before relaxing)
 .eh_frame      0x0000cb2c        0x0 common.o
                                 0xc8 (size before relaxing)
 .eh_frame      0x0000cb2c       0x70 con_mario.o
 .eh_frame      0x0000cb9c       0x84 con_perf.o
 .eh_frame      0x0000cc20       0xac con_seq.o
 .eh_frame      0x0000cccc      0x454 console.o
                                0x4e8 (size before relaxing)
 .eh_frame      0x0000d120       0x50 cxx.o
                                 0x64 (size before relaxing)
 .eh_frame      0x0000d170      0x158 errorHandling.o
                                0x1e0 (size before relaxing)
 .eh_frame      0x0000d2c8      0x120 gamePatches.o
 .eh_frame      0x0000d3e8       0x84 keyboard.o
                                0x110 (size before relaxing)
 .eh_frame      0x0000d46c       0xe4 mod.o
                                0x120 (size before relaxing)
 .eh_frame      0x0000d550      0x114 patch.o
                                0x1cc (size before relaxing)
 .eh_frame      0x0000d664       0x50 printf.o
                                 0x8c (size before relaxing)
 .eh_frame      0x0000d6b4       0x90 rel.o
 .eh_frame      0x0000d744       0xbc ug.o
 .eh_frame      0x0000d800       0xb8 util.o
                                0x110 (size before relaxing)
 .eh_frame      0x0000d8b8       0x28 aaa.o
 .eh_frame      0x0000d8e0       0x78 aji.o
 .eh_frame      0x0000d958       0x44 bom.o
 .eh_frame      0x0000d99c       0x40 dou.o
 .eh_frame      0x0000d9dc       0x40 eki.o
 .eh_frame      0x0000da1c       0x28 end.o
 .eh_frame      0x0000da44       0x3c gon.o
 .eh_frame      0x0000da80       0x7c gor_00.o
 .eh_frame      0x0000dafc       0x50 gor_01.o
 .eh_frame      0x0000db4c       0x60 gor_02.o
 .eh_frame      0x0000dbac       0x68 gor_03.o
 .eh_frame      0x0000dc14       0x38 gor_04.o
 .eh_frame      0x0000dc4c       0x5c gor_misc.o
 .eh_frame      0x0000dca8       0x48 gra.o
 .eh_frame      0x0000dcf0       0x44 hei.o
 .eh_frame      0x0000dd34       0x38 hom.o
 .eh_frame      0x0000dd6c       0x40 jin.o
 .eh_frame      0x0000ddac       0x30 kpa.o
 .eh_frame      0x0000dddc        0x0 las.o
                                 0x40 (size before relaxing)
 .eh_frame      0x0000dddc       0x88 main.o
 .eh_frame      0x0000de64        0x0 moo.o
                                 0x30 (size before relaxing)
 .eh_frame      0x0000de64       0x74 mri.o
 .eh_frame      0x0000ded8       0x78 muj.o
 .eh_frame      0x0000df50       0x54 nok.o
 .eh_frame      0x0000dfa4       0x5c pik.o
 .eh_frame      0x0000e000       0x70 rsh.o
 .eh_frame      0x0000e070       0xa0 tik.o
                                 0xdc (size before relaxing)
 .eh_frame      0x0000e110       0x70 tou.o
 .eh_frame      0x0000e180       0x40 tou2.o
 .eh_frame      0x0000e1c0       0x74 usu.o
 .eh_frame      0x0000e234       0x60 win.o
 .eh_frame      0x0000e294       0x3c C:/devkitPro/devkitPPC/bin/../lib/gcc/powerpc-eabi/13.1.0\libgcc.a(_divdi3.o)

.gcc_except_table
 *(.gcc_except_table)

.fixup
 *(.fixup)

.got1
 *(.got1)

.got2
 *(.got2)

.dynamic
 *(.dynamic)

.ctors          0x0000e2d0       0x30
 *crtbegin.o(.ctors)
 *(EXCLUDE_FILE(*crtend.o) .ctors)
 .ctors         0x0000e2d0        0x4 OWR.o
 .ctors         0x0000e2d4        0x4 con_mario.o
 .ctors         0x0000e2d8        0x4 con_perf.o
 .ctors         0x0000e2dc        0x4 con_seq.o
 .ctors         0x0000e2e0        0x4 console.o
 .ctors         0x0000e2e4        0x4 errorHandling.o
 .ctors         0x0000e2e8        0x4 gor_00.o
 *(SORT_BY_NAME(.ctors.*))
 *(.ctors)
                0x0000e300                        . = ALIGN (0x20)
 *fill*         0x0000e2ec       0x14 

.dtors          0x0000e300       0x20
 *crtbegin.o(.dtors)
 *(EXCLUDE_FILE(*crtend.o) .dtors)
 .dtors         0x0000e300        0x4 errorHandling.o
 *(SORT_BY_NAME(.dtors.*))
 *(.dtors)
                0x0000e320                        . = ALIGN (0x20)
 *fill*         0x0000e304       0x1c 

.jcr
 *(.jcr)

.got
 *(.got.plt)
 *(.got)

.sdata          0x0000e320        0x0
                [!provide]                        PROVIDE (_SDA_BASE_ = .)
 *(.sdata)
 *(.sdata.*)
 *(.gnu.linkonce.s.*)
                0x0000e320                        . = ALIGN (0x20)
                0x0000e320                        _edata = .
                [!provide]                        PROVIDE (edata = .)

.sbss           0x0000e320        0x0
                0x0000e320                        __sbss_start = .
                [!provide]                        PROVIDE (__sbss_start = .)
                [!provide]                        PROVIDE (___sbss_start = .)
 *(.dynsbss)
 *(.sbss)
 *(.sbss.*)
 *(.gnu.linkonce.sb.*)
 *(.scommon)
                [!provide]                        PROVIDE (__sbss_end = .)
                [!provide]                        PROVIDE (___sbss_end = .)
                0x0000e320                        . = ALIGN (0x20)
                0x0000e320                        __sbss_end = .

.bss            0x0000e320      0x160
                0x0000e320                        __bss_start = .
                [!provide]                        PROVIDE (__bss_start = .)
 *(.dynbss)
 *(.bss)
 *(.bss.*)
 .bss._ZN3mod3owr22g_msgSearch_trampolineE
                0x0000e320        0x4 OWR.o
                0x0000e320                _ZN3mod3owr22g_msgSearch_trampolineE
 .bss._ZN3mod3owr25g_pouchGetItem_trampolineE
                0x0000e324        0x4 OWR.o
                0x0000e324                _ZN3mod3owr25g_pouchGetItem_trampolineE
 .bss._ZN3mod3owr19g_OSLink_trampolineE
                0x0000e328        0x4 OWR.o
                0x0000e328                _ZN3mod3owr19g_OSLink_trampolineE
 .bss._ZN3mod3owr5gSelfE
                0x0000e32c        0x4 OWR.o
                0x0000e32c                _ZN3mod3owr5gSelfE
 .bss._ZN3mod3owr7item_dbE
                0x0000e330        0x4 OWR.o
                0x0000e330                _ZN3mod3owr7item_dbE
 .bss.gState    0x0000e334        0x4 StateManager.o
                0x0000e334                gState
 .bss._ZN3modL12mod_if_obj22E
                0x0000e338        0x8 con_mario.o
 .bss._ZN3mod14mario_show_posE
                0x0000e340       0x10 con_mario.o
                0x0000e340                _ZN3mod14mario_show_posE
 .bss._ZN3mod13mario_set_posE
                0x0000e350        0xc con_mario.o
                0x0000e350                _ZN3mod13mario_set_posE
 .bss._ZN3modL12mod_if_obj46E
                0x0000e35c        0x8 con_perf.o
 .bss._ZN3mod14mem_debug_heapE
                0x0000e364       0x10 con_perf.o
                0x0000e364                _ZN3mod14mem_debug_heapE
 .bss._ZN3mod15perf_fake_spikeE
                0x0000e374        0xc con_perf.o
                0x0000e374                _ZN3mod15perf_fake_spikeE
 .bss._ZN3mod14seq_change_mapE
                0x0000e380        0xc con_seq.o
                0x0000e380                _ZN3mod14seq_change_mapE
 .bss._ZN3modL12mod_if_obj16E
                0x0000e38c        0x8 con_seq.o
 .bss._ZN3mod24gTrampoline_seq_logoMainE
                0x0000e394        0x4 con_seq.o
                0x0000e394                _ZN3mod24gTrampoline_seq_logoMainE
 .bss._ZN3mod13seq_logo_skipE
                0x0000e398       0x10 con_seq.o
                0x0000e398                _ZN3mod13seq_logo_skipE
 .bss._ZN3mod4findE
                0x0000e3a8        0xc console.o
                0x0000e3a8                _ZN3mod4findE
 .bss._ZN3mod11con_ug_chanE
                0x0000e3b4       0x10 console.o
                0x0000e3b4                _ZN3mod11con_ug_chanE
 .bss._ZN3mod11con_ug_modeE
                0x0000e3c4       0x10 console.o
                0x0000e3c4                _ZN3mod11con_ug_modeE
 .bss._ZN3mod21con_log_fade_durationE
                0x0000e3d4       0x10 console.o
                0x0000e3d4                _ZN3mod21con_log_fade_durationE
 .bss._ZN3mod18con_log_fade_startE
                0x0000e3e4       0x10 console.o
                0x0000e3e4                _ZN3mod18con_log_fade_startE
 .bss._ZN3mod12con_log_fadeE
                0x0000e3f4       0x10 console.o
                0x0000e3f4                _ZN3mod12con_log_fadeE
 .bss._ZN3mod13con_log_levelE
                0x0000e404       0x10 console.o
                0x0000e404                _ZN3mod13con_log_levelE
 .bss._ZN3mod11con_rainbowE
                0x0000e414       0x10 console.o
                0x0000e414                _ZN3mod11con_rainbowE
 .bss._ZN3mod8con_monoE
                0x0000e424       0x10 console.o
                0x0000e424                _ZN3mod8con_monoE
 .bss._ZN3mod8con_showE
                0x0000e434       0x10 console.o
                0x0000e434                _ZN3mod8con_showE
 .bss._ZN3mod8gConsoleE
                0x0000e444        0x4 console.o
                0x0000e444                _ZN3mod8gConsoleE
 .bss._ZN3mod9ConIntVar6sFirstE
                0x0000e448        0x4 console.o
                0x0000e448                _ZN3mod9ConIntVar6sFirstE
 .bss._ZN3mod10ConCommand6sFirstE
                0x0000e44c        0x4 console.o
                0x0000e44c                _ZN3mod10ConCommand6sFirstE
 .bss.g_animPoseMain_trampoline
                0x0000e450        0x4 errorHandling.o
                0x0000e450                g_animPoseMain_trampoline
 .bss.g_npcNameToPtr_trampoline
                0x0000e454        0x4 errorHandling.o
                0x0000e454                g_npcNameToPtr_trampoline
 .bss.heapCorruptionInfo
                0x0000e458        0x8 errorHandling.o
                0x0000e458                heapCorruptionInfo
 .bss.animPoseMainErrorInfo
                0x0000e460        0x4 errorHandling.o
                0x0000e460                animPoseMainErrorInfo
 .bss.npcNameToPtrErrorInfo
                0x0000e464        0x4 errorHandling.o
                0x0000e464                npcNameToPtrErrorInfo
 .bss._ZN3mod4gModE
                0x0000e468        0x4 mod.o
                0x0000e468                _ZN3mod4gModE
 .bss._ZN17ModUpdateFunction6sFirstE
                0x0000e46c        0x4 mod.o
                0x0000e46c                _ZN17ModUpdateFunction6sFirstE
 .bss._ZN15ModInitFunction6sFirstE
                0x0000e470        0x4 mod.o
                0x0000e470                _ZN15ModInitFunction6sFirstE
 *(.gnu.linkonce.b.*)
 *(COMMON)
                0x0000e480                        . = ALIGN (0x20)
 *fill*         0x0000e474        0xc 
                [!provide]                        PROVIDE (__bss_end = .)
                0x0000e480                        __bss_end = .
                0x0000e480                        _end = .
                [!provide]                        PROVIDE (end = .)

.bss._ZZNK3mod14seq_change_mapMUlPKcE_clES2_E8beroName
                0x00000000       0x20
 .bss._ZZNK3mod14seq_change_mapMUlPKcE_clES2_E8beroName
                0x00000000       0x20 con_seq.o
                0x00000000                _ZZNK3mod14seq_change_mapMUlPKcE_clES1_E8beroName
                0x00000000                _ZZNK3mod14seq_change_mapMUlPKcE_clES2_E8beroName

.bss._ZZNK3mod14seq_change_mapMUlPKcE_clES2_E7mapName
                0x00000000       0x20
 .bss._ZZNK3mod14seq_change_mapMUlPKcE_clES2_E7mapName
                0x00000000       0x20 con_seq.o
                0x00000000                _ZZNK3mod14seq_change_mapMUlPKcE_clES2_E7mapName
                0x00000000                _ZZNK3mod14seq_change_mapMUlPKcE_clES1_E7mapName

.stab
 *(.stab)

.stabstr
 *(.stabstr)

.stab.excl
 *(.stab.excl)

.stab.exclstr
 *(.stab.exclstr)

.stab.index
 *(.stab.index)

.stab.indexstr
 *(.stab.indexstr)

.comment        0x00000000      0x6e4
 *(.comment)
 .comment       0x00000000       0x24 OWR.o
 .comment       0x00000024       0x24 StateManager.o
 .comment       0x00000048       0x24 common.o
 .comment       0x0000006c       0x24 con_mario.o
 .comment       0x00000090       0x24 con_perf.o
 .comment       0x000000b4       0x24 con_seq.o
 .comment       0x000000d8       0x24 console.o
 .comment       0x000000fc       0x24 cxx.o
 .comment       0x00000120       0x24 errorHandling.o
 .comment       0x00000144       0x24 gamePatches.o
 .comment       0x00000168       0x24 keyboard.o
 .comment       0x0000018c       0x24 mod.o
 .comment       0x000001b0       0x24 patch.o
 .comment       0x000001d4       0x24 printf.o
 .comment       0x000001f8       0x24 rel.o
 .comment       0x0000021c       0x24 ug.o
 .comment       0x00000240       0x24 util.o
 .comment       0x00000264       0x24 aaa.o
 .comment       0x00000288       0x24 aji.o
 .comment       0x000002ac       0x24 bom.o
 .comment       0x000002d0       0x24 dou.o
 .comment       0x000002f4       0x24 eki.o
 .comment       0x00000318       0x24 end.o
 .comment       0x0000033c       0x24 gon.o
 .comment       0x00000360       0x24 gor_00.o
 .comment       0x00000384       0x24 gor_01.o
 .comment       0x000003a8       0x24 gor_02.o
 .comment       0x000003cc       0x24 gor_03.o
 .comment       0x000003f0       0x24 gor_04.o
 .comment       0x00000414       0x24 gor_misc.o
 .comment       0x00000438       0x24 gra.o
 .comment       0x0000045c       0x24 hei.o
 .comment       0x00000480       0x24 hom.o
 .comment       0x000004a4       0x24 jin.o
 .comment       0x000004c8       0x24 kpa.o
 .comment       0x000004ec       0x24 las.o
 .comment       0x00000510       0x24 main.o
 .comment       0x00000534       0x24 moo.o
 .comment       0x00000558       0x24 mri.o
 .comment       0x0000057c       0x24 muj.o
 .comment       0x000005a0       0x24 nok.o
 .comment       0x000005c4       0x24 pik.o
 .comment       0x000005e8       0x24 rsh.o
 .comment       0x0000060c       0x24 tik.o
 .comment       0x00000630       0x24 tou.o
 .comment       0x00000654       0x24 tou2.o
 .comment       0x00000678       0x24 usu.o
 .comment       0x0000069c       0x24 win.o
 .comment       0x000006c0       0x24 C:/devkitPro/devkitPPC/bin/../lib/gcc/powerpc-eabi/13.1.0\libgcc.a(_divdi3.o)

.gnu.attributes
                0x00000000       0x10
 .gnu.attributes
                0x00000000       0x10 OWR.o
 .gnu.attributes
                0x00000010       0x10 common.o
 .gnu.attributes
                0x00000020       0x10 con_mario.o
 .gnu.attributes
                0x00000030       0x10 con_perf.o
 .gnu.attributes
                0x00000040       0x10 console.o
 .gnu.attributes
                0x00000050       0x10 errorHandling.o
 .gnu.attributes
                0x00000060       0x10 mod.o
 .gnu.attributes
                0x00000070       0x10 printf.o
 .gnu.attributes
                0x00000080       0x10 util.o

.group          0x00000000        0xc
 .group         0x00000000        0xc con_mario.o

.group          0x00000000        0xc
 .group         0x00000000        0xc con_perf.o

.group          0x00000000        0xc
 .group         0x00000000        0xc con_seq.o

.group          0x00000000        0x8
 .group         0x00000000        0x8 con_seq.o

.group          0x00000000        0x8
 .group         0x00000000        0x8 con_seq.o

.group          0x00000000        0xc
 .group         0x00000000        0xc console.o

.debug
 *(.debug)

.line
 *(.line)

.debug_srcinfo
 *(.debug_srcinfo)

.debug_sfnames
 *(.debug_sfnames)

.debug_aranges  0x00000000      0x928
 *(.debug_aranges)
 .debug_aranges
                0x00000000       0x80 OWR.o
 .debug_aranges
                0x00000080       0x28 StateManager.o
 .debug_aranges
                0x000000a8       0x60 common.o
 .debug_aranges
                0x00000108       0x30 con_mario.o
 .debug_aranges
                0x00000138       0x30 con_perf.o
 .debug_aranges
                0x00000168       0x38 con_seq.o
 .debug_aranges
                0x000001a0       0xb0 console.o
 .debug_aranges
                0x00000250       0x38 cxx.o
 .debug_aranges
                0x00000288       0x60 errorHandling.o
 .debug_aranges
                0x000002e8       0x48 gamePatches.o
 .debug_aranges
                0x00000330       0x40 keyboard.o
 .debug_aranges
                0x00000370       0x58 mod.o
 .debug_aranges
                0x000003c8       0x78 patch.o
 .debug_aranges
                0x00000440       0x28 printf.o
 .debug_aranges
                0x00000468       0x30 rel.o
 .debug_aranges
                0x00000498       0x30 ug.o
 .debug_aranges
                0x000004c8       0x50 util.o
 .debug_aranges
                0x00000518       0x20 aaa.o
 .debug_aranges
                0x00000538       0x20 aji.o
 .debug_aranges
                0x00000558       0x20 bom.o
 .debug_aranges
                0x00000578       0x20 dou.o
 .debug_aranges
                0x00000598       0x20 eki.o
 .debug_aranges
                0x000005b8       0x20 end.o
 .debug_aranges
                0x000005d8       0x20 gon.o
 .debug_aranges
                0x000005f8       0x28 gor_00.o
 .debug_aranges
                0x00000620       0x20 gor_01.o
 .debug_aranges
                0x00000640       0x20 gor_02.o
 .debug_aranges
                0x00000660       0x20 gor_03.o
 .debug_aranges
                0x00000680       0x20 gor_04.o
 .debug_aranges
                0x000006a0       0x28 gor_misc.o
 .debug_aranges
                0x000006c8       0x20 gra.o
 .debug_aranges
                0x000006e8       0x20 hei.o
 .debug_aranges
                0x00000708       0x20 hom.o
 .debug_aranges
                0x00000728       0x20 jin.o
 .debug_aranges
                0x00000748       0x20 kpa.o
 .debug_aranges
                0x00000768       0x20 las.o
 .debug_aranges
                0x00000788       0x30 main.o
 .debug_aranges
                0x000007b8       0x20 moo.o
 .debug_aranges
                0x000007d8       0x20 mri.o
 .debug_aranges
                0x000007f8       0x20 muj.o
 .debug_aranges
                0x00000818       0x20 nok.o
 .debug_aranges
                0x00000838       0x20 pik.o
 .debug_aranges
                0x00000858       0x20 rsh.o
 .debug_aranges
                0x00000878       0x30 tik.o
 .debug_aranges
                0x000008a8       0x20 tou.o
 .debug_aranges
                0x000008c8       0x20 tou2.o
 .debug_aranges
                0x000008e8       0x20 usu.o
 .debug_aranges
                0x00000908       0x20 win.o

.debug_pubnames
 *(.debug_pubnames)

.debug_info     0x00000000    0x3b146
 *(.debug_info)
 .debug_info    0x00000000     0x335b OWR.o
 .debug_info    0x0000335b      0x3fb StateManager.o
 .debug_info    0x00003756      0xf16 common.o
 .debug_info    0x0000466c     0x257c con_mario.o
 .debug_info    0x00006be8     0x20f2 con_perf.o
 .debug_info    0x00008cda     0x21fe con_seq.o
 .debug_info    0x0000aed8     0x3e13 console.o
 .debug_info    0x0000eceb      0x394 cxx.o
 .debug_info    0x0000f07f     0x4463 errorHandling.o
 .debug_info    0x000134e2     0x2343 gamePatches.o
 .debug_info    0x00015825      0xfaf keyboard.o
 .debug_info    0x000167d4     0x3498 mod.o
 .debug_info    0x00019c6c     0x15c5 patch.o
 .debug_info    0x0001b231      0x61f printf.o
 .debug_info    0x0001b850       0xf3 rel.o
 .debug_info    0x0001b943      0x8d5 ug.o
 .debug_info    0x0001c218      0x9d3 util.o
 .debug_info    0x0001cbeb      0x2e3 aaa.o
 .debug_info    0x0001cece     0x177b aji.o
 .debug_info    0x0001e649      0x3fb bom.o
 .debug_info    0x0001ea44      0x471 dou.o
 .debug_info    0x0001eeb5      0xb96 eki.o
 .debug_info    0x0001fa4b      0x2d9 end.o
 .debug_info    0x0001fd24      0x3fb gon.o
 .debug_info    0x0002011f     0x1f36 gor_00.o
 .debug_info    0x00022055     0x123e gor_01.o
 .debug_info    0x00023293     0x1866 gor_02.o
 .debug_info    0x00024af9      0xc28 gor_03.o
 .debug_info    0x00025721      0x329 gor_04.o
 .debug_info    0x00025a4a     0x1127 gor_misc.o
 .debug_info    0x00026b71      0x831 gra.o
 .debug_info    0x000273a2      0xffa hei.o
 .debug_info    0x0002839c      0x333 hom.o
 .debug_info    0x000286cf      0x3fb jin.o
 .debug_info    0x00028aca      0x31f kpa.o
 .debug_info    0x00028de9      0x49b las.o
 .debug_info    0x00029284     0x22fd main.o
 .debug_info    0x0002b581      0x947 moo.o
 .debug_info    0x0002bec8     0x1db0 mri.o
 .debug_info    0x0002dc78     0x1dcf muj.o
 .debug_info    0x0002fa47     0x152c nok.o
 .debug_info    0x00030f73     0x153a pik.o
 .debug_info    0x000324ad     0x1dcc rsh.o
 .debug_info    0x00034279     0x21af tik.o
 .debug_info    0x00036428     0x1962 tou.o
 .debug_info    0x00037d8a      0x3fb tou2.o
 .debug_info    0x00038185     0x1cd2 usu.o
 .debug_info    0x00039e57     0x12ef win.o

.debug_abbrev   0x00000000     0x80b0
 *(.debug_abbrev)
 .debug_abbrev  0x00000000      0x718 OWR.o
 .debug_abbrev  0x00000718      0x1ee StateManager.o
 .debug_abbrev  0x00000906      0x21a common.o
 .debug_abbrev  0x00000b20      0x60d con_mario.o
 .debug_abbrev  0x0000112d      0x62d con_perf.o
 .debug_abbrev  0x0000175a      0x668 con_seq.o
 .debug_abbrev  0x00001dc2      0x98f console.o
 .debug_abbrev  0x00002751      0x170 cxx.o
 .debug_abbrev  0x000028c1      0x769 errorHandling.o
 .debug_abbrev  0x0000302a      0x484 gamePatches.o
 .debug_abbrev  0x000034ae      0x36e keyboard.o
 .debug_abbrev  0x0000381c      0x7af mod.o
 .debug_abbrev  0x00003fcb      0x2bd patch.o
 .debug_abbrev  0x00004288      0x256 printf.o
 .debug_abbrev  0x000044de       0xeb rel.o
 .debug_abbrev  0x000045c9      0x230 ug.o
 .debug_abbrev  0x000047f9      0x20f util.o
 .debug_abbrev  0x00004a08       0xcc aaa.o
 .debug_abbrev  0x00004ad4      0x238 aji.o
 .debug_abbrev  0x00004d0c       0xcc bom.o
 .debug_abbrev  0x00004dd8      0x115 dou.o
 .debug_abbrev  0x00004eed      0x1d6 eki.o
 .debug_abbrev  0x000050c3       0xcc end.o
 .debug_abbrev  0x0000518f       0xcc gon.o
 .debug_abbrev  0x0000525b      0x26c gor_00.o
 .debug_abbrev  0x000054c7      0x22c gor_01.o
 .debug_abbrev  0x000056f3      0x253 gor_02.o
 .debug_abbrev  0x00005946      0x1e3 gor_03.o
 .debug_abbrev  0x00005b29       0xcc gor_04.o
 .debug_abbrev  0x00005bf5      0x2af gor_misc.o
 .debug_abbrev  0x00005ea4      0x1c2 gra.o
 .debug_abbrev  0x00006066      0x1f2 hei.o
 .debug_abbrev  0x00006258       0xcc hom.o
 .debug_abbrev  0x00006324       0xcc jin.o
 .debug_abbrev  0x000063f0       0xcc kpa.o
 .debug_abbrev  0x000064bc       0xcc las.o
 .debug_abbrev  0x00006588      0x2ce main.o
 .debug_abbrev  0x00006856      0x1c5 moo.o
 .debug_abbrev  0x00006a1b      0x234 mri.o
 .debug_abbrev  0x00006c4f      0x22d muj.o
 .debug_abbrev  0x00006e7c      0x227 nok.o
 .debug_abbrev  0x000070a3      0x228 pik.o
 .debug_abbrev  0x000072cb      0x223 rsh.o
 .debug_abbrev  0x000074ee      0x49c tik.o
 .debug_abbrev  0x0000798a      0x237 tou.o
 .debug_abbrev  0x00007bc1       0xcc tou2.o
 .debug_abbrev  0x00007c8d      0x225 usu.o
 .debug_abbrev  0x00007eb2      0x1fe win.o

.debug_line     0x00000000    0x195f2
 *(.debug_line)
 .debug_line    0x00000000      0xc9e OWR.o
 .debug_line    0x00000c9e      0x2c8 StateManager.o
 .debug_line    0x00000f66      0x39d common.o
 .debug_line    0x00001303      0x4e0 con_mario.o
 .debug_line    0x000017e3      0x5f6 con_perf.o
 .debug_line    0x00001dd9      0x5b6 con_seq.o
 .debug_line    0x0000238f     0x1f5f console.o
 .debug_line    0x000042ee      0x1c9 cxx.o
 .debug_line    0x000044b7     0x12a6 errorHandling.o
 .debug_line    0x0000575d      0x62c gamePatches.o
 .debug_line    0x00005d89      0xcb4 keyboard.o
 .debug_line    0x00006a3d      0x75b mod.o
 .debug_line    0x00007198      0x80c patch.o
 .debug_line    0x000079a4      0x2b2 printf.o
 .debug_line    0x00007c56      0x226 rel.o
 .debug_line    0x00007e7c      0x4ad ug.o
 .debug_line    0x00008329      0x4b0 util.o
 .debug_line    0x000087d9      0x21f aaa.o
 .debug_line    0x000089f8      0xece aji.o
 .debug_line    0x000098c6      0x68f bom.o
 .debug_line    0x00009f55      0x6b4 dou.o
 .debug_line    0x0000a609      0x5ca eki.o
 .debug_line    0x0000abd3      0x1f8 end.o
 .debug_line    0x0000adcb      0x641 gon.o
 .debug_line    0x0000b40c      0x921 gor_00.o
 .debug_line    0x0000bd2d      0x6b7 gor_01.o
 .debug_line    0x0000c3e4      0x6c6 gor_02.o
 .debug_line    0x0000caaa      0x83e gor_03.o
 .debug_line    0x0000d2e8      0x3b5 gor_04.o
 .debug_line    0x0000d69d      0x47a gor_misc.o
 .debug_line    0x0000db17      0x4b0 gra.o
 .debug_line    0x0000dfc7      0x5a4 hei.o
 .debug_line    0x0000e56b      0x346 hom.o
 .debug_line    0x0000e8b1      0x611 jin.o
 .debug_line    0x0000eec2      0x294 kpa.o
 .debug_line    0x0000f156      0x861 las.o
 .debug_line    0x0000f9b7      0xc3b main.o
 .debug_line    0x000105f2      0x2fe moo.o
 .debug_line    0x000108f0     0x132d mri.o
 .debug_line    0x00011c1d      0xfde muj.o
 .debug_line    0x00012bfb      0x60f nok.o
 .debug_line    0x0001320a      0x964 pik.o
 .debug_line    0x00013b6e     0x1802 rsh.o
 .debug_line    0x00015370      0xb55 tik.o
 .debug_line    0x00015ec5     0x1ce9 tou.o
 .debug_line    0x00017bae      0x6e9 tou2.o
 .debug_line    0x00018297      0xd6b usu.o
 .debug_line    0x00019002      0x5f0 win.o

.debug_frame
 *(.debug_frame)

.debug_str      0x00000000    0x3c3f7
 *(.debug_str)
 .debug_str     0x00000000     0x2adf OWR.o
 .debug_str     0x00002adf      0x376 StateManager.o
 .debug_str     0x00002e55     0x13e4 common.o
 .debug_str     0x00004239     0x1a5e con_mario.o
 .debug_str     0x00005c97     0x1613 con_perf.o
 .debug_str     0x000072aa     0x17ab con_seq.o
 .debug_str     0x00008a55     0x19f9 console.o
 .debug_str     0x0000a44e      0x34e cxx.o
 .debug_str     0x0000a79c     0x2043 errorHandling.o
 .debug_str     0x0000c7df     0x1945 gamePatches.o
 .debug_str     0x0000e124      0x955 keyboard.o
 .debug_str     0x0000ea79     0x2258 mod.o
 .debug_str     0x00010cd1      0x6eb patch.o
 .debug_str     0x000113bc      0x468 printf.o
 .debug_str     0x00011824      0x191 rel.o
 .debug_str     0x000119b5      0x39b ug.o
 .debug_str     0x00011d50      0x654 util.o
 .debug_str     0x000123a4      0x3d4 aaa.o
 .debug_str     0x00012778     0x2130 aji.o
 .debug_str     0x000148a8      0x5d1 bom.o
 .debug_str     0x00014e79      0x687 dou.o
 .debug_str     0x00015500      0xeb5 eki.o
 .debug_str     0x000163b5      0x3ce end.o
 .debug_str     0x00016783      0x586 gon.o
 .debug_str     0x00016d09     0x291a gor_00.o
 .debug_str     0x00019623     0x1a47 gor_01.o
 .debug_str     0x0001b06a     0x242e gor_02.o
 .debug_str     0x0001d498      0xf35 gor_03.o
 .debug_str     0x0001e3cd      0x44d gor_04.o
 .debug_str     0x0001e81a     0x1b6c gor_misc.o
 .debug_str     0x00020386      0x949 gra.o
 .debug_str     0x00020ccf     0x19a6 hei.o
 .debug_str     0x00022675      0x469 hom.o
 .debug_str     0x00022ade      0x58f jin.o
 .debug_str     0x0002306d      0x424 kpa.o
 .debug_str     0x00023491      0x66f las.o
 .debug_str     0x00023b00     0x2e48 main.o
 .debug_str     0x00026948      0xb14 moo.o
 .debug_str     0x0002745c     0x288e mri.o
 .debug_str     0x00029cea     0x29df muj.o
 .debug_str     0x0002c6c9     0x1d92 nok.o
 .debug_str     0x0002e45b     0x1ee4 pik.o
 .debug_str     0x0003033f     0x29eb rsh.o
 .debug_str     0x00032d2a     0x2a47 tik.o
 .debug_str     0x00035771     0x248b tou.o
 .debug_str     0x00037bfc      0x5af tou2.o
 .debug_str     0x000381ab     0x25e9 usu.o
 .debug_str     0x0003a794     0x1c63 win.o

.debug_loc
 *(.debug_loc)

.debug_macinfo
 *(.debug_macinfo)

.debug_weaknames
 *(.debug_weaknames)

.debug_funcnames
 *(.debug_funcnames)

.debug_typenames
 *(.debug_typenames)

.debug_varnames
 *(.debug_varnames)
                0x00000000                        __isIPL = 0x0
                0x0002e480                        __stack_addr = ((((__bss_start + SIZEOF (.bss)) + 0x20000) + 0x7) & 0xfffffffffffffff8)
                0x0000e480                        __stack_end = (__bss_start + SIZEOF (.bss))
                0x00032480                        __intrstack_addr = (__stack_addr + 0x4000)
                0x0002e480                        __intrstack_end = __stack_addr
                0x00032480                        __Arena1Lo = ((__intrstack_addr + 0x1f) & 0xffffffffffffffe0)
                0x817feff0                        __Arena1Hi = 0x817feff0
                0x817ff000                        __gxregs = ((__Arena1Hi + 0x1f) & 0xffffffffffffffe0)
                [!provide]                        PROVIDE (__stack = 0x817feff0)
                [!provide]                        PROVIDE (__isIPL = __isIPL)
                [!provide]                        PROVIDE (__stack_addr = __stack_addr)
                [!provide]                        PROVIDE (__stack_end = __stack_end)
                [!provide]                        PROVIDE (__intrstack_addr = __intrstack_addr)
                [!provide]                        PROVIDE (__intrstack_end = __intrstack_end)
                [!provide]                        PROVIDE (__Arena1Lo = __Arena1Lo)
                [!provide]                        PROVIDE (__Arena1Hi = __Arena1Hi)
                [!provide]                        PROVIDE (__gxregs = __gxregs)
LOAD H:/GhidraProjects/TTYDAP/TTYDAP/rel/source/cxx.ld
                0x0000e2d0                        _ctors_start = ADDR (.ctors)
                0x0000e300                        _ctors_end = (_ctors_start + SIZEOF (.ctors))
                0x0000e300                        _dtors_start = ADDR (.dtors)
                0x0000e320                        _dtors_end = (_dtors_start + SIZEOF (.dtors))
LOAD OWR.o
LOAD StateManager.o
LOAD common.o
LOAD con_mario.o
LOAD con_perf.o
LOAD con_seq.o
LOAD console.o
LOAD cxx.o
LOAD errorHandling.o
LOAD gamePatches.o
LOAD keyboard.o
LOAD mod.o
LOAD patch.o
LOAD printf.o
LOAD rel.o
LOAD ug.o
LOAD util.o
LOAD aaa.o
LOAD aji.o
LOAD bom.o
LOAD dou.o
LOAD eki.o
LOAD end.o
LOAD gon.o
LOAD gor_00.o
LOAD gor_01.o
LOAD gor_02.o
LOAD gor_03.o
LOAD gor_04.o
LOAD gor_misc.o
LOAD gra.o
LOAD hei.o
LOAD hom.o
LOAD jin.o
LOAD kpa.o
LOAD las.o
LOAD main.o
LOAD moo.o
LOAD mri.o
LOAD muj.o
LOAD nok.o
LOAD pik.o
LOAD rsh.o
LOAD tik.o
LOAD tou.o
LOAD tou2.o
LOAD usu.o
LOAD win.o
LOAD CrashScreenDecrementYPos.o
LOAD FixBlooperCrash1.o
LOAD FixBlooperCrash2.o
LOAD asm_main.o
LOAD patch_ih.o
LOAD C:/devkitPro/devkitPPC/bin/../lib/gcc/powerpc-eabi/13.1.0\libgcc.a
OUTPUT(H:/GhidraProjects/TTYDAP/TTYDAP/rel/rel.eu.elf elf32-powerpc)

.debug_loclists
                0x00000000     0x631b
 .debug_loclists
                0x00000000      0xcc5 OWR.o
 .debug_loclists
                0x00000cc5       0x2f StateManager.o
 .debug_loclists
                0x00000cf4      0x151 common.o
 .debug_loclists
                0x00000e45       0xa9 con_mario.o
 .debug_loclists
                0x00000eee      0x2eb con_perf.o
 .debug_loclists
                0x000011d9       0xf8 con_seq.o
 .debug_loclists
                0x000012d1     0x1cd1 console.o
 .debug_loclists
                0x00002fa2       0x54 cxx.o
 .debug_loclists
                0x00002ff6     0x11cb errorHandling.o
 .debug_loclists
                0x000041c1      0x1fb gamePatches.o
 .debug_loclists
                0x000043bc      0x886 keyboard.o
 .debug_loclists
                0x00004c42      0x18f mod.o
 .debug_loclists
                0x00004dd1      0xc5e patch.o
 .debug_loclists
                0x00005a2f      0x2ae printf.o
 .debug_loclists
                0x00005cdd      0x2cd ug.o
 .debug_loclists
                0x00005faa      0x241 util.o
 .debug_loclists
                0x000061eb      0x130 tik.o

.debug_rnglists
                0x00000000     0x19c2
 .debug_rnglists
                0x00000000      0x1b9 OWR.o
 .debug_rnglists
                0x000001b9       0x4f StateManager.o
 .debug_rnglists
                0x00000208       0x43 common.o
 .debug_rnglists
                0x0000024b       0x95 con_mario.o
 .debug_rnglists
                0x000002e0       0xb4 con_perf.o
 .debug_rnglists
                0x00000394       0xc4 con_seq.o
 .debug_rnglists
                0x00000458      0x71c console.o
 .debug_rnglists
                0x00000b74       0x25 cxx.o
 .debug_rnglists
                0x00000b99      0x352 errorHandling.o
 .debug_rnglists
                0x00000eeb       0x75 gamePatches.o
 .debug_rnglists
                0x00000f60      0x315 keyboard.o
 .debug_rnglists
                0x00001275       0xaa mod.o
 .debug_rnglists
                0x0000131f      0x23d patch.o
 .debug_rnglists
                0x0000155c       0x2c printf.o
 .debug_rnglists
                0x00001588       0x47 rel.o
 .debug_rnglists
                0x000015cf       0x73 ug.o
 .debug_rnglists
                0x00001642       0x45 util.o
 .debug_rnglists
                0x00001687       0x13 aaa.o
 .debug_rnglists
                0x0000169a       0x14 aji.o
 .debug_rnglists
                0x000016ae       0x14 bom.o
 .debug_rnglists
                0x000016c2       0x14 dou.o
 .debug_rnglists
                0x000016d6       0x14 eki.o
 .debug_rnglists
                0x000016ea       0x13 end.o
 .debug_rnglists
                0x000016fd       0x14 gon.o
 .debug_rnglists
                0x00001711       0x1a gor_00.o
 .debug_rnglists
                0x0000172b       0x14 gor_01.o
 .debug_rnglists
                0x0000173f       0x14 gor_02.o
 .debug_rnglists
                0x00001753       0x14 gor_03.o
 .debug_rnglists
                0x00001767       0x14 gor_04.o
 .debug_rnglists
                0x0000177b       0x32 gor_misc.o
 .debug_rnglists
                0x000017ad       0x14 gra.o
 .debug_rnglists
                0x000017c1       0x14 hei.o
 .debug_rnglists
                0x000017d5       0x14 hom.o
 .debug_rnglists
                0x000017e9       0x14 jin.o
 .debug_rnglists
                0x000017fd       0x14 kpa.o
 .debug_rnglists
                0x00001811       0x14 las.o
 .debug_rnglists
                0x00001825       0x92 main.o
 .debug_rnglists
                0x000018b7       0x14 moo.o
 .debug_rnglists
                0x000018cb       0x14 mri.o
 .debug_rnglists
                0x000018df       0x14 muj.o
 .debug_rnglists
                0x000018f3       0x14 nok.o
 .debug_rnglists
                0x00001907       0x14 pik.o
 .debug_rnglists
                0x0000191b       0x14 rsh.o
 .debug_rnglists
                0x0000192f       0x43 tik.o
 .debug_rnglists
                0x00001972       0x14 tou.o
 .debug_rnglists
                0x00001986       0x14 tou2.o
 .debug_rnglists
                0x0000199a       0x14 usu.o
 .debug_rnglists
                0x000019ae       0x14 win.o
