
Discarded input sections

 .text          0x00000000        0x0 main.o
 .data          0x00000000        0x0 main.o
 .bss           0x00000000        0x0 main.o
 .text          0x00000000        0x0 cxx.o
 .data          0x00000000        0x0 cxx.o
 .bss           0x00000000        0x0 cxx.o
 .text._Z11allocMemoryj
                0x00000000        0xc cxx.o
 .text._Z10freeMemoryPv
                0x00000000        0xc cxx.o
 .text          0x00000000        0x0 patch.o
 .data          0x00000000        0x0 patch.o
 .bss           0x00000000        0x0 patch.o
 .text._ZN3mod5patch15replaceEvtInstrEPit
                0x00000000        0x8 patch.o
 .text._ZN3mod5patch14writeEvtBranchEPiPKib
                0x00000000       0x1c patch.o
 .text._ZN3mod5patch15writeBranchMainEPvS1_j
                0x00000000       0x18 patch.o
 .text._ZN3mod5patch11writeBranchEPvS1_
                0x00000000        0x8 patch.o
 .text._ZN3mod5patch21writeStandardBranchesEPvS1_S1_
                0x00000000       0x3c patch.o
 .text._ZN3mod5patch13writeBranchBLEPvS1_
                0x00000000        0xc patch.o
 .text._ZN3mod5patch10writePatchEPvPKvS3_
                0x00000000        0x8 patch.o
 .text._ZN3mod5patch10writePatchEPvj
                0x00000000       0x2c patch.o
 .text._ZN3mod5patch15writeBranchPairEPvS1_S1_S1_
                0x00000000       0x40 patch.o
 .text._ZN3mod5patch15writeBranchPairEPvS1_S1_
                0x00000000       0x3c patch.o
 .text._ZN3mod5patch17writeIntWithCacheEPvj
                0x00000000        0xc patch.o
 .text          0x00000000        0x0 rel.o
 .data          0x00000000        0x0 rel.o
 .bss           0x00000000        0x0 rel.o
 .text          0x00000000       0x58 restfpr_x.o
 .data          0x00000000        0x0 restfpr_x.o
 .bss           0x00000000        0x0 restfpr_x.o
 .data          0x00000000        0x0 restgpr_x.o
 .bss           0x00000000        0x0 restgpr_x.o

Memory Configuration

Name             Origin             Length             Attributes
*default*        0x00000000         0xffffffff

Linker script and memory map

                0x80003100                        . = 0x80003100

.init
 *crt0.o(*.init)
 *(.init)

.plt
 *(.plt)

.interp
 *(.interp)

.hash
 *(.hash)

.dynsym
 *(.dynsym)

.dynstr
 *(.dynstr)

.gnu.version
 *(.gnu.version)

.gnu.version_d
 *(.gnu.version_d)

.gnu.version_r
 *(.gnu.version_r)

.rel.init
 *(.rel.init)

.rela.init
 *(.rela.init)

.rel.text
 *(.rel.text .rel.text.* .rel.gnu.linkonce.t.*)

.rela.text
 *(.rela.text .rela.text.* .rela.gnu.linkonce.t.*)

.rel.fini
 *(.rel.fini)

.rela.fini
 *(.rela.fini)

.rel.rodata
 *(.rel.rodata .rel.rodata.* .rel.gnu.linkonce.r.*)

.rela.rodata
 *(.rela.rodata .rela.rodata.* .rela.gnu.linkonce.r.*)

.rel.data
 *(.rel.data .rel.data.* .rel.gnu.linkonce.d.*)

.rela.data
 *(.rela.data .rela.data.* .rela.gnu.linkonce.d.*)

.rel.tdata
 *(.rel.tdata .rel.tdata.* .rel.gnu.linkonce.td.*)

.rela.tdata
 *(.rela.tdata .rela.tdata.* .rela.gnu.linkonce.td.*)

.rel.tbss
 *(.rel.tbss .rel.tbss.* .rel.gnu.linkonce.tb.*)

.rela.tbss
 *(.rela.tbss .rela.tbss.* .rela.gnu.linkonce.tb.*)

.rel.ctors
 *(.rel.ctors)

.rela.ctors
 *(.rela.ctors)

.rel.dtors
 *(.rel.dtors)

.rela.dtors
 *(.rela.dtors)

.rel.got
 *(.rel.got)

.rela.got
 *(.rela.got)

.rela.got1
 *(.rela.got1)

.rela.got2
 *(.rela.got2)

.rel.sdata
 *(.rel.sdata .rel.sdata.* .rel.gnu.linkonce.s.*)

.rela.sdata
 *(.rela.sdata .rela.sdata.* .rela.gnu.linkonce.s.*)

.rel.sbss
 *(.rel.sbss .rel.sbss.* .rel.gnu.linkonce.sb.*)

.rela.sbss
 *(.rela.sbss .rela.sbss.* .rel.gnu.linkonce.sb.*)

.rel.sdata2
 *(.rel.sdata2 .rel.sdata2.* .rel.gnu.linkonce.s2.*)

.rela.sdata2
 *(.rela.sdata2 .rela.sdata2.* .rela.gnu.linkonce.s2.*)

.rel.sbss2
 *(.rel.sbss2 .rel.sbss2.* .rel.gnu.linkonce.sb2.*)

.rela.sbss2
 *(.rela.sbss2 .rela.sbss2.* .rela.gnu.linkonce.sb2.*)

.rel.bss
 *(.rel.bss .rel.bss.* .rel.gnu.linkonce.b.*)

.rela.bss
 *(.rela.bss .rela.bss.* .rela.gnu.linkonce.b.*)

.rel.plt
 *(.rel.plt)

.rela.plt
 *(.rela.plt)

.text           0x80003100      0xb00
 *(.text)
 .text          0x80003100       0x58 restgpr_x.o
                0x80003100                _restgpr_14_x
                0x80003104                _restgpr_15_x
                0x80003108                _restgpr_16_x
                0x8000310c                _restgpr_17_x
                0x80003110                _restgpr_18_x
                0x80003114                _restgpr_19_x
                0x80003118                _restgpr_20_x
                0x8000311c                _restgpr_21_x
                0x80003120                _restgpr_22_x
                0x80003124                _restgpr_23_x
                0x80003128                _restgpr_24_x
                0x8000312c                _restgpr_25_x
                0x80003130                _restgpr_26_x
                0x80003134                _restgpr_27_x
                0x80003138                _restgpr_28_x
                0x8000313c                _restgpr_29_x
                0x80003140                _restgpr_30_x
                0x80003144                _restgpr_31_x
 *(.text.*)
 .text._Z17checkIntermissionPN4ttyd6evtmgr8EvtEntryEb
                0x80003158       0xd4 main.o
                0x80003158                _Z17checkIntermissionPN4ttyd6evtmgr8EvtEntryEb
 .text.startup._ZN3mod4mainEv
                0x8000322c      0x874 main.o
                0x8000322c                _ZN3mod4mainEv
 .text._ZN3mod4exitEv
                0x80003aa0        0x4 main.o
                0x80003aa0                _ZN3mod4exitEv
 .text._ZN3mod5patch17clear_DC_IC_CacheEPvj
                0x80003aa4       0x3c patch.o
                0x80003aa4                _ZN3mod5patch17clear_DC_IC_CacheEPvj
 .text._ZN3mod5patch10writePatchEPvPKvj
                0x80003ae0       0x5c patch.o
                0x80003ae0                _ZN3mod5patch10writePatchEPvPKvj
 .text._prolog  0x80003b3c       0x5c rel.o
                0x80003b3c                _prolog
 .text._epilog  0x80003b98       0x50 rel.o
                0x80003b98                _epilog
 .text._unresolved
                0x80003be8        0x4 rel.o
                0x80003be8                _unresolved
 *(.gnu.warning)
 *(.gnu.linkonce.t.*)
                0x80003c00                        . = ALIGN (0x20)
 *fill*         0x80003bec       0x14 00000000

.fini           0x80003c00        0x0
 *(.fini)
                0x80003c00                        . = ALIGN (0x20)
                [!provide]                        PROVIDE (__etext = .)
                [!provide]                        PROVIDE (_etext = .)
                [!provide]                        PROVIDE (etext = .)

.rodata         0x80003c00      0x703
 *(.rodata)
 *(.rodata.*)
 .rodata._ZL20aji_17_init_evt_hook
                0x80003c00       0x10 main.o
 .rodata._ZL19aji_17_init_evt_evt
                0x80003c10       0x4c main.o
 .rodata._ZL20aji_10_init_evt_hook
                0x80003c5c       0x10 main.o
 .rodata.str1.1
                0x80003c6c       0x46 main.o
 *fill*         0x80003cb2        0x2 
 .rodata._ZL19aji_10_init_evt_evt
                0x80003cb4      0x288 main.o
 .rodata._ZL18teshita3_init_hook
                0x80003f3c       0x10 main.o
 .rodata._ZL17teshita3_init_evt
                0x80003f4c       0xc0 main.o
 .rodata._ZL18teshita2_init_hook
                0x8000400c       0x10 main.o
 .rodata._ZL17teshita2_init_evt
                0x8000401c       0xc0 main.o
 .rodata._ZL20peach_evt_ele_2_hook
                0x800040dc       0x24 main.o
 .rodata._ZL19peach_evt_ele_2_evt
                0x80004100       0x6c main.o
 .rodata._ZL20aji_16_init_evt_hook
                0x8000416c       0x10 main.o
 .rodata._ZL19aji_16_init_evt_evt
                0x8000417c       0x5c main.o
 .rodata._ZL21aji_10_init_evt_hook2
                0x800041d8       0x10 main.o
 .rodata._ZL20aji_10_init_evt_evt2
                0x800041e8       0x5c main.o
 .rodata._ZL20aji_00_init_evt_hook
                0x80004244       0x10 main.o
 .rodata._ZL19aji_00_init_evt_evt
                0x80004254       0x5c main.o
 .rodata._ZL7npcEnt4
                0x800042b0        0xb main.o
 *fill*         0x800042bb        0x1 
 .rodata._ZL7npcEnt3
                0x800042bc       0x13 main.o
 *fill*         0x800042cf        0x1 
 .rodata._ZL4npc4
                0x800042d0       0x13 main.o
 *fill*         0x800042e3        0x1 
 .rodata._ZL4npc3
                0x800042e4        0x7 main.o
 *fill*         0x800042eb        0x1 
 .rodata._ZL4npc2
                0x800042ec        0xf main.o
 *fill*         0x800042fb        0x1 
 .rodata._ZL4npc1
                0x800042fc        0x7 main.o
 *(.gnu.linkonce.r.*)

.rodata1
 *(.rodata1)

.sdata2         0x80004303        0x0
                [!provide]                        PROVIDE (_SDA2_BASE_ = .)
 *(.sdata2)
 *(.sdata2.*)
 *(.gnu.linkonce.s2.*)

.sbss2
 *(.sbss2)
 *(.sbss2.*)
 *(.gnu.linkonce.sb2.*)
                0x80004304                        . = ALIGN (0x4)
                [!provide]                        PROVIDE (__preinit_array_start = .)

.preinit_array
 *(.preinit_array)
                [!provide]                        PROVIDE (__preinit_array_end = .)
                [!provide]                        PROVIDE (__init_array_start = .)

.init_array
 *(.init_array)
                [!provide]                        PROVIDE (__init_array_end = .)
                [!provide]                        PROVIDE (__fini_array_start = .)

.fini_array
 *(.fini_array)
                [!provide]                        PROVIDE (__fini_array_end = .)

.data           0x80004304       0x1c
 *(.data)
 *(.data.*)
 *(.gnu.linkonce.d.*)
                0x80004320                        . = ALIGN (0x20)
 *fill*         0x80004304       0x1c 

.data1
 *(.data1)

.tdata
 *(.tdata .tdata.* .gnu.linkonce.td.*)

.tbss
 *(.tbss .tbss.* .gnu.linkonce.tb.*)
 *(.tcommon)

.eh_frame       0x80004320      0x18c
 *(.eh_frame)
 .eh_frame      0x80004320       0xa8 main.o
 .eh_frame      0x800043c8        0x0 cxx.o
                                 0x3c (size before relaxing)
 .eh_frame      0x800043c8       0x68 patch.o
                                0x18c (size before relaxing)
 .eh_frame      0x80004430       0x7c rel.o

.gcc_except_table
 *(.gcc_except_table)

.fixup
 *(.fixup)

.got1
 *(.got1)

.got2
 *(.got2)

.dynamic
 *(.dynamic)

.ctors          0x800044ac       0x14
 *crtbegin.o(.ctors)
 *(EXCLUDE_FILE(*crtend.o) .ctors)
 *(SORT_BY_NAME(.ctors.*))
 *(.ctors)
                0x800044c0                        . = ALIGN (0x20)
 *fill*         0x800044ac       0x14 

.dtors          0x800044c0        0x0
 *crtbegin.o(.dtors)
 *(EXCLUDE_FILE(*crtend.o) .dtors)
 *(SORT_BY_NAME(.dtors.*))
 *(.dtors)
                0x800044c0                        . = ALIGN (0x20)

.jcr
 *(.jcr)

.got
 *(.got.plt)
 *(.got)

.sdata          0x800044c0        0x0
                [!provide]                        PROVIDE (_SDA_BASE_ = .)
 *(.sdata)
 *(.sdata.*)
 *(.gnu.linkonce.s.*)
                0x800044c0                        . = ALIGN (0x20)
                0x800044c0                        _edata = .
                [!provide]                        PROVIDE (edata = .)

.sbss           0x800044c0        0x0
                0x800044c0                        __sbss_start = .
                [!provide]                        PROVIDE (__sbss_start = .)
                [!provide]                        PROVIDE (___sbss_start = .)
 *(.dynsbss)
 *(.sbss)
 *(.sbss.*)
 *(.gnu.linkonce.sb.*)
 *(.scommon)
                [!provide]                        PROVIDE (__sbss_end = .)
                [!provide]                        PROVIDE (___sbss_end = .)
                0x800044c0                        . = ALIGN (0x20)
                0x800044c0                        __sbss_end = .

.bss            0x800044c0        0x0
                0x800044c0                        __bss_start = .
                [!provide]                        PROVIDE (__bss_start = .)
 *(.dynbss)
 *(.bss)
 *(.bss.*)
 *(.gnu.linkonce.b.*)
 *(COMMON)
                0x800044c0                        . = ALIGN (0x20)
                [!provide]                        PROVIDE (__bss_end = .)
                0x800044c0                        __bss_end = .
                0x800044c0                        _end = .
                [!provide]                        PROVIDE (end = .)

.stab
 *(.stab)

.stabstr
 *(.stabstr)

.stab.excl
 *(.stab.excl)

.stab.exclstr
 *(.stab.exclstr)

.stab.index
 *(.stab.index)

.stab.indexstr
 *(.stab.indexstr)

.comment        0x00000000       0x90
 *(.comment)
 .comment       0x00000000       0x24 main.o
 .comment       0x00000024       0x24 cxx.o
 .comment       0x00000048       0x24 patch.o
 .comment       0x0000006c       0x24 rel.o

.debug
 *(.debug)

.line
 *(.line)

.debug_srcinfo
 *(.debug_srcinfo)

.debug_sfnames
 *(.debug_sfnames)

.debug_aranges  0x00000000      0x108
 *(.debug_aranges)
 .debug_aranges
                0x00000000       0x30 main.o
 .debug_aranges
                0x00000030       0x28 cxx.o
 .debug_aranges
                0x00000058       0x80 patch.o
 .debug_aranges
                0x000000d8       0x30 rel.o

.debug_pubnames
 *(.debug_pubnames)

.debug_info     0x00000000     0x2e60
 *(.debug_info)
 .debug_info    0x00000000     0x1bc6 main.o
 .debug_info    0x00001bc6      0x363 cxx.o
 .debug_info    0x00001f29      0xe1f patch.o
 .debug_info    0x00002d48      0x118 rel.o

.debug_abbrev   0x00000000      0x716
 *(.debug_abbrev)
 .debug_abbrev  0x00000000      0x2be main.o
 .debug_abbrev  0x000002be      0x148 cxx.o
 .debug_abbrev  0x00000406      0x21c patch.o
 .debug_abbrev  0x00000622       0xf4 rel.o

.debug_line     0x00000000     0x15b8
 *(.debug_line)
 .debug_line    0x00000000      0xea1 main.o
 .debug_line    0x00000ea1      0x1ad cxx.o
 .debug_line    0x0000104e      0x41f patch.o
 .debug_line    0x0000146d      0x14b rel.o

.debug_frame
 *(.debug_frame)

.debug_str      0x00000000     0x32eb
 *(.debug_str)
 .debug_str     0x00000000     0x2684 main.o
 .debug_str     0x00002684      0x37c cxx.o
 .debug_str     0x00002a00      0x736 patch.o
 .debug_str     0x00003136      0x1b5 rel.o

.debug_loc
 *(.debug_loc)

.debug_macinfo
 *(.debug_macinfo)

.debug_weaknames
 *(.debug_weaknames)

.debug_funcnames
 *(.debug_funcnames)

.debug_typenames
 *(.debug_typenames)

.debug_varnames
 *(.debug_varnames)
                0x00000000                        __isIPL = 0x0
                0x800244c0                        __stack_addr = ((((__bss_start + SIZEOF (.bss)) + 0x20000) + 0x7) & 0xfffffffffffffff8)
                0x800044c0                        __stack_end = (__bss_start + SIZEOF (.bss))
                0x800284c0                        __intrstack_addr = (__stack_addr + 0x4000)
                0x800244c0                        __intrstack_end = __stack_addr
                0x800284c0                        __Arena1Lo = ((__intrstack_addr + 0x1f) & 0xffffffffffffffe0)
                0x817feff0                        __Arena1Hi = 0x817feff0
                0x817ff000                        __gxregs = ((__Arena1Hi + 0x1f) & 0xffffffffffffffe0)
                [!provide]                        PROVIDE (__stack = 0x817feff0)
                [!provide]                        PROVIDE (__isIPL = __isIPL)
                [!provide]                        PROVIDE (__stack_addr = __stack_addr)
                [!provide]                        PROVIDE (__stack_end = __stack_end)
                [!provide]                        PROVIDE (__intrstack_addr = __intrstack_addr)
                [!provide]                        PROVIDE (__intrstack_end = __intrstack_end)
                [!provide]                        PROVIDE (__Arena1Lo = __Arena1Lo)
                [!provide]                        PROVIDE (__Arena1Hi = __Arena1Hi)
                [!provide]                        PROVIDE (__gxregs = __gxregs)
LOAD H:/GhidraProjects/TTYDAP/TTYDAP/rel/all_source/cxx.ld
                0x800044ac                        _ctors_start = ADDR (.ctors)
                0x800044c0                        _ctors_end = (_ctors_start + SIZEOF (.ctors))
                0x800044c0                        _dtors_start = ADDR (.dtors)
                0x800044c0                        _dtors_end = (_dtors_start + SIZEOF (.dtors))
LOAD main.o
LOAD cxx.o
LOAD patch.o
LOAD rel.o
LOAD restfpr_x.o
LOAD restgpr_x.o
OUTPUT(H:/GhidraProjects/TTYDAP/TTYDAP/rel/subrels/aji/aji.us.elf elf32-powerpc)

.debug_loclists
                0x00000000      0x6c1
 .debug_loclists
                0x00000000       0xe0 main.o
 .debug_loclists
                0x000000e0       0x54 cxx.o
 .debug_loclists
                0x00000134      0x540 patch.o
 .debug_loclists
                0x00000674       0x4d rel.o

.debug_rnglists
                0x00000000       0xd5
 .debug_rnglists
                0x00000000       0x21 main.o
 .debug_rnglists
                0x00000021       0x19 cxx.o
 .debug_rnglists
                0x0000003a       0x5b patch.o
 .debug_rnglists
                0x00000095       0x40 rel.o
