
Discarded input sections

 .text          0x00000000        0x0 main.o
 .data          0x00000000        0x0 main.o
 .bss           0x00000000        0x0 main.o
 .text          0x00000000        0x0 cxx.o
 .data          0x00000000        0x0 cxx.o
 .bss           0x00000000        0x0 cxx.o
 .text._Z11allocMemoryj
                0x00000000        0xc cxx.o
 .text._Z10freeMemoryPv
                0x00000000        0xc cxx.o
 .text          0x00000000        0x0 patch.o
 .data          0x00000000        0x0 patch.o
 .bss           0x00000000        0x0 patch.o
 .text._ZN3mod5patch15replaceEvtInstrEPit
                0x00000000        0x8 patch.o
 .text._ZN3mod5patch14writeEvtBranchEPiPKib
                0x00000000       0x1c patch.o
 .text._ZN3mod5patch15writeBranchMainEPvS1_j
                0x00000000       0x18 patch.o
 .text._ZN3mod5patch11writeBranchEPvS1_
                0x00000000        0x8 patch.o
 .text._ZN3mod5patch21writeStandardBranchesEPvS1_S1_
                0x00000000       0x3c patch.o
 .text._ZN3mod5patch13writeBranchBLEPvS1_
                0x00000000        0xc patch.o
 .text._ZN3mod5patch10writePatchEPvPKvS3_
                0x00000000        0x8 patch.o
 .text._ZN3mod5patch10writePatchEPvj
                0x00000000       0x2c patch.o
 .text._ZN3mod5patch15writeBranchPairEPvS1_S1_S1_
                0x00000000       0x40 patch.o
 .text._ZN3mod5patch15writeBranchPairEPvS1_S1_
                0x00000000       0x3c patch.o
 .text._ZN3mod5patch17writeIntWithCacheEPvj
                0x00000000        0xc patch.o
 .text          0x00000000        0x0 rel.o
 .data          0x00000000        0x0 rel.o
 .bss           0x00000000        0x0 rel.o
 .text          0x00000000       0x58 restfpr_x.o
 .data          0x00000000        0x0 restfpr_x.o
 .bss           0x00000000        0x0 restfpr_x.o
 .data          0x00000000        0x0 restgpr_x.o
 .bss           0x00000000        0x0 restgpr_x.o

Memory Configuration

Name             Origin             Length             Attributes
*default*        0x00000000         0xffffffff

Linker script and memory map

                0x80003100                        . = 0x80003100

.init
 *crt0.o(*.init)
 *(.init)

.plt
 *(.plt)

.interp
 *(.interp)

.hash
 *(.hash)

.dynsym
 *(.dynsym)

.dynstr
 *(.dynstr)

.gnu.version
 *(.gnu.version)

.gnu.version_d
 *(.gnu.version_d)

.gnu.version_r
 *(.gnu.version_r)

.rel.init
 *(.rel.init)

.rela.init
 *(.rela.init)

.rel.text
 *(.rel.text .rel.text.* .rel.gnu.linkonce.t.*)

.rela.text
 *(.rela.text .rela.text.* .rela.gnu.linkonce.t.*)

.rel.fini
 *(.rel.fini)

.rela.fini
 *(.rela.fini)

.rel.rodata
 *(.rel.rodata .rel.rodata.* .rel.gnu.linkonce.r.*)

.rela.rodata
 *(.rela.rodata .rela.rodata.* .rela.gnu.linkonce.r.*)

.rel.data
 *(.rel.data .rel.data.* .rel.gnu.linkonce.d.*)

.rela.data
 *(.rela.data .rela.data.* .rela.gnu.linkonce.d.*)

.rel.tdata
 *(.rel.tdata .rel.tdata.* .rel.gnu.linkonce.td.*)

.rela.tdata
 *(.rela.tdata .rela.tdata.* .rela.gnu.linkonce.td.*)

.rel.tbss
 *(.rel.tbss .rel.tbss.* .rel.gnu.linkonce.tb.*)

.rela.tbss
 *(.rela.tbss .rela.tbss.* .rela.gnu.linkonce.tb.*)

.rel.ctors
 *(.rel.ctors)

.rela.ctors
 *(.rela.ctors)

.rel.dtors
 *(.rel.dtors)

.rela.dtors
 *(.rela.dtors)

.rel.got
 *(.rel.got)

.rela.got
 *(.rela.got)

.rela.got1
 *(.rela.got1)

.rela.got2
 *(.rela.got2)

.rel.sdata
 *(.rel.sdata .rel.sdata.* .rel.gnu.linkonce.s.*)

.rela.sdata
 *(.rela.sdata .rela.sdata.* .rela.gnu.linkonce.s.*)

.rel.sbss
 *(.rel.sbss .rel.sbss.* .rel.gnu.linkonce.sb.*)

.rela.sbss
 *(.rela.sbss .rela.sbss.* .rel.gnu.linkonce.sb.*)

.rel.sdata2
 *(.rel.sdata2 .rel.sdata2.* .rel.gnu.linkonce.s2.*)

.rela.sdata2
 *(.rela.sdata2 .rela.sdata2.* .rela.gnu.linkonce.s2.*)

.rel.sbss2
 *(.rel.sbss2 .rel.sbss2.* .rel.gnu.linkonce.sb2.*)

.rela.sbss2
 *(.rela.sbss2 .rela.sbss2.* .rela.gnu.linkonce.sb2.*)

.rel.bss
 *(.rel.bss .rel.bss.* .rel.gnu.linkonce.b.*)

.rela.bss
 *(.rela.bss .rela.bss.* .rela.gnu.linkonce.b.*)

.rel.plt
 *(.rel.plt)

.rela.plt
 *(.rela.plt)

.text           0x80003100      0xd60
 *(.text)
 .text          0x80003100       0x58 restgpr_x.o
                0x80003100                _restgpr_14_x
                0x80003104                _restgpr_15_x
                0x80003108                _restgpr_16_x
                0x8000310c                _restgpr_17_x
                0x80003110                _restgpr_18_x
                0x80003114                _restgpr_19_x
                0x80003118                _restgpr_20_x
                0x8000311c                _restgpr_21_x
                0x80003120                _restgpr_22_x
                0x80003124                _restgpr_23_x
                0x80003128                _restgpr_24_x
                0x8000312c                _restgpr_25_x
                0x80003130                _restgpr_26_x
                0x80003134                _restgpr_27_x
                0x80003138                _restgpr_28_x
                0x8000313c                _restgpr_29_x
                0x80003140                _restgpr_30_x
                0x80003144                _restgpr_31_x
 *(.text.*)
 .text.startup._ZN3mod4mainEv
                0x80003158      0xba4 main.o
                0x80003158                _ZN3mod4mainEv
 .text._ZN3mod4exitEv
                0x80003cfc        0x4 main.o
                0x80003cfc                _ZN3mod4exitEv
 .text._ZN3mod5patch17clear_DC_IC_CacheEPvj
                0x80003d00       0x3c patch.o
                0x80003d00                _ZN3mod5patch17clear_DC_IC_CacheEPvj
 .text._ZN3mod5patch10writePatchEPvPKvj
                0x80003d3c       0x5c patch.o
                0x80003d3c                _ZN3mod5patch10writePatchEPvPKvj
 .text._prolog  0x80003d98       0x5c rel.o
                0x80003d98                _prolog
 .text._epilog  0x80003df4       0x50 rel.o
                0x80003df4                _epilog
 .text._unresolved
                0x80003e44        0x4 rel.o
                0x80003e44                _unresolved
 *(.gnu.warning)
 *(.gnu.linkonce.t.*)
                0x80003e60                        . = ALIGN (0x20)
 *fill*         0x80003e48       0x18 00000000

.fini           0x80003e60        0x0
 *(.fini)
                0x80003e60                        . = ALIGN (0x20)
                [!provide]                        PROVIDE (__etext = .)
                [!provide]                        PROVIDE (_etext = .)
                [!provide]                        PROVIDE (etext = .)

.rodata         0x80003e60      0xcd0
 *(.rodata)
 *(.rodata.*)
 .rodata._ZL20mri_09_init_evt_hook
                0x80003e60       0x10 main.o
 .rodata.str1.1
                0x80003e70      0x181 main.o
 *fill*         0x80003ff1        0x3 
 .rodata._ZL19mri_09_init_evt_evt
                0x80003ff4      0x14c main.o
 .rodata._ZL20mri_04_init_evt_hook
                0x80004140       0x10 main.o
 .rodata._ZL19mri_04_init_evt_evt
                0x80004150       0x30 main.o
 .rodata._ZL16bero_custom_hook
                0x80004180       0x10 main.o
 .rodata._ZL15bero_custom_evt
                0x80004190       0x44 main.o
 .rodata._ZL21mri_01_init_evt_hook2
                0x800041d4       0x10 main.o
 .rodata._ZL19mri_01_init_evt_evt
                0x800041e4       0x30 main.o
 .rodata._ZL18puniinfo_talk_hook
                0x80004214       0x10 main.o
 .rodata._ZL20mri_03_init_evt_hook
                0x80004224       0x14 main.o
 .rodata._ZL22mri_03_init_evt_switch
                0x80004238       0x9c main.o
 .rodata._ZL20mri_01_init_evt_hook
                0x800042d4       0x14 main.o
 .rodata._ZL22mri_01_init_evt_switch
                0x800042e8       0xb0 main.o
 .rodata._ZL23mri_sister_init_01_hook
                0x80004398       0x10 main.o
 .rodata._ZL22mri_sister_init_01_evt
                0x800043a8       0xa8 main.o
 .rodata._ZL16puni_2_init_hook
                0x80004450       0x10 main.o
 .rodata._ZL15puni_2_init_evt
                0x80004460       0x78 main.o
 .rodata._ZL16puni_1_talk_hook
                0x800044d8       0x10 main.o
 .rodata._ZL15puni_1_talk_evt
                0x800044e8       0xb0 main.o
 .rodata._ZL16puni_1_init_hook
                0x80004598       0x10 main.o
 .rodata._ZL15puni_1_init_evt
                0x800045a8       0x78 main.o
 .rodata._ZL15elder_talk_hook
                0x80004620       0x10 main.o
 .rodata._ZL14elder_talk_evt
                0x80004630       0xb8 main.o
 .rodata._ZL22mri_elder_init_01_hook
                0x800046e8       0x10 main.o
 .rodata._ZL21mri_elder_init_01_evt
                0x800046f8       0xcc main.o
 .rodata._ZL22mri_rival_init_01_hook
                0x800047c4       0x10 main.o
 .rodata._ZL21mri_rival_init_01_evt
                0x800047d4       0xb8 main.o
 .rodata._ZL18guide_init_01_hook
                0x8000488c       0x10 main.o
 .rodata._ZL17guide_init_01_evt
                0x8000489c       0x8c main.o
 .rodata._ZL15guide_talk_hook
                0x80004928       0x10 main.o
 .rodata._ZL14guide_talk_evt
                0x80004938       0x98 main.o
 .rodata._ZL18guide_init_00_hook
                0x800049d0       0x10 main.o
 .rodata._ZL17guide_init_00_evt
                0x800049e0      0x150 main.o
 *(.gnu.linkonce.r.*)

.rodata1
 *(.rodata1)

.sdata2         0x80004b30        0x0
                [!provide]                        PROVIDE (_SDA2_BASE_ = .)
 *(.sdata2)
 *(.sdata2.*)
 *(.gnu.linkonce.s2.*)

.sbss2
 *(.sbss2)
 *(.sbss2.*)
 *(.gnu.linkonce.sb2.*)
                0x80004b30                        . = ALIGN (0x4)
                [!provide]                        PROVIDE (__preinit_array_start = .)

.preinit_array
 *(.preinit_array)
                [!provide]                        PROVIDE (__preinit_array_end = .)
                [!provide]                        PROVIDE (__init_array_start = .)

.init_array
 *(.init_array)
                [!provide]                        PROVIDE (__init_array_end = .)
                [!provide]                        PROVIDE (__fini_array_start = .)

.fini_array
 *(.fini_array)
                [!provide]                        PROVIDE (__fini_array_end = .)

.data           0x80004b30       0x10
 *(.data)
 *(.data.*)
 *(.gnu.linkonce.d.*)
                0x80004b40                        . = ALIGN (0x20)
 *fill*         0x80004b30       0x10 

.data1
 *(.data1)

.tdata
 *(.tdata .tdata.* .gnu.linkonce.td.*)

.tbss
 *(.tbss .tbss.* .gnu.linkonce.tb.*)
 *(.tcommon)

.eh_frame       0x80004b40      0x160
 *(.eh_frame)
 .eh_frame      0x80004b40       0x7c main.o
 .eh_frame      0x80004bbc        0x0 cxx.o
                                 0x3c (size before relaxing)
 .eh_frame      0x80004bbc       0x68 patch.o
                                0x18c (size before relaxing)
 .eh_frame      0x80004c24       0x7c rel.o

.gcc_except_table
 *(.gcc_except_table)

.fixup
 *(.fixup)

.got1
 *(.got1)

.got2
 *(.got2)

.dynamic
 *(.dynamic)

.ctors          0x80004ca0        0x0
 *crtbegin.o(.ctors)
 *(EXCLUDE_FILE(*crtend.o) .ctors)
 *(SORT_BY_NAME(.ctors.*))
 *(.ctors)
                0x80004ca0                        . = ALIGN (0x20)

.dtors          0x80004ca0        0x0
 *crtbegin.o(.dtors)
 *(EXCLUDE_FILE(*crtend.o) .dtors)
 *(SORT_BY_NAME(.dtors.*))
 *(.dtors)
                0x80004ca0                        . = ALIGN (0x20)

.jcr
 *(.jcr)

.got
 *(.got.plt)
 *(.got)

.sdata          0x80004ca0        0x0
                [!provide]                        PROVIDE (_SDA_BASE_ = .)
 *(.sdata)
 *(.sdata.*)
 *(.gnu.linkonce.s.*)
                0x80004ca0                        . = ALIGN (0x20)
                0x80004ca0                        _edata = .
                [!provide]                        PROVIDE (edata = .)

.sbss           0x80004ca0        0x0
                0x80004ca0                        __sbss_start = .
                [!provide]                        PROVIDE (__sbss_start = .)
                [!provide]                        PROVIDE (___sbss_start = .)
 *(.dynsbss)
 *(.sbss)
 *(.sbss.*)
 *(.gnu.linkonce.sb.*)
 *(.scommon)
                [!provide]                        PROVIDE (__sbss_end = .)
                [!provide]                        PROVIDE (___sbss_end = .)
                0x80004ca0                        . = ALIGN (0x20)
                0x80004ca0                        __sbss_end = .

.bss            0x80004ca0        0x0
                0x80004ca0                        __bss_start = .
                [!provide]                        PROVIDE (__bss_start = .)
 *(.dynbss)
 *(.bss)
 *(.bss.*)
 *(.gnu.linkonce.b.*)
 *(COMMON)
                0x80004ca0                        . = ALIGN (0x20)
                [!provide]                        PROVIDE (__bss_end = .)
                0x80004ca0                        __bss_end = .
                0x80004ca0                        _end = .
                [!provide]                        PROVIDE (end = .)

.stab
 *(.stab)

.stabstr
 *(.stabstr)

.stab.excl
 *(.stab.excl)

.stab.exclstr
 *(.stab.exclstr)

.stab.index
 *(.stab.index)

.stab.indexstr
 *(.stab.indexstr)

.comment        0x00000000       0x90
 *(.comment)
 .comment       0x00000000       0x24 main.o
 .comment       0x00000024       0x24 cxx.o
 .comment       0x00000048       0x24 patch.o
 .comment       0x0000006c       0x24 rel.o

.debug
 *(.debug)

.line
 *(.line)

.debug_srcinfo
 *(.debug_srcinfo)

.debug_sfnames
 *(.debug_sfnames)

.debug_aranges  0x00000000      0x100
 *(.debug_aranges)
 .debug_aranges
                0x00000000       0x28 main.o
 .debug_aranges
                0x00000028       0x28 cxx.o
 .debug_aranges
                0x00000050       0x80 patch.o
 .debug_aranges
                0x000000d0       0x30 rel.o

.debug_pubnames
 *(.debug_pubnames)

.debug_info     0x00000000     0x3079
 *(.debug_info)
 .debug_info    0x00000000     0x1ddf main.o
 .debug_info    0x00001ddf      0x363 cxx.o
 .debug_info    0x00002142      0xe1f patch.o
 .debug_info    0x00002f61      0x118 rel.o

.debug_abbrev   0x00000000      0x69b
 *(.debug_abbrev)
 .debug_abbrev  0x00000000      0x243 main.o
 .debug_abbrev  0x00000243      0x148 cxx.o
 .debug_abbrev  0x0000038b      0x21c patch.o
 .debug_abbrev  0x000005a7       0xf4 rel.o

.debug_line     0x00000000     0x175c
 *(.debug_line)
 .debug_line    0x00000000     0x1045 main.o
 .debug_line    0x00001045      0x1ad cxx.o
 .debug_line    0x000011f2      0x41f patch.o
 .debug_line    0x00001611      0x14b rel.o

.debug_frame
 *(.debug_frame)

.debug_str      0x00000000     0x3790
 *(.debug_str)
 .debug_str     0x00000000     0x2b29 main.o
 .debug_str     0x00002b29      0x37c cxx.o
 .debug_str     0x00002ea5      0x736 patch.o
 .debug_str     0x000035db      0x1b5 rel.o

.debug_loc
 *(.debug_loc)

.debug_macinfo
 *(.debug_macinfo)

.debug_weaknames
 *(.debug_weaknames)

.debug_funcnames
 *(.debug_funcnames)

.debug_typenames
 *(.debug_typenames)

.debug_varnames
 *(.debug_varnames)
                0x00000000                        __isIPL = 0x0
                0x80024ca0                        __stack_addr = ((((__bss_start + SIZEOF (.bss)) + 0x20000) + 0x7) & 0xfffffffffffffff8)
                0x80004ca0                        __stack_end = (__bss_start + SIZEOF (.bss))
                0x80028ca0                        __intrstack_addr = (__stack_addr + 0x4000)
                0x80024ca0                        __intrstack_end = __stack_addr
                0x80028ca0                        __Arena1Lo = ((__intrstack_addr + 0x1f) & 0xffffffffffffffe0)
                0x817feff0                        __Arena1Hi = 0x817feff0
                0x817ff000                        __gxregs = ((__Arena1Hi + 0x1f) & 0xffffffffffffffe0)
                [!provide]                        PROVIDE (__stack = 0x817feff0)
                [!provide]                        PROVIDE (__isIPL = __isIPL)
                [!provide]                        PROVIDE (__stack_addr = __stack_addr)
                [!provide]                        PROVIDE (__stack_end = __stack_end)
                [!provide]                        PROVIDE (__intrstack_addr = __intrstack_addr)
                [!provide]                        PROVIDE (__intrstack_end = __intrstack_end)
                [!provide]                        PROVIDE (__Arena1Lo = __Arena1Lo)
                [!provide]                        PROVIDE (__Arena1Hi = __Arena1Hi)
                [!provide]                        PROVIDE (__gxregs = __gxregs)
LOAD H:/GhidraProjects/TTYDAP/TTYDAP/rel/all_source/cxx.ld
                0x80004ca0                        _ctors_start = ADDR (.ctors)
                0x80004ca0                        _ctors_end = (_ctors_start + SIZEOF (.ctors))
                0x80004ca0                        _dtors_start = ADDR (.dtors)
                0x80004ca0                        _dtors_end = (_dtors_start + SIZEOF (.dtors))
LOAD main.o
LOAD cxx.o
LOAD patch.o
LOAD rel.o
LOAD restfpr_x.o
LOAD restgpr_x.o
OUTPUT(H:/GhidraProjects/TTYDAP/TTYDAP/rel/subrels/mri/mri.us.elf elf32-powerpc)

.debug_rnglists
                0x00000000       0xce
 .debug_rnglists
                0x00000000       0x1a main.o
 .debug_rnglists
                0x0000001a       0x19 cxx.o
 .debug_rnglists
                0x00000033       0x5b patch.o
 .debug_rnglists
                0x0000008e       0x40 rel.o

.debug_loclists
                0x00000000      0x5e1
 .debug_loclists
                0x00000000       0x54 cxx.o
 .debug_loclists
                0x00000054      0x540 patch.o
 .debug_loclists
                0x00000594       0x4d rel.o
